<?xml version="1.0" encoding="UTF-8"?>
<testsuites name="Mocha Tests" time="36.7740" tests="981" failures="611" skipped="118">
  <testsuite name="Root Suite" timestamp="2023-08-21T21:40:17" tests="0" time="0.0000" failures="0">
  </testsuite>
  <testsuite name="bit _scope command" timestamp="2023-08-21T21:40:17" tests="0" file="/Users/nitsancohen/coding/my-bit/bit/e2e/commands/_scope.e2e.1.ts" time="0.0000" failures="0">
  </testsuite>
  <testsuite name="for non exist scope" timestamp="2023-08-21T21:40:17" tests="2" file="/Users/nitsancohen/coding/my-bit/bit/e2e/commands/_scope.e2e.1.ts" time="0.0640" failures="1">
    <testcase name="bit _scope command for non exist scope &quot;before all&quot; hook for &quot;should throw ScopeNotFound error&quot;" time="0.0640" classname="&quot;before all&quot; hook for &quot;should throw ScopeNotFound error&quot;">
      <failure message="Command failed: bit init
node:internal/modules/cjs/loader:1075
  throw err;
  ^

Error: Cannot find module &apos;../node_modules/@teambit/bit/dist/app&apos;
Require stack:
- /Users/nitsancohen/.bvm/versions/0.2.29/bit-0.2.29/node_modules/@teambit/legacy/bin/bit.js
    at Module._resolveFilename (node:internal/modules/cjs/loader:1072:15)
    at Module._load (node:internal/modules/cjs/loader:925:27)
    at Module.require (node:internal/modules/cjs/loader:1139:19)
    at require (node:internal/modules/helpers:121:18)
    at Object.&lt;anonymous&gt; (/Users/nitsancohen/.bvm/versions/0.2.29/bit-0.2.29/node_modules/@teambit/legacy/bin/bit.js:3:1)
    at Module._compile (node:internal/modules/cjs/loader:1257:14)
    at Module._extensions..js (node:internal/modules/cjs/loader:1311:10)
    at Module.load (node:internal/modules/cjs/loader:1115:32)
    at Module._load (node:internal/modules/cjs/loader:962:12)
    at Function.executeUserEntryPoint [as runMain] (node:internal/modules/run_main:83:12) {
  code: &apos;MODULE_NOT_FOUND&apos;,
  requireStack: [
    &apos;/Users/nitsancohen/.bvm/versions/0.2.29/bit-0.2.29/node_modules/@teambit/legacy/bin/bit.js&apos;
  ]
}

Node.js v20.3.1
" type="Error"><![CDATA[Error: Command failed: bit init
node:internal/modules/cjs/loader:1075
  throw err;
  ^

Error: Cannot find module '../node_modules/@teambit/bit/dist/app'
Require stack:
- /Users/nitsancohen/.bvm/versions/0.2.29/bit-0.2.29/node_modules/@teambit/legacy/bin/bit.js
    at Module._resolveFilename (node:internal/modules/cjs/loader:1072:15)
    at Module._load (node:internal/modules/cjs/loader:925:27)
    at Module.require (node:internal/modules/cjs/loader:1139:19)
    at require (node:internal/modules/helpers:121:18)
    at Object.<anonymous> (/Users/nitsancohen/.bvm/versions/0.2.29/bit-0.2.29/node_modules/@teambit/legacy/bin/bit.js:3:1)
    at Module._compile (node:internal/modules/cjs/loader:1257:14)
    at Module._extensions..js (node:internal/modules/cjs/loader:1311:10)
    at Module.load (node:internal/modules/cjs/loader:1115:32)
    at Module._load (node:internal/modules/cjs/loader:962:12)
    at Function.executeUserEntryPoint [as runMain] (node:internal/modules/run_main:83:12) {
  code: 'MODULE_NOT_FOUND',
  requireStack: [
    '/Users/nitsancohen/.bvm/versions/0.2.29/bit-0.2.29/node_modules/@teambit/legacy/bin/bit.js'
  ]
}

Node.js v20.3.1

    at checkExecSyncError (node:child_process:885:11)
    at Object.execSync (node:child_process:957:15)
    at CommandHelper.runCmd (src/e2e-helper/e2e-command-helper.ts:64:22)
    at ScopeHelper.initWorkspace (src/e2e-helper/e2e-scope-helper.ts:126:25)
    at ScopeHelper.reInitLocalScope (src/e2e-helper/e2e-scope-helper.ts:87:10)
    at Context.<anonymous> (e2e/commands/_scope.e2e.1.ts:17:26)
    at processImmediate (node:internal/timers:478:21)]]></failure>
    </testcase>
  </testsuite>
  <testsuite name="bit add command" timestamp="2023-08-21T21:40:17" tests="0" file="/Users/nitsancohen/coding/my-bit/bit/e2e/commands/add.e2e.1.ts" time="0.0000" failures="0">
  </testsuite>
  <testsuite name="add before running &quot;bit init&quot;" timestamp="2023-08-21T21:40:17" tests="1" file="/Users/nitsancohen/coding/my-bit/bit/e2e/commands/add.e2e.1.ts" time="0.2290" failures="1">
    <testcase name="bit add command add before running &quot;bit init&quot; Should return message to run &quot;bit init&quot;" time="0.2290" classname="Should return message to run &quot;bit init&quot;">
      <failure message="expected &apos;Error: Command failed: bit add bar -i bar/foo\nnode:internal/modules/cjs/loader:1075\n  throw err;\n  ^\n\nError: Cannot find module \&apos;../node_modules/@teambit/bit/dist/app\&apos;\nRequire stack:\n- /Users/nitsancohen/.bvm/versions/0.2.29/bit-0.2.29/node_modules/@teambit/legacy/bin/bit.js\n    at Module._resolveFilename (node:internal/modules/cjs/loader:1072:15)\n    at Module._load (node:internal/modules/cjs/loader:925:27)\n    at Module.require (node:internal/modules/cjs/loader:1139:19)\n    at require (node:internal/modules/helpers:121:18)\n    at Object.&lt;anonymous&gt; (/Users/nitsancohen/.bvm/versions/0.2.29/bit-0.2.29/node_modules/@teambit/legacy/bin/bit.js:3:1)\n    at Module._compile (node:internal/modules/cjs/loader:1257:14)\n    at Module._extensions..js (node:internal/modules/cjs/loader:1311:10)\n    at Module.load (node:internal/modules/cjs/loader:1115:32)\n    at Module._load (node:internal/modules/cjs/loader:962:12)\n    at Function.executeUserEntryPoint [as runMain] (node:internal/modules/run_main:83:12) {\n  code: \&apos;MODULE_NOT_FOUND\&apos;,\n  requireStack: [\n    \&apos;/Users/nitsancohen/.bvm/versions/0.2.29/bit-0.2.29/node_modules/@teambit/legacy/bin/bit.js\&apos;\n  ]\n}\n\nNode.js v20.3.1\n&apos; to contain &apos;This command can only be run inside a bit workspace. Please check that you are inside a bit workspace and then re-run (to initialize a new workspace please use bit init)&apos;" type="AssertionError"><![CDATA[AssertionError: expected 'Error: Command failed: bit add bar -i bar/foo\nnode:internal/modules/cjs/loader:1075\n  throw err;\n  ^\n\nError: Cannot find module \'../node_modules/@teambit/bit/dist/app\'\nRequire stack:\n- /Users/nitsancohen/.bvm/versions/0.2.29/bit-0.2.29/node_modules/@teambit/legacy/bin/bit.js\n    at Module._resolveFilename (node:internal/modules/cjs/loader:1072:15)\n    at Module._load (node:internal/modules/cjs/loader:925:27)\n    at Module.require (node:internal/modules/cjs/loader:1139:19)\n    at require (node:internal/modules/helpers:121:18)\n    at Object.<anonymous> (/Users/nitsancohen/.bvm/versions/0.2.29/bit-0.2.29/node_modules/@teambit/legacy/bin/bit.js:3:1)\n    at Module._compile (node:internal/modules/cjs/loader:1257:14)\n    at Module._extensions..js (node:internal/modules/cjs/loader:1311:10)\n    at Module.load (node:internal/modules/cjs/loader:1115:32)\n    at Module._load (node:internal/modules/cjs/loader:962:12)\n    at Function.executeUserEntryPoint [as runMain] (node:internal/modules/run_main:83:12) {\n  code: \'MODULE_NOT_FOUND\',\n  requireStack: [\n    \'/Users/nitsancohen/.bvm/versions/0.2.29/bit-0.2.29/node_modules/@teambit/legacy/bin/bit.js\'\n  ]\n}\n\nNode.js v20.3.1\n' to contain 'This command can only be run inside a bit workspace. Please check that you are inside a bit workspace and then re-run (to initialize a new workspace please use bit init)'
    at GeneralHelper.expectToThrow (src/e2e-helper/e2e-general-helper.ts:105:55)
    at Context.<anonymous> (e2e/commands/add.e2e.1.ts:37:22)
    at processImmediate (node:internal/timers:478:21)]]></failure>
    </testcase>
  </testsuite>
  <testsuite name="bit add without bitmap and .git/bit initialized" timestamp="2023-08-21T21:40:18" tests="1" file="/Users/nitsancohen/coding/my-bit/bit/e2e/commands/add.e2e.1.ts" time="0.0610" failures="1">
    <testcase name="bit add command bit add without bitmap and .git/bit initialized Should find local scope inside .git/bit and add component" time="0.0610" classname="Should find local scope inside .git/bit and add component">
      <failure message="Command failed: bit init
node:internal/modules/cjs/loader:1075
  throw err;
  ^

Error: Cannot find module &apos;../node_modules/@teambit/bit/dist/app&apos;
Require stack:
- /Users/nitsancohen/.bvm/versions/0.2.29/bit-0.2.29/node_modules/@teambit/legacy/bin/bit.js
    at Module._resolveFilename (node:internal/modules/cjs/loader:1072:15)
    at Module._load (node:internal/modules/cjs/loader:925:27)
    at Module.require (node:internal/modules/cjs/loader:1139:19)
    at require (node:internal/modules/helpers:121:18)
    at Object.&lt;anonymous&gt; (/Users/nitsancohen/.bvm/versions/0.2.29/bit-0.2.29/node_modules/@teambit/legacy/bin/bit.js:3:1)
    at Module._compile (node:internal/modules/cjs/loader:1257:14)
    at Module._extensions..js (node:internal/modules/cjs/loader:1311:10)
    at Module.load (node:internal/modules/cjs/loader:1115:32)
    at Module._load (node:internal/modules/cjs/loader:962:12)
    at Function.executeUserEntryPoint [as runMain] (node:internal/modules/run_main:83:12) {
  code: &apos;MODULE_NOT_FOUND&apos;,
  requireStack: [
    &apos;/Users/nitsancohen/.bvm/versions/0.2.29/bit-0.2.29/node_modules/@teambit/legacy/bin/bit.js&apos;
  ]
}

Node.js v20.3.1
" type="Error"><![CDATA[Error: Command failed: bit init
node:internal/modules/cjs/loader:1075
  throw err;
  ^

Error: Cannot find module '../node_modules/@teambit/bit/dist/app'
Require stack:
- /Users/nitsancohen/.bvm/versions/0.2.29/bit-0.2.29/node_modules/@teambit/legacy/bin/bit.js
    at Module._resolveFilename (node:internal/modules/cjs/loader:1072:15)
    at Module._load (node:internal/modules/cjs/loader:925:27)
    at Module.require (node:internal/modules/cjs/loader:1139:19)
    at require (node:internal/modules/helpers:121:18)
    at Object.<anonymous> (/Users/nitsancohen/.bvm/versions/0.2.29/bit-0.2.29/node_modules/@teambit/legacy/bin/bit.js:3:1)
    at Module._compile (node:internal/modules/cjs/loader:1257:14)
    at Module._extensions..js (node:internal/modules/cjs/loader:1311:10)
    at Module.load (node:internal/modules/cjs/loader:1115:32)
    at Module._load (node:internal/modules/cjs/loader:962:12)
    at Function.executeUserEntryPoint [as runMain] (node:internal/modules/run_main:83:12) {
  code: 'MODULE_NOT_FOUND',
  requireStack: [
    '/Users/nitsancohen/.bvm/versions/0.2.29/bit-0.2.29/node_modules/@teambit/legacy/bin/bit.js'
  ]
}

Node.js v20.3.1

    at checkExecSyncError (node:child_process:885:11)
    at Object.execSync (node:child_process:957:15)
    at CommandHelper.runCmd (src/e2e-helper/e2e-command-helper.ts:64:22)
    at ScopeHelper.initWorkspace (src/e2e-helper/e2e-scope-helper.ts:126:25)
    at ScopeHelper.reInitLocalScope (src/e2e-helper/e2e-scope-helper.ts:87:10)
    at Context.<anonymous> (e2e/commands/add.e2e.1.ts:42:26)
    at processImmediate (node:internal/timers:478:21)]]></failure>
    </testcase>
  </testsuite>
  <testsuite name="add one component" timestamp="2023-08-21T21:40:18" tests="10" file="/Users/nitsancohen/coding/my-bit/bit/e2e/commands/add.e2e.1.ts" time="0.0600" failures="1">
    <testcase name="bit add command add one component &quot;before each&quot; hook for &quot;Should print tracking component: id&quot;" time="0.0600" classname="&quot;before each&quot; hook for &quot;Should print tracking component: id&quot;">
      <failure message="Command failed: bit init
node:internal/modules/cjs/loader:1075
  throw err;
  ^

Error: Cannot find module &apos;../node_modules/@teambit/bit/dist/app&apos;
Require stack:
- /Users/nitsancohen/.bvm/versions/0.2.29/bit-0.2.29/node_modules/@teambit/legacy/bin/bit.js
    at Module._resolveFilename (node:internal/modules/cjs/loader:1072:15)
    at Module._load (node:internal/modules/cjs/loader:925:27)
    at Module.require (node:internal/modules/cjs/loader:1139:19)
    at require (node:internal/modules/helpers:121:18)
    at Object.&lt;anonymous&gt; (/Users/nitsancohen/.bvm/versions/0.2.29/bit-0.2.29/node_modules/@teambit/legacy/bin/bit.js:3:1)
    at Module._compile (node:internal/modules/cjs/loader:1257:14)
    at Module._extensions..js (node:internal/modules/cjs/loader:1311:10)
    at Module.load (node:internal/modules/cjs/loader:1115:32)
    at Module._load (node:internal/modules/cjs/loader:962:12)
    at Function.executeUserEntryPoint [as runMain] (node:internal/modules/run_main:83:12) {
  code: &apos;MODULE_NOT_FOUND&apos;,
  requireStack: [
    &apos;/Users/nitsancohen/.bvm/versions/0.2.29/bit-0.2.29/node_modules/@teambit/legacy/bin/bit.js&apos;
  ]
}

Node.js v20.3.1
" type="Error"><![CDATA[Error: Command failed: bit init
node:internal/modules/cjs/loader:1075
  throw err;
  ^

Error: Cannot find module '../node_modules/@teambit/bit/dist/app'
Require stack:
- /Users/nitsancohen/.bvm/versions/0.2.29/bit-0.2.29/node_modules/@teambit/legacy/bin/bit.js
    at Module._resolveFilename (node:internal/modules/cjs/loader:1072:15)
    at Module._load (node:internal/modules/cjs/loader:925:27)
    at Module.require (node:internal/modules/cjs/loader:1139:19)
    at require (node:internal/modules/helpers:121:18)
    at Object.<anonymous> (/Users/nitsancohen/.bvm/versions/0.2.29/bit-0.2.29/node_modules/@teambit/legacy/bin/bit.js:3:1)
    at Module._compile (node:internal/modules/cjs/loader:1257:14)
    at Module._extensions..js (node:internal/modules/cjs/loader:1311:10)
    at Module.load (node:internal/modules/cjs/loader:1115:32)
    at Module._load (node:internal/modules/cjs/loader:962:12)
    at Function.executeUserEntryPoint [as runMain] (node:internal/modules/run_main:83:12) {
  code: 'MODULE_NOT_FOUND',
  requireStack: [
    '/Users/nitsancohen/.bvm/versions/0.2.29/bit-0.2.29/node_modules/@teambit/legacy/bin/bit.js'
  ]
}

Node.js v20.3.1

    at checkExecSyncError (node:child_process:885:11)
    at Object.execSync (node:child_process:957:15)
    at CommandHelper.runCmd (src/e2e-helper/e2e-command-helper.ts:64:22)
    at ScopeHelper.initWorkspace (src/e2e-helper/e2e-scope-helper.ts:126:25)
    at ScopeHelper.reInitLocalScope (src/e2e-helper/e2e-scope-helper.ts:87:10)
    at Context.<anonymous> (e2e/commands/add.e2e.1.ts:57:26)
    at processImmediate (node:internal/timers:478:21)]]></failure>
    </testcase>
  </testsuite>
  <testsuite name="with multiple index files" timestamp="2023-08-21T21:40:18" tests="1" file="/Users/nitsancohen/coding/my-bit/bit/e2e/commands/add.e2e.1.ts" time="0.0590" failures="1">
    <testcase name="bit add command with multiple index files &quot;before all&quot; hook for &quot;should identify the closest index file as the main file&quot;" time="0.0590" classname="&quot;before all&quot; hook for &quot;should identify the closest index file as the main file&quot;">
      <failure message="Command failed: bit init
node:internal/modules/cjs/loader:1075
  throw err;
  ^

Error: Cannot find module &apos;../node_modules/@teambit/bit/dist/app&apos;
Require stack:
- /Users/nitsancohen/.bvm/versions/0.2.29/bit-0.2.29/node_modules/@teambit/legacy/bin/bit.js
    at Module._resolveFilename (node:internal/modules/cjs/loader:1072:15)
    at Module._load (node:internal/modules/cjs/loader:925:27)
    at Module.require (node:internal/modules/cjs/loader:1139:19)
    at require (node:internal/modules/helpers:121:18)
    at Object.&lt;anonymous&gt; (/Users/nitsancohen/.bvm/versions/0.2.29/bit-0.2.29/node_modules/@teambit/legacy/bin/bit.js:3:1)
    at Module._compile (node:internal/modules/cjs/loader:1257:14)
    at Module._extensions..js (node:internal/modules/cjs/loader:1311:10)
    at Module.load (node:internal/modules/cjs/loader:1115:32)
    at Module._load (node:internal/modules/cjs/loader:962:12)
    at Function.executeUserEntryPoint [as runMain] (node:internal/modules/run_main:83:12) {
  code: &apos;MODULE_NOT_FOUND&apos;,
  requireStack: [
    &apos;/Users/nitsancohen/.bvm/versions/0.2.29/bit-0.2.29/node_modules/@teambit/legacy/bin/bit.js&apos;
  ]
}

Node.js v20.3.1
" type="Error"><![CDATA[Error: Command failed: bit init
node:internal/modules/cjs/loader:1075
  throw err;
  ^

Error: Cannot find module '../node_modules/@teambit/bit/dist/app'
Require stack:
- /Users/nitsancohen/.bvm/versions/0.2.29/bit-0.2.29/node_modules/@teambit/legacy/bin/bit.js
    at Module._resolveFilename (node:internal/modules/cjs/loader:1072:15)
    at Module._load (node:internal/modules/cjs/loader:925:27)
    at Module.require (node:internal/modules/cjs/loader:1139:19)
    at require (node:internal/modules/helpers:121:18)
    at Object.<anonymous> (/Users/nitsancohen/.bvm/versions/0.2.29/bit-0.2.29/node_modules/@teambit/legacy/bin/bit.js:3:1)
    at Module._compile (node:internal/modules/cjs/loader:1257:14)
    at Module._extensions..js (node:internal/modules/cjs/loader:1311:10)
    at Module.load (node:internal/modules/cjs/loader:1115:32)
    at Module._load (node:internal/modules/cjs/loader:962:12)
    at Function.executeUserEntryPoint [as runMain] (node:internal/modules/run_main:83:12) {
  code: 'MODULE_NOT_FOUND',
  requireStack: [
    '/Users/nitsancohen/.bvm/versions/0.2.29/bit-0.2.29/node_modules/@teambit/legacy/bin/bit.js'
  ]
}

Node.js v20.3.1

    at checkExecSyncError (node:child_process:885:11)
    at Object.execSync (node:child_process:957:15)
    at CommandHelper.runCmd (src/e2e-helper/e2e-command-helper.ts:64:22)
    at ScopeHelper.initWorkspace (src/e2e-helper/e2e-scope-helper.ts:126:25)
    at ScopeHelper.reInitLocalScope (src/e2e-helper/e2e-scope-helper.ts:87:10)
    at Context.<anonymous> (e2e/commands/add.e2e.1.ts:134:26)
    at processImmediate (node:internal/timers:478:21)]]></failure>
    </testcase>
  </testsuite>
  <testsuite name="add component/s with gitignore" timestamp="2023-08-21T21:40:18" tests="1" file="/Users/nitsancohen/coding/my-bit/bit/e2e/commands/add.e2e.1.ts" time="0.0590" failures="1">
    <testcase name="bit add command add component/s with gitignore &quot;before all&quot; hook for &quot;Should show warning msg in case there are no files to add because of gitignore&quot;" time="0.0590" classname="&quot;before all&quot; hook for &quot;Should show warning msg in case there are no files to add because of gitignore&quot;">
      <failure message="Command failed: bit init
node:internal/modules/cjs/loader:1075
  throw err;
  ^

Error: Cannot find module &apos;../node_modules/@teambit/bit/dist/app&apos;
Require stack:
- /Users/nitsancohen/.bvm/versions/0.2.29/bit-0.2.29/node_modules/@teambit/legacy/bin/bit.js
    at Module._resolveFilename (node:internal/modules/cjs/loader:1072:15)
    at Module._load (node:internal/modules/cjs/loader:925:27)
    at Module.require (node:internal/modules/cjs/loader:1139:19)
    at require (node:internal/modules/helpers:121:18)
    at Object.&lt;anonymous&gt; (/Users/nitsancohen/.bvm/versions/0.2.29/bit-0.2.29/node_modules/@teambit/legacy/bin/bit.js:3:1)
    at Module._compile (node:internal/modules/cjs/loader:1257:14)
    at Module._extensions..js (node:internal/modules/cjs/loader:1311:10)
    at Module.load (node:internal/modules/cjs/loader:1115:32)
    at Module._load (node:internal/modules/cjs/loader:962:12)
    at Function.executeUserEntryPoint [as runMain] (node:internal/modules/run_main:83:12) {
  code: &apos;MODULE_NOT_FOUND&apos;,
  requireStack: [
    &apos;/Users/nitsancohen/.bvm/versions/0.2.29/bit-0.2.29/node_modules/@teambit/legacy/bin/bit.js&apos;
  ]
}

Node.js v20.3.1
" type="Error"><![CDATA[Error: Command failed: bit init
node:internal/modules/cjs/loader:1075
  throw err;
  ^

Error: Cannot find module '../node_modules/@teambit/bit/dist/app'
Require stack:
- /Users/nitsancohen/.bvm/versions/0.2.29/bit-0.2.29/node_modules/@teambit/legacy/bin/bit.js
    at Module._resolveFilename (node:internal/modules/cjs/loader:1072:15)
    at Module._load (node:internal/modules/cjs/loader:925:27)
    at Module.require (node:internal/modules/cjs/loader:1139:19)
    at require (node:internal/modules/helpers:121:18)
    at Object.<anonymous> (/Users/nitsancohen/.bvm/versions/0.2.29/bit-0.2.29/node_modules/@teambit/legacy/bin/bit.js:3:1)
    at Module._compile (node:internal/modules/cjs/loader:1257:14)
    at Module._extensions..js (node:internal/modules/cjs/loader:1311:10)
    at Module.load (node:internal/modules/cjs/loader:1115:32)
    at Module._load (node:internal/modules/cjs/loader:962:12)
    at Function.executeUserEntryPoint [as runMain] (node:internal/modules/run_main:83:12) {
  code: 'MODULE_NOT_FOUND',
  requireStack: [
    '/Users/nitsancohen/.bvm/versions/0.2.29/bit-0.2.29/node_modules/@teambit/legacy/bin/bit.js'
  ]
}

Node.js v20.3.1

    at checkExecSyncError (node:child_process:885:11)
    at Object.execSync (node:child_process:957:15)
    at CommandHelper.runCmd (src/e2e-helper/e2e-command-helper.ts:64:22)
    at ScopeHelper.initWorkspace (src/e2e-helper/e2e-scope-helper.ts:126:25)
    at ScopeHelper.reInitLocalScope (src/e2e-helper/e2e-scope-helper.ts:87:10)
    at Context.<anonymous> (e2e/commands/add.e2e.1.ts:149:26)
    at processImmediate (node:internal/timers:478:21)]]></failure>
    </testcase>
  </testsuite>
  <testsuite name="ignore specific files inside component" timestamp="2023-08-21T21:40:18" tests="3" file="/Users/nitsancohen/coding/my-bit/bit/e2e/commands/add.e2e.1.ts" time="0.0590" failures="1">
    <testcase name="bit add command ignore specific files inside component &quot;before all&quot; hook for &quot;Should track component &quot;" time="0.0590" classname="&quot;before all&quot; hook for &quot;Should track component &quot;">
      <failure message="Command failed: bit init
node:internal/modules/cjs/loader:1075
  throw err;
  ^

Error: Cannot find module &apos;../node_modules/@teambit/bit/dist/app&apos;
Require stack:
- /Users/nitsancohen/.bvm/versions/0.2.29/bit-0.2.29/node_modules/@teambit/legacy/bin/bit.js
    at Module._resolveFilename (node:internal/modules/cjs/loader:1072:15)
    at Module._load (node:internal/modules/cjs/loader:925:27)
    at Module.require (node:internal/modules/cjs/loader:1139:19)
    at require (node:internal/modules/helpers:121:18)
    at Object.&lt;anonymous&gt; (/Users/nitsancohen/.bvm/versions/0.2.29/bit-0.2.29/node_modules/@teambit/legacy/bin/bit.js:3:1)
    at Module._compile (node:internal/modules/cjs/loader:1257:14)
    at Module._extensions..js (node:internal/modules/cjs/loader:1311:10)
    at Module.load (node:internal/modules/cjs/loader:1115:32)
    at Module._load (node:internal/modules/cjs/loader:962:12)
    at Function.executeUserEntryPoint [as runMain] (node:internal/modules/run_main:83:12) {
  code: &apos;MODULE_NOT_FOUND&apos;,
  requireStack: [
    &apos;/Users/nitsancohen/.bvm/versions/0.2.29/bit-0.2.29/node_modules/@teambit/legacy/bin/bit.js&apos;
  ]
}

Node.js v20.3.1
" type="Error"><![CDATA[Error: Command failed: bit init
node:internal/modules/cjs/loader:1075
  throw err;
  ^

Error: Cannot find module '../node_modules/@teambit/bit/dist/app'
Require stack:
- /Users/nitsancohen/.bvm/versions/0.2.29/bit-0.2.29/node_modules/@teambit/legacy/bin/bit.js
    at Module._resolveFilename (node:internal/modules/cjs/loader:1072:15)
    at Module._load (node:internal/modules/cjs/loader:925:27)
    at Module.require (node:internal/modules/cjs/loader:1139:19)
    at require (node:internal/modules/helpers:121:18)
    at Object.<anonymous> (/Users/nitsancohen/.bvm/versions/0.2.29/bit-0.2.29/node_modules/@teambit/legacy/bin/bit.js:3:1)
    at Module._compile (node:internal/modules/cjs/loader:1257:14)
    at Module._extensions..js (node:internal/modules/cjs/loader:1311:10)
    at Module.load (node:internal/modules/cjs/loader:1115:32)
    at Module._load (node:internal/modules/cjs/loader:962:12)
    at Function.executeUserEntryPoint [as runMain] (node:internal/modules/run_main:83:12) {
  code: 'MODULE_NOT_FOUND',
  requireStack: [
    '/Users/nitsancohen/.bvm/versions/0.2.29/bit-0.2.29/node_modules/@teambit/legacy/bin/bit.js'
  ]
}

Node.js v20.3.1

    at checkExecSyncError (node:child_process:885:11)
    at Object.execSync (node:child_process:957:15)
    at CommandHelper.runCmd (src/e2e-helper/e2e-command-helper.ts:64:22)
    at ScopeHelper.initWorkspace (src/e2e-helper/e2e-scope-helper.ts:126:25)
    at ScopeHelper.reInitLocalScope (src/e2e-helper/e2e-scope-helper.ts:87:10)
    at Context.<anonymous> (e2e/commands/add.e2e.1.ts:167:26)
    at processImmediate (node:internal/timers:478:21)]]></failure>
    </testcase>
  </testsuite>
  <testsuite name="add component when id includes a version" timestamp="2023-08-21T21:40:18" tests="1" file="/Users/nitsancohen/coding/my-bit/bit/e2e/commands/add.e2e.1.ts" time="0.0610" failures="1">
    <testcase name="bit add command add component when id includes a version &quot;before all&quot; hook for &quot;should throw an VersionShouldBeRemoved exception&quot;" time="0.0610" classname="&quot;before all&quot; hook for &quot;should throw an VersionShouldBeRemoved exception&quot;">
      <failure message="Command failed: bit init
node:internal/modules/cjs/loader:1075
  throw err;
  ^

Error: Cannot find module &apos;../node_modules/@teambit/bit/dist/app&apos;
Require stack:
- /Users/nitsancohen/.bvm/versions/0.2.29/bit-0.2.29/node_modules/@teambit/legacy/bin/bit.js
    at Module._resolveFilename (node:internal/modules/cjs/loader:1072:15)
    at Module._load (node:internal/modules/cjs/loader:925:27)
    at Module.require (node:internal/modules/cjs/loader:1139:19)
    at require (node:internal/modules/helpers:121:18)
    at Object.&lt;anonymous&gt; (/Users/nitsancohen/.bvm/versions/0.2.29/bit-0.2.29/node_modules/@teambit/legacy/bin/bit.js:3:1)
    at Module._compile (node:internal/modules/cjs/loader:1257:14)
    at Module._extensions..js (node:internal/modules/cjs/loader:1311:10)
    at Module.load (node:internal/modules/cjs/loader:1115:32)
    at Module._load (node:internal/modules/cjs/loader:962:12)
    at Function.executeUserEntryPoint [as runMain] (node:internal/modules/run_main:83:12) {
  code: &apos;MODULE_NOT_FOUND&apos;,
  requireStack: [
    &apos;/Users/nitsancohen/.bvm/versions/0.2.29/bit-0.2.29/node_modules/@teambit/legacy/bin/bit.js&apos;
  ]
}

Node.js v20.3.1
" type="Error"><![CDATA[Error: Command failed: bit init
node:internal/modules/cjs/loader:1075
  throw err;
  ^

Error: Cannot find module '../node_modules/@teambit/bit/dist/app'
Require stack:
- /Users/nitsancohen/.bvm/versions/0.2.29/bit-0.2.29/node_modules/@teambit/legacy/bin/bit.js
    at Module._resolveFilename (node:internal/modules/cjs/loader:1072:15)
    at Module._load (node:internal/modules/cjs/loader:925:27)
    at Module.require (node:internal/modules/cjs/loader:1139:19)
    at require (node:internal/modules/helpers:121:18)
    at Object.<anonymous> (/Users/nitsancohen/.bvm/versions/0.2.29/bit-0.2.29/node_modules/@teambit/legacy/bin/bit.js:3:1)
    at Module._compile (node:internal/modules/cjs/loader:1257:14)
    at Module._extensions..js (node:internal/modules/cjs/loader:1311:10)
    at Module.load (node:internal/modules/cjs/loader:1115:32)
    at Module._load (node:internal/modules/cjs/loader:962:12)
    at Function.executeUserEntryPoint [as runMain] (node:internal/modules/run_main:83:12) {
  code: 'MODULE_NOT_FOUND',
  requireStack: [
    '/Users/nitsancohen/.bvm/versions/0.2.29/bit-0.2.29/node_modules/@teambit/legacy/bin/bit.js'
  ]
}

Node.js v20.3.1

    at checkExecSyncError (node:child_process:885:11)
    at Object.execSync (node:child_process:957:15)
    at CommandHelper.runCmd (src/e2e-helper/e2e-command-helper.ts:64:22)
    at ScopeHelper.initWorkspace (src/e2e-helper/e2e-scope-helper.ts:126:25)
    at Context.<anonymous> (e2e/commands/add.e2e.1.ts:191:26)
    at processImmediate (node:internal/timers:478:21)]]></failure>
    </testcase>
  </testsuite>
  <testsuite name="add component when the main file is a directory" timestamp="2023-08-21T21:40:18" tests="1" file="/Users/nitsancohen/coding/my-bit/bit/e2e/commands/add.e2e.1.ts" time="0.0590" failures="1">
    <testcase name="bit add command add component when the main file is a directory &quot;before all&quot; hook for &quot;should throw an exception MainFileIsDir&quot;" time="0.0590" classname="&quot;before all&quot; hook for &quot;should throw an exception MainFileIsDir&quot;">
      <failure message="Command failed: bit init
node:internal/modules/cjs/loader:1075
  throw err;
  ^

Error: Cannot find module &apos;../node_modules/@teambit/bit/dist/app&apos;
Require stack:
- /Users/nitsancohen/.bvm/versions/0.2.29/bit-0.2.29/node_modules/@teambit/legacy/bin/bit.js
    at Module._resolveFilename (node:internal/modules/cjs/loader:1072:15)
    at Module._load (node:internal/modules/cjs/loader:925:27)
    at Module.require (node:internal/modules/cjs/loader:1139:19)
    at require (node:internal/modules/helpers:121:18)
    at Object.&lt;anonymous&gt; (/Users/nitsancohen/.bvm/versions/0.2.29/bit-0.2.29/node_modules/@teambit/legacy/bin/bit.js:3:1)
    at Module._compile (node:internal/modules/cjs/loader:1257:14)
    at Module._extensions..js (node:internal/modules/cjs/loader:1311:10)
    at Module.load (node:internal/modules/cjs/loader:1115:32)
    at Module._load (node:internal/modules/cjs/loader:962:12)
    at Function.executeUserEntryPoint [as runMain] (node:internal/modules/run_main:83:12) {
  code: &apos;MODULE_NOT_FOUND&apos;,
  requireStack: [
    &apos;/Users/nitsancohen/.bvm/versions/0.2.29/bit-0.2.29/node_modules/@teambit/legacy/bin/bit.js&apos;
  ]
}

Node.js v20.3.1
" type="Error"><![CDATA[Error: Command failed: bit init
node:internal/modules/cjs/loader:1075
  throw err;
  ^

Error: Cannot find module '../node_modules/@teambit/bit/dist/app'
Require stack:
- /Users/nitsancohen/.bvm/versions/0.2.29/bit-0.2.29/node_modules/@teambit/legacy/bin/bit.js
    at Module._resolveFilename (node:internal/modules/cjs/loader:1072:15)
    at Module._load (node:internal/modules/cjs/loader:925:27)
    at Module.require (node:internal/modules/cjs/loader:1139:19)
    at require (node:internal/modules/helpers:121:18)
    at Object.<anonymous> (/Users/nitsancohen/.bvm/versions/0.2.29/bit-0.2.29/node_modules/@teambit/legacy/bin/bit.js:3:1)
    at Module._compile (node:internal/modules/cjs/loader:1257:14)
    at Module._extensions..js (node:internal/modules/cjs/loader:1311:10)
    at Module.load (node:internal/modules/cjs/loader:1115:32)
    at Module._load (node:internal/modules/cjs/loader:962:12)
    at Function.executeUserEntryPoint [as runMain] (node:internal/modules/run_main:83:12) {
  code: 'MODULE_NOT_FOUND',
  requireStack: [
    '/Users/nitsancohen/.bvm/versions/0.2.29/bit-0.2.29/node_modules/@teambit/legacy/bin/bit.js'
  ]
}

Node.js v20.3.1

    at checkExecSyncError (node:child_process:885:11)
    at Object.execSync (node:child_process:957:15)
    at CommandHelper.runCmd (src/e2e-helper/e2e-command-helper.ts:64:22)
    at ScopeHelper.initWorkspace (src/e2e-helper/e2e-scope-helper.ts:126:25)
    at Context.<anonymous> (e2e/commands/add.e2e.1.ts:202:26)
    at processImmediate (node:internal/timers:478:21)]]></failure>
    </testcase>
  </testsuite>
  <testsuite name="add file as lowercase and then re-add it as CamelCase" timestamp="2023-08-21T21:40:18" tests="1" file="/Users/nitsancohen/coding/my-bit/bit/e2e/commands/add.e2e.1.ts" time="0.0000" failures="0">
  </testsuite>
  <testsuite name="add the main file when it was removed before" timestamp="2023-08-21T21:40:18" tests="1" file="/Users/nitsancohen/coding/my-bit/bit/e2e/commands/add.e2e.1.ts" time="0.0600" failures="1">
    <testcase name="bit add command add the main file when it was removed before &quot;before all&quot; hook for &quot;should add the main file successfully&quot;" time="0.0600" classname="&quot;before all&quot; hook for &quot;should add the main file successfully&quot;">
      <failure message="Command failed: bit init
node:internal/modules/cjs/loader:1075
  throw err;
  ^

Error: Cannot find module &apos;../node_modules/@teambit/bit/dist/app&apos;
Require stack:
- /Users/nitsancohen/.bvm/versions/0.2.29/bit-0.2.29/node_modules/@teambit/legacy/bin/bit.js
    at Module._resolveFilename (node:internal/modules/cjs/loader:1072:15)
    at Module._load (node:internal/modules/cjs/loader:925:27)
    at Module.require (node:internal/modules/cjs/loader:1139:19)
    at require (node:internal/modules/helpers:121:18)
    at Object.&lt;anonymous&gt; (/Users/nitsancohen/.bvm/versions/0.2.29/bit-0.2.29/node_modules/@teambit/legacy/bin/bit.js:3:1)
    at Module._compile (node:internal/modules/cjs/loader:1257:14)
    at Module._extensions..js (node:internal/modules/cjs/loader:1311:10)
    at Module.load (node:internal/modules/cjs/loader:1115:32)
    at Module._load (node:internal/modules/cjs/loader:962:12)
    at Function.executeUserEntryPoint [as runMain] (node:internal/modules/run_main:83:12) {
  code: &apos;MODULE_NOT_FOUND&apos;,
  requireStack: [
    &apos;/Users/nitsancohen/.bvm/versions/0.2.29/bit-0.2.29/node_modules/@teambit/legacy/bin/bit.js&apos;
  ]
}

Node.js v20.3.1
" type="Error"><![CDATA[Error: Command failed: bit init
node:internal/modules/cjs/loader:1075
  throw err;
  ^

Error: Cannot find module '../node_modules/@teambit/bit/dist/app'
Require stack:
- /Users/nitsancohen/.bvm/versions/0.2.29/bit-0.2.29/node_modules/@teambit/legacy/bin/bit.js
    at Module._resolveFilename (node:internal/modules/cjs/loader:1072:15)
    at Module._load (node:internal/modules/cjs/loader:925:27)
    at Module.require (node:internal/modules/cjs/loader:1139:19)
    at require (node:internal/modules/helpers:121:18)
    at Object.<anonymous> (/Users/nitsancohen/.bvm/versions/0.2.29/bit-0.2.29/node_modules/@teambit/legacy/bin/bit.js:3:1)
    at Module._compile (node:internal/modules/cjs/loader:1257:14)
    at Module._extensions..js (node:internal/modules/cjs/loader:1311:10)
    at Module.load (node:internal/modules/cjs/loader:1115:32)
    at Module._load (node:internal/modules/cjs/loader:962:12)
    at Function.executeUserEntryPoint [as runMain] (node:internal/modules/run_main:83:12) {
  code: 'MODULE_NOT_FOUND',
  requireStack: [
    '/Users/nitsancohen/.bvm/versions/0.2.29/bit-0.2.29/node_modules/@teambit/legacy/bin/bit.js'
  ]
}

Node.js v20.3.1

    at checkExecSyncError (node:child_process:885:11)
    at Object.execSync (node:child_process:957:15)
    at CommandHelper.runCmd (src/e2e-helper/e2e-command-helper.ts:64:22)
    at ScopeHelper.initWorkspace (src/e2e-helper/e2e-scope-helper.ts:126:25)
    at ScopeHelper.reInitLocalScope (src/e2e-helper/e2e-scope-helper.ts:87:10)
    at Context.<anonymous> (e2e/commands/add.e2e.1.ts:235:26)
    at processImmediate (node:internal/timers:478:21)]]></failure>
    </testcase>
  </testsuite>
  <testsuite name="directory is with upper case and test/main flags are written with lower case" timestamp="2023-08-21T21:40:18" tests="1" file="/Users/nitsancohen/coding/my-bit/bit/e2e/commands/add.e2e.1.ts" time="0.0590" failures="1">
    <testcase name="bit add command directory is with upper case and test/main flags are written with lower case &quot;before all&quot; hook for &quot;should throw an error for case sensitive filesystem saying the file was not found. for other system, it should work&quot;" time="0.0590" classname="&quot;before all&quot; hook for &quot;should throw an error for case sensitive filesystem saying the file was not found. for other system, it should work&quot;">
      <failure message="Command failed: bit init
node:internal/modules/cjs/loader:1075
  throw err;
  ^

Error: Cannot find module &apos;../node_modules/@teambit/bit/dist/app&apos;
Require stack:
- /Users/nitsancohen/.bvm/versions/0.2.29/bit-0.2.29/node_modules/@teambit/legacy/bin/bit.js
    at Module._resolveFilename (node:internal/modules/cjs/loader:1072:15)
    at Module._load (node:internal/modules/cjs/loader:925:27)
    at Module.require (node:internal/modules/cjs/loader:1139:19)
    at require (node:internal/modules/helpers:121:18)
    at Object.&lt;anonymous&gt; (/Users/nitsancohen/.bvm/versions/0.2.29/bit-0.2.29/node_modules/@teambit/legacy/bin/bit.js:3:1)
    at Module._compile (node:internal/modules/cjs/loader:1257:14)
    at Module._extensions..js (node:internal/modules/cjs/loader:1311:10)
    at Module.load (node:internal/modules/cjs/loader:1115:32)
    at Module._load (node:internal/modules/cjs/loader:962:12)
    at Function.executeUserEntryPoint [as runMain] (node:internal/modules/run_main:83:12) {
  code: &apos;MODULE_NOT_FOUND&apos;,
  requireStack: [
    &apos;/Users/nitsancohen/.bvm/versions/0.2.29/bit-0.2.29/node_modules/@teambit/legacy/bin/bit.js&apos;
  ]
}

Node.js v20.3.1
" type="Error"><![CDATA[Error: Command failed: bit init
node:internal/modules/cjs/loader:1075
  throw err;
  ^

Error: Cannot find module '../node_modules/@teambit/bit/dist/app'
Require stack:
- /Users/nitsancohen/.bvm/versions/0.2.29/bit-0.2.29/node_modules/@teambit/legacy/bin/bit.js
    at Module._resolveFilename (node:internal/modules/cjs/loader:1072:15)
    at Module._load (node:internal/modules/cjs/loader:925:27)
    at Module.require (node:internal/modules/cjs/loader:1139:19)
    at require (node:internal/modules/helpers:121:18)
    at Object.<anonymous> (/Users/nitsancohen/.bvm/versions/0.2.29/bit-0.2.29/node_modules/@teambit/legacy/bin/bit.js:3:1)
    at Module._compile (node:internal/modules/cjs/loader:1257:14)
    at Module._extensions..js (node:internal/modules/cjs/loader:1311:10)
    at Module.load (node:internal/modules/cjs/loader:1115:32)
    at Module._load (node:internal/modules/cjs/loader:962:12)
    at Function.executeUserEntryPoint [as runMain] (node:internal/modules/run_main:83:12) {
  code: 'MODULE_NOT_FOUND',
  requireStack: [
    '/Users/nitsancohen/.bvm/versions/0.2.29/bit-0.2.29/node_modules/@teambit/legacy/bin/bit.js'
  ]
}

Node.js v20.3.1

    at checkExecSyncError (node:child_process:885:11)
    at Object.execSync (node:child_process:957:15)
    at CommandHelper.runCmd (src/e2e-helper/e2e-command-helper.ts:64:22)
    at ScopeHelper.initWorkspace (src/e2e-helper/e2e-scope-helper.ts:126:25)
    at ScopeHelper.reInitLocalScope (src/e2e-helper/e2e-scope-helper.ts:87:10)
    at Context.<anonymous> (e2e/commands/add.e2e.1.ts:253:26)
    at processImmediate (node:internal/timers:478:21)]]></failure>
    </testcase>
  </testsuite>
  <testsuite name="adding a directory outside the consumer dir" timestamp="2023-08-21T21:40:18" tests="1" file="/Users/nitsancohen/coding/my-bit/bit/e2e/commands/add.e2e.1.ts" time="0.0590" failures="1">
    <testcase name="bit add command adding a directory outside the consumer dir &quot;before all&quot; hook for &quot;should throw PathOutsideConsumer error&quot;" time="0.0590" classname="&quot;before all&quot; hook for &quot;should throw PathOutsideConsumer error&quot;">
      <failure message="Command failed: bit init
node:internal/modules/cjs/loader:1075
  throw err;
  ^

Error: Cannot find module &apos;../node_modules/@teambit/bit/dist/app&apos;
Require stack:
- /Users/nitsancohen/.bvm/versions/0.2.29/bit-0.2.29/node_modules/@teambit/legacy/bin/bit.js
    at Module._resolveFilename (node:internal/modules/cjs/loader:1072:15)
    at Module._load (node:internal/modules/cjs/loader:925:27)
    at Module.require (node:internal/modules/cjs/loader:1139:19)
    at require (node:internal/modules/helpers:121:18)
    at Object.&lt;anonymous&gt; (/Users/nitsancohen/.bvm/versions/0.2.29/bit-0.2.29/node_modules/@teambit/legacy/bin/bit.js:3:1)
    at Module._compile (node:internal/modules/cjs/loader:1257:14)
    at Module._extensions..js (node:internal/modules/cjs/loader:1311:10)
    at Module.load (node:internal/modules/cjs/loader:1115:32)
    at Module._load (node:internal/modules/cjs/loader:962:12)
    at Function.executeUserEntryPoint [as runMain] (node:internal/modules/run_main:83:12) {
  code: &apos;MODULE_NOT_FOUND&apos;,
  requireStack: [
    &apos;/Users/nitsancohen/.bvm/versions/0.2.29/bit-0.2.29/node_modules/@teambit/legacy/bin/bit.js&apos;
  ]
}

Node.js v20.3.1
" type="Error"><![CDATA[Error: Command failed: bit init
node:internal/modules/cjs/loader:1075
  throw err;
  ^

Error: Cannot find module '../node_modules/@teambit/bit/dist/app'
Require stack:
- /Users/nitsancohen/.bvm/versions/0.2.29/bit-0.2.29/node_modules/@teambit/legacy/bin/bit.js
    at Module._resolveFilename (node:internal/modules/cjs/loader:1072:15)
    at Module._load (node:internal/modules/cjs/loader:925:27)
    at Module.require (node:internal/modules/cjs/loader:1139:19)
    at require (node:internal/modules/helpers:121:18)
    at Object.<anonymous> (/Users/nitsancohen/.bvm/versions/0.2.29/bit-0.2.29/node_modules/@teambit/legacy/bin/bit.js:3:1)
    at Module._compile (node:internal/modules/cjs/loader:1257:14)
    at Module._extensions..js (node:internal/modules/cjs/loader:1311:10)
    at Module.load (node:internal/modules/cjs/loader:1115:32)
    at Module._load (node:internal/modules/cjs/loader:962:12)
    at Function.executeUserEntryPoint [as runMain] (node:internal/modules/run_main:83:12) {
  code: 'MODULE_NOT_FOUND',
  requireStack: [
    '/Users/nitsancohen/.bvm/versions/0.2.29/bit-0.2.29/node_modules/@teambit/legacy/bin/bit.js'
  ]
}

Node.js v20.3.1

    at checkExecSyncError (node:child_process:885:11)
    at Object.execSync (node:child_process:957:15)
    at CommandHelper.runCmd (src/e2e-helper/e2e-command-helper.ts:64:22)
    at ScopeHelper.initWorkspace (src/e2e-helper/e2e-scope-helper.ts:126:25)
    at Context.<anonymous> (e2e/commands/add.e2e.1.ts:279:26)
    at processImmediate (node:internal/timers:478:21)]]></failure>
    </testcase>
  </testsuite>
  <testsuite name="no mainFile and one of the files has the same name as the directory" timestamp="2023-08-21T21:40:18" tests="1" file="/Users/nitsancohen/coding/my-bit/bit/e2e/commands/add.e2e.1.ts" time="0.0600" failures="1">
    <testcase name="bit add command no mainFile and one of the files has the same name as the directory &quot;before all&quot; hook for &quot;should resolve the mainFile as the file with the same name as the directory&quot;" time="0.0600" classname="&quot;before all&quot; hook for &quot;should resolve the mainFile as the file with the same name as the directory&quot;">
      <failure message="Command failed: bit init
node:internal/modules/cjs/loader:1075
  throw err;
  ^

Error: Cannot find module &apos;../node_modules/@teambit/bit/dist/app&apos;
Require stack:
- /Users/nitsancohen/.bvm/versions/0.2.29/bit-0.2.29/node_modules/@teambit/legacy/bin/bit.js
    at Module._resolveFilename (node:internal/modules/cjs/loader:1072:15)
    at Module._load (node:internal/modules/cjs/loader:925:27)
    at Module.require (node:internal/modules/cjs/loader:1139:19)
    at require (node:internal/modules/helpers:121:18)
    at Object.&lt;anonymous&gt; (/Users/nitsancohen/.bvm/versions/0.2.29/bit-0.2.29/node_modules/@teambit/legacy/bin/bit.js:3:1)
    at Module._compile (node:internal/modules/cjs/loader:1257:14)
    at Module._extensions..js (node:internal/modules/cjs/loader:1311:10)
    at Module.load (node:internal/modules/cjs/loader:1115:32)
    at Module._load (node:internal/modules/cjs/loader:962:12)
    at Function.executeUserEntryPoint [as runMain] (node:internal/modules/run_main:83:12) {
  code: &apos;MODULE_NOT_FOUND&apos;,
  requireStack: [
    &apos;/Users/nitsancohen/.bvm/versions/0.2.29/bit-0.2.29/node_modules/@teambit/legacy/bin/bit.js&apos;
  ]
}

Node.js v20.3.1
" type="Error"><![CDATA[Error: Command failed: bit init
node:internal/modules/cjs/loader:1075
  throw err;
  ^

Error: Cannot find module '../node_modules/@teambit/bit/dist/app'
Require stack:
- /Users/nitsancohen/.bvm/versions/0.2.29/bit-0.2.29/node_modules/@teambit/legacy/bin/bit.js
    at Module._resolveFilename (node:internal/modules/cjs/loader:1072:15)
    at Module._load (node:internal/modules/cjs/loader:925:27)
    at Module.require (node:internal/modules/cjs/loader:1139:19)
    at require (node:internal/modules/helpers:121:18)
    at Object.<anonymous> (/Users/nitsancohen/.bvm/versions/0.2.29/bit-0.2.29/node_modules/@teambit/legacy/bin/bit.js:3:1)
    at Module._compile (node:internal/modules/cjs/loader:1257:14)
    at Module._extensions..js (node:internal/modules/cjs/loader:1311:10)
    at Module.load (node:internal/modules/cjs/loader:1115:32)
    at Module._load (node:internal/modules/cjs/loader:962:12)
    at Function.executeUserEntryPoint [as runMain] (node:internal/modules/run_main:83:12) {
  code: 'MODULE_NOT_FOUND',
  requireStack: [
    '/Users/nitsancohen/.bvm/versions/0.2.29/bit-0.2.29/node_modules/@teambit/legacy/bin/bit.js'
  ]
}

Node.js v20.3.1

    at checkExecSyncError (node:child_process:885:11)
    at Object.execSync (node:child_process:957:15)
    at CommandHelper.runCmd (src/e2e-helper/e2e-command-helper.ts:64:22)
    at ScopeHelper.initWorkspace (src/e2e-helper/e2e-scope-helper.ts:126:25)
    at ScopeHelper.reInitLocalScope (src/e2e-helper/e2e-scope-helper.ts:87:10)
    at Context.<anonymous> (e2e/commands/add.e2e.1.ts:289:26)
    at processImmediate (node:internal/timers:478:21)]]></failure>
    </testcase>
  </testsuite>
  <testsuite name="sort .bitmap components" timestamp="2023-08-21T21:40:18" tests="1" file="/Users/nitsancohen/coding/my-bit/bit/e2e/commands/add.e2e.1.ts" time="0.0600" failures="1">
    <testcase name="bit add command sort .bitmap components &quot;before all&quot; hook for &quot;should sort the components in .bitmap file alphabetically&quot;" time="0.0600" classname="&quot;before all&quot; hook for &quot;should sort the components in .bitmap file alphabetically&quot;">
      <failure message="Command failed: bit init
node:internal/modules/cjs/loader:1075
  throw err;
  ^

Error: Cannot find module &apos;../node_modules/@teambit/bit/dist/app&apos;
Require stack:
- /Users/nitsancohen/.bvm/versions/0.2.29/bit-0.2.29/node_modules/@teambit/legacy/bin/bit.js
    at Module._resolveFilename (node:internal/modules/cjs/loader:1072:15)
    at Module._load (node:internal/modules/cjs/loader:925:27)
    at Module.require (node:internal/modules/cjs/loader:1139:19)
    at require (node:internal/modules/helpers:121:18)
    at Object.&lt;anonymous&gt; (/Users/nitsancohen/.bvm/versions/0.2.29/bit-0.2.29/node_modules/@teambit/legacy/bin/bit.js:3:1)
    at Module._compile (node:internal/modules/cjs/loader:1257:14)
    at Module._extensions..js (node:internal/modules/cjs/loader:1311:10)
    at Module.load (node:internal/modules/cjs/loader:1115:32)
    at Module._load (node:internal/modules/cjs/loader:962:12)
    at Function.executeUserEntryPoint [as runMain] (node:internal/modules/run_main:83:12) {
  code: &apos;MODULE_NOT_FOUND&apos;,
  requireStack: [
    &apos;/Users/nitsancohen/.bvm/versions/0.2.29/bit-0.2.29/node_modules/@teambit/legacy/bin/bit.js&apos;
  ]
}

Node.js v20.3.1
" type="Error"><![CDATA[Error: Command failed: bit init
node:internal/modules/cjs/loader:1075
  throw err;
  ^

Error: Cannot find module '../node_modules/@teambit/bit/dist/app'
Require stack:
- /Users/nitsancohen/.bvm/versions/0.2.29/bit-0.2.29/node_modules/@teambit/legacy/bin/bit.js
    at Module._resolveFilename (node:internal/modules/cjs/loader:1072:15)
    at Module._load (node:internal/modules/cjs/loader:925:27)
    at Module.require (node:internal/modules/cjs/loader:1139:19)
    at require (node:internal/modules/helpers:121:18)
    at Object.<anonymous> (/Users/nitsancohen/.bvm/versions/0.2.29/bit-0.2.29/node_modules/@teambit/legacy/bin/bit.js:3:1)
    at Module._compile (node:internal/modules/cjs/loader:1257:14)
    at Module._extensions..js (node:internal/modules/cjs/loader:1311:10)
    at Module.load (node:internal/modules/cjs/loader:1115:32)
    at Module._load (node:internal/modules/cjs/loader:962:12)
    at Function.executeUserEntryPoint [as runMain] (node:internal/modules/run_main:83:12) {
  code: 'MODULE_NOT_FOUND',
  requireStack: [
    '/Users/nitsancohen/.bvm/versions/0.2.29/bit-0.2.29/node_modules/@teambit/legacy/bin/bit.js'
  ]
}

Node.js v20.3.1

    at checkExecSyncError (node:child_process:885:11)
    at Object.execSync (node:child_process:957:15)
    at CommandHelper.runCmd (src/e2e-helper/e2e-command-helper.ts:64:22)
    at ScopeHelper.initWorkspace (src/e2e-helper/e2e-scope-helper.ts:126:25)
    at ScopeHelper.reInitLocalScope (src/e2e-helper/e2e-scope-helper.ts:87:10)
    at Context.<anonymous> (e2e/commands/add.e2e.1.ts:302:26)
    at processImmediate (node:internal/timers:478:21)]]></failure>
    </testcase>
  </testsuite>
  <testsuite name="bit config" timestamp="2023-08-21T21:40:18" tests="0" file="/Users/nitsancohen/coding/my-bit/bit/e2e/commands/config.e2e.1.ts" time="0.0000" failures="0">
  </testsuite>
  <testsuite name="set, get, delete configs" timestamp="2023-08-21T21:40:18" tests="3" file="/Users/nitsancohen/coding/my-bit/bit/e2e/commands/config.e2e.1.ts" time="0.0600" failures="1">
    <testcase name="bit config set, get, delete configs &quot;before all&quot; hook for &quot;should set the config correctly&quot;" time="0.0600" classname="&quot;before all&quot; hook for &quot;should set the config correctly&quot;">
      <failure message="Command failed: bit init
node:internal/modules/cjs/loader:1075
  throw err;
  ^

Error: Cannot find module &apos;../node_modules/@teambit/bit/dist/app&apos;
Require stack:
- /Users/nitsancohen/.bvm/versions/0.2.29/bit-0.2.29/node_modules/@teambit/legacy/bin/bit.js
    at Module._resolveFilename (node:internal/modules/cjs/loader:1072:15)
    at Module._load (node:internal/modules/cjs/loader:925:27)
    at Module.require (node:internal/modules/cjs/loader:1139:19)
    at require (node:internal/modules/helpers:121:18)
    at Object.&lt;anonymous&gt; (/Users/nitsancohen/.bvm/versions/0.2.29/bit-0.2.29/node_modules/@teambit/legacy/bin/bit.js:3:1)
    at Module._compile (node:internal/modules/cjs/loader:1257:14)
    at Module._extensions..js (node:internal/modules/cjs/loader:1311:10)
    at Module.load (node:internal/modules/cjs/loader:1115:32)
    at Module._load (node:internal/modules/cjs/loader:962:12)
    at Function.executeUserEntryPoint [as runMain] (node:internal/modules/run_main:83:12) {
  code: &apos;MODULE_NOT_FOUND&apos;,
  requireStack: [
    &apos;/Users/nitsancohen/.bvm/versions/0.2.29/bit-0.2.29/node_modules/@teambit/legacy/bin/bit.js&apos;
  ]
}

Node.js v20.3.1
" type="Error"><![CDATA[Error: Command failed: bit init
node:internal/modules/cjs/loader:1075
  throw err;
  ^

Error: Cannot find module '../node_modules/@teambit/bit/dist/app'
Require stack:
- /Users/nitsancohen/.bvm/versions/0.2.29/bit-0.2.29/node_modules/@teambit/legacy/bin/bit.js
    at Module._resolveFilename (node:internal/modules/cjs/loader:1072:15)
    at Module._load (node:internal/modules/cjs/loader:925:27)
    at Module.require (node:internal/modules/cjs/loader:1139:19)
    at require (node:internal/modules/helpers:121:18)
    at Object.<anonymous> (/Users/nitsancohen/.bvm/versions/0.2.29/bit-0.2.29/node_modules/@teambit/legacy/bin/bit.js:3:1)
    at Module._compile (node:internal/modules/cjs/loader:1257:14)
    at Module._extensions..js (node:internal/modules/cjs/loader:1311:10)
    at Module.load (node:internal/modules/cjs/loader:1115:32)
    at Module._load (node:internal/modules/cjs/loader:962:12)
    at Function.executeUserEntryPoint [as runMain] (node:internal/modules/run_main:83:12) {
  code: 'MODULE_NOT_FOUND',
  requireStack: [
    '/Users/nitsancohen/.bvm/versions/0.2.29/bit-0.2.29/node_modules/@teambit/legacy/bin/bit.js'
  ]
}

Node.js v20.3.1

    at checkExecSyncError (node:child_process:885:11)
    at Object.execSync (node:child_process:957:15)
    at CommandHelper.runCmd (src/e2e-helper/e2e-command-helper.ts:64:22)
    at ScopeHelper.initWorkspace (src/e2e-helper/e2e-scope-helper.ts:126:25)
    at ScopeHelper.reInitLocalScope (src/e2e-helper/e2e-scope-helper.ts:87:10)
    at Context.<anonymous> (e2e/commands/config.e2e.1.ts:22:26)
    at processImmediate (node:internal/timers:478:21)]]></failure>
    </testcase>
  </testsuite>
  <testsuite name="git propagation" timestamp="2023-08-21T21:40:18" tests="4" file="/Users/nitsancohen/coding/my-bit/bit/e2e/commands/config.e2e.1.ts" time="0.0590" failures="1">
    <testcase name="bit config git propagation &quot;before all&quot; hook for &quot;should read config from bit if exists&quot;" time="0.0590" classname="&quot;before all&quot; hook for &quot;should read config from bit if exists&quot;">
      <failure message="Command failed: bit init
node:internal/modules/cjs/loader:1075
  throw err;
  ^

Error: Cannot find module &apos;../node_modules/@teambit/bit/dist/app&apos;
Require stack:
- /Users/nitsancohen/.bvm/versions/0.2.29/bit-0.2.29/node_modules/@teambit/legacy/bin/bit.js
    at Module._resolveFilename (node:internal/modules/cjs/loader:1072:15)
    at Module._load (node:internal/modules/cjs/loader:925:27)
    at Module.require (node:internal/modules/cjs/loader:1139:19)
    at require (node:internal/modules/helpers:121:18)
    at Object.&lt;anonymous&gt; (/Users/nitsancohen/.bvm/versions/0.2.29/bit-0.2.29/node_modules/@teambit/legacy/bin/bit.js:3:1)
    at Module._compile (node:internal/modules/cjs/loader:1257:14)
    at Module._extensions..js (node:internal/modules/cjs/loader:1311:10)
    at Module.load (node:internal/modules/cjs/loader:1115:32)
    at Module._load (node:internal/modules/cjs/loader:962:12)
    at Function.executeUserEntryPoint [as runMain] (node:internal/modules/run_main:83:12) {
  code: &apos;MODULE_NOT_FOUND&apos;,
  requireStack: [
    &apos;/Users/nitsancohen/.bvm/versions/0.2.29/bit-0.2.29/node_modules/@teambit/legacy/bin/bit.js&apos;
  ]
}

Node.js v20.3.1
" type="Error"><![CDATA[Error: Command failed: bit init
node:internal/modules/cjs/loader:1075
  throw err;
  ^

Error: Cannot find module '../node_modules/@teambit/bit/dist/app'
Require stack:
- /Users/nitsancohen/.bvm/versions/0.2.29/bit-0.2.29/node_modules/@teambit/legacy/bin/bit.js
    at Module._resolveFilename (node:internal/modules/cjs/loader:1072:15)
    at Module._load (node:internal/modules/cjs/loader:925:27)
    at Module.require (node:internal/modules/cjs/loader:1139:19)
    at require (node:internal/modules/helpers:121:18)
    at Object.<anonymous> (/Users/nitsancohen/.bvm/versions/0.2.29/bit-0.2.29/node_modules/@teambit/legacy/bin/bit.js:3:1)
    at Module._compile (node:internal/modules/cjs/loader:1257:14)
    at Module._extensions..js (node:internal/modules/cjs/loader:1311:10)
    at Module.load (node:internal/modules/cjs/loader:1115:32)
    at Module._load (node:internal/modules/cjs/loader:962:12)
    at Function.executeUserEntryPoint [as runMain] (node:internal/modules/run_main:83:12) {
  code: 'MODULE_NOT_FOUND',
  requireStack: [
    '/Users/nitsancohen/.bvm/versions/0.2.29/bit-0.2.29/node_modules/@teambit/legacy/bin/bit.js'
  ]
}

Node.js v20.3.1

    at checkExecSyncError (node:child_process:885:11)
    at Object.execSync (node:child_process:957:15)
    at CommandHelper.runCmd (src/e2e-helper/e2e-command-helper.ts:64:22)
    at ScopeHelper.initWorkspace (src/e2e-helper/e2e-scope-helper.ts:126:25)
    at ScopeHelper.reInitLocalScope (src/e2e-helper/e2e-scope-helper.ts:87:10)
    at Context.<anonymous> (e2e/commands/config.e2e.1.ts:45:26)
    at processImmediate (node:internal/timers:478:21)]]></failure>
    </testcase>
  </testsuite>
  <testsuite name="bit diff command" timestamp="2023-08-21T21:40:18" tests="0" file="/Users/nitsancohen/coding/my-bit/bit/e2e/commands/diff.e2e.1.ts" time="0.0590" failures="1">
    <testcase name="bit diff command &quot;before all&quot; hook in &quot;bit diff command&quot;" time="0.0590" classname="&quot;before all&quot; hook in &quot;bit diff command&quot;">
      <failure message="Command failed: bit init
node:internal/modules/cjs/loader:1075
  throw err;
  ^

Error: Cannot find module &apos;../node_modules/@teambit/bit/dist/app&apos;
Require stack:
- /Users/nitsancohen/.bvm/versions/0.2.29/bit-0.2.29/node_modules/@teambit/legacy/bin/bit.js
    at Module._resolveFilename (node:internal/modules/cjs/loader:1072:15)
    at Module._load (node:internal/modules/cjs/loader:925:27)
    at Module.require (node:internal/modules/cjs/loader:1139:19)
    at require (node:internal/modules/helpers:121:18)
    at Object.&lt;anonymous&gt; (/Users/nitsancohen/.bvm/versions/0.2.29/bit-0.2.29/node_modules/@teambit/legacy/bin/bit.js:3:1)
    at Module._compile (node:internal/modules/cjs/loader:1257:14)
    at Module._extensions..js (node:internal/modules/cjs/loader:1311:10)
    at Module.load (node:internal/modules/cjs/loader:1115:32)
    at Module._load (node:internal/modules/cjs/loader:962:12)
    at Function.executeUserEntryPoint [as runMain] (node:internal/modules/run_main:83:12) {
  code: &apos;MODULE_NOT_FOUND&apos;,
  requireStack: [
    &apos;/Users/nitsancohen/.bvm/versions/0.2.29/bit-0.2.29/node_modules/@teambit/legacy/bin/bit.js&apos;
  ]
}

Node.js v20.3.1
" type="Error"><![CDATA[Error: Command failed: bit init
node:internal/modules/cjs/loader:1075
  throw err;
  ^

Error: Cannot find module '../node_modules/@teambit/bit/dist/app'
Require stack:
- /Users/nitsancohen/.bvm/versions/0.2.29/bit-0.2.29/node_modules/@teambit/legacy/bin/bit.js
    at Module._resolveFilename (node:internal/modules/cjs/loader:1072:15)
    at Module._load (node:internal/modules/cjs/loader:925:27)
    at Module.require (node:internal/modules/cjs/loader:1139:19)
    at require (node:internal/modules/helpers:121:18)
    at Object.<anonymous> (/Users/nitsancohen/.bvm/versions/0.2.29/bit-0.2.29/node_modules/@teambit/legacy/bin/bit.js:3:1)
    at Module._compile (node:internal/modules/cjs/loader:1257:14)
    at Module._extensions..js (node:internal/modules/cjs/loader:1311:10)
    at Module.load (node:internal/modules/cjs/loader:1115:32)
    at Module._load (node:internal/modules/cjs/loader:962:12)
    at Function.executeUserEntryPoint [as runMain] (node:internal/modules/run_main:83:12) {
  code: 'MODULE_NOT_FOUND',
  requireStack: [
    '/Users/nitsancohen/.bvm/versions/0.2.29/bit-0.2.29/node_modules/@teambit/legacy/bin/bit.js'
  ]
}

Node.js v20.3.1

    at checkExecSyncError (node:child_process:885:11)
    at Object.execSync (node:child_process:957:15)
    at CommandHelper.runCmd (src/e2e-helper/e2e-command-helper.ts:64:22)
    at ScopeHelper.initWorkspace (src/e2e-helper/e2e-scope-helper.ts:126:25)
    at ScopeHelper.reInitLocalScope (src/e2e-helper/e2e-scope-helper.ts:87:10)
    at Context.<anonymous> (e2e/commands/diff.e2e.1.ts:24:24)
    at processImmediate (node:internal/timers:478:21)]]></failure>
    </testcase>
  </testsuite>
  <testsuite name="bit export command" timestamp="2023-08-21T21:40:18" tests="0" file="/Users/nitsancohen/coding/my-bit/bit/e2e/commands/export.e2e.1.ts" time="0.0000" failures="0">
  </testsuite>
  <testsuite name="with no components to export" timestamp="2023-08-21T21:40:18" tests="1" file="/Users/nitsancohen/coding/my-bit/bit/e2e/commands/export.e2e.1.ts" time="0.0780" failures="1">
    <testcase name="bit export command with no components to export &quot;before all&quot; hook for &quot;should print nothing to export&quot;" time="0.0780" classname="&quot;before all&quot; hook for &quot;should print nothing to export&quot;">
      <failure message="Command failed: bit init
node:internal/modules/cjs/loader:1075
  throw err;
  ^

Error: Cannot find module &apos;../node_modules/@teambit/bit/dist/app&apos;
Require stack:
- /Users/nitsancohen/.bvm/versions/0.2.29/bit-0.2.29/node_modules/@teambit/legacy/bin/bit.js
    at Module._resolveFilename (node:internal/modules/cjs/loader:1072:15)
    at Module._load (node:internal/modules/cjs/loader:925:27)
    at Module.require (node:internal/modules/cjs/loader:1139:19)
    at require (node:internal/modules/helpers:121:18)
    at Object.&lt;anonymous&gt; (/Users/nitsancohen/.bvm/versions/0.2.29/bit-0.2.29/node_modules/@teambit/legacy/bin/bit.js:3:1)
    at Module._compile (node:internal/modules/cjs/loader:1257:14)
    at Module._extensions..js (node:internal/modules/cjs/loader:1311:10)
    at Module.load (node:internal/modules/cjs/loader:1115:32)
    at Module._load (node:internal/modules/cjs/loader:962:12)
    at Function.executeUserEntryPoint [as runMain] (node:internal/modules/run_main:83:12) {
  code: &apos;MODULE_NOT_FOUND&apos;,
  requireStack: [
    &apos;/Users/nitsancohen/.bvm/versions/0.2.29/bit-0.2.29/node_modules/@teambit/legacy/bin/bit.js&apos;
  ]
}

Node.js v20.3.1
" type="Error"><![CDATA[Error: Command failed: bit init
node:internal/modules/cjs/loader:1075
  throw err;
  ^

Error: Cannot find module '../node_modules/@teambit/bit/dist/app'
Require stack:
- /Users/nitsancohen/.bvm/versions/0.2.29/bit-0.2.29/node_modules/@teambit/legacy/bin/bit.js
    at Module._resolveFilename (node:internal/modules/cjs/loader:1072:15)
    at Module._load (node:internal/modules/cjs/loader:925:27)
    at Module.require (node:internal/modules/cjs/loader:1139:19)
    at require (node:internal/modules/helpers:121:18)
    at Object.<anonymous> (/Users/nitsancohen/.bvm/versions/0.2.29/bit-0.2.29/node_modules/@teambit/legacy/bin/bit.js:3:1)
    at Module._compile (node:internal/modules/cjs/loader:1257:14)
    at Module._extensions..js (node:internal/modules/cjs/loader:1311:10)
    at Module.load (node:internal/modules/cjs/loader:1115:32)
    at Module._load (node:internal/modules/cjs/loader:962:12)
    at Function.executeUserEntryPoint [as runMain] (node:internal/modules/run_main:83:12) {
  code: 'MODULE_NOT_FOUND',
  requireStack: [
    '/Users/nitsancohen/.bvm/versions/0.2.29/bit-0.2.29/node_modules/@teambit/legacy/bin/bit.js'
  ]
}

Node.js v20.3.1

    at checkExecSyncError (node:child_process:885:11)
    at Object.execSync (node:child_process:957:15)
    at CommandHelper.runCmd (src/e2e-helper/e2e-command-helper.ts:64:22)
    at ScopeHelper.initWorkspace (src/e2e-helper/e2e-scope-helper.ts:126:25)
    at ScopeHelper.reInitLocalScope (src/e2e-helper/e2e-scope-helper.ts:87:10)
    at ScopeHelper.setNewLocalAndRemoteScopes (src/e2e-helper/e2e-scope-helper.ts:141:10)
    at Context.<anonymous> (e2e/commands/export.e2e.1.ts:19:26)
    at processImmediate (node:internal/timers:478:21)]]></failure>
    </testcase>
  </testsuite>
  <testsuite name="with multiple versions" timestamp="2023-08-21T21:40:19" tests="1" file="/Users/nitsancohen/coding/my-bit/bit/e2e/commands/export.e2e.1.ts" time="0.0620" failures="1">
    <testcase name="bit export command with multiple versions &quot;before all&quot; hook for &quot;should export it with no errors&quot;" time="0.0620" classname="&quot;before all&quot; hook for &quot;should export it with no errors&quot;">
      <failure message="Command failed: bit init
node:internal/modules/cjs/loader:1075
  throw err;
  ^

Error: Cannot find module &apos;../node_modules/@teambit/bit/dist/app&apos;
Require stack:
- /Users/nitsancohen/.bvm/versions/0.2.29/bit-0.2.29/node_modules/@teambit/legacy/bin/bit.js
    at Module._resolveFilename (node:internal/modules/cjs/loader:1072:15)
    at Module._load (node:internal/modules/cjs/loader:925:27)
    at Module.require (node:internal/modules/cjs/loader:1139:19)
    at require (node:internal/modules/helpers:121:18)
    at Object.&lt;anonymous&gt; (/Users/nitsancohen/.bvm/versions/0.2.29/bit-0.2.29/node_modules/@teambit/legacy/bin/bit.js:3:1)
    at Module._compile (node:internal/modules/cjs/loader:1257:14)
    at Module._extensions..js (node:internal/modules/cjs/loader:1311:10)
    at Module.load (node:internal/modules/cjs/loader:1115:32)
    at Module._load (node:internal/modules/cjs/loader:962:12)
    at Function.executeUserEntryPoint [as runMain] (node:internal/modules/run_main:83:12) {
  code: &apos;MODULE_NOT_FOUND&apos;,
  requireStack: [
    &apos;/Users/nitsancohen/.bvm/versions/0.2.29/bit-0.2.29/node_modules/@teambit/legacy/bin/bit.js&apos;
  ]
}

Node.js v20.3.1
" type="Error"><![CDATA[Error: Command failed: bit init
node:internal/modules/cjs/loader:1075
  throw err;
  ^

Error: Cannot find module '../node_modules/@teambit/bit/dist/app'
Require stack:
- /Users/nitsancohen/.bvm/versions/0.2.29/bit-0.2.29/node_modules/@teambit/legacy/bin/bit.js
    at Module._resolveFilename (node:internal/modules/cjs/loader:1072:15)
    at Module._load (node:internal/modules/cjs/loader:925:27)
    at Module.require (node:internal/modules/cjs/loader:1139:19)
    at require (node:internal/modules/helpers:121:18)
    at Object.<anonymous> (/Users/nitsancohen/.bvm/versions/0.2.29/bit-0.2.29/node_modules/@teambit/legacy/bin/bit.js:3:1)
    at Module._compile (node:internal/modules/cjs/loader:1257:14)
    at Module._extensions..js (node:internal/modules/cjs/loader:1311:10)
    at Module.load (node:internal/modules/cjs/loader:1115:32)
    at Module._load (node:internal/modules/cjs/loader:962:12)
    at Function.executeUserEntryPoint [as runMain] (node:internal/modules/run_main:83:12) {
  code: 'MODULE_NOT_FOUND',
  requireStack: [
    '/Users/nitsancohen/.bvm/versions/0.2.29/bit-0.2.29/node_modules/@teambit/legacy/bin/bit.js'
  ]
}

Node.js v20.3.1

    at checkExecSyncError (node:child_process:885:11)
    at Object.execSync (node:child_process:957:15)
    at CommandHelper.runCmd (src/e2e-helper/e2e-command-helper.ts:64:22)
    at ScopeHelper.initWorkspace (src/e2e-helper/e2e-scope-helper.ts:126:25)
    at ScopeHelper.reInitLocalScope (src/e2e-helper/e2e-scope-helper.ts:87:10)
    at ScopeHelper.setNewLocalAndRemoteScopes (src/e2e-helper/e2e-scope-helper.ts:141:10)
    at Context.<anonymous> (e2e/commands/export.e2e.1.ts:28:26)
    at processImmediate (node:internal/timers:478:21)]]></failure>
    </testcase>
  </testsuite>
  <testsuite name="imported (v1), exported (v2) and then exported again (v3)" timestamp="2023-08-21T21:40:19" tests="1" file="/Users/nitsancohen/coding/my-bit/bit/e2e/commands/export.e2e.1.ts" time="0.0600" failures="1">
    <testcase name="bit export command imported (v1), exported (v2) and then exported again (v3) &quot;before all&quot; hook for &quot;should export it with no errors&quot;" time="0.0600" classname="&quot;before all&quot; hook for &quot;should export it with no errors&quot;">
      <failure message="Command failed: bit init
node:internal/modules/cjs/loader:1075
  throw err;
  ^

Error: Cannot find module &apos;../node_modules/@teambit/bit/dist/app&apos;
Require stack:
- /Users/nitsancohen/.bvm/versions/0.2.29/bit-0.2.29/node_modules/@teambit/legacy/bin/bit.js
    at Module._resolveFilename (node:internal/modules/cjs/loader:1072:15)
    at Module._load (node:internal/modules/cjs/loader:925:27)
    at Module.require (node:internal/modules/cjs/loader:1139:19)
    at require (node:internal/modules/helpers:121:18)
    at Object.&lt;anonymous&gt; (/Users/nitsancohen/.bvm/versions/0.2.29/bit-0.2.29/node_modules/@teambit/legacy/bin/bit.js:3:1)
    at Module._compile (node:internal/modules/cjs/loader:1257:14)
    at Module._extensions..js (node:internal/modules/cjs/loader:1311:10)
    at Module.load (node:internal/modules/cjs/loader:1115:32)
    at Module._load (node:internal/modules/cjs/loader:962:12)
    at Function.executeUserEntryPoint [as runMain] (node:internal/modules/run_main:83:12) {
  code: &apos;MODULE_NOT_FOUND&apos;,
  requireStack: [
    &apos;/Users/nitsancohen/.bvm/versions/0.2.29/bit-0.2.29/node_modules/@teambit/legacy/bin/bit.js&apos;
  ]
}

Node.js v20.3.1
" type="Error"><![CDATA[Error: Command failed: bit init
node:internal/modules/cjs/loader:1075
  throw err;
  ^

Error: Cannot find module '../node_modules/@teambit/bit/dist/app'
Require stack:
- /Users/nitsancohen/.bvm/versions/0.2.29/bit-0.2.29/node_modules/@teambit/legacy/bin/bit.js
    at Module._resolveFilename (node:internal/modules/cjs/loader:1072:15)
    at Module._load (node:internal/modules/cjs/loader:925:27)
    at Module.require (node:internal/modules/cjs/loader:1139:19)
    at require (node:internal/modules/helpers:121:18)
    at Object.<anonymous> (/Users/nitsancohen/.bvm/versions/0.2.29/bit-0.2.29/node_modules/@teambit/legacy/bin/bit.js:3:1)
    at Module._compile (node:internal/modules/cjs/loader:1257:14)
    at Module._extensions..js (node:internal/modules/cjs/loader:1311:10)
    at Module.load (node:internal/modules/cjs/loader:1115:32)
    at Module._load (node:internal/modules/cjs/loader:962:12)
    at Function.executeUserEntryPoint [as runMain] (node:internal/modules/run_main:83:12) {
  code: 'MODULE_NOT_FOUND',
  requireStack: [
    '/Users/nitsancohen/.bvm/versions/0.2.29/bit-0.2.29/node_modules/@teambit/legacy/bin/bit.js'
  ]
}

Node.js v20.3.1

    at checkExecSyncError (node:child_process:885:11)
    at Object.execSync (node:child_process:957:15)
    at CommandHelper.runCmd (src/e2e-helper/e2e-command-helper.ts:64:22)
    at ScopeHelper.initWorkspace (src/e2e-helper/e2e-scope-helper.ts:126:25)
    at ScopeHelper.reInitLocalScope (src/e2e-helper/e2e-scope-helper.ts:87:10)
    at ScopeHelper.setNewLocalAndRemoteScopes (src/e2e-helper/e2e-scope-helper.ts:141:10)
    at Context.<anonymous> (e2e/commands/export.e2e.1.ts:45:26)
    at processImmediate (node:internal/timers:478:21)]]></failure>
    </testcase>
  </testsuite>
  <testsuite name="with a PNG file" timestamp="2023-08-21T21:40:19" tests="1" file="/Users/nitsancohen/coding/my-bit/bit/e2e/commands/export.e2e.1.ts" time="0.0610" failures="1">
    <testcase name="bit export command with a PNG file &quot;before all&quot; hook for &quot;should export it with no errors&quot;" time="0.0610" classname="&quot;before all&quot; hook for &quot;should export it with no errors&quot;">
      <failure message="Command failed: bit init
node:internal/modules/cjs/loader:1075
  throw err;
  ^

Error: Cannot find module &apos;../node_modules/@teambit/bit/dist/app&apos;
Require stack:
- /Users/nitsancohen/.bvm/versions/0.2.29/bit-0.2.29/node_modules/@teambit/legacy/bin/bit.js
    at Module._resolveFilename (node:internal/modules/cjs/loader:1072:15)
    at Module._load (node:internal/modules/cjs/loader:925:27)
    at Module.require (node:internal/modules/cjs/loader:1139:19)
    at require (node:internal/modules/helpers:121:18)
    at Object.&lt;anonymous&gt; (/Users/nitsancohen/.bvm/versions/0.2.29/bit-0.2.29/node_modules/@teambit/legacy/bin/bit.js:3:1)
    at Module._compile (node:internal/modules/cjs/loader:1257:14)
    at Module._extensions..js (node:internal/modules/cjs/loader:1311:10)
    at Module.load (node:internal/modules/cjs/loader:1115:32)
    at Module._load (node:internal/modules/cjs/loader:962:12)
    at Function.executeUserEntryPoint [as runMain] (node:internal/modules/run_main:83:12) {
  code: &apos;MODULE_NOT_FOUND&apos;,
  requireStack: [
    &apos;/Users/nitsancohen/.bvm/versions/0.2.29/bit-0.2.29/node_modules/@teambit/legacy/bin/bit.js&apos;
  ]
}

Node.js v20.3.1
" type="Error"><![CDATA[Error: Command failed: bit init
node:internal/modules/cjs/loader:1075
  throw err;
  ^

Error: Cannot find module '../node_modules/@teambit/bit/dist/app'
Require stack:
- /Users/nitsancohen/.bvm/versions/0.2.29/bit-0.2.29/node_modules/@teambit/legacy/bin/bit.js
    at Module._resolveFilename (node:internal/modules/cjs/loader:1072:15)
    at Module._load (node:internal/modules/cjs/loader:925:27)
    at Module.require (node:internal/modules/cjs/loader:1139:19)
    at require (node:internal/modules/helpers:121:18)
    at Object.<anonymous> (/Users/nitsancohen/.bvm/versions/0.2.29/bit-0.2.29/node_modules/@teambit/legacy/bin/bit.js:3:1)
    at Module._compile (node:internal/modules/cjs/loader:1257:14)
    at Module._extensions..js (node:internal/modules/cjs/loader:1311:10)
    at Module.load (node:internal/modules/cjs/loader:1115:32)
    at Module._load (node:internal/modules/cjs/loader:962:12)
    at Function.executeUserEntryPoint [as runMain] (node:internal/modules/run_main:83:12) {
  code: 'MODULE_NOT_FOUND',
  requireStack: [
    '/Users/nitsancohen/.bvm/versions/0.2.29/bit-0.2.29/node_modules/@teambit/legacy/bin/bit.js'
  ]
}

Node.js v20.3.1

    at checkExecSyncError (node:child_process:885:11)
    at Object.execSync (node:child_process:957:15)
    at CommandHelper.runCmd (src/e2e-helper/e2e-command-helper.ts:64:22)
    at ScopeHelper.initWorkspace (src/e2e-helper/e2e-scope-helper.ts:126:25)
    at ScopeHelper.reInitLocalScope (src/e2e-helper/e2e-scope-helper.ts:87:10)
    at ScopeHelper.setNewLocalAndRemoteScopes (src/e2e-helper/e2e-scope-helper.ts:141:10)
    at Context.<anonymous> (e2e/commands/export.e2e.1.ts:73:26)
    at processImmediate (node:internal/timers:478:21)]]></failure>
    </testcase>
  </testsuite>
  <testsuite name="export a component, do not modify it and export again to the same scope" timestamp="2023-08-21T21:40:19" tests="1" file="/Users/nitsancohen/coding/my-bit/bit/e2e/commands/export.e2e.1.ts" time="0.0630" failures="1">
    <testcase name="bit export command export a component, do not modify it and export again to the same scope &quot;before all&quot; hook for &quot;should not export the component&quot;" time="0.0630" classname="&quot;before all&quot; hook for &quot;should not export the component&quot;">
      <failure message="Command failed: bit init
node:internal/modules/cjs/loader:1075
  throw err;
  ^

Error: Cannot find module &apos;../node_modules/@teambit/bit/dist/app&apos;
Require stack:
- /Users/nitsancohen/.bvm/versions/0.2.29/bit-0.2.29/node_modules/@teambit/legacy/bin/bit.js
    at Module._resolveFilename (node:internal/modules/cjs/loader:1072:15)
    at Module._load (node:internal/modules/cjs/loader:925:27)
    at Module.require (node:internal/modules/cjs/loader:1139:19)
    at require (node:internal/modules/helpers:121:18)
    at Object.&lt;anonymous&gt; (/Users/nitsancohen/.bvm/versions/0.2.29/bit-0.2.29/node_modules/@teambit/legacy/bin/bit.js:3:1)
    at Module._compile (node:internal/modules/cjs/loader:1257:14)
    at Module._extensions..js (node:internal/modules/cjs/loader:1311:10)
    at Module.load (node:internal/modules/cjs/loader:1115:32)
    at Module._load (node:internal/modules/cjs/loader:962:12)
    at Function.executeUserEntryPoint [as runMain] (node:internal/modules/run_main:83:12) {
  code: &apos;MODULE_NOT_FOUND&apos;,
  requireStack: [
    &apos;/Users/nitsancohen/.bvm/versions/0.2.29/bit-0.2.29/node_modules/@teambit/legacy/bin/bit.js&apos;
  ]
}

Node.js v20.3.1
" type="Error"><![CDATA[Error: Command failed: bit init
node:internal/modules/cjs/loader:1075
  throw err;
  ^

Error: Cannot find module '../node_modules/@teambit/bit/dist/app'
Require stack:
- /Users/nitsancohen/.bvm/versions/0.2.29/bit-0.2.29/node_modules/@teambit/legacy/bin/bit.js
    at Module._resolveFilename (node:internal/modules/cjs/loader:1072:15)
    at Module._load (node:internal/modules/cjs/loader:925:27)
    at Module.require (node:internal/modules/cjs/loader:1139:19)
    at require (node:internal/modules/helpers:121:18)
    at Object.<anonymous> (/Users/nitsancohen/.bvm/versions/0.2.29/bit-0.2.29/node_modules/@teambit/legacy/bin/bit.js:3:1)
    at Module._compile (node:internal/modules/cjs/loader:1257:14)
    at Module._extensions..js (node:internal/modules/cjs/loader:1311:10)
    at Module.load (node:internal/modules/cjs/loader:1115:32)
    at Module._load (node:internal/modules/cjs/loader:962:12)
    at Function.executeUserEntryPoint [as runMain] (node:internal/modules/run_main:83:12) {
  code: 'MODULE_NOT_FOUND',
  requireStack: [
    '/Users/nitsancohen/.bvm/versions/0.2.29/bit-0.2.29/node_modules/@teambit/legacy/bin/bit.js'
  ]
}

Node.js v20.3.1

    at checkExecSyncError (node:child_process:885:11)
    at Object.execSync (node:child_process:957:15)
    at CommandHelper.runCmd (src/e2e-helper/e2e-command-helper.ts:64:22)
    at ScopeHelper.initWorkspace (src/e2e-helper/e2e-scope-helper.ts:126:25)
    at ScopeHelper.reInitLocalScope (src/e2e-helper/e2e-scope-helper.ts:87:10)
    at ScopeHelper.setNewLocalAndRemoteScopes (src/e2e-helper/e2e-scope-helper.ts:141:10)
    at Context.<anonymous> (e2e/commands/export.e2e.1.ts:104:26)
    at processImmediate (node:internal/timers:478:21)]]></failure>
    </testcase>
  </testsuite>
  <testsuite name="export a component when the checked out version is not the latest" timestamp="2023-08-21T21:40:19" tests="3" file="/Users/nitsancohen/coding/my-bit/bit/e2e/commands/export.e2e.1.ts" time="0.0630" failures="1">
    <testcase name="bit export command export a component when the checked out version is not the latest &quot;before all&quot; hook for &quot;.bitmap should keep the current version and do not update to the latest version&quot;" time="0.0630" classname="&quot;before all&quot; hook for &quot;.bitmap should keep the current version and do not update to the latest version&quot;">
      <failure message="Command failed: bit init
node:internal/modules/cjs/loader:1075
  throw err;
  ^

Error: Cannot find module &apos;../node_modules/@teambit/bit/dist/app&apos;
Require stack:
- /Users/nitsancohen/.bvm/versions/0.2.29/bit-0.2.29/node_modules/@teambit/legacy/bin/bit.js
    at Module._resolveFilename (node:internal/modules/cjs/loader:1072:15)
    at Module._load (node:internal/modules/cjs/loader:925:27)
    at Module.require (node:internal/modules/cjs/loader:1139:19)
    at require (node:internal/modules/helpers:121:18)
    at Object.&lt;anonymous&gt; (/Users/nitsancohen/.bvm/versions/0.2.29/bit-0.2.29/node_modules/@teambit/legacy/bin/bit.js:3:1)
    at Module._compile (node:internal/modules/cjs/loader:1257:14)
    at Module._extensions..js (node:internal/modules/cjs/loader:1311:10)
    at Module.load (node:internal/modules/cjs/loader:1115:32)
    at Module._load (node:internal/modules/cjs/loader:962:12)
    at Function.executeUserEntryPoint [as runMain] (node:internal/modules/run_main:83:12) {
  code: &apos;MODULE_NOT_FOUND&apos;,
  requireStack: [
    &apos;/Users/nitsancohen/.bvm/versions/0.2.29/bit-0.2.29/node_modules/@teambit/legacy/bin/bit.js&apos;
  ]
}

Node.js v20.3.1
" type="Error"><![CDATA[Error: Command failed: bit init
node:internal/modules/cjs/loader:1075
  throw err;
  ^

Error: Cannot find module '../node_modules/@teambit/bit/dist/app'
Require stack:
- /Users/nitsancohen/.bvm/versions/0.2.29/bit-0.2.29/node_modules/@teambit/legacy/bin/bit.js
    at Module._resolveFilename (node:internal/modules/cjs/loader:1072:15)
    at Module._load (node:internal/modules/cjs/loader:925:27)
    at Module.require (node:internal/modules/cjs/loader:1139:19)
    at require (node:internal/modules/helpers:121:18)
    at Object.<anonymous> (/Users/nitsancohen/.bvm/versions/0.2.29/bit-0.2.29/node_modules/@teambit/legacy/bin/bit.js:3:1)
    at Module._compile (node:internal/modules/cjs/loader:1257:14)
    at Module._extensions..js (node:internal/modules/cjs/loader:1311:10)
    at Module.load (node:internal/modules/cjs/loader:1115:32)
    at Module._load (node:internal/modules/cjs/loader:962:12)
    at Function.executeUserEntryPoint [as runMain] (node:internal/modules/run_main:83:12) {
  code: 'MODULE_NOT_FOUND',
  requireStack: [
    '/Users/nitsancohen/.bvm/versions/0.2.29/bit-0.2.29/node_modules/@teambit/legacy/bin/bit.js'
  ]
}

Node.js v20.3.1

    at checkExecSyncError (node:child_process:885:11)
    at Object.execSync (node:child_process:957:15)
    at CommandHelper.runCmd (src/e2e-helper/e2e-command-helper.ts:64:22)
    at ScopeHelper.initWorkspace (src/e2e-helper/e2e-scope-helper.ts:126:25)
    at ScopeHelper.reInitLocalScope (src/e2e-helper/e2e-scope-helper.ts:87:10)
    at ScopeHelper.setNewLocalAndRemoteScopes (src/e2e-helper/e2e-scope-helper.ts:141:10)
    at Context.<anonymous> (e2e/commands/export.e2e.1.ts:117:26)
    at processImmediate (node:internal/timers:478:21)]]></failure>
    </testcase>
  </testsuite>
  <testsuite name="applying permissions on the remote scope when was init with shared flag" timestamp="2023-08-21T21:40:19" tests="0" file="/Users/nitsancohen/coding/my-bit/bit/e2e/commands/export.e2e.1.ts" time="0.0600" failures="1">
    <testcase name="bit export command applying permissions on the remote scope when was init with shared flag &quot;before all&quot; hook in &quot;applying permissions on the remote scope when was init with shared flag&quot;" time="0.0600" classname="&quot;before all&quot; hook in &quot;applying permissions on the remote scope when was init with shared flag&quot;">
      <failure message="Command failed: bit init
node:internal/modules/cjs/loader:1075
  throw err;
  ^

Error: Cannot find module &apos;../node_modules/@teambit/bit/dist/app&apos;
Require stack:
- /Users/nitsancohen/.bvm/versions/0.2.29/bit-0.2.29/node_modules/@teambit/legacy/bin/bit.js
    at Module._resolveFilename (node:internal/modules/cjs/loader:1072:15)
    at Module._load (node:internal/modules/cjs/loader:925:27)
    at Module.require (node:internal/modules/cjs/loader:1139:19)
    at require (node:internal/modules/helpers:121:18)
    at Object.&lt;anonymous&gt; (/Users/nitsancohen/.bvm/versions/0.2.29/bit-0.2.29/node_modules/@teambit/legacy/bin/bit.js:3:1)
    at Module._compile (node:internal/modules/cjs/loader:1257:14)
    at Module._extensions..js (node:internal/modules/cjs/loader:1311:10)
    at Module.load (node:internal/modules/cjs/loader:1115:32)
    at Module._load (node:internal/modules/cjs/loader:962:12)
    at Function.executeUserEntryPoint [as runMain] (node:internal/modules/run_main:83:12) {
  code: &apos;MODULE_NOT_FOUND&apos;,
  requireStack: [
    &apos;/Users/nitsancohen/.bvm/versions/0.2.29/bit-0.2.29/node_modules/@teambit/legacy/bin/bit.js&apos;
  ]
}

Node.js v20.3.1
" type="Error"><![CDATA[Error: Command failed: bit init
node:internal/modules/cjs/loader:1075
  throw err;
  ^

Error: Cannot find module '../node_modules/@teambit/bit/dist/app'
Require stack:
- /Users/nitsancohen/.bvm/versions/0.2.29/bit-0.2.29/node_modules/@teambit/legacy/bin/bit.js
    at Module._resolveFilename (node:internal/modules/cjs/loader:1072:15)
    at Module._load (node:internal/modules/cjs/loader:925:27)
    at Module.require (node:internal/modules/cjs/loader:1139:19)
    at require (node:internal/modules/helpers:121:18)
    at Object.<anonymous> (/Users/nitsancohen/.bvm/versions/0.2.29/bit-0.2.29/node_modules/@teambit/legacy/bin/bit.js:3:1)
    at Module._compile (node:internal/modules/cjs/loader:1257:14)
    at Module._extensions..js (node:internal/modules/cjs/loader:1311:10)
    at Module.load (node:internal/modules/cjs/loader:1115:32)
    at Module._load (node:internal/modules/cjs/loader:962:12)
    at Function.executeUserEntryPoint [as runMain] (node:internal/modules/run_main:83:12) {
  code: 'MODULE_NOT_FOUND',
  requireStack: [
    '/Users/nitsancohen/.bvm/versions/0.2.29/bit-0.2.29/node_modules/@teambit/legacy/bin/bit.js'
  ]
}

Node.js v20.3.1

    at checkExecSyncError (node:child_process:885:11)
    at Object.execSync (node:child_process:957:15)
    at CommandHelper.runCmd (src/e2e-helper/e2e-command-helper.ts:64:22)
    at ScopeHelper.initWorkspace (src/e2e-helper/e2e-scope-helper.ts:126:25)
    at ScopeHelper.reInitLocalScope (src/e2e-helper/e2e-scope-helper.ts:87:10)
    at Context.<anonymous> (e2e/commands/export.e2e.1.ts:144:26)
    at processImmediate (node:internal/timers:478:21)]]></failure>
    </testcase>
  </testsuite>
  <testsuite name="export after re-creating the remote" timestamp="2023-08-21T21:40:19" tests="0" file="/Users/nitsancohen/coding/my-bit/bit/e2e/commands/export.e2e.1.ts" time="0.0610" failures="1">
    <testcase name="bit export command export after re-creating the remote &quot;before all&quot; hook in &quot;export after re-creating the remote&quot;" time="0.0610" classname="&quot;before all&quot; hook in &quot;export after re-creating the remote&quot;">
      <failure message="Command failed: bit init
node:internal/modules/cjs/loader:1075
  throw err;
  ^

Error: Cannot find module &apos;../node_modules/@teambit/bit/dist/app&apos;
Require stack:
- /Users/nitsancohen/.bvm/versions/0.2.29/bit-0.2.29/node_modules/@teambit/legacy/bin/bit.js
    at Module._resolveFilename (node:internal/modules/cjs/loader:1072:15)
    at Module._load (node:internal/modules/cjs/loader:925:27)
    at Module.require (node:internal/modules/cjs/loader:1139:19)
    at require (node:internal/modules/helpers:121:18)
    at Object.&lt;anonymous&gt; (/Users/nitsancohen/.bvm/versions/0.2.29/bit-0.2.29/node_modules/@teambit/legacy/bin/bit.js:3:1)
    at Module._compile (node:internal/modules/cjs/loader:1257:14)
    at Module._extensions..js (node:internal/modules/cjs/loader:1311:10)
    at Module.load (node:internal/modules/cjs/loader:1115:32)
    at Module._load (node:internal/modules/cjs/loader:962:12)
    at Function.executeUserEntryPoint [as runMain] (node:internal/modules/run_main:83:12) {
  code: &apos;MODULE_NOT_FOUND&apos;,
  requireStack: [
    &apos;/Users/nitsancohen/.bvm/versions/0.2.29/bit-0.2.29/node_modules/@teambit/legacy/bin/bit.js&apos;
  ]
}

Node.js v20.3.1
" type="Error"><![CDATA[Error: Command failed: bit init
node:internal/modules/cjs/loader:1075
  throw err;
  ^

Error: Cannot find module '../node_modules/@teambit/bit/dist/app'
Require stack:
- /Users/nitsancohen/.bvm/versions/0.2.29/bit-0.2.29/node_modules/@teambit/legacy/bin/bit.js
    at Module._resolveFilename (node:internal/modules/cjs/loader:1072:15)
    at Module._load (node:internal/modules/cjs/loader:925:27)
    at Module.require (node:internal/modules/cjs/loader:1139:19)
    at require (node:internal/modules/helpers:121:18)
    at Object.<anonymous> (/Users/nitsancohen/.bvm/versions/0.2.29/bit-0.2.29/node_modules/@teambit/legacy/bin/bit.js:3:1)
    at Module._compile (node:internal/modules/cjs/loader:1257:14)
    at Module._extensions..js (node:internal/modules/cjs/loader:1311:10)
    at Module.load (node:internal/modules/cjs/loader:1115:32)
    at Module._load (node:internal/modules/cjs/loader:962:12)
    at Function.executeUserEntryPoint [as runMain] (node:internal/modules/run_main:83:12) {
  code: 'MODULE_NOT_FOUND',
  requireStack: [
    '/Users/nitsancohen/.bvm/versions/0.2.29/bit-0.2.29/node_modules/@teambit/legacy/bin/bit.js'
  ]
}

Node.js v20.3.1

    at checkExecSyncError (node:child_process:885:11)
    at Object.execSync (node:child_process:957:15)
    at CommandHelper.runCmd (src/e2e-helper/e2e-command-helper.ts:64:22)
    at ScopeHelper.initWorkspace (src/e2e-helper/e2e-scope-helper.ts:126:25)
    at ScopeHelper.reInitLocalScope (src/e2e-helper/e2e-scope-helper.ts:87:10)
    at ScopeHelper.setNewLocalAndRemoteScopes (src/e2e-helper/e2e-scope-helper.ts:141:10)
    at Context.<anonymous> (e2e/commands/export.e2e.1.ts:190:26)
    at processImmediate (node:internal/timers:478:21)]]></failure>
    </testcase>
  </testsuite>
  <testsuite name="re-export using the component name without the scope name" timestamp="2023-08-21T21:40:19" tests="1" file="/Users/nitsancohen/coding/my-bit/bit/e2e/commands/export.e2e.1.ts" time="0.0610" failures="1">
    <testcase name="bit export command re-export using the component name without the scope name &quot;before all&quot; hook for &quot;should not show the &quot;fork&quot; prompt&quot;" time="0.0610" classname="&quot;before all&quot; hook for &quot;should not show the &quot;fork&quot; prompt&quot;">
      <failure message="Command failed: bit init
node:internal/modules/cjs/loader:1075
  throw err;
  ^

Error: Cannot find module &apos;../node_modules/@teambit/bit/dist/app&apos;
Require stack:
- /Users/nitsancohen/.bvm/versions/0.2.29/bit-0.2.29/node_modules/@teambit/legacy/bin/bit.js
    at Module._resolveFilename (node:internal/modules/cjs/loader:1072:15)
    at Module._load (node:internal/modules/cjs/loader:925:27)
    at Module.require (node:internal/modules/cjs/loader:1139:19)
    at require (node:internal/modules/helpers:121:18)
    at Object.&lt;anonymous&gt; (/Users/nitsancohen/.bvm/versions/0.2.29/bit-0.2.29/node_modules/@teambit/legacy/bin/bit.js:3:1)
    at Module._compile (node:internal/modules/cjs/loader:1257:14)
    at Module._extensions..js (node:internal/modules/cjs/loader:1311:10)
    at Module.load (node:internal/modules/cjs/loader:1115:32)
    at Module._load (node:internal/modules/cjs/loader:962:12)
    at Function.executeUserEntryPoint [as runMain] (node:internal/modules/run_main:83:12) {
  code: &apos;MODULE_NOT_FOUND&apos;,
  requireStack: [
    &apos;/Users/nitsancohen/.bvm/versions/0.2.29/bit-0.2.29/node_modules/@teambit/legacy/bin/bit.js&apos;
  ]
}

Node.js v20.3.1
" type="Error"><![CDATA[Error: Command failed: bit init
node:internal/modules/cjs/loader:1075
  throw err;
  ^

Error: Cannot find module '../node_modules/@teambit/bit/dist/app'
Require stack:
- /Users/nitsancohen/.bvm/versions/0.2.29/bit-0.2.29/node_modules/@teambit/legacy/bin/bit.js
    at Module._resolveFilename (node:internal/modules/cjs/loader:1072:15)
    at Module._load (node:internal/modules/cjs/loader:925:27)
    at Module.require (node:internal/modules/cjs/loader:1139:19)
    at require (node:internal/modules/helpers:121:18)
    at Object.<anonymous> (/Users/nitsancohen/.bvm/versions/0.2.29/bit-0.2.29/node_modules/@teambit/legacy/bin/bit.js:3:1)
    at Module._compile (node:internal/modules/cjs/loader:1257:14)
    at Module._extensions..js (node:internal/modules/cjs/loader:1311:10)
    at Module.load (node:internal/modules/cjs/loader:1115:32)
    at Module._load (node:internal/modules/cjs/loader:962:12)
    at Function.executeUserEntryPoint [as runMain] (node:internal/modules/run_main:83:12) {
  code: 'MODULE_NOT_FOUND',
  requireStack: [
    '/Users/nitsancohen/.bvm/versions/0.2.29/bit-0.2.29/node_modules/@teambit/legacy/bin/bit.js'
  ]
}

Node.js v20.3.1

    at checkExecSyncError (node:child_process:885:11)
    at Object.execSync (node:child_process:957:15)
    at CommandHelper.runCmd (src/e2e-helper/e2e-command-helper.ts:64:22)
    at ScopeHelper.initWorkspace (src/e2e-helper/e2e-scope-helper.ts:126:25)
    at ScopeHelper.reInitLocalScope (src/e2e-helper/e2e-scope-helper.ts:87:10)
    at ScopeHelper.setNewLocalAndRemoteScopes (src/e2e-helper/e2e-scope-helper.ts:141:10)
    at Context.<anonymous> (e2e/commands/export.e2e.1.ts:226:26)
    at processImmediate (node:internal/timers:478:21)]]></failure>
    </testcase>
  </testsuite>
  <testsuite name="bit import command with no ids" timestamp="2023-08-21T21:40:19" tests="0" file="/Users/nitsancohen/coding/my-bit/bit/e2e/commands/import-all.e2e.1.ts" time="0.0000" failures="0">
  </testsuite>
  <testsuite name="with a component in bit.map" timestamp="2023-08-21T21:40:19" tests="1" file="/Users/nitsancohen/coding/my-bit/bit/e2e/commands/import-all.e2e.1.ts" time="0.0000" failures="0">
  </testsuite>
  <testsuite name="with components in bit.map when they are modified locally" timestamp="2023-08-21T21:40:19" tests="0" file="/Users/nitsancohen/coding/my-bit/bit/e2e/commands/import-all.e2e.1.ts" time="0.0000" failures="0">
  </testsuite>
  <testsuite name="without any flag" timestamp="2023-08-21T21:40:19" tests="2" file="/Users/nitsancohen/coding/my-bit/bit/e2e/commands/import-all.e2e.1.ts" time="0.0000" failures="0">
  </testsuite>
  <testsuite name="with --override flag" timestamp="2023-08-21T21:40:19" tests="2" file="/Users/nitsancohen/coding/my-bit/bit/e2e/commands/import-all.e2e.1.ts" time="0.0000" failures="0">
  </testsuite>
  <testsuite name="with --merge=manual flag" timestamp="2023-08-21T21:40:19" tests="2" file="/Users/nitsancohen/coding/my-bit/bit/e2e/commands/import-all.e2e.1.ts" time="0.0000" failures="0">
  </testsuite>
  <testsuite name="after tagging" timestamp="2023-08-21T21:40:19" tests="1" file="/Users/nitsancohen/coding/my-bit/bit/e2e/commands/import-all.e2e.1.ts" time="0.0000" failures="0">
  </testsuite>
  <testsuite name="with an AUTHORED component which was only tagged but not exported" timestamp="2023-08-21T21:40:19" tests="1" file="/Users/nitsancohen/coding/my-bit/bit/e2e/commands/import-all.e2e.1.ts" time="0.0610" failures="1">
    <testcase name="bit import command with no ids with an AUTHORED component which was only tagged but not exported &quot;before all&quot; hook for &quot;should not try to import that component as it was not exported yet&quot;" time="0.0610" classname="&quot;before all&quot; hook for &quot;should not try to import that component as it was not exported yet&quot;">
      <failure message="Command failed: bit init
node:internal/modules/cjs/loader:1075
  throw err;
  ^

Error: Cannot find module &apos;../node_modules/@teambit/bit/dist/app&apos;
Require stack:
- /Users/nitsancohen/.bvm/versions/0.2.29/bit-0.2.29/node_modules/@teambit/legacy/bin/bit.js
    at Module._resolveFilename (node:internal/modules/cjs/loader:1072:15)
    at Module._load (node:internal/modules/cjs/loader:925:27)
    at Module.require (node:internal/modules/cjs/loader:1139:19)
    at require (node:internal/modules/helpers:121:18)
    at Object.&lt;anonymous&gt; (/Users/nitsancohen/.bvm/versions/0.2.29/bit-0.2.29/node_modules/@teambit/legacy/bin/bit.js:3:1)
    at Module._compile (node:internal/modules/cjs/loader:1257:14)
    at Module._extensions..js (node:internal/modules/cjs/loader:1311:10)
    at Module.load (node:internal/modules/cjs/loader:1115:32)
    at Module._load (node:internal/modules/cjs/loader:962:12)
    at Function.executeUserEntryPoint [as runMain] (node:internal/modules/run_main:83:12) {
  code: &apos;MODULE_NOT_FOUND&apos;,
  requireStack: [
    &apos;/Users/nitsancohen/.bvm/versions/0.2.29/bit-0.2.29/node_modules/@teambit/legacy/bin/bit.js&apos;
  ]
}

Node.js v20.3.1
" type="Error"><![CDATA[Error: Command failed: bit init
node:internal/modules/cjs/loader:1075
  throw err;
  ^

Error: Cannot find module '../node_modules/@teambit/bit/dist/app'
Require stack:
- /Users/nitsancohen/.bvm/versions/0.2.29/bit-0.2.29/node_modules/@teambit/legacy/bin/bit.js
    at Module._resolveFilename (node:internal/modules/cjs/loader:1072:15)
    at Module._load (node:internal/modules/cjs/loader:925:27)
    at Module.require (node:internal/modules/cjs/loader:1139:19)
    at require (node:internal/modules/helpers:121:18)
    at Object.<anonymous> (/Users/nitsancohen/.bvm/versions/0.2.29/bit-0.2.29/node_modules/@teambit/legacy/bin/bit.js:3:1)
    at Module._compile (node:internal/modules/cjs/loader:1257:14)
    at Module._extensions..js (node:internal/modules/cjs/loader:1311:10)
    at Module.load (node:internal/modules/cjs/loader:1115:32)
    at Module._load (node:internal/modules/cjs/loader:962:12)
    at Function.executeUserEntryPoint [as runMain] (node:internal/modules/run_main:83:12) {
  code: 'MODULE_NOT_FOUND',
  requireStack: [
    '/Users/nitsancohen/.bvm/versions/0.2.29/bit-0.2.29/node_modules/@teambit/legacy/bin/bit.js'
  ]
}

Node.js v20.3.1

    at checkExecSyncError (node:child_process:885:11)
    at Object.execSync (node:child_process:957:15)
    at CommandHelper.runCmd (src/e2e-helper/e2e-command-helper.ts:64:22)
    at ScopeHelper.initWorkspace (src/e2e-helper/e2e-scope-helper.ts:126:25)
    at ScopeHelper.reInitLocalScope (src/e2e-helper/e2e-scope-helper.ts:87:10)
    at ScopeHelper.setNewLocalAndRemoteScopes (src/e2e-helper/e2e-scope-helper.ts:141:10)
    at Context.<anonymous> (e2e/commands/import-all.e2e.1.ts:112:26)
    at processImmediate (node:internal/timers:478:21)]]></failure>
    </testcase>
  </testsuite>
  <testsuite name="bit import" timestamp="2023-08-21T21:40:19" tests="0" file="/Users/nitsancohen/coding/my-bit/bit/e2e/commands/import.e2e.1.ts" time="0.0000" failures="0">
  </testsuite>
  <testsuite name="stand alone component (without dependencies)" timestamp="2023-08-21T21:40:19" tests="3" file="/Users/nitsancohen/coding/my-bit/bit/e2e/commands/import.e2e.1.ts" time="0.0600" failures="1">
    <testcase name="bit import stand alone component (without dependencies) &quot;before all&quot; hook for &quot;should display a successful message&quot;" time="0.0600" classname="&quot;before all&quot; hook for &quot;should display a successful message&quot;">
      <failure message="Command failed: bit init
node:internal/modules/cjs/loader:1075
  throw err;
  ^

Error: Cannot find module &apos;../node_modules/@teambit/bit/dist/app&apos;
Require stack:
- /Users/nitsancohen/.bvm/versions/0.2.29/bit-0.2.29/node_modules/@teambit/legacy/bin/bit.js
    at Module._resolveFilename (node:internal/modules/cjs/loader:1072:15)
    at Module._load (node:internal/modules/cjs/loader:925:27)
    at Module.require (node:internal/modules/cjs/loader:1139:19)
    at require (node:internal/modules/helpers:121:18)
    at Object.&lt;anonymous&gt; (/Users/nitsancohen/.bvm/versions/0.2.29/bit-0.2.29/node_modules/@teambit/legacy/bin/bit.js:3:1)
    at Module._compile (node:internal/modules/cjs/loader:1257:14)
    at Module._extensions..js (node:internal/modules/cjs/loader:1311:10)
    at Module.load (node:internal/modules/cjs/loader:1115:32)
    at Module._load (node:internal/modules/cjs/loader:962:12)
    at Function.executeUserEntryPoint [as runMain] (node:internal/modules/run_main:83:12) {
  code: &apos;MODULE_NOT_FOUND&apos;,
  requireStack: [
    &apos;/Users/nitsancohen/.bvm/versions/0.2.29/bit-0.2.29/node_modules/@teambit/legacy/bin/bit.js&apos;
  ]
}

Node.js v20.3.1
" type="Error"><![CDATA[Error: Command failed: bit init
node:internal/modules/cjs/loader:1075
  throw err;
  ^

Error: Cannot find module '../node_modules/@teambit/bit/dist/app'
Require stack:
- /Users/nitsancohen/.bvm/versions/0.2.29/bit-0.2.29/node_modules/@teambit/legacy/bin/bit.js
    at Module._resolveFilename (node:internal/modules/cjs/loader:1072:15)
    at Module._load (node:internal/modules/cjs/loader:925:27)
    at Module.require (node:internal/modules/cjs/loader:1139:19)
    at require (node:internal/modules/helpers:121:18)
    at Object.<anonymous> (/Users/nitsancohen/.bvm/versions/0.2.29/bit-0.2.29/node_modules/@teambit/legacy/bin/bit.js:3:1)
    at Module._compile (node:internal/modules/cjs/loader:1257:14)
    at Module._extensions..js (node:internal/modules/cjs/loader:1311:10)
    at Module.load (node:internal/modules/cjs/loader:1115:32)
    at Module._load (node:internal/modules/cjs/loader:962:12)
    at Function.executeUserEntryPoint [as runMain] (node:internal/modules/run_main:83:12) {
  code: 'MODULE_NOT_FOUND',
  requireStack: [
    '/Users/nitsancohen/.bvm/versions/0.2.29/bit-0.2.29/node_modules/@teambit/legacy/bin/bit.js'
  ]
}

Node.js v20.3.1

    at checkExecSyncError (node:child_process:885:11)
    at Object.execSync (node:child_process:957:15)
    at CommandHelper.runCmd (src/e2e-helper/e2e-command-helper.ts:64:22)
    at ScopeHelper.initWorkspace (src/e2e-helper/e2e-scope-helper.ts:126:25)
    at ScopeHelper.reInitLocalScope (src/e2e-helper/e2e-scope-helper.ts:87:10)
    at ScopeHelper.setNewLocalAndRemoteScopes (src/e2e-helper/e2e-scope-helper.ts:141:10)
    at Context.<anonymous> (e2e/commands/import.e2e.1.ts:25:26)
    at processImmediate (node:internal/timers:478:21)]]></failure>
    </testcase>
  </testsuite>
  <testsuite name="with an existing component in bit.map (as author)" timestamp="2023-08-21T21:40:19" tests="3" file="/Users/nitsancohen/coding/my-bit/bit/e2e/commands/import.e2e.1.ts" time="0.0000" failures="0">
  </testsuite>
  <testsuite name="importing the component again" timestamp="2023-08-21T21:40:19" tests="1" file="/Users/nitsancohen/coding/my-bit/bit/e2e/commands/import.e2e.1.ts" time="0.0000" failures="0">
  </testsuite>
  <testsuite name="import a component when the local version is modified" timestamp="2023-08-21T21:40:19" tests="0" file="/Users/nitsancohen/coding/my-bit/bit/e2e/commands/import.e2e.1.ts" time="0.0590" failures="1">
    <testcase name="bit import import a component when the local version is modified &quot;before all&quot; hook in &quot;import a component when the local version is modified&quot;" time="0.0590" classname="&quot;before all&quot; hook in &quot;import a component when the local version is modified&quot;">
      <failure message="Command failed: bit init
node:internal/modules/cjs/loader:1075
  throw err;
  ^

Error: Cannot find module &apos;../node_modules/@teambit/bit/dist/app&apos;
Require stack:
- /Users/nitsancohen/.bvm/versions/0.2.29/bit-0.2.29/node_modules/@teambit/legacy/bin/bit.js
    at Module._resolveFilename (node:internal/modules/cjs/loader:1072:15)
    at Module._load (node:internal/modules/cjs/loader:925:27)
    at Module.require (node:internal/modules/cjs/loader:1139:19)
    at require (node:internal/modules/helpers:121:18)
    at Object.&lt;anonymous&gt; (/Users/nitsancohen/.bvm/versions/0.2.29/bit-0.2.29/node_modules/@teambit/legacy/bin/bit.js:3:1)
    at Module._compile (node:internal/modules/cjs/loader:1257:14)
    at Module._extensions..js (node:internal/modules/cjs/loader:1311:10)
    at Module.load (node:internal/modules/cjs/loader:1115:32)
    at Module._load (node:internal/modules/cjs/loader:962:12)
    at Function.executeUserEntryPoint [as runMain] (node:internal/modules/run_main:83:12) {
  code: &apos;MODULE_NOT_FOUND&apos;,
  requireStack: [
    &apos;/Users/nitsancohen/.bvm/versions/0.2.29/bit-0.2.29/node_modules/@teambit/legacy/bin/bit.js&apos;
  ]
}

Node.js v20.3.1
" type="Error"><![CDATA[Error: Command failed: bit init
node:internal/modules/cjs/loader:1075
  throw err;
  ^

Error: Cannot find module '../node_modules/@teambit/bit/dist/app'
Require stack:
- /Users/nitsancohen/.bvm/versions/0.2.29/bit-0.2.29/node_modules/@teambit/legacy/bin/bit.js
    at Module._resolveFilename (node:internal/modules/cjs/loader:1072:15)
    at Module._load (node:internal/modules/cjs/loader:925:27)
    at Module.require (node:internal/modules/cjs/loader:1139:19)
    at require (node:internal/modules/helpers:121:18)
    at Object.<anonymous> (/Users/nitsancohen/.bvm/versions/0.2.29/bit-0.2.29/node_modules/@teambit/legacy/bin/bit.js:3:1)
    at Module._compile (node:internal/modules/cjs/loader:1257:14)
    at Module._extensions..js (node:internal/modules/cjs/loader:1311:10)
    at Module.load (node:internal/modules/cjs/loader:1115:32)
    at Module._load (node:internal/modules/cjs/loader:962:12)
    at Function.executeUserEntryPoint [as runMain] (node:internal/modules/run_main:83:12) {
  code: 'MODULE_NOT_FOUND',
  requireStack: [
    '/Users/nitsancohen/.bvm/versions/0.2.29/bit-0.2.29/node_modules/@teambit/legacy/bin/bit.js'
  ]
}

Node.js v20.3.1

    at checkExecSyncError (node:child_process:885:11)
    at Object.execSync (node:child_process:957:15)
    at CommandHelper.runCmd (src/e2e-helper/e2e-command-helper.ts:64:22)
    at ScopeHelper.initWorkspace (src/e2e-helper/e2e-scope-helper.ts:126:25)
    at ScopeHelper.reInitLocalScope (src/e2e-helper/e2e-scope-helper.ts:87:10)
    at ScopeHelper.setNewLocalAndRemoteScopes (src/e2e-helper/e2e-scope-helper.ts:141:10)
    at Context.<anonymous> (e2e/commands/import.e2e.1.ts:328:26)
    at processImmediate (node:internal/timers:478:21)]]></failure>
    </testcase>
  </testsuite>
  <testsuite name="importing a component when it has a local tag" timestamp="2023-08-21T21:40:19" tests="0" file="/Users/nitsancohen/coding/my-bit/bit/e2e/commands/import.e2e.1.ts" time="0.0600" failures="1">
    <testcase name="bit import importing a component when it has a local tag &quot;before all&quot; hook in &quot;importing a component when it has a local tag&quot;" time="0.0600" classname="&quot;before all&quot; hook in &quot;importing a component when it has a local tag&quot;">
      <failure message="Command failed: bit init
node:internal/modules/cjs/loader:1075
  throw err;
  ^

Error: Cannot find module &apos;../node_modules/@teambit/bit/dist/app&apos;
Require stack:
- /Users/nitsancohen/.bvm/versions/0.2.29/bit-0.2.29/node_modules/@teambit/legacy/bin/bit.js
    at Module._resolveFilename (node:internal/modules/cjs/loader:1072:15)
    at Module._load (node:internal/modules/cjs/loader:925:27)
    at Module.require (node:internal/modules/cjs/loader:1139:19)
    at require (node:internal/modules/helpers:121:18)
    at Object.&lt;anonymous&gt; (/Users/nitsancohen/.bvm/versions/0.2.29/bit-0.2.29/node_modules/@teambit/legacy/bin/bit.js:3:1)
    at Module._compile (node:internal/modules/cjs/loader:1257:14)
    at Module._extensions..js (node:internal/modules/cjs/loader:1311:10)
    at Module.load (node:internal/modules/cjs/loader:1115:32)
    at Module._load (node:internal/modules/cjs/loader:962:12)
    at Function.executeUserEntryPoint [as runMain] (node:internal/modules/run_main:83:12) {
  code: &apos;MODULE_NOT_FOUND&apos;,
  requireStack: [
    &apos;/Users/nitsancohen/.bvm/versions/0.2.29/bit-0.2.29/node_modules/@teambit/legacy/bin/bit.js&apos;
  ]
}

Node.js v20.3.1
" type="Error"><![CDATA[Error: Command failed: bit init
node:internal/modules/cjs/loader:1075
  throw err;
  ^

Error: Cannot find module '../node_modules/@teambit/bit/dist/app'
Require stack:
- /Users/nitsancohen/.bvm/versions/0.2.29/bit-0.2.29/node_modules/@teambit/legacy/bin/bit.js
    at Module._resolveFilename (node:internal/modules/cjs/loader:1072:15)
    at Module._load (node:internal/modules/cjs/loader:925:27)
    at Module.require (node:internal/modules/cjs/loader:1139:19)
    at require (node:internal/modules/helpers:121:18)
    at Object.<anonymous> (/Users/nitsancohen/.bvm/versions/0.2.29/bit-0.2.29/node_modules/@teambit/legacy/bin/bit.js:3:1)
    at Module._compile (node:internal/modules/cjs/loader:1257:14)
    at Module._extensions..js (node:internal/modules/cjs/loader:1311:10)
    at Module.load (node:internal/modules/cjs/loader:1115:32)
    at Module._load (node:internal/modules/cjs/loader:962:12)
    at Function.executeUserEntryPoint [as runMain] (node:internal/modules/run_main:83:12) {
  code: 'MODULE_NOT_FOUND',
  requireStack: [
    '/Users/nitsancohen/.bvm/versions/0.2.29/bit-0.2.29/node_modules/@teambit/legacy/bin/bit.js'
  ]
}

Node.js v20.3.1

    at checkExecSyncError (node:child_process:885:11)
    at Object.execSync (node:child_process:957:15)
    at CommandHelper.runCmd (src/e2e-helper/e2e-command-helper.ts:64:22)
    at ScopeHelper.initWorkspace (src/e2e-helper/e2e-scope-helper.ts:126:25)
    at ScopeHelper.reInitLocalScope (src/e2e-helper/e2e-scope-helper.ts:87:10)
    at ScopeHelper.setNewLocalAndRemoteScopes (src/e2e-helper/e2e-scope-helper.ts:141:10)
    at Context.<anonymous> (e2e/commands/import.e2e.1.ts:388:26)
    at processImmediate (node:internal/timers:478:21)]]></failure>
    </testcase>
  </testsuite>
  <testsuite name="import with wildcards" timestamp="2023-08-21T21:40:19" tests="0" file="/Users/nitsancohen/coding/my-bit/bit/e2e/commands/import.e2e.1.ts" time="0.0600" failures="1">
    <testcase name="bit import import with wildcards &quot;before all&quot; hook in &quot;import with wildcards&quot;" time="0.0600" classname="&quot;before all&quot; hook in &quot;import with wildcards&quot;">
      <failure message="Command failed: bit init
node:internal/modules/cjs/loader:1075
  throw err;
  ^

Error: Cannot find module &apos;../node_modules/@teambit/bit/dist/app&apos;
Require stack:
- /Users/nitsancohen/.bvm/versions/0.2.29/bit-0.2.29/node_modules/@teambit/legacy/bin/bit.js
    at Module._resolveFilename (node:internal/modules/cjs/loader:1072:15)
    at Module._load (node:internal/modules/cjs/loader:925:27)
    at Module.require (node:internal/modules/cjs/loader:1139:19)
    at require (node:internal/modules/helpers:121:18)
    at Object.&lt;anonymous&gt; (/Users/nitsancohen/.bvm/versions/0.2.29/bit-0.2.29/node_modules/@teambit/legacy/bin/bit.js:3:1)
    at Module._compile (node:internal/modules/cjs/loader:1257:14)
    at Module._extensions..js (node:internal/modules/cjs/loader:1311:10)
    at Module.load (node:internal/modules/cjs/loader:1115:32)
    at Module._load (node:internal/modules/cjs/loader:962:12)
    at Function.executeUserEntryPoint [as runMain] (node:internal/modules/run_main:83:12) {
  code: &apos;MODULE_NOT_FOUND&apos;,
  requireStack: [
    &apos;/Users/nitsancohen/.bvm/versions/0.2.29/bit-0.2.29/node_modules/@teambit/legacy/bin/bit.js&apos;
  ]
}

Node.js v20.3.1
" type="Error"><![CDATA[Error: Command failed: bit init
node:internal/modules/cjs/loader:1075
  throw err;
  ^

Error: Cannot find module '../node_modules/@teambit/bit/dist/app'
Require stack:
- /Users/nitsancohen/.bvm/versions/0.2.29/bit-0.2.29/node_modules/@teambit/legacy/bin/bit.js
    at Module._resolveFilename (node:internal/modules/cjs/loader:1072:15)
    at Module._load (node:internal/modules/cjs/loader:925:27)
    at Module.require (node:internal/modules/cjs/loader:1139:19)
    at require (node:internal/modules/helpers:121:18)
    at Object.<anonymous> (/Users/nitsancohen/.bvm/versions/0.2.29/bit-0.2.29/node_modules/@teambit/legacy/bin/bit.js:3:1)
    at Module._compile (node:internal/modules/cjs/loader:1257:14)
    at Module._extensions..js (node:internal/modules/cjs/loader:1311:10)
    at Module.load (node:internal/modules/cjs/loader:1115:32)
    at Module._load (node:internal/modules/cjs/loader:962:12)
    at Function.executeUserEntryPoint [as runMain] (node:internal/modules/run_main:83:12) {
  code: 'MODULE_NOT_FOUND',
  requireStack: [
    '/Users/nitsancohen/.bvm/versions/0.2.29/bit-0.2.29/node_modules/@teambit/legacy/bin/bit.js'
  ]
}

Node.js v20.3.1

    at checkExecSyncError (node:child_process:885:11)
    at Object.execSync (node:child_process:957:15)
    at CommandHelper.runCmd (src/e2e-helper/e2e-command-helper.ts:64:22)
    at ScopeHelper.initWorkspace (src/e2e-helper/e2e-scope-helper.ts:126:25)
    at ScopeHelper.reInitLocalScope (src/e2e-helper/e2e-scope-helper.ts:87:10)
    at ScopeHelper.setNewLocalAndRemoteScopes (src/e2e-helper/e2e-scope-helper.ts:141:10)
    at Context.<anonymous> (e2e/commands/import.e2e.1.ts:434:26)
    at processImmediate (node:internal/timers:478:21)]]></failure>
    </testcase>
  </testsuite>
  <testsuite name="run bit init" timestamp="2023-08-21T21:40:19" tests="0" file="/Users/nitsancohen/coding/my-bit/bit/e2e/commands/init.e2e.1.ts" time="0.0000" failures="0">
  </testsuite>
  <testsuite name="running bit init with path" timestamp="2023-08-21T21:40:19" tests="1" file="/Users/nitsancohen/coding/my-bit/bit/e2e/commands/init.e2e.1.ts" time="0.0600" failures="1">
    <testcase name="run bit init running bit init with path &quot;before all&quot; hook for &quot;should init Bit at that path&quot;" time="0.0600" classname="&quot;before all&quot; hook for &quot;should init Bit at that path&quot;">
      <failure message="Command failed: bit init my-dir
node:internal/modules/cjs/loader:1075
  throw err;
  ^

Error: Cannot find module &apos;../node_modules/@teambit/bit/dist/app&apos;
Require stack:
- /Users/nitsancohen/.bvm/versions/0.2.29/bit-0.2.29/node_modules/@teambit/legacy/bin/bit.js
    at Module._resolveFilename (node:internal/modules/cjs/loader:1072:15)
    at Module._load (node:internal/modules/cjs/loader:925:27)
    at Module.require (node:internal/modules/cjs/loader:1139:19)
    at require (node:internal/modules/helpers:121:18)
    at Object.&lt;anonymous&gt; (/Users/nitsancohen/.bvm/versions/0.2.29/bit-0.2.29/node_modules/@teambit/legacy/bin/bit.js:3:1)
    at Module._compile (node:internal/modules/cjs/loader:1257:14)
    at Module._extensions..js (node:internal/modules/cjs/loader:1311:10)
    at Module.load (node:internal/modules/cjs/loader:1115:32)
    at Module._load (node:internal/modules/cjs/loader:962:12)
    at Function.executeUserEntryPoint [as runMain] (node:internal/modules/run_main:83:12) {
  code: &apos;MODULE_NOT_FOUND&apos;,
  requireStack: [
    &apos;/Users/nitsancohen/.bvm/versions/0.2.29/bit-0.2.29/node_modules/@teambit/legacy/bin/bit.js&apos;
  ]
}

Node.js v20.3.1
" type="Error"><![CDATA[Error: Command failed: bit init my-dir
node:internal/modules/cjs/loader:1075
  throw err;
  ^

Error: Cannot find module '../node_modules/@teambit/bit/dist/app'
Require stack:
- /Users/nitsancohen/.bvm/versions/0.2.29/bit-0.2.29/node_modules/@teambit/legacy/bin/bit.js
    at Module._resolveFilename (node:internal/modules/cjs/loader:1072:15)
    at Module._load (node:internal/modules/cjs/loader:925:27)
    at Module.require (node:internal/modules/cjs/loader:1139:19)
    at require (node:internal/modules/helpers:121:18)
    at Object.<anonymous> (/Users/nitsancohen/.bvm/versions/0.2.29/bit-0.2.29/node_modules/@teambit/legacy/bin/bit.js:3:1)
    at Module._compile (node:internal/modules/cjs/loader:1257:14)
    at Module._extensions..js (node:internal/modules/cjs/loader:1311:10)
    at Module.load (node:internal/modules/cjs/loader:1115:32)
    at Module._load (node:internal/modules/cjs/loader:962:12)
    at Function.executeUserEntryPoint [as runMain] (node:internal/modules/run_main:83:12) {
  code: 'MODULE_NOT_FOUND',
  requireStack: [
    '/Users/nitsancohen/.bvm/versions/0.2.29/bit-0.2.29/node_modules/@teambit/legacy/bin/bit.js'
  ]
}

Node.js v20.3.1

    at checkExecSyncError (node:child_process:885:11)
    at Object.execSync (node:child_process:957:15)
    at CommandHelper.runCmd (src/e2e-helper/e2e-command-helper.ts:64:22)
    at Context.<anonymous> (e2e/commands/init.e2e.1.ts:27:22)
    at processImmediate (node:internal/timers:478:21)]]></failure>
    </testcase>
  </testsuite>
  <testsuite name="automatic bit init when .bit.map.json already exists" timestamp="2023-08-21T21:40:19" tests="3" file="/Users/nitsancohen/coding/my-bit/bit/e2e/commands/init.e2e.1.ts" time="0.0600" failures="1">
    <testcase name="run bit init automatic bit init when .bit.map.json already exists &quot;before each&quot; hook for &quot;should not tell you there is already a scope when running &quot;bit init&quot;&quot;" time="0.0600" classname="&quot;before each&quot; hook for &quot;should not tell you there is already a scope when running &quot;bit init&quot;&quot;">
      <failure message="Command failed: bit init
node:internal/modules/cjs/loader:1075
  throw err;
  ^

Error: Cannot find module &apos;../node_modules/@teambit/bit/dist/app&apos;
Require stack:
- /Users/nitsancohen/.bvm/versions/0.2.29/bit-0.2.29/node_modules/@teambit/legacy/bin/bit.js
    at Module._resolveFilename (node:internal/modules/cjs/loader:1072:15)
    at Module._load (node:internal/modules/cjs/loader:925:27)
    at Module.require (node:internal/modules/cjs/loader:1139:19)
    at require (node:internal/modules/helpers:121:18)
    at Object.&lt;anonymous&gt; (/Users/nitsancohen/.bvm/versions/0.2.29/bit-0.2.29/node_modules/@teambit/legacy/bin/bit.js:3:1)
    at Module._compile (node:internal/modules/cjs/loader:1257:14)
    at Module._extensions..js (node:internal/modules/cjs/loader:1311:10)
    at Module.load (node:internal/modules/cjs/loader:1115:32)
    at Module._load (node:internal/modules/cjs/loader:962:12)
    at Function.executeUserEntryPoint [as runMain] (node:internal/modules/run_main:83:12) {
  code: &apos;MODULE_NOT_FOUND&apos;,
  requireStack: [
    &apos;/Users/nitsancohen/.bvm/versions/0.2.29/bit-0.2.29/node_modules/@teambit/legacy/bin/bit.js&apos;
  ]
}

Node.js v20.3.1
" type="Error"><![CDATA[Error: Command failed: bit init
node:internal/modules/cjs/loader:1075
  throw err;
  ^

Error: Cannot find module '../node_modules/@teambit/bit/dist/app'
Require stack:
- /Users/nitsancohen/.bvm/versions/0.2.29/bit-0.2.29/node_modules/@teambit/legacy/bin/bit.js
    at Module._resolveFilename (node:internal/modules/cjs/loader:1072:15)
    at Module._load (node:internal/modules/cjs/loader:925:27)
    at Module.require (node:internal/modules/cjs/loader:1139:19)
    at require (node:internal/modules/helpers:121:18)
    at Object.<anonymous> (/Users/nitsancohen/.bvm/versions/0.2.29/bit-0.2.29/node_modules/@teambit/legacy/bin/bit.js:3:1)
    at Module._compile (node:internal/modules/cjs/loader:1257:14)
    at Module._extensions..js (node:internal/modules/cjs/loader:1311:10)
    at Module.load (node:internal/modules/cjs/loader:1115:32)
    at Module._load (node:internal/modules/cjs/loader:962:12)
    at Function.executeUserEntryPoint [as runMain] (node:internal/modules/run_main:83:12) {
  code: 'MODULE_NOT_FOUND',
  requireStack: [
    '/Users/nitsancohen/.bvm/versions/0.2.29/bit-0.2.29/node_modules/@teambit/legacy/bin/bit.js'
  ]
}

Node.js v20.3.1

    at checkExecSyncError (node:child_process:885:11)
    at Object.execSync (node:child_process:957:15)
    at CommandHelper.runCmd (src/e2e-helper/e2e-command-helper.ts:64:22)
    at ScopeHelper.initWorkspace (src/e2e-helper/e2e-scope-helper.ts:126:25)
    at ScopeHelper.reInitLocalScope (src/e2e-helper/e2e-scope-helper.ts:87:10)
    at Context.<anonymous> (e2e/commands/init.e2e.1.ts:35:26)
    at processImmediate (node:internal/timers:478:21)]]></failure>
    </testcase>
  </testsuite>
  <testsuite name="init .bit " timestamp="2023-08-21T21:40:19" tests="0" file="/Users/nitsancohen/coding/my-bit/bit/e2e/commands/init.e2e.1.ts" time="0.0000" failures="0">
  </testsuite>
  <testsuite name="when .git exists and bit already initialized with .bit " timestamp="2023-08-21T21:40:19" tests="1" file="/Users/nitsancohen/coding/my-bit/bit/e2e/commands/init.e2e.1.ts" time="0.0810" failures="1">
    <testcase name="run bit init init .bit  when .git exists and bit already initialized with .bit  should not create bit inside .git" time="0.0810" classname="should not create bit inside .git">
      <failure message="Command failed: bit init
node:internal/modules/cjs/loader:1075
  throw err;
  ^

Error: Cannot find module &apos;../node_modules/@teambit/bit/dist/app&apos;
Require stack:
- /Users/nitsancohen/.bvm/versions/0.2.29/bit-0.2.29/node_modules/@teambit/legacy/bin/bit.js
    at Module._resolveFilename (node:internal/modules/cjs/loader:1072:15)
    at Module._load (node:internal/modules/cjs/loader:925:27)
    at Module.require (node:internal/modules/cjs/loader:1139:19)
    at require (node:internal/modules/helpers:121:18)
    at Object.&lt;anonymous&gt; (/Users/nitsancohen/.bvm/versions/0.2.29/bit-0.2.29/node_modules/@teambit/legacy/bin/bit.js:3:1)
    at Module._compile (node:internal/modules/cjs/loader:1257:14)
    at Module._extensions..js (node:internal/modules/cjs/loader:1311:10)
    at Module.load (node:internal/modules/cjs/loader:1115:32)
    at Module._load (node:internal/modules/cjs/loader:962:12)
    at Function.executeUserEntryPoint [as runMain] (node:internal/modules/run_main:83:12) {
  code: &apos;MODULE_NOT_FOUND&apos;,
  requireStack: [
    &apos;/Users/nitsancohen/.bvm/versions/0.2.29/bit-0.2.29/node_modules/@teambit/legacy/bin/bit.js&apos;
  ]
}

Node.js v20.3.1
" type="Error"><![CDATA[Error: Command failed: bit init
node:internal/modules/cjs/loader:1075
  throw err;
  ^

Error: Cannot find module '../node_modules/@teambit/bit/dist/app'
Require stack:
- /Users/nitsancohen/.bvm/versions/0.2.29/bit-0.2.29/node_modules/@teambit/legacy/bin/bit.js
    at Module._resolveFilename (node:internal/modules/cjs/loader:1072:15)
    at Module._load (node:internal/modules/cjs/loader:925:27)
    at Module.require (node:internal/modules/cjs/loader:1139:19)
    at require (node:internal/modules/helpers:121:18)
    at Object.<anonymous> (/Users/nitsancohen/.bvm/versions/0.2.29/bit-0.2.29/node_modules/@teambit/legacy/bin/bit.js:3:1)
    at Module._compile (node:internal/modules/cjs/loader:1257:14)
    at Module._extensions..js (node:internal/modules/cjs/loader:1311:10)
    at Module.load (node:internal/modules/cjs/loader:1115:32)
    at Module._load (node:internal/modules/cjs/loader:962:12)
    at Function.executeUserEntryPoint [as runMain] (node:internal/modules/run_main:83:12) {
  code: 'MODULE_NOT_FOUND',
  requireStack: [
    '/Users/nitsancohen/.bvm/versions/0.2.29/bit-0.2.29/node_modules/@teambit/legacy/bin/bit.js'
  ]
}

Node.js v20.3.1

    at checkExecSyncError (node:child_process:885:11)
    at Object.execSync (node:child_process:957:15)
    at CommandHelper.runCmd (src/e2e-helper/e2e-command-helper.ts:64:22)
    at ScopeHelper.initWorkspace (src/e2e-helper/e2e-scope-helper.ts:126:25)
    at ScopeHelper.reInitLocalScope (src/e2e-helper/e2e-scope-helper.ts:87:10)
    at Context.<anonymous> (e2e/commands/init.e2e.1.ts:57:28)
    at processImmediate (node:internal/timers:478:21)]]></failure>
    </testcase>
  </testsuite>
  <testsuite name="git integration" timestamp="2023-08-21T21:40:20" tests="0" file="/Users/nitsancohen/coding/my-bit/bit/e2e/commands/init.e2e.1.ts" time="0.0000" failures="0">
  </testsuite>
  <testsuite name="when .git exists" timestamp="2023-08-21T21:40:20" tests="2" file="/Users/nitsancohen/coding/my-bit/bit/e2e/commands/init.e2e.1.ts" time="0.0950" failures="1">
    <testcase name="run bit init git integration when .git exists &quot;before all&quot; hook for &quot;should nest the bit folder inside .git by default&quot;" time="0.0950" classname="&quot;before all&quot; hook for &quot;should nest the bit folder inside .git by default&quot;">
      <failure message="Command failed: bit init
node:internal/modules/cjs/loader:1075
  throw err;
  ^

Error: Cannot find module &apos;../node_modules/@teambit/bit/dist/app&apos;
Require stack:
- /Users/nitsancohen/.bvm/versions/0.2.29/bit-0.2.29/node_modules/@teambit/legacy/bin/bit.js
    at Module._resolveFilename (node:internal/modules/cjs/loader:1072:15)
    at Module._load (node:internal/modules/cjs/loader:925:27)
    at Module.require (node:internal/modules/cjs/loader:1139:19)
    at require (node:internal/modules/helpers:121:18)
    at Object.&lt;anonymous&gt; (/Users/nitsancohen/.bvm/versions/0.2.29/bit-0.2.29/node_modules/@teambit/legacy/bin/bit.js:3:1)
    at Module._compile (node:internal/modules/cjs/loader:1257:14)
    at Module._extensions..js (node:internal/modules/cjs/loader:1311:10)
    at Module.load (node:internal/modules/cjs/loader:1115:32)
    at Module._load (node:internal/modules/cjs/loader:962:12)
    at Function.executeUserEntryPoint [as runMain] (node:internal/modules/run_main:83:12) {
  code: &apos;MODULE_NOT_FOUND&apos;,
  requireStack: [
    &apos;/Users/nitsancohen/.bvm/versions/0.2.29/bit-0.2.29/node_modules/@teambit/legacy/bin/bit.js&apos;
  ]
}

Node.js v20.3.1
" type="Error"><![CDATA[Error: Command failed: bit init
node:internal/modules/cjs/loader:1075
  throw err;
  ^

Error: Cannot find module '../node_modules/@teambit/bit/dist/app'
Require stack:
- /Users/nitsancohen/.bvm/versions/0.2.29/bit-0.2.29/node_modules/@teambit/legacy/bin/bit.js
    at Module._resolveFilename (node:internal/modules/cjs/loader:1072:15)
    at Module._load (node:internal/modules/cjs/loader:925:27)
    at Module.require (node:internal/modules/cjs/loader:1139:19)
    at require (node:internal/modules/helpers:121:18)
    at Object.<anonymous> (/Users/nitsancohen/.bvm/versions/0.2.29/bit-0.2.29/node_modules/@teambit/legacy/bin/bit.js:3:1)
    at Module._compile (node:internal/modules/cjs/loader:1257:14)
    at Module._extensions..js (node:internal/modules/cjs/loader:1311:10)
    at Module.load (node:internal/modules/cjs/loader:1115:32)
    at Module._load (node:internal/modules/cjs/loader:962:12)
    at Function.executeUserEntryPoint [as runMain] (node:internal/modules/run_main:83:12) {
  code: 'MODULE_NOT_FOUND',
  requireStack: [
    '/Users/nitsancohen/.bvm/versions/0.2.29/bit-0.2.29/node_modules/@teambit/legacy/bin/bit.js'
  ]
}

Node.js v20.3.1

    at checkExecSyncError (node:child_process:885:11)
    at Object.execSync (node:child_process:957:15)
    at CommandHelper.runCmd (src/e2e-helper/e2e-command-helper.ts:64:22)
    at ScopeHelper.initWorkspace (src/e2e-helper/e2e-scope-helper.ts:126:25)
    at Context.<anonymous> (e2e/commands/init.e2e.1.ts:71:28)
    at processImmediate (node:internal/timers:478:21)]]></failure>
    </testcase>
  </testsuite>
  <testsuite name="when scope.json is missing" timestamp="2023-08-21T21:40:20" tests="0" file="/Users/nitsancohen/coding/my-bit/bit/e2e/commands/init.e2e.1.ts" time="0.0640" failures="1">
    <testcase name="run bit init when scope.json is missing &quot;before all&quot; hook in &quot;when scope.json is missing&quot;" time="0.0640" classname="&quot;before all&quot; hook in &quot;when scope.json is missing&quot;">
      <failure message="Command failed: bit init
node:internal/modules/cjs/loader:1075
  throw err;
  ^

Error: Cannot find module &apos;../node_modules/@teambit/bit/dist/app&apos;
Require stack:
- /Users/nitsancohen/.bvm/versions/0.2.29/bit-0.2.29/node_modules/@teambit/legacy/bin/bit.js
    at Module._resolveFilename (node:internal/modules/cjs/loader:1072:15)
    at Module._load (node:internal/modules/cjs/loader:925:27)
    at Module.require (node:internal/modules/cjs/loader:1139:19)
    at require (node:internal/modules/helpers:121:18)
    at Object.&lt;anonymous&gt; (/Users/nitsancohen/.bvm/versions/0.2.29/bit-0.2.29/node_modules/@teambit/legacy/bin/bit.js:3:1)
    at Module._compile (node:internal/modules/cjs/loader:1257:14)
    at Module._extensions..js (node:internal/modules/cjs/loader:1311:10)
    at Module.load (node:internal/modules/cjs/loader:1115:32)
    at Module._load (node:internal/modules/cjs/loader:962:12)
    at Function.executeUserEntryPoint [as runMain] (node:internal/modules/run_main:83:12) {
  code: &apos;MODULE_NOT_FOUND&apos;,
  requireStack: [
    &apos;/Users/nitsancohen/.bvm/versions/0.2.29/bit-0.2.29/node_modules/@teambit/legacy/bin/bit.js&apos;
  ]
}

Node.js v20.3.1
" type="Error"><![CDATA[Error: Command failed: bit init
node:internal/modules/cjs/loader:1075
  throw err;
  ^

Error: Cannot find module '../node_modules/@teambit/bit/dist/app'
Require stack:
- /Users/nitsancohen/.bvm/versions/0.2.29/bit-0.2.29/node_modules/@teambit/legacy/bin/bit.js
    at Module._resolveFilename (node:internal/modules/cjs/loader:1072:15)
    at Module._load (node:internal/modules/cjs/loader:925:27)
    at Module.require (node:internal/modules/cjs/loader:1139:19)
    at require (node:internal/modules/helpers:121:18)
    at Object.<anonymous> (/Users/nitsancohen/.bvm/versions/0.2.29/bit-0.2.29/node_modules/@teambit/legacy/bin/bit.js:3:1)
    at Module._compile (node:internal/modules/cjs/loader:1257:14)
    at Module._extensions..js (node:internal/modules/cjs/loader:1311:10)
    at Module.load (node:internal/modules/cjs/loader:1115:32)
    at Module._load (node:internal/modules/cjs/loader:962:12)
    at Function.executeUserEntryPoint [as runMain] (node:internal/modules/run_main:83:12) {
  code: 'MODULE_NOT_FOUND',
  requireStack: [
    '/Users/nitsancohen/.bvm/versions/0.2.29/bit-0.2.29/node_modules/@teambit/legacy/bin/bit.js'
  ]
}

Node.js v20.3.1

    at checkExecSyncError (node:child_process:885:11)
    at Object.execSync (node:child_process:957:15)
    at CommandHelper.runCmd (src/e2e-helper/e2e-command-helper.ts:64:22)
    at ScopeHelper.initWorkspace (src/e2e-helper/e2e-scope-helper.ts:126:25)
    at ScopeHelper.reInitLocalScope (src/e2e-helper/e2e-scope-helper.ts:87:10)
    at Context.<anonymous> (e2e/commands/init.e2e.1.ts:98:26)
    at processImmediate (node:internal/timers:478:21)]]></failure>
    </testcase>
  </testsuite>
  <testsuite name="bit init --reset" timestamp="2023-08-21T21:40:20" tests="0" file="/Users/nitsancohen/coding/my-bit/bit/e2e/commands/init.e2e.1.ts" time="0.0000" failures="0">
  </testsuite>
  <testsuite name="when bitMap file is invalid" timestamp="2023-08-21T21:40:20" tests="2" file="/Users/nitsancohen/coding/my-bit/bit/e2e/commands/init.e2e.1.ts" time="0.0600" failures="1">
    <testcase name="run bit init bit init --reset when bitMap file is invalid &quot;before all&quot; hook for &quot;bit status should throw an exception InvalidBitMap&quot;" time="0.0600" classname="&quot;before all&quot; hook for &quot;bit status should throw an exception InvalidBitMap&quot;">
      <failure message="Command failed: bit init
node:internal/modules/cjs/loader:1075
  throw err;
  ^

Error: Cannot find module &apos;../node_modules/@teambit/bit/dist/app&apos;
Require stack:
- /Users/nitsancohen/.bvm/versions/0.2.29/bit-0.2.29/node_modules/@teambit/legacy/bin/bit.js
    at Module._resolveFilename (node:internal/modules/cjs/loader:1072:15)
    at Module._load (node:internal/modules/cjs/loader:925:27)
    at Module.require (node:internal/modules/cjs/loader:1139:19)
    at require (node:internal/modules/helpers:121:18)
    at Object.&lt;anonymous&gt; (/Users/nitsancohen/.bvm/versions/0.2.29/bit-0.2.29/node_modules/@teambit/legacy/bin/bit.js:3:1)
    at Module._compile (node:internal/modules/cjs/loader:1257:14)
    at Module._extensions..js (node:internal/modules/cjs/loader:1311:10)
    at Module.load (node:internal/modules/cjs/loader:1115:32)
    at Module._load (node:internal/modules/cjs/loader:962:12)
    at Function.executeUserEntryPoint [as runMain] (node:internal/modules/run_main:83:12) {
  code: &apos;MODULE_NOT_FOUND&apos;,
  requireStack: [
    &apos;/Users/nitsancohen/.bvm/versions/0.2.29/bit-0.2.29/node_modules/@teambit/legacy/bin/bit.js&apos;
  ]
}

Node.js v20.3.1
" type="Error"><![CDATA[Error: Command failed: bit init
node:internal/modules/cjs/loader:1075
  throw err;
  ^

Error: Cannot find module '../node_modules/@teambit/bit/dist/app'
Require stack:
- /Users/nitsancohen/.bvm/versions/0.2.29/bit-0.2.29/node_modules/@teambit/legacy/bin/bit.js
    at Module._resolveFilename (node:internal/modules/cjs/loader:1072:15)
    at Module._load (node:internal/modules/cjs/loader:925:27)
    at Module.require (node:internal/modules/cjs/loader:1139:19)
    at require (node:internal/modules/helpers:121:18)
    at Object.<anonymous> (/Users/nitsancohen/.bvm/versions/0.2.29/bit-0.2.29/node_modules/@teambit/legacy/bin/bit.js:3:1)
    at Module._compile (node:internal/modules/cjs/loader:1257:14)
    at Module._extensions..js (node:internal/modules/cjs/loader:1311:10)
    at Module.load (node:internal/modules/cjs/loader:1115:32)
    at Module._load (node:internal/modules/cjs/loader:962:12)
    at Function.executeUserEntryPoint [as runMain] (node:internal/modules/run_main:83:12) {
  code: 'MODULE_NOT_FOUND',
  requireStack: [
    '/Users/nitsancohen/.bvm/versions/0.2.29/bit-0.2.29/node_modules/@teambit/legacy/bin/bit.js'
  ]
}

Node.js v20.3.1

    at checkExecSyncError (node:child_process:885:11)
    at Object.execSync (node:child_process:957:15)
    at CommandHelper.runCmd (src/e2e-helper/e2e-command-helper.ts:64:22)
    at ScopeHelper.initWorkspace (src/e2e-helper/e2e-scope-helper.ts:126:25)
    at ScopeHelper.reInitLocalScope (src/e2e-helper/e2e-scope-helper.ts:87:10)
    at Context.<anonymous> (e2e/commands/init.e2e.1.ts:119:28)
    at processImmediate (node:internal/timers:478:21)]]></failure>
    </testcase>
  </testsuite>
  <testsuite name="when workspace.jsonc file is invalid" timestamp="2023-08-21T21:40:20" tests="1" file="/Users/nitsancohen/coding/my-bit/bit/e2e/commands/init.e2e.1.ts" time="0.0600" failures="1">
    <testcase name="run bit init bit init --reset when workspace.jsonc file is invalid &quot;before all&quot; hook for &quot;bit status should throw an exception InvalidBitJson&quot;" time="0.0600" classname="&quot;before all&quot; hook for &quot;bit status should throw an exception InvalidBitJson&quot;">
      <failure message="Command failed: bit init
node:internal/modules/cjs/loader:1075
  throw err;
  ^

Error: Cannot find module &apos;../node_modules/@teambit/bit/dist/app&apos;
Require stack:
- /Users/nitsancohen/.bvm/versions/0.2.29/bit-0.2.29/node_modules/@teambit/legacy/bin/bit.js
    at Module._resolveFilename (node:internal/modules/cjs/loader:1072:15)
    at Module._load (node:internal/modules/cjs/loader:925:27)
    at Module.require (node:internal/modules/cjs/loader:1139:19)
    at require (node:internal/modules/helpers:121:18)
    at Object.&lt;anonymous&gt; (/Users/nitsancohen/.bvm/versions/0.2.29/bit-0.2.29/node_modules/@teambit/legacy/bin/bit.js:3:1)
    at Module._compile (node:internal/modules/cjs/loader:1257:14)
    at Module._extensions..js (node:internal/modules/cjs/loader:1311:10)
    at Module.load (node:internal/modules/cjs/loader:1115:32)
    at Module._load (node:internal/modules/cjs/loader:962:12)
    at Function.executeUserEntryPoint [as runMain] (node:internal/modules/run_main:83:12) {
  code: &apos;MODULE_NOT_FOUND&apos;,
  requireStack: [
    &apos;/Users/nitsancohen/.bvm/versions/0.2.29/bit-0.2.29/node_modules/@teambit/legacy/bin/bit.js&apos;
  ]
}

Node.js v20.3.1
" type="Error"><![CDATA[Error: Command failed: bit init
node:internal/modules/cjs/loader:1075
  throw err;
  ^

Error: Cannot find module '../node_modules/@teambit/bit/dist/app'
Require stack:
- /Users/nitsancohen/.bvm/versions/0.2.29/bit-0.2.29/node_modules/@teambit/legacy/bin/bit.js
    at Module._resolveFilename (node:internal/modules/cjs/loader:1072:15)
    at Module._load (node:internal/modules/cjs/loader:925:27)
    at Module.require (node:internal/modules/cjs/loader:1139:19)
    at require (node:internal/modules/helpers:121:18)
    at Object.<anonymous> (/Users/nitsancohen/.bvm/versions/0.2.29/bit-0.2.29/node_modules/@teambit/legacy/bin/bit.js:3:1)
    at Module._compile (node:internal/modules/cjs/loader:1257:14)
    at Module._extensions..js (node:internal/modules/cjs/loader:1311:10)
    at Module.load (node:internal/modules/cjs/loader:1115:32)
    at Module._load (node:internal/modules/cjs/loader:962:12)
    at Function.executeUserEntryPoint [as runMain] (node:internal/modules/run_main:83:12) {
  code: 'MODULE_NOT_FOUND',
  requireStack: [
    '/Users/nitsancohen/.bvm/versions/0.2.29/bit-0.2.29/node_modules/@teambit/legacy/bin/bit.js'
  ]
}

Node.js v20.3.1

    at checkExecSyncError (node:child_process:885:11)
    at Object.execSync (node:child_process:957:15)
    at CommandHelper.runCmd (src/e2e-helper/e2e-command-helper.ts:64:22)
    at ScopeHelper.initWorkspace (src/e2e-helper/e2e-scope-helper.ts:126:25)
    at ScopeHelper.reInitLocalScope (src/e2e-helper/e2e-scope-helper.ts:87:10)
    at Context.<anonymous> (e2e/commands/init.e2e.1.ts:137:28)
    at processImmediate (node:internal/timers:478:21)]]></failure>
    </testcase>
  </testsuite>
  <testsuite name="an existing environment with model and with modified bitMap and bitJson" timestamp="2023-08-21T21:40:20" tests="0" file="/Users/nitsancohen/coding/my-bit/bit/e2e/commands/init.e2e.1.ts" time="0.0610" failures="1">
    <testcase name="run bit init an existing environment with model and with modified bitMap and bitJson &quot;before all&quot; hook in &quot;an existing environment with model and with modified bitMap and bitJson&quot;" time="0.0610" classname="&quot;before all&quot; hook in &quot;an existing environment with model and with modified bitMap and bitJson&quot;">
      <failure message="Command failed: bit init
node:internal/modules/cjs/loader:1075
  throw err;
  ^

Error: Cannot find module &apos;../node_modules/@teambit/bit/dist/app&apos;
Require stack:
- /Users/nitsancohen/.bvm/versions/0.2.29/bit-0.2.29/node_modules/@teambit/legacy/bin/bit.js
    at Module._resolveFilename (node:internal/modules/cjs/loader:1072:15)
    at Module._load (node:internal/modules/cjs/loader:925:27)
    at Module.require (node:internal/modules/cjs/loader:1139:19)
    at require (node:internal/modules/helpers:121:18)
    at Object.&lt;anonymous&gt; (/Users/nitsancohen/.bvm/versions/0.2.29/bit-0.2.29/node_modules/@teambit/legacy/bin/bit.js:3:1)
    at Module._compile (node:internal/modules/cjs/loader:1257:14)
    at Module._extensions..js (node:internal/modules/cjs/loader:1311:10)
    at Module.load (node:internal/modules/cjs/loader:1115:32)
    at Module._load (node:internal/modules/cjs/loader:962:12)
    at Function.executeUserEntryPoint [as runMain] (node:internal/modules/run_main:83:12) {
  code: &apos;MODULE_NOT_FOUND&apos;,
  requireStack: [
    &apos;/Users/nitsancohen/.bvm/versions/0.2.29/bit-0.2.29/node_modules/@teambit/legacy/bin/bit.js&apos;
  ]
}

Node.js v20.3.1
" type="Error"><![CDATA[Error: Command failed: bit init
node:internal/modules/cjs/loader:1075
  throw err;
  ^

Error: Cannot find module '../node_modules/@teambit/bit/dist/app'
Require stack:
- /Users/nitsancohen/.bvm/versions/0.2.29/bit-0.2.29/node_modules/@teambit/legacy/bin/bit.js
    at Module._resolveFilename (node:internal/modules/cjs/loader:1072:15)
    at Module._load (node:internal/modules/cjs/loader:925:27)
    at Module.require (node:internal/modules/cjs/loader:1139:19)
    at require (node:internal/modules/helpers:121:18)
    at Object.<anonymous> (/Users/nitsancohen/.bvm/versions/0.2.29/bit-0.2.29/node_modules/@teambit/legacy/bin/bit.js:3:1)
    at Module._compile (node:internal/modules/cjs/loader:1257:14)
    at Module._extensions..js (node:internal/modules/cjs/loader:1311:10)
    at Module.load (node:internal/modules/cjs/loader:1115:32)
    at Module._load (node:internal/modules/cjs/loader:962:12)
    at Function.executeUserEntryPoint [as runMain] (node:internal/modules/run_main:83:12) {
  code: 'MODULE_NOT_FOUND',
  requireStack: [
    '/Users/nitsancohen/.bvm/versions/0.2.29/bit-0.2.29/node_modules/@teambit/legacy/bin/bit.js'
  ]
}

Node.js v20.3.1

    at checkExecSyncError (node:child_process:885:11)
    at Object.execSync (node:child_process:957:15)
    at CommandHelper.runCmd (src/e2e-helper/e2e-command-helper.ts:64:22)
    at ScopeHelper.initWorkspace (src/e2e-helper/e2e-scope-helper.ts:126:25)
    at ScopeHelper.reInitLocalScope (src/e2e-helper/e2e-scope-helper.ts:87:10)
    at Context.<anonymous> (e2e/commands/init.e2e.1.ts:152:26)
    at processImmediate (node:internal/timers:478:21)]]></failure>
    </testcase>
  </testsuite>
  <testsuite name="when a project has package.json file" timestamp="2023-08-21T21:40:20" tests="0" file="/Users/nitsancohen/coding/my-bit/bit/e2e/commands/init.e2e.1.ts" time="0.0000" failures="0">
  </testsuite>
  <testsuite name="without --standalone flag" timestamp="2023-08-21T21:40:20" tests="2" file="/Users/nitsancohen/coding/my-bit/bit/e2e/commands/init.e2e.1.ts" time="0.5470" failures="1">
    <testcase name="run bit init when a project has package.json file without --standalone flag &quot;before all&quot; hook for &quot;should preserve the default npm indentation of 2&quot;" time="0.5470" classname="&quot;before all&quot; hook for &quot;should preserve the default npm indentation of 2&quot;">
      <failure message="Command failed: bit init
node:internal/modules/cjs/loader:1075
  throw err;
  ^

Error: Cannot find module &apos;../node_modules/@teambit/bit/dist/app&apos;
Require stack:
- /Users/nitsancohen/.bvm/versions/0.2.29/bit-0.2.29/node_modules/@teambit/legacy/bin/bit.js
    at Module._resolveFilename (node:internal/modules/cjs/loader:1072:15)
    at Module._load (node:internal/modules/cjs/loader:925:27)
    at Module.require (node:internal/modules/cjs/loader:1139:19)
    at require (node:internal/modules/helpers:121:18)
    at Object.&lt;anonymous&gt; (/Users/nitsancohen/.bvm/versions/0.2.29/bit-0.2.29/node_modules/@teambit/legacy/bin/bit.js:3:1)
    at Module._compile (node:internal/modules/cjs/loader:1257:14)
    at Module._extensions..js (node:internal/modules/cjs/loader:1311:10)
    at Module.load (node:internal/modules/cjs/loader:1115:32)
    at Module._load (node:internal/modules/cjs/loader:962:12)
    at Function.executeUserEntryPoint [as runMain] (node:internal/modules/run_main:83:12) {
  code: &apos;MODULE_NOT_FOUND&apos;,
  requireStack: [
    &apos;/Users/nitsancohen/.bvm/versions/0.2.29/bit-0.2.29/node_modules/@teambit/legacy/bin/bit.js&apos;
  ]
}

Node.js v20.3.1
" type="Error"><![CDATA[Error: Command failed: bit init
node:internal/modules/cjs/loader:1075
  throw err;
  ^

Error: Cannot find module '../node_modules/@teambit/bit/dist/app'
Require stack:
- /Users/nitsancohen/.bvm/versions/0.2.29/bit-0.2.29/node_modules/@teambit/legacy/bin/bit.js
    at Module._resolveFilename (node:internal/modules/cjs/loader:1072:15)
    at Module._load (node:internal/modules/cjs/loader:925:27)
    at Module.require (node:internal/modules/cjs/loader:1139:19)
    at require (node:internal/modules/helpers:121:18)
    at Object.<anonymous> (/Users/nitsancohen/.bvm/versions/0.2.29/bit-0.2.29/node_modules/@teambit/legacy/bin/bit.js:3:1)
    at Module._compile (node:internal/modules/cjs/loader:1257:14)
    at Module._extensions..js (node:internal/modules/cjs/loader:1311:10)
    at Module.load (node:internal/modules/cjs/loader:1115:32)
    at Module._load (node:internal/modules/cjs/loader:962:12)
    at Function.executeUserEntryPoint [as runMain] (node:internal/modules/run_main:83:12) {
  code: 'MODULE_NOT_FOUND',
  requireStack: [
    '/Users/nitsancohen/.bvm/versions/0.2.29/bit-0.2.29/node_modules/@teambit/legacy/bin/bit.js'
  ]
}

Node.js v20.3.1

    at checkExecSyncError (node:child_process:885:11)
    at Object.execSync (node:child_process:957:15)
    at CommandHelper.runCmd (src/e2e-helper/e2e-command-helper.ts:64:22)
    at ScopeHelper.initWorkspace (src/e2e-helper/e2e-scope-helper.ts:126:25)
    at Context.<anonymous> (e2e/commands/init.e2e.1.ts:241:28)
    at processImmediate (node:internal/timers:478:21)]]></failure>
    </testcase>
  </testsuite>
  <testsuite name="with --standalone flag" timestamp="2023-08-21T21:40:20" tests="2" file="/Users/nitsancohen/coding/my-bit/bit/e2e/commands/init.e2e.1.ts" time="0.3270" failures="1">
    <testcase name="run bit init when a project has package.json file with --standalone flag &quot;before all&quot; hook for &quot;should not write the bit.json content into the package.json file&quot;" time="0.3270" classname="&quot;before all&quot; hook for &quot;should not write the bit.json content into the package.json file&quot;">
      <failure message="Command failed: bit init --standalone
node:internal/modules/cjs/loader:1075
  throw err;
  ^

Error: Cannot find module &apos;../node_modules/@teambit/bit/dist/app&apos;
Require stack:
- /Users/nitsancohen/.bvm/versions/0.2.29/bit-0.2.29/node_modules/@teambit/legacy/bin/bit.js
    at Module._resolveFilename (node:internal/modules/cjs/loader:1072:15)
    at Module._load (node:internal/modules/cjs/loader:925:27)
    at Module.require (node:internal/modules/cjs/loader:1139:19)
    at require (node:internal/modules/helpers:121:18)
    at Object.&lt;anonymous&gt; (/Users/nitsancohen/.bvm/versions/0.2.29/bit-0.2.29/node_modules/@teambit/legacy/bin/bit.js:3:1)
    at Module._compile (node:internal/modules/cjs/loader:1257:14)
    at Module._extensions..js (node:internal/modules/cjs/loader:1311:10)
    at Module.load (node:internal/modules/cjs/loader:1115:32)
    at Module._load (node:internal/modules/cjs/loader:962:12)
    at Function.executeUserEntryPoint [as runMain] (node:internal/modules/run_main:83:12) {
  code: &apos;MODULE_NOT_FOUND&apos;,
  requireStack: [
    &apos;/Users/nitsancohen/.bvm/versions/0.2.29/bit-0.2.29/node_modules/@teambit/legacy/bin/bit.js&apos;
  ]
}

Node.js v20.3.1
" type="Error"><![CDATA[Error: Command failed: bit init --standalone
node:internal/modules/cjs/loader:1075
  throw err;
  ^

Error: Cannot find module '../node_modules/@teambit/bit/dist/app'
Require stack:
- /Users/nitsancohen/.bvm/versions/0.2.29/bit-0.2.29/node_modules/@teambit/legacy/bin/bit.js
    at Module._resolveFilename (node:internal/modules/cjs/loader:1072:15)
    at Module._load (node:internal/modules/cjs/loader:925:27)
    at Module.require (node:internal/modules/cjs/loader:1139:19)
    at require (node:internal/modules/helpers:121:18)
    at Object.<anonymous> (/Users/nitsancohen/.bvm/versions/0.2.29/bit-0.2.29/node_modules/@teambit/legacy/bin/bit.js:3:1)
    at Module._compile (node:internal/modules/cjs/loader:1257:14)
    at Module._extensions..js (node:internal/modules/cjs/loader:1311:10)
    at Module.load (node:internal/modules/cjs/loader:1115:32)
    at Module._load (node:internal/modules/cjs/loader:962:12)
    at Function.executeUserEntryPoint [as runMain] (node:internal/modules/run_main:83:12) {
  code: 'MODULE_NOT_FOUND',
  requireStack: [
    '/Users/nitsancohen/.bvm/versions/0.2.29/bit-0.2.29/node_modules/@teambit/legacy/bin/bit.js'
  ]
}

Node.js v20.3.1

    at checkExecSyncError (node:child_process:885:11)
    at Object.execSync (node:child_process:957:15)
    at CommandHelper.runCmd (src/e2e-helper/e2e-command-helper.ts:64:22)
    at Context.<anonymous> (e2e/commands/init.e2e.1.ts:256:24)
    at processImmediate (node:internal/timers:478:21)]]></failure>
    </testcase>
  </testsuite>
  <testsuite name="with an indentation of 4" timestamp="2023-08-21T21:40:21" tests="1" file="/Users/nitsancohen/coding/my-bit/bit/e2e/commands/init.e2e.1.ts" time="0.3330" failures="1">
    <testcase name="run bit init when a project has package.json file with an indentation of 4 &quot;before all&quot; hook for &quot;should preserve the original indentation and keep it as 4&quot;" time="0.3330" classname="&quot;before all&quot; hook for &quot;should preserve the original indentation and keep it as 4&quot;">
      <failure message="Command failed: bit init
node:internal/modules/cjs/loader:1075
  throw err;
  ^

Error: Cannot find module &apos;../node_modules/@teambit/bit/dist/app&apos;
Require stack:
- /Users/nitsancohen/.bvm/versions/0.2.29/bit-0.2.29/node_modules/@teambit/legacy/bin/bit.js
    at Module._resolveFilename (node:internal/modules/cjs/loader:1072:15)
    at Module._load (node:internal/modules/cjs/loader:925:27)
    at Module.require (node:internal/modules/cjs/loader:1139:19)
    at require (node:internal/modules/helpers:121:18)
    at Object.&lt;anonymous&gt; (/Users/nitsancohen/.bvm/versions/0.2.29/bit-0.2.29/node_modules/@teambit/legacy/bin/bit.js:3:1)
    at Module._compile (node:internal/modules/cjs/loader:1257:14)
    at Module._extensions..js (node:internal/modules/cjs/loader:1311:10)
    at Module.load (node:internal/modules/cjs/loader:1115:32)
    at Module._load (node:internal/modules/cjs/loader:962:12)
    at Function.executeUserEntryPoint [as runMain] (node:internal/modules/run_main:83:12) {
  code: &apos;MODULE_NOT_FOUND&apos;,
  requireStack: [
    &apos;/Users/nitsancohen/.bvm/versions/0.2.29/bit-0.2.29/node_modules/@teambit/legacy/bin/bit.js&apos;
  ]
}

Node.js v20.3.1
" type="Error"><![CDATA[Error: Command failed: bit init
node:internal/modules/cjs/loader:1075
  throw err;
  ^

Error: Cannot find module '../node_modules/@teambit/bit/dist/app'
Require stack:
- /Users/nitsancohen/.bvm/versions/0.2.29/bit-0.2.29/node_modules/@teambit/legacy/bin/bit.js
    at Module._resolveFilename (node:internal/modules/cjs/loader:1072:15)
    at Module._load (node:internal/modules/cjs/loader:925:27)
    at Module.require (node:internal/modules/cjs/loader:1139:19)
    at require (node:internal/modules/helpers:121:18)
    at Object.<anonymous> (/Users/nitsancohen/.bvm/versions/0.2.29/bit-0.2.29/node_modules/@teambit/legacy/bin/bit.js:3:1)
    at Module._compile (node:internal/modules/cjs/loader:1257:14)
    at Module._extensions..js (node:internal/modules/cjs/loader:1311:10)
    at Module.load (node:internal/modules/cjs/loader:1115:32)
    at Module._load (node:internal/modules/cjs/loader:962:12)
    at Function.executeUserEntryPoint [as runMain] (node:internal/modules/run_main:83:12) {
  code: 'MODULE_NOT_FOUND',
  requireStack: [
    '/Users/nitsancohen/.bvm/versions/0.2.29/bit-0.2.29/node_modules/@teambit/legacy/bin/bit.js'
  ]
}

Node.js v20.3.1

    at checkExecSyncError (node:child_process:885:11)
    at Object.execSync (node:child_process:957:15)
    at CommandHelper.runCmd (src/e2e-helper/e2e-command-helper.ts:64:22)
    at ScopeHelper.initWorkspace (src/e2e-helper/e2e-scope-helper.ts:126:25)
    at Context.<anonymous> (e2e/commands/init.e2e.1.ts:273:28)
    at processImmediate (node:internal/timers:478:21)]]></failure>
    </testcase>
  </testsuite>
  <testsuite name="when there is .bitmap, bit.json but not .bit dir" timestamp="2023-08-21T21:40:21" tests="0" file="/Users/nitsancohen/coding/my-bit/bit/e2e/commands/init.e2e.1.ts" time="0.0000" failures="0">
  </testsuite>
  <testsuite name="when .bit located directly on workspace root" timestamp="2023-08-21T21:40:21" tests="1" file="/Users/nitsancohen/coding/my-bit/bit/e2e/commands/init.e2e.1.ts" time="0.0630" failures="1">
    <testcase name="run bit init when there is .bitmap, bit.json but not .bit dir when .bit located directly on workspace root &quot;before all&quot; hook for &quot;bit ls (or any other command) should not throw an error and should rebuild .bit dir&quot;" time="0.0630" classname="&quot;before all&quot; hook for &quot;bit ls (or any other command) should not throw an error and should rebuild .bit dir&quot;">
      <failure message="Command failed: bit init
node:internal/modules/cjs/loader:1075
  throw err;
  ^

Error: Cannot find module &apos;../node_modules/@teambit/bit/dist/app&apos;
Require stack:
- /Users/nitsancohen/.bvm/versions/0.2.29/bit-0.2.29/node_modules/@teambit/legacy/bin/bit.js
    at Module._resolveFilename (node:internal/modules/cjs/loader:1072:15)
    at Module._load (node:internal/modules/cjs/loader:925:27)
    at Module.require (node:internal/modules/cjs/loader:1139:19)
    at require (node:internal/modules/helpers:121:18)
    at Object.&lt;anonymous&gt; (/Users/nitsancohen/.bvm/versions/0.2.29/bit-0.2.29/node_modules/@teambit/legacy/bin/bit.js:3:1)
    at Module._compile (node:internal/modules/cjs/loader:1257:14)
    at Module._extensions..js (node:internal/modules/cjs/loader:1311:10)
    at Module.load (node:internal/modules/cjs/loader:1115:32)
    at Module._load (node:internal/modules/cjs/loader:962:12)
    at Function.executeUserEntryPoint [as runMain] (node:internal/modules/run_main:83:12) {
  code: &apos;MODULE_NOT_FOUND&apos;,
  requireStack: [
    &apos;/Users/nitsancohen/.bvm/versions/0.2.29/bit-0.2.29/node_modules/@teambit/legacy/bin/bit.js&apos;
  ]
}

Node.js v20.3.1
" type="Error"><![CDATA[Error: Command failed: bit init
node:internal/modules/cjs/loader:1075
  throw err;
  ^

Error: Cannot find module '../node_modules/@teambit/bit/dist/app'
Require stack:
- /Users/nitsancohen/.bvm/versions/0.2.29/bit-0.2.29/node_modules/@teambit/legacy/bin/bit.js
    at Module._resolveFilename (node:internal/modules/cjs/loader:1072:15)
    at Module._load (node:internal/modules/cjs/loader:925:27)
    at Module.require (node:internal/modules/cjs/loader:1139:19)
    at require (node:internal/modules/helpers:121:18)
    at Object.<anonymous> (/Users/nitsancohen/.bvm/versions/0.2.29/bit-0.2.29/node_modules/@teambit/legacy/bin/bit.js:3:1)
    at Module._compile (node:internal/modules/cjs/loader:1257:14)
    at Module._extensions..js (node:internal/modules/cjs/loader:1311:10)
    at Module.load (node:internal/modules/cjs/loader:1115:32)
    at Module._load (node:internal/modules/cjs/loader:962:12)
    at Function.executeUserEntryPoint [as runMain] (node:internal/modules/run_main:83:12) {
  code: 'MODULE_NOT_FOUND',
  requireStack: [
    '/Users/nitsancohen/.bvm/versions/0.2.29/bit-0.2.29/node_modules/@teambit/legacy/bin/bit.js'
  ]
}

Node.js v20.3.1

    at checkExecSyncError (node:child_process:885:11)
    at Object.execSync (node:child_process:957:15)
    at CommandHelper.runCmd (src/e2e-helper/e2e-command-helper.ts:64:22)
    at ScopeHelper.initWorkspace (src/e2e-helper/e2e-scope-helper.ts:126:25)
    at ScopeHelper.reInitLocalScope (src/e2e-helper/e2e-scope-helper.ts:87:10)
    at Context.<anonymous> (e2e/commands/init.e2e.1.ts:284:28)
    at processImmediate (node:internal/timers:478:21)]]></failure>
    </testcase>
  </testsuite>
  <testsuite name="when bit located on .git" timestamp="2023-08-21T21:40:21" tests="1" file="/Users/nitsancohen/coding/my-bit/bit/e2e/commands/init.e2e.1.ts" time="0.0940" failures="1">
    <testcase name="run bit init when there is .bitmap, bit.json but not .bit dir when bit located on .git &quot;before all&quot; hook for &quot;bit ls (or any other command) should not throw an error and should rebuild .bit dir&quot;" time="0.0940" classname="&quot;before all&quot; hook for &quot;bit ls (or any other command) should not throw an error and should rebuild .bit dir&quot;">
      <failure message="Command failed: bit init
node:internal/modules/cjs/loader:1075
  throw err;
  ^

Error: Cannot find module &apos;../node_modules/@teambit/bit/dist/app&apos;
Require stack:
- /Users/nitsancohen/.bvm/versions/0.2.29/bit-0.2.29/node_modules/@teambit/legacy/bin/bit.js
    at Module._resolveFilename (node:internal/modules/cjs/loader:1072:15)
    at Module._load (node:internal/modules/cjs/loader:925:27)
    at Module.require (node:internal/modules/cjs/loader:1139:19)
    at require (node:internal/modules/helpers:121:18)
    at Object.&lt;anonymous&gt; (/Users/nitsancohen/.bvm/versions/0.2.29/bit-0.2.29/node_modules/@teambit/legacy/bin/bit.js:3:1)
    at Module._compile (node:internal/modules/cjs/loader:1257:14)
    at Module._extensions..js (node:internal/modules/cjs/loader:1311:10)
    at Module.load (node:internal/modules/cjs/loader:1115:32)
    at Module._load (node:internal/modules/cjs/loader:962:12)
    at Function.executeUserEntryPoint [as runMain] (node:internal/modules/run_main:83:12) {
  code: &apos;MODULE_NOT_FOUND&apos;,
  requireStack: [
    &apos;/Users/nitsancohen/.bvm/versions/0.2.29/bit-0.2.29/node_modules/@teambit/legacy/bin/bit.js&apos;
  ]
}

Node.js v20.3.1
" type="Error"><![CDATA[Error: Command failed: bit init
node:internal/modules/cjs/loader:1075
  throw err;
  ^

Error: Cannot find module '../node_modules/@teambit/bit/dist/app'
Require stack:
- /Users/nitsancohen/.bvm/versions/0.2.29/bit-0.2.29/node_modules/@teambit/legacy/bin/bit.js
    at Module._resolveFilename (node:internal/modules/cjs/loader:1072:15)
    at Module._load (node:internal/modules/cjs/loader:925:27)
    at Module.require (node:internal/modules/cjs/loader:1139:19)
    at require (node:internal/modules/helpers:121:18)
    at Object.<anonymous> (/Users/nitsancohen/.bvm/versions/0.2.29/bit-0.2.29/node_modules/@teambit/legacy/bin/bit.js:3:1)
    at Module._compile (node:internal/modules/cjs/loader:1257:14)
    at Module._extensions..js (node:internal/modules/cjs/loader:1311:10)
    at Module.load (node:internal/modules/cjs/loader:1115:32)
    at Module._load (node:internal/modules/cjs/loader:962:12)
    at Function.executeUserEntryPoint [as runMain] (node:internal/modules/run_main:83:12) {
  code: 'MODULE_NOT_FOUND',
  requireStack: [
    '/Users/nitsancohen/.bvm/versions/0.2.29/bit-0.2.29/node_modules/@teambit/legacy/bin/bit.js'
  ]
}

Node.js v20.3.1

    at checkExecSyncError (node:child_process:885:11)
    at Object.execSync (node:child_process:957:15)
    at CommandHelper.runCmd (src/e2e-helper/e2e-command-helper.ts:64:22)
    at ScopeHelper.initWorkspace (src/e2e-helper/e2e-scope-helper.ts:126:25)
    at Context.<anonymous> (e2e/commands/init.e2e.1.ts:298:28)
    at processImmediate (node:internal/timers:478:21)]]></failure>
    </testcase>
  </testsuite>
  <testsuite name="when running from an inner directory that has also .bitmap" timestamp="2023-08-21T21:40:21" tests="1" file="/Users/nitsancohen/coding/my-bit/bit/e2e/commands/init.e2e.1.ts" time="0.0640" failures="1">
    <testcase name="run bit init when there is .bitmap, bit.json but not .bit dir when running from an inner directory that has also .bitmap &quot;before all&quot; hook for &quot;bit ls (or any other command) should not throw an error and should rebuild .bit dir in the inner directory&quot;" time="0.0640" classname="&quot;before all&quot; hook for &quot;bit ls (or any other command) should not throw an error and should rebuild .bit dir in the inner directory&quot;">
      <failure message="Command failed: bit init
node:internal/modules/cjs/loader:1075
  throw err;
  ^

Error: Cannot find module &apos;../node_modules/@teambit/bit/dist/app&apos;
Require stack:
- /Users/nitsancohen/.bvm/versions/0.2.29/bit-0.2.29/node_modules/@teambit/legacy/bin/bit.js
    at Module._resolveFilename (node:internal/modules/cjs/loader:1072:15)
    at Module._load (node:internal/modules/cjs/loader:925:27)
    at Module.require (node:internal/modules/cjs/loader:1139:19)
    at require (node:internal/modules/helpers:121:18)
    at Object.&lt;anonymous&gt; (/Users/nitsancohen/.bvm/versions/0.2.29/bit-0.2.29/node_modules/@teambit/legacy/bin/bit.js:3:1)
    at Module._compile (node:internal/modules/cjs/loader:1257:14)
    at Module._extensions..js (node:internal/modules/cjs/loader:1311:10)
    at Module.load (node:internal/modules/cjs/loader:1115:32)
    at Module._load (node:internal/modules/cjs/loader:962:12)
    at Function.executeUserEntryPoint [as runMain] (node:internal/modules/run_main:83:12) {
  code: &apos;MODULE_NOT_FOUND&apos;,
  requireStack: [
    &apos;/Users/nitsancohen/.bvm/versions/0.2.29/bit-0.2.29/node_modules/@teambit/legacy/bin/bit.js&apos;
  ]
}

Node.js v20.3.1
" type="Error"><![CDATA[Error: Command failed: bit init
node:internal/modules/cjs/loader:1075
  throw err;
  ^

Error: Cannot find module '../node_modules/@teambit/bit/dist/app'
Require stack:
- /Users/nitsancohen/.bvm/versions/0.2.29/bit-0.2.29/node_modules/@teambit/legacy/bin/bit.js
    at Module._resolveFilename (node:internal/modules/cjs/loader:1072:15)
    at Module._load (node:internal/modules/cjs/loader:925:27)
    at Module.require (node:internal/modules/cjs/loader:1139:19)
    at require (node:internal/modules/helpers:121:18)
    at Object.<anonymous> (/Users/nitsancohen/.bvm/versions/0.2.29/bit-0.2.29/node_modules/@teambit/legacy/bin/bit.js:3:1)
    at Module._compile (node:internal/modules/cjs/loader:1257:14)
    at Module._extensions..js (node:internal/modules/cjs/loader:1311:10)
    at Module.load (node:internal/modules/cjs/loader:1115:32)
    at Module._load (node:internal/modules/cjs/loader:962:12)
    at Function.executeUserEntryPoint [as runMain] (node:internal/modules/run_main:83:12) {
  code: 'MODULE_NOT_FOUND',
  requireStack: [
    '/Users/nitsancohen/.bvm/versions/0.2.29/bit-0.2.29/node_modules/@teambit/legacy/bin/bit.js'
  ]
}

Node.js v20.3.1

    at checkExecSyncError (node:child_process:885:11)
    at Object.execSync (node:child_process:957:15)
    at CommandHelper.runCmd (src/e2e-helper/e2e-command-helper.ts:64:22)
    at ScopeHelper.initWorkspace (src/e2e-helper/e2e-scope-helper.ts:126:25)
    at ScopeHelper.reInitLocalScope (src/e2e-helper/e2e-scope-helper.ts:87:10)
    at Context.<anonymous> (e2e/commands/init.e2e.1.ts:311:28)
    at processImmediate (node:internal/timers:478:21)]]></failure>
    </testcase>
  </testsuite>
  <testsuite name="bit list command" timestamp="2023-08-21T21:40:21" tests="0" file="/Users/nitsancohen/coding/my-bit/bit/e2e/commands/list.e2e.1.ts" time="0.0000" failures="0">
  </testsuite>
  <testsuite name="when no components created" timestamp="2023-08-21T21:40:21" tests="1" file="/Users/nitsancohen/coding/my-bit/bit/e2e/commands/list.e2e.1.ts" time="0.0610" failures="1">
    <testcase name="bit list command when no components created &quot;before all&quot; hook for &quot;should display &quot;found 0 components&quot;&quot;" time="0.0610" classname="&quot;before all&quot; hook for &quot;should display &quot;found 0 components&quot;&quot;">
      <failure message="Command failed: bit init
node:internal/modules/cjs/loader:1075
  throw err;
  ^

Error: Cannot find module &apos;../node_modules/@teambit/bit/dist/app&apos;
Require stack:
- /Users/nitsancohen/.bvm/versions/0.2.29/bit-0.2.29/node_modules/@teambit/legacy/bin/bit.js
    at Module._resolveFilename (node:internal/modules/cjs/loader:1072:15)
    at Module._load (node:internal/modules/cjs/loader:925:27)
    at Module.require (node:internal/modules/cjs/loader:1139:19)
    at require (node:internal/modules/helpers:121:18)
    at Object.&lt;anonymous&gt; (/Users/nitsancohen/.bvm/versions/0.2.29/bit-0.2.29/node_modules/@teambit/legacy/bin/bit.js:3:1)
    at Module._compile (node:internal/modules/cjs/loader:1257:14)
    at Module._extensions..js (node:internal/modules/cjs/loader:1311:10)
    at Module.load (node:internal/modules/cjs/loader:1115:32)
    at Module._load (node:internal/modules/cjs/loader:962:12)
    at Function.executeUserEntryPoint [as runMain] (node:internal/modules/run_main:83:12) {
  code: &apos;MODULE_NOT_FOUND&apos;,
  requireStack: [
    &apos;/Users/nitsancohen/.bvm/versions/0.2.29/bit-0.2.29/node_modules/@teambit/legacy/bin/bit.js&apos;
  ]
}

Node.js v20.3.1
" type="Error"><![CDATA[Error: Command failed: bit init
node:internal/modules/cjs/loader:1075
  throw err;
  ^

Error: Cannot find module '../node_modules/@teambit/bit/dist/app'
Require stack:
- /Users/nitsancohen/.bvm/versions/0.2.29/bit-0.2.29/node_modules/@teambit/legacy/bin/bit.js
    at Module._resolveFilename (node:internal/modules/cjs/loader:1072:15)
    at Module._load (node:internal/modules/cjs/loader:925:27)
    at Module.require (node:internal/modules/cjs/loader:1139:19)
    at require (node:internal/modules/helpers:121:18)
    at Object.<anonymous> (/Users/nitsancohen/.bvm/versions/0.2.29/bit-0.2.29/node_modules/@teambit/legacy/bin/bit.js:3:1)
    at Module._compile (node:internal/modules/cjs/loader:1257:14)
    at Module._extensions..js (node:internal/modules/cjs/loader:1311:10)
    at Module.load (node:internal/modules/cjs/loader:1115:32)
    at Module._load (node:internal/modules/cjs/loader:962:12)
    at Function.executeUserEntryPoint [as runMain] (node:internal/modules/run_main:83:12) {
  code: 'MODULE_NOT_FOUND',
  requireStack: [
    '/Users/nitsancohen/.bvm/versions/0.2.29/bit-0.2.29/node_modules/@teambit/legacy/bin/bit.js'
  ]
}

Node.js v20.3.1

    at checkExecSyncError (node:child_process:885:11)
    at Object.execSync (node:child_process:957:15)
    at CommandHelper.runCmd (src/e2e-helper/e2e-command-helper.ts:64:22)
    at ScopeHelper.initWorkspace (src/e2e-helper/e2e-scope-helper.ts:126:25)
    at Context.<anonymous> (e2e/commands/list.e2e.1.ts:17:26)
    at processImmediate (node:internal/timers:478:21)]]></failure>
    </testcase>
  </testsuite>
  <testsuite name="when a component is created but not tagged" timestamp="2023-08-21T21:40:21" tests="1" file="/Users/nitsancohen/coding/my-bit/bit/e2e/commands/list.e2e.1.ts" time="0.0610" failures="1">
    <testcase name="bit list command when a component is created but not tagged &quot;before all&quot; hook for &quot;should display &quot;found 0 components&quot;&quot;" time="0.0610" classname="&quot;before all&quot; hook for &quot;should display &quot;found 0 components&quot;&quot;">
      <failure message="Command failed: bit init
node:internal/modules/cjs/loader:1075
  throw err;
  ^

Error: Cannot find module &apos;../node_modules/@teambit/bit/dist/app&apos;
Require stack:
- /Users/nitsancohen/.bvm/versions/0.2.29/bit-0.2.29/node_modules/@teambit/legacy/bin/bit.js
    at Module._resolveFilename (node:internal/modules/cjs/loader:1072:15)
    at Module._load (node:internal/modules/cjs/loader:925:27)
    at Module.require (node:internal/modules/cjs/loader:1139:19)
    at require (node:internal/modules/helpers:121:18)
    at Object.&lt;anonymous&gt; (/Users/nitsancohen/.bvm/versions/0.2.29/bit-0.2.29/node_modules/@teambit/legacy/bin/bit.js:3:1)
    at Module._compile (node:internal/modules/cjs/loader:1257:14)
    at Module._extensions..js (node:internal/modules/cjs/loader:1311:10)
    at Module.load (node:internal/modules/cjs/loader:1115:32)
    at Module._load (node:internal/modules/cjs/loader:962:12)
    at Function.executeUserEntryPoint [as runMain] (node:internal/modules/run_main:83:12) {
  code: &apos;MODULE_NOT_FOUND&apos;,
  requireStack: [
    &apos;/Users/nitsancohen/.bvm/versions/0.2.29/bit-0.2.29/node_modules/@teambit/legacy/bin/bit.js&apos;
  ]
}

Node.js v20.3.1
" type="Error"><![CDATA[Error: Command failed: bit init
node:internal/modules/cjs/loader:1075
  throw err;
  ^

Error: Cannot find module '../node_modules/@teambit/bit/dist/app'
Require stack:
- /Users/nitsancohen/.bvm/versions/0.2.29/bit-0.2.29/node_modules/@teambit/legacy/bin/bit.js
    at Module._resolveFilename (node:internal/modules/cjs/loader:1072:15)
    at Module._load (node:internal/modules/cjs/loader:925:27)
    at Module.require (node:internal/modules/cjs/loader:1139:19)
    at require (node:internal/modules/helpers:121:18)
    at Object.<anonymous> (/Users/nitsancohen/.bvm/versions/0.2.29/bit-0.2.29/node_modules/@teambit/legacy/bin/bit.js:3:1)
    at Module._compile (node:internal/modules/cjs/loader:1257:14)
    at Module._extensions..js (node:internal/modules/cjs/loader:1311:10)
    at Module.load (node:internal/modules/cjs/loader:1115:32)
    at Module._load (node:internal/modules/cjs/loader:962:12)
    at Function.executeUserEntryPoint [as runMain] (node:internal/modules/run_main:83:12) {
  code: 'MODULE_NOT_FOUND',
  requireStack: [
    '/Users/nitsancohen/.bvm/versions/0.2.29/bit-0.2.29/node_modules/@teambit/legacy/bin/bit.js'
  ]
}

Node.js v20.3.1

    at checkExecSyncError (node:child_process:885:11)
    at Object.execSync (node:child_process:957:15)
    at CommandHelper.runCmd (src/e2e-helper/e2e-command-helper.ts:64:22)
    at ScopeHelper.initWorkspace (src/e2e-helper/e2e-scope-helper.ts:126:25)
    at ScopeHelper.reInitLocalScope (src/e2e-helper/e2e-scope-helper.ts:87:10)
    at Context.<anonymous> (e2e/commands/list.e2e.1.ts:26:26)
    at processImmediate (node:internal/timers:478:21)]]></failure>
    </testcase>
  </testsuite>
  <testsuite name="when a component is created and tagged" timestamp="2023-08-21T21:40:21" tests="1" file="/Users/nitsancohen/coding/my-bit/bit/e2e/commands/list.e2e.1.ts" time="0.0600" failures="1">
    <testcase name="bit list command when a component is created and tagged &quot;before all&quot; hook for &quot;should display &quot;found 1 components&quot;&quot;" time="0.0600" classname="&quot;before all&quot; hook for &quot;should display &quot;found 1 components&quot;&quot;">
      <failure message="Command failed: bit init
node:internal/modules/cjs/loader:1075
  throw err;
  ^

Error: Cannot find module &apos;../node_modules/@teambit/bit/dist/app&apos;
Require stack:
- /Users/nitsancohen/.bvm/versions/0.2.29/bit-0.2.29/node_modules/@teambit/legacy/bin/bit.js
    at Module._resolveFilename (node:internal/modules/cjs/loader:1072:15)
    at Module._load (node:internal/modules/cjs/loader:925:27)
    at Module.require (node:internal/modules/cjs/loader:1139:19)
    at require (node:internal/modules/helpers:121:18)
    at Object.&lt;anonymous&gt; (/Users/nitsancohen/.bvm/versions/0.2.29/bit-0.2.29/node_modules/@teambit/legacy/bin/bit.js:3:1)
    at Module._compile (node:internal/modules/cjs/loader:1257:14)
    at Module._extensions..js (node:internal/modules/cjs/loader:1311:10)
    at Module.load (node:internal/modules/cjs/loader:1115:32)
    at Module._load (node:internal/modules/cjs/loader:962:12)
    at Function.executeUserEntryPoint [as runMain] (node:internal/modules/run_main:83:12) {
  code: &apos;MODULE_NOT_FOUND&apos;,
  requireStack: [
    &apos;/Users/nitsancohen/.bvm/versions/0.2.29/bit-0.2.29/node_modules/@teambit/legacy/bin/bit.js&apos;
  ]
}

Node.js v20.3.1
" type="Error"><![CDATA[Error: Command failed: bit init
node:internal/modules/cjs/loader:1075
  throw err;
  ^

Error: Cannot find module '../node_modules/@teambit/bit/dist/app'
Require stack:
- /Users/nitsancohen/.bvm/versions/0.2.29/bit-0.2.29/node_modules/@teambit/legacy/bin/bit.js
    at Module._resolveFilename (node:internal/modules/cjs/loader:1072:15)
    at Module._load (node:internal/modules/cjs/loader:925:27)
    at Module.require (node:internal/modules/cjs/loader:1139:19)
    at require (node:internal/modules/helpers:121:18)
    at Object.<anonymous> (/Users/nitsancohen/.bvm/versions/0.2.29/bit-0.2.29/node_modules/@teambit/legacy/bin/bit.js:3:1)
    at Module._compile (node:internal/modules/cjs/loader:1257:14)
    at Module._extensions..js (node:internal/modules/cjs/loader:1311:10)
    at Module.load (node:internal/modules/cjs/loader:1115:32)
    at Module._load (node:internal/modules/cjs/loader:962:12)
    at Function.executeUserEntryPoint [as runMain] (node:internal/modules/run_main:83:12) {
  code: 'MODULE_NOT_FOUND',
  requireStack: [
    '/Users/nitsancohen/.bvm/versions/0.2.29/bit-0.2.29/node_modules/@teambit/legacy/bin/bit.js'
  ]
}

Node.js v20.3.1

    at checkExecSyncError (node:child_process:885:11)
    at Object.execSync (node:child_process:957:15)
    at CommandHelper.runCmd (src/e2e-helper/e2e-command-helper.ts:64:22)
    at ScopeHelper.initWorkspace (src/e2e-helper/e2e-scope-helper.ts:126:25)
    at ScopeHelper.reInitLocalScope (src/e2e-helper/e2e-scope-helper.ts:87:10)
    at Context.<anonymous> (e2e/commands/list.e2e.1.ts:37:26)
    at processImmediate (node:internal/timers:478:21)]]></failure>
    </testcase>
  </testsuite>
  <testsuite name="with --outdated flag" timestamp="2023-08-21T21:40:22" tests="0" file="/Users/nitsancohen/coding/my-bit/bit/e2e/commands/list.e2e.1.ts" time="0.0000" failures="0">
  </testsuite>
  <testsuite name="when a remote component has a higher version than the local component" timestamp="2023-08-21T21:40:22" tests="1" file="/Users/nitsancohen/coding/my-bit/bit/e2e/commands/list.e2e.1.ts" time="0.0600" failures="1">
    <testcase name="bit list command with --outdated flag when a remote component has a higher version than the local component &quot;before all&quot; hook for &quot;should show that it has a later version in the remote&quot;" time="0.0600" classname="&quot;before all&quot; hook for &quot;should show that it has a later version in the remote&quot;">
      <failure message="Command failed: bit init
node:internal/modules/cjs/loader:1075
  throw err;
  ^

Error: Cannot find module &apos;../node_modules/@teambit/bit/dist/app&apos;
Require stack:
- /Users/nitsancohen/.bvm/versions/0.2.29/bit-0.2.29/node_modules/@teambit/legacy/bin/bit.js
    at Module._resolveFilename (node:internal/modules/cjs/loader:1072:15)
    at Module._load (node:internal/modules/cjs/loader:925:27)
    at Module.require (node:internal/modules/cjs/loader:1139:19)
    at require (node:internal/modules/helpers:121:18)
    at Object.&lt;anonymous&gt; (/Users/nitsancohen/.bvm/versions/0.2.29/bit-0.2.29/node_modules/@teambit/legacy/bin/bit.js:3:1)
    at Module._compile (node:internal/modules/cjs/loader:1257:14)
    at Module._extensions..js (node:internal/modules/cjs/loader:1311:10)
    at Module.load (node:internal/modules/cjs/loader:1115:32)
    at Module._load (node:internal/modules/cjs/loader:962:12)
    at Function.executeUserEntryPoint [as runMain] (node:internal/modules/run_main:83:12) {
  code: &apos;MODULE_NOT_FOUND&apos;,
  requireStack: [
    &apos;/Users/nitsancohen/.bvm/versions/0.2.29/bit-0.2.29/node_modules/@teambit/legacy/bin/bit.js&apos;
  ]
}

Node.js v20.3.1
" type="Error"><![CDATA[Error: Command failed: bit init
node:internal/modules/cjs/loader:1075
  throw err;
  ^

Error: Cannot find module '../node_modules/@teambit/bit/dist/app'
Require stack:
- /Users/nitsancohen/.bvm/versions/0.2.29/bit-0.2.29/node_modules/@teambit/legacy/bin/bit.js
    at Module._resolveFilename (node:internal/modules/cjs/loader:1072:15)
    at Module._load (node:internal/modules/cjs/loader:925:27)
    at Module.require (node:internal/modules/cjs/loader:1139:19)
    at require (node:internal/modules/helpers:121:18)
    at Object.<anonymous> (/Users/nitsancohen/.bvm/versions/0.2.29/bit-0.2.29/node_modules/@teambit/legacy/bin/bit.js:3:1)
    at Module._compile (node:internal/modules/cjs/loader:1257:14)
    at Module._extensions..js (node:internal/modules/cjs/loader:1311:10)
    at Module.load (node:internal/modules/cjs/loader:1115:32)
    at Module._load (node:internal/modules/cjs/loader:962:12)
    at Function.executeUserEntryPoint [as runMain] (node:internal/modules/run_main:83:12) {
  code: 'MODULE_NOT_FOUND',
  requireStack: [
    '/Users/nitsancohen/.bvm/versions/0.2.29/bit-0.2.29/node_modules/@teambit/legacy/bin/bit.js'
  ]
}

Node.js v20.3.1

    at checkExecSyncError (node:child_process:885:11)
    at Object.execSync (node:child_process:957:15)
    at CommandHelper.runCmd (src/e2e-helper/e2e-command-helper.ts:64:22)
    at ScopeHelper.initWorkspace (src/e2e-helper/e2e-scope-helper.ts:126:25)
    at ScopeHelper.reInitLocalScope (src/e2e-helper/e2e-scope-helper.ts:87:10)
    at ScopeHelper.setNewLocalAndRemoteScopes (src/e2e-helper/e2e-scope-helper.ts:141:10)
    at Context.<anonymous> (e2e/commands/list.e2e.1.ts:51:28)
    at processImmediate (node:internal/timers:478:21)]]></failure>
    </testcase>
  </testsuite>
  <testsuite name="when a remote component has the same version as the local component" timestamp="2023-08-21T21:40:22" tests="1" file="/Users/nitsancohen/coding/my-bit/bit/e2e/commands/list.e2e.1.ts" time="0.0600" failures="1">
    <testcase name="bit list command with --outdated flag when a remote component has the same version as the local component &quot;before all&quot; hook for &quot;should display the same version for the local and remote&quot;" time="0.0600" classname="&quot;before all&quot; hook for &quot;should display the same version for the local and remote&quot;">
      <failure message="Command failed: bit init
node:internal/modules/cjs/loader:1075
  throw err;
  ^

Error: Cannot find module &apos;../node_modules/@teambit/bit/dist/app&apos;
Require stack:
- /Users/nitsancohen/.bvm/versions/0.2.29/bit-0.2.29/node_modules/@teambit/legacy/bin/bit.js
    at Module._resolveFilename (node:internal/modules/cjs/loader:1072:15)
    at Module._load (node:internal/modules/cjs/loader:925:27)
    at Module.require (node:internal/modules/cjs/loader:1139:19)
    at require (node:internal/modules/helpers:121:18)
    at Object.&lt;anonymous&gt; (/Users/nitsancohen/.bvm/versions/0.2.29/bit-0.2.29/node_modules/@teambit/legacy/bin/bit.js:3:1)
    at Module._compile (node:internal/modules/cjs/loader:1257:14)
    at Module._extensions..js (node:internal/modules/cjs/loader:1311:10)
    at Module.load (node:internal/modules/cjs/loader:1115:32)
    at Module._load (node:internal/modules/cjs/loader:962:12)
    at Function.executeUserEntryPoint [as runMain] (node:internal/modules/run_main:83:12) {
  code: &apos;MODULE_NOT_FOUND&apos;,
  requireStack: [
    &apos;/Users/nitsancohen/.bvm/versions/0.2.29/bit-0.2.29/node_modules/@teambit/legacy/bin/bit.js&apos;
  ]
}

Node.js v20.3.1
" type="Error"><![CDATA[Error: Command failed: bit init
node:internal/modules/cjs/loader:1075
  throw err;
  ^

Error: Cannot find module '../node_modules/@teambit/bit/dist/app'
Require stack:
- /Users/nitsancohen/.bvm/versions/0.2.29/bit-0.2.29/node_modules/@teambit/legacy/bin/bit.js
    at Module._resolveFilename (node:internal/modules/cjs/loader:1072:15)
    at Module._load (node:internal/modules/cjs/loader:925:27)
    at Module.require (node:internal/modules/cjs/loader:1139:19)
    at require (node:internal/modules/helpers:121:18)
    at Object.<anonymous> (/Users/nitsancohen/.bvm/versions/0.2.29/bit-0.2.29/node_modules/@teambit/legacy/bin/bit.js:3:1)
    at Module._compile (node:internal/modules/cjs/loader:1257:14)
    at Module._extensions..js (node:internal/modules/cjs/loader:1311:10)
    at Module.load (node:internal/modules/cjs/loader:1115:32)
    at Module._load (node:internal/modules/cjs/loader:962:12)
    at Function.executeUserEntryPoint [as runMain] (node:internal/modules/run_main:83:12) {
  code: 'MODULE_NOT_FOUND',
  requireStack: [
    '/Users/nitsancohen/.bvm/versions/0.2.29/bit-0.2.29/node_modules/@teambit/legacy/bin/bit.js'
  ]
}

Node.js v20.3.1

    at checkExecSyncError (node:child_process:885:11)
    at Object.execSync (node:child_process:957:15)
    at CommandHelper.runCmd (src/e2e-helper/e2e-command-helper.ts:64:22)
    at ScopeHelper.initWorkspace (src/e2e-helper/e2e-scope-helper.ts:126:25)
    at ScopeHelper.reInitLocalScope (src/e2e-helper/e2e-scope-helper.ts:87:10)
    at ScopeHelper.setNewLocalAndRemoteScopes (src/e2e-helper/e2e-scope-helper.ts:141:10)
    at Context.<anonymous> (e2e/commands/list.e2e.1.ts:79:28)
    at processImmediate (node:internal/timers:478:21)]]></failure>
    </testcase>
  </testsuite>
  <testsuite name="when a component is local only (never exported)" timestamp="2023-08-21T21:40:22" tests="1" file="/Users/nitsancohen/coding/my-bit/bit/e2e/commands/list.e2e.1.ts" time="0.0610" failures="1">
    <testcase name="bit list command with --outdated flag when a component is local only (never exported) &quot;before all&quot; hook for &quot;should show that the component does not have a remote version&quot;" time="0.0610" classname="&quot;before all&quot; hook for &quot;should show that the component does not have a remote version&quot;">
      <failure message="Command failed: bit init
node:internal/modules/cjs/loader:1075
  throw err;
  ^

Error: Cannot find module &apos;../node_modules/@teambit/bit/dist/app&apos;
Require stack:
- /Users/nitsancohen/.bvm/versions/0.2.29/bit-0.2.29/node_modules/@teambit/legacy/bin/bit.js
    at Module._resolveFilename (node:internal/modules/cjs/loader:1072:15)
    at Module._load (node:internal/modules/cjs/loader:925:27)
    at Module.require (node:internal/modules/cjs/loader:1139:19)
    at require (node:internal/modules/helpers:121:18)
    at Object.&lt;anonymous&gt; (/Users/nitsancohen/.bvm/versions/0.2.29/bit-0.2.29/node_modules/@teambit/legacy/bin/bit.js:3:1)
    at Module._compile (node:internal/modules/cjs/loader:1257:14)
    at Module._extensions..js (node:internal/modules/cjs/loader:1311:10)
    at Module.load (node:internal/modules/cjs/loader:1115:32)
    at Module._load (node:internal/modules/cjs/loader:962:12)
    at Function.executeUserEntryPoint [as runMain] (node:internal/modules/run_main:83:12) {
  code: &apos;MODULE_NOT_FOUND&apos;,
  requireStack: [
    &apos;/Users/nitsancohen/.bvm/versions/0.2.29/bit-0.2.29/node_modules/@teambit/legacy/bin/bit.js&apos;
  ]
}

Node.js v20.3.1
" type="Error"><![CDATA[Error: Command failed: bit init
node:internal/modules/cjs/loader:1075
  throw err;
  ^

Error: Cannot find module '../node_modules/@teambit/bit/dist/app'
Require stack:
- /Users/nitsancohen/.bvm/versions/0.2.29/bit-0.2.29/node_modules/@teambit/legacy/bin/bit.js
    at Module._resolveFilename (node:internal/modules/cjs/loader:1072:15)
    at Module._load (node:internal/modules/cjs/loader:925:27)
    at Module.require (node:internal/modules/cjs/loader:1139:19)
    at require (node:internal/modules/helpers:121:18)
    at Object.<anonymous> (/Users/nitsancohen/.bvm/versions/0.2.29/bit-0.2.29/node_modules/@teambit/legacy/bin/bit.js:3:1)
    at Module._compile (node:internal/modules/cjs/loader:1257:14)
    at Module._extensions..js (node:internal/modules/cjs/loader:1311:10)
    at Module.load (node:internal/modules/cjs/loader:1115:32)
    at Module._load (node:internal/modules/cjs/loader:962:12)
    at Function.executeUserEntryPoint [as runMain] (node:internal/modules/run_main:83:12) {
  code: 'MODULE_NOT_FOUND',
  requireStack: [
    '/Users/nitsancohen/.bvm/versions/0.2.29/bit-0.2.29/node_modules/@teambit/legacy/bin/bit.js'
  ]
}

Node.js v20.3.1

    at checkExecSyncError (node:child_process:885:11)
    at Object.execSync (node:child_process:957:15)
    at CommandHelper.runCmd (src/e2e-helper/e2e-command-helper.ts:64:22)
    at ScopeHelper.initWorkspace (src/e2e-helper/e2e-scope-helper.ts:126:25)
    at ScopeHelper.reInitLocalScope (src/e2e-helper/e2e-scope-helper.ts:87:10)
    at Context.<anonymous> (e2e/commands/list.e2e.1.ts:97:28)
    at processImmediate (node:internal/timers:478:21)]]></failure>
    </testcase>
  </testsuite>
  <testsuite name="bit move command" timestamp="2023-08-21T21:40:22" tests="0" file="/Users/nitsancohen/coding/my-bit/bit/e2e/commands/move.e2e.1.ts" time="0.0000" failures="0">
  </testsuite>
  <testsuite name="move a directory" timestamp="2023-08-21T21:40:22" tests="2" file="/Users/nitsancohen/coding/my-bit/bit/e2e/commands/move.e2e.1.ts" time="0.0600" failures="1">
    <testcase name="bit move command move a directory &quot;before all&quot; hook for &quot;should move physically the directory&quot;" time="0.0600" classname="&quot;before all&quot; hook for &quot;should move physically the directory&quot;">
      <failure message="Command failed: bit init
node:internal/modules/cjs/loader:1075
  throw err;
  ^

Error: Cannot find module &apos;../node_modules/@teambit/bit/dist/app&apos;
Require stack:
- /Users/nitsancohen/.bvm/versions/0.2.29/bit-0.2.29/node_modules/@teambit/legacy/bin/bit.js
    at Module._resolveFilename (node:internal/modules/cjs/loader:1072:15)
    at Module._load (node:internal/modules/cjs/loader:925:27)
    at Module.require (node:internal/modules/cjs/loader:1139:19)
    at require (node:internal/modules/helpers:121:18)
    at Object.&lt;anonymous&gt; (/Users/nitsancohen/.bvm/versions/0.2.29/bit-0.2.29/node_modules/@teambit/legacy/bin/bit.js:3:1)
    at Module._compile (node:internal/modules/cjs/loader:1257:14)
    at Module._extensions..js (node:internal/modules/cjs/loader:1311:10)
    at Module.load (node:internal/modules/cjs/loader:1115:32)
    at Module._load (node:internal/modules/cjs/loader:962:12)
    at Function.executeUserEntryPoint [as runMain] (node:internal/modules/run_main:83:12) {
  code: &apos;MODULE_NOT_FOUND&apos;,
  requireStack: [
    &apos;/Users/nitsancohen/.bvm/versions/0.2.29/bit-0.2.29/node_modules/@teambit/legacy/bin/bit.js&apos;
  ]
}

Node.js v20.3.1
" type="Error"><![CDATA[Error: Command failed: bit init
node:internal/modules/cjs/loader:1075
  throw err;
  ^

Error: Cannot find module '../node_modules/@teambit/bit/dist/app'
Require stack:
- /Users/nitsancohen/.bvm/versions/0.2.29/bit-0.2.29/node_modules/@teambit/legacy/bin/bit.js
    at Module._resolveFilename (node:internal/modules/cjs/loader:1072:15)
    at Module._load (node:internal/modules/cjs/loader:925:27)
    at Module.require (node:internal/modules/cjs/loader:1139:19)
    at require (node:internal/modules/helpers:121:18)
    at Object.<anonymous> (/Users/nitsancohen/.bvm/versions/0.2.29/bit-0.2.29/node_modules/@teambit/legacy/bin/bit.js:3:1)
    at Module._compile (node:internal/modules/cjs/loader:1257:14)
    at Module._extensions..js (node:internal/modules/cjs/loader:1311:10)
    at Module.load (node:internal/modules/cjs/loader:1115:32)
    at Module._load (node:internal/modules/cjs/loader:962:12)
    at Function.executeUserEntryPoint [as runMain] (node:internal/modules/run_main:83:12) {
  code: 'MODULE_NOT_FOUND',
  requireStack: [
    '/Users/nitsancohen/.bvm/versions/0.2.29/bit-0.2.29/node_modules/@teambit/legacy/bin/bit.js'
  ]
}

Node.js v20.3.1

    at checkExecSyncError (node:child_process:885:11)
    at Object.execSync (node:child_process:957:15)
    at CommandHelper.runCmd (src/e2e-helper/e2e-command-helper.ts:64:22)
    at ScopeHelper.initWorkspace (src/e2e-helper/e2e-scope-helper.ts:126:25)
    at ScopeHelper.reInitLocalScope (src/e2e-helper/e2e-scope-helper.ts:87:10)
    at Context.<anonymous> (e2e/commands/move.e2e.1.ts:19:26)
    at processImmediate (node:internal/timers:478:21)]]></failure>
    </testcase>
  </testsuite>
  <testsuite name="when the destination starts with the source dir" timestamp="2023-08-21T21:40:22" tests="1" file="/Users/nitsancohen/coding/my-bit/bit/e2e/commands/move.e2e.1.ts" time="0.0600" failures="1">
    <testcase name="bit move command when the destination starts with the source dir &quot;before all&quot; hook for &quot;should not throw an error saying the path is not a directory&quot;" time="0.0600" classname="&quot;before all&quot; hook for &quot;should not throw an error saying the path is not a directory&quot;">
      <failure message="Command failed: bit init
node:internal/modules/cjs/loader:1075
  throw err;
  ^

Error: Cannot find module &apos;../node_modules/@teambit/bit/dist/app&apos;
Require stack:
- /Users/nitsancohen/.bvm/versions/0.2.29/bit-0.2.29/node_modules/@teambit/legacy/bin/bit.js
    at Module._resolveFilename (node:internal/modules/cjs/loader:1072:15)
    at Module._load (node:internal/modules/cjs/loader:925:27)
    at Module.require (node:internal/modules/cjs/loader:1139:19)
    at require (node:internal/modules/helpers:121:18)
    at Object.&lt;anonymous&gt; (/Users/nitsancohen/.bvm/versions/0.2.29/bit-0.2.29/node_modules/@teambit/legacy/bin/bit.js:3:1)
    at Module._compile (node:internal/modules/cjs/loader:1257:14)
    at Module._extensions..js (node:internal/modules/cjs/loader:1311:10)
    at Module.load (node:internal/modules/cjs/loader:1115:32)
    at Module._load (node:internal/modules/cjs/loader:962:12)
    at Function.executeUserEntryPoint [as runMain] (node:internal/modules/run_main:83:12) {
  code: &apos;MODULE_NOT_FOUND&apos;,
  requireStack: [
    &apos;/Users/nitsancohen/.bvm/versions/0.2.29/bit-0.2.29/node_modules/@teambit/legacy/bin/bit.js&apos;
  ]
}

Node.js v20.3.1
" type="Error"><![CDATA[Error: Command failed: bit init
node:internal/modules/cjs/loader:1075
  throw err;
  ^

Error: Cannot find module '../node_modules/@teambit/bit/dist/app'
Require stack:
- /Users/nitsancohen/.bvm/versions/0.2.29/bit-0.2.29/node_modules/@teambit/legacy/bin/bit.js
    at Module._resolveFilename (node:internal/modules/cjs/loader:1072:15)
    at Module._load (node:internal/modules/cjs/loader:925:27)
    at Module.require (node:internal/modules/cjs/loader:1139:19)
    at require (node:internal/modules/helpers:121:18)
    at Object.<anonymous> (/Users/nitsancohen/.bvm/versions/0.2.29/bit-0.2.29/node_modules/@teambit/legacy/bin/bit.js:3:1)
    at Module._compile (node:internal/modules/cjs/loader:1257:14)
    at Module._extensions..js (node:internal/modules/cjs/loader:1311:10)
    at Module.load (node:internal/modules/cjs/loader:1115:32)
    at Module._load (node:internal/modules/cjs/loader:962:12)
    at Function.executeUserEntryPoint [as runMain] (node:internal/modules/run_main:83:12) {
  code: 'MODULE_NOT_FOUND',
  requireStack: [
    '/Users/nitsancohen/.bvm/versions/0.2.29/bit-0.2.29/node_modules/@teambit/legacy/bin/bit.js'
  ]
}

Node.js v20.3.1

    at checkExecSyncError (node:child_process:885:11)
    at Object.execSync (node:child_process:957:15)
    at CommandHelper.runCmd (src/e2e-helper/e2e-command-helper.ts:64:22)
    at ScopeHelper.initWorkspace (src/e2e-helper/e2e-scope-helper.ts:126:25)
    at ScopeHelper.reInitLocalScope (src/e2e-helper/e2e-scope-helper.ts:87:10)
    at Context.<anonymous> (e2e/commands/move.e2e.1.ts:43:26)
    at processImmediate (node:internal/timers:478:21)]]></failure>
    </testcase>
  </testsuite>
  <testsuite name="move root directory after import" timestamp="2023-08-21T21:40:22" tests="2" file="/Users/nitsancohen/coding/my-bit/bit/e2e/commands/move.e2e.1.ts" time="0.0600" failures="1">
    <testcase name="bit move command move root directory after import &quot;before all&quot; hook for &quot;should move physically the directory&quot;" time="0.0600" classname="&quot;before all&quot; hook for &quot;should move physically the directory&quot;">
      <failure message="Command failed: bit init
node:internal/modules/cjs/loader:1075
  throw err;
  ^

Error: Cannot find module &apos;../node_modules/@teambit/bit/dist/app&apos;
Require stack:
- /Users/nitsancohen/.bvm/versions/0.2.29/bit-0.2.29/node_modules/@teambit/legacy/bin/bit.js
    at Module._resolveFilename (node:internal/modules/cjs/loader:1072:15)
    at Module._load (node:internal/modules/cjs/loader:925:27)
    at Module.require (node:internal/modules/cjs/loader:1139:19)
    at require (node:internal/modules/helpers:121:18)
    at Object.&lt;anonymous&gt; (/Users/nitsancohen/.bvm/versions/0.2.29/bit-0.2.29/node_modules/@teambit/legacy/bin/bit.js:3:1)
    at Module._compile (node:internal/modules/cjs/loader:1257:14)
    at Module._extensions..js (node:internal/modules/cjs/loader:1311:10)
    at Module.load (node:internal/modules/cjs/loader:1115:32)
    at Module._load (node:internal/modules/cjs/loader:962:12)
    at Function.executeUserEntryPoint [as runMain] (node:internal/modules/run_main:83:12) {
  code: &apos;MODULE_NOT_FOUND&apos;,
  requireStack: [
    &apos;/Users/nitsancohen/.bvm/versions/0.2.29/bit-0.2.29/node_modules/@teambit/legacy/bin/bit.js&apos;
  ]
}

Node.js v20.3.1
" type="Error"><![CDATA[Error: Command failed: bit init
node:internal/modules/cjs/loader:1075
  throw err;
  ^

Error: Cannot find module '../node_modules/@teambit/bit/dist/app'
Require stack:
- /Users/nitsancohen/.bvm/versions/0.2.29/bit-0.2.29/node_modules/@teambit/legacy/bin/bit.js
    at Module._resolveFilename (node:internal/modules/cjs/loader:1072:15)
    at Module._load (node:internal/modules/cjs/loader:925:27)
    at Module.require (node:internal/modules/cjs/loader:1139:19)
    at require (node:internal/modules/helpers:121:18)
    at Object.<anonymous> (/Users/nitsancohen/.bvm/versions/0.2.29/bit-0.2.29/node_modules/@teambit/legacy/bin/bit.js:3:1)
    at Module._compile (node:internal/modules/cjs/loader:1257:14)
    at Module._extensions..js (node:internal/modules/cjs/loader:1311:10)
    at Module.load (node:internal/modules/cjs/loader:1115:32)
    at Module._load (node:internal/modules/cjs/loader:962:12)
    at Function.executeUserEntryPoint [as runMain] (node:internal/modules/run_main:83:12) {
  code: 'MODULE_NOT_FOUND',
  requireStack: [
    '/Users/nitsancohen/.bvm/versions/0.2.29/bit-0.2.29/node_modules/@teambit/legacy/bin/bit.js'
  ]
}

Node.js v20.3.1

    at checkExecSyncError (node:child_process:885:11)
    at Object.execSync (node:child_process:957:15)
    at CommandHelper.runCmd (src/e2e-helper/e2e-command-helper.ts:64:22)
    at ScopeHelper.initWorkspace (src/e2e-helper/e2e-scope-helper.ts:126:25)
    at ScopeHelper.reInitLocalScope (src/e2e-helper/e2e-scope-helper.ts:87:10)
    at ScopeHelper.setNewLocalAndRemoteScopes (src/e2e-helper/e2e-scope-helper.ts:141:10)
    at Context.<anonymous> (e2e/commands/move.e2e.1.ts:56:26)
    at processImmediate (node:internal/timers:478:21)]]></failure>
    </testcase>
  </testsuite>
  <testsuite name="bit remote command" timestamp="2023-08-21T21:40:22" tests="0" file="/Users/nitsancohen/coding/my-bit/bit/e2e/commands/remote.e2e.1.ts" time="0.0000" failures="0">
  </testsuite>
  <testsuite name="adding a global remote" timestamp="2023-08-21T21:40:22" tests="2" file="/Users/nitsancohen/coding/my-bit/bit/e2e/commands/remote.e2e.1.ts" time="0.0590" failures="1">
    <testcase name="bit remote command adding a global remote &quot;before all&quot; hook for &quot;should be shown when running &quot;bit remote&quot;&quot;" time="0.0590" classname="&quot;before all&quot; hook for &quot;should be shown when running &quot;bit remote&quot;&quot;">
      <failure message="Command failed: bit init
node:internal/modules/cjs/loader:1075
  throw err;
  ^

Error: Cannot find module &apos;../node_modules/@teambit/bit/dist/app&apos;
Require stack:
- /Users/nitsancohen/.bvm/versions/0.2.29/bit-0.2.29/node_modules/@teambit/legacy/bin/bit.js
    at Module._resolveFilename (node:internal/modules/cjs/loader:1072:15)
    at Module._load (node:internal/modules/cjs/loader:925:27)
    at Module.require (node:internal/modules/cjs/loader:1139:19)
    at require (node:internal/modules/helpers:121:18)
    at Object.&lt;anonymous&gt; (/Users/nitsancohen/.bvm/versions/0.2.29/bit-0.2.29/node_modules/@teambit/legacy/bin/bit.js:3:1)
    at Module._compile (node:internal/modules/cjs/loader:1257:14)
    at Module._extensions..js (node:internal/modules/cjs/loader:1311:10)
    at Module.load (node:internal/modules/cjs/loader:1115:32)
    at Module._load (node:internal/modules/cjs/loader:962:12)
    at Function.executeUserEntryPoint [as runMain] (node:internal/modules/run_main:83:12) {
  code: &apos;MODULE_NOT_FOUND&apos;,
  requireStack: [
    &apos;/Users/nitsancohen/.bvm/versions/0.2.29/bit-0.2.29/node_modules/@teambit/legacy/bin/bit.js&apos;
  ]
}

Node.js v20.3.1
" type="Error"><![CDATA[Error: Command failed: bit init
node:internal/modules/cjs/loader:1075
  throw err;
  ^

Error: Cannot find module '../node_modules/@teambit/bit/dist/app'
Require stack:
- /Users/nitsancohen/.bvm/versions/0.2.29/bit-0.2.29/node_modules/@teambit/legacy/bin/bit.js
    at Module._resolveFilename (node:internal/modules/cjs/loader:1072:15)
    at Module._load (node:internal/modules/cjs/loader:925:27)
    at Module.require (node:internal/modules/cjs/loader:1139:19)
    at require (node:internal/modules/helpers:121:18)
    at Object.<anonymous> (/Users/nitsancohen/.bvm/versions/0.2.29/bit-0.2.29/node_modules/@teambit/legacy/bin/bit.js:3:1)
    at Module._compile (node:internal/modules/cjs/loader:1257:14)
    at Module._extensions..js (node:internal/modules/cjs/loader:1311:10)
    at Module.load (node:internal/modules/cjs/loader:1115:32)
    at Module._load (node:internal/modules/cjs/loader:962:12)
    at Function.executeUserEntryPoint [as runMain] (node:internal/modules/run_main:83:12) {
  code: 'MODULE_NOT_FOUND',
  requireStack: [
    '/Users/nitsancohen/.bvm/versions/0.2.29/bit-0.2.29/node_modules/@teambit/legacy/bin/bit.js'
  ]
}

Node.js v20.3.1

    at checkExecSyncError (node:child_process:885:11)
    at Object.execSync (node:child_process:957:15)
    at CommandHelper.runCmd (src/e2e-helper/e2e-command-helper.ts:64:22)
    at ScopeHelper.initWorkspace (src/e2e-helper/e2e-scope-helper.ts:126:25)
    at ScopeHelper.reInitLocalScope (src/e2e-helper/e2e-scope-helper.ts:87:10)
    at Context.<anonymous> (e2e/commands/remote.e2e.1.ts:18:26)
    at processImmediate (node:internal/timers:478:21)]]></failure>
    </testcase>
  </testsuite>
  <testsuite name="adding a local remote" timestamp="2023-08-21T21:40:22" tests="2" file="/Users/nitsancohen/coding/my-bit/bit/e2e/commands/remote.e2e.1.ts" time="0.0600" failures="1">
    <testcase name="bit remote command adding a local remote &quot;before all&quot; hook for &quot;should be shown when running &quot;bit remote&quot;&quot;" time="0.0600" classname="&quot;before all&quot; hook for &quot;should be shown when running &quot;bit remote&quot;&quot;">
      <failure message="Command failed: bit init
node:internal/modules/cjs/loader:1075
  throw err;
  ^

Error: Cannot find module &apos;../node_modules/@teambit/bit/dist/app&apos;
Require stack:
- /Users/nitsancohen/.bvm/versions/0.2.29/bit-0.2.29/node_modules/@teambit/legacy/bin/bit.js
    at Module._resolveFilename (node:internal/modules/cjs/loader:1072:15)
    at Module._load (node:internal/modules/cjs/loader:925:27)
    at Module.require (node:internal/modules/cjs/loader:1139:19)
    at require (node:internal/modules/helpers:121:18)
    at Object.&lt;anonymous&gt; (/Users/nitsancohen/.bvm/versions/0.2.29/bit-0.2.29/node_modules/@teambit/legacy/bin/bit.js:3:1)
    at Module._compile (node:internal/modules/cjs/loader:1257:14)
    at Module._extensions..js (node:internal/modules/cjs/loader:1311:10)
    at Module.load (node:internal/modules/cjs/loader:1115:32)
    at Module._load (node:internal/modules/cjs/loader:962:12)
    at Function.executeUserEntryPoint [as runMain] (node:internal/modules/run_main:83:12) {
  code: &apos;MODULE_NOT_FOUND&apos;,
  requireStack: [
    &apos;/Users/nitsancohen/.bvm/versions/0.2.29/bit-0.2.29/node_modules/@teambit/legacy/bin/bit.js&apos;
  ]
}

Node.js v20.3.1
" type="Error"><![CDATA[Error: Command failed: bit init
node:internal/modules/cjs/loader:1075
  throw err;
  ^

Error: Cannot find module '../node_modules/@teambit/bit/dist/app'
Require stack:
- /Users/nitsancohen/.bvm/versions/0.2.29/bit-0.2.29/node_modules/@teambit/legacy/bin/bit.js
    at Module._resolveFilename (node:internal/modules/cjs/loader:1072:15)
    at Module._load (node:internal/modules/cjs/loader:925:27)
    at Module.require (node:internal/modules/cjs/loader:1139:19)
    at require (node:internal/modules/helpers:121:18)
    at Object.<anonymous> (/Users/nitsancohen/.bvm/versions/0.2.29/bit-0.2.29/node_modules/@teambit/legacy/bin/bit.js:3:1)
    at Module._compile (node:internal/modules/cjs/loader:1257:14)
    at Module._extensions..js (node:internal/modules/cjs/loader:1311:10)
    at Module.load (node:internal/modules/cjs/loader:1115:32)
    at Module._load (node:internal/modules/cjs/loader:962:12)
    at Function.executeUserEntryPoint [as runMain] (node:internal/modules/run_main:83:12) {
  code: 'MODULE_NOT_FOUND',
  requireStack: [
    '/Users/nitsancohen/.bvm/versions/0.2.29/bit-0.2.29/node_modules/@teambit/legacy/bin/bit.js'
  ]
}

Node.js v20.3.1

    at checkExecSyncError (node:child_process:885:11)
    at Object.execSync (node:child_process:957:15)
    at CommandHelper.runCmd (src/e2e-helper/e2e-command-helper.ts:64:22)
    at ScopeHelper.initWorkspace (src/e2e-helper/e2e-scope-helper.ts:126:25)
    at ScopeHelper.reInitLocalScope (src/e2e-helper/e2e-scope-helper.ts:87:10)
    at Context.<anonymous> (e2e/commands/remote.e2e.1.ts:56:26)
    at processImmediate (node:internal/timers:478:21)]]></failure>
    </testcase>
  </testsuite>
  <testsuite name="adding a non exist local remote with relative path" timestamp="2023-08-21T21:40:22" tests="1" file="/Users/nitsancohen/coding/my-bit/bit/e2e/commands/remote.e2e.1.ts" time="0.0620" failures="1">
    <testcase name="bit remote command adding a non exist local remote with relative path should throw ScopeNotFound error" time="0.0620" classname="should throw ScopeNotFound error">
      <failure message="expected &apos;Error: Command failed: bit remote add file://non-exist-dir\nnode:internal/modules/cjs/loader:1075\n  throw err;\n  ^\n\nError: Cannot find module \&apos;../node_modules/@teambit/bit/dist/app\&apos;\nRequire stack:\n- /Users/nitsancohen/.bvm/versions/0.2.29/bit-0.2.29/node_modules/@teambit/legacy/bin/bit.js\n    at Module._resolveFilename (node:internal/modules/cjs/loader:1072:15)\n    at Module._load (node:internal/modules/cjs/loader:925:27)\n    at Module.require (node:internal/modules/cjs/loader:1139:19)\n    at require (node:internal/modules/helpers:121:18)\n    at Object.&lt;anonymous&gt; (/Users/nitsancohen/.bvm/versions/0.2.29/bit-0.2.29/node_modules/@teambit/legacy/bin/bit.js:3:1)\n    at Module._compile (node:internal/modules/cjs/loader:1257:14)\n    at Module._extensions..js (node:internal/modules/cjs/loader:1311:10)\n    at Module.load (node:internal/modules/cjs/loader:1115:32)\n    at Module._load (node:internal/modules/cjs/loader:962:12)\n    at Function.executeUserEntryPoint [as runMain] (node:internal/modules/run_main:83:12) {\n  code: \&apos;MODULE_NOT_FOUND\&apos;,\n  requireStack: [\n    \&apos;/Users/nitsancohen/.bvm/versions/0.2.29/bit-0.2.29/node_modules/@teambit/legacy/bin/bit.js\&apos;\n  ]\n}\n\nNode.js v20.3.1\n&apos; to contain &apos;error: scope not found at /var/folders/xg/1hqvxzd97rb1b1735d16mmmc0000gn/T/bit/e2e/4ntq49jv-local/non-exist-dir&apos;" type="AssertionError"><![CDATA[AssertionError: expected 'Error: Command failed: bit remote add file://non-exist-dir\nnode:internal/modules/cjs/loader:1075\n  throw err;\n  ^\n\nError: Cannot find module \'../node_modules/@teambit/bit/dist/app\'\nRequire stack:\n- /Users/nitsancohen/.bvm/versions/0.2.29/bit-0.2.29/node_modules/@teambit/legacy/bin/bit.js\n    at Module._resolveFilename (node:internal/modules/cjs/loader:1072:15)\n    at Module._load (node:internal/modules/cjs/loader:925:27)\n    at Module.require (node:internal/modules/cjs/loader:1139:19)\n    at require (node:internal/modules/helpers:121:18)\n    at Object.<anonymous> (/Users/nitsancohen/.bvm/versions/0.2.29/bit-0.2.29/node_modules/@teambit/legacy/bin/bit.js:3:1)\n    at Module._compile (node:internal/modules/cjs/loader:1257:14)\n    at Module._extensions..js (node:internal/modules/cjs/loader:1311:10)\n    at Module.load (node:internal/modules/cjs/loader:1115:32)\n    at Module._load (node:internal/modules/cjs/loader:962:12)\n    at Function.executeUserEntryPoint [as runMain] (node:internal/modules/run_main:83:12) {\n  code: \'MODULE_NOT_FOUND\',\n  requireStack: [\n    \'/Users/nitsancohen/.bvm/versions/0.2.29/bit-0.2.29/node_modules/@teambit/legacy/bin/bit.js\'\n  ]\n}\n\nNode.js v20.3.1\n' to contain 'error: scope not found at /var/folders/xg/1hqvxzd97rb1b1735d16mmmc0000gn/T/bit/e2e/4ntq49jv-local/non-exist-dir'
    at GeneralHelper.expectToThrow (src/e2e-helper/e2e-general-helper.ts:105:55)
    at Context.<anonymous> (e2e/commands/remote.e2e.1.ts:93:22)
    at processImmediate (node:internal/timers:478:21)]]></failure>
    </testcase>
  </testsuite>
  <testsuite name="bit remove command" timestamp="2023-08-21T21:40:22" tests="0" file="/Users/nitsancohen/coding/my-bit/bit/e2e/commands/remove.e2e.1.ts" time="0.0000" failures="0">
  </testsuite>
  <testsuite name="with tagged components and --track=false " timestamp="2023-08-21T21:40:22" tests="3" file="/Users/nitsancohen/coding/my-bit/bit/e2e/commands/remove.e2e.1.ts" time="0.0610" failures="1">
    <testcase name="bit remove command with tagged components and --track=false  &quot;before all&quot; hook for &quot;should remove component&quot;" time="0.0610" classname="&quot;before all&quot; hook for &quot;should remove component&quot;">
      <failure message="Command failed: bit init
node:internal/modules/cjs/loader:1075
  throw err;
  ^

Error: Cannot find module &apos;../node_modules/@teambit/bit/dist/app&apos;
Require stack:
- /Users/nitsancohen/.bvm/versions/0.2.29/bit-0.2.29/node_modules/@teambit/legacy/bin/bit.js
    at Module._resolveFilename (node:internal/modules/cjs/loader:1072:15)
    at Module._load (node:internal/modules/cjs/loader:925:27)
    at Module.require (node:internal/modules/cjs/loader:1139:19)
    at require (node:internal/modules/helpers:121:18)
    at Object.&lt;anonymous&gt; (/Users/nitsancohen/.bvm/versions/0.2.29/bit-0.2.29/node_modules/@teambit/legacy/bin/bit.js:3:1)
    at Module._compile (node:internal/modules/cjs/loader:1257:14)
    at Module._extensions..js (node:internal/modules/cjs/loader:1311:10)
    at Module.load (node:internal/modules/cjs/loader:1115:32)
    at Module._load (node:internal/modules/cjs/loader:962:12)
    at Function.executeUserEntryPoint [as runMain] (node:internal/modules/run_main:83:12) {
  code: &apos;MODULE_NOT_FOUND&apos;,
  requireStack: [
    &apos;/Users/nitsancohen/.bvm/versions/0.2.29/bit-0.2.29/node_modules/@teambit/legacy/bin/bit.js&apos;
  ]
}

Node.js v20.3.1
" type="Error"><![CDATA[Error: Command failed: bit init
node:internal/modules/cjs/loader:1075
  throw err;
  ^

Error: Cannot find module '../node_modules/@teambit/bit/dist/app'
Require stack:
- /Users/nitsancohen/.bvm/versions/0.2.29/bit-0.2.29/node_modules/@teambit/legacy/bin/bit.js
    at Module._resolveFilename (node:internal/modules/cjs/loader:1072:15)
    at Module._load (node:internal/modules/cjs/loader:925:27)
    at Module.require (node:internal/modules/cjs/loader:1139:19)
    at require (node:internal/modules/helpers:121:18)
    at Object.<anonymous> (/Users/nitsancohen/.bvm/versions/0.2.29/bit-0.2.29/node_modules/@teambit/legacy/bin/bit.js:3:1)
    at Module._compile (node:internal/modules/cjs/loader:1257:14)
    at Module._extensions..js (node:internal/modules/cjs/loader:1311:10)
    at Module.load (node:internal/modules/cjs/loader:1115:32)
    at Module._load (node:internal/modules/cjs/loader:962:12)
    at Function.executeUserEntryPoint [as runMain] (node:internal/modules/run_main:83:12) {
  code: 'MODULE_NOT_FOUND',
  requireStack: [
    '/Users/nitsancohen/.bvm/versions/0.2.29/bit-0.2.29/node_modules/@teambit/legacy/bin/bit.js'
  ]
}

Node.js v20.3.1

    at checkExecSyncError (node:child_process:885:11)
    at Object.execSync (node:child_process:957:15)
    at CommandHelper.runCmd (src/e2e-helper/e2e-command-helper.ts:64:22)
    at ScopeHelper.initWorkspace (src/e2e-helper/e2e-scope-helper.ts:126:25)
    at ScopeHelper.reInitLocalScope (src/e2e-helper/e2e-scope-helper.ts:87:10)
    at Context.<anonymous> (e2e/commands/remove.e2e.1.ts:23:26)
    at processImmediate (node:internal/timers:478:21)]]></failure>
    </testcase>
  </testsuite>
  <testsuite name="with tagged components and -t=true" timestamp="2023-08-21T21:40:22" tests="2" file="/Users/nitsancohen/coding/my-bit/bit/e2e/commands/remove.e2e.1.ts" time="0.0600" failures="1">
    <testcase name="bit remove command with tagged components and -t=true &quot;before all&quot; hook for &quot;should show in bitmap&quot;" time="0.0600" classname="&quot;before all&quot; hook for &quot;should show in bitmap&quot;">
      <failure message="Command failed: bit init
node:internal/modules/cjs/loader:1075
  throw err;
  ^

Error: Cannot find module &apos;../node_modules/@teambit/bit/dist/app&apos;
Require stack:
- /Users/nitsancohen/.bvm/versions/0.2.29/bit-0.2.29/node_modules/@teambit/legacy/bin/bit.js
    at Module._resolveFilename (node:internal/modules/cjs/loader:1072:15)
    at Module._load (node:internal/modules/cjs/loader:925:27)
    at Module.require (node:internal/modules/cjs/loader:1139:19)
    at require (node:internal/modules/helpers:121:18)
    at Object.&lt;anonymous&gt; (/Users/nitsancohen/.bvm/versions/0.2.29/bit-0.2.29/node_modules/@teambit/legacy/bin/bit.js:3:1)
    at Module._compile (node:internal/modules/cjs/loader:1257:14)
    at Module._extensions..js (node:internal/modules/cjs/loader:1311:10)
    at Module.load (node:internal/modules/cjs/loader:1115:32)
    at Module._load (node:internal/modules/cjs/loader:962:12)
    at Function.executeUserEntryPoint [as runMain] (node:internal/modules/run_main:83:12) {
  code: &apos;MODULE_NOT_FOUND&apos;,
  requireStack: [
    &apos;/Users/nitsancohen/.bvm/versions/0.2.29/bit-0.2.29/node_modules/@teambit/legacy/bin/bit.js&apos;
  ]
}

Node.js v20.3.1
" type="Error"><![CDATA[Error: Command failed: bit init
node:internal/modules/cjs/loader:1075
  throw err;
  ^

Error: Cannot find module '../node_modules/@teambit/bit/dist/app'
Require stack:
- /Users/nitsancohen/.bvm/versions/0.2.29/bit-0.2.29/node_modules/@teambit/legacy/bin/bit.js
    at Module._resolveFilename (node:internal/modules/cjs/loader:1072:15)
    at Module._load (node:internal/modules/cjs/loader:925:27)
    at Module.require (node:internal/modules/cjs/loader:1139:19)
    at require (node:internal/modules/helpers:121:18)
    at Object.<anonymous> (/Users/nitsancohen/.bvm/versions/0.2.29/bit-0.2.29/node_modules/@teambit/legacy/bin/bit.js:3:1)
    at Module._compile (node:internal/modules/cjs/loader:1257:14)
    at Module._extensions..js (node:internal/modules/cjs/loader:1311:10)
    at Module.load (node:internal/modules/cjs/loader:1115:32)
    at Module._load (node:internal/modules/cjs/loader:962:12)
    at Function.executeUserEntryPoint [as runMain] (node:internal/modules/run_main:83:12) {
  code: 'MODULE_NOT_FOUND',
  requireStack: [
    '/Users/nitsancohen/.bvm/versions/0.2.29/bit-0.2.29/node_modules/@teambit/legacy/bin/bit.js'
  ]
}

Node.js v20.3.1

    at checkExecSyncError (node:child_process:885:11)
    at Object.execSync (node:child_process:957:15)
    at CommandHelper.runCmd (src/e2e-helper/e2e-command-helper.ts:64:22)
    at ScopeHelper.initWorkspace (src/e2e-helper/e2e-scope-helper.ts:126:25)
    at ScopeHelper.reInitLocalScope (src/e2e-helper/e2e-scope-helper.ts:87:10)
    at Context.<anonymous> (e2e/commands/remove.e2e.1.ts:46:26)
    at processImmediate (node:internal/timers:478:21)]]></failure>
    </testcase>
  </testsuite>
  <testsuite name="with remote scope without dependencies" timestamp="2023-08-21T21:40:22" tests="0" file="/Users/nitsancohen/coding/my-bit/bit/e2e/commands/remove.e2e.1.ts" time="0.0600" failures="1">
    <testcase name="bit remove command with remote scope without dependencies &quot;before all&quot; hook in &quot;with remote scope without dependencies&quot;" time="0.0600" classname="&quot;before all&quot; hook in &quot;with remote scope without dependencies&quot;">
      <failure message="Command failed: bit init
node:internal/modules/cjs/loader:1075
  throw err;
  ^

Error: Cannot find module &apos;../node_modules/@teambit/bit/dist/app&apos;
Require stack:
- /Users/nitsancohen/.bvm/versions/0.2.29/bit-0.2.29/node_modules/@teambit/legacy/bin/bit.js
    at Module._resolveFilename (node:internal/modules/cjs/loader:1072:15)
    at Module._load (node:internal/modules/cjs/loader:925:27)
    at Module.require (node:internal/modules/cjs/loader:1139:19)
    at require (node:internal/modules/helpers:121:18)
    at Object.&lt;anonymous&gt; (/Users/nitsancohen/.bvm/versions/0.2.29/bit-0.2.29/node_modules/@teambit/legacy/bin/bit.js:3:1)
    at Module._compile (node:internal/modules/cjs/loader:1257:14)
    at Module._extensions..js (node:internal/modules/cjs/loader:1311:10)
    at Module.load (node:internal/modules/cjs/loader:1115:32)
    at Module._load (node:internal/modules/cjs/loader:962:12)
    at Function.executeUserEntryPoint [as runMain] (node:internal/modules/run_main:83:12) {
  code: &apos;MODULE_NOT_FOUND&apos;,
  requireStack: [
    &apos;/Users/nitsancohen/.bvm/versions/0.2.29/bit-0.2.29/node_modules/@teambit/legacy/bin/bit.js&apos;
  ]
}

Node.js v20.3.1
" type="Error"><![CDATA[Error: Command failed: bit init
node:internal/modules/cjs/loader:1075
  throw err;
  ^

Error: Cannot find module '../node_modules/@teambit/bit/dist/app'
Require stack:
- /Users/nitsancohen/.bvm/versions/0.2.29/bit-0.2.29/node_modules/@teambit/legacy/bin/bit.js
    at Module._resolveFilename (node:internal/modules/cjs/loader:1072:15)
    at Module._load (node:internal/modules/cjs/loader:925:27)
    at Module.require (node:internal/modules/cjs/loader:1139:19)
    at require (node:internal/modules/helpers:121:18)
    at Object.<anonymous> (/Users/nitsancohen/.bvm/versions/0.2.29/bit-0.2.29/node_modules/@teambit/legacy/bin/bit.js:3:1)
    at Module._compile (node:internal/modules/cjs/loader:1257:14)
    at Module._extensions..js (node:internal/modules/cjs/loader:1311:10)
    at Module.load (node:internal/modules/cjs/loader:1115:32)
    at Module._load (node:internal/modules/cjs/loader:962:12)
    at Function.executeUserEntryPoint [as runMain] (node:internal/modules/run_main:83:12) {
  code: 'MODULE_NOT_FOUND',
  requireStack: [
    '/Users/nitsancohen/.bvm/versions/0.2.29/bit-0.2.29/node_modules/@teambit/legacy/bin/bit.js'
  ]
}

Node.js v20.3.1

    at checkExecSyncError (node:child_process:885:11)
    at Object.execSync (node:child_process:957:15)
    at CommandHelper.runCmd (src/e2e-helper/e2e-command-helper.ts:64:22)
    at ScopeHelper.initWorkspace (src/e2e-helper/e2e-scope-helper.ts:126:25)
    at ScopeHelper.reInitLocalScope (src/e2e-helper/e2e-scope-helper.ts:87:10)
    at ScopeHelper.setNewLocalAndRemoteScopes (src/e2e-helper/e2e-scope-helper.ts:141:10)
    at Context.<anonymous> (e2e/commands/remove.e2e.1.ts:66:26)
    at processImmediate (node:internal/timers:478:21)]]></failure>
    </testcase>
  </testsuite>
  <testsuite name="with remote scope with dependencies" timestamp="2023-08-21T21:40:22" tests="2" file="/Users/nitsancohen/coding/my-bit/bit/e2e/commands/remove.e2e.1.ts" time="0.0600" failures="1">
    <testcase name="bit remove command with remote scope with dependencies &quot;before all&quot; hook for &quot;should not remove component with dependencies when -f flag is false&quot;" time="0.0600" classname="&quot;before all&quot; hook for &quot;should not remove component with dependencies when -f flag is false&quot;">
      <failure message="Command failed: bit init
node:internal/modules/cjs/loader:1075
  throw err;
  ^

Error: Cannot find module &apos;../node_modules/@teambit/bit/dist/app&apos;
Require stack:
- /Users/nitsancohen/.bvm/versions/0.2.29/bit-0.2.29/node_modules/@teambit/legacy/bin/bit.js
    at Module._resolveFilename (node:internal/modules/cjs/loader:1072:15)
    at Module._load (node:internal/modules/cjs/loader:925:27)
    at Module.require (node:internal/modules/cjs/loader:1139:19)
    at require (node:internal/modules/helpers:121:18)
    at Object.&lt;anonymous&gt; (/Users/nitsancohen/.bvm/versions/0.2.29/bit-0.2.29/node_modules/@teambit/legacy/bin/bit.js:3:1)
    at Module._compile (node:internal/modules/cjs/loader:1257:14)
    at Module._extensions..js (node:internal/modules/cjs/loader:1311:10)
    at Module.load (node:internal/modules/cjs/loader:1115:32)
    at Module._load (node:internal/modules/cjs/loader:962:12)
    at Function.executeUserEntryPoint [as runMain] (node:internal/modules/run_main:83:12) {
  code: &apos;MODULE_NOT_FOUND&apos;,
  requireStack: [
    &apos;/Users/nitsancohen/.bvm/versions/0.2.29/bit-0.2.29/node_modules/@teambit/legacy/bin/bit.js&apos;
  ]
}

Node.js v20.3.1
" type="Error"><![CDATA[Error: Command failed: bit init
node:internal/modules/cjs/loader:1075
  throw err;
  ^

Error: Cannot find module '../node_modules/@teambit/bit/dist/app'
Require stack:
- /Users/nitsancohen/.bvm/versions/0.2.29/bit-0.2.29/node_modules/@teambit/legacy/bin/bit.js
    at Module._resolveFilename (node:internal/modules/cjs/loader:1072:15)
    at Module._load (node:internal/modules/cjs/loader:925:27)
    at Module.require (node:internal/modules/cjs/loader:1139:19)
    at require (node:internal/modules/helpers:121:18)
    at Object.<anonymous> (/Users/nitsancohen/.bvm/versions/0.2.29/bit-0.2.29/node_modules/@teambit/legacy/bin/bit.js:3:1)
    at Module._compile (node:internal/modules/cjs/loader:1257:14)
    at Module._extensions..js (node:internal/modules/cjs/loader:1311:10)
    at Module.load (node:internal/modules/cjs/loader:1115:32)
    at Module._load (node:internal/modules/cjs/loader:962:12)
    at Function.executeUserEntryPoint [as runMain] (node:internal/modules/run_main:83:12) {
  code: 'MODULE_NOT_FOUND',
  requireStack: [
    '/Users/nitsancohen/.bvm/versions/0.2.29/bit-0.2.29/node_modules/@teambit/legacy/bin/bit.js'
  ]
}

Node.js v20.3.1

    at checkExecSyncError (node:child_process:885:11)
    at Object.execSync (node:child_process:957:15)
    at CommandHelper.runCmd (src/e2e-helper/e2e-command-helper.ts:64:22)
    at ScopeHelper.initWorkspace (src/e2e-helper/e2e-scope-helper.ts:126:25)
    at ScopeHelper.reInitLocalScope (src/e2e-helper/e2e-scope-helper.ts:87:10)
    at ScopeHelper.setNewLocalAndRemoteScopes (src/e2e-helper/e2e-scope-helper.ts:141:10)
    at Context.<anonymous> (e2e/commands/remove.e2e.1.ts:107:26)
    at processImmediate (node:internal/timers:478:21)]]></failure>
    </testcase>
  </testsuite>
  <testsuite name="with imported components, no dependencies" timestamp="2023-08-21T21:40:22" tests="1" file="/Users/nitsancohen/coding/my-bit/bit/e2e/commands/remove.e2e.1.ts" time="0.0600" failures="1">
    <testcase name="bit remove command with imported components, no dependencies &quot;before all&quot; hook for &quot;should remove components with no dependencies when -f flag is false&quot;" time="0.0600" classname="&quot;before all&quot; hook for &quot;should remove components with no dependencies when -f flag is false&quot;">
      <failure message="Command failed: bit init
node:internal/modules/cjs/loader:1075
  throw err;
  ^

Error: Cannot find module &apos;../node_modules/@teambit/bit/dist/app&apos;
Require stack:
- /Users/nitsancohen/.bvm/versions/0.2.29/bit-0.2.29/node_modules/@teambit/legacy/bin/bit.js
    at Module._resolveFilename (node:internal/modules/cjs/loader:1072:15)
    at Module._load (node:internal/modules/cjs/loader:925:27)
    at Module.require (node:internal/modules/cjs/loader:1139:19)
    at require (node:internal/modules/helpers:121:18)
    at Object.&lt;anonymous&gt; (/Users/nitsancohen/.bvm/versions/0.2.29/bit-0.2.29/node_modules/@teambit/legacy/bin/bit.js:3:1)
    at Module._compile (node:internal/modules/cjs/loader:1257:14)
    at Module._extensions..js (node:internal/modules/cjs/loader:1311:10)
    at Module.load (node:internal/modules/cjs/loader:1115:32)
    at Module._load (node:internal/modules/cjs/loader:962:12)
    at Function.executeUserEntryPoint [as runMain] (node:internal/modules/run_main:83:12) {
  code: &apos;MODULE_NOT_FOUND&apos;,
  requireStack: [
    &apos;/Users/nitsancohen/.bvm/versions/0.2.29/bit-0.2.29/node_modules/@teambit/legacy/bin/bit.js&apos;
  ]
}

Node.js v20.3.1
" type="Error"><![CDATA[Error: Command failed: bit init
node:internal/modules/cjs/loader:1075
  throw err;
  ^

Error: Cannot find module '../node_modules/@teambit/bit/dist/app'
Require stack:
- /Users/nitsancohen/.bvm/versions/0.2.29/bit-0.2.29/node_modules/@teambit/legacy/bin/bit.js
    at Module._resolveFilename (node:internal/modules/cjs/loader:1072:15)
    at Module._load (node:internal/modules/cjs/loader:925:27)
    at Module.require (node:internal/modules/cjs/loader:1139:19)
    at require (node:internal/modules/helpers:121:18)
    at Object.<anonymous> (/Users/nitsancohen/.bvm/versions/0.2.29/bit-0.2.29/node_modules/@teambit/legacy/bin/bit.js:3:1)
    at Module._compile (node:internal/modules/cjs/loader:1257:14)
    at Module._extensions..js (node:internal/modules/cjs/loader:1311:10)
    at Module.load (node:internal/modules/cjs/loader:1115:32)
    at Module._load (node:internal/modules/cjs/loader:962:12)
    at Function.executeUserEntryPoint [as runMain] (node:internal/modules/run_main:83:12) {
  code: 'MODULE_NOT_FOUND',
  requireStack: [
    '/Users/nitsancohen/.bvm/versions/0.2.29/bit-0.2.29/node_modules/@teambit/legacy/bin/bit.js'
  ]
}

Node.js v20.3.1

    at checkExecSyncError (node:child_process:885:11)
    at Object.execSync (node:child_process:957:15)
    at CommandHelper.runCmd (src/e2e-helper/e2e-command-helper.ts:64:22)
    at ScopeHelper.initWorkspace (src/e2e-helper/e2e-scope-helper.ts:126:25)
    at ScopeHelper.reInitLocalScope (src/e2e-helper/e2e-scope-helper.ts:87:10)
    at ScopeHelper.setNewLocalAndRemoteScopes (src/e2e-helper/e2e-scope-helper.ts:141:10)
    at Context.<anonymous> (e2e/commands/remove.e2e.1.ts:126:26)
    at processImmediate (node:internal/timers:478:21)]]></failure>
    </testcase>
  </testsuite>
  <testsuite name="remove modified component" timestamp="2023-08-21T21:40:22" tests="1" file="/Users/nitsancohen/coding/my-bit/bit/e2e/commands/remove.e2e.1.ts" time="0.0600" failures="1">
    <testcase name="bit remove command remove modified component &quot;before all&quot; hook for &quot;should not remove modified component &quot;" time="0.0600" classname="&quot;before all&quot; hook for &quot;should not remove modified component &quot;">
      <failure message="Command failed: bit init
node:internal/modules/cjs/loader:1075
  throw err;
  ^

Error: Cannot find module &apos;../node_modules/@teambit/bit/dist/app&apos;
Require stack:
- /Users/nitsancohen/.bvm/versions/0.2.29/bit-0.2.29/node_modules/@teambit/legacy/bin/bit.js
    at Module._resolveFilename (node:internal/modules/cjs/loader:1072:15)
    at Module._load (node:internal/modules/cjs/loader:925:27)
    at Module.require (node:internal/modules/cjs/loader:1139:19)
    at require (node:internal/modules/helpers:121:18)
    at Object.&lt;anonymous&gt; (/Users/nitsancohen/.bvm/versions/0.2.29/bit-0.2.29/node_modules/@teambit/legacy/bin/bit.js:3:1)
    at Module._compile (node:internal/modules/cjs/loader:1257:14)
    at Module._extensions..js (node:internal/modules/cjs/loader:1311:10)
    at Module.load (node:internal/modules/cjs/loader:1115:32)
    at Module._load (node:internal/modules/cjs/loader:962:12)
    at Function.executeUserEntryPoint [as runMain] (node:internal/modules/run_main:83:12) {
  code: &apos;MODULE_NOT_FOUND&apos;,
  requireStack: [
    &apos;/Users/nitsancohen/.bvm/versions/0.2.29/bit-0.2.29/node_modules/@teambit/legacy/bin/bit.js&apos;
  ]
}

Node.js v20.3.1
" type="Error"><![CDATA[Error: Command failed: bit init
node:internal/modules/cjs/loader:1075
  throw err;
  ^

Error: Cannot find module '../node_modules/@teambit/bit/dist/app'
Require stack:
- /Users/nitsancohen/.bvm/versions/0.2.29/bit-0.2.29/node_modules/@teambit/legacy/bin/bit.js
    at Module._resolveFilename (node:internal/modules/cjs/loader:1072:15)
    at Module._load (node:internal/modules/cjs/loader:925:27)
    at Module.require (node:internal/modules/cjs/loader:1139:19)
    at require (node:internal/modules/helpers:121:18)
    at Object.<anonymous> (/Users/nitsancohen/.bvm/versions/0.2.29/bit-0.2.29/node_modules/@teambit/legacy/bin/bit.js:3:1)
    at Module._compile (node:internal/modules/cjs/loader:1257:14)
    at Module._extensions..js (node:internal/modules/cjs/loader:1311:10)
    at Module.load (node:internal/modules/cjs/loader:1115:32)
    at Module._load (node:internal/modules/cjs/loader:962:12)
    at Function.executeUserEntryPoint [as runMain] (node:internal/modules/run_main:83:12) {
  code: 'MODULE_NOT_FOUND',
  requireStack: [
    '/Users/nitsancohen/.bvm/versions/0.2.29/bit-0.2.29/node_modules/@teambit/legacy/bin/bit.js'
  ]
}

Node.js v20.3.1

    at checkExecSyncError (node:child_process:885:11)
    at Object.execSync (node:child_process:957:15)
    at CommandHelper.runCmd (src/e2e-helper/e2e-command-helper.ts:64:22)
    at ScopeHelper.initWorkspace (src/e2e-helper/e2e-scope-helper.ts:126:25)
    at ScopeHelper.reInitLocalScope (src/e2e-helper/e2e-scope-helper.ts:87:10)
    at ScopeHelper.setNewLocalAndRemoteScopes (src/e2e-helper/e2e-scope-helper.ts:141:10)
    at Context.<anonymous> (e2e/commands/remove.e2e.1.ts:146:26)
    at processImmediate (node:internal/timers:478:21)]]></failure>
    </testcase>
  </testsuite>
  <testsuite name="remove a component when the main file is missing" timestamp="2023-08-21T21:40:22" tests="1" file="/Users/nitsancohen/coding/my-bit/bit/e2e/commands/remove.e2e.1.ts" time="0.0600" failures="1">
    <testcase name="bit remove command remove a component when the main file is missing &quot;before all&quot; hook for &quot;should remove the component successfully&quot;" time="0.0600" classname="&quot;before all&quot; hook for &quot;should remove the component successfully&quot;">
      <failure message="Command failed: bit init
node:internal/modules/cjs/loader:1075
  throw err;
  ^

Error: Cannot find module &apos;../node_modules/@teambit/bit/dist/app&apos;
Require stack:
- /Users/nitsancohen/.bvm/versions/0.2.29/bit-0.2.29/node_modules/@teambit/legacy/bin/bit.js
    at Module._resolveFilename (node:internal/modules/cjs/loader:1072:15)
    at Module._load (node:internal/modules/cjs/loader:925:27)
    at Module.require (node:internal/modules/cjs/loader:1139:19)
    at require (node:internal/modules/helpers:121:18)
    at Object.&lt;anonymous&gt; (/Users/nitsancohen/.bvm/versions/0.2.29/bit-0.2.29/node_modules/@teambit/legacy/bin/bit.js:3:1)
    at Module._compile (node:internal/modules/cjs/loader:1257:14)
    at Module._extensions..js (node:internal/modules/cjs/loader:1311:10)
    at Module.load (node:internal/modules/cjs/loader:1115:32)
    at Module._load (node:internal/modules/cjs/loader:962:12)
    at Function.executeUserEntryPoint [as runMain] (node:internal/modules/run_main:83:12) {
  code: &apos;MODULE_NOT_FOUND&apos;,
  requireStack: [
    &apos;/Users/nitsancohen/.bvm/versions/0.2.29/bit-0.2.29/node_modules/@teambit/legacy/bin/bit.js&apos;
  ]
}

Node.js v20.3.1
" type="Error"><![CDATA[Error: Command failed: bit init
node:internal/modules/cjs/loader:1075
  throw err;
  ^

Error: Cannot find module '../node_modules/@teambit/bit/dist/app'
Require stack:
- /Users/nitsancohen/.bvm/versions/0.2.29/bit-0.2.29/node_modules/@teambit/legacy/bin/bit.js
    at Module._resolveFilename (node:internal/modules/cjs/loader:1072:15)
    at Module._load (node:internal/modules/cjs/loader:925:27)
    at Module.require (node:internal/modules/cjs/loader:1139:19)
    at require (node:internal/modules/helpers:121:18)
    at Object.<anonymous> (/Users/nitsancohen/.bvm/versions/0.2.29/bit-0.2.29/node_modules/@teambit/legacy/bin/bit.js:3:1)
    at Module._compile (node:internal/modules/cjs/loader:1257:14)
    at Module._extensions..js (node:internal/modules/cjs/loader:1311:10)
    at Module.load (node:internal/modules/cjs/loader:1115:32)
    at Module._load (node:internal/modules/cjs/loader:962:12)
    at Function.executeUserEntryPoint [as runMain] (node:internal/modules/run_main:83:12) {
  code: 'MODULE_NOT_FOUND',
  requireStack: [
    '/Users/nitsancohen/.bvm/versions/0.2.29/bit-0.2.29/node_modules/@teambit/legacy/bin/bit.js'
  ]
}

Node.js v20.3.1

    at checkExecSyncError (node:child_process:885:11)
    at Object.execSync (node:child_process:957:15)
    at CommandHelper.runCmd (src/e2e-helper/e2e-command-helper.ts:64:22)
    at ScopeHelper.initWorkspace (src/e2e-helper/e2e-scope-helper.ts:126:25)
    at ScopeHelper.reInitLocalScope (src/e2e-helper/e2e-scope-helper.ts:87:10)
    at Context.<anonymous> (e2e/commands/remove.e2e.1.ts:161:26)
    at processImmediate (node:internal/timers:478:21)]]></failure>
    </testcase>
  </testsuite>
  <testsuite name="remove a component when a dependency has a file with the same content as other component file" timestamp="2023-08-21T21:40:22" tests="3" file="/Users/nitsancohen/coding/my-bit/bit/e2e/commands/remove.e2e.1.ts" time="0.0600" failures="1">
    <testcase name="bit remove command remove a component when a dependency has a file with the same content as other component file &quot;before all&quot; hook for &quot;should successfully remove&quot;" time="0.0600" classname="&quot;before all&quot; hook for &quot;should successfully remove&quot;">
      <failure message="Command failed: bit init
node:internal/modules/cjs/loader:1075
  throw err;
  ^

Error: Cannot find module &apos;../node_modules/@teambit/bit/dist/app&apos;
Require stack:
- /Users/nitsancohen/.bvm/versions/0.2.29/bit-0.2.29/node_modules/@teambit/legacy/bin/bit.js
    at Module._resolveFilename (node:internal/modules/cjs/loader:1072:15)
    at Module._load (node:internal/modules/cjs/loader:925:27)
    at Module.require (node:internal/modules/cjs/loader:1139:19)
    at require (node:internal/modules/helpers:121:18)
    at Object.&lt;anonymous&gt; (/Users/nitsancohen/.bvm/versions/0.2.29/bit-0.2.29/node_modules/@teambit/legacy/bin/bit.js:3:1)
    at Module._compile (node:internal/modules/cjs/loader:1257:14)
    at Module._extensions..js (node:internal/modules/cjs/loader:1311:10)
    at Module.load (node:internal/modules/cjs/loader:1115:32)
    at Module._load (node:internal/modules/cjs/loader:962:12)
    at Function.executeUserEntryPoint [as runMain] (node:internal/modules/run_main:83:12) {
  code: &apos;MODULE_NOT_FOUND&apos;,
  requireStack: [
    &apos;/Users/nitsancohen/.bvm/versions/0.2.29/bit-0.2.29/node_modules/@teambit/legacy/bin/bit.js&apos;
  ]
}

Node.js v20.3.1
" type="Error"><![CDATA[Error: Command failed: bit init
node:internal/modules/cjs/loader:1075
  throw err;
  ^

Error: Cannot find module '../node_modules/@teambit/bit/dist/app'
Require stack:
- /Users/nitsancohen/.bvm/versions/0.2.29/bit-0.2.29/node_modules/@teambit/legacy/bin/bit.js
    at Module._resolveFilename (node:internal/modules/cjs/loader:1072:15)
    at Module._load (node:internal/modules/cjs/loader:925:27)
    at Module.require (node:internal/modules/cjs/loader:1139:19)
    at require (node:internal/modules/helpers:121:18)
    at Object.<anonymous> (/Users/nitsancohen/.bvm/versions/0.2.29/bit-0.2.29/node_modules/@teambit/legacy/bin/bit.js:3:1)
    at Module._compile (node:internal/modules/cjs/loader:1257:14)
    at Module._extensions..js (node:internal/modules/cjs/loader:1311:10)
    at Module.load (node:internal/modules/cjs/loader:1115:32)
    at Module._load (node:internal/modules/cjs/loader:962:12)
    at Function.executeUserEntryPoint [as runMain] (node:internal/modules/run_main:83:12) {
  code: 'MODULE_NOT_FOUND',
  requireStack: [
    '/Users/nitsancohen/.bvm/versions/0.2.29/bit-0.2.29/node_modules/@teambit/legacy/bin/bit.js'
  ]
}

Node.js v20.3.1

    at checkExecSyncError (node:child_process:885:11)
    at Object.execSync (node:child_process:957:15)
    at CommandHelper.runCmd (src/e2e-helper/e2e-command-helper.ts:64:22)
    at ScopeHelper.initWorkspace (src/e2e-helper/e2e-scope-helper.ts:126:25)
    at ScopeHelper.reInitLocalScope (src/e2e-helper/e2e-scope-helper.ts:87:10)
    at ScopeHelper.setNewLocalAndRemoteScopes (src/e2e-helper/e2e-scope-helper.ts:141:10)
    at Context.<anonymous> (e2e/commands/remove.e2e.1.ts:179:26)
    at processImmediate (node:internal/timers:478:21)]]></failure>
    </testcase>
  </testsuite>
  <testsuite name="soft remove" timestamp="2023-08-21T21:40:23" tests="5" file="/Users/nitsancohen/coding/my-bit/bit/e2e/commands/remove.e2e.1.ts" time="0.0590" failures="1">
    <testcase name="bit remove command soft remove &quot;before all&quot; hook for &quot;bit status should show a section of removed components&quot;" time="0.0590" classname="&quot;before all&quot; hook for &quot;bit status should show a section of removed components&quot;">
      <failure message="Command failed: bit init
node:internal/modules/cjs/loader:1075
  throw err;
  ^

Error: Cannot find module &apos;../node_modules/@teambit/bit/dist/app&apos;
Require stack:
- /Users/nitsancohen/.bvm/versions/0.2.29/bit-0.2.29/node_modules/@teambit/legacy/bin/bit.js
    at Module._resolveFilename (node:internal/modules/cjs/loader:1072:15)
    at Module._load (node:internal/modules/cjs/loader:925:27)
    at Module.require (node:internal/modules/cjs/loader:1139:19)
    at require (node:internal/modules/helpers:121:18)
    at Object.&lt;anonymous&gt; (/Users/nitsancohen/.bvm/versions/0.2.29/bit-0.2.29/node_modules/@teambit/legacy/bin/bit.js:3:1)
    at Module._compile (node:internal/modules/cjs/loader:1257:14)
    at Module._extensions..js (node:internal/modules/cjs/loader:1311:10)
    at Module.load (node:internal/modules/cjs/loader:1115:32)
    at Module._load (node:internal/modules/cjs/loader:962:12)
    at Function.executeUserEntryPoint [as runMain] (node:internal/modules/run_main:83:12) {
  code: &apos;MODULE_NOT_FOUND&apos;,
  requireStack: [
    &apos;/Users/nitsancohen/.bvm/versions/0.2.29/bit-0.2.29/node_modules/@teambit/legacy/bin/bit.js&apos;
  ]
}

Node.js v20.3.1
" type="Error"><![CDATA[Error: Command failed: bit init
node:internal/modules/cjs/loader:1075
  throw err;
  ^

Error: Cannot find module '../node_modules/@teambit/bit/dist/app'
Require stack:
- /Users/nitsancohen/.bvm/versions/0.2.29/bit-0.2.29/node_modules/@teambit/legacy/bin/bit.js
    at Module._resolveFilename (node:internal/modules/cjs/loader:1072:15)
    at Module._load (node:internal/modules/cjs/loader:925:27)
    at Module.require (node:internal/modules/cjs/loader:1139:19)
    at require (node:internal/modules/helpers:121:18)
    at Object.<anonymous> (/Users/nitsancohen/.bvm/versions/0.2.29/bit-0.2.29/node_modules/@teambit/legacy/bin/bit.js:3:1)
    at Module._compile (node:internal/modules/cjs/loader:1257:14)
    at Module._extensions..js (node:internal/modules/cjs/loader:1311:10)
    at Module.load (node:internal/modules/cjs/loader:1115:32)
    at Module._load (node:internal/modules/cjs/loader:962:12)
    at Function.executeUserEntryPoint [as runMain] (node:internal/modules/run_main:83:12) {
  code: 'MODULE_NOT_FOUND',
  requireStack: [
    '/Users/nitsancohen/.bvm/versions/0.2.29/bit-0.2.29/node_modules/@teambit/legacy/bin/bit.js'
  ]
}

Node.js v20.3.1

    at checkExecSyncError (node:child_process:885:11)
    at Object.execSync (node:child_process:957:15)
    at CommandHelper.runCmd (src/e2e-helper/e2e-command-helper.ts:64:22)
    at ScopeHelper.initWorkspace (src/e2e-helper/e2e-scope-helper.ts:126:25)
    at ScopeHelper.reInitLocalScope (src/e2e-helper/e2e-scope-helper.ts:87:10)
    at ScopeHelper.setNewLocalAndRemoteScopes (src/e2e-helper/e2e-scope-helper.ts:141:10)
    at Context.<anonymous> (e2e/commands/remove.e2e.1.ts:219:26)
    at processImmediate (node:internal/timers:478:21)]]></failure>
    </testcase>
  </testsuite>
  <testsuite name="removing from workspace when it had dependents previously in old tags" timestamp="2023-08-21T21:40:23" tests="1" file="/Users/nitsancohen/coding/my-bit/bit/e2e/commands/remove.e2e.1.ts" time="0.0600" failures="1">
    <testcase name="bit remove command removing from workspace when it had dependents previously in old tags &quot;before all&quot; hook for &quot;should remove successfully without the need for --force flag&quot;" time="0.0600" classname="&quot;before all&quot; hook for &quot;should remove successfully without the need for --force flag&quot;">
      <failure message="Command failed: bit init
node:internal/modules/cjs/loader:1075
  throw err;
  ^

Error: Cannot find module &apos;../node_modules/@teambit/bit/dist/app&apos;
Require stack:
- /Users/nitsancohen/.bvm/versions/0.2.29/bit-0.2.29/node_modules/@teambit/legacy/bin/bit.js
    at Module._resolveFilename (node:internal/modules/cjs/loader:1072:15)
    at Module._load (node:internal/modules/cjs/loader:925:27)
    at Module.require (node:internal/modules/cjs/loader:1139:19)
    at require (node:internal/modules/helpers:121:18)
    at Object.&lt;anonymous&gt; (/Users/nitsancohen/.bvm/versions/0.2.29/bit-0.2.29/node_modules/@teambit/legacy/bin/bit.js:3:1)
    at Module._compile (node:internal/modules/cjs/loader:1257:14)
    at Module._extensions..js (node:internal/modules/cjs/loader:1311:10)
    at Module.load (node:internal/modules/cjs/loader:1115:32)
    at Module._load (node:internal/modules/cjs/loader:962:12)
    at Function.executeUserEntryPoint [as runMain] (node:internal/modules/run_main:83:12) {
  code: &apos;MODULE_NOT_FOUND&apos;,
  requireStack: [
    &apos;/Users/nitsancohen/.bvm/versions/0.2.29/bit-0.2.29/node_modules/@teambit/legacy/bin/bit.js&apos;
  ]
}

Node.js v20.3.1
" type="Error"><![CDATA[Error: Command failed: bit init
node:internal/modules/cjs/loader:1075
  throw err;
  ^

Error: Cannot find module '../node_modules/@teambit/bit/dist/app'
Require stack:
- /Users/nitsancohen/.bvm/versions/0.2.29/bit-0.2.29/node_modules/@teambit/legacy/bin/bit.js
    at Module._resolveFilename (node:internal/modules/cjs/loader:1072:15)
    at Module._load (node:internal/modules/cjs/loader:925:27)
    at Module.require (node:internal/modules/cjs/loader:1139:19)
    at require (node:internal/modules/helpers:121:18)
    at Object.<anonymous> (/Users/nitsancohen/.bvm/versions/0.2.29/bit-0.2.29/node_modules/@teambit/legacy/bin/bit.js:3:1)
    at Module._compile (node:internal/modules/cjs/loader:1257:14)
    at Module._extensions..js (node:internal/modules/cjs/loader:1311:10)
    at Module.load (node:internal/modules/cjs/loader:1115:32)
    at Module._load (node:internal/modules/cjs/loader:962:12)
    at Function.executeUserEntryPoint [as runMain] (node:internal/modules/run_main:83:12) {
  code: 'MODULE_NOT_FOUND',
  requireStack: [
    '/Users/nitsancohen/.bvm/versions/0.2.29/bit-0.2.29/node_modules/@teambit/legacy/bin/bit.js'
  ]
}

Node.js v20.3.1

    at checkExecSyncError (node:child_process:885:11)
    at Object.execSync (node:child_process:957:15)
    at CommandHelper.runCmd (src/e2e-helper/e2e-command-helper.ts:64:22)
    at ScopeHelper.initWorkspace (src/e2e-helper/e2e-scope-helper.ts:126:25)
    at ScopeHelper.reInitLocalScope (src/e2e-helper/e2e-scope-helper.ts:87:10)
    at ScopeHelper.setNewLocalAndRemoteScopes (src/e2e-helper/e2e-scope-helper.ts:141:10)
    at Context.<anonymous> (e2e/commands/remove.e2e.1.ts:331:26)
    at processImmediate (node:internal/timers:478:21)]]></failure>
    </testcase>
  </testsuite>
  <testsuite name="remove new component with --keep-files flag" timestamp="2023-08-21T21:40:23" tests="3" file="/Users/nitsancohen/coding/my-bit/bit/e2e/commands/remove.e2e.1.ts" time="0.0590" failures="1">
    <testcase name="bit remove command remove new component with --keep-files flag &quot;before all&quot; hook for &quot;should remove the component from .bitmap&quot;" time="0.0590" classname="&quot;before all&quot; hook for &quot;should remove the component from .bitmap&quot;">
      <failure message="Command failed: bit init
node:internal/modules/cjs/loader:1075
  throw err;
  ^

Error: Cannot find module &apos;../node_modules/@teambit/bit/dist/app&apos;
Require stack:
- /Users/nitsancohen/.bvm/versions/0.2.29/bit-0.2.29/node_modules/@teambit/legacy/bin/bit.js
    at Module._resolveFilename (node:internal/modules/cjs/loader:1072:15)
    at Module._load (node:internal/modules/cjs/loader:925:27)
    at Module.require (node:internal/modules/cjs/loader:1139:19)
    at require (node:internal/modules/helpers:121:18)
    at Object.&lt;anonymous&gt; (/Users/nitsancohen/.bvm/versions/0.2.29/bit-0.2.29/node_modules/@teambit/legacy/bin/bit.js:3:1)
    at Module._compile (node:internal/modules/cjs/loader:1257:14)
    at Module._extensions..js (node:internal/modules/cjs/loader:1311:10)
    at Module.load (node:internal/modules/cjs/loader:1115:32)
    at Module._load (node:internal/modules/cjs/loader:962:12)
    at Function.executeUserEntryPoint [as runMain] (node:internal/modules/run_main:83:12) {
  code: &apos;MODULE_NOT_FOUND&apos;,
  requireStack: [
    &apos;/Users/nitsancohen/.bvm/versions/0.2.29/bit-0.2.29/node_modules/@teambit/legacy/bin/bit.js&apos;
  ]
}

Node.js v20.3.1
" type="Error"><![CDATA[Error: Command failed: bit init
node:internal/modules/cjs/loader:1075
  throw err;
  ^

Error: Cannot find module '../node_modules/@teambit/bit/dist/app'
Require stack:
- /Users/nitsancohen/.bvm/versions/0.2.29/bit-0.2.29/node_modules/@teambit/legacy/bin/bit.js
    at Module._resolveFilename (node:internal/modules/cjs/loader:1072:15)
    at Module._load (node:internal/modules/cjs/loader:925:27)
    at Module.require (node:internal/modules/cjs/loader:1139:19)
    at require (node:internal/modules/helpers:121:18)
    at Object.<anonymous> (/Users/nitsancohen/.bvm/versions/0.2.29/bit-0.2.29/node_modules/@teambit/legacy/bin/bit.js:3:1)
    at Module._compile (node:internal/modules/cjs/loader:1257:14)
    at Module._extensions..js (node:internal/modules/cjs/loader:1311:10)
    at Module.load (node:internal/modules/cjs/loader:1115:32)
    at Module._load (node:internal/modules/cjs/loader:962:12)
    at Function.executeUserEntryPoint [as runMain] (node:internal/modules/run_main:83:12) {
  code: 'MODULE_NOT_FOUND',
  requireStack: [
    '/Users/nitsancohen/.bvm/versions/0.2.29/bit-0.2.29/node_modules/@teambit/legacy/bin/bit.js'
  ]
}

Node.js v20.3.1

    at checkExecSyncError (node:child_process:885:11)
    at Object.execSync (node:child_process:957:15)
    at CommandHelper.runCmd (src/e2e-helper/e2e-command-helper.ts:64:22)
    at ScopeHelper.initWorkspace (src/e2e-helper/e2e-scope-helper.ts:126:25)
    at ScopeHelper.reInitLocalScope (src/e2e-helper/e2e-scope-helper.ts:87:10)
    at Context.<anonymous> (e2e/commands/remove.e2e.1.ts:347:26)
    at processImmediate (node:internal/timers:478:21)]]></failure>
    </testcase>
  </testsuite>
  <testsuite name="remove new component without --keep-files flag" timestamp="2023-08-21T21:40:23" tests="3" file="/Users/nitsancohen/coding/my-bit/bit/e2e/commands/remove.e2e.1.ts" time="0.0600" failures="1">
    <testcase name="bit remove command remove new component without --keep-files flag &quot;before all&quot; hook for &quot;should remove the component from .bitmap&quot;" time="0.0600" classname="&quot;before all&quot; hook for &quot;should remove the component from .bitmap&quot;">
      <failure message="Command failed: bit init
node:internal/modules/cjs/loader:1075
  throw err;
  ^

Error: Cannot find module &apos;../node_modules/@teambit/bit/dist/app&apos;
Require stack:
- /Users/nitsancohen/.bvm/versions/0.2.29/bit-0.2.29/node_modules/@teambit/legacy/bin/bit.js
    at Module._resolveFilename (node:internal/modules/cjs/loader:1072:15)
    at Module._load (node:internal/modules/cjs/loader:925:27)
    at Module.require (node:internal/modules/cjs/loader:1139:19)
    at require (node:internal/modules/helpers:121:18)
    at Object.&lt;anonymous&gt; (/Users/nitsancohen/.bvm/versions/0.2.29/bit-0.2.29/node_modules/@teambit/legacy/bin/bit.js:3:1)
    at Module._compile (node:internal/modules/cjs/loader:1257:14)
    at Module._extensions..js (node:internal/modules/cjs/loader:1311:10)
    at Module.load (node:internal/modules/cjs/loader:1115:32)
    at Module._load (node:internal/modules/cjs/loader:962:12)
    at Function.executeUserEntryPoint [as runMain] (node:internal/modules/run_main:83:12) {
  code: &apos;MODULE_NOT_FOUND&apos;,
  requireStack: [
    &apos;/Users/nitsancohen/.bvm/versions/0.2.29/bit-0.2.29/node_modules/@teambit/legacy/bin/bit.js&apos;
  ]
}

Node.js v20.3.1
" type="Error"><![CDATA[Error: Command failed: bit init
node:internal/modules/cjs/loader:1075
  throw err;
  ^

Error: Cannot find module '../node_modules/@teambit/bit/dist/app'
Require stack:
- /Users/nitsancohen/.bvm/versions/0.2.29/bit-0.2.29/node_modules/@teambit/legacy/bin/bit.js
    at Module._resolveFilename (node:internal/modules/cjs/loader:1072:15)
    at Module._load (node:internal/modules/cjs/loader:925:27)
    at Module.require (node:internal/modules/cjs/loader:1139:19)
    at require (node:internal/modules/helpers:121:18)
    at Object.<anonymous> (/Users/nitsancohen/.bvm/versions/0.2.29/bit-0.2.29/node_modules/@teambit/legacy/bin/bit.js:3:1)
    at Module._compile (node:internal/modules/cjs/loader:1257:14)
    at Module._extensions..js (node:internal/modules/cjs/loader:1311:10)
    at Module.load (node:internal/modules/cjs/loader:1115:32)
    at Module._load (node:internal/modules/cjs/loader:962:12)
    at Function.executeUserEntryPoint [as runMain] (node:internal/modules/run_main:83:12) {
  code: 'MODULE_NOT_FOUND',
  requireStack: [
    '/Users/nitsancohen/.bvm/versions/0.2.29/bit-0.2.29/node_modules/@teambit/legacy/bin/bit.js'
  ]
}

Node.js v20.3.1

    at checkExecSyncError (node:child_process:885:11)
    at Object.execSync (node:child_process:957:15)
    at CommandHelper.runCmd (src/e2e-helper/e2e-command-helper.ts:64:22)
    at ScopeHelper.initWorkspace (src/e2e-helper/e2e-scope-helper.ts:126:25)
    at ScopeHelper.reInitLocalScope (src/e2e-helper/e2e-scope-helper.ts:87:10)
    at Context.<anonymous> (e2e/commands/remove.e2e.1.ts:364:26)
    at processImmediate (node:internal/timers:478:21)]]></failure>
    </testcase>
  </testsuite>
  <testsuite name="soft-remove then snap with --ignore-issues" timestamp="2023-08-21T21:40:23" tests="1" file="/Users/nitsancohen/coding/my-bit/bit/e2e/commands/remove.e2e.1.ts" time="0.0600" failures="1">
    <testcase name="bit remove command soft-remove then snap with --ignore-issues &quot;before all&quot; hook for &quot;should show it as removed&quot;" time="0.0600" classname="&quot;before all&quot; hook for &quot;should show it as removed&quot;">
      <failure message="Command failed: bit init
node:internal/modules/cjs/loader:1075
  throw err;
  ^

Error: Cannot find module &apos;../node_modules/@teambit/bit/dist/app&apos;
Require stack:
- /Users/nitsancohen/.bvm/versions/0.2.29/bit-0.2.29/node_modules/@teambit/legacy/bin/bit.js
    at Module._resolveFilename (node:internal/modules/cjs/loader:1072:15)
    at Module._load (node:internal/modules/cjs/loader:925:27)
    at Module.require (node:internal/modules/cjs/loader:1139:19)
    at require (node:internal/modules/helpers:121:18)
    at Object.&lt;anonymous&gt; (/Users/nitsancohen/.bvm/versions/0.2.29/bit-0.2.29/node_modules/@teambit/legacy/bin/bit.js:3:1)
    at Module._compile (node:internal/modules/cjs/loader:1257:14)
    at Module._extensions..js (node:internal/modules/cjs/loader:1311:10)
    at Module.load (node:internal/modules/cjs/loader:1115:32)
    at Module._load (node:internal/modules/cjs/loader:962:12)
    at Function.executeUserEntryPoint [as runMain] (node:internal/modules/run_main:83:12) {
  code: &apos;MODULE_NOT_FOUND&apos;,
  requireStack: [
    &apos;/Users/nitsancohen/.bvm/versions/0.2.29/bit-0.2.29/node_modules/@teambit/legacy/bin/bit.js&apos;
  ]
}

Node.js v20.3.1
" type="Error"><![CDATA[Error: Command failed: bit init
node:internal/modules/cjs/loader:1075
  throw err;
  ^

Error: Cannot find module '../node_modules/@teambit/bit/dist/app'
Require stack:
- /Users/nitsancohen/.bvm/versions/0.2.29/bit-0.2.29/node_modules/@teambit/legacy/bin/bit.js
    at Module._resolveFilename (node:internal/modules/cjs/loader:1072:15)
    at Module._load (node:internal/modules/cjs/loader:925:27)
    at Module.require (node:internal/modules/cjs/loader:1139:19)
    at require (node:internal/modules/helpers:121:18)
    at Object.<anonymous> (/Users/nitsancohen/.bvm/versions/0.2.29/bit-0.2.29/node_modules/@teambit/legacy/bin/bit.js:3:1)
    at Module._compile (node:internal/modules/cjs/loader:1257:14)
    at Module._extensions..js (node:internal/modules/cjs/loader:1311:10)
    at Module.load (node:internal/modules/cjs/loader:1115:32)
    at Module._load (node:internal/modules/cjs/loader:962:12)
    at Function.executeUserEntryPoint [as runMain] (node:internal/modules/run_main:83:12) {
  code: 'MODULE_NOT_FOUND',
  requireStack: [
    '/Users/nitsancohen/.bvm/versions/0.2.29/bit-0.2.29/node_modules/@teambit/legacy/bin/bit.js'
  ]
}

Node.js v20.3.1

    at checkExecSyncError (node:child_process:885:11)
    at Object.execSync (node:child_process:957:15)
    at CommandHelper.runCmd (src/e2e-helper/e2e-command-helper.ts:64:22)
    at ScopeHelper.initWorkspace (src/e2e-helper/e2e-scope-helper.ts:126:25)
    at ScopeHelper.reInitLocalScope (src/e2e-helper/e2e-scope-helper.ts:87:10)
    at ScopeHelper.setNewLocalAndRemoteScopes (src/e2e-helper/e2e-scope-helper.ts:141:10)
    at Context.<anonymous> (e2e/commands/remove.e2e.1.ts:381:26)
    at processImmediate (node:internal/timers:478:21)]]></failure>
    </testcase>
  </testsuite>
  <testsuite name="remove when a lane is new" timestamp="2023-08-21T21:40:23" tests="2" file="/Users/nitsancohen/coding/my-bit/bit/e2e/commands/remove.e2e.1.ts" time="0.0610" failures="1">
    <testcase name="bit remove command remove when a lane is new &quot;before all&quot; hook for &quot;should remove the components from the local lane&quot;" time="0.0610" classname="&quot;before all&quot; hook for &quot;should remove the components from the local lane&quot;">
      <failure message="Command failed: bit init
node:internal/modules/cjs/loader:1075
  throw err;
  ^

Error: Cannot find module &apos;../node_modules/@teambit/bit/dist/app&apos;
Require stack:
- /Users/nitsancohen/.bvm/versions/0.2.29/bit-0.2.29/node_modules/@teambit/legacy/bin/bit.js
    at Module._resolveFilename (node:internal/modules/cjs/loader:1072:15)
    at Module._load (node:internal/modules/cjs/loader:925:27)
    at Module.require (node:internal/modules/cjs/loader:1139:19)
    at require (node:internal/modules/helpers:121:18)
    at Object.&lt;anonymous&gt; (/Users/nitsancohen/.bvm/versions/0.2.29/bit-0.2.29/node_modules/@teambit/legacy/bin/bit.js:3:1)
    at Module._compile (node:internal/modules/cjs/loader:1257:14)
    at Module._extensions..js (node:internal/modules/cjs/loader:1311:10)
    at Module.load (node:internal/modules/cjs/loader:1115:32)
    at Module._load (node:internal/modules/cjs/loader:962:12)
    at Function.executeUserEntryPoint [as runMain] (node:internal/modules/run_main:83:12) {
  code: &apos;MODULE_NOT_FOUND&apos;,
  requireStack: [
    &apos;/Users/nitsancohen/.bvm/versions/0.2.29/bit-0.2.29/node_modules/@teambit/legacy/bin/bit.js&apos;
  ]
}

Node.js v20.3.1
" type="Error"><![CDATA[Error: Command failed: bit init
node:internal/modules/cjs/loader:1075
  throw err;
  ^

Error: Cannot find module '../node_modules/@teambit/bit/dist/app'
Require stack:
- /Users/nitsancohen/.bvm/versions/0.2.29/bit-0.2.29/node_modules/@teambit/legacy/bin/bit.js
    at Module._resolveFilename (node:internal/modules/cjs/loader:1072:15)
    at Module._load (node:internal/modules/cjs/loader:925:27)
    at Module.require (node:internal/modules/cjs/loader:1139:19)
    at require (node:internal/modules/helpers:121:18)
    at Object.<anonymous> (/Users/nitsancohen/.bvm/versions/0.2.29/bit-0.2.29/node_modules/@teambit/legacy/bin/bit.js:3:1)
    at Module._compile (node:internal/modules/cjs/loader:1257:14)
    at Module._extensions..js (node:internal/modules/cjs/loader:1311:10)
    at Module.load (node:internal/modules/cjs/loader:1115:32)
    at Module._load (node:internal/modules/cjs/loader:962:12)
    at Function.executeUserEntryPoint [as runMain] (node:internal/modules/run_main:83:12) {
  code: 'MODULE_NOT_FOUND',
  requireStack: [
    '/Users/nitsancohen/.bvm/versions/0.2.29/bit-0.2.29/node_modules/@teambit/legacy/bin/bit.js'
  ]
}

Node.js v20.3.1

    at checkExecSyncError (node:child_process:885:11)
    at Object.execSync (node:child_process:957:15)
    at CommandHelper.runCmd (src/e2e-helper/e2e-command-helper.ts:64:22)
    at ScopeHelper.initWorkspace (src/e2e-helper/e2e-scope-helper.ts:126:25)
    at ScopeHelper.reInitLocalScope (src/e2e-helper/e2e-scope-helper.ts:87:10)
    at ScopeHelper.setNewLocalAndRemoteScopes (src/e2e-helper/e2e-scope-helper.ts:141:10)
    at Context.<anonymous> (e2e/commands/remove.e2e.1.ts:395:26)
    at processImmediate (node:internal/timers:478:21)]]></failure>
    </testcase>
  </testsuite>
  <testsuite name="soft-remove then import" timestamp="2023-08-21T21:40:23" tests="1" file="/Users/nitsancohen/coding/my-bit/bit/e2e/commands/remove.e2e.1.ts" time="0.0600" failures="1">
    <testcase name="bit remove command soft-remove then import &quot;before all&quot; hook for &quot;should not throwing an error upon import&quot;" time="0.0600" classname="&quot;before all&quot; hook for &quot;should not throwing an error upon import&quot;">
      <failure message="Command failed: bit init
node:internal/modules/cjs/loader:1075
  throw err;
  ^

Error: Cannot find module &apos;../node_modules/@teambit/bit/dist/app&apos;
Require stack:
- /Users/nitsancohen/.bvm/versions/0.2.29/bit-0.2.29/node_modules/@teambit/legacy/bin/bit.js
    at Module._resolveFilename (node:internal/modules/cjs/loader:1072:15)
    at Module._load (node:internal/modules/cjs/loader:925:27)
    at Module.require (node:internal/modules/cjs/loader:1139:19)
    at require (node:internal/modules/helpers:121:18)
    at Object.&lt;anonymous&gt; (/Users/nitsancohen/.bvm/versions/0.2.29/bit-0.2.29/node_modules/@teambit/legacy/bin/bit.js:3:1)
    at Module._compile (node:internal/modules/cjs/loader:1257:14)
    at Module._extensions..js (node:internal/modules/cjs/loader:1311:10)
    at Module.load (node:internal/modules/cjs/loader:1115:32)
    at Module._load (node:internal/modules/cjs/loader:962:12)
    at Function.executeUserEntryPoint [as runMain] (node:internal/modules/run_main:83:12) {
  code: &apos;MODULE_NOT_FOUND&apos;,
  requireStack: [
    &apos;/Users/nitsancohen/.bvm/versions/0.2.29/bit-0.2.29/node_modules/@teambit/legacy/bin/bit.js&apos;
  ]
}

Node.js v20.3.1
" type="Error"><![CDATA[Error: Command failed: bit init
node:internal/modules/cjs/loader:1075
  throw err;
  ^

Error: Cannot find module '../node_modules/@teambit/bit/dist/app'
Require stack:
- /Users/nitsancohen/.bvm/versions/0.2.29/bit-0.2.29/node_modules/@teambit/legacy/bin/bit.js
    at Module._resolveFilename (node:internal/modules/cjs/loader:1072:15)
    at Module._load (node:internal/modules/cjs/loader:925:27)
    at Module.require (node:internal/modules/cjs/loader:1139:19)
    at require (node:internal/modules/helpers:121:18)
    at Object.<anonymous> (/Users/nitsancohen/.bvm/versions/0.2.29/bit-0.2.29/node_modules/@teambit/legacy/bin/bit.js:3:1)
    at Module._compile (node:internal/modules/cjs/loader:1257:14)
    at Module._extensions..js (node:internal/modules/cjs/loader:1311:10)
    at Module.load (node:internal/modules/cjs/loader:1115:32)
    at Module._load (node:internal/modules/cjs/loader:962:12)
    at Function.executeUserEntryPoint [as runMain] (node:internal/modules/run_main:83:12) {
  code: 'MODULE_NOT_FOUND',
  requireStack: [
    '/Users/nitsancohen/.bvm/versions/0.2.29/bit-0.2.29/node_modules/@teambit/legacy/bin/bit.js'
  ]
}

Node.js v20.3.1

    at checkExecSyncError (node:child_process:885:11)
    at Object.execSync (node:child_process:957:15)
    at CommandHelper.runCmd (src/e2e-helper/e2e-command-helper.ts:64:22)
    at ScopeHelper.initWorkspace (src/e2e-helper/e2e-scope-helper.ts:126:25)
    at ScopeHelper.reInitLocalScope (src/e2e-helper/e2e-scope-helper.ts:87:10)
    at ScopeHelper.setNewLocalAndRemoteScopes (src/e2e-helper/e2e-scope-helper.ts:141:10)
    at Context.<anonymous> (e2e/commands/remove.e2e.1.ts:413:26)
    at processImmediate (node:internal/timers:478:21)]]></failure>
    </testcase>
  </testsuite>
  <testsuite name="soft remove on lane then tagging the dependent without removing the references to the removed component" timestamp="2023-08-21T21:40:23" tests="1" file="/Users/nitsancohen/coding/my-bit/bit/e2e/commands/remove.e2e.1.ts" time="0.0600" failures="1">
    <testcase name="bit remove command soft remove on lane then tagging the dependent without removing the references to the removed component &quot;before all&quot; hook for &quot;bit status should show RemovedDependency issue&quot;" time="0.0600" classname="&quot;before all&quot; hook for &quot;bit status should show RemovedDependency issue&quot;">
      <failure message="Command failed: bit init
node:internal/modules/cjs/loader:1075
  throw err;
  ^

Error: Cannot find module &apos;../node_modules/@teambit/bit/dist/app&apos;
Require stack:
- /Users/nitsancohen/.bvm/versions/0.2.29/bit-0.2.29/node_modules/@teambit/legacy/bin/bit.js
    at Module._resolveFilename (node:internal/modules/cjs/loader:1072:15)
    at Module._load (node:internal/modules/cjs/loader:925:27)
    at Module.require (node:internal/modules/cjs/loader:1139:19)
    at require (node:internal/modules/helpers:121:18)
    at Object.&lt;anonymous&gt; (/Users/nitsancohen/.bvm/versions/0.2.29/bit-0.2.29/node_modules/@teambit/legacy/bin/bit.js:3:1)
    at Module._compile (node:internal/modules/cjs/loader:1257:14)
    at Module._extensions..js (node:internal/modules/cjs/loader:1311:10)
    at Module.load (node:internal/modules/cjs/loader:1115:32)
    at Module._load (node:internal/modules/cjs/loader:962:12)
    at Function.executeUserEntryPoint [as runMain] (node:internal/modules/run_main:83:12) {
  code: &apos;MODULE_NOT_FOUND&apos;,
  requireStack: [
    &apos;/Users/nitsancohen/.bvm/versions/0.2.29/bit-0.2.29/node_modules/@teambit/legacy/bin/bit.js&apos;
  ]
}

Node.js v20.3.1
" type="Error"><![CDATA[Error: Command failed: bit init
node:internal/modules/cjs/loader:1075
  throw err;
  ^

Error: Cannot find module '../node_modules/@teambit/bit/dist/app'
Require stack:
- /Users/nitsancohen/.bvm/versions/0.2.29/bit-0.2.29/node_modules/@teambit/legacy/bin/bit.js
    at Module._resolveFilename (node:internal/modules/cjs/loader:1072:15)
    at Module._load (node:internal/modules/cjs/loader:925:27)
    at Module.require (node:internal/modules/cjs/loader:1139:19)
    at require (node:internal/modules/helpers:121:18)
    at Object.<anonymous> (/Users/nitsancohen/.bvm/versions/0.2.29/bit-0.2.29/node_modules/@teambit/legacy/bin/bit.js:3:1)
    at Module._compile (node:internal/modules/cjs/loader:1257:14)
    at Module._extensions..js (node:internal/modules/cjs/loader:1311:10)
    at Module.load (node:internal/modules/cjs/loader:1115:32)
    at Module._load (node:internal/modules/cjs/loader:962:12)
    at Function.executeUserEntryPoint [as runMain] (node:internal/modules/run_main:83:12) {
  code: 'MODULE_NOT_FOUND',
  requireStack: [
    '/Users/nitsancohen/.bvm/versions/0.2.29/bit-0.2.29/node_modules/@teambit/legacy/bin/bit.js'
  ]
}

Node.js v20.3.1

    at checkExecSyncError (node:child_process:885:11)
    at Object.execSync (node:child_process:957:15)
    at CommandHelper.runCmd (src/e2e-helper/e2e-command-helper.ts:64:22)
    at ScopeHelper.initWorkspace (src/e2e-helper/e2e-scope-helper.ts:126:25)
    at ScopeHelper.reInitLocalScope (src/e2e-helper/e2e-scope-helper.ts:87:10)
    at ScopeHelper.setNewLocalAndRemoteScopes (src/e2e-helper/e2e-scope-helper.ts:141:10)
    at Context.<anonymous> (e2e/commands/remove.e2e.1.ts:427:26)
    at processImmediate (node:internal/timers:478:21)]]></failure>
    </testcase>
  </testsuite>
  <testsuite name="soft remove on lane then tagging the dependent without removing the references to the removed component then recovering it" timestamp="2023-08-21T21:40:23" tests="1" file="/Users/nitsancohen/coding/my-bit/bit/e2e/commands/remove.e2e.1.ts" time="0.0600" failures="1">
    <testcase name="bit remove command soft remove on lane then tagging the dependent without removing the references to the removed component then recovering it &quot;before all&quot; hook for &quot;bit status should not show RemovedDependency issue because it was recovered&quot;" time="0.0600" classname="&quot;before all&quot; hook for &quot;bit status should not show RemovedDependency issue because it was recovered&quot;">
      <failure message="Command failed: bit init
node:internal/modules/cjs/loader:1075
  throw err;
  ^

Error: Cannot find module &apos;../node_modules/@teambit/bit/dist/app&apos;
Require stack:
- /Users/nitsancohen/.bvm/versions/0.2.29/bit-0.2.29/node_modules/@teambit/legacy/bin/bit.js
    at Module._resolveFilename (node:internal/modules/cjs/loader:1072:15)
    at Module._load (node:internal/modules/cjs/loader:925:27)
    at Module.require (node:internal/modules/cjs/loader:1139:19)
    at require (node:internal/modules/helpers:121:18)
    at Object.&lt;anonymous&gt; (/Users/nitsancohen/.bvm/versions/0.2.29/bit-0.2.29/node_modules/@teambit/legacy/bin/bit.js:3:1)
    at Module._compile (node:internal/modules/cjs/loader:1257:14)
    at Module._extensions..js (node:internal/modules/cjs/loader:1311:10)
    at Module.load (node:internal/modules/cjs/loader:1115:32)
    at Module._load (node:internal/modules/cjs/loader:962:12)
    at Function.executeUserEntryPoint [as runMain] (node:internal/modules/run_main:83:12) {
  code: &apos;MODULE_NOT_FOUND&apos;,
  requireStack: [
    &apos;/Users/nitsancohen/.bvm/versions/0.2.29/bit-0.2.29/node_modules/@teambit/legacy/bin/bit.js&apos;
  ]
}

Node.js v20.3.1
" type="Error"><![CDATA[Error: Command failed: bit init
node:internal/modules/cjs/loader:1075
  throw err;
  ^

Error: Cannot find module '../node_modules/@teambit/bit/dist/app'
Require stack:
- /Users/nitsancohen/.bvm/versions/0.2.29/bit-0.2.29/node_modules/@teambit/legacy/bin/bit.js
    at Module._resolveFilename (node:internal/modules/cjs/loader:1072:15)
    at Module._load (node:internal/modules/cjs/loader:925:27)
    at Module.require (node:internal/modules/cjs/loader:1139:19)
    at require (node:internal/modules/helpers:121:18)
    at Object.<anonymous> (/Users/nitsancohen/.bvm/versions/0.2.29/bit-0.2.29/node_modules/@teambit/legacy/bin/bit.js:3:1)
    at Module._compile (node:internal/modules/cjs/loader:1257:14)
    at Module._extensions..js (node:internal/modules/cjs/loader:1311:10)
    at Module.load (node:internal/modules/cjs/loader:1115:32)
    at Module._load (node:internal/modules/cjs/loader:962:12)
    at Function.executeUserEntryPoint [as runMain] (node:internal/modules/run_main:83:12) {
  code: 'MODULE_NOT_FOUND',
  requireStack: [
    '/Users/nitsancohen/.bvm/versions/0.2.29/bit-0.2.29/node_modules/@teambit/legacy/bin/bit.js'
  ]
}

Node.js v20.3.1

    at checkExecSyncError (node:child_process:885:11)
    at Object.execSync (node:child_process:957:15)
    at CommandHelper.runCmd (src/e2e-helper/e2e-command-helper.ts:64:22)
    at ScopeHelper.initWorkspace (src/e2e-helper/e2e-scope-helper.ts:126:25)
    at ScopeHelper.reInitLocalScope (src/e2e-helper/e2e-scope-helper.ts:87:10)
    at ScopeHelper.setNewLocalAndRemoteScopes (src/e2e-helper/e2e-scope-helper.ts:141:10)
    at Context.<anonymous> (e2e/commands/remove.e2e.1.ts:441:26)
    at processImmediate (node:internal/timers:478:21)]]></failure>
    </testcase>
  </testsuite>
  <testsuite name="soft remove then snapping with --build" timestamp="2023-08-21T21:40:23" tests="2" file="/Users/nitsancohen/coding/my-bit/bit/e2e/commands/remove.e2e.1.ts" time="0.0590" failures="1">
    <testcase name="bit remove command soft remove then snapping with --build &quot;before all&quot; hook for &quot;should not build the removed component&quot;" time="0.0590" classname="&quot;before all&quot; hook for &quot;should not build the removed component&quot;">
      <failure message="Command failed: bit init
node:internal/modules/cjs/loader:1075
  throw err;
  ^

Error: Cannot find module &apos;../node_modules/@teambit/bit/dist/app&apos;
Require stack:
- /Users/nitsancohen/.bvm/versions/0.2.29/bit-0.2.29/node_modules/@teambit/legacy/bin/bit.js
    at Module._resolveFilename (node:internal/modules/cjs/loader:1072:15)
    at Module._load (node:internal/modules/cjs/loader:925:27)
    at Module.require (node:internal/modules/cjs/loader:1139:19)
    at require (node:internal/modules/helpers:121:18)
    at Object.&lt;anonymous&gt; (/Users/nitsancohen/.bvm/versions/0.2.29/bit-0.2.29/node_modules/@teambit/legacy/bin/bit.js:3:1)
    at Module._compile (node:internal/modules/cjs/loader:1257:14)
    at Module._extensions..js (node:internal/modules/cjs/loader:1311:10)
    at Module.load (node:internal/modules/cjs/loader:1115:32)
    at Module._load (node:internal/modules/cjs/loader:962:12)
    at Function.executeUserEntryPoint [as runMain] (node:internal/modules/run_main:83:12) {
  code: &apos;MODULE_NOT_FOUND&apos;,
  requireStack: [
    &apos;/Users/nitsancohen/.bvm/versions/0.2.29/bit-0.2.29/node_modules/@teambit/legacy/bin/bit.js&apos;
  ]
}

Node.js v20.3.1
" type="Error"><![CDATA[Error: Command failed: bit init
node:internal/modules/cjs/loader:1075
  throw err;
  ^

Error: Cannot find module '../node_modules/@teambit/bit/dist/app'
Require stack:
- /Users/nitsancohen/.bvm/versions/0.2.29/bit-0.2.29/node_modules/@teambit/legacy/bin/bit.js
    at Module._resolveFilename (node:internal/modules/cjs/loader:1072:15)
    at Module._load (node:internal/modules/cjs/loader:925:27)
    at Module.require (node:internal/modules/cjs/loader:1139:19)
    at require (node:internal/modules/helpers:121:18)
    at Object.<anonymous> (/Users/nitsancohen/.bvm/versions/0.2.29/bit-0.2.29/node_modules/@teambit/legacy/bin/bit.js:3:1)
    at Module._compile (node:internal/modules/cjs/loader:1257:14)
    at Module._extensions..js (node:internal/modules/cjs/loader:1311:10)
    at Module.load (node:internal/modules/cjs/loader:1115:32)
    at Module._load (node:internal/modules/cjs/loader:962:12)
    at Function.executeUserEntryPoint [as runMain] (node:internal/modules/run_main:83:12) {
  code: 'MODULE_NOT_FOUND',
  requireStack: [
    '/Users/nitsancohen/.bvm/versions/0.2.29/bit-0.2.29/node_modules/@teambit/legacy/bin/bit.js'
  ]
}

Node.js v20.3.1

    at checkExecSyncError (node:child_process:885:11)
    at Object.execSync (node:child_process:957:15)
    at CommandHelper.runCmd (src/e2e-helper/e2e-command-helper.ts:64:22)
    at ScopeHelper.initWorkspace (src/e2e-helper/e2e-scope-helper.ts:126:25)
    at ScopeHelper.reInitLocalScope (src/e2e-helper/e2e-scope-helper.ts:87:10)
    at ScopeHelper.setNewLocalAndRemoteScopes (src/e2e-helper/e2e-scope-helper.ts:141:10)
    at Context.<anonymous> (e2e/commands/remove.e2e.1.ts:467:26)
    at processImmediate (node:internal/timers:478:21)]]></failure>
    </testcase>
  </testsuite>
  <testsuite name="bit status command" timestamp="2023-08-21T21:40:23" tests="0" file="/Users/nitsancohen/coding/my-bit/bit/e2e/commands/status.e2e.2.ts" time="0.0000" failures="0">
  </testsuite>
  <testsuite name="when no components created" timestamp="2023-08-21T21:40:23" tests="1" file="/Users/nitsancohen/coding/my-bit/bit/e2e/commands/status.e2e.2.ts" time="0.0600" failures="1">
    <testcase name="bit status command when no components created &quot;before all&quot; hook for &quot;should indicate that there are no components&quot;" time="0.0600" classname="&quot;before all&quot; hook for &quot;should indicate that there are no components&quot;">
      <failure message="Command failed: bit init
node:internal/modules/cjs/loader:1075
  throw err;
  ^

Error: Cannot find module &apos;../node_modules/@teambit/bit/dist/app&apos;
Require stack:
- /Users/nitsancohen/.bvm/versions/0.2.29/bit-0.2.29/node_modules/@teambit/legacy/bin/bit.js
    at Module._resolveFilename (node:internal/modules/cjs/loader:1072:15)
    at Module._load (node:internal/modules/cjs/loader:925:27)
    at Module.require (node:internal/modules/cjs/loader:1139:19)
    at require (node:internal/modules/helpers:121:18)
    at Object.&lt;anonymous&gt; (/Users/nitsancohen/.bvm/versions/0.2.29/bit-0.2.29/node_modules/@teambit/legacy/bin/bit.js:3:1)
    at Module._compile (node:internal/modules/cjs/loader:1257:14)
    at Module._extensions..js (node:internal/modules/cjs/loader:1311:10)
    at Module.load (node:internal/modules/cjs/loader:1115:32)
    at Module._load (node:internal/modules/cjs/loader:962:12)
    at Function.executeUserEntryPoint [as runMain] (node:internal/modules/run_main:83:12) {
  code: &apos;MODULE_NOT_FOUND&apos;,
  requireStack: [
    &apos;/Users/nitsancohen/.bvm/versions/0.2.29/bit-0.2.29/node_modules/@teambit/legacy/bin/bit.js&apos;
  ]
}

Node.js v20.3.1
" type="Error"><![CDATA[Error: Command failed: bit init
node:internal/modules/cjs/loader:1075
  throw err;
  ^

Error: Cannot find module '../node_modules/@teambit/bit/dist/app'
Require stack:
- /Users/nitsancohen/.bvm/versions/0.2.29/bit-0.2.29/node_modules/@teambit/legacy/bin/bit.js
    at Module._resolveFilename (node:internal/modules/cjs/loader:1072:15)
    at Module._load (node:internal/modules/cjs/loader:925:27)
    at Module.require (node:internal/modules/cjs/loader:1139:19)
    at require (node:internal/modules/helpers:121:18)
    at Object.<anonymous> (/Users/nitsancohen/.bvm/versions/0.2.29/bit-0.2.29/node_modules/@teambit/legacy/bin/bit.js:3:1)
    at Module._compile (node:internal/modules/cjs/loader:1257:14)
    at Module._extensions..js (node:internal/modules/cjs/loader:1311:10)
    at Module.load (node:internal/modules/cjs/loader:1115:32)
    at Module._load (node:internal/modules/cjs/loader:962:12)
    at Function.executeUserEntryPoint [as runMain] (node:internal/modules/run_main:83:12) {
  code: 'MODULE_NOT_FOUND',
  requireStack: [
    '/Users/nitsancohen/.bvm/versions/0.2.29/bit-0.2.29/node_modules/@teambit/legacy/bin/bit.js'
  ]
}

Node.js v20.3.1

    at checkExecSyncError (node:child_process:885:11)
    at Object.execSync (node:child_process:957:15)
    at CommandHelper.runCmd (src/e2e-helper/e2e-command-helper.ts:64:22)
    at ScopeHelper.initWorkspace (src/e2e-helper/e2e-scope-helper.ts:126:25)
    at Context.<anonymous> (e2e/commands/status.e2e.2.ts:26:26)
    at processImmediate (node:internal/timers:478:21)]]></failure>
    </testcase>
  </testsuite>
  <testsuite name="when a component is created in components directory but not added" timestamp="2023-08-21T21:40:23" tests="1" file="/Users/nitsancohen/coding/my-bit/bit/e2e/commands/status.e2e.2.ts" time="0.0590" failures="1">
    <testcase name="bit status command when a component is created in components directory but not added &quot;before all&quot; hook for &quot;should indicate that there are no components and should not throw an error&quot;" time="0.0590" classname="&quot;before all&quot; hook for &quot;should indicate that there are no components and should not throw an error&quot;">
      <failure message="Command failed: bit init
node:internal/modules/cjs/loader:1075
  throw err;
  ^

Error: Cannot find module &apos;../node_modules/@teambit/bit/dist/app&apos;
Require stack:
- /Users/nitsancohen/.bvm/versions/0.2.29/bit-0.2.29/node_modules/@teambit/legacy/bin/bit.js
    at Module._resolveFilename (node:internal/modules/cjs/loader:1072:15)
    at Module._load (node:internal/modules/cjs/loader:925:27)
    at Module.require (node:internal/modules/cjs/loader:1139:19)
    at require (node:internal/modules/helpers:121:18)
    at Object.&lt;anonymous&gt; (/Users/nitsancohen/.bvm/versions/0.2.29/bit-0.2.29/node_modules/@teambit/legacy/bin/bit.js:3:1)
    at Module._compile (node:internal/modules/cjs/loader:1257:14)
    at Module._extensions..js (node:internal/modules/cjs/loader:1311:10)
    at Module.load (node:internal/modules/cjs/loader:1115:32)
    at Module._load (node:internal/modules/cjs/loader:962:12)
    at Function.executeUserEntryPoint [as runMain] (node:internal/modules/run_main:83:12) {
  code: &apos;MODULE_NOT_FOUND&apos;,
  requireStack: [
    &apos;/Users/nitsancohen/.bvm/versions/0.2.29/bit-0.2.29/node_modules/@teambit/legacy/bin/bit.js&apos;
  ]
}

Node.js v20.3.1
" type="Error"><![CDATA[Error: Command failed: bit init
node:internal/modules/cjs/loader:1075
  throw err;
  ^

Error: Cannot find module '../node_modules/@teambit/bit/dist/app'
Require stack:
- /Users/nitsancohen/.bvm/versions/0.2.29/bit-0.2.29/node_modules/@teambit/legacy/bin/bit.js
    at Module._resolveFilename (node:internal/modules/cjs/loader:1072:15)
    at Module._load (node:internal/modules/cjs/loader:925:27)
    at Module.require (node:internal/modules/cjs/loader:1139:19)
    at require (node:internal/modules/helpers:121:18)
    at Object.<anonymous> (/Users/nitsancohen/.bvm/versions/0.2.29/bit-0.2.29/node_modules/@teambit/legacy/bin/bit.js:3:1)
    at Module._compile (node:internal/modules/cjs/loader:1257:14)
    at Module._extensions..js (node:internal/modules/cjs/loader:1311:10)
    at Module.load (node:internal/modules/cjs/loader:1115:32)
    at Module._load (node:internal/modules/cjs/loader:962:12)
    at Function.executeUserEntryPoint [as runMain] (node:internal/modules/run_main:83:12) {
  code: 'MODULE_NOT_FOUND',
  requireStack: [
    '/Users/nitsancohen/.bvm/versions/0.2.29/bit-0.2.29/node_modules/@teambit/legacy/bin/bit.js'
  ]
}

Node.js v20.3.1

    at checkExecSyncError (node:child_process:885:11)
    at Object.execSync (node:child_process:957:15)
    at CommandHelper.runCmd (src/e2e-helper/e2e-command-helper.ts:64:22)
    at ScopeHelper.initWorkspace (src/e2e-helper/e2e-scope-helper.ts:126:25)
    at Context.<anonymous> (e2e/commands/status.e2e.2.ts:36:26)
    at processImmediate (node:internal/timers:478:21)]]></failure>
    </testcase>
  </testsuite>
  <testsuite name="when a component is created and added but not tagged" timestamp="2023-08-21T21:40:23" tests="3" file="/Users/nitsancohen/coding/my-bit/bit/e2e/commands/status.e2e.2.ts" time="0.0590" failures="1">
    <testcase name="bit status command when a component is created and added but not tagged &quot;before all&quot; hook for &quot;should display that component as a new component&quot;" time="0.0590" classname="&quot;before all&quot; hook for &quot;should display that component as a new component&quot;">
      <failure message="Command failed: bit init
node:internal/modules/cjs/loader:1075
  throw err;
  ^

Error: Cannot find module &apos;../node_modules/@teambit/bit/dist/app&apos;
Require stack:
- /Users/nitsancohen/.bvm/versions/0.2.29/bit-0.2.29/node_modules/@teambit/legacy/bin/bit.js
    at Module._resolveFilename (node:internal/modules/cjs/loader:1072:15)
    at Module._load (node:internal/modules/cjs/loader:925:27)
    at Module.require (node:internal/modules/cjs/loader:1139:19)
    at require (node:internal/modules/helpers:121:18)
    at Object.&lt;anonymous&gt; (/Users/nitsancohen/.bvm/versions/0.2.29/bit-0.2.29/node_modules/@teambit/legacy/bin/bit.js:3:1)
    at Module._compile (node:internal/modules/cjs/loader:1257:14)
    at Module._extensions..js (node:internal/modules/cjs/loader:1311:10)
    at Module.load (node:internal/modules/cjs/loader:1115:32)
    at Module._load (node:internal/modules/cjs/loader:962:12)
    at Function.executeUserEntryPoint [as runMain] (node:internal/modules/run_main:83:12) {
  code: &apos;MODULE_NOT_FOUND&apos;,
  requireStack: [
    &apos;/Users/nitsancohen/.bvm/versions/0.2.29/bit-0.2.29/node_modules/@teambit/legacy/bin/bit.js&apos;
  ]
}

Node.js v20.3.1
" type="Error"><![CDATA[Error: Command failed: bit init
node:internal/modules/cjs/loader:1075
  throw err;
  ^

Error: Cannot find module '../node_modules/@teambit/bit/dist/app'
Require stack:
- /Users/nitsancohen/.bvm/versions/0.2.29/bit-0.2.29/node_modules/@teambit/legacy/bin/bit.js
    at Module._resolveFilename (node:internal/modules/cjs/loader:1072:15)
    at Module._load (node:internal/modules/cjs/loader:925:27)
    at Module.require (node:internal/modules/cjs/loader:1139:19)
    at require (node:internal/modules/helpers:121:18)
    at Object.<anonymous> (/Users/nitsancohen/.bvm/versions/0.2.29/bit-0.2.29/node_modules/@teambit/legacy/bin/bit.js:3:1)
    at Module._compile (node:internal/modules/cjs/loader:1257:14)
    at Module._extensions..js (node:internal/modules/cjs/loader:1311:10)
    at Module.load (node:internal/modules/cjs/loader:1115:32)
    at Module._load (node:internal/modules/cjs/loader:962:12)
    at Function.executeUserEntryPoint [as runMain] (node:internal/modules/run_main:83:12) {
  code: 'MODULE_NOT_FOUND',
  requireStack: [
    '/Users/nitsancohen/.bvm/versions/0.2.29/bit-0.2.29/node_modules/@teambit/legacy/bin/bit.js'
  ]
}

Node.js v20.3.1

    at checkExecSyncError (node:child_process:885:11)
    at Object.execSync (node:child_process:957:15)
    at CommandHelper.runCmd (src/e2e-helper/e2e-command-helper.ts:64:22)
    at ScopeHelper.initWorkspace (src/e2e-helper/e2e-scope-helper.ts:126:25)
    at ScopeHelper.reInitLocalScope (src/e2e-helper/e2e-scope-helper.ts:87:10)
    at Context.<anonymous> (e2e/commands/status.e2e.2.ts:46:26)
    at processImmediate (node:internal/timers:478:21)]]></failure>
    </testcase>
  </testsuite>
  <testsuite name="when a component is created and added without its dependencies" timestamp="2023-08-21T21:40:23" tests="1" file="/Users/nitsancohen/coding/my-bit/bit/e2e/commands/status.e2e.2.ts" time="0.0750" failures="1">
    <testcase name="bit status command when a component is created and added without its dependencies &quot;before all&quot; hook for &quot;Should show missing dependencies&quot;" time="0.0750" classname="&quot;before all&quot; hook for &quot;Should show missing dependencies&quot;">
      <failure message="Command failed: bit init
node:internal/modules/cjs/loader:1075
  throw err;
  ^

Error: Cannot find module &apos;../node_modules/@teambit/bit/dist/app&apos;
Require stack:
- /Users/nitsancohen/.bvm/versions/0.2.29/bit-0.2.29/node_modules/@teambit/legacy/bin/bit.js
    at Module._resolveFilename (node:internal/modules/cjs/loader:1072:15)
    at Module._load (node:internal/modules/cjs/loader:925:27)
    at Module.require (node:internal/modules/cjs/loader:1139:19)
    at require (node:internal/modules/helpers:121:18)
    at Object.&lt;anonymous&gt; (/Users/nitsancohen/.bvm/versions/0.2.29/bit-0.2.29/node_modules/@teambit/legacy/bin/bit.js:3:1)
    at Module._compile (node:internal/modules/cjs/loader:1257:14)
    at Module._extensions..js (node:internal/modules/cjs/loader:1311:10)
    at Module.load (node:internal/modules/cjs/loader:1115:32)
    at Module._load (node:internal/modules/cjs/loader:962:12)
    at Function.executeUserEntryPoint [as runMain] (node:internal/modules/run_main:83:12) {
  code: &apos;MODULE_NOT_FOUND&apos;,
  requireStack: [
    &apos;/Users/nitsancohen/.bvm/versions/0.2.29/bit-0.2.29/node_modules/@teambit/legacy/bin/bit.js&apos;
  ]
}

Node.js v20.3.1
" type="Error"><![CDATA[Error: Command failed: bit init
node:internal/modules/cjs/loader:1075
  throw err;
  ^

Error: Cannot find module '../node_modules/@teambit/bit/dist/app'
Require stack:
- /Users/nitsancohen/.bvm/versions/0.2.29/bit-0.2.29/node_modules/@teambit/legacy/bin/bit.js
    at Module._resolveFilename (node:internal/modules/cjs/loader:1072:15)
    at Module._load (node:internal/modules/cjs/loader:925:27)
    at Module.require (node:internal/modules/cjs/loader:1139:19)
    at require (node:internal/modules/helpers:121:18)
    at Object.<anonymous> (/Users/nitsancohen/.bvm/versions/0.2.29/bit-0.2.29/node_modules/@teambit/legacy/bin/bit.js:3:1)
    at Module._compile (node:internal/modules/cjs/loader:1257:14)
    at Module._extensions..js (node:internal/modules/cjs/loader:1311:10)
    at Module.load (node:internal/modules/cjs/loader:1115:32)
    at Module._load (node:internal/modules/cjs/loader:962:12)
    at Function.executeUserEntryPoint [as runMain] (node:internal/modules/run_main:83:12) {
  code: 'MODULE_NOT_FOUND',
  requireStack: [
    '/Users/nitsancohen/.bvm/versions/0.2.29/bit-0.2.29/node_modules/@teambit/legacy/bin/bit.js'
  ]
}

Node.js v20.3.1

    at checkExecSyncError (node:child_process:885:11)
    at Object.execSync (node:child_process:957:15)
    at CommandHelper.runCmd (src/e2e-helper/e2e-command-helper.ts:64:22)
    at ScopeHelper.initWorkspace (src/e2e-helper/e2e-scope-helper.ts:126:25)
    at ScopeHelper.reInitLocalScope (src/e2e-helper/e2e-scope-helper.ts:87:10)
    at Context.<anonymous> (e2e/commands/status.e2e.2.ts:65:26)
    at processImmediate (node:internal/timers:478:21)]]></failure>
    </testcase>
  </testsuite>
  <testsuite name="when a component is created, added and tagged" timestamp="2023-08-21T21:40:23" tests="3" file="/Users/nitsancohen/coding/my-bit/bit/e2e/commands/status.e2e.2.ts" time="0.0600" failures="1">
    <testcase name="bit status command when a component is created, added and tagged &quot;before all&quot; hook for &quot;should display that component as a staged component&quot;" time="0.0600" classname="&quot;before all&quot; hook for &quot;should display that component as a staged component&quot;">
      <failure message="Command failed: bit init
node:internal/modules/cjs/loader:1075
  throw err;
  ^

Error: Cannot find module &apos;../node_modules/@teambit/bit/dist/app&apos;
Require stack:
- /Users/nitsancohen/.bvm/versions/0.2.29/bit-0.2.29/node_modules/@teambit/legacy/bin/bit.js
    at Module._resolveFilename (node:internal/modules/cjs/loader:1072:15)
    at Module._load (node:internal/modules/cjs/loader:925:27)
    at Module.require (node:internal/modules/cjs/loader:1139:19)
    at require (node:internal/modules/helpers:121:18)
    at Object.&lt;anonymous&gt; (/Users/nitsancohen/.bvm/versions/0.2.29/bit-0.2.29/node_modules/@teambit/legacy/bin/bit.js:3:1)
    at Module._compile (node:internal/modules/cjs/loader:1257:14)
    at Module._extensions..js (node:internal/modules/cjs/loader:1311:10)
    at Module.load (node:internal/modules/cjs/loader:1115:32)
    at Module._load (node:internal/modules/cjs/loader:962:12)
    at Function.executeUserEntryPoint [as runMain] (node:internal/modules/run_main:83:12) {
  code: &apos;MODULE_NOT_FOUND&apos;,
  requireStack: [
    &apos;/Users/nitsancohen/.bvm/versions/0.2.29/bit-0.2.29/node_modules/@teambit/legacy/bin/bit.js&apos;
  ]
}

Node.js v20.3.1
" type="Error"><![CDATA[Error: Command failed: bit init
node:internal/modules/cjs/loader:1075
  throw err;
  ^

Error: Cannot find module '../node_modules/@teambit/bit/dist/app'
Require stack:
- /Users/nitsancohen/.bvm/versions/0.2.29/bit-0.2.29/node_modules/@teambit/legacy/bin/bit.js
    at Module._resolveFilename (node:internal/modules/cjs/loader:1072:15)
    at Module._load (node:internal/modules/cjs/loader:925:27)
    at Module.require (node:internal/modules/cjs/loader:1139:19)
    at require (node:internal/modules/helpers:121:18)
    at Object.<anonymous> (/Users/nitsancohen/.bvm/versions/0.2.29/bit-0.2.29/node_modules/@teambit/legacy/bin/bit.js:3:1)
    at Module._compile (node:internal/modules/cjs/loader:1257:14)
    at Module._extensions..js (node:internal/modules/cjs/loader:1311:10)
    at Module.load (node:internal/modules/cjs/loader:1115:32)
    at Module._load (node:internal/modules/cjs/loader:962:12)
    at Function.executeUserEntryPoint [as runMain] (node:internal/modules/run_main:83:12) {
  code: 'MODULE_NOT_FOUND',
  requireStack: [
    '/Users/nitsancohen/.bvm/versions/0.2.29/bit-0.2.29/node_modules/@teambit/legacy/bin/bit.js'
  ]
}

Node.js v20.3.1

    at checkExecSyncError (node:child_process:885:11)
    at Object.execSync (node:child_process:957:15)
    at CommandHelper.runCmd (src/e2e-helper/e2e-command-helper.ts:64:22)
    at ScopeHelper.initWorkspace (src/e2e-helper/e2e-scope-helper.ts:126:25)
    at ScopeHelper.reInitLocalScope (src/e2e-helper/e2e-scope-helper.ts:87:10)
    at Context.<anonymous> (e2e/commands/status.e2e.2.ts:94:26)
    at processImmediate (node:internal/timers:478:21)]]></failure>
    </testcase>
  </testsuite>
  <testsuite name="when a component is modified after tag" timestamp="2023-08-21T21:40:23" tests="3" file="/Users/nitsancohen/coding/my-bit/bit/e2e/commands/status.e2e.2.ts" time="0.0600" failures="1">
    <testcase name="bit status command when a component is modified after tag &quot;before all&quot; hook for &quot;should display that component as a modified component&quot;" time="0.0600" classname="&quot;before all&quot; hook for &quot;should display that component as a modified component&quot;">
      <failure message="Command failed: bit init
node:internal/modules/cjs/loader:1075
  throw err;
  ^

Error: Cannot find module &apos;../node_modules/@teambit/bit/dist/app&apos;
Require stack:
- /Users/nitsancohen/.bvm/versions/0.2.29/bit-0.2.29/node_modules/@teambit/legacy/bin/bit.js
    at Module._resolveFilename (node:internal/modules/cjs/loader:1072:15)
    at Module._load (node:internal/modules/cjs/loader:925:27)
    at Module.require (node:internal/modules/cjs/loader:1139:19)
    at require (node:internal/modules/helpers:121:18)
    at Object.&lt;anonymous&gt; (/Users/nitsancohen/.bvm/versions/0.2.29/bit-0.2.29/node_modules/@teambit/legacy/bin/bit.js:3:1)
    at Module._compile (node:internal/modules/cjs/loader:1257:14)
    at Module._extensions..js (node:internal/modules/cjs/loader:1311:10)
    at Module.load (node:internal/modules/cjs/loader:1115:32)
    at Module._load (node:internal/modules/cjs/loader:962:12)
    at Function.executeUserEntryPoint [as runMain] (node:internal/modules/run_main:83:12) {
  code: &apos;MODULE_NOT_FOUND&apos;,
  requireStack: [
    &apos;/Users/nitsancohen/.bvm/versions/0.2.29/bit-0.2.29/node_modules/@teambit/legacy/bin/bit.js&apos;
  ]
}

Node.js v20.3.1
" type="Error"><![CDATA[Error: Command failed: bit init
node:internal/modules/cjs/loader:1075
  throw err;
  ^

Error: Cannot find module '../node_modules/@teambit/bit/dist/app'
Require stack:
- /Users/nitsancohen/.bvm/versions/0.2.29/bit-0.2.29/node_modules/@teambit/legacy/bin/bit.js
    at Module._resolveFilename (node:internal/modules/cjs/loader:1072:15)
    at Module._load (node:internal/modules/cjs/loader:925:27)
    at Module.require (node:internal/modules/cjs/loader:1139:19)
    at require (node:internal/modules/helpers:121:18)
    at Object.<anonymous> (/Users/nitsancohen/.bvm/versions/0.2.29/bit-0.2.29/node_modules/@teambit/legacy/bin/bit.js:3:1)
    at Module._compile (node:internal/modules/cjs/loader:1257:14)
    at Module._extensions..js (node:internal/modules/cjs/loader:1311:10)
    at Module.load (node:internal/modules/cjs/loader:1115:32)
    at Module._load (node:internal/modules/cjs/loader:962:12)
    at Function.executeUserEntryPoint [as runMain] (node:internal/modules/run_main:83:12) {
  code: 'MODULE_NOT_FOUND',
  requireStack: [
    '/Users/nitsancohen/.bvm/versions/0.2.29/bit-0.2.29/node_modules/@teambit/legacy/bin/bit.js'
  ]
}

Node.js v20.3.1

    at checkExecSyncError (node:child_process:885:11)
    at Object.execSync (node:child_process:957:15)
    at CommandHelper.runCmd (src/e2e-helper/e2e-command-helper.ts:64:22)
    at ScopeHelper.initWorkspace (src/e2e-helper/e2e-scope-helper.ts:126:25)
    at ScopeHelper.reInitLocalScope (src/e2e-helper/e2e-scope-helper.ts:87:10)
    at Context.<anonymous> (e2e/commands/status.e2e.2.ts:116:26)
    at processImmediate (node:internal/timers:478:21)]]></failure>
    </testcase>
  </testsuite>
  <testsuite name="when a component is created, added, tagged and exported" timestamp="2023-08-21T21:40:24" tests="3" file="/Users/nitsancohen/coding/my-bit/bit/e2e/commands/status.e2e.2.ts" time="0.0600" failures="1">
    <testcase name="bit status command when a component is created, added, tagged and exported &quot;before all&quot; hook for &quot;should not display that component as new&quot;" time="0.0600" classname="&quot;before all&quot; hook for &quot;should not display that component as new&quot;">
      <failure message="Command failed: bit init
node:internal/modules/cjs/loader:1075
  throw err;
  ^

Error: Cannot find module &apos;../node_modules/@teambit/bit/dist/app&apos;
Require stack:
- /Users/nitsancohen/.bvm/versions/0.2.29/bit-0.2.29/node_modules/@teambit/legacy/bin/bit.js
    at Module._resolveFilename (node:internal/modules/cjs/loader:1072:15)
    at Module._load (node:internal/modules/cjs/loader:925:27)
    at Module.require (node:internal/modules/cjs/loader:1139:19)
    at require (node:internal/modules/helpers:121:18)
    at Object.&lt;anonymous&gt; (/Users/nitsancohen/.bvm/versions/0.2.29/bit-0.2.29/node_modules/@teambit/legacy/bin/bit.js:3:1)
    at Module._compile (node:internal/modules/cjs/loader:1257:14)
    at Module._extensions..js (node:internal/modules/cjs/loader:1311:10)
    at Module.load (node:internal/modules/cjs/loader:1115:32)
    at Module._load (node:internal/modules/cjs/loader:962:12)
    at Function.executeUserEntryPoint [as runMain] (node:internal/modules/run_main:83:12) {
  code: &apos;MODULE_NOT_FOUND&apos;,
  requireStack: [
    &apos;/Users/nitsancohen/.bvm/versions/0.2.29/bit-0.2.29/node_modules/@teambit/legacy/bin/bit.js&apos;
  ]
}

Node.js v20.3.1
" type="Error"><![CDATA[Error: Command failed: bit init
node:internal/modules/cjs/loader:1075
  throw err;
  ^

Error: Cannot find module '../node_modules/@teambit/bit/dist/app'
Require stack:
- /Users/nitsancohen/.bvm/versions/0.2.29/bit-0.2.29/node_modules/@teambit/legacy/bin/bit.js
    at Module._resolveFilename (node:internal/modules/cjs/loader:1072:15)
    at Module._load (node:internal/modules/cjs/loader:925:27)
    at Module.require (node:internal/modules/cjs/loader:1139:19)
    at require (node:internal/modules/helpers:121:18)
    at Object.<anonymous> (/Users/nitsancohen/.bvm/versions/0.2.29/bit-0.2.29/node_modules/@teambit/legacy/bin/bit.js:3:1)
    at Module._compile (node:internal/modules/cjs/loader:1257:14)
    at Module._extensions..js (node:internal/modules/cjs/loader:1311:10)
    at Module.load (node:internal/modules/cjs/loader:1115:32)
    at Module._load (node:internal/modules/cjs/loader:962:12)
    at Function.executeUserEntryPoint [as runMain] (node:internal/modules/run_main:83:12) {
  code: 'MODULE_NOT_FOUND',
  requireStack: [
    '/Users/nitsancohen/.bvm/versions/0.2.29/bit-0.2.29/node_modules/@teambit/legacy/bin/bit.js'
  ]
}

Node.js v20.3.1

    at checkExecSyncError (node:child_process:885:11)
    at Object.execSync (node:child_process:957:15)
    at CommandHelper.runCmd (src/e2e-helper/e2e-command-helper.ts:64:22)
    at ScopeHelper.initWorkspace (src/e2e-helper/e2e-scope-helper.ts:126:25)
    at ScopeHelper.reInitLocalScope (src/e2e-helper/e2e-scope-helper.ts:87:10)
    at ScopeHelper.setNewLocalAndRemoteScopes (src/e2e-helper/e2e-scope-helper.ts:141:10)
    at Context.<anonymous> (e2e/commands/status.e2e.2.ts:145:26)
    at processImmediate (node:internal/timers:478:21)]]></failure>
    </testcase>
  </testsuite>
  <testsuite name="when a component is modified after export" timestamp="2023-08-21T21:40:24" tests="3" file="/Users/nitsancohen/coding/my-bit/bit/e2e/commands/status.e2e.2.ts" time="0.0590" failures="1">
    <testcase name="bit status command when a component is modified after export &quot;before all&quot; hook for &quot;should display that component as a modified component&quot;" time="0.0590" classname="&quot;before all&quot; hook for &quot;should display that component as a modified component&quot;">
      <failure message="Command failed: bit init
node:internal/modules/cjs/loader:1075
  throw err;
  ^

Error: Cannot find module &apos;../node_modules/@teambit/bit/dist/app&apos;
Require stack:
- /Users/nitsancohen/.bvm/versions/0.2.29/bit-0.2.29/node_modules/@teambit/legacy/bin/bit.js
    at Module._resolveFilename (node:internal/modules/cjs/loader:1072:15)
    at Module._load (node:internal/modules/cjs/loader:925:27)
    at Module.require (node:internal/modules/cjs/loader:1139:19)
    at require (node:internal/modules/helpers:121:18)
    at Object.&lt;anonymous&gt; (/Users/nitsancohen/.bvm/versions/0.2.29/bit-0.2.29/node_modules/@teambit/legacy/bin/bit.js:3:1)
    at Module._compile (node:internal/modules/cjs/loader:1257:14)
    at Module._extensions..js (node:internal/modules/cjs/loader:1311:10)
    at Module.load (node:internal/modules/cjs/loader:1115:32)
    at Module._load (node:internal/modules/cjs/loader:962:12)
    at Function.executeUserEntryPoint [as runMain] (node:internal/modules/run_main:83:12) {
  code: &apos;MODULE_NOT_FOUND&apos;,
  requireStack: [
    &apos;/Users/nitsancohen/.bvm/versions/0.2.29/bit-0.2.29/node_modules/@teambit/legacy/bin/bit.js&apos;
  ]
}

Node.js v20.3.1
" type="Error"><![CDATA[Error: Command failed: bit init
node:internal/modules/cjs/loader:1075
  throw err;
  ^

Error: Cannot find module '../node_modules/@teambit/bit/dist/app'
Require stack:
- /Users/nitsancohen/.bvm/versions/0.2.29/bit-0.2.29/node_modules/@teambit/legacy/bin/bit.js
    at Module._resolveFilename (node:internal/modules/cjs/loader:1072:15)
    at Module._load (node:internal/modules/cjs/loader:925:27)
    at Module.require (node:internal/modules/cjs/loader:1139:19)
    at require (node:internal/modules/helpers:121:18)
    at Object.<anonymous> (/Users/nitsancohen/.bvm/versions/0.2.29/bit-0.2.29/node_modules/@teambit/legacy/bin/bit.js:3:1)
    at Module._compile (node:internal/modules/cjs/loader:1257:14)
    at Module._extensions..js (node:internal/modules/cjs/loader:1311:10)
    at Module.load (node:internal/modules/cjs/loader:1115:32)
    at Module._load (node:internal/modules/cjs/loader:962:12)
    at Function.executeUserEntryPoint [as runMain] (node:internal/modules/run_main:83:12) {
  code: 'MODULE_NOT_FOUND',
  requireStack: [
    '/Users/nitsancohen/.bvm/versions/0.2.29/bit-0.2.29/node_modules/@teambit/legacy/bin/bit.js'
  ]
}

Node.js v20.3.1

    at checkExecSyncError (node:child_process:885:11)
    at Object.execSync (node:child_process:957:15)
    at CommandHelper.runCmd (src/e2e-helper/e2e-command-helper.ts:64:22)
    at ScopeHelper.initWorkspace (src/e2e-helper/e2e-scope-helper.ts:126:25)
    at ScopeHelper.reInitLocalScope (src/e2e-helper/e2e-scope-helper.ts:87:10)
    at ScopeHelper.setNewLocalAndRemoteScopes (src/e2e-helper/e2e-scope-helper.ts:141:10)
    at Context.<anonymous> (e2e/commands/status.e2e.2.ts:165:26)
    at processImmediate (node:internal/timers:478:21)]]></failure>
    </testcase>
  </testsuite>
  <testsuite name="when a component is exported, modified and then tagged" timestamp="2023-08-21T21:40:24" tests="3" file="/Users/nitsancohen/coding/my-bit/bit/e2e/commands/status.e2e.2.ts" time="0.0600" failures="1">
    <testcase name="bit status command when a component is exported, modified and then tagged &quot;before all&quot; hook for &quot;should not display that component as modified&quot;" time="0.0600" classname="&quot;before all&quot; hook for &quot;should not display that component as modified&quot;">
      <failure message="Command failed: bit init
node:internal/modules/cjs/loader:1075
  throw err;
  ^

Error: Cannot find module &apos;../node_modules/@teambit/bit/dist/app&apos;
Require stack:
- /Users/nitsancohen/.bvm/versions/0.2.29/bit-0.2.29/node_modules/@teambit/legacy/bin/bit.js
    at Module._resolveFilename (node:internal/modules/cjs/loader:1072:15)
    at Module._load (node:internal/modules/cjs/loader:925:27)
    at Module.require (node:internal/modules/cjs/loader:1139:19)
    at require (node:internal/modules/helpers:121:18)
    at Object.&lt;anonymous&gt; (/Users/nitsancohen/.bvm/versions/0.2.29/bit-0.2.29/node_modules/@teambit/legacy/bin/bit.js:3:1)
    at Module._compile (node:internal/modules/cjs/loader:1257:14)
    at Module._extensions..js (node:internal/modules/cjs/loader:1311:10)
    at Module.load (node:internal/modules/cjs/loader:1115:32)
    at Module._load (node:internal/modules/cjs/loader:962:12)
    at Function.executeUserEntryPoint [as runMain] (node:internal/modules/run_main:83:12) {
  code: &apos;MODULE_NOT_FOUND&apos;,
  requireStack: [
    &apos;/Users/nitsancohen/.bvm/versions/0.2.29/bit-0.2.29/node_modules/@teambit/legacy/bin/bit.js&apos;
  ]
}

Node.js v20.3.1
" type="Error"><![CDATA[Error: Command failed: bit init
node:internal/modules/cjs/loader:1075
  throw err;
  ^

Error: Cannot find module '../node_modules/@teambit/bit/dist/app'
Require stack:
- /Users/nitsancohen/.bvm/versions/0.2.29/bit-0.2.29/node_modules/@teambit/legacy/bin/bit.js
    at Module._resolveFilename (node:internal/modules/cjs/loader:1072:15)
    at Module._load (node:internal/modules/cjs/loader:925:27)
    at Module.require (node:internal/modules/cjs/loader:1139:19)
    at require (node:internal/modules/helpers:121:18)
    at Object.<anonymous> (/Users/nitsancohen/.bvm/versions/0.2.29/bit-0.2.29/node_modules/@teambit/legacy/bin/bit.js:3:1)
    at Module._compile (node:internal/modules/cjs/loader:1257:14)
    at Module._extensions..js (node:internal/modules/cjs/loader:1311:10)
    at Module.load (node:internal/modules/cjs/loader:1115:32)
    at Module._load (node:internal/modules/cjs/loader:962:12)
    at Function.executeUserEntryPoint [as runMain] (node:internal/modules/run_main:83:12) {
  code: 'MODULE_NOT_FOUND',
  requireStack: [
    '/Users/nitsancohen/.bvm/versions/0.2.29/bit-0.2.29/node_modules/@teambit/legacy/bin/bit.js'
  ]
}

Node.js v20.3.1

    at checkExecSyncError (node:child_process:885:11)
    at Object.execSync (node:child_process:957:15)
    at CommandHelper.runCmd (src/e2e-helper/e2e-command-helper.ts:64:22)
    at ScopeHelper.initWorkspace (src/e2e-helper/e2e-scope-helper.ts:126:25)
    at ScopeHelper.reInitLocalScope (src/e2e-helper/e2e-scope-helper.ts:87:10)
    at ScopeHelper.setNewLocalAndRemoteScopes (src/e2e-helper/e2e-scope-helper.ts:141:10)
    at Context.<anonymous> (e2e/commands/status.e2e.2.ts:190:26)
    at processImmediate (node:internal/timers:478:21)]]></failure>
    </testcase>
  </testsuite>
  <testsuite name="when a component is exported, modified, tagged and then exported again" timestamp="2023-08-21T21:40:24" tests="3" file="/Users/nitsancohen/coding/my-bit/bit/e2e/commands/status.e2e.2.ts" time="0.0600" failures="1">
    <testcase name="bit status command when a component is exported, modified, tagged and then exported again &quot;before all&quot; hook for &quot;should not display that component as modified&quot;" time="0.0600" classname="&quot;before all&quot; hook for &quot;should not display that component as modified&quot;">
      <failure message="Command failed: bit init
node:internal/modules/cjs/loader:1075
  throw err;
  ^

Error: Cannot find module &apos;../node_modules/@teambit/bit/dist/app&apos;
Require stack:
- /Users/nitsancohen/.bvm/versions/0.2.29/bit-0.2.29/node_modules/@teambit/legacy/bin/bit.js
    at Module._resolveFilename (node:internal/modules/cjs/loader:1072:15)
    at Module._load (node:internal/modules/cjs/loader:925:27)
    at Module.require (node:internal/modules/cjs/loader:1139:19)
    at require (node:internal/modules/helpers:121:18)
    at Object.&lt;anonymous&gt; (/Users/nitsancohen/.bvm/versions/0.2.29/bit-0.2.29/node_modules/@teambit/legacy/bin/bit.js:3:1)
    at Module._compile (node:internal/modules/cjs/loader:1257:14)
    at Module._extensions..js (node:internal/modules/cjs/loader:1311:10)
    at Module.load (node:internal/modules/cjs/loader:1115:32)
    at Module._load (node:internal/modules/cjs/loader:962:12)
    at Function.executeUserEntryPoint [as runMain] (node:internal/modules/run_main:83:12) {
  code: &apos;MODULE_NOT_FOUND&apos;,
  requireStack: [
    &apos;/Users/nitsancohen/.bvm/versions/0.2.29/bit-0.2.29/node_modules/@teambit/legacy/bin/bit.js&apos;
  ]
}

Node.js v20.3.1
" type="Error"><![CDATA[Error: Command failed: bit init
node:internal/modules/cjs/loader:1075
  throw err;
  ^

Error: Cannot find module '../node_modules/@teambit/bit/dist/app'
Require stack:
- /Users/nitsancohen/.bvm/versions/0.2.29/bit-0.2.29/node_modules/@teambit/legacy/bin/bit.js
    at Module._resolveFilename (node:internal/modules/cjs/loader:1072:15)
    at Module._load (node:internal/modules/cjs/loader:925:27)
    at Module.require (node:internal/modules/cjs/loader:1139:19)
    at require (node:internal/modules/helpers:121:18)
    at Object.<anonymous> (/Users/nitsancohen/.bvm/versions/0.2.29/bit-0.2.29/node_modules/@teambit/legacy/bin/bit.js:3:1)
    at Module._compile (node:internal/modules/cjs/loader:1257:14)
    at Module._extensions..js (node:internal/modules/cjs/loader:1311:10)
    at Module.load (node:internal/modules/cjs/loader:1115:32)
    at Module._load (node:internal/modules/cjs/loader:962:12)
    at Function.executeUserEntryPoint [as runMain] (node:internal/modules/run_main:83:12) {
  code: 'MODULE_NOT_FOUND',
  requireStack: [
    '/Users/nitsancohen/.bvm/versions/0.2.29/bit-0.2.29/node_modules/@teambit/legacy/bin/bit.js'
  ]
}

Node.js v20.3.1

    at checkExecSyncError (node:child_process:885:11)
    at Object.execSync (node:child_process:957:15)
    at CommandHelper.runCmd (src/e2e-helper/e2e-command-helper.ts:64:22)
    at ScopeHelper.initWorkspace (src/e2e-helper/e2e-scope-helper.ts:126:25)
    at ScopeHelper.reInitLocalScope (src/e2e-helper/e2e-scope-helper.ts:87:10)
    at ScopeHelper.setNewLocalAndRemoteScopes (src/e2e-helper/e2e-scope-helper.ts:141:10)
    at Context.<anonymous> (e2e/commands/status.e2e.2.ts:214:26)
    at processImmediate (node:internal/timers:478:21)]]></failure>
    </testcase>
  </testsuite>
  <testsuite name="when a component is imported" timestamp="2023-08-21T21:40:24" tests="3" file="/Users/nitsancohen/coding/my-bit/bit/e2e/commands/status.e2e.2.ts" time="0.0600" failures="1">
    <testcase name="bit status command when a component is imported &quot;before all&quot; hook for &quot;should not display that component as new&quot;" time="0.0600" classname="&quot;before all&quot; hook for &quot;should not display that component as new&quot;">
      <failure message="Command failed: bit init
node:internal/modules/cjs/loader:1075
  throw err;
  ^

Error: Cannot find module &apos;../node_modules/@teambit/bit/dist/app&apos;
Require stack:
- /Users/nitsancohen/.bvm/versions/0.2.29/bit-0.2.29/node_modules/@teambit/legacy/bin/bit.js
    at Module._resolveFilename (node:internal/modules/cjs/loader:1072:15)
    at Module._load (node:internal/modules/cjs/loader:925:27)
    at Module.require (node:internal/modules/cjs/loader:1139:19)
    at require (node:internal/modules/helpers:121:18)
    at Object.&lt;anonymous&gt; (/Users/nitsancohen/.bvm/versions/0.2.29/bit-0.2.29/node_modules/@teambit/legacy/bin/bit.js:3:1)
    at Module._compile (node:internal/modules/cjs/loader:1257:14)
    at Module._extensions..js (node:internal/modules/cjs/loader:1311:10)
    at Module.load (node:internal/modules/cjs/loader:1115:32)
    at Module._load (node:internal/modules/cjs/loader:962:12)
    at Function.executeUserEntryPoint [as runMain] (node:internal/modules/run_main:83:12) {
  code: &apos;MODULE_NOT_FOUND&apos;,
  requireStack: [
    &apos;/Users/nitsancohen/.bvm/versions/0.2.29/bit-0.2.29/node_modules/@teambit/legacy/bin/bit.js&apos;
  ]
}

Node.js v20.3.1
" type="Error"><![CDATA[Error: Command failed: bit init
node:internal/modules/cjs/loader:1075
  throw err;
  ^

Error: Cannot find module '../node_modules/@teambit/bit/dist/app'
Require stack:
- /Users/nitsancohen/.bvm/versions/0.2.29/bit-0.2.29/node_modules/@teambit/legacy/bin/bit.js
    at Module._resolveFilename (node:internal/modules/cjs/loader:1072:15)
    at Module._load (node:internal/modules/cjs/loader:925:27)
    at Module.require (node:internal/modules/cjs/loader:1139:19)
    at require (node:internal/modules/helpers:121:18)
    at Object.<anonymous> (/Users/nitsancohen/.bvm/versions/0.2.29/bit-0.2.29/node_modules/@teambit/legacy/bin/bit.js:3:1)
    at Module._compile (node:internal/modules/cjs/loader:1257:14)
    at Module._extensions..js (node:internal/modules/cjs/loader:1311:10)
    at Module.load (node:internal/modules/cjs/loader:1115:32)
    at Module._load (node:internal/modules/cjs/loader:962:12)
    at Function.executeUserEntryPoint [as runMain] (node:internal/modules/run_main:83:12) {
  code: 'MODULE_NOT_FOUND',
  requireStack: [
    '/Users/nitsancohen/.bvm/versions/0.2.29/bit-0.2.29/node_modules/@teambit/legacy/bin/bit.js'
  ]
}

Node.js v20.3.1

    at checkExecSyncError (node:child_process:885:11)
    at Object.execSync (node:child_process:957:15)
    at CommandHelper.runCmd (src/e2e-helper/e2e-command-helper.ts:64:22)
    at ScopeHelper.initWorkspace (src/e2e-helper/e2e-scope-helper.ts:126:25)
    at ScopeHelper.reInitLocalScope (src/e2e-helper/e2e-scope-helper.ts:87:10)
    at ScopeHelper.setNewLocalAndRemoteScopes (src/e2e-helper/e2e-scope-helper.ts:141:10)
    at Context.<anonymous> (e2e/commands/status.e2e.2.ts:237:26)
    at processImmediate (node:internal/timers:478:21)]]></failure>
    </testcase>
  </testsuite>
  <testsuite name="when a component is exported, modified and the project cloned somewhere else" timestamp="2023-08-21T21:40:24" tests="3" file="/Users/nitsancohen/coding/my-bit/bit/e2e/commands/status.e2e.2.ts" time="0.0000" failures="0">
  </testsuite>
  <testsuite name="when component files were deleted" timestamp="2023-08-21T21:40:24" tests="0" file="/Users/nitsancohen/coding/my-bit/bit/e2e/commands/status.e2e.2.ts" time="0.0000" failures="0">
  </testsuite>
  <testsuite name="when some of the files were deleted" timestamp="2023-08-21T21:40:24" tests="1" file="/Users/nitsancohen/coding/my-bit/bit/e2e/commands/status.e2e.2.ts" time="0.0600" failures="1">
    <testcase name="bit status command when component files were deleted when some of the files were deleted &quot;before all&quot; hook for &quot;Should show &quot;non-existing dependency&quot; when deleting a file that is required by other files&quot;" time="0.0600" classname="&quot;before all&quot; hook for &quot;Should show &quot;non-existing dependency&quot; when deleting a file that is required by other files&quot;">
      <failure message="Command failed: bit init
node:internal/modules/cjs/loader:1075
  throw err;
  ^

Error: Cannot find module &apos;../node_modules/@teambit/bit/dist/app&apos;
Require stack:
- /Users/nitsancohen/.bvm/versions/0.2.29/bit-0.2.29/node_modules/@teambit/legacy/bin/bit.js
    at Module._resolveFilename (node:internal/modules/cjs/loader:1072:15)
    at Module._load (node:internal/modules/cjs/loader:925:27)
    at Module.require (node:internal/modules/cjs/loader:1139:19)
    at require (node:internal/modules/helpers:121:18)
    at Object.&lt;anonymous&gt; (/Users/nitsancohen/.bvm/versions/0.2.29/bit-0.2.29/node_modules/@teambit/legacy/bin/bit.js:3:1)
    at Module._compile (node:internal/modules/cjs/loader:1257:14)
    at Module._extensions..js (node:internal/modules/cjs/loader:1311:10)
    at Module.load (node:internal/modules/cjs/loader:1115:32)
    at Module._load (node:internal/modules/cjs/loader:962:12)
    at Function.executeUserEntryPoint [as runMain] (node:internal/modules/run_main:83:12) {
  code: &apos;MODULE_NOT_FOUND&apos;,
  requireStack: [
    &apos;/Users/nitsancohen/.bvm/versions/0.2.29/bit-0.2.29/node_modules/@teambit/legacy/bin/bit.js&apos;
  ]
}

Node.js v20.3.1
" type="Error"><![CDATA[Error: Command failed: bit init
node:internal/modules/cjs/loader:1075
  throw err;
  ^

Error: Cannot find module '../node_modules/@teambit/bit/dist/app'
Require stack:
- /Users/nitsancohen/.bvm/versions/0.2.29/bit-0.2.29/node_modules/@teambit/legacy/bin/bit.js
    at Module._resolveFilename (node:internal/modules/cjs/loader:1072:15)
    at Module._load (node:internal/modules/cjs/loader:925:27)
    at Module.require (node:internal/modules/cjs/loader:1139:19)
    at require (node:internal/modules/helpers:121:18)
    at Object.<anonymous> (/Users/nitsancohen/.bvm/versions/0.2.29/bit-0.2.29/node_modules/@teambit/legacy/bin/bit.js:3:1)
    at Module._compile (node:internal/modules/cjs/loader:1257:14)
    at Module._extensions..js (node:internal/modules/cjs/loader:1311:10)
    at Module.load (node:internal/modules/cjs/loader:1115:32)
    at Module._load (node:internal/modules/cjs/loader:962:12)
    at Function.executeUserEntryPoint [as runMain] (node:internal/modules/run_main:83:12) {
  code: 'MODULE_NOT_FOUND',
  requireStack: [
    '/Users/nitsancohen/.bvm/versions/0.2.29/bit-0.2.29/node_modules/@teambit/legacy/bin/bit.js'
  ]
}

Node.js v20.3.1

    at checkExecSyncError (node:child_process:885:11)
    at Object.execSync (node:child_process:957:15)
    at CommandHelper.runCmd (src/e2e-helper/e2e-command-helper.ts:64:22)
    at ScopeHelper.initWorkspace (src/e2e-helper/e2e-scope-helper.ts:126:25)
    at ScopeHelper.initNewLocalScope (src/e2e-helper/e2e-scope-helper.ts:152:17)
    at Context.<anonymous> (e2e/commands/status.e2e.2.ts:299:28)
    at processImmediate (node:internal/timers:478:21)]]></failure>
    </testcase>
  </testsuite>
  <testsuite name="when all of the files were deleted" timestamp="2023-08-21T21:40:24" tests="4" file="/Users/nitsancohen/coding/my-bit/bit/e2e/commands/status.e2e.2.ts" time="0.0600" failures="1">
    <testcase name="bit status command when component files were deleted when all of the files were deleted &quot;before all&quot; hook for &quot;should not display that component as a modified component&quot;" time="0.0600" classname="&quot;before all&quot; hook for &quot;should not display that component as a modified component&quot;">
      <failure message="Command failed: bit init
node:internal/modules/cjs/loader:1075
  throw err;
  ^

Error: Cannot find module &apos;../node_modules/@teambit/bit/dist/app&apos;
Require stack:
- /Users/nitsancohen/.bvm/versions/0.2.29/bit-0.2.29/node_modules/@teambit/legacy/bin/bit.js
    at Module._resolveFilename (node:internal/modules/cjs/loader:1072:15)
    at Module._load (node:internal/modules/cjs/loader:925:27)
    at Module.require (node:internal/modules/cjs/loader:1139:19)
    at require (node:internal/modules/helpers:121:18)
    at Object.&lt;anonymous&gt; (/Users/nitsancohen/.bvm/versions/0.2.29/bit-0.2.29/node_modules/@teambit/legacy/bin/bit.js:3:1)
    at Module._compile (node:internal/modules/cjs/loader:1257:14)
    at Module._extensions..js (node:internal/modules/cjs/loader:1311:10)
    at Module.load (node:internal/modules/cjs/loader:1115:32)
    at Module._load (node:internal/modules/cjs/loader:962:12)
    at Function.executeUserEntryPoint [as runMain] (node:internal/modules/run_main:83:12) {
  code: &apos;MODULE_NOT_FOUND&apos;,
  requireStack: [
    &apos;/Users/nitsancohen/.bvm/versions/0.2.29/bit-0.2.29/node_modules/@teambit/legacy/bin/bit.js&apos;
  ]
}

Node.js v20.3.1
" type="Error"><![CDATA[Error: Command failed: bit init
node:internal/modules/cjs/loader:1075
  throw err;
  ^

Error: Cannot find module '../node_modules/@teambit/bit/dist/app'
Require stack:
- /Users/nitsancohen/.bvm/versions/0.2.29/bit-0.2.29/node_modules/@teambit/legacy/bin/bit.js
    at Module._resolveFilename (node:internal/modules/cjs/loader:1072:15)
    at Module._load (node:internal/modules/cjs/loader:925:27)
    at Module.require (node:internal/modules/cjs/loader:1139:19)
    at require (node:internal/modules/helpers:121:18)
    at Object.<anonymous> (/Users/nitsancohen/.bvm/versions/0.2.29/bit-0.2.29/node_modules/@teambit/legacy/bin/bit.js:3:1)
    at Module._compile (node:internal/modules/cjs/loader:1257:14)
    at Module._extensions..js (node:internal/modules/cjs/loader:1311:10)
    at Module.load (node:internal/modules/cjs/loader:1115:32)
    at Module._load (node:internal/modules/cjs/loader:962:12)
    at Function.executeUserEntryPoint [as runMain] (node:internal/modules/run_main:83:12) {
  code: 'MODULE_NOT_FOUND',
  requireStack: [
    '/Users/nitsancohen/.bvm/versions/0.2.29/bit-0.2.29/node_modules/@teambit/legacy/bin/bit.js'
  ]
}

Node.js v20.3.1

    at checkExecSyncError (node:child_process:885:11)
    at Object.execSync (node:child_process:957:15)
    at CommandHelper.runCmd (src/e2e-helper/e2e-command-helper.ts:64:22)
    at ScopeHelper.initWorkspace (src/e2e-helper/e2e-scope-helper.ts:126:25)
    at ScopeHelper.initNewLocalScope (src/e2e-helper/e2e-scope-helper.ts:152:17)
    at Context.<anonymous> (e2e/commands/status.e2e.2.ts:332:28)
    at processImmediate (node:internal/timers:478:21)]]></failure>
    </testcase>
  </testsuite>
  <testsuite name="when the rootDir was deleted" timestamp="2023-08-21T21:40:24" tests="4" file="/Users/nitsancohen/coding/my-bit/bit/e2e/commands/status.e2e.2.ts" time="0.0600" failures="1">
    <testcase name="bit status command when component files were deleted when the rootDir was deleted &quot;before all&quot; hook for &quot;should not display that component as a modified component&quot;" time="0.0600" classname="&quot;before all&quot; hook for &quot;should not display that component as a modified component&quot;">
      <failure message="Command failed: bit init
node:internal/modules/cjs/loader:1075
  throw err;
  ^

Error: Cannot find module &apos;../node_modules/@teambit/bit/dist/app&apos;
Require stack:
- /Users/nitsancohen/.bvm/versions/0.2.29/bit-0.2.29/node_modules/@teambit/legacy/bin/bit.js
    at Module._resolveFilename (node:internal/modules/cjs/loader:1072:15)
    at Module._load (node:internal/modules/cjs/loader:925:27)
    at Module.require (node:internal/modules/cjs/loader:1139:19)
    at require (node:internal/modules/helpers:121:18)
    at Object.&lt;anonymous&gt; (/Users/nitsancohen/.bvm/versions/0.2.29/bit-0.2.29/node_modules/@teambit/legacy/bin/bit.js:3:1)
    at Module._compile (node:internal/modules/cjs/loader:1257:14)
    at Module._extensions..js (node:internal/modules/cjs/loader:1311:10)
    at Module.load (node:internal/modules/cjs/loader:1115:32)
    at Module._load (node:internal/modules/cjs/loader:962:12)
    at Function.executeUserEntryPoint [as runMain] (node:internal/modules/run_main:83:12) {
  code: &apos;MODULE_NOT_FOUND&apos;,
  requireStack: [
    &apos;/Users/nitsancohen/.bvm/versions/0.2.29/bit-0.2.29/node_modules/@teambit/legacy/bin/bit.js&apos;
  ]
}

Node.js v20.3.1
" type="Error"><![CDATA[Error: Command failed: bit init
node:internal/modules/cjs/loader:1075
  throw err;
  ^

Error: Cannot find module '../node_modules/@teambit/bit/dist/app'
Require stack:
- /Users/nitsancohen/.bvm/versions/0.2.29/bit-0.2.29/node_modules/@teambit/legacy/bin/bit.js
    at Module._resolveFilename (node:internal/modules/cjs/loader:1072:15)
    at Module._load (node:internal/modules/cjs/loader:925:27)
    at Module.require (node:internal/modules/cjs/loader:1139:19)
    at require (node:internal/modules/helpers:121:18)
    at Object.<anonymous> (/Users/nitsancohen/.bvm/versions/0.2.29/bit-0.2.29/node_modules/@teambit/legacy/bin/bit.js:3:1)
    at Module._compile (node:internal/modules/cjs/loader:1257:14)
    at Module._extensions..js (node:internal/modules/cjs/loader:1311:10)
    at Module.load (node:internal/modules/cjs/loader:1115:32)
    at Module._load (node:internal/modules/cjs/loader:962:12)
    at Function.executeUserEntryPoint [as runMain] (node:internal/modules/run_main:83:12) {
  code: 'MODULE_NOT_FOUND',
  requireStack: [
    '/Users/nitsancohen/.bvm/versions/0.2.29/bit-0.2.29/node_modules/@teambit/legacy/bin/bit.js'
  ]
}

Node.js v20.3.1

    at checkExecSyncError (node:child_process:885:11)
    at Object.execSync (node:child_process:957:15)
    at CommandHelper.runCmd (src/e2e-helper/e2e-command-helper.ts:64:22)
    at ScopeHelper.initWorkspace (src/e2e-helper/e2e-scope-helper.ts:126:25)
    at ScopeHelper.initNewLocalScope (src/e2e-helper/e2e-scope-helper.ts:152:17)
    at Context.<anonymous> (e2e/commands/status.e2e.2.ts:363:28)
    at processImmediate (node:internal/timers:478:21)]]></failure>
    </testcase>
  </testsuite>
  <testsuite name="when a component requires a missing component with absolute syntax (require bit/component-name)" timestamp="2023-08-21T21:40:24" tests="1" file="/Users/nitsancohen/coding/my-bit/bit/e2e/commands/status.e2e.2.ts" time="0.0600" failures="1">
    <testcase name="bit status command when a component requires a missing component with absolute syntax (require bit/component-name) &quot;before all&quot; hook for &quot;should show the missing component as missing&quot;" time="0.0600" classname="&quot;before all&quot; hook for &quot;should show the missing component as missing&quot;">
      <failure message="Command failed: bit init
node:internal/modules/cjs/loader:1075
  throw err;
  ^

Error: Cannot find module &apos;../node_modules/@teambit/bit/dist/app&apos;
Require stack:
- /Users/nitsancohen/.bvm/versions/0.2.29/bit-0.2.29/node_modules/@teambit/legacy/bin/bit.js
    at Module._resolveFilename (node:internal/modules/cjs/loader:1072:15)
    at Module._load (node:internal/modules/cjs/loader:925:27)
    at Module.require (node:internal/modules/cjs/loader:1139:19)
    at require (node:internal/modules/helpers:121:18)
    at Object.&lt;anonymous&gt; (/Users/nitsancohen/.bvm/versions/0.2.29/bit-0.2.29/node_modules/@teambit/legacy/bin/bit.js:3:1)
    at Module._compile (node:internal/modules/cjs/loader:1257:14)
    at Module._extensions..js (node:internal/modules/cjs/loader:1311:10)
    at Module.load (node:internal/modules/cjs/loader:1115:32)
    at Module._load (node:internal/modules/cjs/loader:962:12)
    at Function.executeUserEntryPoint [as runMain] (node:internal/modules/run_main:83:12) {
  code: &apos;MODULE_NOT_FOUND&apos;,
  requireStack: [
    &apos;/Users/nitsancohen/.bvm/versions/0.2.29/bit-0.2.29/node_modules/@teambit/legacy/bin/bit.js&apos;
  ]
}

Node.js v20.3.1
" type="Error"><![CDATA[Error: Command failed: bit init
node:internal/modules/cjs/loader:1075
  throw err;
  ^

Error: Cannot find module '../node_modules/@teambit/bit/dist/app'
Require stack:
- /Users/nitsancohen/.bvm/versions/0.2.29/bit-0.2.29/node_modules/@teambit/legacy/bin/bit.js
    at Module._resolveFilename (node:internal/modules/cjs/loader:1072:15)
    at Module._load (node:internal/modules/cjs/loader:925:27)
    at Module.require (node:internal/modules/cjs/loader:1139:19)
    at require (node:internal/modules/helpers:121:18)
    at Object.<anonymous> (/Users/nitsancohen/.bvm/versions/0.2.29/bit-0.2.29/node_modules/@teambit/legacy/bin/bit.js:3:1)
    at Module._compile (node:internal/modules/cjs/loader:1257:14)
    at Module._extensions..js (node:internal/modules/cjs/loader:1311:10)
    at Module.load (node:internal/modules/cjs/loader:1115:32)
    at Module._load (node:internal/modules/cjs/loader:962:12)
    at Function.executeUserEntryPoint [as runMain] (node:internal/modules/run_main:83:12) {
  code: 'MODULE_NOT_FOUND',
  requireStack: [
    '/Users/nitsancohen/.bvm/versions/0.2.29/bit-0.2.29/node_modules/@teambit/legacy/bin/bit.js'
  ]
}

Node.js v20.3.1

    at checkExecSyncError (node:child_process:885:11)
    at Object.execSync (node:child_process:957:15)
    at CommandHelper.runCmd (src/e2e-helper/e2e-command-helper.ts:64:22)
    at ScopeHelper.initWorkspace (src/e2e-helper/e2e-scope-helper.ts:126:25)
    at ScopeHelper.reInitLocalScope (src/e2e-helper/e2e-scope-helper.ts:87:10)
    at Context.<anonymous> (e2e/commands/status.e2e.2.ts:394:26)
    at processImmediate (node:internal/timers:478:21)]]></failure>
    </testcase>
  </testsuite>
  <testsuite name="when a component requires a missing bit component that exists on package.json" timestamp="2023-08-21T21:40:24" tests="1" file="/Users/nitsancohen/coding/my-bit/bit/e2e/commands/status.e2e.2.ts" time="0.0590" failures="1">
    <testcase name="bit status command when a component requires a missing bit component that exists on package.json &quot;before all&quot; hook for &quot;should show the bit package as missing&quot;" time="0.0590" classname="&quot;before all&quot; hook for &quot;should show the bit package as missing&quot;">
      <failure message="Command failed: bit init
node:internal/modules/cjs/loader:1075
  throw err;
  ^

Error: Cannot find module &apos;../node_modules/@teambit/bit/dist/app&apos;
Require stack:
- /Users/nitsancohen/.bvm/versions/0.2.29/bit-0.2.29/node_modules/@teambit/legacy/bin/bit.js
    at Module._resolveFilename (node:internal/modules/cjs/loader:1072:15)
    at Module._load (node:internal/modules/cjs/loader:925:27)
    at Module.require (node:internal/modules/cjs/loader:1139:19)
    at require (node:internal/modules/helpers:121:18)
    at Object.&lt;anonymous&gt; (/Users/nitsancohen/.bvm/versions/0.2.29/bit-0.2.29/node_modules/@teambit/legacy/bin/bit.js:3:1)
    at Module._compile (node:internal/modules/cjs/loader:1257:14)
    at Module._extensions..js (node:internal/modules/cjs/loader:1311:10)
    at Module.load (node:internal/modules/cjs/loader:1115:32)
    at Module._load (node:internal/modules/cjs/loader:962:12)
    at Function.executeUserEntryPoint [as runMain] (node:internal/modules/run_main:83:12) {
  code: &apos;MODULE_NOT_FOUND&apos;,
  requireStack: [
    &apos;/Users/nitsancohen/.bvm/versions/0.2.29/bit-0.2.29/node_modules/@teambit/legacy/bin/bit.js&apos;
  ]
}

Node.js v20.3.1
" type="Error"><![CDATA[Error: Command failed: bit init
node:internal/modules/cjs/loader:1075
  throw err;
  ^

Error: Cannot find module '../node_modules/@teambit/bit/dist/app'
Require stack:
- /Users/nitsancohen/.bvm/versions/0.2.29/bit-0.2.29/node_modules/@teambit/legacy/bin/bit.js
    at Module._resolveFilename (node:internal/modules/cjs/loader:1072:15)
    at Module._load (node:internal/modules/cjs/loader:925:27)
    at Module.require (node:internal/modules/cjs/loader:1139:19)
    at require (node:internal/modules/helpers:121:18)
    at Object.<anonymous> (/Users/nitsancohen/.bvm/versions/0.2.29/bit-0.2.29/node_modules/@teambit/legacy/bin/bit.js:3:1)
    at Module._compile (node:internal/modules/cjs/loader:1257:14)
    at Module._extensions..js (node:internal/modules/cjs/loader:1311:10)
    at Module.load (node:internal/modules/cjs/loader:1115:32)
    at Module._load (node:internal/modules/cjs/loader:962:12)
    at Function.executeUserEntryPoint [as runMain] (node:internal/modules/run_main:83:12) {
  code: 'MODULE_NOT_FOUND',
  requireStack: [
    '/Users/nitsancohen/.bvm/versions/0.2.29/bit-0.2.29/node_modules/@teambit/legacy/bin/bit.js'
  ]
}

Node.js v20.3.1

    at checkExecSyncError (node:child_process:885:11)
    at Object.execSync (node:child_process:957:15)
    at CommandHelper.runCmd (src/e2e-helper/e2e-command-helper.ts:64:22)
    at ScopeHelper.initWorkspace (src/e2e-helper/e2e-scope-helper.ts:126:25)
    at ScopeHelper.reInitLocalScope (src/e2e-helper/e2e-scope-helper.ts:87:10)
    at Context.<anonymous> (e2e/commands/status.e2e.2.ts:407:26)
    at processImmediate (node:internal/timers:478:21)]]></failure>
    </testcase>
  </testsuite>
  <testsuite name="when a component has missing files and its dependencies are resolved from the cache" timestamp="2023-08-21T21:40:24" tests="1" file="/Users/nitsancohen/coding/my-bit/bit/e2e/commands/status.e2e.2.ts" time="0.0590" failures="1">
    <testcase name="bit status command when a component has missing files and its dependencies are resolved from the cache &quot;before all&quot; hook for &quot;should show missing utils/is-type&quot;" time="0.0590" classname="&quot;before all&quot; hook for &quot;should show missing utils/is-type&quot;">
      <failure message="Command failed: bit init
node:internal/modules/cjs/loader:1075
  throw err;
  ^

Error: Cannot find module &apos;../node_modules/@teambit/bit/dist/app&apos;
Require stack:
- /Users/nitsancohen/.bvm/versions/0.2.29/bit-0.2.29/node_modules/@teambit/legacy/bin/bit.js
    at Module._resolveFilename (node:internal/modules/cjs/loader:1072:15)
    at Module._load (node:internal/modules/cjs/loader:925:27)
    at Module.require (node:internal/modules/cjs/loader:1139:19)
    at require (node:internal/modules/helpers:121:18)
    at Object.&lt;anonymous&gt; (/Users/nitsancohen/.bvm/versions/0.2.29/bit-0.2.29/node_modules/@teambit/legacy/bin/bit.js:3:1)
    at Module._compile (node:internal/modules/cjs/loader:1257:14)
    at Module._extensions..js (node:internal/modules/cjs/loader:1311:10)
    at Module.load (node:internal/modules/cjs/loader:1115:32)
    at Module._load (node:internal/modules/cjs/loader:962:12)
    at Function.executeUserEntryPoint [as runMain] (node:internal/modules/run_main:83:12) {
  code: &apos;MODULE_NOT_FOUND&apos;,
  requireStack: [
    &apos;/Users/nitsancohen/.bvm/versions/0.2.29/bit-0.2.29/node_modules/@teambit/legacy/bin/bit.js&apos;
  ]
}

Node.js v20.3.1
" type="Error"><![CDATA[Error: Command failed: bit init
node:internal/modules/cjs/loader:1075
  throw err;
  ^

Error: Cannot find module '../node_modules/@teambit/bit/dist/app'
Require stack:
- /Users/nitsancohen/.bvm/versions/0.2.29/bit-0.2.29/node_modules/@teambit/legacy/bin/bit.js
    at Module._resolveFilename (node:internal/modules/cjs/loader:1072:15)
    at Module._load (node:internal/modules/cjs/loader:925:27)
    at Module.require (node:internal/modules/cjs/loader:1139:19)
    at require (node:internal/modules/helpers:121:18)
    at Object.<anonymous> (/Users/nitsancohen/.bvm/versions/0.2.29/bit-0.2.29/node_modules/@teambit/legacy/bin/bit.js:3:1)
    at Module._compile (node:internal/modules/cjs/loader:1257:14)
    at Module._extensions..js (node:internal/modules/cjs/loader:1311:10)
    at Module.load (node:internal/modules/cjs/loader:1115:32)
    at Module._load (node:internal/modules/cjs/loader:962:12)
    at Function.executeUserEntryPoint [as runMain] (node:internal/modules/run_main:83:12) {
  code: 'MODULE_NOT_FOUND',
  requireStack: [
    '/Users/nitsancohen/.bvm/versions/0.2.29/bit-0.2.29/node_modules/@teambit/legacy/bin/bit.js'
  ]
}

Node.js v20.3.1

    at checkExecSyncError (node:child_process:885:11)
    at Object.execSync (node:child_process:957:15)
    at CommandHelper.runCmd (src/e2e-helper/e2e-command-helper.ts:64:22)
    at ScopeHelper.initWorkspace (src/e2e-helper/e2e-scope-helper.ts:126:25)
    at ScopeHelper.reInitLocalScope (src/e2e-helper/e2e-scope-helper.ts:87:10)
    at Context.<anonymous> (e2e/commands/status.e2e.2.ts:430:26)
    at processImmediate (node:internal/timers:478:21)]]></failure>
    </testcase>
  </testsuite>
  <testsuite name="dynamic import" timestamp="2023-08-21T21:40:24" tests="1" file="/Users/nitsancohen/coding/my-bit/bit/e2e/commands/status.e2e.2.ts" time="0.0590" failures="1">
    <testcase name="bit status command dynamic import &quot;before all&quot; hook for &quot;status should not show the component as missing packages&quot;" time="0.0590" classname="&quot;before all&quot; hook for &quot;status should not show the component as missing packages&quot;">
      <failure message="Command failed: bit init
node:internal/modules/cjs/loader:1075
  throw err;
  ^

Error: Cannot find module &apos;../node_modules/@teambit/bit/dist/app&apos;
Require stack:
- /Users/nitsancohen/.bvm/versions/0.2.29/bit-0.2.29/node_modules/@teambit/legacy/bin/bit.js
    at Module._resolveFilename (node:internal/modules/cjs/loader:1072:15)
    at Module._load (node:internal/modules/cjs/loader:925:27)
    at Module.require (node:internal/modules/cjs/loader:1139:19)
    at require (node:internal/modules/helpers:121:18)
    at Object.&lt;anonymous&gt; (/Users/nitsancohen/.bvm/versions/0.2.29/bit-0.2.29/node_modules/@teambit/legacy/bin/bit.js:3:1)
    at Module._compile (node:internal/modules/cjs/loader:1257:14)
    at Module._extensions..js (node:internal/modules/cjs/loader:1311:10)
    at Module.load (node:internal/modules/cjs/loader:1115:32)
    at Module._load (node:internal/modules/cjs/loader:962:12)
    at Function.executeUserEntryPoint [as runMain] (node:internal/modules/run_main:83:12) {
  code: &apos;MODULE_NOT_FOUND&apos;,
  requireStack: [
    &apos;/Users/nitsancohen/.bvm/versions/0.2.29/bit-0.2.29/node_modules/@teambit/legacy/bin/bit.js&apos;
  ]
}

Node.js v20.3.1
" type="Error"><![CDATA[Error: Command failed: bit init
node:internal/modules/cjs/loader:1075
  throw err;
  ^

Error: Cannot find module '../node_modules/@teambit/bit/dist/app'
Require stack:
- /Users/nitsancohen/.bvm/versions/0.2.29/bit-0.2.29/node_modules/@teambit/legacy/bin/bit.js
    at Module._resolveFilename (node:internal/modules/cjs/loader:1072:15)
    at Module._load (node:internal/modules/cjs/loader:925:27)
    at Module.require (node:internal/modules/cjs/loader:1139:19)
    at require (node:internal/modules/helpers:121:18)
    at Object.<anonymous> (/Users/nitsancohen/.bvm/versions/0.2.29/bit-0.2.29/node_modules/@teambit/legacy/bin/bit.js:3:1)
    at Module._compile (node:internal/modules/cjs/loader:1257:14)
    at Module._extensions..js (node:internal/modules/cjs/loader:1311:10)
    at Module.load (node:internal/modules/cjs/loader:1115:32)
    at Module._load (node:internal/modules/cjs/loader:962:12)
    at Function.executeUserEntryPoint [as runMain] (node:internal/modules/run_main:83:12) {
  code: 'MODULE_NOT_FOUND',
  requireStack: [
    '/Users/nitsancohen/.bvm/versions/0.2.29/bit-0.2.29/node_modules/@teambit/legacy/bin/bit.js'
  ]
}

Node.js v20.3.1

    at checkExecSyncError (node:child_process:885:11)
    at Object.execSync (node:child_process:957:15)
    at CommandHelper.runCmd (src/e2e-helper/e2e-command-helper.ts:64:22)
    at ScopeHelper.initWorkspace (src/e2e-helper/e2e-scope-helper.ts:126:25)
    at ScopeHelper.reInitLocalScope (src/e2e-helper/e2e-scope-helper.ts:87:10)
    at Context.<anonymous> (e2e/commands/status.e2e.2.ts:453:26)
    at processImmediate (node:internal/timers:478:21)]]></failure>
    </testcase>
  </testsuite>
  <testsuite name="bit tag command" timestamp="2023-08-21T21:40:24" tests="0" file="/Users/nitsancohen/coding/my-bit/bit/e2e/commands/tag.e2e.1.ts" time="0.0600" failures="1">
    <testcase name="bit tag command &quot;before all&quot; hook in &quot;bit tag command&quot;" time="0.0600" classname="&quot;before all&quot; hook in &quot;bit tag command&quot;">
      <failure message="Command failed: bit init
node:internal/modules/cjs/loader:1075
  throw err;
  ^

Error: Cannot find module &apos;../node_modules/@teambit/bit/dist/app&apos;
Require stack:
- /Users/nitsancohen/.bvm/versions/0.2.29/bit-0.2.29/node_modules/@teambit/legacy/bin/bit.js
    at Module._resolveFilename (node:internal/modules/cjs/loader:1072:15)
    at Module._load (node:internal/modules/cjs/loader:925:27)
    at Module.require (node:internal/modules/cjs/loader:1139:19)
    at require (node:internal/modules/helpers:121:18)
    at Object.&lt;anonymous&gt; (/Users/nitsancohen/.bvm/versions/0.2.29/bit-0.2.29/node_modules/@teambit/legacy/bin/bit.js:3:1)
    at Module._compile (node:internal/modules/cjs/loader:1257:14)
    at Module._extensions..js (node:internal/modules/cjs/loader:1311:10)
    at Module.load (node:internal/modules/cjs/loader:1115:32)
    at Module._load (node:internal/modules/cjs/loader:962:12)
    at Function.executeUserEntryPoint [as runMain] (node:internal/modules/run_main:83:12) {
  code: &apos;MODULE_NOT_FOUND&apos;,
  requireStack: [
    &apos;/Users/nitsancohen/.bvm/versions/0.2.29/bit-0.2.29/node_modules/@teambit/legacy/bin/bit.js&apos;
  ]
}

Node.js v20.3.1
" type="Error"><![CDATA[Error: Command failed: bit init
node:internal/modules/cjs/loader:1075
  throw err;
  ^

Error: Cannot find module '../node_modules/@teambit/bit/dist/app'
Require stack:
- /Users/nitsancohen/.bvm/versions/0.2.29/bit-0.2.29/node_modules/@teambit/legacy/bin/bit.js
    at Module._resolveFilename (node:internal/modules/cjs/loader:1072:15)
    at Module._load (node:internal/modules/cjs/loader:925:27)
    at Module.require (node:internal/modules/cjs/loader:1139:19)
    at require (node:internal/modules/helpers:121:18)
    at Object.<anonymous> (/Users/nitsancohen/.bvm/versions/0.2.29/bit-0.2.29/node_modules/@teambit/legacy/bin/bit.js:3:1)
    at Module._compile (node:internal/modules/cjs/loader:1257:14)
    at Module._extensions..js (node:internal/modules/cjs/loader:1311:10)
    at Module.load (node:internal/modules/cjs/loader:1115:32)
    at Module._load (node:internal/modules/cjs/loader:962:12)
    at Function.executeUserEntryPoint [as runMain] (node:internal/modules/run_main:83:12) {
  code: 'MODULE_NOT_FOUND',
  requireStack: [
    '/Users/nitsancohen/.bvm/versions/0.2.29/bit-0.2.29/node_modules/@teambit/legacy/bin/bit.js'
  ]
}

Node.js v20.3.1

    at checkExecSyncError (node:child_process:885:11)
    at Object.execSync (node:child_process:957:15)
    at CommandHelper.runCmd (src/e2e-helper/e2e-command-helper.ts:64:22)
    at ScopeHelper.initWorkspace (src/e2e-helper/e2e-scope-helper.ts:126:25)
    at ScopeHelper.reInitLocalScope (src/e2e-helper/e2e-scope-helper.ts:87:10)
    at Context.<anonymous> (e2e/commands/tag.e2e.1.ts:19:24)
    at processImmediate (node:internal/timers:478:21)]]></failure>
    </testcase>
  </testsuite>
  <testsuite name="bit reset command" timestamp="2023-08-21T21:40:24" tests="0" file="/Users/nitsancohen/coding/my-bit/bit/e2e/commands/untag.e2e.2.ts" time="0.0000" failures="0">
  </testsuite>
  <testsuite name="untag single component" timestamp="2023-08-21T21:40:24" tests="0" file="/Users/nitsancohen/coding/my-bit/bit/e2e/commands/untag.e2e.2.ts" time="0.0590" failures="1">
    <testcase name="bit reset command untag single component &quot;before all&quot; hook in &quot;untag single component&quot;" time="0.0590" classname="&quot;before all&quot; hook in &quot;untag single component&quot;">
      <failure message="Command failed: bit init
node:internal/modules/cjs/loader:1075
  throw err;
  ^

Error: Cannot find module &apos;../node_modules/@teambit/bit/dist/app&apos;
Require stack:
- /Users/nitsancohen/.bvm/versions/0.2.29/bit-0.2.29/node_modules/@teambit/legacy/bin/bit.js
    at Module._resolveFilename (node:internal/modules/cjs/loader:1072:15)
    at Module._load (node:internal/modules/cjs/loader:925:27)
    at Module.require (node:internal/modules/cjs/loader:1139:19)
    at require (node:internal/modules/helpers:121:18)
    at Object.&lt;anonymous&gt; (/Users/nitsancohen/.bvm/versions/0.2.29/bit-0.2.29/node_modules/@teambit/legacy/bin/bit.js:3:1)
    at Module._compile (node:internal/modules/cjs/loader:1257:14)
    at Module._extensions..js (node:internal/modules/cjs/loader:1311:10)
    at Module.load (node:internal/modules/cjs/loader:1115:32)
    at Module._load (node:internal/modules/cjs/loader:962:12)
    at Function.executeUserEntryPoint [as runMain] (node:internal/modules/run_main:83:12) {
  code: &apos;MODULE_NOT_FOUND&apos;,
  requireStack: [
    &apos;/Users/nitsancohen/.bvm/versions/0.2.29/bit-0.2.29/node_modules/@teambit/legacy/bin/bit.js&apos;
  ]
}

Node.js v20.3.1
" type="Error"><![CDATA[Error: Command failed: bit init
node:internal/modules/cjs/loader:1075
  throw err;
  ^

Error: Cannot find module '../node_modules/@teambit/bit/dist/app'
Require stack:
- /Users/nitsancohen/.bvm/versions/0.2.29/bit-0.2.29/node_modules/@teambit/legacy/bin/bit.js
    at Module._resolveFilename (node:internal/modules/cjs/loader:1072:15)
    at Module._load (node:internal/modules/cjs/loader:925:27)
    at Module.require (node:internal/modules/cjs/loader:1139:19)
    at require (node:internal/modules/helpers:121:18)
    at Object.<anonymous> (/Users/nitsancohen/.bvm/versions/0.2.29/bit-0.2.29/node_modules/@teambit/legacy/bin/bit.js:3:1)
    at Module._compile (node:internal/modules/cjs/loader:1257:14)
    at Module._extensions..js (node:internal/modules/cjs/loader:1311:10)
    at Module.load (node:internal/modules/cjs/loader:1115:32)
    at Module._load (node:internal/modules/cjs/loader:962:12)
    at Function.executeUserEntryPoint [as runMain] (node:internal/modules/run_main:83:12) {
  code: 'MODULE_NOT_FOUND',
  requireStack: [
    '/Users/nitsancohen/.bvm/versions/0.2.29/bit-0.2.29/node_modules/@teambit/legacy/bin/bit.js'
  ]
}

Node.js v20.3.1

    at checkExecSyncError (node:child_process:885:11)
    at Object.execSync (node:child_process:957:15)
    at CommandHelper.runCmd (src/e2e-helper/e2e-command-helper.ts:64:22)
    at ScopeHelper.initWorkspace (src/e2e-helper/e2e-scope-helper.ts:126:25)
    at ScopeHelper.reInitLocalScope (src/e2e-helper/e2e-scope-helper.ts:87:10)
    at Context.<anonymous> (e2e/commands/untag.e2e.2.ts:17:26)
    at processImmediate (node:internal/timers:478:21)]]></failure>
    </testcase>
  </testsuite>
  <testsuite name="untag multiple components (--all flag)" timestamp="2023-08-21T21:40:24" tests="0" file="/Users/nitsancohen/coding/my-bit/bit/e2e/commands/untag.e2e.2.ts" time="0.0610" failures="1">
    <testcase name="bit reset command untag multiple components (--all flag) &quot;before all&quot; hook in &quot;untag multiple components (--all flag)&quot;" time="0.0610" classname="&quot;before all&quot; hook in &quot;untag multiple components (--all flag)&quot;">
      <failure message="Command failed: bit init
node:internal/modules/cjs/loader:1075
  throw err;
  ^

Error: Cannot find module &apos;../node_modules/@teambit/bit/dist/app&apos;
Require stack:
- /Users/nitsancohen/.bvm/versions/0.2.29/bit-0.2.29/node_modules/@teambit/legacy/bin/bit.js
    at Module._resolveFilename (node:internal/modules/cjs/loader:1072:15)
    at Module._load (node:internal/modules/cjs/loader:925:27)
    at Module.require (node:internal/modules/cjs/loader:1139:19)
    at require (node:internal/modules/helpers:121:18)
    at Object.&lt;anonymous&gt; (/Users/nitsancohen/.bvm/versions/0.2.29/bit-0.2.29/node_modules/@teambit/legacy/bin/bit.js:3:1)
    at Module._compile (node:internal/modules/cjs/loader:1257:14)
    at Module._extensions..js (node:internal/modules/cjs/loader:1311:10)
    at Module.load (node:internal/modules/cjs/loader:1115:32)
    at Module._load (node:internal/modules/cjs/loader:962:12)
    at Function.executeUserEntryPoint [as runMain] (node:internal/modules/run_main:83:12) {
  code: &apos;MODULE_NOT_FOUND&apos;,
  requireStack: [
    &apos;/Users/nitsancohen/.bvm/versions/0.2.29/bit-0.2.29/node_modules/@teambit/legacy/bin/bit.js&apos;
  ]
}

Node.js v20.3.1
" type="Error"><![CDATA[Error: Command failed: bit init
node:internal/modules/cjs/loader:1075
  throw err;
  ^

Error: Cannot find module '../node_modules/@teambit/bit/dist/app'
Require stack:
- /Users/nitsancohen/.bvm/versions/0.2.29/bit-0.2.29/node_modules/@teambit/legacy/bin/bit.js
    at Module._resolveFilename (node:internal/modules/cjs/loader:1072:15)
    at Module._load (node:internal/modules/cjs/loader:925:27)
    at Module.require (node:internal/modules/cjs/loader:1139:19)
    at require (node:internal/modules/helpers:121:18)
    at Object.<anonymous> (/Users/nitsancohen/.bvm/versions/0.2.29/bit-0.2.29/node_modules/@teambit/legacy/bin/bit.js:3:1)
    at Module._compile (node:internal/modules/cjs/loader:1257:14)
    at Module._extensions..js (node:internal/modules/cjs/loader:1311:10)
    at Module.load (node:internal/modules/cjs/loader:1115:32)
    at Module._load (node:internal/modules/cjs/loader:962:12)
    at Function.executeUserEntryPoint [as runMain] (node:internal/modules/run_main:83:12) {
  code: 'MODULE_NOT_FOUND',
  requireStack: [
    '/Users/nitsancohen/.bvm/versions/0.2.29/bit-0.2.29/node_modules/@teambit/legacy/bin/bit.js'
  ]
}

Node.js v20.3.1

    at checkExecSyncError (node:child_process:885:11)
    at Object.execSync (node:child_process:957:15)
    at CommandHelper.runCmd (src/e2e-helper/e2e-command-helper.ts:64:22)
    at ScopeHelper.initWorkspace (src/e2e-helper/e2e-scope-helper.ts:126:25)
    at ScopeHelper.reInitLocalScope (src/e2e-helper/e2e-scope-helper.ts:87:10)
    at ScopeHelper.setNewLocalAndRemoteScopes (src/e2e-helper/e2e-scope-helper.ts:141:10)
    at Context.<anonymous> (e2e/commands/untag.e2e.2.ts:119:26)
    at processImmediate (node:internal/timers:478:21)]]></failure>
    </testcase>
  </testsuite>
  <testsuite name="components with dependencies" timestamp="2023-08-21T21:40:24" tests="0" file="/Users/nitsancohen/coding/my-bit/bit/e2e/commands/untag.e2e.2.ts" time="0.0600" failures="1">
    <testcase name="bit reset command components with dependencies &quot;before all&quot; hook in &quot;components with dependencies&quot;" time="0.0600" classname="&quot;before all&quot; hook in &quot;components with dependencies&quot;">
      <failure message="Command failed: bit init
node:internal/modules/cjs/loader:1075
  throw err;
  ^

Error: Cannot find module &apos;../node_modules/@teambit/bit/dist/app&apos;
Require stack:
- /Users/nitsancohen/.bvm/versions/0.2.29/bit-0.2.29/node_modules/@teambit/legacy/bin/bit.js
    at Module._resolveFilename (node:internal/modules/cjs/loader:1072:15)
    at Module._load (node:internal/modules/cjs/loader:925:27)
    at Module.require (node:internal/modules/cjs/loader:1139:19)
    at require (node:internal/modules/helpers:121:18)
    at Object.&lt;anonymous&gt; (/Users/nitsancohen/.bvm/versions/0.2.29/bit-0.2.29/node_modules/@teambit/legacy/bin/bit.js:3:1)
    at Module._compile (node:internal/modules/cjs/loader:1257:14)
    at Module._extensions..js (node:internal/modules/cjs/loader:1311:10)
    at Module.load (node:internal/modules/cjs/loader:1115:32)
    at Module._load (node:internal/modules/cjs/loader:962:12)
    at Function.executeUserEntryPoint [as runMain] (node:internal/modules/run_main:83:12) {
  code: &apos;MODULE_NOT_FOUND&apos;,
  requireStack: [
    &apos;/Users/nitsancohen/.bvm/versions/0.2.29/bit-0.2.29/node_modules/@teambit/legacy/bin/bit.js&apos;
  ]
}

Node.js v20.3.1
" type="Error"><![CDATA[Error: Command failed: bit init
node:internal/modules/cjs/loader:1075
  throw err;
  ^

Error: Cannot find module '../node_modules/@teambit/bit/dist/app'
Require stack:
- /Users/nitsancohen/.bvm/versions/0.2.29/bit-0.2.29/node_modules/@teambit/legacy/bin/bit.js
    at Module._resolveFilename (node:internal/modules/cjs/loader:1072:15)
    at Module._load (node:internal/modules/cjs/loader:925:27)
    at Module.require (node:internal/modules/cjs/loader:1139:19)
    at require (node:internal/modules/helpers:121:18)
    at Object.<anonymous> (/Users/nitsancohen/.bvm/versions/0.2.29/bit-0.2.29/node_modules/@teambit/legacy/bin/bit.js:3:1)
    at Module._compile (node:internal/modules/cjs/loader:1257:14)
    at Module._extensions..js (node:internal/modules/cjs/loader:1311:10)
    at Module.load (node:internal/modules/cjs/loader:1115:32)
    at Module._load (node:internal/modules/cjs/loader:962:12)
    at Function.executeUserEntryPoint [as runMain] (node:internal/modules/run_main:83:12) {
  code: 'MODULE_NOT_FOUND',
  requireStack: [
    '/Users/nitsancohen/.bvm/versions/0.2.29/bit-0.2.29/node_modules/@teambit/legacy/bin/bit.js'
  ]
}

Node.js v20.3.1

    at checkExecSyncError (node:child_process:885:11)
    at Object.execSync (node:child_process:957:15)
    at CommandHelper.runCmd (src/e2e-helper/e2e-command-helper.ts:64:22)
    at ScopeHelper.initWorkspace (src/e2e-helper/e2e-scope-helper.ts:126:25)
    at ScopeHelper.reInitLocalScope (src/e2e-helper/e2e-scope-helper.ts:87:10)
    at Context.<anonymous> (e2e/commands/untag.e2e.2.ts:167:26)
    at processImmediate (node:internal/timers:478:21)]]></failure>
    </testcase>
  </testsuite>
  <testsuite name="components with config in the .bitmap file" timestamp="2023-08-21T21:40:24" tests="2" file="/Users/nitsancohen/coding/my-bit/bit/e2e/commands/untag.e2e.2.ts" time="0.0590" failures="1">
    <testcase name="bit reset command components with config in the .bitmap file &quot;before all&quot; hook for &quot;bit reset should leave the config as they were before the tag&quot;" time="0.0590" classname="&quot;before all&quot; hook for &quot;bit reset should leave the config as they were before the tag&quot;">
      <failure message="Command failed: bit init
node:internal/modules/cjs/loader:1075
  throw err;
  ^

Error: Cannot find module &apos;../node_modules/@teambit/bit/dist/app&apos;
Require stack:
- /Users/nitsancohen/.bvm/versions/0.2.29/bit-0.2.29/node_modules/@teambit/legacy/bin/bit.js
    at Module._resolveFilename (node:internal/modules/cjs/loader:1072:15)
    at Module._load (node:internal/modules/cjs/loader:925:27)
    at Module.require (node:internal/modules/cjs/loader:1139:19)
    at require (node:internal/modules/helpers:121:18)
    at Object.&lt;anonymous&gt; (/Users/nitsancohen/.bvm/versions/0.2.29/bit-0.2.29/node_modules/@teambit/legacy/bin/bit.js:3:1)
    at Module._compile (node:internal/modules/cjs/loader:1257:14)
    at Module._extensions..js (node:internal/modules/cjs/loader:1311:10)
    at Module.load (node:internal/modules/cjs/loader:1115:32)
    at Module._load (node:internal/modules/cjs/loader:962:12)
    at Function.executeUserEntryPoint [as runMain] (node:internal/modules/run_main:83:12) {
  code: &apos;MODULE_NOT_FOUND&apos;,
  requireStack: [
    &apos;/Users/nitsancohen/.bvm/versions/0.2.29/bit-0.2.29/node_modules/@teambit/legacy/bin/bit.js&apos;
  ]
}

Node.js v20.3.1
" type="Error"><![CDATA[Error: Command failed: bit init
node:internal/modules/cjs/loader:1075
  throw err;
  ^

Error: Cannot find module '../node_modules/@teambit/bit/dist/app'
Require stack:
- /Users/nitsancohen/.bvm/versions/0.2.29/bit-0.2.29/node_modules/@teambit/legacy/bin/bit.js
    at Module._resolveFilename (node:internal/modules/cjs/loader:1072:15)
    at Module._load (node:internal/modules/cjs/loader:925:27)
    at Module.require (node:internal/modules/cjs/loader:1139:19)
    at require (node:internal/modules/helpers:121:18)
    at Object.<anonymous> (/Users/nitsancohen/.bvm/versions/0.2.29/bit-0.2.29/node_modules/@teambit/legacy/bin/bit.js:3:1)
    at Module._compile (node:internal/modules/cjs/loader:1257:14)
    at Module._extensions..js (node:internal/modules/cjs/loader:1311:10)
    at Module.load (node:internal/modules/cjs/loader:1115:32)
    at Module._load (node:internal/modules/cjs/loader:962:12)
    at Function.executeUserEntryPoint [as runMain] (node:internal/modules/run_main:83:12) {
  code: 'MODULE_NOT_FOUND',
  requireStack: [
    '/Users/nitsancohen/.bvm/versions/0.2.29/bit-0.2.29/node_modules/@teambit/legacy/bin/bit.js'
  ]
}

Node.js v20.3.1

    at checkExecSyncError (node:child_process:885:11)
    at Object.execSync (node:child_process:957:15)
    at CommandHelper.runCmd (src/e2e-helper/e2e-command-helper.ts:64:22)
    at ScopeHelper.initWorkspace (src/e2e-helper/e2e-scope-helper.ts:126:25)
    at ScopeHelper.reInitLocalScope (src/e2e-helper/e2e-scope-helper.ts:87:10)
    at ScopeHelper.setNewLocalAndRemoteScopes (src/e2e-helper/e2e-scope-helper.ts:141:10)
    at Context.<anonymous> (e2e/commands/untag.e2e.2.ts:288:26)
    at processImmediate (node:internal/timers:478:21)]]></failure>
    </testcase>
  </testsuite>
  <testsuite name="bit watch command" timestamp="2023-08-21T21:40:25" tests="0" file="/Users/nitsancohen/coding/my-bit/bit/e2e/commands/watch.e2e.2.ts" time="0.0000" failures="0">
  </testsuite>
  <testsuite name="Harmony watch, using Compiler &amp; Typescript extensions" timestamp="2023-08-21T21:40:25" tests="0" file="/Users/nitsancohen/coding/my-bit/bit/e2e/commands/watch.e2e.2.ts" time="0.0590" failures="1">
    <testcase name="bit watch command Harmony watch, using Compiler &amp; Typescript extensions &quot;before all&quot; hook in &quot;Harmony watch, using Compiler &amp; Typescript extensions&quot;" time="0.0590" classname="&quot;before all&quot; hook in &quot;Harmony watch, using Compiler &amp; Typescript extensions&quot;">
      <failure message="Command failed: bit init
node:internal/modules/cjs/loader:1075
  throw err;
  ^

Error: Cannot find module &apos;../node_modules/@teambit/bit/dist/app&apos;
Require stack:
- /Users/nitsancohen/.bvm/versions/0.2.29/bit-0.2.29/node_modules/@teambit/legacy/bin/bit.js
    at Module._resolveFilename (node:internal/modules/cjs/loader:1072:15)
    at Module._load (node:internal/modules/cjs/loader:925:27)
    at Module.require (node:internal/modules/cjs/loader:1139:19)
    at require (node:internal/modules/helpers:121:18)
    at Object.&lt;anonymous&gt; (/Users/nitsancohen/.bvm/versions/0.2.29/bit-0.2.29/node_modules/@teambit/legacy/bin/bit.js:3:1)
    at Module._compile (node:internal/modules/cjs/loader:1257:14)
    at Module._extensions..js (node:internal/modules/cjs/loader:1311:10)
    at Module.load (node:internal/modules/cjs/loader:1115:32)
    at Module._load (node:internal/modules/cjs/loader:962:12)
    at Function.executeUserEntryPoint [as runMain] (node:internal/modules/run_main:83:12) {
  code: &apos;MODULE_NOT_FOUND&apos;,
  requireStack: [
    &apos;/Users/nitsancohen/.bvm/versions/0.2.29/bit-0.2.29/node_modules/@teambit/legacy/bin/bit.js&apos;
  ]
}

Node.js v20.3.1
" type="Error"><![CDATA[Error: Command failed: bit init
node:internal/modules/cjs/loader:1075
  throw err;
  ^

Error: Cannot find module '../node_modules/@teambit/bit/dist/app'
Require stack:
- /Users/nitsancohen/.bvm/versions/0.2.29/bit-0.2.29/node_modules/@teambit/legacy/bin/bit.js
    at Module._resolveFilename (node:internal/modules/cjs/loader:1072:15)
    at Module._load (node:internal/modules/cjs/loader:925:27)
    at Module.require (node:internal/modules/cjs/loader:1139:19)
    at require (node:internal/modules/helpers:121:18)
    at Object.<anonymous> (/Users/nitsancohen/.bvm/versions/0.2.29/bit-0.2.29/node_modules/@teambit/legacy/bin/bit.js:3:1)
    at Module._compile (node:internal/modules/cjs/loader:1257:14)
    at Module._extensions..js (node:internal/modules/cjs/loader:1311:10)
    at Module.load (node:internal/modules/cjs/loader:1115:32)
    at Module._load (node:internal/modules/cjs/loader:962:12)
    at Function.executeUserEntryPoint [as runMain] (node:internal/modules/run_main:83:12) {
  code: 'MODULE_NOT_FOUND',
  requireStack: [
    '/Users/nitsancohen/.bvm/versions/0.2.29/bit-0.2.29/node_modules/@teambit/legacy/bin/bit.js'
  ]
}

Node.js v20.3.1

    at checkExecSyncError (node:child_process:885:11)
    at Object.execSync (node:child_process:957:15)
    at CommandHelper.runCmd (src/e2e-helper/e2e-command-helper.ts:64:22)
    at ScopeHelper.initWorkspace (src/e2e-helper/e2e-scope-helper.ts:126:25)
    at ScopeHelper.reInitLocalScope (src/e2e-helper/e2e-scope-helper.ts:87:10)
    at ScopeHelper.setNewLocalAndRemoteScopes (src/e2e-helper/e2e-scope-helper.ts:141:10)
    at Context.<anonymous> (e2e/commands/watch.e2e.2.ts:20:26)
    at processImmediate (node:internal/timers:478:21)]]></failure>
    </testcase>
  </testsuite>
  <testsuite name="bit doctor - git exec validation" timestamp="2023-08-21T21:40:25" tests="0" file="/Users/nitsancohen/coding/my-bit/bit/e2e/doctor/doctor-git-exec.e2e.3.ts" time="0.0600" failures="1">
    <testcase name="bit doctor - git exec validation &quot;before all&quot; hook in &quot;bit doctor - git exec validation&quot;" time="0.0600" classname="&quot;before all&quot; hook in &quot;bit doctor - git exec validation&quot;">
      <failure message="Command failed: bit init
node:internal/modules/cjs/loader:1075
  throw err;
  ^

Error: Cannot find module &apos;../node_modules/@teambit/bit/dist/app&apos;
Require stack:
- /Users/nitsancohen/.bvm/versions/0.2.29/bit-0.2.29/node_modules/@teambit/legacy/bin/bit.js
    at Module._resolveFilename (node:internal/modules/cjs/loader:1072:15)
    at Module._load (node:internal/modules/cjs/loader:925:27)
    at Module.require (node:internal/modules/cjs/loader:1139:19)
    at require (node:internal/modules/helpers:121:18)
    at Object.&lt;anonymous&gt; (/Users/nitsancohen/.bvm/versions/0.2.29/bit-0.2.29/node_modules/@teambit/legacy/bin/bit.js:3:1)
    at Module._compile (node:internal/modules/cjs/loader:1257:14)
    at Module._extensions..js (node:internal/modules/cjs/loader:1311:10)
    at Module.load (node:internal/modules/cjs/loader:1115:32)
    at Module._load (node:internal/modules/cjs/loader:962:12)
    at Function.executeUserEntryPoint [as runMain] (node:internal/modules/run_main:83:12) {
  code: &apos;MODULE_NOT_FOUND&apos;,
  requireStack: [
    &apos;/Users/nitsancohen/.bvm/versions/0.2.29/bit-0.2.29/node_modules/@teambit/legacy/bin/bit.js&apos;
  ]
}

Node.js v20.3.1
" type="Error"><![CDATA[Error: Command failed: bit init
node:internal/modules/cjs/loader:1075
  throw err;
  ^

Error: Cannot find module '../node_modules/@teambit/bit/dist/app'
Require stack:
- /Users/nitsancohen/.bvm/versions/0.2.29/bit-0.2.29/node_modules/@teambit/legacy/bin/bit.js
    at Module._resolveFilename (node:internal/modules/cjs/loader:1072:15)
    at Module._load (node:internal/modules/cjs/loader:925:27)
    at Module.require (node:internal/modules/cjs/loader:1139:19)
    at require (node:internal/modules/helpers:121:18)
    at Object.<anonymous> (/Users/nitsancohen/.bvm/versions/0.2.29/bit-0.2.29/node_modules/@teambit/legacy/bin/bit.js:3:1)
    at Module._compile (node:internal/modules/cjs/loader:1257:14)
    at Module._extensions..js (node:internal/modules/cjs/loader:1311:10)
    at Module.load (node:internal/modules/cjs/loader:1115:32)
    at Module._load (node:internal/modules/cjs/loader:962:12)
    at Function.executeUserEntryPoint [as runMain] (node:internal/modules/run_main:83:12) {
  code: 'MODULE_NOT_FOUND',
  requireStack: [
    '/Users/nitsancohen/.bvm/versions/0.2.29/bit-0.2.29/node_modules/@teambit/legacy/bin/bit.js'
  ]
}

Node.js v20.3.1

    at checkExecSyncError (node:child_process:885:11)
    at Object.execSync (node:child_process:957:15)
    at CommandHelper.runCmd (src/e2e-helper/e2e-command-helper.ts:64:22)
    at ScopeHelper.initWorkspace (src/e2e-helper/e2e-scope-helper.ts:126:25)
    at ScopeHelper.reInitLocalScope (src/e2e-helper/e2e-scope-helper.ts:87:10)
    at Context.<anonymous> (e2e/doctor/doctor-git-exec.e2e.3.ts:18:24)
    at processImmediate (node:internal/timers:478:21)]]></failure>
    </testcase>
  </testsuite>
  <testsuite name="bit doctor infra" timestamp="2023-08-21T21:40:25" tests="0" file="/Users/nitsancohen/coding/my-bit/bit/e2e/doctor/doctor-infra.e2e.3.ts" time="0.0600" failures="1">
    <testcase name="bit doctor infra &quot;before all&quot; hook in &quot;bit doctor infra&quot;" time="0.0600" classname="&quot;before all&quot; hook in &quot;bit doctor infra&quot;">
      <failure message="Command failed: bit init
node:internal/modules/cjs/loader:1075
  throw err;
  ^

Error: Cannot find module &apos;../node_modules/@teambit/bit/dist/app&apos;
Require stack:
- /Users/nitsancohen/.bvm/versions/0.2.29/bit-0.2.29/node_modules/@teambit/legacy/bin/bit.js
    at Module._resolveFilename (node:internal/modules/cjs/loader:1072:15)
    at Module._load (node:internal/modules/cjs/loader:925:27)
    at Module.require (node:internal/modules/cjs/loader:1139:19)
    at require (node:internal/modules/helpers:121:18)
    at Object.&lt;anonymous&gt; (/Users/nitsancohen/.bvm/versions/0.2.29/bit-0.2.29/node_modules/@teambit/legacy/bin/bit.js:3:1)
    at Module._compile (node:internal/modules/cjs/loader:1257:14)
    at Module._extensions..js (node:internal/modules/cjs/loader:1311:10)
    at Module.load (node:internal/modules/cjs/loader:1115:32)
    at Module._load (node:internal/modules/cjs/loader:962:12)
    at Function.executeUserEntryPoint [as runMain] (node:internal/modules/run_main:83:12) {
  code: &apos;MODULE_NOT_FOUND&apos;,
  requireStack: [
    &apos;/Users/nitsancohen/.bvm/versions/0.2.29/bit-0.2.29/node_modules/@teambit/legacy/bin/bit.js&apos;
  ]
}

Node.js v20.3.1
" type="Error"><![CDATA[Error: Command failed: bit init
node:internal/modules/cjs/loader:1075
  throw err;
  ^

Error: Cannot find module '../node_modules/@teambit/bit/dist/app'
Require stack:
- /Users/nitsancohen/.bvm/versions/0.2.29/bit-0.2.29/node_modules/@teambit/legacy/bin/bit.js
    at Module._resolveFilename (node:internal/modules/cjs/loader:1072:15)
    at Module._load (node:internal/modules/cjs/loader:925:27)
    at Module.require (node:internal/modules/cjs/loader:1139:19)
    at require (node:internal/modules/helpers:121:18)
    at Object.<anonymous> (/Users/nitsancohen/.bvm/versions/0.2.29/bit-0.2.29/node_modules/@teambit/legacy/bin/bit.js:3:1)
    at Module._compile (node:internal/modules/cjs/loader:1257:14)
    at Module._extensions..js (node:internal/modules/cjs/loader:1311:10)
    at Module.load (node:internal/modules/cjs/loader:1115:32)
    at Module._load (node:internal/modules/cjs/loader:962:12)
    at Function.executeUserEntryPoint [as runMain] (node:internal/modules/run_main:83:12) {
  code: 'MODULE_NOT_FOUND',
  requireStack: [
    '/Users/nitsancohen/.bvm/versions/0.2.29/bit-0.2.29/node_modules/@teambit/legacy/bin/bit.js'
  ]
}

Node.js v20.3.1

    at checkExecSyncError (node:child_process:885:11)
    at Object.execSync (node:child_process:957:15)
    at CommandHelper.runCmd (src/e2e-helper/e2e-command-helper.ts:64:22)
    at ScopeHelper.initWorkspace (src/e2e-helper/e2e-scope-helper.ts:126:25)
    at ScopeHelper.reInitLocalScope (src/e2e-helper/e2e-scope-helper.ts:87:10)
    at Context.<anonymous> (e2e/doctor/doctor-infra.e2e.3.ts:21:24)
    at processImmediate (node:internal/timers:478:21)]]></failure>
    </testcase>
  </testsuite>
  <testsuite name="big text file" timestamp="2023-08-21T21:40:25" tests="0" file="/Users/nitsancohen/coding/my-bit/bit/e2e/flows/big-file.e2e.2.ts" time="0.0000" failures="0">
  </testsuite>
  <testsuite name="Windows format (\r\n)" timestamp="2023-08-21T21:40:25" tests="1" file="/Users/nitsancohen/coding/my-bit/bit/e2e/flows/big-file.e2e.2.ts" time="0.0590" failures="1">
    <testcase name="big text file Windows format (\r\n) &quot;before all&quot; hook for &quot;tagging the component should not throw any error&quot;" time="0.0590" classname="&quot;before all&quot; hook for &quot;tagging the component should not throw any error&quot;">
      <failure message="Command failed: bit init
node:internal/modules/cjs/loader:1075
  throw err;
  ^

Error: Cannot find module &apos;../node_modules/@teambit/bit/dist/app&apos;
Require stack:
- /Users/nitsancohen/.bvm/versions/0.2.29/bit-0.2.29/node_modules/@teambit/legacy/bin/bit.js
    at Module._resolveFilename (node:internal/modules/cjs/loader:1072:15)
    at Module._load (node:internal/modules/cjs/loader:925:27)
    at Module.require (node:internal/modules/cjs/loader:1139:19)
    at require (node:internal/modules/helpers:121:18)
    at Object.&lt;anonymous&gt; (/Users/nitsancohen/.bvm/versions/0.2.29/bit-0.2.29/node_modules/@teambit/legacy/bin/bit.js:3:1)
    at Module._compile (node:internal/modules/cjs/loader:1257:14)
    at Module._extensions..js (node:internal/modules/cjs/loader:1311:10)
    at Module.load (node:internal/modules/cjs/loader:1115:32)
    at Module._load (node:internal/modules/cjs/loader:962:12)
    at Function.executeUserEntryPoint [as runMain] (node:internal/modules/run_main:83:12) {
  code: &apos;MODULE_NOT_FOUND&apos;,
  requireStack: [
    &apos;/Users/nitsancohen/.bvm/versions/0.2.29/bit-0.2.29/node_modules/@teambit/legacy/bin/bit.js&apos;
  ]
}

Node.js v20.3.1
" type="Error"><![CDATA[Error: Command failed: bit init
node:internal/modules/cjs/loader:1075
  throw err;
  ^

Error: Cannot find module '../node_modules/@teambit/bit/dist/app'
Require stack:
- /Users/nitsancohen/.bvm/versions/0.2.29/bit-0.2.29/node_modules/@teambit/legacy/bin/bit.js
    at Module._resolveFilename (node:internal/modules/cjs/loader:1072:15)
    at Module._load (node:internal/modules/cjs/loader:925:27)
    at Module.require (node:internal/modules/cjs/loader:1139:19)
    at require (node:internal/modules/helpers:121:18)
    at Object.<anonymous> (/Users/nitsancohen/.bvm/versions/0.2.29/bit-0.2.29/node_modules/@teambit/legacy/bin/bit.js:3:1)
    at Module._compile (node:internal/modules/cjs/loader:1257:14)
    at Module._extensions..js (node:internal/modules/cjs/loader:1311:10)
    at Module.load (node:internal/modules/cjs/loader:1115:32)
    at Module._load (node:internal/modules/cjs/loader:962:12)
    at Function.executeUserEntryPoint [as runMain] (node:internal/modules/run_main:83:12) {
  code: 'MODULE_NOT_FOUND',
  requireStack: [
    '/Users/nitsancohen/.bvm/versions/0.2.29/bit-0.2.29/node_modules/@teambit/legacy/bin/bit.js'
  ]
}

Node.js v20.3.1

    at checkExecSyncError (node:child_process:885:11)
    at Object.execSync (node:child_process:957:15)
    at CommandHelper.runCmd (src/e2e-helper/e2e-command-helper.ts:64:22)
    at ScopeHelper.initWorkspace (src/e2e-helper/e2e-scope-helper.ts:126:25)
    at ScopeHelper.reInitLocalScope (src/e2e-helper/e2e-scope-helper.ts:87:10)
    at ScopeHelper.setNewLocalAndRemoteScopes (src/e2e-helper/e2e-scope-helper.ts:141:10)
    at Context.<anonymous> (e2e/flows/big-file.e2e.2.ts:21:26)
    at processImmediate (node:internal/timers:478:21)]]></failure>
    </testcase>
  </testsuite>
  <testsuite name="user deleted only .bitmap file leaving the objects in place" timestamp="2023-08-21T21:40:25" tests="0" file="/Users/nitsancohen/coding/my-bit/bit/e2e/flows/bitmap-deleted.e2e-2.ts" time="0.0000" failures="0">
  </testsuite>
  <testsuite name="tagging a component, then, deleting .bitmap file" timestamp="2023-08-21T21:40:25" tests="0" file="/Users/nitsancohen/coding/my-bit/bit/e2e/flows/bitmap-deleted.e2e-2.ts" time="0.0590" failures="1">
    <testcase name="user deleted only .bitmap file leaving the objects in place tagging a component, then, deleting .bitmap file &quot;before all&quot; hook in &quot;tagging a component, then, deleting .bitmap file&quot;" time="0.0590" classname="&quot;before all&quot; hook in &quot;tagging a component, then, deleting .bitmap file&quot;">
      <failure message="Command failed: bit init
node:internal/modules/cjs/loader:1075
  throw err;
  ^

Error: Cannot find module &apos;../node_modules/@teambit/bit/dist/app&apos;
Require stack:
- /Users/nitsancohen/.bvm/versions/0.2.29/bit-0.2.29/node_modules/@teambit/legacy/bin/bit.js
    at Module._resolveFilename (node:internal/modules/cjs/loader:1072:15)
    at Module._load (node:internal/modules/cjs/loader:925:27)
    at Module.require (node:internal/modules/cjs/loader:1139:19)
    at require (node:internal/modules/helpers:121:18)
    at Object.&lt;anonymous&gt; (/Users/nitsancohen/.bvm/versions/0.2.29/bit-0.2.29/node_modules/@teambit/legacy/bin/bit.js:3:1)
    at Module._compile (node:internal/modules/cjs/loader:1257:14)
    at Module._extensions..js (node:internal/modules/cjs/loader:1311:10)
    at Module.load (node:internal/modules/cjs/loader:1115:32)
    at Module._load (node:internal/modules/cjs/loader:962:12)
    at Function.executeUserEntryPoint [as runMain] (node:internal/modules/run_main:83:12) {
  code: &apos;MODULE_NOT_FOUND&apos;,
  requireStack: [
    &apos;/Users/nitsancohen/.bvm/versions/0.2.29/bit-0.2.29/node_modules/@teambit/legacy/bin/bit.js&apos;
  ]
}

Node.js v20.3.1
" type="Error"><![CDATA[Error: Command failed: bit init
node:internal/modules/cjs/loader:1075
  throw err;
  ^

Error: Cannot find module '../node_modules/@teambit/bit/dist/app'
Require stack:
- /Users/nitsancohen/.bvm/versions/0.2.29/bit-0.2.29/node_modules/@teambit/legacy/bin/bit.js
    at Module._resolveFilename (node:internal/modules/cjs/loader:1072:15)
    at Module._load (node:internal/modules/cjs/loader:925:27)
    at Module.require (node:internal/modules/cjs/loader:1139:19)
    at require (node:internal/modules/helpers:121:18)
    at Object.<anonymous> (/Users/nitsancohen/.bvm/versions/0.2.29/bit-0.2.29/node_modules/@teambit/legacy/bin/bit.js:3:1)
    at Module._compile (node:internal/modules/cjs/loader:1257:14)
    at Module._extensions..js (node:internal/modules/cjs/loader:1311:10)
    at Module.load (node:internal/modules/cjs/loader:1115:32)
    at Module._load (node:internal/modules/cjs/loader:962:12)
    at Function.executeUserEntryPoint [as runMain] (node:internal/modules/run_main:83:12) {
  code: 'MODULE_NOT_FOUND',
  requireStack: [
    '/Users/nitsancohen/.bvm/versions/0.2.29/bit-0.2.29/node_modules/@teambit/legacy/bin/bit.js'
  ]
}

Node.js v20.3.1

    at checkExecSyncError (node:child_process:885:11)
    at Object.execSync (node:child_process:957:15)
    at CommandHelper.runCmd (src/e2e-helper/e2e-command-helper.ts:64:22)
    at ScopeHelper.initWorkspace (src/e2e-helper/e2e-scope-helper.ts:126:25)
    at ScopeHelper.reInitLocalScope (src/e2e-helper/e2e-scope-helper.ts:87:10)
    at Context.<anonymous> (e2e/flows/bitmap-deleted.e2e-2.ts:21:26)
    at processImmediate (node:internal/timers:478:21)]]></failure>
    </testcase>
  </testsuite>
  <testsuite name="cyclic dependencies" timestamp="2023-08-21T21:40:25" tests="0" file="/Users/nitsancohen/coding/my-bit/bit/e2e/flows/cyclic-dependencies.e2e.2.ts" time="0.0000" failures="0">
  </testsuite>
  <testsuite name="a =&gt; b, b =&gt; a (component A requires B, component B requires A)" timestamp="2023-08-21T21:40:25" tests="3" file="/Users/nitsancohen/coding/my-bit/bit/e2e/flows/cyclic-dependencies.e2e.2.ts" time="0.0600" failures="1">
    <testcase name="cyclic dependencies a =&gt; b, b =&gt; a (component A requires B, component B requires A) &quot;before all&quot; hook for &quot;should be able to tag both with no errors&quot;" time="0.0600" classname="&quot;before all&quot; hook for &quot;should be able to tag both with no errors&quot;">
      <failure message="Command failed: bit init
node:internal/modules/cjs/loader:1075
  throw err;
  ^

Error: Cannot find module &apos;../node_modules/@teambit/bit/dist/app&apos;
Require stack:
- /Users/nitsancohen/.bvm/versions/0.2.29/bit-0.2.29/node_modules/@teambit/legacy/bin/bit.js
    at Module._resolveFilename (node:internal/modules/cjs/loader:1072:15)
    at Module._load (node:internal/modules/cjs/loader:925:27)
    at Module.require (node:internal/modules/cjs/loader:1139:19)
    at require (node:internal/modules/helpers:121:18)
    at Object.&lt;anonymous&gt; (/Users/nitsancohen/.bvm/versions/0.2.29/bit-0.2.29/node_modules/@teambit/legacy/bin/bit.js:3:1)
    at Module._compile (node:internal/modules/cjs/loader:1257:14)
    at Module._extensions..js (node:internal/modules/cjs/loader:1311:10)
    at Module.load (node:internal/modules/cjs/loader:1115:32)
    at Module._load (node:internal/modules/cjs/loader:962:12)
    at Function.executeUserEntryPoint [as runMain] (node:internal/modules/run_main:83:12) {
  code: &apos;MODULE_NOT_FOUND&apos;,
  requireStack: [
    &apos;/Users/nitsancohen/.bvm/versions/0.2.29/bit-0.2.29/node_modules/@teambit/legacy/bin/bit.js&apos;
  ]
}

Node.js v20.3.1
" type="Error"><![CDATA[Error: Command failed: bit init
node:internal/modules/cjs/loader:1075
  throw err;
  ^

Error: Cannot find module '../node_modules/@teambit/bit/dist/app'
Require stack:
- /Users/nitsancohen/.bvm/versions/0.2.29/bit-0.2.29/node_modules/@teambit/legacy/bin/bit.js
    at Module._resolveFilename (node:internal/modules/cjs/loader:1072:15)
    at Module._load (node:internal/modules/cjs/loader:925:27)
    at Module.require (node:internal/modules/cjs/loader:1139:19)
    at require (node:internal/modules/helpers:121:18)
    at Object.<anonymous> (/Users/nitsancohen/.bvm/versions/0.2.29/bit-0.2.29/node_modules/@teambit/legacy/bin/bit.js:3:1)
    at Module._compile (node:internal/modules/cjs/loader:1257:14)
    at Module._extensions..js (node:internal/modules/cjs/loader:1311:10)
    at Module.load (node:internal/modules/cjs/loader:1115:32)
    at Module._load (node:internal/modules/cjs/loader:962:12)
    at Function.executeUserEntryPoint [as runMain] (node:internal/modules/run_main:83:12) {
  code: 'MODULE_NOT_FOUND',
  requireStack: [
    '/Users/nitsancohen/.bvm/versions/0.2.29/bit-0.2.29/node_modules/@teambit/legacy/bin/bit.js'
  ]
}

Node.js v20.3.1

    at checkExecSyncError (node:child_process:885:11)
    at Object.execSync (node:child_process:957:15)
    at CommandHelper.runCmd (src/e2e-helper/e2e-command-helper.ts:64:22)
    at ScopeHelper.initWorkspace (src/e2e-helper/e2e-scope-helper.ts:126:25)
    at ScopeHelper.reInitLocalScope (src/e2e-helper/e2e-scope-helper.ts:87:10)
    at ScopeHelper.setNewLocalAndRemoteScopes (src/e2e-helper/e2e-scope-helper.ts:141:10)
    at Context.<anonymous> (e2e/flows/cyclic-dependencies.e2e.2.ts:24:26)
    at processImmediate (node:internal/timers:478:21)]]></failure>
    </testcase>
  </testsuite>
  <testsuite name="a complex case with a long chain of dependencies" timestamp="2023-08-21T21:40:25" tests="8" file="/Users/nitsancohen/coding/my-bit/bit/e2e/flows/cyclic-dependencies.e2e.2.ts" time="0.0000" failures="0">
  </testsuite>
  <testsuite name="exporting the component" timestamp="2023-08-21T21:40:25" tests="1" file="/Users/nitsancohen/coding/my-bit/bit/e2e/flows/cyclic-dependencies.e2e.2.ts" time="0.0000" failures="0">
  </testsuite>
  <testsuite name="importing to a new environment" timestamp="2023-08-21T21:40:25" tests="3" file="/Users/nitsancohen/coding/my-bit/bit/e2e/flows/cyclic-dependencies.e2e.2.ts" time="0.0000" failures="0">
  </testsuite>
  <testsuite name="same component require itself using module path (@bit/component-name)" timestamp="2023-08-21T21:40:25" tests="2" file="/Users/nitsancohen/coding/my-bit/bit/e2e/flows/cyclic-dependencies.e2e.2.ts" time="0.0000" failures="0">
  </testsuite>
  <testsuite name="delete files from a component" timestamp="2023-08-21T21:40:25" tests="0" file="/Users/nitsancohen/coding/my-bit/bit/e2e/flows/delete-files.e2e.2.ts" time="0.0000" failures="0">
  </testsuite>
  <testsuite name="after adding it" timestamp="2023-08-21T21:40:25" tests="1" file="/Users/nitsancohen/coding/my-bit/bit/e2e/flows/delete-files.e2e.2.ts" time="0.0590" failures="1">
    <testcase name="delete files from a component after adding it &quot;before all&quot; hook for &quot;bit status should not throw an error and should show it as a new component&quot;" time="0.0590" classname="&quot;before all&quot; hook for &quot;bit status should not throw an error and should show it as a new component&quot;">
      <failure message="Command failed: bit init
node:internal/modules/cjs/loader:1075
  throw err;
  ^

Error: Cannot find module &apos;../node_modules/@teambit/bit/dist/app&apos;
Require stack:
- /Users/nitsancohen/.bvm/versions/0.2.29/bit-0.2.29/node_modules/@teambit/legacy/bin/bit.js
    at Module._resolveFilename (node:internal/modules/cjs/loader:1072:15)
    at Module._load (node:internal/modules/cjs/loader:925:27)
    at Module.require (node:internal/modules/cjs/loader:1139:19)
    at require (node:internal/modules/helpers:121:18)
    at Object.&lt;anonymous&gt; (/Users/nitsancohen/.bvm/versions/0.2.29/bit-0.2.29/node_modules/@teambit/legacy/bin/bit.js:3:1)
    at Module._compile (node:internal/modules/cjs/loader:1257:14)
    at Module._extensions..js (node:internal/modules/cjs/loader:1311:10)
    at Module.load (node:internal/modules/cjs/loader:1115:32)
    at Module._load (node:internal/modules/cjs/loader:962:12)
    at Function.executeUserEntryPoint [as runMain] (node:internal/modules/run_main:83:12) {
  code: &apos;MODULE_NOT_FOUND&apos;,
  requireStack: [
    &apos;/Users/nitsancohen/.bvm/versions/0.2.29/bit-0.2.29/node_modules/@teambit/legacy/bin/bit.js&apos;
  ]
}

Node.js v20.3.1
" type="Error"><![CDATA[Error: Command failed: bit init
node:internal/modules/cjs/loader:1075
  throw err;
  ^

Error: Cannot find module '../node_modules/@teambit/bit/dist/app'
Require stack:
- /Users/nitsancohen/.bvm/versions/0.2.29/bit-0.2.29/node_modules/@teambit/legacy/bin/bit.js
    at Module._resolveFilename (node:internal/modules/cjs/loader:1072:15)
    at Module._load (node:internal/modules/cjs/loader:925:27)
    at Module.require (node:internal/modules/cjs/loader:1139:19)
    at require (node:internal/modules/helpers:121:18)
    at Object.<anonymous> (/Users/nitsancohen/.bvm/versions/0.2.29/bit-0.2.29/node_modules/@teambit/legacy/bin/bit.js:3:1)
    at Module._compile (node:internal/modules/cjs/loader:1257:14)
    at Module._extensions..js (node:internal/modules/cjs/loader:1311:10)
    at Module.load (node:internal/modules/cjs/loader:1115:32)
    at Module._load (node:internal/modules/cjs/loader:962:12)
    at Function.executeUserEntryPoint [as runMain] (node:internal/modules/run_main:83:12) {
  code: 'MODULE_NOT_FOUND',
  requireStack: [
    '/Users/nitsancohen/.bvm/versions/0.2.29/bit-0.2.29/node_modules/@teambit/legacy/bin/bit.js'
  ]
}

Node.js v20.3.1

    at checkExecSyncError (node:child_process:885:11)
    at Object.execSync (node:child_process:957:15)
    at CommandHelper.runCmd (src/e2e-helper/e2e-command-helper.ts:64:22)
    at ScopeHelper.initWorkspace (src/e2e-helper/e2e-scope-helper.ts:126:25)
    at ScopeHelper.reInitLocalScope (src/e2e-helper/e2e-scope-helper.ts:87:10)
    at Context.<anonymous> (e2e/flows/delete-files.e2e.2.ts:17:26)
    at processImmediate (node:internal/timers:478:21)]]></failure>
    </testcase>
  </testsuite>
  <testsuite name="tag and then delete a file" timestamp="2023-08-21T21:40:25" tests="1" file="/Users/nitsancohen/coding/my-bit/bit/e2e/flows/delete-files.e2e.2.ts" time="0.0600" failures="1">
    <testcase name="delete files from a component tag and then delete a file &quot;before all&quot; hook for &quot;bit status should show the component as modified&quot;" time="0.0600" classname="&quot;before all&quot; hook for &quot;bit status should show the component as modified&quot;">
      <failure message="Command failed: bit init
node:internal/modules/cjs/loader:1075
  throw err;
  ^

Error: Cannot find module &apos;../node_modules/@teambit/bit/dist/app&apos;
Require stack:
- /Users/nitsancohen/.bvm/versions/0.2.29/bit-0.2.29/node_modules/@teambit/legacy/bin/bit.js
    at Module._resolveFilename (node:internal/modules/cjs/loader:1072:15)
    at Module._load (node:internal/modules/cjs/loader:925:27)
    at Module.require (node:internal/modules/cjs/loader:1139:19)
    at require (node:internal/modules/helpers:121:18)
    at Object.&lt;anonymous&gt; (/Users/nitsancohen/.bvm/versions/0.2.29/bit-0.2.29/node_modules/@teambit/legacy/bin/bit.js:3:1)
    at Module._compile (node:internal/modules/cjs/loader:1257:14)
    at Module._extensions..js (node:internal/modules/cjs/loader:1311:10)
    at Module.load (node:internal/modules/cjs/loader:1115:32)
    at Module._load (node:internal/modules/cjs/loader:962:12)
    at Function.executeUserEntryPoint [as runMain] (node:internal/modules/run_main:83:12) {
  code: &apos;MODULE_NOT_FOUND&apos;,
  requireStack: [
    &apos;/Users/nitsancohen/.bvm/versions/0.2.29/bit-0.2.29/node_modules/@teambit/legacy/bin/bit.js&apos;
  ]
}

Node.js v20.3.1
" type="Error"><![CDATA[Error: Command failed: bit init
node:internal/modules/cjs/loader:1075
  throw err;
  ^

Error: Cannot find module '../node_modules/@teambit/bit/dist/app'
Require stack:
- /Users/nitsancohen/.bvm/versions/0.2.29/bit-0.2.29/node_modules/@teambit/legacy/bin/bit.js
    at Module._resolveFilename (node:internal/modules/cjs/loader:1072:15)
    at Module._load (node:internal/modules/cjs/loader:925:27)
    at Module.require (node:internal/modules/cjs/loader:1139:19)
    at require (node:internal/modules/helpers:121:18)
    at Object.<anonymous> (/Users/nitsancohen/.bvm/versions/0.2.29/bit-0.2.29/node_modules/@teambit/legacy/bin/bit.js:3:1)
    at Module._compile (node:internal/modules/cjs/loader:1257:14)
    at Module._extensions..js (node:internal/modules/cjs/loader:1311:10)
    at Module.load (node:internal/modules/cjs/loader:1115:32)
    at Module._load (node:internal/modules/cjs/loader:962:12)
    at Function.executeUserEntryPoint [as runMain] (node:internal/modules/run_main:83:12) {
  code: 'MODULE_NOT_FOUND',
  requireStack: [
    '/Users/nitsancohen/.bvm/versions/0.2.29/bit-0.2.29/node_modules/@teambit/legacy/bin/bit.js'
  ]
}

Node.js v20.3.1

    at checkExecSyncError (node:child_process:885:11)
    at Object.execSync (node:child_process:957:15)
    at CommandHelper.runCmd (src/e2e-helper/e2e-command-helper.ts:64:22)
    at ScopeHelper.initWorkspace (src/e2e-helper/e2e-scope-helper.ts:126:25)
    at ScopeHelper.reInitLocalScope (src/e2e-helper/e2e-scope-helper.ts:87:10)
    at Context.<anonymous> (e2e/flows/delete-files.e2e.2.ts:31:26)
    at processImmediate (node:internal/timers:478:21)]]></failure>
    </testcase>
  </testsuite>
  <testsuite name="adding a file, tagging it, deleting it and then tagging again" timestamp="2023-08-21T21:40:25" tests="1" file="/Users/nitsancohen/coding/my-bit/bit/e2e/flows/delete-files.e2e.2.ts" time="0.0590" failures="1">
    <testcase name="delete files from a component adding a file, tagging it, deleting it and then tagging again &quot;before all&quot; hook for &quot;should not show the deleted file in bit show command&quot;" time="0.0590" classname="&quot;before all&quot; hook for &quot;should not show the deleted file in bit show command&quot;">
      <failure message="Command failed: bit init
node:internal/modules/cjs/loader:1075
  throw err;
  ^

Error: Cannot find module &apos;../node_modules/@teambit/bit/dist/app&apos;
Require stack:
- /Users/nitsancohen/.bvm/versions/0.2.29/bit-0.2.29/node_modules/@teambit/legacy/bin/bit.js
    at Module._resolveFilename (node:internal/modules/cjs/loader:1072:15)
    at Module._load (node:internal/modules/cjs/loader:925:27)
    at Module.require (node:internal/modules/cjs/loader:1139:19)
    at require (node:internal/modules/helpers:121:18)
    at Object.&lt;anonymous&gt; (/Users/nitsancohen/.bvm/versions/0.2.29/bit-0.2.29/node_modules/@teambit/legacy/bin/bit.js:3:1)
    at Module._compile (node:internal/modules/cjs/loader:1257:14)
    at Module._extensions..js (node:internal/modules/cjs/loader:1311:10)
    at Module.load (node:internal/modules/cjs/loader:1115:32)
    at Module._load (node:internal/modules/cjs/loader:962:12)
    at Function.executeUserEntryPoint [as runMain] (node:internal/modules/run_main:83:12) {
  code: &apos;MODULE_NOT_FOUND&apos;,
  requireStack: [
    &apos;/Users/nitsancohen/.bvm/versions/0.2.29/bit-0.2.29/node_modules/@teambit/legacy/bin/bit.js&apos;
  ]
}

Node.js v20.3.1
" type="Error"><![CDATA[Error: Command failed: bit init
node:internal/modules/cjs/loader:1075
  throw err;
  ^

Error: Cannot find module '../node_modules/@teambit/bit/dist/app'
Require stack:
- /Users/nitsancohen/.bvm/versions/0.2.29/bit-0.2.29/node_modules/@teambit/legacy/bin/bit.js
    at Module._resolveFilename (node:internal/modules/cjs/loader:1072:15)
    at Module._load (node:internal/modules/cjs/loader:925:27)
    at Module.require (node:internal/modules/cjs/loader:1139:19)
    at require (node:internal/modules/helpers:121:18)
    at Object.<anonymous> (/Users/nitsancohen/.bvm/versions/0.2.29/bit-0.2.29/node_modules/@teambit/legacy/bin/bit.js:3:1)
    at Module._compile (node:internal/modules/cjs/loader:1257:14)
    at Module._extensions..js (node:internal/modules/cjs/loader:1311:10)
    at Module.load (node:internal/modules/cjs/loader:1115:32)
    at Module._load (node:internal/modules/cjs/loader:962:12)
    at Function.executeUserEntryPoint [as runMain] (node:internal/modules/run_main:83:12) {
  code: 'MODULE_NOT_FOUND',
  requireStack: [
    '/Users/nitsancohen/.bvm/versions/0.2.29/bit-0.2.29/node_modules/@teambit/legacy/bin/bit.js'
  ]
}

Node.js v20.3.1

    at checkExecSyncError (node:child_process:885:11)
    at Object.execSync (node:child_process:957:15)
    at CommandHelper.runCmd (src/e2e-helper/e2e-command-helper.ts:64:22)
    at ScopeHelper.initWorkspace (src/e2e-helper/e2e-scope-helper.ts:126:25)
    at ScopeHelper.reInitLocalScope (src/e2e-helper/e2e-scope-helper.ts:87:10)
    at Context.<anonymous> (e2e/flows/delete-files.e2e.2.ts:46:26)
    at processImmediate (node:internal/timers:478:21)]]></failure>
    </testcase>
  </testsuite>
  <testsuite name="component id with wildcard" timestamp="2023-08-21T21:40:25" tests="0" file="/Users/nitsancohen/coding/my-bit/bit/e2e/flows/id-with-wildcard.e2e.2.ts" time="0.0000" failures="0">
  </testsuite>
  <testsuite name="adding components with various namespaces" timestamp="2023-08-21T21:40:25" tests="0" file="/Users/nitsancohen/coding/my-bit/bit/e2e/flows/id-with-wildcard.e2e.2.ts" time="0.0600" failures="1">
    <testcase name="component id with wildcard adding components with various namespaces &quot;before all&quot; hook in &quot;adding components with various namespaces&quot;" time="0.0600" classname="&quot;before all&quot; hook in &quot;adding components with various namespaces&quot;">
      <failure message="Command failed: bit init
node:internal/modules/cjs/loader:1075
  throw err;
  ^

Error: Cannot find module &apos;../node_modules/@teambit/bit/dist/app&apos;
Require stack:
- /Users/nitsancohen/.bvm/versions/0.2.29/bit-0.2.29/node_modules/@teambit/legacy/bin/bit.js
    at Module._resolveFilename (node:internal/modules/cjs/loader:1072:15)
    at Module._load (node:internal/modules/cjs/loader:925:27)
    at Module.require (node:internal/modules/cjs/loader:1139:19)
    at require (node:internal/modules/helpers:121:18)
    at Object.&lt;anonymous&gt; (/Users/nitsancohen/.bvm/versions/0.2.29/bit-0.2.29/node_modules/@teambit/legacy/bin/bit.js:3:1)
    at Module._compile (node:internal/modules/cjs/loader:1257:14)
    at Module._extensions..js (node:internal/modules/cjs/loader:1311:10)
    at Module.load (node:internal/modules/cjs/loader:1115:32)
    at Module._load (node:internal/modules/cjs/loader:962:12)
    at Function.executeUserEntryPoint [as runMain] (node:internal/modules/run_main:83:12) {
  code: &apos;MODULE_NOT_FOUND&apos;,
  requireStack: [
    &apos;/Users/nitsancohen/.bvm/versions/0.2.29/bit-0.2.29/node_modules/@teambit/legacy/bin/bit.js&apos;
  ]
}

Node.js v20.3.1
" type="Error"><![CDATA[Error: Command failed: bit init
node:internal/modules/cjs/loader:1075
  throw err;
  ^

Error: Cannot find module '../node_modules/@teambit/bit/dist/app'
Require stack:
- /Users/nitsancohen/.bvm/versions/0.2.29/bit-0.2.29/node_modules/@teambit/legacy/bin/bit.js
    at Module._resolveFilename (node:internal/modules/cjs/loader:1072:15)
    at Module._load (node:internal/modules/cjs/loader:925:27)
    at Module.require (node:internal/modules/cjs/loader:1139:19)
    at require (node:internal/modules/helpers:121:18)
    at Object.<anonymous> (/Users/nitsancohen/.bvm/versions/0.2.29/bit-0.2.29/node_modules/@teambit/legacy/bin/bit.js:3:1)
    at Module._compile (node:internal/modules/cjs/loader:1257:14)
    at Module._extensions..js (node:internal/modules/cjs/loader:1311:10)
    at Module.load (node:internal/modules/cjs/loader:1115:32)
    at Module._load (node:internal/modules/cjs/loader:962:12)
    at Function.executeUserEntryPoint [as runMain] (node:internal/modules/run_main:83:12) {
  code: 'MODULE_NOT_FOUND',
  requireStack: [
    '/Users/nitsancohen/.bvm/versions/0.2.29/bit-0.2.29/node_modules/@teambit/legacy/bin/bit.js'
  ]
}

Node.js v20.3.1

    at checkExecSyncError (node:child_process:885:11)
    at Object.execSync (node:child_process:957:15)
    at CommandHelper.runCmd (src/e2e-helper/e2e-command-helper.ts:64:22)
    at ScopeHelper.initWorkspace (src/e2e-helper/e2e-scope-helper.ts:126:25)
    at ScopeHelper.reInitLocalScope (src/e2e-helper/e2e-scope-helper.ts:87:10)
    at ScopeHelper.setNewLocalAndRemoteScopes (src/e2e-helper/e2e-scope-helper.ts:141:10)
    at Context.<anonymous> (e2e/flows/id-with-wildcard.e2e.2.ts:19:26)
    at processImmediate (node:internal/timers:478:21)]]></failure>
    </testcase>
  </testsuite>
  <testsuite name="component with package.json as a file of the component" timestamp="2023-08-21T21:40:25" tests="0" file="/Users/nitsancohen/coding/my-bit/bit/e2e/flows/import-package-json.e2e.3.ts" time="0.0000" failures="0">
  </testsuite>
  <testsuite name="bit version &gt;= 14.8.0 should ignore package.json files altogether" timestamp="2023-08-21T21:40:25" tests="1" file="/Users/nitsancohen/coding/my-bit/bit/e2e/flows/import-package-json.e2e.3.ts" time="0.0600" failures="1">
    <testcase name="component with package.json as a file of the component bit version &gt;= 14.8.0 should ignore package.json files altogether &quot;before all&quot; hook for &quot;should not track the package.json file&quot;" time="0.0600" classname="&quot;before all&quot; hook for &quot;should not track the package.json file&quot;">
      <failure message="Command failed: bit init
node:internal/modules/cjs/loader:1075
  throw err;
  ^

Error: Cannot find module &apos;../node_modules/@teambit/bit/dist/app&apos;
Require stack:
- /Users/nitsancohen/.bvm/versions/0.2.29/bit-0.2.29/node_modules/@teambit/legacy/bin/bit.js
    at Module._resolveFilename (node:internal/modules/cjs/loader:1072:15)
    at Module._load (node:internal/modules/cjs/loader:925:27)
    at Module.require (node:internal/modules/cjs/loader:1139:19)
    at require (node:internal/modules/helpers:121:18)
    at Object.&lt;anonymous&gt; (/Users/nitsancohen/.bvm/versions/0.2.29/bit-0.2.29/node_modules/@teambit/legacy/bin/bit.js:3:1)
    at Module._compile (node:internal/modules/cjs/loader:1257:14)
    at Module._extensions..js (node:internal/modules/cjs/loader:1311:10)
    at Module.load (node:internal/modules/cjs/loader:1115:32)
    at Module._load (node:internal/modules/cjs/loader:962:12)
    at Function.executeUserEntryPoint [as runMain] (node:internal/modules/run_main:83:12) {
  code: &apos;MODULE_NOT_FOUND&apos;,
  requireStack: [
    &apos;/Users/nitsancohen/.bvm/versions/0.2.29/bit-0.2.29/node_modules/@teambit/legacy/bin/bit.js&apos;
  ]
}

Node.js v20.3.1
" type="Error"><![CDATA[Error: Command failed: bit init
node:internal/modules/cjs/loader:1075
  throw err;
  ^

Error: Cannot find module '../node_modules/@teambit/bit/dist/app'
Require stack:
- /Users/nitsancohen/.bvm/versions/0.2.29/bit-0.2.29/node_modules/@teambit/legacy/bin/bit.js
    at Module._resolveFilename (node:internal/modules/cjs/loader:1072:15)
    at Module._load (node:internal/modules/cjs/loader:925:27)
    at Module.require (node:internal/modules/cjs/loader:1139:19)
    at require (node:internal/modules/helpers:121:18)
    at Object.<anonymous> (/Users/nitsancohen/.bvm/versions/0.2.29/bit-0.2.29/node_modules/@teambit/legacy/bin/bit.js:3:1)
    at Module._compile (node:internal/modules/cjs/loader:1257:14)
    at Module._extensions..js (node:internal/modules/cjs/loader:1311:10)
    at Module.load (node:internal/modules/cjs/loader:1115:32)
    at Module._load (node:internal/modules/cjs/loader:962:12)
    at Function.executeUserEntryPoint [as runMain] (node:internal/modules/run_main:83:12) {
  code: 'MODULE_NOT_FOUND',
  requireStack: [
    '/Users/nitsancohen/.bvm/versions/0.2.29/bit-0.2.29/node_modules/@teambit/legacy/bin/bit.js'
  ]
}

Node.js v20.3.1

    at checkExecSyncError (node:child_process:885:11)
    at Object.execSync (node:child_process:957:15)
    at CommandHelper.runCmd (src/e2e-helper/e2e-command-helper.ts:64:22)
    at ScopeHelper.initWorkspace (src/e2e-helper/e2e-scope-helper.ts:126:25)
    at ScopeHelper.reInitLocalScope (src/e2e-helper/e2e-scope-helper.ts:87:10)
    at Context.<anonymous> (e2e/flows/import-package-json.e2e.3.ts:17:26)
    at processImmediate (node:internal/timers:478:21)]]></failure>
    </testcase>
  </testsuite>
  <testsuite name="components that are not synced between the scope and the consumer" timestamp="2023-08-21T21:40:25" tests="0" file="/Users/nitsancohen/coding/my-bit/bit/e2e/flows/out-of-sync-componets.e2e.3.ts" time="0.0000" failures="0">
  </testsuite>
  <testsuite name="consumer with a new component and scope with the same component as staged" timestamp="2023-08-21T21:40:25" tests="0" file="/Users/nitsancohen/coding/my-bit/bit/e2e/flows/out-of-sync-componets.e2e.3.ts" time="0.0630" failures="1">
    <testcase name="components that are not synced between the scope and the consumer consumer with a new component and scope with the same component as staged &quot;before all&quot; hook in &quot;consumer with a new component and scope with the same component as staged&quot;" time="0.0630" classname="&quot;before all&quot; hook in &quot;consumer with a new component and scope with the same component as staged&quot;">
      <failure message="Command failed: bit init
node:internal/modules/cjs/loader:1075
  throw err;
  ^

Error: Cannot find module &apos;../node_modules/@teambit/bit/dist/app&apos;
Require stack:
- /Users/nitsancohen/.bvm/versions/0.2.29/bit-0.2.29/node_modules/@teambit/legacy/bin/bit.js
    at Module._resolveFilename (node:internal/modules/cjs/loader:1072:15)
    at Module._load (node:internal/modules/cjs/loader:925:27)
    at Module.require (node:internal/modules/cjs/loader:1139:19)
    at require (node:internal/modules/helpers:121:18)
    at Object.&lt;anonymous&gt; (/Users/nitsancohen/.bvm/versions/0.2.29/bit-0.2.29/node_modules/@teambit/legacy/bin/bit.js:3:1)
    at Module._compile (node:internal/modules/cjs/loader:1257:14)
    at Module._extensions..js (node:internal/modules/cjs/loader:1311:10)
    at Module.load (node:internal/modules/cjs/loader:1115:32)
    at Module._load (node:internal/modules/cjs/loader:962:12)
    at Function.executeUserEntryPoint [as runMain] (node:internal/modules/run_main:83:12) {
  code: &apos;MODULE_NOT_FOUND&apos;,
  requireStack: [
    &apos;/Users/nitsancohen/.bvm/versions/0.2.29/bit-0.2.29/node_modules/@teambit/legacy/bin/bit.js&apos;
  ]
}

Node.js v20.3.1
" type="Error"><![CDATA[Error: Command failed: bit init
node:internal/modules/cjs/loader:1075
  throw err;
  ^

Error: Cannot find module '../node_modules/@teambit/bit/dist/app'
Require stack:
- /Users/nitsancohen/.bvm/versions/0.2.29/bit-0.2.29/node_modules/@teambit/legacy/bin/bit.js
    at Module._resolveFilename (node:internal/modules/cjs/loader:1072:15)
    at Module._load (node:internal/modules/cjs/loader:925:27)
    at Module.require (node:internal/modules/cjs/loader:1139:19)
    at require (node:internal/modules/helpers:121:18)
    at Object.<anonymous> (/Users/nitsancohen/.bvm/versions/0.2.29/bit-0.2.29/node_modules/@teambit/legacy/bin/bit.js:3:1)
    at Module._compile (node:internal/modules/cjs/loader:1257:14)
    at Module._extensions..js (node:internal/modules/cjs/loader:1311:10)
    at Module.load (node:internal/modules/cjs/loader:1115:32)
    at Module._load (node:internal/modules/cjs/loader:962:12)
    at Function.executeUserEntryPoint [as runMain] (node:internal/modules/run_main:83:12) {
  code: 'MODULE_NOT_FOUND',
  requireStack: [
    '/Users/nitsancohen/.bvm/versions/0.2.29/bit-0.2.29/node_modules/@teambit/legacy/bin/bit.js'
  ]
}

Node.js v20.3.1

    at checkExecSyncError (node:child_process:885:11)
    at Object.execSync (node:child_process:957:15)
    at CommandHelper.runCmd (src/e2e-helper/e2e-command-helper.ts:64:22)
    at ScopeHelper.initWorkspace (src/e2e-helper/e2e-scope-helper.ts:126:25)
    at ScopeHelper.reInitLocalScope (src/e2e-helper/e2e-scope-helper.ts:87:10)
    at ScopeHelper.setNewLocalAndRemoteScopes (src/e2e-helper/e2e-scope-helper.ts:141:10)
    at Context.<anonymous> (e2e/flows/out-of-sync-componets.e2e.3.ts:22:26)
    at processImmediate (node:internal/timers:478:21)]]></failure>
    </testcase>
  </testsuite>
  <testsuite name="consumer with a tagged component and scope with the same component as exported" timestamp="2023-08-21T21:40:25" tests="0" file="/Users/nitsancohen/coding/my-bit/bit/e2e/flows/out-of-sync-componets.e2e.3.ts" time="0.0610" failures="1">
    <testcase name="components that are not synced between the scope and the consumer consumer with a tagged component and scope with the same component as exported &quot;before all&quot; hook in &quot;consumer with a tagged component and scope with the same component as exported&quot;" time="0.0610" classname="&quot;before all&quot; hook in &quot;consumer with a tagged component and scope with the same component as exported&quot;">
      <failure message="Command failed: bit init
node:internal/modules/cjs/loader:1075
  throw err;
  ^

Error: Cannot find module &apos;../node_modules/@teambit/bit/dist/app&apos;
Require stack:
- /Users/nitsancohen/.bvm/versions/0.2.29/bit-0.2.29/node_modules/@teambit/legacy/bin/bit.js
    at Module._resolveFilename (node:internal/modules/cjs/loader:1072:15)
    at Module._load (node:internal/modules/cjs/loader:925:27)
    at Module.require (node:internal/modules/cjs/loader:1139:19)
    at require (node:internal/modules/helpers:121:18)
    at Object.&lt;anonymous&gt; (/Users/nitsancohen/.bvm/versions/0.2.29/bit-0.2.29/node_modules/@teambit/legacy/bin/bit.js:3:1)
    at Module._compile (node:internal/modules/cjs/loader:1257:14)
    at Module._extensions..js (node:internal/modules/cjs/loader:1311:10)
    at Module.load (node:internal/modules/cjs/loader:1115:32)
    at Module._load (node:internal/modules/cjs/loader:962:12)
    at Function.executeUserEntryPoint [as runMain] (node:internal/modules/run_main:83:12) {
  code: &apos;MODULE_NOT_FOUND&apos;,
  requireStack: [
    &apos;/Users/nitsancohen/.bvm/versions/0.2.29/bit-0.2.29/node_modules/@teambit/legacy/bin/bit.js&apos;
  ]
}

Node.js v20.3.1
" type="Error"><![CDATA[Error: Command failed: bit init
node:internal/modules/cjs/loader:1075
  throw err;
  ^

Error: Cannot find module '../node_modules/@teambit/bit/dist/app'
Require stack:
- /Users/nitsancohen/.bvm/versions/0.2.29/bit-0.2.29/node_modules/@teambit/legacy/bin/bit.js
    at Module._resolveFilename (node:internal/modules/cjs/loader:1072:15)
    at Module._load (node:internal/modules/cjs/loader:925:27)
    at Module.require (node:internal/modules/cjs/loader:1139:19)
    at require (node:internal/modules/helpers:121:18)
    at Object.<anonymous> (/Users/nitsancohen/.bvm/versions/0.2.29/bit-0.2.29/node_modules/@teambit/legacy/bin/bit.js:3:1)
    at Module._compile (node:internal/modules/cjs/loader:1257:14)
    at Module._extensions..js (node:internal/modules/cjs/loader:1311:10)
    at Module.load (node:internal/modules/cjs/loader:1115:32)
    at Module._load (node:internal/modules/cjs/loader:962:12)
    at Function.executeUserEntryPoint [as runMain] (node:internal/modules/run_main:83:12) {
  code: 'MODULE_NOT_FOUND',
  requireStack: [
    '/Users/nitsancohen/.bvm/versions/0.2.29/bit-0.2.29/node_modules/@teambit/legacy/bin/bit.js'
  ]
}

Node.js v20.3.1

    at checkExecSyncError (node:child_process:885:11)
    at Object.execSync (node:child_process:957:15)
    at CommandHelper.runCmd (src/e2e-helper/e2e-command-helper.ts:64:22)
    at ScopeHelper.initWorkspace (src/e2e-helper/e2e-scope-helper.ts:126:25)
    at ScopeHelper.reInitLocalScope (src/e2e-helper/e2e-scope-helper.ts:87:10)
    at ScopeHelper.setNewLocalAndRemoteScopes (src/e2e-helper/e2e-scope-helper.ts:141:10)
    at Context.<anonymous> (e2e/flows/out-of-sync-componets.e2e.3.ts:74:26)
    at processImmediate (node:internal/timers:478:21)]]></failure>
    </testcase>
  </testsuite>
  <testsuite name="consumer with no components and scope with staged components" timestamp="2023-08-21T21:40:25" tests="0" file="/Users/nitsancohen/coding/my-bit/bit/e2e/flows/out-of-sync-componets.e2e.3.ts" time="0.0600" failures="1">
    <testcase name="components that are not synced between the scope and the consumer consumer with no components and scope with staged components &quot;before all&quot; hook in &quot;consumer with no components and scope with staged components&quot;" time="0.0600" classname="&quot;before all&quot; hook in &quot;consumer with no components and scope with staged components&quot;">
      <failure message="Command failed: bit init
node:internal/modules/cjs/loader:1075
  throw err;
  ^

Error: Cannot find module &apos;../node_modules/@teambit/bit/dist/app&apos;
Require stack:
- /Users/nitsancohen/.bvm/versions/0.2.29/bit-0.2.29/node_modules/@teambit/legacy/bin/bit.js
    at Module._resolveFilename (node:internal/modules/cjs/loader:1072:15)
    at Module._load (node:internal/modules/cjs/loader:925:27)
    at Module.require (node:internal/modules/cjs/loader:1139:19)
    at require (node:internal/modules/helpers:121:18)
    at Object.&lt;anonymous&gt; (/Users/nitsancohen/.bvm/versions/0.2.29/bit-0.2.29/node_modules/@teambit/legacy/bin/bit.js:3:1)
    at Module._compile (node:internal/modules/cjs/loader:1257:14)
    at Module._extensions..js (node:internal/modules/cjs/loader:1311:10)
    at Module.load (node:internal/modules/cjs/loader:1115:32)
    at Module._load (node:internal/modules/cjs/loader:962:12)
    at Function.executeUserEntryPoint [as runMain] (node:internal/modules/run_main:83:12) {
  code: &apos;MODULE_NOT_FOUND&apos;,
  requireStack: [
    &apos;/Users/nitsancohen/.bvm/versions/0.2.29/bit-0.2.29/node_modules/@teambit/legacy/bin/bit.js&apos;
  ]
}

Node.js v20.3.1
" type="Error"><![CDATA[Error: Command failed: bit init
node:internal/modules/cjs/loader:1075
  throw err;
  ^

Error: Cannot find module '../node_modules/@teambit/bit/dist/app'
Require stack:
- /Users/nitsancohen/.bvm/versions/0.2.29/bit-0.2.29/node_modules/@teambit/legacy/bin/bit.js
    at Module._resolveFilename (node:internal/modules/cjs/loader:1072:15)
    at Module._load (node:internal/modules/cjs/loader:925:27)
    at Module.require (node:internal/modules/cjs/loader:1139:19)
    at require (node:internal/modules/helpers:121:18)
    at Object.<anonymous> (/Users/nitsancohen/.bvm/versions/0.2.29/bit-0.2.29/node_modules/@teambit/legacy/bin/bit.js:3:1)
    at Module._compile (node:internal/modules/cjs/loader:1257:14)
    at Module._extensions..js (node:internal/modules/cjs/loader:1311:10)
    at Module.load (node:internal/modules/cjs/loader:1115:32)
    at Module._load (node:internal/modules/cjs/loader:962:12)
    at Function.executeUserEntryPoint [as runMain] (node:internal/modules/run_main:83:12) {
  code: 'MODULE_NOT_FOUND',
  requireStack: [
    '/Users/nitsancohen/.bvm/versions/0.2.29/bit-0.2.29/node_modules/@teambit/legacy/bin/bit.js'
  ]
}

Node.js v20.3.1

    at checkExecSyncError (node:child_process:885:11)
    at Object.execSync (node:child_process:957:15)
    at CommandHelper.runCmd (src/e2e-helper/e2e-command-helper.ts:64:22)
    at ScopeHelper.initWorkspace (src/e2e-helper/e2e-scope-helper.ts:126:25)
    at ScopeHelper.reInitLocalScope (src/e2e-helper/e2e-scope-helper.ts:87:10)
    at ScopeHelper.setNewLocalAndRemoteScopes (src/e2e-helper/e2e-scope-helper.ts:141:10)
    at Context.<anonymous> (e2e/flows/out-of-sync-componets.e2e.3.ts:105:26)
    at processImmediate (node:internal/timers:478:21)]]></failure>
    </testcase>
  </testsuite>
  <testsuite name="consumer with no components and scope with exported components" timestamp="2023-08-21T21:40:25" tests="0" file="/Users/nitsancohen/coding/my-bit/bit/e2e/flows/out-of-sync-componets.e2e.3.ts" time="0.0600" failures="1">
    <testcase name="components that are not synced between the scope and the consumer consumer with no components and scope with exported components &quot;before all&quot; hook in &quot;consumer with no components and scope with exported components&quot;" time="0.0600" classname="&quot;before all&quot; hook in &quot;consumer with no components and scope with exported components&quot;">
      <failure message="Command failed: bit init
node:internal/modules/cjs/loader:1075
  throw err;
  ^

Error: Cannot find module &apos;../node_modules/@teambit/bit/dist/app&apos;
Require stack:
- /Users/nitsancohen/.bvm/versions/0.2.29/bit-0.2.29/node_modules/@teambit/legacy/bin/bit.js
    at Module._resolveFilename (node:internal/modules/cjs/loader:1072:15)
    at Module._load (node:internal/modules/cjs/loader:925:27)
    at Module.require (node:internal/modules/cjs/loader:1139:19)
    at require (node:internal/modules/helpers:121:18)
    at Object.&lt;anonymous&gt; (/Users/nitsancohen/.bvm/versions/0.2.29/bit-0.2.29/node_modules/@teambit/legacy/bin/bit.js:3:1)
    at Module._compile (node:internal/modules/cjs/loader:1257:14)
    at Module._extensions..js (node:internal/modules/cjs/loader:1311:10)
    at Module.load (node:internal/modules/cjs/loader:1115:32)
    at Module._load (node:internal/modules/cjs/loader:962:12)
    at Function.executeUserEntryPoint [as runMain] (node:internal/modules/run_main:83:12) {
  code: &apos;MODULE_NOT_FOUND&apos;,
  requireStack: [
    &apos;/Users/nitsancohen/.bvm/versions/0.2.29/bit-0.2.29/node_modules/@teambit/legacy/bin/bit.js&apos;
  ]
}

Node.js v20.3.1
" type="Error"><![CDATA[Error: Command failed: bit init
node:internal/modules/cjs/loader:1075
  throw err;
  ^

Error: Cannot find module '../node_modules/@teambit/bit/dist/app'
Require stack:
- /Users/nitsancohen/.bvm/versions/0.2.29/bit-0.2.29/node_modules/@teambit/legacy/bin/bit.js
    at Module._resolveFilename (node:internal/modules/cjs/loader:1072:15)
    at Module._load (node:internal/modules/cjs/loader:925:27)
    at Module.require (node:internal/modules/cjs/loader:1139:19)
    at require (node:internal/modules/helpers:121:18)
    at Object.<anonymous> (/Users/nitsancohen/.bvm/versions/0.2.29/bit-0.2.29/node_modules/@teambit/legacy/bin/bit.js:3:1)
    at Module._compile (node:internal/modules/cjs/loader:1257:14)
    at Module._extensions..js (node:internal/modules/cjs/loader:1311:10)
    at Module.load (node:internal/modules/cjs/loader:1115:32)
    at Module._load (node:internal/modules/cjs/loader:962:12)
    at Function.executeUserEntryPoint [as runMain] (node:internal/modules/run_main:83:12) {
  code: 'MODULE_NOT_FOUND',
  requireStack: [
    '/Users/nitsancohen/.bvm/versions/0.2.29/bit-0.2.29/node_modules/@teambit/legacy/bin/bit.js'
  ]
}

Node.js v20.3.1

    at checkExecSyncError (node:child_process:885:11)
    at Object.execSync (node:child_process:957:15)
    at CommandHelper.runCmd (src/e2e-helper/e2e-command-helper.ts:64:22)
    at ScopeHelper.initWorkspace (src/e2e-helper/e2e-scope-helper.ts:126:25)
    at ScopeHelper.reInitLocalScope (src/e2e-helper/e2e-scope-helper.ts:87:10)
    at ScopeHelper.setNewLocalAndRemoteScopes (src/e2e-helper/e2e-scope-helper.ts:141:10)
    at Context.<anonymous> (e2e/flows/out-of-sync-componets.e2e.3.ts:165:26)
    at processImmediate (node:internal/timers:478:21)]]></failure>
    </testcase>
  </testsuite>
  <testsuite name="consumer has exported components and scope is empty" timestamp="2023-08-21T21:40:25" tests="0" file="/Users/nitsancohen/coding/my-bit/bit/e2e/flows/out-of-sync-componets.e2e.3.ts" time="0.0600" failures="1">
    <testcase name="components that are not synced between the scope and the consumer consumer has exported components and scope is empty &quot;before all&quot; hook in &quot;consumer has exported components and scope is empty&quot;" time="0.0600" classname="&quot;before all&quot; hook in &quot;consumer has exported components and scope is empty&quot;">
      <failure message="Command failed: bit init
node:internal/modules/cjs/loader:1075
  throw err;
  ^

Error: Cannot find module &apos;../node_modules/@teambit/bit/dist/app&apos;
Require stack:
- /Users/nitsancohen/.bvm/versions/0.2.29/bit-0.2.29/node_modules/@teambit/legacy/bin/bit.js
    at Module._resolveFilename (node:internal/modules/cjs/loader:1072:15)
    at Module._load (node:internal/modules/cjs/loader:925:27)
    at Module.require (node:internal/modules/cjs/loader:1139:19)
    at require (node:internal/modules/helpers:121:18)
    at Object.&lt;anonymous&gt; (/Users/nitsancohen/.bvm/versions/0.2.29/bit-0.2.29/node_modules/@teambit/legacy/bin/bit.js:3:1)
    at Module._compile (node:internal/modules/cjs/loader:1257:14)
    at Module._extensions..js (node:internal/modules/cjs/loader:1311:10)
    at Module.load (node:internal/modules/cjs/loader:1115:32)
    at Module._load (node:internal/modules/cjs/loader:962:12)
    at Function.executeUserEntryPoint [as runMain] (node:internal/modules/run_main:83:12) {
  code: &apos;MODULE_NOT_FOUND&apos;,
  requireStack: [
    &apos;/Users/nitsancohen/.bvm/versions/0.2.29/bit-0.2.29/node_modules/@teambit/legacy/bin/bit.js&apos;
  ]
}

Node.js v20.3.1
" type="Error"><![CDATA[Error: Command failed: bit init
node:internal/modules/cjs/loader:1075
  throw err;
  ^

Error: Cannot find module '../node_modules/@teambit/bit/dist/app'
Require stack:
- /Users/nitsancohen/.bvm/versions/0.2.29/bit-0.2.29/node_modules/@teambit/legacy/bin/bit.js
    at Module._resolveFilename (node:internal/modules/cjs/loader:1072:15)
    at Module._load (node:internal/modules/cjs/loader:925:27)
    at Module.require (node:internal/modules/cjs/loader:1139:19)
    at require (node:internal/modules/helpers:121:18)
    at Object.<anonymous> (/Users/nitsancohen/.bvm/versions/0.2.29/bit-0.2.29/node_modules/@teambit/legacy/bin/bit.js:3:1)
    at Module._compile (node:internal/modules/cjs/loader:1257:14)
    at Module._extensions..js (node:internal/modules/cjs/loader:1311:10)
    at Module.load (node:internal/modules/cjs/loader:1115:32)
    at Module._load (node:internal/modules/cjs/loader:962:12)
    at Function.executeUserEntryPoint [as runMain] (node:internal/modules/run_main:83:12) {
  code: 'MODULE_NOT_FOUND',
  requireStack: [
    '/Users/nitsancohen/.bvm/versions/0.2.29/bit-0.2.29/node_modules/@teambit/legacy/bin/bit.js'
  ]
}

Node.js v20.3.1

    at checkExecSyncError (node:child_process:885:11)
    at Object.execSync (node:child_process:957:15)
    at CommandHelper.runCmd (src/e2e-helper/e2e-command-helper.ts:64:22)
    at ScopeHelper.initWorkspace (src/e2e-helper/e2e-scope-helper.ts:126:25)
    at ScopeHelper.reInitLocalScope (src/e2e-helper/e2e-scope-helper.ts:87:10)
    at ScopeHelper.setNewLocalAndRemoteScopes (src/e2e-helper/e2e-scope-helper.ts:141:10)
    at Context.<anonymous> (e2e/flows/out-of-sync-componets.e2e.3.ts:189:26)
    at processImmediate (node:internal/timers:478:21)]]></failure>
    </testcase>
  </testsuite>
  <testsuite name="consumer has tagged component with a version that not exist in the scope" timestamp="2023-08-21T21:40:26" tests="0" file="/Users/nitsancohen/coding/my-bit/bit/e2e/flows/out-of-sync-componets.e2e.3.ts" time="0.0600" failures="1">
    <testcase name="components that are not synced between the scope and the consumer consumer has tagged component with a version that not exist in the scope &quot;before all&quot; hook in &quot;consumer has tagged component with a version that not exist in the scope&quot;" time="0.0600" classname="&quot;before all&quot; hook in &quot;consumer has tagged component with a version that not exist in the scope&quot;">
      <failure message="Command failed: bit init
node:internal/modules/cjs/loader:1075
  throw err;
  ^

Error: Cannot find module &apos;../node_modules/@teambit/bit/dist/app&apos;
Require stack:
- /Users/nitsancohen/.bvm/versions/0.2.29/bit-0.2.29/node_modules/@teambit/legacy/bin/bit.js
    at Module._resolveFilename (node:internal/modules/cjs/loader:1072:15)
    at Module._load (node:internal/modules/cjs/loader:925:27)
    at Module.require (node:internal/modules/cjs/loader:1139:19)
    at require (node:internal/modules/helpers:121:18)
    at Object.&lt;anonymous&gt; (/Users/nitsancohen/.bvm/versions/0.2.29/bit-0.2.29/node_modules/@teambit/legacy/bin/bit.js:3:1)
    at Module._compile (node:internal/modules/cjs/loader:1257:14)
    at Module._extensions..js (node:internal/modules/cjs/loader:1311:10)
    at Module.load (node:internal/modules/cjs/loader:1115:32)
    at Module._load (node:internal/modules/cjs/loader:962:12)
    at Function.executeUserEntryPoint [as runMain] (node:internal/modules/run_main:83:12) {
  code: &apos;MODULE_NOT_FOUND&apos;,
  requireStack: [
    &apos;/Users/nitsancohen/.bvm/versions/0.2.29/bit-0.2.29/node_modules/@teambit/legacy/bin/bit.js&apos;
  ]
}

Node.js v20.3.1
" type="Error"><![CDATA[Error: Command failed: bit init
node:internal/modules/cjs/loader:1075
  throw err;
  ^

Error: Cannot find module '../node_modules/@teambit/bit/dist/app'
Require stack:
- /Users/nitsancohen/.bvm/versions/0.2.29/bit-0.2.29/node_modules/@teambit/legacy/bin/bit.js
    at Module._resolveFilename (node:internal/modules/cjs/loader:1072:15)
    at Module._load (node:internal/modules/cjs/loader:925:27)
    at Module.require (node:internal/modules/cjs/loader:1139:19)
    at require (node:internal/modules/helpers:121:18)
    at Object.<anonymous> (/Users/nitsancohen/.bvm/versions/0.2.29/bit-0.2.29/node_modules/@teambit/legacy/bin/bit.js:3:1)
    at Module._compile (node:internal/modules/cjs/loader:1257:14)
    at Module._extensions..js (node:internal/modules/cjs/loader:1311:10)
    at Module.load (node:internal/modules/cjs/loader:1115:32)
    at Module._load (node:internal/modules/cjs/loader:962:12)
    at Function.executeUserEntryPoint [as runMain] (node:internal/modules/run_main:83:12) {
  code: 'MODULE_NOT_FOUND',
  requireStack: [
    '/Users/nitsancohen/.bvm/versions/0.2.29/bit-0.2.29/node_modules/@teambit/legacy/bin/bit.js'
  ]
}

Node.js v20.3.1

    at checkExecSyncError (node:child_process:885:11)
    at Object.execSync (node:child_process:957:15)
    at CommandHelper.runCmd (src/e2e-helper/e2e-command-helper.ts:64:22)
    at ScopeHelper.initWorkspace (src/e2e-helper/e2e-scope-helper.ts:126:25)
    at ScopeHelper.reInitLocalScope (src/e2e-helper/e2e-scope-helper.ts:87:10)
    at ScopeHelper.setNewLocalAndRemoteScopes (src/e2e-helper/e2e-scope-helper.ts:141:10)
    at Context.<anonymous> (e2e/flows/out-of-sync-componets.e2e.3.ts:217:26)
    at processImmediate (node:internal/timers:478:21)]]></failure>
    </testcase>
  </testsuite>
  <testsuite name="consumer has exported component with a version that not exist in the scope" timestamp="2023-08-21T21:40:26" tests="0" file="/Users/nitsancohen/coding/my-bit/bit/e2e/flows/out-of-sync-componets.e2e.3.ts" time="0.0000" failures="0">
  </testsuite>
  <testsuite name="when the remote component has this missing version" timestamp="2023-08-21T21:40:26" tests="0" file="/Users/nitsancohen/coding/my-bit/bit/e2e/flows/out-of-sync-componets.e2e.3.ts" time="0.0610" failures="1">
    <testcase name="components that are not synced between the scope and the consumer consumer has exported component with a version that not exist in the scope when the remote component has this missing version &quot;before all&quot; hook in &quot;when the remote component has this missing version&quot;" time="0.0610" classname="&quot;before all&quot; hook in &quot;when the remote component has this missing version&quot;">
      <failure message="Command failed: bit init
node:internal/modules/cjs/loader:1075
  throw err;
  ^

Error: Cannot find module &apos;../node_modules/@teambit/bit/dist/app&apos;
Require stack:
- /Users/nitsancohen/.bvm/versions/0.2.29/bit-0.2.29/node_modules/@teambit/legacy/bin/bit.js
    at Module._resolveFilename (node:internal/modules/cjs/loader:1072:15)
    at Module._load (node:internal/modules/cjs/loader:925:27)
    at Module.require (node:internal/modules/cjs/loader:1139:19)
    at require (node:internal/modules/helpers:121:18)
    at Object.&lt;anonymous&gt; (/Users/nitsancohen/.bvm/versions/0.2.29/bit-0.2.29/node_modules/@teambit/legacy/bin/bit.js:3:1)
    at Module._compile (node:internal/modules/cjs/loader:1257:14)
    at Module._extensions..js (node:internal/modules/cjs/loader:1311:10)
    at Module.load (node:internal/modules/cjs/loader:1115:32)
    at Module._load (node:internal/modules/cjs/loader:962:12)
    at Function.executeUserEntryPoint [as runMain] (node:internal/modules/run_main:83:12) {
  code: &apos;MODULE_NOT_FOUND&apos;,
  requireStack: [
    &apos;/Users/nitsancohen/.bvm/versions/0.2.29/bit-0.2.29/node_modules/@teambit/legacy/bin/bit.js&apos;
  ]
}

Node.js v20.3.1
" type="Error"><![CDATA[Error: Command failed: bit init
node:internal/modules/cjs/loader:1075
  throw err;
  ^

Error: Cannot find module '../node_modules/@teambit/bit/dist/app'
Require stack:
- /Users/nitsancohen/.bvm/versions/0.2.29/bit-0.2.29/node_modules/@teambit/legacy/bin/bit.js
    at Module._resolveFilename (node:internal/modules/cjs/loader:1072:15)
    at Module._load (node:internal/modules/cjs/loader:925:27)
    at Module.require (node:internal/modules/cjs/loader:1139:19)
    at require (node:internal/modules/helpers:121:18)
    at Object.<anonymous> (/Users/nitsancohen/.bvm/versions/0.2.29/bit-0.2.29/node_modules/@teambit/legacy/bin/bit.js:3:1)
    at Module._compile (node:internal/modules/cjs/loader:1257:14)
    at Module._extensions..js (node:internal/modules/cjs/loader:1311:10)
    at Module.load (node:internal/modules/cjs/loader:1115:32)
    at Module._load (node:internal/modules/cjs/loader:962:12)
    at Function.executeUserEntryPoint [as runMain] (node:internal/modules/run_main:83:12) {
  code: 'MODULE_NOT_FOUND',
  requireStack: [
    '/Users/nitsancohen/.bvm/versions/0.2.29/bit-0.2.29/node_modules/@teambit/legacy/bin/bit.js'
  ]
}

Node.js v20.3.1

    at checkExecSyncError (node:child_process:885:11)
    at Object.execSync (node:child_process:957:15)
    at CommandHelper.runCmd (src/e2e-helper/e2e-command-helper.ts:64:22)
    at ScopeHelper.initWorkspace (src/e2e-helper/e2e-scope-helper.ts:126:25)
    at ScopeHelper.reInitLocalScope (src/e2e-helper/e2e-scope-helper.ts:87:10)
    at ScopeHelper.setNewLocalAndRemoteScopes (src/e2e-helper/e2e-scope-helper.ts:141:10)
    at Context.<anonymous> (e2e/flows/out-of-sync-componets.e2e.3.ts:250:28)
    at processImmediate (node:internal/timers:478:21)]]></failure>
    </testcase>
  </testsuite>
  <testsuite name="when the remote component does not exist or does not have this missing version" timestamp="2023-08-21T21:40:26" tests="0" file="/Users/nitsancohen/coding/my-bit/bit/e2e/flows/out-of-sync-componets.e2e.3.ts" time="0.0590" failures="1">
    <testcase name="components that are not synced between the scope and the consumer consumer has exported component with a version that not exist in the scope when the remote component does not exist or does not have this missing version &quot;before all&quot; hook in &quot;when the remote component does not exist or does not have this missing version&quot;" time="0.0590" classname="&quot;before all&quot; hook in &quot;when the remote component does not exist or does not have this missing version&quot;">
      <failure message="Command failed: bit init
node:internal/modules/cjs/loader:1075
  throw err;
  ^

Error: Cannot find module &apos;../node_modules/@teambit/bit/dist/app&apos;
Require stack:
- /Users/nitsancohen/.bvm/versions/0.2.29/bit-0.2.29/node_modules/@teambit/legacy/bin/bit.js
    at Module._resolveFilename (node:internal/modules/cjs/loader:1072:15)
    at Module._load (node:internal/modules/cjs/loader:925:27)
    at Module.require (node:internal/modules/cjs/loader:1139:19)
    at require (node:internal/modules/helpers:121:18)
    at Object.&lt;anonymous&gt; (/Users/nitsancohen/.bvm/versions/0.2.29/bit-0.2.29/node_modules/@teambit/legacy/bin/bit.js:3:1)
    at Module._compile (node:internal/modules/cjs/loader:1257:14)
    at Module._extensions..js (node:internal/modules/cjs/loader:1311:10)
    at Module.load (node:internal/modules/cjs/loader:1115:32)
    at Module._load (node:internal/modules/cjs/loader:962:12)
    at Function.executeUserEntryPoint [as runMain] (node:internal/modules/run_main:83:12) {
  code: &apos;MODULE_NOT_FOUND&apos;,
  requireStack: [
    &apos;/Users/nitsancohen/.bvm/versions/0.2.29/bit-0.2.29/node_modules/@teambit/legacy/bin/bit.js&apos;
  ]
}

Node.js v20.3.1
" type="Error"><![CDATA[Error: Command failed: bit init
node:internal/modules/cjs/loader:1075
  throw err;
  ^

Error: Cannot find module '../node_modules/@teambit/bit/dist/app'
Require stack:
- /Users/nitsancohen/.bvm/versions/0.2.29/bit-0.2.29/node_modules/@teambit/legacy/bin/bit.js
    at Module._resolveFilename (node:internal/modules/cjs/loader:1072:15)
    at Module._load (node:internal/modules/cjs/loader:925:27)
    at Module.require (node:internal/modules/cjs/loader:1139:19)
    at require (node:internal/modules/helpers:121:18)
    at Object.<anonymous> (/Users/nitsancohen/.bvm/versions/0.2.29/bit-0.2.29/node_modules/@teambit/legacy/bin/bit.js:3:1)
    at Module._compile (node:internal/modules/cjs/loader:1257:14)
    at Module._extensions..js (node:internal/modules/cjs/loader:1311:10)
    at Module.load (node:internal/modules/cjs/loader:1115:32)
    at Module._load (node:internal/modules/cjs/loader:962:12)
    at Function.executeUserEntryPoint [as runMain] (node:internal/modules/run_main:83:12) {
  code: 'MODULE_NOT_FOUND',
  requireStack: [
    '/Users/nitsancohen/.bvm/versions/0.2.29/bit-0.2.29/node_modules/@teambit/legacy/bin/bit.js'
  ]
}

Node.js v20.3.1

    at checkExecSyncError (node:child_process:885:11)
    at Object.execSync (node:child_process:957:15)
    at CommandHelper.runCmd (src/e2e-helper/e2e-command-helper.ts:64:22)
    at ScopeHelper.initWorkspace (src/e2e-helper/e2e-scope-helper.ts:126:25)
    at ScopeHelper.reInitLocalScope (src/e2e-helper/e2e-scope-helper.ts:87:10)
    at ScopeHelper.setNewLocalAndRemoteScopes (src/e2e-helper/e2e-scope-helper.ts:141:10)
    at Context.<anonymous> (e2e/flows/out-of-sync-componets.e2e.3.ts:285:28)
    at processImmediate (node:internal/timers:478:21)]]></failure>
    </testcase>
  </testsuite>
  <testsuite name="permissions" timestamp="2023-08-21T21:40:26" tests="0" file="/Users/nitsancohen/coding/my-bit/bit/e2e/flows/permissions-errors.e2e.3.ts" time="0.0000" failures="0">
  </testsuite>
  <testsuite name="adding a component with sudo" timestamp="2023-08-21T21:40:26" tests="0" file="/Users/nitsancohen/coding/my-bit/bit/e2e/flows/permissions-errors.e2e.3.ts" time="0.0000" failures="0">
  </testsuite>
  <testsuite name="tagging the same component without sudo" timestamp="2023-08-21T21:40:26" tests="1" file="/Users/nitsancohen/coding/my-bit/bit/e2e/flows/permissions-errors.e2e.3.ts" time="0.0000" failures="0">
  </testsuite>
  <testsuite name="bit remote command" timestamp="2023-08-21T21:40:26" tests="0" file="/Users/nitsancohen/coding/my-bit/bit/e2e/flows/remote-commands-outside-workspace.e2e.2.ts" time="0.0000" failures="0">
  </testsuite>
  <testsuite name="exporting a component to a global remote" timestamp="2023-08-21T21:40:26" tests="4" file="/Users/nitsancohen/coding/my-bit/bit/e2e/flows/remote-commands-outside-workspace.e2e.2.ts" time="0.1190" failures="2">
    <testcase name="bit remote command exporting a component to a global remote &quot;before all&quot; hook for &quot;bit status should throw an error OutsideWorkspaceError&quot;" time="0.0600" classname="&quot;before all&quot; hook for &quot;bit status should throw an error OutsideWorkspaceError&quot;">
      <failure message="Command failed: bit init
node:internal/modules/cjs/loader:1075
  throw err;
  ^

Error: Cannot find module &apos;../node_modules/@teambit/bit/dist/app&apos;
Require stack:
- /Users/nitsancohen/.bvm/versions/0.2.29/bit-0.2.29/node_modules/@teambit/legacy/bin/bit.js
    at Module._resolveFilename (node:internal/modules/cjs/loader:1072:15)
    at Module._load (node:internal/modules/cjs/loader:925:27)
    at Module.require (node:internal/modules/cjs/loader:1139:19)
    at require (node:internal/modules/helpers:121:18)
    at Object.&lt;anonymous&gt; (/Users/nitsancohen/.bvm/versions/0.2.29/bit-0.2.29/node_modules/@teambit/legacy/bin/bit.js:3:1)
    at Module._compile (node:internal/modules/cjs/loader:1257:14)
    at Module._extensions..js (node:internal/modules/cjs/loader:1311:10)
    at Module.load (node:internal/modules/cjs/loader:1115:32)
    at Module._load (node:internal/modules/cjs/loader:962:12)
    at Function.executeUserEntryPoint [as runMain] (node:internal/modules/run_main:83:12) {
  code: &apos;MODULE_NOT_FOUND&apos;,
  requireStack: [
    &apos;/Users/nitsancohen/.bvm/versions/0.2.29/bit-0.2.29/node_modules/@teambit/legacy/bin/bit.js&apos;
  ]
}

Node.js v20.3.1
" type="Error"><![CDATA[Error: Command failed: bit init
node:internal/modules/cjs/loader:1075
  throw err;
  ^

Error: Cannot find module '../node_modules/@teambit/bit/dist/app'
Require stack:
- /Users/nitsancohen/.bvm/versions/0.2.29/bit-0.2.29/node_modules/@teambit/legacy/bin/bit.js
    at Module._resolveFilename (node:internal/modules/cjs/loader:1072:15)
    at Module._load (node:internal/modules/cjs/loader:925:27)
    at Module.require (node:internal/modules/cjs/loader:1139:19)
    at require (node:internal/modules/helpers:121:18)
    at Object.<anonymous> (/Users/nitsancohen/.bvm/versions/0.2.29/bit-0.2.29/node_modules/@teambit/legacy/bin/bit.js:3:1)
    at Module._compile (node:internal/modules/cjs/loader:1257:14)
    at Module._extensions..js (node:internal/modules/cjs/loader:1311:10)
    at Module.load (node:internal/modules/cjs/loader:1115:32)
    at Module._load (node:internal/modules/cjs/loader:962:12)
    at Function.executeUserEntryPoint [as runMain] (node:internal/modules/run_main:83:12) {
  code: 'MODULE_NOT_FOUND',
  requireStack: [
    '/Users/nitsancohen/.bvm/versions/0.2.29/bit-0.2.29/node_modules/@teambit/legacy/bin/bit.js'
  ]
}

Node.js v20.3.1

    at checkExecSyncError (node:child_process:885:11)
    at Object.execSync (node:child_process:957:15)
    at CommandHelper.runCmd (src/e2e-helper/e2e-command-helper.ts:64:22)
    at ScopeHelper.initWorkspace (src/e2e-helper/e2e-scope-helper.ts:126:25)
    at ScopeHelper.reInitLocalScope (src/e2e-helper/e2e-scope-helper.ts:87:10)
    at Context.<anonymous> (e2e/flows/remote-commands-outside-workspace.e2e.2.ts:18:26)
    at processImmediate (node:internal/timers:478:21)]]></failure>
    </testcase>
    <testcase name="bit remote command exporting a component to a global remote &quot;after all&quot; hook for &quot;bit show should show the component and not throw an error about missing workspace&quot;" time="0.0590" classname="&quot;after all&quot; hook for &quot;bit show should show the component and not throw an error about missing workspace&quot;">
      <failure message="Command failed: bit remote del fhbsvdoc-remote --global
node:internal/modules/cjs/loader:1075
  throw err;
  ^

Error: Cannot find module &apos;../node_modules/@teambit/bit/dist/app&apos;
Require stack:
- /Users/nitsancohen/.bvm/versions/0.2.29/bit-0.2.29/node_modules/@teambit/legacy/bin/bit.js
    at Module._resolveFilename (node:internal/modules/cjs/loader:1072:15)
    at Module._load (node:internal/modules/cjs/loader:925:27)
    at Module.require (node:internal/modules/cjs/loader:1139:19)
    at require (node:internal/modules/helpers:121:18)
    at Object.&lt;anonymous&gt; (/Users/nitsancohen/.bvm/versions/0.2.29/bit-0.2.29/node_modules/@teambit/legacy/bin/bit.js:3:1)
    at Module._compile (node:internal/modules/cjs/loader:1257:14)
    at Module._extensions..js (node:internal/modules/cjs/loader:1311:10)
    at Module.load (node:internal/modules/cjs/loader:1115:32)
    at Module._load (node:internal/modules/cjs/loader:962:12)
    at Function.executeUserEntryPoint [as runMain] (node:internal/modules/run_main:83:12) {
  code: &apos;MODULE_NOT_FOUND&apos;,
  requireStack: [
    &apos;/Users/nitsancohen/.bvm/versions/0.2.29/bit-0.2.29/node_modules/@teambit/legacy/bin/bit.js&apos;
  ]
}

Node.js v20.3.1
" type="Error"><![CDATA[Error: Command failed: bit remote del fhbsvdoc-remote --global
node:internal/modules/cjs/loader:1075
  throw err;
  ^

Error: Cannot find module '../node_modules/@teambit/bit/dist/app'
Require stack:
- /Users/nitsancohen/.bvm/versions/0.2.29/bit-0.2.29/node_modules/@teambit/legacy/bin/bit.js
    at Module._resolveFilename (node:internal/modules/cjs/loader:1072:15)
    at Module._load (node:internal/modules/cjs/loader:925:27)
    at Module.require (node:internal/modules/cjs/loader:1139:19)
    at require (node:internal/modules/helpers:121:18)
    at Object.<anonymous> (/Users/nitsancohen/.bvm/versions/0.2.29/bit-0.2.29/node_modules/@teambit/legacy/bin/bit.js:3:1)
    at Module._compile (node:internal/modules/cjs/loader:1257:14)
    at Module._extensions..js (node:internal/modules/cjs/loader:1311:10)
    at Module.load (node:internal/modules/cjs/loader:1115:32)
    at Module._load (node:internal/modules/cjs/loader:962:12)
    at Function.executeUserEntryPoint [as runMain] (node:internal/modules/run_main:83:12) {
  code: 'MODULE_NOT_FOUND',
  requireStack: [
    '/Users/nitsancohen/.bvm/versions/0.2.29/bit-0.2.29/node_modules/@teambit/legacy/bin/bit.js'
  ]
}

Node.js v20.3.1

    at checkExecSyncError (node:child_process:885:11)
    at Object.execSync (node:child_process:957:15)
    at CommandHelper.runCmd (src/e2e-helper/e2e-command-helper.ts:64:22)
    at Context.<anonymous> (e2e/flows/remote-commands-outside-workspace.e2e.2.ts:29:22)
    at processImmediate (node:internal/timers:478:21)]]></failure>
    </testcase>
  </testsuite>
  <testsuite name="two components with the same name but different scope-name" timestamp="2023-08-21T21:40:26" tests="0" file="/Users/nitsancohen/coding/my-bit/bit/e2e/flows/same-name-different-scopes.e2e.ts" time="0.0000" failures="0">
  </testsuite>
  <testsuite name="importing from another scope" timestamp="2023-08-21T21:40:26" tests="1" file="/Users/nitsancohen/coding/my-bit/bit/e2e/flows/same-name-different-scopes.e2e.ts" time="0.0600" failures="1">
    <testcase name="two components with the same name but different scope-name importing from another scope &quot;before all&quot; hook for &quot;bit status should show the component as new&quot;" time="0.0600" classname="&quot;before all&quot; hook for &quot;bit status should show the component as new&quot;">
      <failure message="Command failed: bit init
node:internal/modules/cjs/loader:1075
  throw err;
  ^

Error: Cannot find module &apos;../node_modules/@teambit/bit/dist/app&apos;
Require stack:
- /Users/nitsancohen/.bvm/versions/0.2.29/bit-0.2.29/node_modules/@teambit/legacy/bin/bit.js
    at Module._resolveFilename (node:internal/modules/cjs/loader:1072:15)
    at Module._load (node:internal/modules/cjs/loader:925:27)
    at Module.require (node:internal/modules/cjs/loader:1139:19)
    at require (node:internal/modules/helpers:121:18)
    at Object.&lt;anonymous&gt; (/Users/nitsancohen/.bvm/versions/0.2.29/bit-0.2.29/node_modules/@teambit/legacy/bin/bit.js:3:1)
    at Module._compile (node:internal/modules/cjs/loader:1257:14)
    at Module._extensions..js (node:internal/modules/cjs/loader:1311:10)
    at Module.load (node:internal/modules/cjs/loader:1115:32)
    at Module._load (node:internal/modules/cjs/loader:962:12)
    at Function.executeUserEntryPoint [as runMain] (node:internal/modules/run_main:83:12) {
  code: &apos;MODULE_NOT_FOUND&apos;,
  requireStack: [
    &apos;/Users/nitsancohen/.bvm/versions/0.2.29/bit-0.2.29/node_modules/@teambit/legacy/bin/bit.js&apos;
  ]
}

Node.js v20.3.1
" type="Error"><![CDATA[Error: Command failed: bit init
node:internal/modules/cjs/loader:1075
  throw err;
  ^

Error: Cannot find module '../node_modules/@teambit/bit/dist/app'
Require stack:
- /Users/nitsancohen/.bvm/versions/0.2.29/bit-0.2.29/node_modules/@teambit/legacy/bin/bit.js
    at Module._resolveFilename (node:internal/modules/cjs/loader:1072:15)
    at Module._load (node:internal/modules/cjs/loader:925:27)
    at Module.require (node:internal/modules/cjs/loader:1139:19)
    at require (node:internal/modules/helpers:121:18)
    at Object.<anonymous> (/Users/nitsancohen/.bvm/versions/0.2.29/bit-0.2.29/node_modules/@teambit/legacy/bin/bit.js:3:1)
    at Module._compile (node:internal/modules/cjs/loader:1257:14)
    at Module._extensions..js (node:internal/modules/cjs/loader:1311:10)
    at Module.load (node:internal/modules/cjs/loader:1115:32)
    at Module._load (node:internal/modules/cjs/loader:962:12)
    at Function.executeUserEntryPoint [as runMain] (node:internal/modules/run_main:83:12) {
  code: 'MODULE_NOT_FOUND',
  requireStack: [
    '/Users/nitsancohen/.bvm/versions/0.2.29/bit-0.2.29/node_modules/@teambit/legacy/bin/bit.js'
  ]
}

Node.js v20.3.1

    at checkExecSyncError (node:child_process:885:11)
    at Object.execSync (node:child_process:957:15)
    at CommandHelper.runCmd (src/e2e-helper/e2e-command-helper.ts:64:22)
    at ScopeHelper.initWorkspace (src/e2e-helper/e2e-scope-helper.ts:126:25)
    at ScopeHelper.reInitLocalScope (src/e2e-helper/e2e-scope-helper.ts:87:10)
    at ScopeHelper.setNewLocalAndRemoteScopes (src/e2e-helper/e2e-scope-helper.ts:141:10)
    at Context.<anonymous> (e2e/flows/same-name-different-scopes.e2e.ts:16:26)
    at processImmediate (node:internal/timers:478:21)]]></failure>
    </testcase>
  </testsuite>
  <testsuite name="basic flow with dependencies" timestamp="2023-08-21T21:40:26" tests="0" file="/Users/nitsancohen/coding/my-bit/bit/e2e/flows/sort-components-output.e2e.3.ts" time="0.0000" failures="0">
  </testsuite>
  <testsuite name="after adding components" timestamp="2023-08-21T21:40:26" tests="1" file="/Users/nitsancohen/coding/my-bit/bit/e2e/flows/sort-components-output.e2e.3.ts" time="0.0620" failures="1">
    <testcase name="basic flow with dependencies after adding components &quot;before all&quot; hook for &quot;bit list --scope should not show any component&quot;" time="0.0620" classname="&quot;before all&quot; hook for &quot;bit list --scope should not show any component&quot;">
      <failure message="Command failed: bit init
node:internal/modules/cjs/loader:1075
  throw err;
  ^

Error: Cannot find module &apos;../node_modules/@teambit/bit/dist/app&apos;
Require stack:
- /Users/nitsancohen/.bvm/versions/0.2.29/bit-0.2.29/node_modules/@teambit/legacy/bin/bit.js
    at Module._resolveFilename (node:internal/modules/cjs/loader:1072:15)
    at Module._load (node:internal/modules/cjs/loader:925:27)
    at Module.require (node:internal/modules/cjs/loader:1139:19)
    at require (node:internal/modules/helpers:121:18)
    at Object.&lt;anonymous&gt; (/Users/nitsancohen/.bvm/versions/0.2.29/bit-0.2.29/node_modules/@teambit/legacy/bin/bit.js:3:1)
    at Module._compile (node:internal/modules/cjs/loader:1257:14)
    at Module._extensions..js (node:internal/modules/cjs/loader:1311:10)
    at Module.load (node:internal/modules/cjs/loader:1115:32)
    at Module._load (node:internal/modules/cjs/loader:962:12)
    at Function.executeUserEntryPoint [as runMain] (node:internal/modules/run_main:83:12) {
  code: &apos;MODULE_NOT_FOUND&apos;,
  requireStack: [
    &apos;/Users/nitsancohen/.bvm/versions/0.2.29/bit-0.2.29/node_modules/@teambit/legacy/bin/bit.js&apos;
  ]
}

Node.js v20.3.1
" type="Error"><![CDATA[Error: Command failed: bit init
node:internal/modules/cjs/loader:1075
  throw err;
  ^

Error: Cannot find module '../node_modules/@teambit/bit/dist/app'
Require stack:
- /Users/nitsancohen/.bvm/versions/0.2.29/bit-0.2.29/node_modules/@teambit/legacy/bin/bit.js
    at Module._resolveFilename (node:internal/modules/cjs/loader:1072:15)
    at Module._load (node:internal/modules/cjs/loader:925:27)
    at Module.require (node:internal/modules/cjs/loader:1139:19)
    at require (node:internal/modules/helpers:121:18)
    at Object.<anonymous> (/Users/nitsancohen/.bvm/versions/0.2.29/bit-0.2.29/node_modules/@teambit/legacy/bin/bit.js:3:1)
    at Module._compile (node:internal/modules/cjs/loader:1257:14)
    at Module._extensions..js (node:internal/modules/cjs/loader:1311:10)
    at Module.load (node:internal/modules/cjs/loader:1115:32)
    at Module._load (node:internal/modules/cjs/loader:962:12)
    at Function.executeUserEntryPoint [as runMain] (node:internal/modules/run_main:83:12) {
  code: 'MODULE_NOT_FOUND',
  requireStack: [
    '/Users/nitsancohen/.bvm/versions/0.2.29/bit-0.2.29/node_modules/@teambit/legacy/bin/bit.js'
  ]
}

Node.js v20.3.1

    at checkExecSyncError (node:child_process:885:11)
    at Object.execSync (node:child_process:957:15)
    at CommandHelper.runCmd (src/e2e-helper/e2e-command-helper.ts:64:22)
    at ScopeHelper.initWorkspace (src/e2e-helper/e2e-scope-helper.ts:126:25)
    at ScopeHelper.reInitLocalScope (src/e2e-helper/e2e-scope-helper.ts:87:10)
    at ScopeHelper.setNewLocalAndRemoteScopes (src/e2e-helper/e2e-scope-helper.ts:141:10)
    at Context.<anonymous> (e2e/flows/sort-components-output.e2e.3.ts:25:26)
    at processImmediate (node:internal/timers:478:21)]]></failure>
    </testcase>
  </testsuite>
  <testsuite name="auto tagging functionality" timestamp="2023-08-21T21:40:26" tests="0" file="/Users/nitsancohen/coding/my-bit/bit/e2e/functionalities/auto-tagging.e2e.2.ts" time="0.0000" failures="0">
  </testsuite>
  <testsuite name="with dependencies of dependencies" timestamp="2023-08-21T21:40:26" tests="4" file="/Users/nitsancohen/coding/my-bit/bit/e2e/functionalities/auto-tagging.e2e.2.ts" time="0.0610" failures="1">
    <testcase name="auto tagging functionality with dependencies of dependencies &quot;before all&quot; hook for &quot;should auto tag the dependencies and the nested dependencies&quot;" time="0.0610" classname="&quot;before all&quot; hook for &quot;should auto tag the dependencies and the nested dependencies&quot;">
      <failure message="Command failed: bit init
node:internal/modules/cjs/loader:1075
  throw err;
  ^

Error: Cannot find module &apos;../node_modules/@teambit/bit/dist/app&apos;
Require stack:
- /Users/nitsancohen/.bvm/versions/0.2.29/bit-0.2.29/node_modules/@teambit/legacy/bin/bit.js
    at Module._resolveFilename (node:internal/modules/cjs/loader:1072:15)
    at Module._load (node:internal/modules/cjs/loader:925:27)
    at Module.require (node:internal/modules/cjs/loader:1139:19)
    at require (node:internal/modules/helpers:121:18)
    at Object.&lt;anonymous&gt; (/Users/nitsancohen/.bvm/versions/0.2.29/bit-0.2.29/node_modules/@teambit/legacy/bin/bit.js:3:1)
    at Module._compile (node:internal/modules/cjs/loader:1257:14)
    at Module._extensions..js (node:internal/modules/cjs/loader:1311:10)
    at Module.load (node:internal/modules/cjs/loader:1115:32)
    at Module._load (node:internal/modules/cjs/loader:962:12)
    at Function.executeUserEntryPoint [as runMain] (node:internal/modules/run_main:83:12) {
  code: &apos;MODULE_NOT_FOUND&apos;,
  requireStack: [
    &apos;/Users/nitsancohen/.bvm/versions/0.2.29/bit-0.2.29/node_modules/@teambit/legacy/bin/bit.js&apos;
  ]
}

Node.js v20.3.1
" type="Error"><![CDATA[Error: Command failed: bit init
node:internal/modules/cjs/loader:1075
  throw err;
  ^

Error: Cannot find module '../node_modules/@teambit/bit/dist/app'
Require stack:
- /Users/nitsancohen/.bvm/versions/0.2.29/bit-0.2.29/node_modules/@teambit/legacy/bin/bit.js
    at Module._resolveFilename (node:internal/modules/cjs/loader:1072:15)
    at Module._load (node:internal/modules/cjs/loader:925:27)
    at Module.require (node:internal/modules/cjs/loader:1139:19)
    at require (node:internal/modules/helpers:121:18)
    at Object.<anonymous> (/Users/nitsancohen/.bvm/versions/0.2.29/bit-0.2.29/node_modules/@teambit/legacy/bin/bit.js:3:1)
    at Module._compile (node:internal/modules/cjs/loader:1257:14)
    at Module._extensions..js (node:internal/modules/cjs/loader:1311:10)
    at Module.load (node:internal/modules/cjs/loader:1115:32)
    at Module._load (node:internal/modules/cjs/loader:962:12)
    at Function.executeUserEntryPoint [as runMain] (node:internal/modules/run_main:83:12) {
  code: 'MODULE_NOT_FOUND',
  requireStack: [
    '/Users/nitsancohen/.bvm/versions/0.2.29/bit-0.2.29/node_modules/@teambit/legacy/bin/bit.js'
  ]
}

Node.js v20.3.1

    at checkExecSyncError (node:child_process:885:11)
    at Object.execSync (node:child_process:957:15)
    at CommandHelper.runCmd (src/e2e-helper/e2e-command-helper.ts:64:22)
    at ScopeHelper.initWorkspace (src/e2e-helper/e2e-scope-helper.ts:126:25)
    at ScopeHelper.reInitLocalScope (src/e2e-helper/e2e-scope-helper.ts:87:10)
    at ScopeHelper.setNewLocalAndRemoteScopes (src/e2e-helper/e2e-scope-helper.ts:141:10)
    at Context.<anonymous> (e2e/functionalities/auto-tagging.e2e.2.ts:21:26)
    at processImmediate (node:internal/timers:478:21)]]></failure>
    </testcase>
  </testsuite>
  <testsuite name="with cyclic dependencies" timestamp="2023-08-21T21:40:26" tests="1" file="/Users/nitsancohen/coding/my-bit/bit/e2e/functionalities/auto-tagging.e2e.2.ts" time="0.0000" failures="0">
  </testsuite>
  <testsuite name="tagging the components with auto-version-bump" timestamp="2023-08-21T21:40:26" tests="3" file="/Users/nitsancohen/coding/my-bit/bit/e2e/functionalities/auto-tagging.e2e.2.ts" time="0.0000" failures="0">
  </testsuite>
  <testsuite name="tagging the components with a specific version" timestamp="2023-08-21T21:40:26" tests="3" file="/Users/nitsancohen/coding/my-bit/bit/e2e/functionalities/auto-tagging.e2e.2.ts" time="0.0000" failures="0">
  </testsuite>
  <testsuite name="exporting the component" timestamp="2023-08-21T21:40:26" tests="1" file="/Users/nitsancohen/coding/my-bit/bit/e2e/functionalities/auto-tagging.e2e.2.ts" time="0.0000" failures="0">
  </testsuite>
  <testsuite name="with same component as direct and indirect dependent (A in: A =&gt; B =&gt; C, A =&gt; C)" timestamp="2023-08-21T21:40:26" tests="1" file="/Users/nitsancohen/coding/my-bit/bit/e2e/functionalities/auto-tagging.e2e.2.ts" time="0.0590" failures="1">
    <testcase name="auto tagging functionality with same component as direct and indirect dependent (A in: A =&gt; B =&gt; C, A =&gt; C) &quot;before all&quot; hook for &quot;bit-status should show the auto-tagged pending&quot;" time="0.0590" classname="&quot;before all&quot; hook for &quot;bit-status should show the auto-tagged pending&quot;">
      <failure message="Command failed: bit init
node:internal/modules/cjs/loader:1075
  throw err;
  ^

Error: Cannot find module &apos;../node_modules/@teambit/bit/dist/app&apos;
Require stack:
- /Users/nitsancohen/.bvm/versions/0.2.29/bit-0.2.29/node_modules/@teambit/legacy/bin/bit.js
    at Module._resolveFilename (node:internal/modules/cjs/loader:1072:15)
    at Module._load (node:internal/modules/cjs/loader:925:27)
    at Module.require (node:internal/modules/cjs/loader:1139:19)
    at require (node:internal/modules/helpers:121:18)
    at Object.&lt;anonymous&gt; (/Users/nitsancohen/.bvm/versions/0.2.29/bit-0.2.29/node_modules/@teambit/legacy/bin/bit.js:3:1)
    at Module._compile (node:internal/modules/cjs/loader:1257:14)
    at Module._extensions..js (node:internal/modules/cjs/loader:1311:10)
    at Module.load (node:internal/modules/cjs/loader:1115:32)
    at Module._load (node:internal/modules/cjs/loader:962:12)
    at Function.executeUserEntryPoint [as runMain] (node:internal/modules/run_main:83:12) {
  code: &apos;MODULE_NOT_FOUND&apos;,
  requireStack: [
    &apos;/Users/nitsancohen/.bvm/versions/0.2.29/bit-0.2.29/node_modules/@teambit/legacy/bin/bit.js&apos;
  ]
}

Node.js v20.3.1
" type="Error"><![CDATA[Error: Command failed: bit init
node:internal/modules/cjs/loader:1075
  throw err;
  ^

Error: Cannot find module '../node_modules/@teambit/bit/dist/app'
Require stack:
- /Users/nitsancohen/.bvm/versions/0.2.29/bit-0.2.29/node_modules/@teambit/legacy/bin/bit.js
    at Module._resolveFilename (node:internal/modules/cjs/loader:1072:15)
    at Module._load (node:internal/modules/cjs/loader:925:27)
    at Module.require (node:internal/modules/cjs/loader:1139:19)
    at require (node:internal/modules/helpers:121:18)
    at Object.<anonymous> (/Users/nitsancohen/.bvm/versions/0.2.29/bit-0.2.29/node_modules/@teambit/legacy/bin/bit.js:3:1)
    at Module._compile (node:internal/modules/cjs/loader:1257:14)
    at Module._extensions..js (node:internal/modules/cjs/loader:1311:10)
    at Module.load (node:internal/modules/cjs/loader:1115:32)
    at Module._load (node:internal/modules/cjs/loader:962:12)
    at Function.executeUserEntryPoint [as runMain] (node:internal/modules/run_main:83:12) {
  code: 'MODULE_NOT_FOUND',
  requireStack: [
    '/Users/nitsancohen/.bvm/versions/0.2.29/bit-0.2.29/node_modules/@teambit/legacy/bin/bit.js'
  ]
}

Node.js v20.3.1

    at checkExecSyncError (node:child_process:885:11)
    at Object.execSync (node:child_process:957:15)
    at CommandHelper.runCmd (src/e2e-helper/e2e-command-helper.ts:64:22)
    at ScopeHelper.initWorkspace (src/e2e-helper/e2e-scope-helper.ts:126:25)
    at ScopeHelper.reInitLocalScope (src/e2e-helper/e2e-scope-helper.ts:87:10)
    at ScopeHelper.setNewLocalAndRemoteScopes (src/e2e-helper/e2e-scope-helper.ts:141:10)
    at Context.<anonymous> (e2e/functionalities/auto-tagging.e2e.2.ts:203:26)
    at processImmediate (node:internal/timers:478:21)]]></failure>
    </testcase>
  </testsuite>
  <testsuite name="binary files" timestamp="2023-08-21T21:40:26" tests="0" file="/Users/nitsancohen/coding/my-bit/bit/e2e/functionalities/binary-files.e2e.2.ts" time="0.0000" failures="0">
  </testsuite>
  <testsuite name="exporting a PNG file in addition to a .js file" timestamp="2023-08-21T21:40:26" tests="1" file="/Users/nitsancohen/coding/my-bit/bit/e2e/functionalities/binary-files.e2e.2.ts" time="0.0600" failures="1">
    <testcase name="binary files exporting a PNG file in addition to a .js file &quot;before all&quot; hook for &quot;should export it with no errors&quot;" time="0.0600" classname="&quot;before all&quot; hook for &quot;should export it with no errors&quot;">
      <failure message="Command failed: bit init
node:internal/modules/cjs/loader:1075
  throw err;
  ^

Error: Cannot find module &apos;../node_modules/@teambit/bit/dist/app&apos;
Require stack:
- /Users/nitsancohen/.bvm/versions/0.2.29/bit-0.2.29/node_modules/@teambit/legacy/bin/bit.js
    at Module._resolveFilename (node:internal/modules/cjs/loader:1072:15)
    at Module._load (node:internal/modules/cjs/loader:925:27)
    at Module.require (node:internal/modules/cjs/loader:1139:19)
    at require (node:internal/modules/helpers:121:18)
    at Object.&lt;anonymous&gt; (/Users/nitsancohen/.bvm/versions/0.2.29/bit-0.2.29/node_modules/@teambit/legacy/bin/bit.js:3:1)
    at Module._compile (node:internal/modules/cjs/loader:1257:14)
    at Module._extensions..js (node:internal/modules/cjs/loader:1311:10)
    at Module.load (node:internal/modules/cjs/loader:1115:32)
    at Module._load (node:internal/modules/cjs/loader:962:12)
    at Function.executeUserEntryPoint [as runMain] (node:internal/modules/run_main:83:12) {
  code: &apos;MODULE_NOT_FOUND&apos;,
  requireStack: [
    &apos;/Users/nitsancohen/.bvm/versions/0.2.29/bit-0.2.29/node_modules/@teambit/legacy/bin/bit.js&apos;
  ]
}

Node.js v20.3.1
" type="Error"><![CDATA[Error: Command failed: bit init
node:internal/modules/cjs/loader:1075
  throw err;
  ^

Error: Cannot find module '../node_modules/@teambit/bit/dist/app'
Require stack:
- /Users/nitsancohen/.bvm/versions/0.2.29/bit-0.2.29/node_modules/@teambit/legacy/bin/bit.js
    at Module._resolveFilename (node:internal/modules/cjs/loader:1072:15)
    at Module._load (node:internal/modules/cjs/loader:925:27)
    at Module.require (node:internal/modules/cjs/loader:1139:19)
    at require (node:internal/modules/helpers:121:18)
    at Object.<anonymous> (/Users/nitsancohen/.bvm/versions/0.2.29/bit-0.2.29/node_modules/@teambit/legacy/bin/bit.js:3:1)
    at Module._compile (node:internal/modules/cjs/loader:1257:14)
    at Module._extensions..js (node:internal/modules/cjs/loader:1311:10)
    at Module.load (node:internal/modules/cjs/loader:1115:32)
    at Module._load (node:internal/modules/cjs/loader:962:12)
    at Function.executeUserEntryPoint [as runMain] (node:internal/modules/run_main:83:12) {
  code: 'MODULE_NOT_FOUND',
  requireStack: [
    '/Users/nitsancohen/.bvm/versions/0.2.29/bit-0.2.29/node_modules/@teambit/legacy/bin/bit.js'
  ]
}

Node.js v20.3.1

    at checkExecSyncError (node:child_process:885:11)
    at Object.execSync (node:child_process:957:15)
    at CommandHelper.runCmd (src/e2e-helper/e2e-command-helper.ts:64:22)
    at ScopeHelper.initWorkspace (src/e2e-helper/e2e-scope-helper.ts:126:25)
    at ScopeHelper.reInitLocalScope (src/e2e-helper/e2e-scope-helper.ts:87:10)
    at ScopeHelper.setNewLocalAndRemoteScopes (src/e2e-helper/e2e-scope-helper.ts:141:10)
    at Context.<anonymous> (e2e/functionalities/binary-files.e2e.2.ts:21:26)
    at processImmediate (node:internal/timers:478:21)]]></failure>
    </testcase>
  </testsuite>
  <testsuite name="exporting a PNG file as the only file" timestamp="2023-08-21T21:40:26" tests="2" file="/Users/nitsancohen/coding/my-bit/bit/e2e/functionalities/binary-files.e2e.2.ts" time="0.0590" failures="1">
    <testcase name="binary files exporting a PNG file as the only file &quot;before all&quot; hook for &quot;should export it with no errors&quot;" time="0.0590" classname="&quot;before all&quot; hook for &quot;should export it with no errors&quot;">
      <failure message="Command failed: bit init
node:internal/modules/cjs/loader:1075
  throw err;
  ^

Error: Cannot find module &apos;../node_modules/@teambit/bit/dist/app&apos;
Require stack:
- /Users/nitsancohen/.bvm/versions/0.2.29/bit-0.2.29/node_modules/@teambit/legacy/bin/bit.js
    at Module._resolveFilename (node:internal/modules/cjs/loader:1072:15)
    at Module._load (node:internal/modules/cjs/loader:925:27)
    at Module.require (node:internal/modules/cjs/loader:1139:19)
    at require (node:internal/modules/helpers:121:18)
    at Object.&lt;anonymous&gt; (/Users/nitsancohen/.bvm/versions/0.2.29/bit-0.2.29/node_modules/@teambit/legacy/bin/bit.js:3:1)
    at Module._compile (node:internal/modules/cjs/loader:1257:14)
    at Module._extensions..js (node:internal/modules/cjs/loader:1311:10)
    at Module.load (node:internal/modules/cjs/loader:1115:32)
    at Module._load (node:internal/modules/cjs/loader:962:12)
    at Function.executeUserEntryPoint [as runMain] (node:internal/modules/run_main:83:12) {
  code: &apos;MODULE_NOT_FOUND&apos;,
  requireStack: [
    &apos;/Users/nitsancohen/.bvm/versions/0.2.29/bit-0.2.29/node_modules/@teambit/legacy/bin/bit.js&apos;
  ]
}

Node.js v20.3.1
" type="Error"><![CDATA[Error: Command failed: bit init
node:internal/modules/cjs/loader:1075
  throw err;
  ^

Error: Cannot find module '../node_modules/@teambit/bit/dist/app'
Require stack:
- /Users/nitsancohen/.bvm/versions/0.2.29/bit-0.2.29/node_modules/@teambit/legacy/bin/bit.js
    at Module._resolveFilename (node:internal/modules/cjs/loader:1072:15)
    at Module._load (node:internal/modules/cjs/loader:925:27)
    at Module.require (node:internal/modules/cjs/loader:1139:19)
    at require (node:internal/modules/helpers:121:18)
    at Object.<anonymous> (/Users/nitsancohen/.bvm/versions/0.2.29/bit-0.2.29/node_modules/@teambit/legacy/bin/bit.js:3:1)
    at Module._compile (node:internal/modules/cjs/loader:1257:14)
    at Module._extensions..js (node:internal/modules/cjs/loader:1311:10)
    at Module.load (node:internal/modules/cjs/loader:1115:32)
    at Module._load (node:internal/modules/cjs/loader:962:12)
    at Function.executeUserEntryPoint [as runMain] (node:internal/modules/run_main:83:12) {
  code: 'MODULE_NOT_FOUND',
  requireStack: [
    '/Users/nitsancohen/.bvm/versions/0.2.29/bit-0.2.29/node_modules/@teambit/legacy/bin/bit.js'
  ]
}

Node.js v20.3.1

    at checkExecSyncError (node:child_process:885:11)
    at Object.execSync (node:child_process:957:15)
    at CommandHelper.runCmd (src/e2e-helper/e2e-command-helper.ts:64:22)
    at ScopeHelper.initWorkspace (src/e2e-helper/e2e-scope-helper.ts:126:25)
    at ScopeHelper.reInitLocalScope (src/e2e-helper/e2e-scope-helper.ts:87:10)
    at ScopeHelper.setNewLocalAndRemoteScopes (src/e2e-helper/e2e-scope-helper.ts:141:10)
    at Context.<anonymous> (e2e/functionalities/binary-files.e2e.2.ts:54:26)
    at processImmediate (node:internal/timers:478:21)]]></failure>
    </testcase>
  </testsuite>
  <testsuite name="scope components index mechanism" timestamp="2023-08-21T21:40:26" tests="0" file="/Users/nitsancohen/coding/my-bit/bit/e2e/functionalities/components-index.e2e.2.ts" time="0.0000" failures="0">
  </testsuite>
  <testsuite name="after tagging a component" timestamp="2023-08-21T21:40:26" tests="1" file="/Users/nitsancohen/coding/my-bit/bit/e2e/functionalities/components-index.e2e.2.ts" time="0.0590" failures="1">
    <testcase name="scope components index mechanism after tagging a component &quot;before all&quot; hook for &quot;should save the component in the index.json file&quot;" time="0.0590" classname="&quot;before all&quot; hook for &quot;should save the component in the index.json file&quot;">
      <failure message="Command failed: bit init
node:internal/modules/cjs/loader:1075
  throw err;
  ^

Error: Cannot find module &apos;../node_modules/@teambit/bit/dist/app&apos;
Require stack:
- /Users/nitsancohen/.bvm/versions/0.2.29/bit-0.2.29/node_modules/@teambit/legacy/bin/bit.js
    at Module._resolveFilename (node:internal/modules/cjs/loader:1072:15)
    at Module._load (node:internal/modules/cjs/loader:925:27)
    at Module.require (node:internal/modules/cjs/loader:1139:19)
    at require (node:internal/modules/helpers:121:18)
    at Object.&lt;anonymous&gt; (/Users/nitsancohen/.bvm/versions/0.2.29/bit-0.2.29/node_modules/@teambit/legacy/bin/bit.js:3:1)
    at Module._compile (node:internal/modules/cjs/loader:1257:14)
    at Module._extensions..js (node:internal/modules/cjs/loader:1311:10)
    at Module.load (node:internal/modules/cjs/loader:1115:32)
    at Module._load (node:internal/modules/cjs/loader:962:12)
    at Function.executeUserEntryPoint [as runMain] (node:internal/modules/run_main:83:12) {
  code: &apos;MODULE_NOT_FOUND&apos;,
  requireStack: [
    &apos;/Users/nitsancohen/.bvm/versions/0.2.29/bit-0.2.29/node_modules/@teambit/legacy/bin/bit.js&apos;
  ]
}

Node.js v20.3.1
" type="Error"><![CDATA[Error: Command failed: bit init
node:internal/modules/cjs/loader:1075
  throw err;
  ^

Error: Cannot find module '../node_modules/@teambit/bit/dist/app'
Require stack:
- /Users/nitsancohen/.bvm/versions/0.2.29/bit-0.2.29/node_modules/@teambit/legacy/bin/bit.js
    at Module._resolveFilename (node:internal/modules/cjs/loader:1072:15)
    at Module._load (node:internal/modules/cjs/loader:925:27)
    at Module.require (node:internal/modules/cjs/loader:1139:19)
    at require (node:internal/modules/helpers:121:18)
    at Object.<anonymous> (/Users/nitsancohen/.bvm/versions/0.2.29/bit-0.2.29/node_modules/@teambit/legacy/bin/bit.js:3:1)
    at Module._compile (node:internal/modules/cjs/loader:1257:14)
    at Module._extensions..js (node:internal/modules/cjs/loader:1311:10)
    at Module.load (node:internal/modules/cjs/loader:1115:32)
    at Module._load (node:internal/modules/cjs/loader:962:12)
    at Function.executeUserEntryPoint [as runMain] (node:internal/modules/run_main:83:12) {
  code: 'MODULE_NOT_FOUND',
  requireStack: [
    '/Users/nitsancohen/.bvm/versions/0.2.29/bit-0.2.29/node_modules/@teambit/legacy/bin/bit.js'
  ]
}

Node.js v20.3.1

    at checkExecSyncError (node:child_process:885:11)
    at Object.execSync (node:child_process:957:15)
    at CommandHelper.runCmd (src/e2e-helper/e2e-command-helper.ts:64:22)
    at ScopeHelper.initWorkspace (src/e2e-helper/e2e-scope-helper.ts:126:25)
    at ScopeHelper.reInitLocalScope (src/e2e-helper/e2e-scope-helper.ts:87:10)
    at ScopeHelper.setNewLocalAndRemoteScopes (src/e2e-helper/e2e-scope-helper.ts:141:10)
    at Context.<anonymous> (e2e/functionalities/components-index.e2e.2.ts:19:26)
    at processImmediate (node:internal/timers:478:21)]]></failure>
    </testcase>
  </testsuite>
  <testsuite name="changing the index.json file manually to be empty" timestamp="2023-08-21T21:40:26" tests="2" file="/Users/nitsancohen/coding/my-bit/bit/e2e/functionalities/components-index.e2e.2.ts" time="0.0590" failures="1">
    <testcase name="scope components index mechanism changing the index.json file manually to be empty &quot;before all&quot; hook for &quot;bit list should show zero results as it uses the index.json file&quot;" time="0.0590" classname="&quot;before all&quot; hook for &quot;bit list should show zero results as it uses the index.json file&quot;">
      <failure message="Command failed: bit init
node:internal/modules/cjs/loader:1075
  throw err;
  ^

Error: Cannot find module &apos;../node_modules/@teambit/bit/dist/app&apos;
Require stack:
- /Users/nitsancohen/.bvm/versions/0.2.29/bit-0.2.29/node_modules/@teambit/legacy/bin/bit.js
    at Module._resolveFilename (node:internal/modules/cjs/loader:1072:15)
    at Module._load (node:internal/modules/cjs/loader:925:27)
    at Module.require (node:internal/modules/cjs/loader:1139:19)
    at require (node:internal/modules/helpers:121:18)
    at Object.&lt;anonymous&gt; (/Users/nitsancohen/.bvm/versions/0.2.29/bit-0.2.29/node_modules/@teambit/legacy/bin/bit.js:3:1)
    at Module._compile (node:internal/modules/cjs/loader:1257:14)
    at Module._extensions..js (node:internal/modules/cjs/loader:1311:10)
    at Module.load (node:internal/modules/cjs/loader:1115:32)
    at Module._load (node:internal/modules/cjs/loader:962:12)
    at Function.executeUserEntryPoint [as runMain] (node:internal/modules/run_main:83:12) {
  code: &apos;MODULE_NOT_FOUND&apos;,
  requireStack: [
    &apos;/Users/nitsancohen/.bvm/versions/0.2.29/bit-0.2.29/node_modules/@teambit/legacy/bin/bit.js&apos;
  ]
}

Node.js v20.3.1
" type="Error"><![CDATA[Error: Command failed: bit init
node:internal/modules/cjs/loader:1075
  throw err;
  ^

Error: Cannot find module '../node_modules/@teambit/bit/dist/app'
Require stack:
- /Users/nitsancohen/.bvm/versions/0.2.29/bit-0.2.29/node_modules/@teambit/legacy/bin/bit.js
    at Module._resolveFilename (node:internal/modules/cjs/loader:1072:15)
    at Module._load (node:internal/modules/cjs/loader:925:27)
    at Module.require (node:internal/modules/cjs/loader:1139:19)
    at require (node:internal/modules/helpers:121:18)
    at Object.<anonymous> (/Users/nitsancohen/.bvm/versions/0.2.29/bit-0.2.29/node_modules/@teambit/legacy/bin/bit.js:3:1)
    at Module._compile (node:internal/modules/cjs/loader:1257:14)
    at Module._extensions..js (node:internal/modules/cjs/loader:1311:10)
    at Module.load (node:internal/modules/cjs/loader:1115:32)
    at Module._load (node:internal/modules/cjs/loader:962:12)
    at Function.executeUserEntryPoint [as runMain] (node:internal/modules/run_main:83:12) {
  code: 'MODULE_NOT_FOUND',
  requireStack: [
    '/Users/nitsancohen/.bvm/versions/0.2.29/bit-0.2.29/node_modules/@teambit/legacy/bin/bit.js'
  ]
}

Node.js v20.3.1

    at checkExecSyncError (node:child_process:885:11)
    at Object.execSync (node:child_process:957:15)
    at CommandHelper.runCmd (src/e2e-helper/e2e-command-helper.ts:64:22)
    at ScopeHelper.initWorkspace (src/e2e-helper/e2e-scope-helper.ts:126:25)
    at ScopeHelper.reInitLocalScope (src/e2e-helper/e2e-scope-helper.ts:87:10)
    at Context.<anonymous> (e2e/functionalities/components-index.e2e.2.ts:96:26)
    at processImmediate (node:internal/timers:478:21)]]></failure>
    </testcase>
  </testsuite>
  <testsuite name="outdated / out-of-sync index.json" timestamp="2023-08-21T21:40:26" tests="0" file="/Users/nitsancohen/coding/my-bit/bit/e2e/functionalities/components-index.e2e.2.ts" time="0.0000" failures="0">
  </testsuite>
  <testsuite name="adding a non-exist component to index.json" timestamp="2023-08-21T21:40:26" tests="1" file="/Users/nitsancohen/coding/my-bit/bit/e2e/functionalities/components-index.e2e.2.ts" time="0.0590" failures="1">
    <testcase name="scope components index mechanism outdated / out-of-sync index.json adding a non-exist component to index.json &quot;before all&quot; hook for &quot;bit status should throw an error for the first time and then should work on the second run&quot;" time="0.0590" classname="&quot;before all&quot; hook for &quot;bit status should throw an error for the first time and then should work on the second run&quot;">
      <failure message="Command failed: bit init
node:internal/modules/cjs/loader:1075
  throw err;
  ^

Error: Cannot find module &apos;../node_modules/@teambit/bit/dist/app&apos;
Require stack:
- /Users/nitsancohen/.bvm/versions/0.2.29/bit-0.2.29/node_modules/@teambit/legacy/bin/bit.js
    at Module._resolveFilename (node:internal/modules/cjs/loader:1072:15)
    at Module._load (node:internal/modules/cjs/loader:925:27)
    at Module.require (node:internal/modules/cjs/loader:1139:19)
    at require (node:internal/modules/helpers:121:18)
    at Object.&lt;anonymous&gt; (/Users/nitsancohen/.bvm/versions/0.2.29/bit-0.2.29/node_modules/@teambit/legacy/bin/bit.js:3:1)
    at Module._compile (node:internal/modules/cjs/loader:1257:14)
    at Module._extensions..js (node:internal/modules/cjs/loader:1311:10)
    at Module.load (node:internal/modules/cjs/loader:1115:32)
    at Module._load (node:internal/modules/cjs/loader:962:12)
    at Function.executeUserEntryPoint [as runMain] (node:internal/modules/run_main:83:12) {
  code: &apos;MODULE_NOT_FOUND&apos;,
  requireStack: [
    &apos;/Users/nitsancohen/.bvm/versions/0.2.29/bit-0.2.29/node_modules/@teambit/legacy/bin/bit.js&apos;
  ]
}

Node.js v20.3.1
" type="Error"><![CDATA[Error: Command failed: bit init
node:internal/modules/cjs/loader:1075
  throw err;
  ^

Error: Cannot find module '../node_modules/@teambit/bit/dist/app'
Require stack:
- /Users/nitsancohen/.bvm/versions/0.2.29/bit-0.2.29/node_modules/@teambit/legacy/bin/bit.js
    at Module._resolveFilename (node:internal/modules/cjs/loader:1072:15)
    at Module._load (node:internal/modules/cjs/loader:925:27)
    at Module.require (node:internal/modules/cjs/loader:1139:19)
    at require (node:internal/modules/helpers:121:18)
    at Object.<anonymous> (/Users/nitsancohen/.bvm/versions/0.2.29/bit-0.2.29/node_modules/@teambit/legacy/bin/bit.js:3:1)
    at Module._compile (node:internal/modules/cjs/loader:1257:14)
    at Module._extensions..js (node:internal/modules/cjs/loader:1311:10)
    at Module.load (node:internal/modules/cjs/loader:1115:32)
    at Module._load (node:internal/modules/cjs/loader:962:12)
    at Function.executeUserEntryPoint [as runMain] (node:internal/modules/run_main:83:12) {
  code: 'MODULE_NOT_FOUND',
  requireStack: [
    '/Users/nitsancohen/.bvm/versions/0.2.29/bit-0.2.29/node_modules/@teambit/legacy/bin/bit.js'
  ]
}

Node.js v20.3.1

    at checkExecSyncError (node:child_process:885:11)
    at Object.execSync (node:child_process:957:15)
    at CommandHelper.runCmd (src/e2e-helper/e2e-command-helper.ts:64:22)
    at ScopeHelper.initWorkspace (src/e2e-helper/e2e-scope-helper.ts:126:25)
    at ScopeHelper.reInitLocalScope (src/e2e-helper/e2e-scope-helper.ts:87:10)
    at Context.<anonymous> (e2e/functionalities/components-index.e2e.2.ts:132:28)
    at processImmediate (node:internal/timers:478:21)]]></failure>
    </testcase>
  </testsuite>
  <testsuite name="dev-dependencies functionality" timestamp="2023-08-21T21:40:26" tests="0" file="/Users/nitsancohen/coding/my-bit/bit/e2e/functionalities/dev-dependencies.e2e.2.ts" time="0.0000" failures="0">
  </testsuite>
  <testsuite name="environment with compiler and tester" timestamp="2023-08-21T21:40:26" tests="0" file="/Users/nitsancohen/coding/my-bit/bit/e2e/functionalities/dev-dependencies.e2e.2.ts" time="0.0000" failures="0">
  </testsuite>
  <testsuite name="with dev-dependencies same as dependencies" timestamp="2023-08-21T21:40:26" tests="5" file="/Users/nitsancohen/coding/my-bit/bit/e2e/functionalities/dev-dependencies.e2e.2.ts" time="0.0590" failures="1">
    <testcase name="dev-dependencies functionality environment with compiler and tester with dev-dependencies same as dependencies &quot;before all&quot; hook for &quot;should not save the dev-dependencies because they are the same as dependencies&quot;" time="0.0590" classname="&quot;before all&quot; hook for &quot;should not save the dev-dependencies because they are the same as dependencies&quot;">
      <failure message="Command failed: bit init
node:internal/modules/cjs/loader:1075
  throw err;
  ^

Error: Cannot find module &apos;../node_modules/@teambit/bit/dist/app&apos;
Require stack:
- /Users/nitsancohen/.bvm/versions/0.2.29/bit-0.2.29/node_modules/@teambit/legacy/bin/bit.js
    at Module._resolveFilename (node:internal/modules/cjs/loader:1072:15)
    at Module._load (node:internal/modules/cjs/loader:925:27)
    at Module.require (node:internal/modules/cjs/loader:1139:19)
    at require (node:internal/modules/helpers:121:18)
    at Object.&lt;anonymous&gt; (/Users/nitsancohen/.bvm/versions/0.2.29/bit-0.2.29/node_modules/@teambit/legacy/bin/bit.js:3:1)
    at Module._compile (node:internal/modules/cjs/loader:1257:14)
    at Module._extensions..js (node:internal/modules/cjs/loader:1311:10)
    at Module.load (node:internal/modules/cjs/loader:1115:32)
    at Module._load (node:internal/modules/cjs/loader:962:12)
    at Function.executeUserEntryPoint [as runMain] (node:internal/modules/run_main:83:12) {
  code: &apos;MODULE_NOT_FOUND&apos;,
  requireStack: [
    &apos;/Users/nitsancohen/.bvm/versions/0.2.29/bit-0.2.29/node_modules/@teambit/legacy/bin/bit.js&apos;
  ]
}

Node.js v20.3.1
" type="Error"><![CDATA[Error: Command failed: bit init
node:internal/modules/cjs/loader:1075
  throw err;
  ^

Error: Cannot find module '../node_modules/@teambit/bit/dist/app'
Require stack:
- /Users/nitsancohen/.bvm/versions/0.2.29/bit-0.2.29/node_modules/@teambit/legacy/bin/bit.js
    at Module._resolveFilename (node:internal/modules/cjs/loader:1072:15)
    at Module._load (node:internal/modules/cjs/loader:925:27)
    at Module.require (node:internal/modules/cjs/loader:1139:19)
    at require (node:internal/modules/helpers:121:18)
    at Object.<anonymous> (/Users/nitsancohen/.bvm/versions/0.2.29/bit-0.2.29/node_modules/@teambit/legacy/bin/bit.js:3:1)
    at Module._compile (node:internal/modules/cjs/loader:1257:14)
    at Module._extensions..js (node:internal/modules/cjs/loader:1311:10)
    at Module.load (node:internal/modules/cjs/loader:1115:32)
    at Module._load (node:internal/modules/cjs/loader:962:12)
    at Function.executeUserEntryPoint [as runMain] (node:internal/modules/run_main:83:12) {
  code: 'MODULE_NOT_FOUND',
  requireStack: [
    '/Users/nitsancohen/.bvm/versions/0.2.29/bit-0.2.29/node_modules/@teambit/legacy/bin/bit.js'
  ]
}

Node.js v20.3.1

    at checkExecSyncError (node:child_process:885:11)
    at Object.execSync (node:child_process:957:15)
    at CommandHelper.runCmd (src/e2e-helper/e2e-command-helper.ts:64:22)
    at ScopeHelper.initWorkspace (src/e2e-helper/e2e-scope-helper.ts:126:25)
    at ScopeHelper.reInitLocalScope (src/e2e-helper/e2e-scope-helper.ts:87:10)
    at ScopeHelper.setNewLocalAndRemoteScopes (src/e2e-helper/e2e-scope-helper.ts:141:10)
    at Context.<anonymous> (e2e/functionalities/dev-dependencies.e2e.2.ts:20:28)
    at processImmediate (node:internal/timers:478:21)]]></failure>
    </testcase>
  </testsuite>
  <testsuite name="without dependencies and with dev-dependencies" timestamp="2023-08-21T21:40:26" tests="7" file="/Users/nitsancohen/coding/my-bit/bit/e2e/functionalities/dev-dependencies.e2e.2.ts" time="0.0590" failures="1">
    <testcase name="dev-dependencies functionality environment with compiler and tester without dependencies and with dev-dependencies &quot;before all&quot; hook for &quot;should save the dev-dependencies&quot;" time="0.0590" classname="&quot;before all&quot; hook for &quot;should save the dev-dependencies&quot;">
      <failure message="Command failed: bit init
node:internal/modules/cjs/loader:1075
  throw err;
  ^

Error: Cannot find module &apos;../node_modules/@teambit/bit/dist/app&apos;
Require stack:
- /Users/nitsancohen/.bvm/versions/0.2.29/bit-0.2.29/node_modules/@teambit/legacy/bin/bit.js
    at Module._resolveFilename (node:internal/modules/cjs/loader:1072:15)
    at Module._load (node:internal/modules/cjs/loader:925:27)
    at Module.require (node:internal/modules/cjs/loader:1139:19)
    at require (node:internal/modules/helpers:121:18)
    at Object.&lt;anonymous&gt; (/Users/nitsancohen/.bvm/versions/0.2.29/bit-0.2.29/node_modules/@teambit/legacy/bin/bit.js:3:1)
    at Module._compile (node:internal/modules/cjs/loader:1257:14)
    at Module._extensions..js (node:internal/modules/cjs/loader:1311:10)
    at Module.load (node:internal/modules/cjs/loader:1115:32)
    at Module._load (node:internal/modules/cjs/loader:962:12)
    at Function.executeUserEntryPoint [as runMain] (node:internal/modules/run_main:83:12) {
  code: &apos;MODULE_NOT_FOUND&apos;,
  requireStack: [
    &apos;/Users/nitsancohen/.bvm/versions/0.2.29/bit-0.2.29/node_modules/@teambit/legacy/bin/bit.js&apos;
  ]
}

Node.js v20.3.1
" type="Error"><![CDATA[Error: Command failed: bit init
node:internal/modules/cjs/loader:1075
  throw err;
  ^

Error: Cannot find module '../node_modules/@teambit/bit/dist/app'
Require stack:
- /Users/nitsancohen/.bvm/versions/0.2.29/bit-0.2.29/node_modules/@teambit/legacy/bin/bit.js
    at Module._resolveFilename (node:internal/modules/cjs/loader:1072:15)
    at Module._load (node:internal/modules/cjs/loader:925:27)
    at Module.require (node:internal/modules/cjs/loader:1139:19)
    at require (node:internal/modules/helpers:121:18)
    at Object.<anonymous> (/Users/nitsancohen/.bvm/versions/0.2.29/bit-0.2.29/node_modules/@teambit/legacy/bin/bit.js:3:1)
    at Module._compile (node:internal/modules/cjs/loader:1257:14)
    at Module._extensions..js (node:internal/modules/cjs/loader:1311:10)
    at Module.load (node:internal/modules/cjs/loader:1115:32)
    at Module._load (node:internal/modules/cjs/loader:962:12)
    at Function.executeUserEntryPoint [as runMain] (node:internal/modules/run_main:83:12) {
  code: 'MODULE_NOT_FOUND',
  requireStack: [
    '/Users/nitsancohen/.bvm/versions/0.2.29/bit-0.2.29/node_modules/@teambit/legacy/bin/bit.js'
  ]
}

Node.js v20.3.1

    at checkExecSyncError (node:child_process:885:11)
    at Object.execSync (node:child_process:957:15)
    at CommandHelper.runCmd (src/e2e-helper/e2e-command-helper.ts:64:22)
    at ScopeHelper.initWorkspace (src/e2e-helper/e2e-scope-helper.ts:126:25)
    at ScopeHelper.reInitLocalScope (src/e2e-helper/e2e-scope-helper.ts:87:10)
    at ScopeHelper.setNewLocalAndRemoteScopes (src/e2e-helper/e2e-scope-helper.ts:141:10)
    at Context.<anonymous> (e2e/functionalities/dev-dependencies.e2e.2.ts:50:28)
    at processImmediate (node:internal/timers:478:21)]]></failure>
    </testcase>
  </testsuite>
  <testsuite name="dev-dependency of a nested component that originated from a prod dep" timestamp="2023-08-21T21:40:27" tests="3" file="/Users/nitsancohen/coding/my-bit/bit/e2e/functionalities/dev-dependencies.e2e.2.ts" time="0.0590" failures="1">
    <testcase name="dev-dependencies functionality dev-dependency of a nested component that originated from a prod dep &quot;before all&quot; hook for &quot;should be able to import with no errors&quot;" time="0.0590" classname="&quot;before all&quot; hook for &quot;should be able to import with no errors&quot;">
      <failure message="Command failed: bit init
node:internal/modules/cjs/loader:1075
  throw err;
  ^

Error: Cannot find module &apos;../node_modules/@teambit/bit/dist/app&apos;
Require stack:
- /Users/nitsancohen/.bvm/versions/0.2.29/bit-0.2.29/node_modules/@teambit/legacy/bin/bit.js
    at Module._resolveFilename (node:internal/modules/cjs/loader:1072:15)
    at Module._load (node:internal/modules/cjs/loader:925:27)
    at Module.require (node:internal/modules/cjs/loader:1139:19)
    at require (node:internal/modules/helpers:121:18)
    at Object.&lt;anonymous&gt; (/Users/nitsancohen/.bvm/versions/0.2.29/bit-0.2.29/node_modules/@teambit/legacy/bin/bit.js:3:1)
    at Module._compile (node:internal/modules/cjs/loader:1257:14)
    at Module._extensions..js (node:internal/modules/cjs/loader:1311:10)
    at Module.load (node:internal/modules/cjs/loader:1115:32)
    at Module._load (node:internal/modules/cjs/loader:962:12)
    at Function.executeUserEntryPoint [as runMain] (node:internal/modules/run_main:83:12) {
  code: &apos;MODULE_NOT_FOUND&apos;,
  requireStack: [
    &apos;/Users/nitsancohen/.bvm/versions/0.2.29/bit-0.2.29/node_modules/@teambit/legacy/bin/bit.js&apos;
  ]
}

Node.js v20.3.1
" type="Error"><![CDATA[Error: Command failed: bit init
node:internal/modules/cjs/loader:1075
  throw err;
  ^

Error: Cannot find module '../node_modules/@teambit/bit/dist/app'
Require stack:
- /Users/nitsancohen/.bvm/versions/0.2.29/bit-0.2.29/node_modules/@teambit/legacy/bin/bit.js
    at Module._resolveFilename (node:internal/modules/cjs/loader:1072:15)
    at Module._load (node:internal/modules/cjs/loader:925:27)
    at Module.require (node:internal/modules/cjs/loader:1139:19)
    at require (node:internal/modules/helpers:121:18)
    at Object.<anonymous> (/Users/nitsancohen/.bvm/versions/0.2.29/bit-0.2.29/node_modules/@teambit/legacy/bin/bit.js:3:1)
    at Module._compile (node:internal/modules/cjs/loader:1257:14)
    at Module._extensions..js (node:internal/modules/cjs/loader:1311:10)
    at Module.load (node:internal/modules/cjs/loader:1115:32)
    at Module._load (node:internal/modules/cjs/loader:962:12)
    at Function.executeUserEntryPoint [as runMain] (node:internal/modules/run_main:83:12) {
  code: 'MODULE_NOT_FOUND',
  requireStack: [
    '/Users/nitsancohen/.bvm/versions/0.2.29/bit-0.2.29/node_modules/@teambit/legacy/bin/bit.js'
  ]
}

Node.js v20.3.1

    at checkExecSyncError (node:child_process:885:11)
    at Object.execSync (node:child_process:957:15)
    at CommandHelper.runCmd (src/e2e-helper/e2e-command-helper.ts:64:22)
    at ScopeHelper.initWorkspace (src/e2e-helper/e2e-scope-helper.ts:126:25)
    at ScopeHelper.reInitLocalScope (src/e2e-helper/e2e-scope-helper.ts:87:10)
    at ScopeHelper.setNewLocalAndRemoteScopes (src/e2e-helper/e2e-scope-helper.ts:141:10)
    at Context.<anonymous> (e2e/functionalities/dev-dependencies.e2e.2.ts:90:26)
    at processImmediate (node:internal/timers:478:21)]]></failure>
    </testcase>
  </testsuite>
  <testsuite name="dev-dependency of a nested component that originated from a dev dep" timestamp="2023-08-21T21:40:27" tests="1" file="/Users/nitsancohen/coding/my-bit/bit/e2e/functionalities/dev-dependencies.e2e.2.ts" time="0.0620" failures="1">
    <testcase name="dev-dependencies functionality dev-dependency of a nested component that originated from a dev dep &quot;before all&quot; hook for &quot;the flattened dependencies should contain the entire chain of the dependencies&quot;" time="0.0620" classname="&quot;before all&quot; hook for &quot;the flattened dependencies should contain the entire chain of the dependencies&quot;">
      <failure message="Command failed: bit init
node:internal/modules/cjs/loader:1075
  throw err;
  ^

Error: Cannot find module &apos;../node_modules/@teambit/bit/dist/app&apos;
Require stack:
- /Users/nitsancohen/.bvm/versions/0.2.29/bit-0.2.29/node_modules/@teambit/legacy/bin/bit.js
    at Module._resolveFilename (node:internal/modules/cjs/loader:1072:15)
    at Module._load (node:internal/modules/cjs/loader:925:27)
    at Module.require (node:internal/modules/cjs/loader:1139:19)
    at require (node:internal/modules/helpers:121:18)
    at Object.&lt;anonymous&gt; (/Users/nitsancohen/.bvm/versions/0.2.29/bit-0.2.29/node_modules/@teambit/legacy/bin/bit.js:3:1)
    at Module._compile (node:internal/modules/cjs/loader:1257:14)
    at Module._extensions..js (node:internal/modules/cjs/loader:1311:10)
    at Module.load (node:internal/modules/cjs/loader:1115:32)
    at Module._load (node:internal/modules/cjs/loader:962:12)
    at Function.executeUserEntryPoint [as runMain] (node:internal/modules/run_main:83:12) {
  code: &apos;MODULE_NOT_FOUND&apos;,
  requireStack: [
    &apos;/Users/nitsancohen/.bvm/versions/0.2.29/bit-0.2.29/node_modules/@teambit/legacy/bin/bit.js&apos;
  ]
}

Node.js v20.3.1
" type="Error"><![CDATA[Error: Command failed: bit init
node:internal/modules/cjs/loader:1075
  throw err;
  ^

Error: Cannot find module '../node_modules/@teambit/bit/dist/app'
Require stack:
- /Users/nitsancohen/.bvm/versions/0.2.29/bit-0.2.29/node_modules/@teambit/legacy/bin/bit.js
    at Module._resolveFilename (node:internal/modules/cjs/loader:1072:15)
    at Module._load (node:internal/modules/cjs/loader:925:27)
    at Module.require (node:internal/modules/cjs/loader:1139:19)
    at require (node:internal/modules/helpers:121:18)
    at Object.<anonymous> (/Users/nitsancohen/.bvm/versions/0.2.29/bit-0.2.29/node_modules/@teambit/legacy/bin/bit.js:3:1)
    at Module._compile (node:internal/modules/cjs/loader:1257:14)
    at Module._extensions..js (node:internal/modules/cjs/loader:1311:10)
    at Module.load (node:internal/modules/cjs/loader:1115:32)
    at Module._load (node:internal/modules/cjs/loader:962:12)
    at Function.executeUserEntryPoint [as runMain] (node:internal/modules/run_main:83:12) {
  code: 'MODULE_NOT_FOUND',
  requireStack: [
    '/Users/nitsancohen/.bvm/versions/0.2.29/bit-0.2.29/node_modules/@teambit/legacy/bin/bit.js'
  ]
}

Node.js v20.3.1

    at checkExecSyncError (node:child_process:885:11)
    at Object.execSync (node:child_process:957:15)
    at CommandHelper.runCmd (src/e2e-helper/e2e-command-helper.ts:64:22)
    at ScopeHelper.initWorkspace (src/e2e-helper/e2e-scope-helper.ts:126:25)
    at ScopeHelper.reInitLocalScope (src/e2e-helper/e2e-scope-helper.ts:87:10)
    at ScopeHelper.setNewLocalAndRemoteScopes (src/e2e-helper/e2e-scope-helper.ts:141:10)
    at Context.<anonymous> (e2e/functionalities/dev-dependencies.e2e.2.ts:117:26)
    at processImmediate (node:internal/timers:478:21)]]></failure>
    </testcase>
  </testsuite>
  <testsuite name="dev-dependency that requires prod-dependency" timestamp="2023-08-21T21:40:27" tests="1" file="/Users/nitsancohen/coding/my-bit/bit/e2e/functionalities/dev-dependencies.e2e.2.ts" time="0.0600" failures="1">
    <testcase name="dev-dependencies functionality dev-dependency that requires prod-dependency &quot;before all&quot; hook for &quot;should include the prod dependencies inside flattenedDependencies&quot;" time="0.0600" classname="&quot;before all&quot; hook for &quot;should include the prod dependencies inside flattenedDependencies&quot;">
      <failure message="Command failed: bit init
node:internal/modules/cjs/loader:1075
  throw err;
  ^

Error: Cannot find module &apos;../node_modules/@teambit/bit/dist/app&apos;
Require stack:
- /Users/nitsancohen/.bvm/versions/0.2.29/bit-0.2.29/node_modules/@teambit/legacy/bin/bit.js
    at Module._resolveFilename (node:internal/modules/cjs/loader:1072:15)
    at Module._load (node:internal/modules/cjs/loader:925:27)
    at Module.require (node:internal/modules/cjs/loader:1139:19)
    at require (node:internal/modules/helpers:121:18)
    at Object.&lt;anonymous&gt; (/Users/nitsancohen/.bvm/versions/0.2.29/bit-0.2.29/node_modules/@teambit/legacy/bin/bit.js:3:1)
    at Module._compile (node:internal/modules/cjs/loader:1257:14)
    at Module._extensions..js (node:internal/modules/cjs/loader:1311:10)
    at Module.load (node:internal/modules/cjs/loader:1115:32)
    at Module._load (node:internal/modules/cjs/loader:962:12)
    at Function.executeUserEntryPoint [as runMain] (node:internal/modules/run_main:83:12) {
  code: &apos;MODULE_NOT_FOUND&apos;,
  requireStack: [
    &apos;/Users/nitsancohen/.bvm/versions/0.2.29/bit-0.2.29/node_modules/@teambit/legacy/bin/bit.js&apos;
  ]
}

Node.js v20.3.1
" type="Error"><![CDATA[Error: Command failed: bit init
node:internal/modules/cjs/loader:1075
  throw err;
  ^

Error: Cannot find module '../node_modules/@teambit/bit/dist/app'
Require stack:
- /Users/nitsancohen/.bvm/versions/0.2.29/bit-0.2.29/node_modules/@teambit/legacy/bin/bit.js
    at Module._resolveFilename (node:internal/modules/cjs/loader:1072:15)
    at Module._load (node:internal/modules/cjs/loader:925:27)
    at Module.require (node:internal/modules/cjs/loader:1139:19)
    at require (node:internal/modules/helpers:121:18)
    at Object.<anonymous> (/Users/nitsancohen/.bvm/versions/0.2.29/bit-0.2.29/node_modules/@teambit/legacy/bin/bit.js:3:1)
    at Module._compile (node:internal/modules/cjs/loader:1257:14)
    at Module._extensions..js (node:internal/modules/cjs/loader:1311:10)
    at Module.load (node:internal/modules/cjs/loader:1115:32)
    at Module._load (node:internal/modules/cjs/loader:962:12)
    at Function.executeUserEntryPoint [as runMain] (node:internal/modules/run_main:83:12) {
  code: 'MODULE_NOT_FOUND',
  requireStack: [
    '/Users/nitsancohen/.bvm/versions/0.2.29/bit-0.2.29/node_modules/@teambit/legacy/bin/bit.js'
  ]
}

Node.js v20.3.1

    at checkExecSyncError (node:child_process:885:11)
    at Object.execSync (node:child_process:957:15)
    at CommandHelper.runCmd (src/e2e-helper/e2e-command-helper.ts:64:22)
    at ScopeHelper.initWorkspace (src/e2e-helper/e2e-scope-helper.ts:126:25)
    at ScopeHelper.reInitLocalScope (src/e2e-helper/e2e-scope-helper.ts:87:10)
    at Context.<anonymous> (e2e/functionalities/dev-dependencies.e2e.2.ts:140:26)
    at processImmediate (node:internal/timers:478:21)]]></failure>
    </testcase>
  </testsuite>
  <testsuite name="component with devDependency coming from an env and is used as prod" timestamp="2023-08-21T21:40:27" tests="1" file="/Users/nitsancohen/coding/my-bit/bit/e2e/functionalities/dev-dependencies.e2e.2.ts" time="0.0590" failures="1">
    <testcase name="dev-dependencies functionality component with devDependency coming from an env and is used as prod &quot;before all&quot; hook for &quot;should be able to remove it from DevDependency only by &quot;bit deps remove --dev&quot;&quot;" time="0.0590" classname="&quot;before all&quot; hook for &quot;should be able to remove it from DevDependency only by &quot;bit deps remove --dev&quot;&quot;">
      <failure message="Command failed: bit init
node:internal/modules/cjs/loader:1075
  throw err;
  ^

Error: Cannot find module &apos;../node_modules/@teambit/bit/dist/app&apos;
Require stack:
- /Users/nitsancohen/.bvm/versions/0.2.29/bit-0.2.29/node_modules/@teambit/legacy/bin/bit.js
    at Module._resolveFilename (node:internal/modules/cjs/loader:1072:15)
    at Module._load (node:internal/modules/cjs/loader:925:27)
    at Module.require (node:internal/modules/cjs/loader:1139:19)
    at require (node:internal/modules/helpers:121:18)
    at Object.&lt;anonymous&gt; (/Users/nitsancohen/.bvm/versions/0.2.29/bit-0.2.29/node_modules/@teambit/legacy/bin/bit.js:3:1)
    at Module._compile (node:internal/modules/cjs/loader:1257:14)
    at Module._extensions..js (node:internal/modules/cjs/loader:1311:10)
    at Module.load (node:internal/modules/cjs/loader:1115:32)
    at Module._load (node:internal/modules/cjs/loader:962:12)
    at Function.executeUserEntryPoint [as runMain] (node:internal/modules/run_main:83:12) {
  code: &apos;MODULE_NOT_FOUND&apos;,
  requireStack: [
    &apos;/Users/nitsancohen/.bvm/versions/0.2.29/bit-0.2.29/node_modules/@teambit/legacy/bin/bit.js&apos;
  ]
}

Node.js v20.3.1
" type="Error"><![CDATA[Error: Command failed: bit init
node:internal/modules/cjs/loader:1075
  throw err;
  ^

Error: Cannot find module '../node_modules/@teambit/bit/dist/app'
Require stack:
- /Users/nitsancohen/.bvm/versions/0.2.29/bit-0.2.29/node_modules/@teambit/legacy/bin/bit.js
    at Module._resolveFilename (node:internal/modules/cjs/loader:1072:15)
    at Module._load (node:internal/modules/cjs/loader:925:27)
    at Module.require (node:internal/modules/cjs/loader:1139:19)
    at require (node:internal/modules/helpers:121:18)
    at Object.<anonymous> (/Users/nitsancohen/.bvm/versions/0.2.29/bit-0.2.29/node_modules/@teambit/legacy/bin/bit.js:3:1)
    at Module._compile (node:internal/modules/cjs/loader:1257:14)
    at Module._extensions..js (node:internal/modules/cjs/loader:1311:10)
    at Module.load (node:internal/modules/cjs/loader:1115:32)
    at Module._load (node:internal/modules/cjs/loader:962:12)
    at Function.executeUserEntryPoint [as runMain] (node:internal/modules/run_main:83:12) {
  code: 'MODULE_NOT_FOUND',
  requireStack: [
    '/Users/nitsancohen/.bvm/versions/0.2.29/bit-0.2.29/node_modules/@teambit/legacy/bin/bit.js'
  ]
}

Node.js v20.3.1

    at checkExecSyncError (node:child_process:885:11)
    at Object.execSync (node:child_process:957:15)
    at CommandHelper.runCmd (src/e2e-helper/e2e-command-helper.ts:64:22)
    at ScopeHelper.initWorkspace (src/e2e-helper/e2e-scope-helper.ts:126:25)
    at ScopeHelper.reInitLocalScope (src/e2e-helper/e2e-scope-helper.ts:87:10)
    at ScopeHelper.setNewLocalAndRemoteScopes (src/e2e-helper/e2e-scope-helper.ts:141:10)
    at Context.<anonymous> (e2e/functionalities/dev-dependencies.e2e.2.ts:160:26)
    at processImmediate (node:internal/timers:478:21)]]></failure>
    </testcase>
  </testsuite>
  <testsuite name="dynamic namespaces" timestamp="2023-08-21T21:40:27" tests="0" file="/Users/nitsancohen/coding/my-bit/bit/e2e/functionalities/dynamic-namespaces.e2e.3.ts" time="0.0000" failures="0">
  </testsuite>
  <testsuite name="long and short namespaces. using name &quot;this/is/a/very/large/name/for/a/component&quot;" timestamp="2023-08-21T21:40:27" tests="6" file="/Users/nitsancohen/coding/my-bit/bit/e2e/functionalities/dynamic-namespaces.e2e.3.ts" time="0.0590" failures="1">
    <testcase name="dynamic namespaces long and short namespaces. using name &quot;this/is/a/very/large/name/for/a/component&quot; &quot;before all&quot; hook for &quot;should be tagged successfully&quot;" time="0.0590" classname="&quot;before all&quot; hook for &quot;should be tagged successfully&quot;">
      <failure message="Command failed: bit init
node:internal/modules/cjs/loader:1075
  throw err;
  ^

Error: Cannot find module &apos;../node_modules/@teambit/bit/dist/app&apos;
Require stack:
- /Users/nitsancohen/.bvm/versions/0.2.29/bit-0.2.29/node_modules/@teambit/legacy/bin/bit.js
    at Module._resolveFilename (node:internal/modules/cjs/loader:1072:15)
    at Module._load (node:internal/modules/cjs/loader:925:27)
    at Module.require (node:internal/modules/cjs/loader:1139:19)
    at require (node:internal/modules/helpers:121:18)
    at Object.&lt;anonymous&gt; (/Users/nitsancohen/.bvm/versions/0.2.29/bit-0.2.29/node_modules/@teambit/legacy/bin/bit.js:3:1)
    at Module._compile (node:internal/modules/cjs/loader:1257:14)
    at Module._extensions..js (node:internal/modules/cjs/loader:1311:10)
    at Module.load (node:internal/modules/cjs/loader:1115:32)
    at Module._load (node:internal/modules/cjs/loader:962:12)
    at Function.executeUserEntryPoint [as runMain] (node:internal/modules/run_main:83:12) {
  code: &apos;MODULE_NOT_FOUND&apos;,
  requireStack: [
    &apos;/Users/nitsancohen/.bvm/versions/0.2.29/bit-0.2.29/node_modules/@teambit/legacy/bin/bit.js&apos;
  ]
}

Node.js v20.3.1
" type="Error"><![CDATA[Error: Command failed: bit init
node:internal/modules/cjs/loader:1075
  throw err;
  ^

Error: Cannot find module '../node_modules/@teambit/bit/dist/app'
Require stack:
- /Users/nitsancohen/.bvm/versions/0.2.29/bit-0.2.29/node_modules/@teambit/legacy/bin/bit.js
    at Module._resolveFilename (node:internal/modules/cjs/loader:1072:15)
    at Module._load (node:internal/modules/cjs/loader:925:27)
    at Module.require (node:internal/modules/cjs/loader:1139:19)
    at require (node:internal/modules/helpers:121:18)
    at Object.<anonymous> (/Users/nitsancohen/.bvm/versions/0.2.29/bit-0.2.29/node_modules/@teambit/legacy/bin/bit.js:3:1)
    at Module._compile (node:internal/modules/cjs/loader:1257:14)
    at Module._extensions..js (node:internal/modules/cjs/loader:1311:10)
    at Module.load (node:internal/modules/cjs/loader:1115:32)
    at Module._load (node:internal/modules/cjs/loader:962:12)
    at Function.executeUserEntryPoint [as runMain] (node:internal/modules/run_main:83:12) {
  code: 'MODULE_NOT_FOUND',
  requireStack: [
    '/Users/nitsancohen/.bvm/versions/0.2.29/bit-0.2.29/node_modules/@teambit/legacy/bin/bit.js'
  ]
}

Node.js v20.3.1

    at checkExecSyncError (node:child_process:885:11)
    at Object.execSync (node:child_process:957:15)
    at CommandHelper.runCmd (src/e2e-helper/e2e-command-helper.ts:64:22)
    at ScopeHelper.initWorkspace (src/e2e-helper/e2e-scope-helper.ts:126:25)
    at ScopeHelper.reInitLocalScope (src/e2e-helper/e2e-scope-helper.ts:87:10)
    at ScopeHelper.setNewLocalAndRemoteScopes (src/e2e-helper/e2e-scope-helper.ts:141:10)
    at Context.<anonymous> (e2e/functionalities/dynamic-namespaces.e2e.3.ts:25:28)
    at processImmediate (node:internal/timers:478:21)]]></failure>
    </testcase>
  </testsuite>
  <testsuite name="long and short namespaces. using name &quot;short&quot;" timestamp="2023-08-21T21:40:27" tests="6" file="/Users/nitsancohen/coding/my-bit/bit/e2e/functionalities/dynamic-namespaces.e2e.3.ts" time="0.0600" failures="1">
    <testcase name="dynamic namespaces long and short namespaces. using name &quot;short&quot; &quot;before all&quot; hook for &quot;should be tagged successfully&quot;" time="0.0600" classname="&quot;before all&quot; hook for &quot;should be tagged successfully&quot;">
      <failure message="Command failed: bit init
node:internal/modules/cjs/loader:1075
  throw err;
  ^

Error: Cannot find module &apos;../node_modules/@teambit/bit/dist/app&apos;
Require stack:
- /Users/nitsancohen/.bvm/versions/0.2.29/bit-0.2.29/node_modules/@teambit/legacy/bin/bit.js
    at Module._resolveFilename (node:internal/modules/cjs/loader:1072:15)
    at Module._load (node:internal/modules/cjs/loader:925:27)
    at Module.require (node:internal/modules/cjs/loader:1139:19)
    at require (node:internal/modules/helpers:121:18)
    at Object.&lt;anonymous&gt; (/Users/nitsancohen/.bvm/versions/0.2.29/bit-0.2.29/node_modules/@teambit/legacy/bin/bit.js:3:1)
    at Module._compile (node:internal/modules/cjs/loader:1257:14)
    at Module._extensions..js (node:internal/modules/cjs/loader:1311:10)
    at Module.load (node:internal/modules/cjs/loader:1115:32)
    at Module._load (node:internal/modules/cjs/loader:962:12)
    at Function.executeUserEntryPoint [as runMain] (node:internal/modules/run_main:83:12) {
  code: &apos;MODULE_NOT_FOUND&apos;,
  requireStack: [
    &apos;/Users/nitsancohen/.bvm/versions/0.2.29/bit-0.2.29/node_modules/@teambit/legacy/bin/bit.js&apos;
  ]
}

Node.js v20.3.1
" type="Error"><![CDATA[Error: Command failed: bit init
node:internal/modules/cjs/loader:1075
  throw err;
  ^

Error: Cannot find module '../node_modules/@teambit/bit/dist/app'
Require stack:
- /Users/nitsancohen/.bvm/versions/0.2.29/bit-0.2.29/node_modules/@teambit/legacy/bin/bit.js
    at Module._resolveFilename (node:internal/modules/cjs/loader:1072:15)
    at Module._load (node:internal/modules/cjs/loader:925:27)
    at Module.require (node:internal/modules/cjs/loader:1139:19)
    at require (node:internal/modules/helpers:121:18)
    at Object.<anonymous> (/Users/nitsancohen/.bvm/versions/0.2.29/bit-0.2.29/node_modules/@teambit/legacy/bin/bit.js:3:1)
    at Module._compile (node:internal/modules/cjs/loader:1257:14)
    at Module._extensions..js (node:internal/modules/cjs/loader:1311:10)
    at Module.load (node:internal/modules/cjs/loader:1115:32)
    at Module._load (node:internal/modules/cjs/loader:962:12)
    at Function.executeUserEntryPoint [as runMain] (node:internal/modules/run_main:83:12) {
  code: 'MODULE_NOT_FOUND',
  requireStack: [
    '/Users/nitsancohen/.bvm/versions/0.2.29/bit-0.2.29/node_modules/@teambit/legacy/bin/bit.js'
  ]
}

Node.js v20.3.1

    at checkExecSyncError (node:child_process:885:11)
    at Object.execSync (node:child_process:957:15)
    at CommandHelper.runCmd (src/e2e-helper/e2e-command-helper.ts:64:22)
    at ScopeHelper.initWorkspace (src/e2e-helper/e2e-scope-helper.ts:126:25)
    at ScopeHelper.reInitLocalScope (src/e2e-helper/e2e-scope-helper.ts:87:10)
    at ScopeHelper.setNewLocalAndRemoteScopes (src/e2e-helper/e2e-scope-helper.ts:141:10)
    at Context.<anonymous> (e2e/functionalities/dynamic-namespaces.e2e.3.ts:25:28)
    at processImmediate (node:internal/timers:478:21)]]></failure>
    </testcase>
  </testsuite>
  <testsuite name="import a component with same id string as a local different component" timestamp="2023-08-21T21:40:27" tests="2" file="/Users/nitsancohen/coding/my-bit/bit/e2e/functionalities/dynamic-namespaces.e2e.3.ts" time="0.0610" failures="1">
    <testcase name="dynamic namespaces import a component with same id string as a local different component &quot;before all&quot; hook for &quot;should throw an error and not allow the import&quot;" time="0.0610" classname="&quot;before all&quot; hook for &quot;should throw an error and not allow the import&quot;">
      <failure message="Command failed: bit init
node:internal/modules/cjs/loader:1075
  throw err;
  ^

Error: Cannot find module &apos;../node_modules/@teambit/bit/dist/app&apos;
Require stack:
- /Users/nitsancohen/.bvm/versions/0.2.29/bit-0.2.29/node_modules/@teambit/legacy/bin/bit.js
    at Module._resolveFilename (node:internal/modules/cjs/loader:1072:15)
    at Module._load (node:internal/modules/cjs/loader:925:27)
    at Module.require (node:internal/modules/cjs/loader:1139:19)
    at require (node:internal/modules/helpers:121:18)
    at Object.&lt;anonymous&gt; (/Users/nitsancohen/.bvm/versions/0.2.29/bit-0.2.29/node_modules/@teambit/legacy/bin/bit.js:3:1)
    at Module._compile (node:internal/modules/cjs/loader:1257:14)
    at Module._extensions..js (node:internal/modules/cjs/loader:1311:10)
    at Module.load (node:internal/modules/cjs/loader:1115:32)
    at Module._load (node:internal/modules/cjs/loader:962:12)
    at Function.executeUserEntryPoint [as runMain] (node:internal/modules/run_main:83:12) {
  code: &apos;MODULE_NOT_FOUND&apos;,
  requireStack: [
    &apos;/Users/nitsancohen/.bvm/versions/0.2.29/bit-0.2.29/node_modules/@teambit/legacy/bin/bit.js&apos;
  ]
}

Node.js v20.3.1
" type="Error"><![CDATA[Error: Command failed: bit init
node:internal/modules/cjs/loader:1075
  throw err;
  ^

Error: Cannot find module '../node_modules/@teambit/bit/dist/app'
Require stack:
- /Users/nitsancohen/.bvm/versions/0.2.29/bit-0.2.29/node_modules/@teambit/legacy/bin/bit.js
    at Module._resolveFilename (node:internal/modules/cjs/loader:1072:15)
    at Module._load (node:internal/modules/cjs/loader:925:27)
    at Module.require (node:internal/modules/cjs/loader:1139:19)
    at require (node:internal/modules/helpers:121:18)
    at Object.<anonymous> (/Users/nitsancohen/.bvm/versions/0.2.29/bit-0.2.29/node_modules/@teambit/legacy/bin/bit.js:3:1)
    at Module._compile (node:internal/modules/cjs/loader:1257:14)
    at Module._extensions..js (node:internal/modules/cjs/loader:1311:10)
    at Module.load (node:internal/modules/cjs/loader:1115:32)
    at Module._load (node:internal/modules/cjs/loader:962:12)
    at Function.executeUserEntryPoint [as runMain] (node:internal/modules/run_main:83:12) {
  code: 'MODULE_NOT_FOUND',
  requireStack: [
    '/Users/nitsancohen/.bvm/versions/0.2.29/bit-0.2.29/node_modules/@teambit/legacy/bin/bit.js'
  ]
}

Node.js v20.3.1

    at checkExecSyncError (node:child_process:885:11)
    at Object.execSync (node:child_process:957:15)
    at CommandHelper.runCmd (src/e2e-helper/e2e-command-helper.ts:64:22)
    at ScopeHelper.initWorkspace (src/e2e-helper/e2e-scope-helper.ts:126:25)
    at ScopeHelper.reInitLocalScope (src/e2e-helper/e2e-scope-helper.ts:87:10)
    at ScopeHelper.setNewLocalAndRemoteScopes (src/e2e-helper/e2e-scope-helper.ts:141:10)
    at Context.<anonymous> (e2e/functionalities/dynamic-namespaces.e2e.3.ts:70:26)
    at processImmediate (node:internal/timers:478:21)]]></failure>
    </testcase>
  </testsuite>
  <testsuite name="merge functionality" timestamp="2023-08-21T21:40:27" tests="0" file="/Users/nitsancohen/coding/my-bit/bit/e2e/functionalities/merge.e2e.3.ts" time="0.0000" failures="0">
  </testsuite>
  <testsuite name="re-exporting/importing an existing version" timestamp="2023-08-21T21:40:27" tests="2" file="/Users/nitsancohen/coding/my-bit/bit/e2e/functionalities/merge.e2e.3.ts" time="0.0600" failures="1">
    <testcase name="merge functionality re-exporting/importing an existing version &quot;before all&quot; hook for &quot;should throw MergeConflictOnRemote error when exporting the component&quot;" time="0.0600" classname="&quot;before all&quot; hook for &quot;should throw MergeConflictOnRemote error when exporting the component&quot;">
      <failure message="Command failed: bit init
node:internal/modules/cjs/loader:1075
  throw err;
  ^

Error: Cannot find module &apos;../node_modules/@teambit/bit/dist/app&apos;
Require stack:
- /Users/nitsancohen/.bvm/versions/0.2.29/bit-0.2.29/node_modules/@teambit/legacy/bin/bit.js
    at Module._resolveFilename (node:internal/modules/cjs/loader:1072:15)
    at Module._load (node:internal/modules/cjs/loader:925:27)
    at Module.require (node:internal/modules/cjs/loader:1139:19)
    at require (node:internal/modules/helpers:121:18)
    at Object.&lt;anonymous&gt; (/Users/nitsancohen/.bvm/versions/0.2.29/bit-0.2.29/node_modules/@teambit/legacy/bin/bit.js:3:1)
    at Module._compile (node:internal/modules/cjs/loader:1257:14)
    at Module._extensions..js (node:internal/modules/cjs/loader:1311:10)
    at Module.load (node:internal/modules/cjs/loader:1115:32)
    at Module._load (node:internal/modules/cjs/loader:962:12)
    at Function.executeUserEntryPoint [as runMain] (node:internal/modules/run_main:83:12) {
  code: &apos;MODULE_NOT_FOUND&apos;,
  requireStack: [
    &apos;/Users/nitsancohen/.bvm/versions/0.2.29/bit-0.2.29/node_modules/@teambit/legacy/bin/bit.js&apos;
  ]
}

Node.js v20.3.1
" type="Error"><![CDATA[Error: Command failed: bit init
node:internal/modules/cjs/loader:1075
  throw err;
  ^

Error: Cannot find module '../node_modules/@teambit/bit/dist/app'
Require stack:
- /Users/nitsancohen/.bvm/versions/0.2.29/bit-0.2.29/node_modules/@teambit/legacy/bin/bit.js
    at Module._resolveFilename (node:internal/modules/cjs/loader:1072:15)
    at Module._load (node:internal/modules/cjs/loader:925:27)
    at Module.require (node:internal/modules/cjs/loader:1139:19)
    at require (node:internal/modules/helpers:121:18)
    at Object.<anonymous> (/Users/nitsancohen/.bvm/versions/0.2.29/bit-0.2.29/node_modules/@teambit/legacy/bin/bit.js:3:1)
    at Module._compile (node:internal/modules/cjs/loader:1257:14)
    at Module._extensions..js (node:internal/modules/cjs/loader:1311:10)
    at Module.load (node:internal/modules/cjs/loader:1115:32)
    at Module._load (node:internal/modules/cjs/loader:962:12)
    at Function.executeUserEntryPoint [as runMain] (node:internal/modules/run_main:83:12) {
  code: 'MODULE_NOT_FOUND',
  requireStack: [
    '/Users/nitsancohen/.bvm/versions/0.2.29/bit-0.2.29/node_modules/@teambit/legacy/bin/bit.js'
  ]
}

Node.js v20.3.1

    at checkExecSyncError (node:child_process:885:11)
    at Object.execSync (node:child_process:957:15)
    at CommandHelper.runCmd (src/e2e-helper/e2e-command-helper.ts:64:22)
    at ScopeHelper.initWorkspace (src/e2e-helper/e2e-scope-helper.ts:126:25)
    at ScopeHelper.reInitLocalScope (src/e2e-helper/e2e-scope-helper.ts:87:10)
    at ScopeHelper.setNewLocalAndRemoteScopes (src/e2e-helper/e2e-scope-helper.ts:141:10)
    at Context.<anonymous> (e2e/functionalities/merge.e2e.3.ts:18:26)
    at processImmediate (node:internal/timers:478:21)]]></failure>
    </testcase>
  </testsuite>
  <testsuite name="importing a component with --merge flag" timestamp="2023-08-21T21:40:27" tests="0" file="/Users/nitsancohen/coding/my-bit/bit/e2e/functionalities/merge.e2e.3.ts" time="0.0600" failures="1">
    <testcase name="merge functionality importing a component with --merge flag &quot;before all&quot; hook in &quot;importing a component with --merge flag&quot;" time="0.0600" classname="&quot;before all&quot; hook in &quot;importing a component with --merge flag&quot;">
      <failure message="Command failed: bit init
node:internal/modules/cjs/loader:1075
  throw err;
  ^

Error: Cannot find module &apos;../node_modules/@teambit/bit/dist/app&apos;
Require stack:
- /Users/nitsancohen/.bvm/versions/0.2.29/bit-0.2.29/node_modules/@teambit/legacy/bin/bit.js
    at Module._resolveFilename (node:internal/modules/cjs/loader:1072:15)
    at Module._load (node:internal/modules/cjs/loader:925:27)
    at Module.require (node:internal/modules/cjs/loader:1139:19)
    at require (node:internal/modules/helpers:121:18)
    at Object.&lt;anonymous&gt; (/Users/nitsancohen/.bvm/versions/0.2.29/bit-0.2.29/node_modules/@teambit/legacy/bin/bit.js:3:1)
    at Module._compile (node:internal/modules/cjs/loader:1257:14)
    at Module._extensions..js (node:internal/modules/cjs/loader:1311:10)
    at Module.load (node:internal/modules/cjs/loader:1115:32)
    at Module._load (node:internal/modules/cjs/loader:962:12)
    at Function.executeUserEntryPoint [as runMain] (node:internal/modules/run_main:83:12) {
  code: &apos;MODULE_NOT_FOUND&apos;,
  requireStack: [
    &apos;/Users/nitsancohen/.bvm/versions/0.2.29/bit-0.2.29/node_modules/@teambit/legacy/bin/bit.js&apos;
  ]
}

Node.js v20.3.1
" type="Error"><![CDATA[Error: Command failed: bit init
node:internal/modules/cjs/loader:1075
  throw err;
  ^

Error: Cannot find module '../node_modules/@teambit/bit/dist/app'
Require stack:
- /Users/nitsancohen/.bvm/versions/0.2.29/bit-0.2.29/node_modules/@teambit/legacy/bin/bit.js
    at Module._resolveFilename (node:internal/modules/cjs/loader:1072:15)
    at Module._load (node:internal/modules/cjs/loader:925:27)
    at Module.require (node:internal/modules/cjs/loader:1139:19)
    at require (node:internal/modules/helpers:121:18)
    at Object.<anonymous> (/Users/nitsancohen/.bvm/versions/0.2.29/bit-0.2.29/node_modules/@teambit/legacy/bin/bit.js:3:1)
    at Module._compile (node:internal/modules/cjs/loader:1257:14)
    at Module._extensions..js (node:internal/modules/cjs/loader:1311:10)
    at Module.load (node:internal/modules/cjs/loader:1115:32)
    at Module._load (node:internal/modules/cjs/loader:962:12)
    at Function.executeUserEntryPoint [as runMain] (node:internal/modules/run_main:83:12) {
  code: 'MODULE_NOT_FOUND',
  requireStack: [
    '/Users/nitsancohen/.bvm/versions/0.2.29/bit-0.2.29/node_modules/@teambit/legacy/bin/bit.js'
  ]
}

Node.js v20.3.1

    at checkExecSyncError (node:child_process:885:11)
    at Object.execSync (node:child_process:957:15)
    at CommandHelper.runCmd (src/e2e-helper/e2e-command-helper.ts:64:22)
    at ScopeHelper.initWorkspace (src/e2e-helper/e2e-scope-helper.ts:126:25)
    at ScopeHelper.reInitLocalScope (src/e2e-helper/e2e-scope-helper.ts:87:10)
    at ScopeHelper.setNewLocalAndRemoteScopes (src/e2e-helper/e2e-scope-helper.ts:141:10)
    at Context.<anonymous> (e2e/functionalities/merge.e2e.3.ts:61:26)
    at processImmediate (node:internal/timers:478:21)]]></failure>
    </testcase>
  </testsuite>
  <testsuite name="peer-dependencies functionality" timestamp="2023-08-21T21:40:27" tests="0" file="/Users/nitsancohen/coding/my-bit/bit/e2e/functionalities/peer-dependencies.e2e.3.ts" time="0.0000" failures="0">
  </testsuite>
  <testsuite name="when a package is a regular dependency and a peer dependency" timestamp="2023-08-21T21:40:27" tests="3" file="/Users/nitsancohen/coding/my-bit/bit/e2e/functionalities/peer-dependencies.e2e.3.ts" time="0.0600" failures="1">
    <testcase name="peer-dependencies functionality when a package is a regular dependency and a peer dependency &quot;before all&quot; hook for &quot;should save the peer dependencies in the model&quot;" time="0.0600" classname="&quot;before all&quot; hook for &quot;should save the peer dependencies in the model&quot;">
      <failure message="Command failed: bit init
node:internal/modules/cjs/loader:1075
  throw err;
  ^

Error: Cannot find module &apos;../node_modules/@teambit/bit/dist/app&apos;
Require stack:
- /Users/nitsancohen/.bvm/versions/0.2.29/bit-0.2.29/node_modules/@teambit/legacy/bin/bit.js
    at Module._resolveFilename (node:internal/modules/cjs/loader:1072:15)
    at Module._load (node:internal/modules/cjs/loader:925:27)
    at Module.require (node:internal/modules/cjs/loader:1139:19)
    at require (node:internal/modules/helpers:121:18)
    at Object.&lt;anonymous&gt; (/Users/nitsancohen/.bvm/versions/0.2.29/bit-0.2.29/node_modules/@teambit/legacy/bin/bit.js:3:1)
    at Module._compile (node:internal/modules/cjs/loader:1257:14)
    at Module._extensions..js (node:internal/modules/cjs/loader:1311:10)
    at Module.load (node:internal/modules/cjs/loader:1115:32)
    at Module._load (node:internal/modules/cjs/loader:962:12)
    at Function.executeUserEntryPoint [as runMain] (node:internal/modules/run_main:83:12) {
  code: &apos;MODULE_NOT_FOUND&apos;,
  requireStack: [
    &apos;/Users/nitsancohen/.bvm/versions/0.2.29/bit-0.2.29/node_modules/@teambit/legacy/bin/bit.js&apos;
  ]
}

Node.js v20.3.1
" type="Error"><![CDATA[Error: Command failed: bit init
node:internal/modules/cjs/loader:1075
  throw err;
  ^

Error: Cannot find module '../node_modules/@teambit/bit/dist/app'
Require stack:
- /Users/nitsancohen/.bvm/versions/0.2.29/bit-0.2.29/node_modules/@teambit/legacy/bin/bit.js
    at Module._resolveFilename (node:internal/modules/cjs/loader:1072:15)
    at Module._load (node:internal/modules/cjs/loader:925:27)
    at Module.require (node:internal/modules/cjs/loader:1139:19)
    at require (node:internal/modules/helpers:121:18)
    at Object.<anonymous> (/Users/nitsancohen/.bvm/versions/0.2.29/bit-0.2.29/node_modules/@teambit/legacy/bin/bit.js:3:1)
    at Module._compile (node:internal/modules/cjs/loader:1257:14)
    at Module._extensions..js (node:internal/modules/cjs/loader:1311:10)
    at Module.load (node:internal/modules/cjs/loader:1115:32)
    at Module._load (node:internal/modules/cjs/loader:962:12)
    at Function.executeUserEntryPoint [as runMain] (node:internal/modules/run_main:83:12) {
  code: 'MODULE_NOT_FOUND',
  requireStack: [
    '/Users/nitsancohen/.bvm/versions/0.2.29/bit-0.2.29/node_modules/@teambit/legacy/bin/bit.js'
  ]
}

Node.js v20.3.1

    at checkExecSyncError (node:child_process:885:11)
    at Object.execSync (node:child_process:957:15)
    at CommandHelper.runCmd (src/e2e-helper/e2e-command-helper.ts:64:22)
    at ScopeHelper.initWorkspace (src/e2e-helper/e2e-scope-helper.ts:126:25)
    at ScopeHelper.reInitLocalScope (src/e2e-helper/e2e-scope-helper.ts:87:10)
    at Context.<anonymous> (e2e/functionalities/peer-dependencies.e2e.3.ts:16:26)
    at processImmediate (node:internal/timers:478:21)]]></failure>
    </testcase>
  </testsuite>
  <testsuite name="when a package is only a peer dependency but not required in the code" timestamp="2023-08-21T21:40:27" tests="2" file="/Users/nitsancohen/coding/my-bit/bit/e2e/functionalities/peer-dependencies.e2e.3.ts" time="0.0580" failures="1">
    <testcase name="peer-dependencies functionality when a package is only a peer dependency but not required in the code &quot;before all&quot; hook for &quot;should not save the peer dependencies in the model&quot;" time="0.0580" classname="&quot;before all&quot; hook for &quot;should not save the peer dependencies in the model&quot;">
      <failure message="Command failed: bit init
node:internal/modules/cjs/loader:1075
  throw err;
  ^

Error: Cannot find module &apos;../node_modules/@teambit/bit/dist/app&apos;
Require stack:
- /Users/nitsancohen/.bvm/versions/0.2.29/bit-0.2.29/node_modules/@teambit/legacy/bin/bit.js
    at Module._resolveFilename (node:internal/modules/cjs/loader:1072:15)
    at Module._load (node:internal/modules/cjs/loader:925:27)
    at Module.require (node:internal/modules/cjs/loader:1139:19)
    at require (node:internal/modules/helpers:121:18)
    at Object.&lt;anonymous&gt; (/Users/nitsancohen/.bvm/versions/0.2.29/bit-0.2.29/node_modules/@teambit/legacy/bin/bit.js:3:1)
    at Module._compile (node:internal/modules/cjs/loader:1257:14)
    at Module._extensions..js (node:internal/modules/cjs/loader:1311:10)
    at Module.load (node:internal/modules/cjs/loader:1115:32)
    at Module._load (node:internal/modules/cjs/loader:962:12)
    at Function.executeUserEntryPoint [as runMain] (node:internal/modules/run_main:83:12) {
  code: &apos;MODULE_NOT_FOUND&apos;,
  requireStack: [
    &apos;/Users/nitsancohen/.bvm/versions/0.2.29/bit-0.2.29/node_modules/@teambit/legacy/bin/bit.js&apos;
  ]
}

Node.js v20.3.1
" type="Error"><![CDATA[Error: Command failed: bit init
node:internal/modules/cjs/loader:1075
  throw err;
  ^

Error: Cannot find module '../node_modules/@teambit/bit/dist/app'
Require stack:
- /Users/nitsancohen/.bvm/versions/0.2.29/bit-0.2.29/node_modules/@teambit/legacy/bin/bit.js
    at Module._resolveFilename (node:internal/modules/cjs/loader:1072:15)
    at Module._load (node:internal/modules/cjs/loader:925:27)
    at Module.require (node:internal/modules/cjs/loader:1139:19)
    at require (node:internal/modules/helpers:121:18)
    at Object.<anonymous> (/Users/nitsancohen/.bvm/versions/0.2.29/bit-0.2.29/node_modules/@teambit/legacy/bin/bit.js:3:1)
    at Module._compile (node:internal/modules/cjs/loader:1257:14)
    at Module._extensions..js (node:internal/modules/cjs/loader:1311:10)
    at Module.load (node:internal/modules/cjs/loader:1115:32)
    at Module._load (node:internal/modules/cjs/loader:962:12)
    at Function.executeUserEntryPoint [as runMain] (node:internal/modules/run_main:83:12) {
  code: 'MODULE_NOT_FOUND',
  requireStack: [
    '/Users/nitsancohen/.bvm/versions/0.2.29/bit-0.2.29/node_modules/@teambit/legacy/bin/bit.js'
  ]
}

Node.js v20.3.1

    at checkExecSyncError (node:child_process:885:11)
    at Object.execSync (node:child_process:957:15)
    at CommandHelper.runCmd (src/e2e-helper/e2e-command-helper.ts:64:22)
    at ScopeHelper.initWorkspace (src/e2e-helper/e2e-scope-helper.ts:126:25)
    at ScopeHelper.reInitLocalScope (src/e2e-helper/e2e-scope-helper.ts:87:10)
    at Context.<anonymous> (e2e/functionalities/peer-dependencies.e2e.3.ts:63:26)
    at processImmediate (node:internal/timers:478:21)]]></failure>
    </testcase>
  </testsuite>
  <testsuite name="repository-hooks" timestamp="2023-08-21T21:40:27" tests="0" file="/Users/nitsancohen/coding/my-bit/bit/e2e/functionalities/repository-hooks.e2e.ts" time="0.0000" failures="0">
  </testsuite>
  <testsuite name="export to remote scope with manipulation hook" timestamp="2023-08-21T21:40:27" tests="1" file="/Users/nitsancohen/coding/my-bit/bit/e2e/functionalities/repository-hooks.e2e.ts" time="0.0590" failures="1">
    <testcase name="repository-hooks export to remote scope with manipulation hook &quot;before all&quot; hook for &quot;should run the on persist hook&quot;" time="0.0590" classname="&quot;before all&quot; hook for &quot;should run the on persist hook&quot;">
      <failure message="Command failed: bit init
node:internal/modules/cjs/loader:1075
  throw err;
  ^

Error: Cannot find module &apos;../node_modules/@teambit/bit/dist/app&apos;
Require stack:
- /Users/nitsancohen/.bvm/versions/0.2.29/bit-0.2.29/node_modules/@teambit/legacy/bin/bit.js
    at Module._resolveFilename (node:internal/modules/cjs/loader:1072:15)
    at Module._load (node:internal/modules/cjs/loader:925:27)
    at Module.require (node:internal/modules/cjs/loader:1139:19)
    at require (node:internal/modules/helpers:121:18)
    at Object.&lt;anonymous&gt; (/Users/nitsancohen/.bvm/versions/0.2.29/bit-0.2.29/node_modules/@teambit/legacy/bin/bit.js:3:1)
    at Module._compile (node:internal/modules/cjs/loader:1257:14)
    at Module._extensions..js (node:internal/modules/cjs/loader:1311:10)
    at Module.load (node:internal/modules/cjs/loader:1115:32)
    at Module._load (node:internal/modules/cjs/loader:962:12)
    at Function.executeUserEntryPoint [as runMain] (node:internal/modules/run_main:83:12) {
  code: &apos;MODULE_NOT_FOUND&apos;,
  requireStack: [
    &apos;/Users/nitsancohen/.bvm/versions/0.2.29/bit-0.2.29/node_modules/@teambit/legacy/bin/bit.js&apos;
  ]
}

Node.js v20.3.1
" type="Error"><![CDATA[Error: Command failed: bit init
node:internal/modules/cjs/loader:1075
  throw err;
  ^

Error: Cannot find module '../node_modules/@teambit/bit/dist/app'
Require stack:
- /Users/nitsancohen/.bvm/versions/0.2.29/bit-0.2.29/node_modules/@teambit/legacy/bin/bit.js
    at Module._resolveFilename (node:internal/modules/cjs/loader:1072:15)
    at Module._load (node:internal/modules/cjs/loader:925:27)
    at Module.require (node:internal/modules/cjs/loader:1139:19)
    at require (node:internal/modules/helpers:121:18)
    at Object.<anonymous> (/Users/nitsancohen/.bvm/versions/0.2.29/bit-0.2.29/node_modules/@teambit/legacy/bin/bit.js:3:1)
    at Module._compile (node:internal/modules/cjs/loader:1257:14)
    at Module._extensions..js (node:internal/modules/cjs/loader:1311:10)
    at Module.load (node:internal/modules/cjs/loader:1115:32)
    at Module._load (node:internal/modules/cjs/loader:962:12)
    at Function.executeUserEntryPoint [as runMain] (node:internal/modules/run_main:83:12) {
  code: 'MODULE_NOT_FOUND',
  requireStack: [
    '/Users/nitsancohen/.bvm/versions/0.2.29/bit-0.2.29/node_modules/@teambit/legacy/bin/bit.js'
  ]
}

Node.js v20.3.1

    at checkExecSyncError (node:child_process:885:11)
    at Object.execSync (node:child_process:957:15)
    at CommandHelper.runCmd (src/e2e-helper/e2e-command-helper.ts:64:22)
    at ScopeHelper.initWorkspace (src/e2e-helper/e2e-scope-helper.ts:126:25)
    at ScopeHelper.reInitLocalScope (src/e2e-helper/e2e-scope-helper.ts:87:10)
    at ScopeHelper.setNewLocalAndRemoteScopes (src/e2e-helper/e2e-scope-helper.ts:141:10)
    at Context.<anonymous> (e2e/functionalities/repository-hooks.e2e.ts:21:26)
    at processImmediate (node:internal/timers:478:21)]]></failure>
    </testcase>
  </testsuite>
  <testsuite name="scope with a symlink object reference to a non-exist component" timestamp="2023-08-21T21:40:27" tests="2" file="/Users/nitsancohen/coding/my-bit/bit/e2e/functionalities/symlink-object-without-component.e2e.3.ts" time="0.0600" failures="1">
    <testcase name="scope with a symlink object reference to a non-exist component &quot;before all&quot; hook for &quot;bit import should throw a descriptive error&quot;" time="0.0600" classname="&quot;before all&quot; hook for &quot;bit import should throw a descriptive error&quot;">
      <failure message="Command failed: bit init
node:internal/modules/cjs/loader:1075
  throw err;
  ^

Error: Cannot find module &apos;../node_modules/@teambit/bit/dist/app&apos;
Require stack:
- /Users/nitsancohen/.bvm/versions/0.2.29/bit-0.2.29/node_modules/@teambit/legacy/bin/bit.js
    at Module._resolveFilename (node:internal/modules/cjs/loader:1072:15)
    at Module._load (node:internal/modules/cjs/loader:925:27)
    at Module.require (node:internal/modules/cjs/loader:1139:19)
    at require (node:internal/modules/helpers:121:18)
    at Object.&lt;anonymous&gt; (/Users/nitsancohen/.bvm/versions/0.2.29/bit-0.2.29/node_modules/@teambit/legacy/bin/bit.js:3:1)
    at Module._compile (node:internal/modules/cjs/loader:1257:14)
    at Module._extensions..js (node:internal/modules/cjs/loader:1311:10)
    at Module.load (node:internal/modules/cjs/loader:1115:32)
    at Module._load (node:internal/modules/cjs/loader:962:12)
    at Function.executeUserEntryPoint [as runMain] (node:internal/modules/run_main:83:12) {
  code: &apos;MODULE_NOT_FOUND&apos;,
  requireStack: [
    &apos;/Users/nitsancohen/.bvm/versions/0.2.29/bit-0.2.29/node_modules/@teambit/legacy/bin/bit.js&apos;
  ]
}

Node.js v20.3.1
" type="Error"><![CDATA[Error: Command failed: bit init
node:internal/modules/cjs/loader:1075
  throw err;
  ^

Error: Cannot find module '../node_modules/@teambit/bit/dist/app'
Require stack:
- /Users/nitsancohen/.bvm/versions/0.2.29/bit-0.2.29/node_modules/@teambit/legacy/bin/bit.js
    at Module._resolveFilename (node:internal/modules/cjs/loader:1072:15)
    at Module._load (node:internal/modules/cjs/loader:925:27)
    at Module.require (node:internal/modules/cjs/loader:1139:19)
    at require (node:internal/modules/helpers:121:18)
    at Object.<anonymous> (/Users/nitsancohen/.bvm/versions/0.2.29/bit-0.2.29/node_modules/@teambit/legacy/bin/bit.js:3:1)
    at Module._compile (node:internal/modules/cjs/loader:1257:14)
    at Module._extensions..js (node:internal/modules/cjs/loader:1311:10)
    at Module.load (node:internal/modules/cjs/loader:1115:32)
    at Module._load (node:internal/modules/cjs/loader:962:12)
    at Function.executeUserEntryPoint [as runMain] (node:internal/modules/run_main:83:12) {
  code: 'MODULE_NOT_FOUND',
  requireStack: [
    '/Users/nitsancohen/.bvm/versions/0.2.29/bit-0.2.29/node_modules/@teambit/legacy/bin/bit.js'
  ]
}

Node.js v20.3.1

    at checkExecSyncError (node:child_process:885:11)
    at Object.execSync (node:child_process:957:15)
    at CommandHelper.runCmd (src/e2e-helper/e2e-command-helper.ts:64:22)
    at ScopeHelper.initWorkspace (src/e2e-helper/e2e-scope-helper.ts:126:25)
    at ScopeHelper.reInitLocalScope (src/e2e-helper/e2e-scope-helper.ts:87:10)
    at ScopeHelper.setNewLocalAndRemoteScopes (src/e2e-helper/e2e-scope-helper.ts:141:10)
    at Context.<anonymous> (e2e/functionalities/symlink-object-without-component.e2e.3.ts:18:24)
    at processImmediate (node:internal/timers:478:21)]]></failure>
    </testcase>
  </testsuite>
  <testsuite name="workspace config" timestamp="2023-08-21T21:40:27" tests="0" file="/Users/nitsancohen/coding/my-bit/bit/e2e/functionalities/workspace-config.e2e.3.ts" time="0.0000" failures="0">
  </testsuite>
  <testsuite name="overrides components" timestamp="2023-08-21T21:40:27" tests="0" file="/Users/nitsancohen/coding/my-bit/bit/e2e/functionalities/workspace-config.e2e.3.ts" time="0.0000" failures="0">
  </testsuite>
  <testsuite name="changing component dependencies versions" timestamp="2023-08-21T21:40:27" tests="2" file="/Users/nitsancohen/coding/my-bit/bit/e2e/functionalities/workspace-config.e2e.3.ts" time="0.0000" failures="0">
  </testsuite>
  <testsuite name="tagging the component" timestamp="2023-08-21T21:40:27" tests="1" file="/Users/nitsancohen/coding/my-bit/bit/e2e/functionalities/workspace-config.e2e.3.ts" time="0.0000" failures="0">
  </testsuite>
  <testsuite name="ignoring components dependencies" timestamp="2023-08-21T21:40:27" tests="0" file="/Users/nitsancohen/coding/my-bit/bit/e2e/functionalities/workspace-config.e2e.3.ts" time="0.0590" failures="1">
    <testcase name="workspace config overrides components ignoring components dependencies &quot;before all&quot; hook in &quot;ignoring components dependencies&quot;" time="0.0590" classname="&quot;before all&quot; hook in &quot;ignoring components dependencies&quot;">
      <failure message="Command failed: bit init
node:internal/modules/cjs/loader:1075
  throw err;
  ^

Error: Cannot find module &apos;../node_modules/@teambit/bit/dist/app&apos;
Require stack:
- /Users/nitsancohen/.bvm/versions/0.2.29/bit-0.2.29/node_modules/@teambit/legacy/bin/bit.js
    at Module._resolveFilename (node:internal/modules/cjs/loader:1072:15)
    at Module._load (node:internal/modules/cjs/loader:925:27)
    at Module.require (node:internal/modules/cjs/loader:1139:19)
    at require (node:internal/modules/helpers:121:18)
    at Object.&lt;anonymous&gt; (/Users/nitsancohen/.bvm/versions/0.2.29/bit-0.2.29/node_modules/@teambit/legacy/bin/bit.js:3:1)
    at Module._compile (node:internal/modules/cjs/loader:1257:14)
    at Module._extensions..js (node:internal/modules/cjs/loader:1311:10)
    at Module.load (node:internal/modules/cjs/loader:1115:32)
    at Module._load (node:internal/modules/cjs/loader:962:12)
    at Function.executeUserEntryPoint [as runMain] (node:internal/modules/run_main:83:12) {
  code: &apos;MODULE_NOT_FOUND&apos;,
  requireStack: [
    &apos;/Users/nitsancohen/.bvm/versions/0.2.29/bit-0.2.29/node_modules/@teambit/legacy/bin/bit.js&apos;
  ]
}

Node.js v20.3.1
" type="Error"><![CDATA[Error: Command failed: bit init
node:internal/modules/cjs/loader:1075
  throw err;
  ^

Error: Cannot find module '../node_modules/@teambit/bit/dist/app'
Require stack:
- /Users/nitsancohen/.bvm/versions/0.2.29/bit-0.2.29/node_modules/@teambit/legacy/bin/bit.js
    at Module._resolveFilename (node:internal/modules/cjs/loader:1072:15)
    at Module._load (node:internal/modules/cjs/loader:925:27)
    at Module.require (node:internal/modules/cjs/loader:1139:19)
    at require (node:internal/modules/helpers:121:18)
    at Object.<anonymous> (/Users/nitsancohen/.bvm/versions/0.2.29/bit-0.2.29/node_modules/@teambit/legacy/bin/bit.js:3:1)
    at Module._compile (node:internal/modules/cjs/loader:1257:14)
    at Module._extensions..js (node:internal/modules/cjs/loader:1311:10)
    at Module.load (node:internal/modules/cjs/loader:1115:32)
    at Module._load (node:internal/modules/cjs/loader:962:12)
    at Function.executeUserEntryPoint [as runMain] (node:internal/modules/run_main:83:12) {
  code: 'MODULE_NOT_FOUND',
  requireStack: [
    '/Users/nitsancohen/.bvm/versions/0.2.29/bit-0.2.29/node_modules/@teambit/legacy/bin/bit.js'
  ]
}

Node.js v20.3.1

    at checkExecSyncError (node:child_process:885:11)
    at Object.execSync (node:child_process:957:15)
    at CommandHelper.runCmd (src/e2e-helper/e2e-command-helper.ts:64:22)
    at ScopeHelper.initWorkspace (src/e2e-helper/e2e-scope-helper.ts:126:25)
    at ScopeHelper.reInitLocalScope (src/e2e-helper/e2e-scope-helper.ts:87:10)
    at ScopeHelper.setNewLocalAndRemoteScopes (src/e2e-helper/e2e-scope-helper.ts:141:10)
    at Context.<anonymous> (e2e/functionalities/workspace-config.e2e.3.ts:64:28)
    at processImmediate (node:internal/timers:478:21)]]></failure>
    </testcase>
  </testsuite>
  <testsuite name="ignoring packages dependencies" timestamp="2023-08-21T21:40:27" tests="0" file="/Users/nitsancohen/coding/my-bit/bit/e2e/functionalities/workspace-config.e2e.3.ts" time="0.0000" failures="0">
  </testsuite>
  <testsuite name="ignoring a missing package" timestamp="2023-08-21T21:40:27" tests="1" file="/Users/nitsancohen/coding/my-bit/bit/e2e/functionalities/workspace-config.e2e.3.ts" time="0.0600" failures="1">
    <testcase name="workspace config overrides components ignoring packages dependencies ignoring a missing package &quot;before all&quot; hook for &quot;bit status should not show the component as missing packages&quot;" time="0.0600" classname="&quot;before all&quot; hook for &quot;bit status should not show the component as missing packages&quot;">
      <failure message="Command failed: bit init
node:internal/modules/cjs/loader:1075
  throw err;
  ^

Error: Cannot find module &apos;../node_modules/@teambit/bit/dist/app&apos;
Require stack:
- /Users/nitsancohen/.bvm/versions/0.2.29/bit-0.2.29/node_modules/@teambit/legacy/bin/bit.js
    at Module._resolveFilename (node:internal/modules/cjs/loader:1072:15)
    at Module._load (node:internal/modules/cjs/loader:925:27)
    at Module.require (node:internal/modules/cjs/loader:1139:19)
    at require (node:internal/modules/helpers:121:18)
    at Object.&lt;anonymous&gt; (/Users/nitsancohen/.bvm/versions/0.2.29/bit-0.2.29/node_modules/@teambit/legacy/bin/bit.js:3:1)
    at Module._compile (node:internal/modules/cjs/loader:1257:14)
    at Module._extensions..js (node:internal/modules/cjs/loader:1311:10)
    at Module.load (node:internal/modules/cjs/loader:1115:32)
    at Module._load (node:internal/modules/cjs/loader:962:12)
    at Function.executeUserEntryPoint [as runMain] (node:internal/modules/run_main:83:12) {
  code: &apos;MODULE_NOT_FOUND&apos;,
  requireStack: [
    &apos;/Users/nitsancohen/.bvm/versions/0.2.29/bit-0.2.29/node_modules/@teambit/legacy/bin/bit.js&apos;
  ]
}

Node.js v20.3.1
" type="Error"><![CDATA[Error: Command failed: bit init
node:internal/modules/cjs/loader:1075
  throw err;
  ^

Error: Cannot find module '../node_modules/@teambit/bit/dist/app'
Require stack:
- /Users/nitsancohen/.bvm/versions/0.2.29/bit-0.2.29/node_modules/@teambit/legacy/bin/bit.js
    at Module._resolveFilename (node:internal/modules/cjs/loader:1072:15)
    at Module._load (node:internal/modules/cjs/loader:925:27)
    at Module.require (node:internal/modules/cjs/loader:1139:19)
    at require (node:internal/modules/helpers:121:18)
    at Object.<anonymous> (/Users/nitsancohen/.bvm/versions/0.2.29/bit-0.2.29/node_modules/@teambit/legacy/bin/bit.js:3:1)
    at Module._compile (node:internal/modules/cjs/loader:1257:14)
    at Module._extensions..js (node:internal/modules/cjs/loader:1311:10)
    at Module.load (node:internal/modules/cjs/loader:1115:32)
    at Module._load (node:internal/modules/cjs/loader:962:12)
    at Function.executeUserEntryPoint [as runMain] (node:internal/modules/run_main:83:12) {
  code: 'MODULE_NOT_FOUND',
  requireStack: [
    '/Users/nitsancohen/.bvm/versions/0.2.29/bit-0.2.29/node_modules/@teambit/legacy/bin/bit.js'
  ]
}

Node.js v20.3.1

    at checkExecSyncError (node:child_process:885:11)
    at Object.execSync (node:child_process:957:15)
    at CommandHelper.runCmd (src/e2e-helper/e2e-command-helper.ts:64:22)
    at ScopeHelper.initWorkspace (src/e2e-helper/e2e-scope-helper.ts:126:25)
    at ScopeHelper.reInitLocalScope (src/e2e-helper/e2e-scope-helper.ts:87:10)
    at Context.<anonymous> (e2e/functionalities/workspace-config.e2e.3.ts:117:30)
    at processImmediate (node:internal/timers:478:21)]]></failure>
    </testcase>
  </testsuite>
  <testsuite name="ignoring an existing package" timestamp="2023-08-21T21:40:27" tests="2" file="/Users/nitsancohen/coding/my-bit/bit/e2e/functionalities/workspace-config.e2e.3.ts" time="0.0600" failures="1">
    <testcase name="workspace config overrides components ignoring packages dependencies ignoring an existing package &quot;before all&quot; hook for &quot;should ignore the specified package but keep other packages intact&quot;" time="0.0600" classname="&quot;before all&quot; hook for &quot;should ignore the specified package but keep other packages intact&quot;">
      <failure message="Command failed: bit init
node:internal/modules/cjs/loader:1075
  throw err;
  ^

Error: Cannot find module &apos;../node_modules/@teambit/bit/dist/app&apos;
Require stack:
- /Users/nitsancohen/.bvm/versions/0.2.29/bit-0.2.29/node_modules/@teambit/legacy/bin/bit.js
    at Module._resolveFilename (node:internal/modules/cjs/loader:1072:15)
    at Module._load (node:internal/modules/cjs/loader:925:27)
    at Module.require (node:internal/modules/cjs/loader:1139:19)
    at require (node:internal/modules/helpers:121:18)
    at Object.&lt;anonymous&gt; (/Users/nitsancohen/.bvm/versions/0.2.29/bit-0.2.29/node_modules/@teambit/legacy/bin/bit.js:3:1)
    at Module._compile (node:internal/modules/cjs/loader:1257:14)
    at Module._extensions..js (node:internal/modules/cjs/loader:1311:10)
    at Module.load (node:internal/modules/cjs/loader:1115:32)
    at Module._load (node:internal/modules/cjs/loader:962:12)
    at Function.executeUserEntryPoint [as runMain] (node:internal/modules/run_main:83:12) {
  code: &apos;MODULE_NOT_FOUND&apos;,
  requireStack: [
    &apos;/Users/nitsancohen/.bvm/versions/0.2.29/bit-0.2.29/node_modules/@teambit/legacy/bin/bit.js&apos;
  ]
}

Node.js v20.3.1
" type="Error"><![CDATA[Error: Command failed: bit init
node:internal/modules/cjs/loader:1075
  throw err;
  ^

Error: Cannot find module '../node_modules/@teambit/bit/dist/app'
Require stack:
- /Users/nitsancohen/.bvm/versions/0.2.29/bit-0.2.29/node_modules/@teambit/legacy/bin/bit.js
    at Module._resolveFilename (node:internal/modules/cjs/loader:1072:15)
    at Module._load (node:internal/modules/cjs/loader:925:27)
    at Module.require (node:internal/modules/cjs/loader:1139:19)
    at require (node:internal/modules/helpers:121:18)
    at Object.<anonymous> (/Users/nitsancohen/.bvm/versions/0.2.29/bit-0.2.29/node_modules/@teambit/legacy/bin/bit.js:3:1)
    at Module._compile (node:internal/modules/cjs/loader:1257:14)
    at Module._extensions..js (node:internal/modules/cjs/loader:1311:10)
    at Module.load (node:internal/modules/cjs/loader:1115:32)
    at Module._load (node:internal/modules/cjs/loader:962:12)
    at Function.executeUserEntryPoint [as runMain] (node:internal/modules/run_main:83:12) {
  code: 'MODULE_NOT_FOUND',
  requireStack: [
    '/Users/nitsancohen/.bvm/versions/0.2.29/bit-0.2.29/node_modules/@teambit/legacy/bin/bit.js'
  ]
}

Node.js v20.3.1

    at checkExecSyncError (node:child_process:885:11)
    at Object.execSync (node:child_process:957:15)
    at CommandHelper.runCmd (src/e2e-helper/e2e-command-helper.ts:64:22)
    at ScopeHelper.initWorkspace (src/e2e-helper/e2e-scope-helper.ts:126:25)
    at ScopeHelper.reInitLocalScope (src/e2e-helper/e2e-scope-helper.ts:87:10)
    at Context.<anonymous> (e2e/functionalities/workspace-config.e2e.3.ts:140:30)
    at processImmediate (node:internal/timers:478:21)]]></failure>
    </testcase>
  </testsuite>
  <testsuite name="ignoring an existing devDependency package" timestamp="2023-08-21T21:40:28" tests="3" file="/Users/nitsancohen/coding/my-bit/bit/e2e/functionalities/workspace-config.e2e.3.ts" time="0.0590" failures="1">
    <testcase name="workspace config overrides components ignoring packages dependencies ignoring an existing devDependency package &quot;before all&quot; hook for &quot;should ignore the specified package but keep other packages intact&quot;" time="0.0590" classname="&quot;before all&quot; hook for &quot;should ignore the specified package but keep other packages intact&quot;">
      <failure message="Command failed: bit init
node:internal/modules/cjs/loader:1075
  throw err;
  ^

Error: Cannot find module &apos;../node_modules/@teambit/bit/dist/app&apos;
Require stack:
- /Users/nitsancohen/.bvm/versions/0.2.29/bit-0.2.29/node_modules/@teambit/legacy/bin/bit.js
    at Module._resolveFilename (node:internal/modules/cjs/loader:1072:15)
    at Module._load (node:internal/modules/cjs/loader:925:27)
    at Module.require (node:internal/modules/cjs/loader:1139:19)
    at require (node:internal/modules/helpers:121:18)
    at Object.&lt;anonymous&gt; (/Users/nitsancohen/.bvm/versions/0.2.29/bit-0.2.29/node_modules/@teambit/legacy/bin/bit.js:3:1)
    at Module._compile (node:internal/modules/cjs/loader:1257:14)
    at Module._extensions..js (node:internal/modules/cjs/loader:1311:10)
    at Module.load (node:internal/modules/cjs/loader:1115:32)
    at Module._load (node:internal/modules/cjs/loader:962:12)
    at Function.executeUserEntryPoint [as runMain] (node:internal/modules/run_main:83:12) {
  code: &apos;MODULE_NOT_FOUND&apos;,
  requireStack: [
    &apos;/Users/nitsancohen/.bvm/versions/0.2.29/bit-0.2.29/node_modules/@teambit/legacy/bin/bit.js&apos;
  ]
}

Node.js v20.3.1
" type="Error"><![CDATA[Error: Command failed: bit init
node:internal/modules/cjs/loader:1075
  throw err;
  ^

Error: Cannot find module '../node_modules/@teambit/bit/dist/app'
Require stack:
- /Users/nitsancohen/.bvm/versions/0.2.29/bit-0.2.29/node_modules/@teambit/legacy/bin/bit.js
    at Module._resolveFilename (node:internal/modules/cjs/loader:1072:15)
    at Module._load (node:internal/modules/cjs/loader:925:27)
    at Module.require (node:internal/modules/cjs/loader:1139:19)
    at require (node:internal/modules/helpers:121:18)
    at Object.<anonymous> (/Users/nitsancohen/.bvm/versions/0.2.29/bit-0.2.29/node_modules/@teambit/legacy/bin/bit.js:3:1)
    at Module._compile (node:internal/modules/cjs/loader:1257:14)
    at Module._extensions..js (node:internal/modules/cjs/loader:1311:10)
    at Module.load (node:internal/modules/cjs/loader:1115:32)
    at Module._load (node:internal/modules/cjs/loader:962:12)
    at Function.executeUserEntryPoint [as runMain] (node:internal/modules/run_main:83:12) {
  code: 'MODULE_NOT_FOUND',
  requireStack: [
    '/Users/nitsancohen/.bvm/versions/0.2.29/bit-0.2.29/node_modules/@teambit/legacy/bin/bit.js'
  ]
}

Node.js v20.3.1

    at checkExecSyncError (node:child_process:885:11)
    at Object.execSync (node:child_process:957:15)
    at CommandHelper.runCmd (src/e2e-helper/e2e-command-helper.ts:64:22)
    at ScopeHelper.initWorkspace (src/e2e-helper/e2e-scope-helper.ts:126:25)
    at ScopeHelper.reInitLocalScope (src/e2e-helper/e2e-scope-helper.ts:87:10)
    at Context.<anonymous> (e2e/functionalities/workspace-config.e2e.3.ts:167:30)
    at processImmediate (node:internal/timers:478:21)]]></failure>
    </testcase>
  </testsuite>
  <testsuite name="ignoring an existing peerDependency package" timestamp="2023-08-21T21:40:28" tests="4" file="/Users/nitsancohen/coding/my-bit/bit/e2e/functionalities/workspace-config.e2e.3.ts" time="0.0000" failures="0">
  </testsuite>
  <testsuite name="ignoring dependencies components entire flow" timestamp="2023-08-21T21:40:28" tests="0" file="/Users/nitsancohen/coding/my-bit/bit/e2e/functionalities/workspace-config.e2e.3.ts" time="0.0600" failures="1">
    <testcase name="workspace config overrides components ignoring dependencies components entire flow &quot;before all&quot; hook in &quot;ignoring dependencies components entire flow&quot;" time="0.0600" classname="&quot;before all&quot; hook in &quot;ignoring dependencies components entire flow&quot;">
      <failure message="Command failed: bit init
node:internal/modules/cjs/loader:1075
  throw err;
  ^

Error: Cannot find module &apos;../node_modules/@teambit/bit/dist/app&apos;
Require stack:
- /Users/nitsancohen/.bvm/versions/0.2.29/bit-0.2.29/node_modules/@teambit/legacy/bin/bit.js
    at Module._resolveFilename (node:internal/modules/cjs/loader:1072:15)
    at Module._load (node:internal/modules/cjs/loader:925:27)
    at Module.require (node:internal/modules/cjs/loader:1139:19)
    at require (node:internal/modules/helpers:121:18)
    at Object.&lt;anonymous&gt; (/Users/nitsancohen/.bvm/versions/0.2.29/bit-0.2.29/node_modules/@teambit/legacy/bin/bit.js:3:1)
    at Module._compile (node:internal/modules/cjs/loader:1257:14)
    at Module._extensions..js (node:internal/modules/cjs/loader:1311:10)
    at Module.load (node:internal/modules/cjs/loader:1115:32)
    at Module._load (node:internal/modules/cjs/loader:962:12)
    at Function.executeUserEntryPoint [as runMain] (node:internal/modules/run_main:83:12) {
  code: &apos;MODULE_NOT_FOUND&apos;,
  requireStack: [
    &apos;/Users/nitsancohen/.bvm/versions/0.2.29/bit-0.2.29/node_modules/@teambit/legacy/bin/bit.js&apos;
  ]
}

Node.js v20.3.1
" type="Error"><![CDATA[Error: Command failed: bit init
node:internal/modules/cjs/loader:1075
  throw err;
  ^

Error: Cannot find module '../node_modules/@teambit/bit/dist/app'
Require stack:
- /Users/nitsancohen/.bvm/versions/0.2.29/bit-0.2.29/node_modules/@teambit/legacy/bin/bit.js
    at Module._resolveFilename (node:internal/modules/cjs/loader:1072:15)
    at Module._load (node:internal/modules/cjs/loader:925:27)
    at Module.require (node:internal/modules/cjs/loader:1139:19)
    at require (node:internal/modules/helpers:121:18)
    at Object.<anonymous> (/Users/nitsancohen/.bvm/versions/0.2.29/bit-0.2.29/node_modules/@teambit/legacy/bin/bit.js:3:1)
    at Module._compile (node:internal/modules/cjs/loader:1257:14)
    at Module._extensions..js (node:internal/modules/cjs/loader:1311:10)
    at Module.load (node:internal/modules/cjs/loader:1115:32)
    at Module._load (node:internal/modules/cjs/loader:962:12)
    at Function.executeUserEntryPoint [as runMain] (node:internal/modules/run_main:83:12) {
  code: 'MODULE_NOT_FOUND',
  requireStack: [
    '/Users/nitsancohen/.bvm/versions/0.2.29/bit-0.2.29/node_modules/@teambit/legacy/bin/bit.js'
  ]
}

Node.js v20.3.1

    at checkExecSyncError (node:child_process:885:11)
    at Object.execSync (node:child_process:957:15)
    at CommandHelper.runCmd (src/e2e-helper/e2e-command-helper.ts:64:22)
    at ScopeHelper.initWorkspace (src/e2e-helper/e2e-scope-helper.ts:126:25)
    at ScopeHelper.reInitLocalScope (src/e2e-helper/e2e-scope-helper.ts:87:10)
    at ScopeHelper.setNewLocalAndRemoteScopes (src/e2e-helper/e2e-scope-helper.ts:141:10)
    at Context.<anonymous> (e2e/functionalities/workspace-config.e2e.3.ts:239:28)
    at processImmediate (node:internal/timers:478:21)]]></failure>
    </testcase>
  </testsuite>
  <testsuite name="manually adding dependencies" timestamp="2023-08-21T21:40:28" tests="0" file="/Users/nitsancohen/coding/my-bit/bit/e2e/functionalities/workspace-config.e2e.3.ts" time="0.0000" failures="0">
  </testsuite>
  <testsuite name="moving a package from dependencies to peerDependencies" timestamp="2023-08-21T21:40:28" tests="4" file="/Users/nitsancohen/coding/my-bit/bit/e2e/functionalities/workspace-config.e2e.3.ts" time="0.0600" failures="1">
    <testcase name="workspace config overrides components manually adding dependencies moving a package from dependencies to peerDependencies &quot;before all&quot; hook for &quot;should ignore the specified package from dependencies&quot;" time="0.0600" classname="&quot;before all&quot; hook for &quot;should ignore the specified package from dependencies&quot;">
      <failure message="Command failed: bit init
node:internal/modules/cjs/loader:1075
  throw err;
  ^

Error: Cannot find module &apos;../node_modules/@teambit/bit/dist/app&apos;
Require stack:
- /Users/nitsancohen/.bvm/versions/0.2.29/bit-0.2.29/node_modules/@teambit/legacy/bin/bit.js
    at Module._resolveFilename (node:internal/modules/cjs/loader:1072:15)
    at Module._load (node:internal/modules/cjs/loader:925:27)
    at Module.require (node:internal/modules/cjs/loader:1139:19)
    at require (node:internal/modules/helpers:121:18)
    at Object.&lt;anonymous&gt; (/Users/nitsancohen/.bvm/versions/0.2.29/bit-0.2.29/node_modules/@teambit/legacy/bin/bit.js:3:1)
    at Module._compile (node:internal/modules/cjs/loader:1257:14)
    at Module._extensions..js (node:internal/modules/cjs/loader:1311:10)
    at Module.load (node:internal/modules/cjs/loader:1115:32)
    at Module._load (node:internal/modules/cjs/loader:962:12)
    at Function.executeUserEntryPoint [as runMain] (node:internal/modules/run_main:83:12) {
  code: &apos;MODULE_NOT_FOUND&apos;,
  requireStack: [
    &apos;/Users/nitsancohen/.bvm/versions/0.2.29/bit-0.2.29/node_modules/@teambit/legacy/bin/bit.js&apos;
  ]
}

Node.js v20.3.1
" type="Error"><![CDATA[Error: Command failed: bit init
node:internal/modules/cjs/loader:1075
  throw err;
  ^

Error: Cannot find module '../node_modules/@teambit/bit/dist/app'
Require stack:
- /Users/nitsancohen/.bvm/versions/0.2.29/bit-0.2.29/node_modules/@teambit/legacy/bin/bit.js
    at Module._resolveFilename (node:internal/modules/cjs/loader:1072:15)
    at Module._load (node:internal/modules/cjs/loader:925:27)
    at Module.require (node:internal/modules/cjs/loader:1139:19)
    at require (node:internal/modules/helpers:121:18)
    at Object.<anonymous> (/Users/nitsancohen/.bvm/versions/0.2.29/bit-0.2.29/node_modules/@teambit/legacy/bin/bit.js:3:1)
    at Module._compile (node:internal/modules/cjs/loader:1257:14)
    at Module._extensions..js (node:internal/modules/cjs/loader:1311:10)
    at Module.load (node:internal/modules/cjs/loader:1115:32)
    at Module._load (node:internal/modules/cjs/loader:962:12)
    at Function.executeUserEntryPoint [as runMain] (node:internal/modules/run_main:83:12) {
  code: 'MODULE_NOT_FOUND',
  requireStack: [
    '/Users/nitsancohen/.bvm/versions/0.2.29/bit-0.2.29/node_modules/@teambit/legacy/bin/bit.js'
  ]
}

Node.js v20.3.1

    at checkExecSyncError (node:child_process:885:11)
    at Object.execSync (node:child_process:957:15)
    at CommandHelper.runCmd (src/e2e-helper/e2e-command-helper.ts:64:22)
    at ScopeHelper.initWorkspace (src/e2e-helper/e2e-scope-helper.ts:126:25)
    at ScopeHelper.reInitLocalScope (src/e2e-helper/e2e-scope-helper.ts:87:10)
    at Context.<anonymous> (e2e/functionalities/workspace-config.e2e.3.ts:319:30)
    at processImmediate (node:internal/timers:478:21)]]></failure>
    </testcase>
  </testsuite>
  <testsuite name="adding a package with version that does not exist in package.json" timestamp="2023-08-21T21:40:28" tests="2" file="/Users/nitsancohen/coding/my-bit/bit/e2e/functionalities/workspace-config.e2e.3.ts" time="0.0600" failures="1">
    <testcase name="workspace config overrides components manually adding dependencies adding a package with version that does not exist in package.json &quot;before all&quot; hook for &quot;should add the specified package to peerDependencies&quot;" time="0.0600" classname="&quot;before all&quot; hook for &quot;should add the specified package to peerDependencies&quot;">
      <failure message="Command failed: bit init
node:internal/modules/cjs/loader:1075
  throw err;
  ^

Error: Cannot find module &apos;../node_modules/@teambit/bit/dist/app&apos;
Require stack:
- /Users/nitsancohen/.bvm/versions/0.2.29/bit-0.2.29/node_modules/@teambit/legacy/bin/bit.js
    at Module._resolveFilename (node:internal/modules/cjs/loader:1072:15)
    at Module._load (node:internal/modules/cjs/loader:925:27)
    at Module.require (node:internal/modules/cjs/loader:1139:19)
    at require (node:internal/modules/helpers:121:18)
    at Object.&lt;anonymous&gt; (/Users/nitsancohen/.bvm/versions/0.2.29/bit-0.2.29/node_modules/@teambit/legacy/bin/bit.js:3:1)
    at Module._compile (node:internal/modules/cjs/loader:1257:14)
    at Module._extensions..js (node:internal/modules/cjs/loader:1311:10)
    at Module.load (node:internal/modules/cjs/loader:1115:32)
    at Module._load (node:internal/modules/cjs/loader:962:12)
    at Function.executeUserEntryPoint [as runMain] (node:internal/modules/run_main:83:12) {
  code: &apos;MODULE_NOT_FOUND&apos;,
  requireStack: [
    &apos;/Users/nitsancohen/.bvm/versions/0.2.29/bit-0.2.29/node_modules/@teambit/legacy/bin/bit.js&apos;
  ]
}

Node.js v20.3.1
" type="Error"><![CDATA[Error: Command failed: bit init
node:internal/modules/cjs/loader:1075
  throw err;
  ^

Error: Cannot find module '../node_modules/@teambit/bit/dist/app'
Require stack:
- /Users/nitsancohen/.bvm/versions/0.2.29/bit-0.2.29/node_modules/@teambit/legacy/bin/bit.js
    at Module._resolveFilename (node:internal/modules/cjs/loader:1072:15)
    at Module._load (node:internal/modules/cjs/loader:925:27)
    at Module.require (node:internal/modules/cjs/loader:1139:19)
    at require (node:internal/modules/helpers:121:18)
    at Object.<anonymous> (/Users/nitsancohen/.bvm/versions/0.2.29/bit-0.2.29/node_modules/@teambit/legacy/bin/bit.js:3:1)
    at Module._compile (node:internal/modules/cjs/loader:1257:14)
    at Module._extensions..js (node:internal/modules/cjs/loader:1311:10)
    at Module.load (node:internal/modules/cjs/loader:1115:32)
    at Module._load (node:internal/modules/cjs/loader:962:12)
    at Function.executeUserEntryPoint [as runMain] (node:internal/modules/run_main:83:12) {
  code: 'MODULE_NOT_FOUND',
  requireStack: [
    '/Users/nitsancohen/.bvm/versions/0.2.29/bit-0.2.29/node_modules/@teambit/legacy/bin/bit.js'
  ]
}

Node.js v20.3.1

    at checkExecSyncError (node:child_process:885:11)
    at Object.execSync (node:child_process:957:15)
    at CommandHelper.runCmd (src/e2e-helper/e2e-command-helper.ts:64:22)
    at ScopeHelper.initWorkspace (src/e2e-helper/e2e-scope-helper.ts:126:25)
    at ScopeHelper.reInitLocalScope (src/e2e-helper/e2e-scope-helper.ts:87:10)
    at Context.<anonymous> (e2e/functionalities/workspace-config.e2e.3.ts:356:30)
    at processImmediate (node:internal/timers:478:21)]]></failure>
    </testcase>
  </testsuite>
  <testsuite name="adding a package without version that does not exist in package.json" timestamp="2023-08-21T21:40:28" tests="2" file="/Users/nitsancohen/coding/my-bit/bit/e2e/functionalities/workspace-config.e2e.3.ts" time="0.0590" failures="1">
    <testcase name="workspace config overrides components manually adding dependencies adding a package without version that does not exist in package.json &quot;before all&quot; hook for &quot;should not show the package in dependencies&quot;" time="0.0590" classname="&quot;before all&quot; hook for &quot;should not show the package in dependencies&quot;">
      <failure message="Command failed: bit init
node:internal/modules/cjs/loader:1075
  throw err;
  ^

Error: Cannot find module &apos;../node_modules/@teambit/bit/dist/app&apos;
Require stack:
- /Users/nitsancohen/.bvm/versions/0.2.29/bit-0.2.29/node_modules/@teambit/legacy/bin/bit.js
    at Module._resolveFilename (node:internal/modules/cjs/loader:1072:15)
    at Module._load (node:internal/modules/cjs/loader:925:27)
    at Module.require (node:internal/modules/cjs/loader:1139:19)
    at require (node:internal/modules/helpers:121:18)
    at Object.&lt;anonymous&gt; (/Users/nitsancohen/.bvm/versions/0.2.29/bit-0.2.29/node_modules/@teambit/legacy/bin/bit.js:3:1)
    at Module._compile (node:internal/modules/cjs/loader:1257:14)
    at Module._extensions..js (node:internal/modules/cjs/loader:1311:10)
    at Module.load (node:internal/modules/cjs/loader:1115:32)
    at Module._load (node:internal/modules/cjs/loader:962:12)
    at Function.executeUserEntryPoint [as runMain] (node:internal/modules/run_main:83:12) {
  code: &apos;MODULE_NOT_FOUND&apos;,
  requireStack: [
    &apos;/Users/nitsancohen/.bvm/versions/0.2.29/bit-0.2.29/node_modules/@teambit/legacy/bin/bit.js&apos;
  ]
}

Node.js v20.3.1
" type="Error"><![CDATA[Error: Command failed: bit init
node:internal/modules/cjs/loader:1075
  throw err;
  ^

Error: Cannot find module '../node_modules/@teambit/bit/dist/app'
Require stack:
- /Users/nitsancohen/.bvm/versions/0.2.29/bit-0.2.29/node_modules/@teambit/legacy/bin/bit.js
    at Module._resolveFilename (node:internal/modules/cjs/loader:1072:15)
    at Module._load (node:internal/modules/cjs/loader:925:27)
    at Module.require (node:internal/modules/cjs/loader:1139:19)
    at require (node:internal/modules/helpers:121:18)
    at Object.<anonymous> (/Users/nitsancohen/.bvm/versions/0.2.29/bit-0.2.29/node_modules/@teambit/legacy/bin/bit.js:3:1)
    at Module._compile (node:internal/modules/cjs/loader:1257:14)
    at Module._extensions..js (node:internal/modules/cjs/loader:1311:10)
    at Module.load (node:internal/modules/cjs/loader:1115:32)
    at Module._load (node:internal/modules/cjs/loader:962:12)
    at Function.executeUserEntryPoint [as runMain] (node:internal/modules/run_main:83:12) {
  code: 'MODULE_NOT_FOUND',
  requireStack: [
    '/Users/nitsancohen/.bvm/versions/0.2.29/bit-0.2.29/node_modules/@teambit/legacy/bin/bit.js'
  ]
}

Node.js v20.3.1

    at checkExecSyncError (node:child_process:885:11)
    at Object.execSync (node:child_process:957:15)
    at CommandHelper.runCmd (src/e2e-helper/e2e-command-helper.ts:64:22)
    at ScopeHelper.initWorkspace (src/e2e-helper/e2e-scope-helper.ts:126:25)
    at ScopeHelper.reInitLocalScope (src/e2e-helper/e2e-scope-helper.ts:87:10)
    at Context.<anonymous> (e2e/functionalities/workspace-config.e2e.3.ts:379:30)
    at processImmediate (node:internal/timers:478:21)]]></failure>
    </testcase>
  </testsuite>
  <testsuite name="adding a component with a version" timestamp="2023-08-21T21:40:28" tests="2" file="/Users/nitsancohen/coding/my-bit/bit/e2e/functionalities/workspace-config.e2e.3.ts" time="0.0000" failures="0">
  </testsuite>
  <testsuite name="tagging the components" timestamp="2023-08-21T21:40:28" tests="3" file="/Users/nitsancohen/coding/my-bit/bit/e2e/functionalities/workspace-config.e2e.3.ts" time="0.0000" failures="0">
  </testsuite>
  <testsuite name="importing the component" timestamp="2023-08-21T21:40:28" tests="3" file="/Users/nitsancohen/coding/my-bit/bit/e2e/functionalities/workspace-config.e2e.3.ts" time="0.0000" failures="0">
  </testsuite>
  <testsuite name="changing the component name in the overrides to a package syntax" timestamp="2023-08-21T21:40:28" tests="1" file="/Users/nitsancohen/coding/my-bit/bit/e2e/functionalities/workspace-config.e2e.3.ts" time="0.0000" failures="0">
  </testsuite>
  <testsuite name="removing the manually added dependency from the imported" timestamp="2023-08-21T21:40:28" tests="1" file="/Users/nitsancohen/coding/my-bit/bit/e2e/functionalities/workspace-config.e2e.3.ts" time="0.0000" failures="0">
  </testsuite>
  <testsuite name="tagging, exporting the component and then re-import for original author" timestamp="2023-08-21T21:40:28" tests="4" file="/Users/nitsancohen/coding/my-bit/bit/e2e/functionalities/workspace-config.e2e.3.ts" time="0.0000" failures="0">
  </testsuite>
  <testsuite name="adding a component without a version" timestamp="2023-08-21T21:40:28" tests="2" file="/Users/nitsancohen/coding/my-bit/bit/e2e/functionalities/workspace-config.e2e.3.ts" time="0.0000" failures="0">
  </testsuite>
  <testsuite name="tagging the components" timestamp="2023-08-21T21:40:28" tests="3" file="/Users/nitsancohen/coding/my-bit/bit/e2e/functionalities/workspace-config.e2e.3.ts" time="0.0000" failures="0">
  </testsuite>
  <testsuite name="importing the component" timestamp="2023-08-21T21:40:28" tests="3" file="/Users/nitsancohen/coding/my-bit/bit/e2e/functionalities/workspace-config.e2e.3.ts" time="0.0000" failures="0">
  </testsuite>
  <testsuite name="add command on Harmony" timestamp="2023-08-21T21:40:28" tests="0" file="/Users/nitsancohen/coding/my-bit/bit/e2e/harmony/add-harmony.e2e.ts" time="0.0000" failures="0">
  </testsuite>
  <testsuite name="adding files when workspace is new" timestamp="2023-08-21T21:40:28" tests="1" file="/Users/nitsancohen/coding/my-bit/bit/e2e/harmony/add-harmony.e2e.ts" time="0.0610" failures="1">
    <testcase name="add command on Harmony adding files when workspace is new &quot;before all&quot; hook for &quot;should throw an error AddingIndividualFiles&quot;" time="0.0610" classname="&quot;before all&quot; hook for &quot;should throw an error AddingIndividualFiles&quot;">
      <failure message="Command failed: bit init
node:internal/modules/cjs/loader:1075
  throw err;
  ^

Error: Cannot find module &apos;../node_modules/@teambit/bit/dist/app&apos;
Require stack:
- /Users/nitsancohen/.bvm/versions/0.2.29/bit-0.2.29/node_modules/@teambit/legacy/bin/bit.js
    at Module._resolveFilename (node:internal/modules/cjs/loader:1072:15)
    at Module._load (node:internal/modules/cjs/loader:925:27)
    at Module.require (node:internal/modules/cjs/loader:1139:19)
    at require (node:internal/modules/helpers:121:18)
    at Object.&lt;anonymous&gt; (/Users/nitsancohen/.bvm/versions/0.2.29/bit-0.2.29/node_modules/@teambit/legacy/bin/bit.js:3:1)
    at Module._compile (node:internal/modules/cjs/loader:1257:14)
    at Module._extensions..js (node:internal/modules/cjs/loader:1311:10)
    at Module.load (node:internal/modules/cjs/loader:1115:32)
    at Module._load (node:internal/modules/cjs/loader:962:12)
    at Function.executeUserEntryPoint [as runMain] (node:internal/modules/run_main:83:12) {
  code: &apos;MODULE_NOT_FOUND&apos;,
  requireStack: [
    &apos;/Users/nitsancohen/.bvm/versions/0.2.29/bit-0.2.29/node_modules/@teambit/legacy/bin/bit.js&apos;
  ]
}

Node.js v20.3.1
" type="Error"><![CDATA[Error: Command failed: bit init
node:internal/modules/cjs/loader:1075
  throw err;
  ^

Error: Cannot find module '../node_modules/@teambit/bit/dist/app'
Require stack:
- /Users/nitsancohen/.bvm/versions/0.2.29/bit-0.2.29/node_modules/@teambit/legacy/bin/bit.js
    at Module._resolveFilename (node:internal/modules/cjs/loader:1072:15)
    at Module._load (node:internal/modules/cjs/loader:925:27)
    at Module.require (node:internal/modules/cjs/loader:1139:19)
    at require (node:internal/modules/helpers:121:18)
    at Object.<anonymous> (/Users/nitsancohen/.bvm/versions/0.2.29/bit-0.2.29/node_modules/@teambit/legacy/bin/bit.js:3:1)
    at Module._compile (node:internal/modules/cjs/loader:1257:14)
    at Module._extensions..js (node:internal/modules/cjs/loader:1311:10)
    at Module.load (node:internal/modules/cjs/loader:1115:32)
    at Module._load (node:internal/modules/cjs/loader:962:12)
    at Function.executeUserEntryPoint [as runMain] (node:internal/modules/run_main:83:12) {
  code: 'MODULE_NOT_FOUND',
  requireStack: [
    '/Users/nitsancohen/.bvm/versions/0.2.29/bit-0.2.29/node_modules/@teambit/legacy/bin/bit.js'
  ]
}

Node.js v20.3.1

    at checkExecSyncError (node:child_process:885:11)
    at Object.execSync (node:child_process:957:15)
    at CommandHelper.runCmd (src/e2e-helper/e2e-command-helper.ts:64:22)
    at ScopeHelper.initWorkspace (src/e2e-helper/e2e-scope-helper.ts:126:25)
    at ScopeHelper.reInitLocalScope (src/e2e-helper/e2e-scope-helper.ts:87:10)
    at ScopeHelper.setNewLocalAndRemoteScopes (src/e2e-helper/e2e-scope-helper.ts:141:10)
    at Context.<anonymous> (e2e/harmony/add-harmony.e2e.ts:20:26)
    at processImmediate (node:internal/timers:478:21)]]></failure>
    </testcase>
  </testsuite>
  <testsuite name="add a directory inside an existing component" timestamp="2023-08-21T21:40:28" tests="1" file="/Users/nitsancohen/coding/my-bit/bit/e2e/harmony/add-harmony.e2e.ts" time="0.0610" failures="1">
    <testcase name="add command on Harmony add a directory inside an existing component &quot;before all&quot; hook for &quot;should throw a descriptive error about parent-dir is tracked&quot;" time="0.0610" classname="&quot;before all&quot; hook for &quot;should throw a descriptive error about parent-dir is tracked&quot;">
      <failure message="Command failed: bit init
node:internal/modules/cjs/loader:1075
  throw err;
  ^

Error: Cannot find module &apos;../node_modules/@teambit/bit/dist/app&apos;
Require stack:
- /Users/nitsancohen/.bvm/versions/0.2.29/bit-0.2.29/node_modules/@teambit/legacy/bin/bit.js
    at Module._resolveFilename (node:internal/modules/cjs/loader:1072:15)
    at Module._load (node:internal/modules/cjs/loader:925:27)
    at Module.require (node:internal/modules/cjs/loader:1139:19)
    at require (node:internal/modules/helpers:121:18)
    at Object.&lt;anonymous&gt; (/Users/nitsancohen/.bvm/versions/0.2.29/bit-0.2.29/node_modules/@teambit/legacy/bin/bit.js:3:1)
    at Module._compile (node:internal/modules/cjs/loader:1257:14)
    at Module._extensions..js (node:internal/modules/cjs/loader:1311:10)
    at Module.load (node:internal/modules/cjs/loader:1115:32)
    at Module._load (node:internal/modules/cjs/loader:962:12)
    at Function.executeUserEntryPoint [as runMain] (node:internal/modules/run_main:83:12) {
  code: &apos;MODULE_NOT_FOUND&apos;,
  requireStack: [
    &apos;/Users/nitsancohen/.bvm/versions/0.2.29/bit-0.2.29/node_modules/@teambit/legacy/bin/bit.js&apos;
  ]
}

Node.js v20.3.1
" type="Error"><![CDATA[Error: Command failed: bit init
node:internal/modules/cjs/loader:1075
  throw err;
  ^

Error: Cannot find module '../node_modules/@teambit/bit/dist/app'
Require stack:
- /Users/nitsancohen/.bvm/versions/0.2.29/bit-0.2.29/node_modules/@teambit/legacy/bin/bit.js
    at Module._resolveFilename (node:internal/modules/cjs/loader:1072:15)
    at Module._load (node:internal/modules/cjs/loader:925:27)
    at Module.require (node:internal/modules/cjs/loader:1139:19)
    at require (node:internal/modules/helpers:121:18)
    at Object.<anonymous> (/Users/nitsancohen/.bvm/versions/0.2.29/bit-0.2.29/node_modules/@teambit/legacy/bin/bit.js:3:1)
    at Module._compile (node:internal/modules/cjs/loader:1257:14)
    at Module._extensions..js (node:internal/modules/cjs/loader:1311:10)
    at Module.load (node:internal/modules/cjs/loader:1115:32)
    at Module._load (node:internal/modules/cjs/loader:962:12)
    at Function.executeUserEntryPoint [as runMain] (node:internal/modules/run_main:83:12) {
  code: 'MODULE_NOT_FOUND',
  requireStack: [
    '/Users/nitsancohen/.bvm/versions/0.2.29/bit-0.2.29/node_modules/@teambit/legacy/bin/bit.js'
  ]
}

Node.js v20.3.1

    at checkExecSyncError (node:child_process:885:11)
    at Object.execSync (node:child_process:957:15)
    at CommandHelper.runCmd (src/e2e-helper/e2e-command-helper.ts:64:22)
    at ScopeHelper.initWorkspace (src/e2e-helper/e2e-scope-helper.ts:126:25)
    at ScopeHelper.reInitLocalScope (src/e2e-helper/e2e-scope-helper.ts:87:10)
    at Context.<anonymous> (e2e/harmony/add-harmony.e2e.ts:31:26)
    at processImmediate (node:internal/timers:478:21)]]></failure>
    </testcase>
  </testsuite>
  <testsuite name="app command" timestamp="2023-08-21T21:40:28" tests="0" file="/Users/nitsancohen/coding/my-bit/bit/e2e/harmony/app.e2e.ts" time="0.0000" failures="0">
  </testsuite>
  <testsuite name="app run" timestamp="2023-08-21T21:40:28" tests="1" file="/Users/nitsancohen/coding/my-bit/bit/e2e/harmony/app.e2e.ts" time="0.0590" failures="1">
    <testcase name="app command app run &quot;before all&quot; hook for &quot;should support app-id&quot;" time="0.0590" classname="&quot;before all&quot; hook for &quot;should support app-id&quot;">
      <failure message="Command failed: bit init
node:internal/modules/cjs/loader:1075
  throw err;
  ^

Error: Cannot find module &apos;../node_modules/@teambit/bit/dist/app&apos;
Require stack:
- /Users/nitsancohen/.bvm/versions/0.2.29/bit-0.2.29/node_modules/@teambit/legacy/bin/bit.js
    at Module._resolveFilename (node:internal/modules/cjs/loader:1072:15)
    at Module._load (node:internal/modules/cjs/loader:925:27)
    at Module.require (node:internal/modules/cjs/loader:1139:19)
    at require (node:internal/modules/helpers:121:18)
    at Object.&lt;anonymous&gt; (/Users/nitsancohen/.bvm/versions/0.2.29/bit-0.2.29/node_modules/@teambit/legacy/bin/bit.js:3:1)
    at Module._compile (node:internal/modules/cjs/loader:1257:14)
    at Module._extensions..js (node:internal/modules/cjs/loader:1311:10)
    at Module.load (node:internal/modules/cjs/loader:1115:32)
    at Module._load (node:internal/modules/cjs/loader:962:12)
    at Function.executeUserEntryPoint [as runMain] (node:internal/modules/run_main:83:12) {
  code: &apos;MODULE_NOT_FOUND&apos;,
  requireStack: [
    &apos;/Users/nitsancohen/.bvm/versions/0.2.29/bit-0.2.29/node_modules/@teambit/legacy/bin/bit.js&apos;
  ]
}

Node.js v20.3.1
" type="Error"><![CDATA[Error: Command failed: bit init
node:internal/modules/cjs/loader:1075
  throw err;
  ^

Error: Cannot find module '../node_modules/@teambit/bit/dist/app'
Require stack:
- /Users/nitsancohen/.bvm/versions/0.2.29/bit-0.2.29/node_modules/@teambit/legacy/bin/bit.js
    at Module._resolveFilename (node:internal/modules/cjs/loader:1072:15)
    at Module._load (node:internal/modules/cjs/loader:925:27)
    at Module.require (node:internal/modules/cjs/loader:1139:19)
    at require (node:internal/modules/helpers:121:18)
    at Object.<anonymous> (/Users/nitsancohen/.bvm/versions/0.2.29/bit-0.2.29/node_modules/@teambit/legacy/bin/bit.js:3:1)
    at Module._compile (node:internal/modules/cjs/loader:1257:14)
    at Module._extensions..js (node:internal/modules/cjs/loader:1311:10)
    at Module.load (node:internal/modules/cjs/loader:1115:32)
    at Module._load (node:internal/modules/cjs/loader:962:12)
    at Function.executeUserEntryPoint [as runMain] (node:internal/modules/run_main:83:12) {
  code: 'MODULE_NOT_FOUND',
  requireStack: [
    '/Users/nitsancohen/.bvm/versions/0.2.29/bit-0.2.29/node_modules/@teambit/legacy/bin/bit.js'
  ]
}

Node.js v20.3.1

    at checkExecSyncError (node:child_process:885:11)
    at Object.execSync (node:child_process:957:15)
    at CommandHelper.runCmd (src/e2e-helper/e2e-command-helper.ts:64:22)
    at ScopeHelper.initWorkspace (src/e2e-helper/e2e-scope-helper.ts:126:25)
    at ScopeHelper.reInitLocalScope (src/e2e-helper/e2e-scope-helper.ts:87:10)
    at ScopeHelper.setNewLocalAndRemoteScopes (src/e2e-helper/e2e-scope-helper.ts:141:10)
    at Context.<anonymous> (e2e/harmony/app.e2e.ts:17:26)
    at processImmediate (node:internal/timers:478:21)]]></failure>
    </testcase>
  </testsuite>
  <testsuite name="artifacts storage resolver" timestamp="2023-08-21T21:40:28" tests="0" file="/Users/nitsancohen/coding/my-bit/bit/e2e/harmony/artifacts-storage-resolver.e2e.ts" time="0.0600" failures="1">
    <testcase name="artifacts storage resolver &quot;before all&quot; hook in &quot;artifacts storage resolver&quot;" time="0.0600" classname="&quot;before all&quot; hook in &quot;artifacts storage resolver&quot;">
      <failure message="Command failed: bit init
node:internal/modules/cjs/loader:1075
  throw err;
  ^

Error: Cannot find module &apos;../node_modules/@teambit/bit/dist/app&apos;
Require stack:
- /Users/nitsancohen/.bvm/versions/0.2.29/bit-0.2.29/node_modules/@teambit/legacy/bin/bit.js
    at Module._resolveFilename (node:internal/modules/cjs/loader:1072:15)
    at Module._load (node:internal/modules/cjs/loader:925:27)
    at Module.require (node:internal/modules/cjs/loader:1139:19)
    at require (node:internal/modules/helpers:121:18)
    at Object.&lt;anonymous&gt; (/Users/nitsancohen/.bvm/versions/0.2.29/bit-0.2.29/node_modules/@teambit/legacy/bin/bit.js:3:1)
    at Module._compile (node:internal/modules/cjs/loader:1257:14)
    at Module._extensions..js (node:internal/modules/cjs/loader:1311:10)
    at Module.load (node:internal/modules/cjs/loader:1115:32)
    at Module._load (node:internal/modules/cjs/loader:962:12)
    at Function.executeUserEntryPoint [as runMain] (node:internal/modules/run_main:83:12) {
  code: &apos;MODULE_NOT_FOUND&apos;,
  requireStack: [
    &apos;/Users/nitsancohen/.bvm/versions/0.2.29/bit-0.2.29/node_modules/@teambit/legacy/bin/bit.js&apos;
  ]
}

Node.js v20.3.1
" type="Error"><![CDATA[Error: Command failed: bit init
node:internal/modules/cjs/loader:1075
  throw err;
  ^

Error: Cannot find module '../node_modules/@teambit/bit/dist/app'
Require stack:
- /Users/nitsancohen/.bvm/versions/0.2.29/bit-0.2.29/node_modules/@teambit/legacy/bin/bit.js
    at Module._resolveFilename (node:internal/modules/cjs/loader:1072:15)
    at Module._load (node:internal/modules/cjs/loader:925:27)
    at Module.require (node:internal/modules/cjs/loader:1139:19)
    at require (node:internal/modules/helpers:121:18)
    at Object.<anonymous> (/Users/nitsancohen/.bvm/versions/0.2.29/bit-0.2.29/node_modules/@teambit/legacy/bin/bit.js:3:1)
    at Module._compile (node:internal/modules/cjs/loader:1257:14)
    at Module._extensions..js (node:internal/modules/cjs/loader:1311:10)
    at Module.load (node:internal/modules/cjs/loader:1115:32)
    at Module._load (node:internal/modules/cjs/loader:962:12)
    at Function.executeUserEntryPoint [as runMain] (node:internal/modules/run_main:83:12) {
  code: 'MODULE_NOT_FOUND',
  requireStack: [
    '/Users/nitsancohen/.bvm/versions/0.2.29/bit-0.2.29/node_modules/@teambit/legacy/bin/bit.js'
  ]
}

Node.js v20.3.1

    at checkExecSyncError (node:child_process:885:11)
    at Object.execSync (node:child_process:957:15)
    at CommandHelper.runCmd (src/e2e-helper/e2e-command-helper.ts:64:22)
    at ScopeHelper.initWorkspace (src/e2e-helper/e2e-scope-helper.ts:126:25)
    at ScopeHelper.reInitLocalScope (src/e2e-helper/e2e-scope-helper.ts:87:10)
    at ScopeHelper.setNewLocalAndRemoteScopes (src/e2e-helper/e2e-scope-helper.ts:141:10)
    at Context.<anonymous> (e2e/harmony/artifacts-storage-resolver.e2e.ts:14:24)
    at processImmediate (node:internal/timers:478:21)]]></failure>
    </testcase>
  </testsuite>
  <testsuite name="bit artifacts command" timestamp="2023-08-21T21:40:28" tests="0" file="/Users/nitsancohen/coding/my-bit/bit/e2e/harmony/artifacts.e2e.ts" time="0.0000" failures="0">
  </testsuite>
  <testsuite name="staged component that was never exported" timestamp="2023-08-21T21:40:28" tests="2" file="/Users/nitsancohen/coding/my-bit/bit/e2e/harmony/artifacts.e2e.ts" time="0.0600" failures="1">
    <testcase name="bit artifacts command staged component that was never exported &quot;before all&quot; hook for &quot;should not throw an error about missing scope&quot;" time="0.0600" classname="&quot;before all&quot; hook for &quot;should not throw an error about missing scope&quot;">
      <failure message="Command failed: bit init
node:internal/modules/cjs/loader:1075
  throw err;
  ^

Error: Cannot find module &apos;../node_modules/@teambit/bit/dist/app&apos;
Require stack:
- /Users/nitsancohen/.bvm/versions/0.2.29/bit-0.2.29/node_modules/@teambit/legacy/bin/bit.js
    at Module._resolveFilename (node:internal/modules/cjs/loader:1072:15)
    at Module._load (node:internal/modules/cjs/loader:925:27)
    at Module.require (node:internal/modules/cjs/loader:1139:19)
    at require (node:internal/modules/helpers:121:18)
    at Object.&lt;anonymous&gt; (/Users/nitsancohen/.bvm/versions/0.2.29/bit-0.2.29/node_modules/@teambit/legacy/bin/bit.js:3:1)
    at Module._compile (node:internal/modules/cjs/loader:1257:14)
    at Module._extensions..js (node:internal/modules/cjs/loader:1311:10)
    at Module.load (node:internal/modules/cjs/loader:1115:32)
    at Module._load (node:internal/modules/cjs/loader:962:12)
    at Function.executeUserEntryPoint [as runMain] (node:internal/modules/run_main:83:12) {
  code: &apos;MODULE_NOT_FOUND&apos;,
  requireStack: [
    &apos;/Users/nitsancohen/.bvm/versions/0.2.29/bit-0.2.29/node_modules/@teambit/legacy/bin/bit.js&apos;
  ]
}

Node.js v20.3.1
" type="Error"><![CDATA[Error: Command failed: bit init
node:internal/modules/cjs/loader:1075
  throw err;
  ^

Error: Cannot find module '../node_modules/@teambit/bit/dist/app'
Require stack:
- /Users/nitsancohen/.bvm/versions/0.2.29/bit-0.2.29/node_modules/@teambit/legacy/bin/bit.js
    at Module._resolveFilename (node:internal/modules/cjs/loader:1072:15)
    at Module._load (node:internal/modules/cjs/loader:925:27)
    at Module.require (node:internal/modules/cjs/loader:1139:19)
    at require (node:internal/modules/helpers:121:18)
    at Object.<anonymous> (/Users/nitsancohen/.bvm/versions/0.2.29/bit-0.2.29/node_modules/@teambit/legacy/bin/bit.js:3:1)
    at Module._compile (node:internal/modules/cjs/loader:1257:14)
    at Module._extensions..js (node:internal/modules/cjs/loader:1311:10)
    at Module.load (node:internal/modules/cjs/loader:1115:32)
    at Module._load (node:internal/modules/cjs/loader:962:12)
    at Function.executeUserEntryPoint [as runMain] (node:internal/modules/run_main:83:12) {
  code: 'MODULE_NOT_FOUND',
  requireStack: [
    '/Users/nitsancohen/.bvm/versions/0.2.29/bit-0.2.29/node_modules/@teambit/legacy/bin/bit.js'
  ]
}

Node.js v20.3.1

    at checkExecSyncError (node:child_process:885:11)
    at Object.execSync (node:child_process:957:15)
    at CommandHelper.runCmd (src/e2e-helper/e2e-command-helper.ts:64:22)
    at ScopeHelper.initWorkspace (src/e2e-helper/e2e-scope-helper.ts:126:25)
    at ScopeHelper.reInitLocalScope (src/e2e-helper/e2e-scope-helper.ts:87:10)
    at Context.<anonymous> (e2e/harmony/artifacts.e2e.ts:18:26)
    at processImmediate (node:internal/timers:478:21)]]></failure>
    </testcase>
  </testsuite>
  <testsuite name="running the command on a snap" timestamp="2023-08-21T21:40:28" tests="1" file="/Users/nitsancohen/coding/my-bit/bit/e2e/harmony/artifacts.e2e.ts" time="0.0610" failures="1">
    <testcase name="bit artifacts command running the command on a snap &quot;before all&quot; hook for &quot;should not throw an error about non exist component&quot;" time="0.0610" classname="&quot;before all&quot; hook for &quot;should not throw an error about non exist component&quot;">
      <failure message="Command failed: bit init
node:internal/modules/cjs/loader:1075
  throw err;
  ^

Error: Cannot find module &apos;../node_modules/@teambit/bit/dist/app&apos;
Require stack:
- /Users/nitsancohen/.bvm/versions/0.2.29/bit-0.2.29/node_modules/@teambit/legacy/bin/bit.js
    at Module._resolveFilename (node:internal/modules/cjs/loader:1072:15)
    at Module._load (node:internal/modules/cjs/loader:925:27)
    at Module.require (node:internal/modules/cjs/loader:1139:19)
    at require (node:internal/modules/helpers:121:18)
    at Object.&lt;anonymous&gt; (/Users/nitsancohen/.bvm/versions/0.2.29/bit-0.2.29/node_modules/@teambit/legacy/bin/bit.js:3:1)
    at Module._compile (node:internal/modules/cjs/loader:1257:14)
    at Module._extensions..js (node:internal/modules/cjs/loader:1311:10)
    at Module.load (node:internal/modules/cjs/loader:1115:32)
    at Module._load (node:internal/modules/cjs/loader:962:12)
    at Function.executeUserEntryPoint [as runMain] (node:internal/modules/run_main:83:12) {
  code: &apos;MODULE_NOT_FOUND&apos;,
  requireStack: [
    &apos;/Users/nitsancohen/.bvm/versions/0.2.29/bit-0.2.29/node_modules/@teambit/legacy/bin/bit.js&apos;
  ]
}

Node.js v20.3.1
" type="Error"><![CDATA[Error: Command failed: bit init
node:internal/modules/cjs/loader:1075
  throw err;
  ^

Error: Cannot find module '../node_modules/@teambit/bit/dist/app'
Require stack:
- /Users/nitsancohen/.bvm/versions/0.2.29/bit-0.2.29/node_modules/@teambit/legacy/bin/bit.js
    at Module._resolveFilename (node:internal/modules/cjs/loader:1072:15)
    at Module._load (node:internal/modules/cjs/loader:925:27)
    at Module.require (node:internal/modules/cjs/loader:1139:19)
    at require (node:internal/modules/helpers:121:18)
    at Object.<anonymous> (/Users/nitsancohen/.bvm/versions/0.2.29/bit-0.2.29/node_modules/@teambit/legacy/bin/bit.js:3:1)
    at Module._compile (node:internal/modules/cjs/loader:1257:14)
    at Module._extensions..js (node:internal/modules/cjs/loader:1311:10)
    at Module.load (node:internal/modules/cjs/loader:1115:32)
    at Module._load (node:internal/modules/cjs/loader:962:12)
    at Function.executeUserEntryPoint [as runMain] (node:internal/modules/run_main:83:12) {
  code: 'MODULE_NOT_FOUND',
  requireStack: [
    '/Users/nitsancohen/.bvm/versions/0.2.29/bit-0.2.29/node_modules/@teambit/legacy/bin/bit.js'
  ]
}

Node.js v20.3.1

    at checkExecSyncError (node:child_process:885:11)
    at Object.execSync (node:child_process:957:15)
    at CommandHelper.runCmd (src/e2e-helper/e2e-command-helper.ts:64:22)
    at ScopeHelper.initWorkspace (src/e2e-helper/e2e-scope-helper.ts:126:25)
    at ScopeHelper.reInitLocalScope (src/e2e-helper/e2e-scope-helper.ts:87:10)
    at Context.<anonymous> (e2e/harmony/artifacts.e2e.ts:31:26)
    at processImmediate (node:internal/timers:478:21)]]></failure>
    </testcase>
  </testsuite>
  <testsuite name="aspect" timestamp="2023-08-21T21:40:28" tests="0" file="/Users/nitsancohen/coding/my-bit/bit/e2e/harmony/aspect.e2e.ts" time="0.0000" failures="0">
  </testsuite>
  <testsuite name="run bit aspect set then generate component.json" timestamp="2023-08-21T21:40:28" tests="2" file="/Users/nitsancohen/coding/my-bit/bit/e2e/harmony/aspect.e2e.ts" time="0.0590" failures="1">
    <testcase name="aspect run bit aspect set then generate component.json &quot;before all&quot; hook for &quot;should write the aspect into the component.json file&quot;" time="0.0590" classname="&quot;before all&quot; hook for &quot;should write the aspect into the component.json file&quot;">
      <failure message="Command failed: bit init
node:internal/modules/cjs/loader:1075
  throw err;
  ^

Error: Cannot find module &apos;../node_modules/@teambit/bit/dist/app&apos;
Require stack:
- /Users/nitsancohen/.bvm/versions/0.2.29/bit-0.2.29/node_modules/@teambit/legacy/bin/bit.js
    at Module._resolveFilename (node:internal/modules/cjs/loader:1072:15)
    at Module._load (node:internal/modules/cjs/loader:925:27)
    at Module.require (node:internal/modules/cjs/loader:1139:19)
    at require (node:internal/modules/helpers:121:18)
    at Object.&lt;anonymous&gt; (/Users/nitsancohen/.bvm/versions/0.2.29/bit-0.2.29/node_modules/@teambit/legacy/bin/bit.js:3:1)
    at Module._compile (node:internal/modules/cjs/loader:1257:14)
    at Module._extensions..js (node:internal/modules/cjs/loader:1311:10)
    at Module.load (node:internal/modules/cjs/loader:1115:32)
    at Module._load (node:internal/modules/cjs/loader:962:12)
    at Function.executeUserEntryPoint [as runMain] (node:internal/modules/run_main:83:12) {
  code: &apos;MODULE_NOT_FOUND&apos;,
  requireStack: [
    &apos;/Users/nitsancohen/.bvm/versions/0.2.29/bit-0.2.29/node_modules/@teambit/legacy/bin/bit.js&apos;
  ]
}

Node.js v20.3.1
" type="Error"><![CDATA[Error: Command failed: bit init
node:internal/modules/cjs/loader:1075
  throw err;
  ^

Error: Cannot find module '../node_modules/@teambit/bit/dist/app'
Require stack:
- /Users/nitsancohen/.bvm/versions/0.2.29/bit-0.2.29/node_modules/@teambit/legacy/bin/bit.js
    at Module._resolveFilename (node:internal/modules/cjs/loader:1072:15)
    at Module._load (node:internal/modules/cjs/loader:925:27)
    at Module.require (node:internal/modules/cjs/loader:1139:19)
    at require (node:internal/modules/helpers:121:18)
    at Object.<anonymous> (/Users/nitsancohen/.bvm/versions/0.2.29/bit-0.2.29/node_modules/@teambit/legacy/bin/bit.js:3:1)
    at Module._compile (node:internal/modules/cjs/loader:1257:14)
    at Module._extensions..js (node:internal/modules/cjs/loader:1311:10)
    at Module.load (node:internal/modules/cjs/loader:1115:32)
    at Module._load (node:internal/modules/cjs/loader:962:12)
    at Function.executeUserEntryPoint [as runMain] (node:internal/modules/run_main:83:12) {
  code: 'MODULE_NOT_FOUND',
  requireStack: [
    '/Users/nitsancohen/.bvm/versions/0.2.29/bit-0.2.29/node_modules/@teambit/legacy/bin/bit.js'
  ]
}

Node.js v20.3.1

    at checkExecSyncError (node:child_process:885:11)
    at Object.execSync (node:child_process:957:15)
    at CommandHelper.runCmd (src/e2e-helper/e2e-command-helper.ts:64:22)
    at ScopeHelper.initWorkspace (src/e2e-helper/e2e-scope-helper.ts:126:25)
    at ScopeHelper.reInitLocalScope (src/e2e-helper/e2e-scope-helper.ts:87:10)
    at ScopeHelper.setNewLocalAndRemoteScopes (src/e2e-helper/e2e-scope-helper.ts:141:10)
    at Context.<anonymous> (e2e/harmony/aspect.e2e.ts:19:26)
    at processImmediate (node:internal/timers:478:21)]]></failure>
    </testcase>
  </testsuite>
  <testsuite name="aspect loading failures" timestamp="2023-08-21T21:40:28" tests="3" file="/Users/nitsancohen/coding/my-bit/bit/e2e/harmony/aspect.e2e.ts" time="0.0590" failures="1">
    <testcase name="aspect aspect loading failures &quot;before all&quot; hook for &quot;commands with loaders should show a descriptive error&quot;" time="0.0590" classname="&quot;before all&quot; hook for &quot;commands with loaders should show a descriptive error&quot;">
      <failure message="Command failed: bit init
node:internal/modules/cjs/loader:1075
  throw err;
  ^

Error: Cannot find module &apos;../node_modules/@teambit/bit/dist/app&apos;
Require stack:
- /Users/nitsancohen/.bvm/versions/0.2.29/bit-0.2.29/node_modules/@teambit/legacy/bin/bit.js
    at Module._resolveFilename (node:internal/modules/cjs/loader:1072:15)
    at Module._load (node:internal/modules/cjs/loader:925:27)
    at Module.require (node:internal/modules/cjs/loader:1139:19)
    at require (node:internal/modules/helpers:121:18)
    at Object.&lt;anonymous&gt; (/Users/nitsancohen/.bvm/versions/0.2.29/bit-0.2.29/node_modules/@teambit/legacy/bin/bit.js:3:1)
    at Module._compile (node:internal/modules/cjs/loader:1257:14)
    at Module._extensions..js (node:internal/modules/cjs/loader:1311:10)
    at Module.load (node:internal/modules/cjs/loader:1115:32)
    at Module._load (node:internal/modules/cjs/loader:962:12)
    at Function.executeUserEntryPoint [as runMain] (node:internal/modules/run_main:83:12) {
  code: &apos;MODULE_NOT_FOUND&apos;,
  requireStack: [
    &apos;/Users/nitsancohen/.bvm/versions/0.2.29/bit-0.2.29/node_modules/@teambit/legacy/bin/bit.js&apos;
  ]
}

Node.js v20.3.1
" type="Error"><![CDATA[Error: Command failed: bit init
node:internal/modules/cjs/loader:1075
  throw err;
  ^

Error: Cannot find module '../node_modules/@teambit/bit/dist/app'
Require stack:
- /Users/nitsancohen/.bvm/versions/0.2.29/bit-0.2.29/node_modules/@teambit/legacy/bin/bit.js
    at Module._resolveFilename (node:internal/modules/cjs/loader:1072:15)
    at Module._load (node:internal/modules/cjs/loader:925:27)
    at Module.require (node:internal/modules/cjs/loader:1139:19)
    at require (node:internal/modules/helpers:121:18)
    at Object.<anonymous> (/Users/nitsancohen/.bvm/versions/0.2.29/bit-0.2.29/node_modules/@teambit/legacy/bin/bit.js:3:1)
    at Module._compile (node:internal/modules/cjs/loader:1257:14)
    at Module._extensions..js (node:internal/modules/cjs/loader:1311:10)
    at Module.load (node:internal/modules/cjs/loader:1115:32)
    at Module._load (node:internal/modules/cjs/loader:962:12)
    at Function.executeUserEntryPoint [as runMain] (node:internal/modules/run_main:83:12) {
  code: 'MODULE_NOT_FOUND',
  requireStack: [
    '/Users/nitsancohen/.bvm/versions/0.2.29/bit-0.2.29/node_modules/@teambit/legacy/bin/bit.js'
  ]
}

Node.js v20.3.1

    at checkExecSyncError (node:child_process:885:11)
    at Object.execSync (node:child_process:957:15)
    at CommandHelper.runCmd (src/e2e-helper/e2e-command-helper.ts:64:22)
    at ScopeHelper.initWorkspace (src/e2e-helper/e2e-scope-helper.ts:126:25)
    at ScopeHelper.reInitLocalScope (src/e2e-helper/e2e-scope-helper.ts:87:10)
    at ScopeHelper.setNewLocalAndRemoteScopes (src/e2e-helper/e2e-scope-helper.ts:141:10)
    at Context.<anonymous> (e2e/harmony/aspect.e2e.ts:44:26)
    at processImmediate (node:internal/timers:478:21)]]></failure>
    </testcase>
  </testsuite>
  <testsuite name="bit aspect update command" timestamp="2023-08-21T21:40:28" tests="5" file="/Users/nitsancohen/coding/my-bit/bit/e2e/harmony/aspect.e2e.ts" time="0.0590" failures="1">
    <testcase name="aspect bit aspect update command &quot;before all&quot; hook for &quot;should output the affected components&quot;" time="0.0590" classname="&quot;before all&quot; hook for &quot;should output the affected components&quot;">
      <failure message="Command failed: bit init
node:internal/modules/cjs/loader:1075
  throw err;
  ^

Error: Cannot find module &apos;../node_modules/@teambit/bit/dist/app&apos;
Require stack:
- /Users/nitsancohen/.bvm/versions/0.2.29/bit-0.2.29/node_modules/@teambit/legacy/bin/bit.js
    at Module._resolveFilename (node:internal/modules/cjs/loader:1072:15)
    at Module._load (node:internal/modules/cjs/loader:925:27)
    at Module.require (node:internal/modules/cjs/loader:1139:19)
    at require (node:internal/modules/helpers:121:18)
    at Object.&lt;anonymous&gt; (/Users/nitsancohen/.bvm/versions/0.2.29/bit-0.2.29/node_modules/@teambit/legacy/bin/bit.js:3:1)
    at Module._compile (node:internal/modules/cjs/loader:1257:14)
    at Module._extensions..js (node:internal/modules/cjs/loader:1311:10)
    at Module.load (node:internal/modules/cjs/loader:1115:32)
    at Module._load (node:internal/modules/cjs/loader:962:12)
    at Function.executeUserEntryPoint [as runMain] (node:internal/modules/run_main:83:12) {
  code: &apos;MODULE_NOT_FOUND&apos;,
  requireStack: [
    &apos;/Users/nitsancohen/.bvm/versions/0.2.29/bit-0.2.29/node_modules/@teambit/legacy/bin/bit.js&apos;
  ]
}

Node.js v20.3.1
" type="Error"><![CDATA[Error: Command failed: bit init
node:internal/modules/cjs/loader:1075
  throw err;
  ^

Error: Cannot find module '../node_modules/@teambit/bit/dist/app'
Require stack:
- /Users/nitsancohen/.bvm/versions/0.2.29/bit-0.2.29/node_modules/@teambit/legacy/bin/bit.js
    at Module._resolveFilename (node:internal/modules/cjs/loader:1072:15)
    at Module._load (node:internal/modules/cjs/loader:925:27)
    at Module.require (node:internal/modules/cjs/loader:1139:19)
    at require (node:internal/modules/helpers:121:18)
    at Object.<anonymous> (/Users/nitsancohen/.bvm/versions/0.2.29/bit-0.2.29/node_modules/@teambit/legacy/bin/bit.js:3:1)
    at Module._compile (node:internal/modules/cjs/loader:1257:14)
    at Module._extensions..js (node:internal/modules/cjs/loader:1311:10)
    at Module.load (node:internal/modules/cjs/loader:1115:32)
    at Module._load (node:internal/modules/cjs/loader:962:12)
    at Function.executeUserEntryPoint [as runMain] (node:internal/modules/run_main:83:12) {
  code: 'MODULE_NOT_FOUND',
  requireStack: [
    '/Users/nitsancohen/.bvm/versions/0.2.29/bit-0.2.29/node_modules/@teambit/legacy/bin/bit.js'
  ]
}

Node.js v20.3.1

    at checkExecSyncError (node:child_process:885:11)
    at Object.execSync (node:child_process:957:15)
    at CommandHelper.runCmd (src/e2e-helper/e2e-command-helper.ts:64:22)
    at ScopeHelper.initWorkspace (src/e2e-helper/e2e-scope-helper.ts:126:25)
    at ScopeHelper.reInitLocalScope (src/e2e-helper/e2e-scope-helper.ts:87:10)
    at ScopeHelper.setNewLocalAndRemoteScopes (src/e2e-helper/e2e-scope-helper.ts:141:10)
    at Context.<anonymous> (e2e/harmony/aspect.e2e.ts:66:26)
    at processImmediate (node:internal/timers:478:21)]]></failure>
    </testcase>
  </testsuite>
  <testsuite name="bit aspect unset command" timestamp="2023-08-21T21:40:28" tests="0" file="/Users/nitsancohen/coding/my-bit/bit/e2e/harmony/aspect.e2e.ts" time="0.0600" failures="1">
    <testcase name="aspect bit aspect unset command &quot;before all&quot; hook in &quot;bit aspect unset command&quot;" time="0.0600" classname="&quot;before all&quot; hook in &quot;bit aspect unset command&quot;">
      <failure message="Command failed: bit init
node:internal/modules/cjs/loader:1075
  throw err;
  ^

Error: Cannot find module &apos;../node_modules/@teambit/bit/dist/app&apos;
Require stack:
- /Users/nitsancohen/.bvm/versions/0.2.29/bit-0.2.29/node_modules/@teambit/legacy/bin/bit.js
    at Module._resolveFilename (node:internal/modules/cjs/loader:1072:15)
    at Module._load (node:internal/modules/cjs/loader:925:27)
    at Module.require (node:internal/modules/cjs/loader:1139:19)
    at require (node:internal/modules/helpers:121:18)
    at Object.&lt;anonymous&gt; (/Users/nitsancohen/.bvm/versions/0.2.29/bit-0.2.29/node_modules/@teambit/legacy/bin/bit.js:3:1)
    at Module._compile (node:internal/modules/cjs/loader:1257:14)
    at Module._extensions..js (node:internal/modules/cjs/loader:1311:10)
    at Module.load (node:internal/modules/cjs/loader:1115:32)
    at Module._load (node:internal/modules/cjs/loader:962:12)
    at Function.executeUserEntryPoint [as runMain] (node:internal/modules/run_main:83:12) {
  code: &apos;MODULE_NOT_FOUND&apos;,
  requireStack: [
    &apos;/Users/nitsancohen/.bvm/versions/0.2.29/bit-0.2.29/node_modules/@teambit/legacy/bin/bit.js&apos;
  ]
}

Node.js v20.3.1
" type="Error"><![CDATA[Error: Command failed: bit init
node:internal/modules/cjs/loader:1075
  throw err;
  ^

Error: Cannot find module '../node_modules/@teambit/bit/dist/app'
Require stack:
- /Users/nitsancohen/.bvm/versions/0.2.29/bit-0.2.29/node_modules/@teambit/legacy/bin/bit.js
    at Module._resolveFilename (node:internal/modules/cjs/loader:1072:15)
    at Module._load (node:internal/modules/cjs/loader:925:27)
    at Module.require (node:internal/modules/cjs/loader:1139:19)
    at require (node:internal/modules/helpers:121:18)
    at Object.<anonymous> (/Users/nitsancohen/.bvm/versions/0.2.29/bit-0.2.29/node_modules/@teambit/legacy/bin/bit.js:3:1)
    at Module._compile (node:internal/modules/cjs/loader:1257:14)
    at Module._extensions..js (node:internal/modules/cjs/loader:1311:10)
    at Module.load (node:internal/modules/cjs/loader:1115:32)
    at Module._load (node:internal/modules/cjs/loader:962:12)
    at Function.executeUserEntryPoint [as runMain] (node:internal/modules/run_main:83:12) {
  code: 'MODULE_NOT_FOUND',
  requireStack: [
    '/Users/nitsancohen/.bvm/versions/0.2.29/bit-0.2.29/node_modules/@teambit/legacy/bin/bit.js'
  ]
}

Node.js v20.3.1

    at checkExecSyncError (node:child_process:885:11)
    at Object.execSync (node:child_process:957:15)
    at CommandHelper.runCmd (src/e2e-helper/e2e-command-helper.ts:64:22)
    at ScopeHelper.initWorkspace (src/e2e-helper/e2e-scope-helper.ts:126:25)
    at ScopeHelper.reInitLocalScope (src/e2e-helper/e2e-scope-helper.ts:87:10)
    at ScopeHelper.setNewLocalAndRemoteScopes (src/e2e-helper/e2e-scope-helper.ts:141:10)
    at Context.<anonymous> (e2e/harmony/aspect.e2e.ts:116:26)
    at processImmediate (node:internal/timers:478:21)]]></failure>
    </testcase>
  </testsuite>
  <testsuite name="babel compiler" timestamp="2023-08-21T21:40:28" tests="0" file="/Users/nitsancohen/coding/my-bit/bit/e2e/harmony/babel.e2e.ts" time="0.0000" failures="0">
  </testsuite>
  <testsuite name="compile with babel" timestamp="2023-08-21T21:40:28" tests="0" file="/Users/nitsancohen/coding/my-bit/bit/e2e/harmony/babel.e2e.ts" time="0.0000" failures="0">
  </testsuite>
  <testsuite name="compile simple javascript component" timestamp="2023-08-21T21:40:28" tests="4" file="/Users/nitsancohen/coding/my-bit/bit/e2e/harmony/babel.e2e.ts" time="0.0600" failures="1">
    <testcase name="babel compiler compile with babel compile simple javascript component &quot;before all&quot; hook for &quot;should generate dists on the workspace&quot;" time="0.0600" classname="&quot;before all&quot; hook for &quot;should generate dists on the workspace&quot;">
      <failure message="Command failed: bit init
node:internal/modules/cjs/loader:1075
  throw err;
  ^

Error: Cannot find module &apos;../node_modules/@teambit/bit/dist/app&apos;
Require stack:
- /Users/nitsancohen/.bvm/versions/0.2.29/bit-0.2.29/node_modules/@teambit/legacy/bin/bit.js
    at Module._resolveFilename (node:internal/modules/cjs/loader:1072:15)
    at Module._load (node:internal/modules/cjs/loader:925:27)
    at Module.require (node:internal/modules/cjs/loader:1139:19)
    at require (node:internal/modules/helpers:121:18)
    at Object.&lt;anonymous&gt; (/Users/nitsancohen/.bvm/versions/0.2.29/bit-0.2.29/node_modules/@teambit/legacy/bin/bit.js:3:1)
    at Module._compile (node:internal/modules/cjs/loader:1257:14)
    at Module._extensions..js (node:internal/modules/cjs/loader:1311:10)
    at Module.load (node:internal/modules/cjs/loader:1115:32)
    at Module._load (node:internal/modules/cjs/loader:962:12)
    at Function.executeUserEntryPoint [as runMain] (node:internal/modules/run_main:83:12) {
  code: &apos;MODULE_NOT_FOUND&apos;,
  requireStack: [
    &apos;/Users/nitsancohen/.bvm/versions/0.2.29/bit-0.2.29/node_modules/@teambit/legacy/bin/bit.js&apos;
  ]
}

Node.js v20.3.1
" type="Error"><![CDATA[Error: Command failed: bit init
node:internal/modules/cjs/loader:1075
  throw err;
  ^

Error: Cannot find module '../node_modules/@teambit/bit/dist/app'
Require stack:
- /Users/nitsancohen/.bvm/versions/0.2.29/bit-0.2.29/node_modules/@teambit/legacy/bin/bit.js
    at Module._resolveFilename (node:internal/modules/cjs/loader:1072:15)
    at Module._load (node:internal/modules/cjs/loader:925:27)
    at Module.require (node:internal/modules/cjs/loader:1139:19)
    at require (node:internal/modules/helpers:121:18)
    at Object.<anonymous> (/Users/nitsancohen/.bvm/versions/0.2.29/bit-0.2.29/node_modules/@teambit/legacy/bin/bit.js:3:1)
    at Module._compile (node:internal/modules/cjs/loader:1257:14)
    at Module._extensions..js (node:internal/modules/cjs/loader:1311:10)
    at Module.load (node:internal/modules/cjs/loader:1115:32)
    at Module._load (node:internal/modules/cjs/loader:962:12)
    at Function.executeUserEntryPoint [as runMain] (node:internal/modules/run_main:83:12) {
  code: 'MODULE_NOT_FOUND',
  requireStack: [
    '/Users/nitsancohen/.bvm/versions/0.2.29/bit-0.2.29/node_modules/@teambit/legacy/bin/bit.js'
  ]
}

Node.js v20.3.1

    at checkExecSyncError (node:child_process:885:11)
    at Object.execSync (node:child_process:957:15)
    at CommandHelper.runCmd (src/e2e-helper/e2e-command-helper.ts:64:22)
    at ScopeHelper.initWorkspace (src/e2e-helper/e2e-scope-helper.ts:126:25)
    at ScopeHelper.reInitLocalScope (src/e2e-helper/e2e-scope-helper.ts:87:10)
    at ScopeHelper.setNewLocalAndRemoteScopes (src/e2e-helper/e2e-scope-helper.ts:141:10)
    at Context.<anonymous> (e2e/harmony/babel.e2e.ts:25:28)
    at processImmediate (node:internal/timers:478:21)]]></failure>
    </testcase>
  </testsuite>
  <testsuite name="handling binary files in Bit" timestamp="2023-08-21T21:40:29" tests="0" file="/Users/nitsancohen/coding/my-bit/bit/e2e/harmony/binary-files.e2e.ts" time="0.0000" failures="0">
  </testsuite>
  <testsuite name="checkout with a binary file" timestamp="2023-08-21T21:40:29" tests="0" file="/Users/nitsancohen/coding/my-bit/bit/e2e/harmony/binary-files.e2e.ts" time="0.0600" failures="1">
    <testcase name="handling binary files in Bit checkout with a binary file &quot;before all&quot; hook in &quot;checkout with a binary file&quot;" time="0.0600" classname="&quot;before all&quot; hook in &quot;checkout with a binary file&quot;">
      <failure message="Command failed: bit init
node:internal/modules/cjs/loader:1075
  throw err;
  ^

Error: Cannot find module &apos;../node_modules/@teambit/bit/dist/app&apos;
Require stack:
- /Users/nitsancohen/.bvm/versions/0.2.29/bit-0.2.29/node_modules/@teambit/legacy/bin/bit.js
    at Module._resolveFilename (node:internal/modules/cjs/loader:1072:15)
    at Module._load (node:internal/modules/cjs/loader:925:27)
    at Module.require (node:internal/modules/cjs/loader:1139:19)
    at require (node:internal/modules/helpers:121:18)
    at Object.&lt;anonymous&gt; (/Users/nitsancohen/.bvm/versions/0.2.29/bit-0.2.29/node_modules/@teambit/legacy/bin/bit.js:3:1)
    at Module._compile (node:internal/modules/cjs/loader:1257:14)
    at Module._extensions..js (node:internal/modules/cjs/loader:1311:10)
    at Module.load (node:internal/modules/cjs/loader:1115:32)
    at Module._load (node:internal/modules/cjs/loader:962:12)
    at Function.executeUserEntryPoint [as runMain] (node:internal/modules/run_main:83:12) {
  code: &apos;MODULE_NOT_FOUND&apos;,
  requireStack: [
    &apos;/Users/nitsancohen/.bvm/versions/0.2.29/bit-0.2.29/node_modules/@teambit/legacy/bin/bit.js&apos;
  ]
}

Node.js v20.3.1
" type="Error"><![CDATA[Error: Command failed: bit init
node:internal/modules/cjs/loader:1075
  throw err;
  ^

Error: Cannot find module '../node_modules/@teambit/bit/dist/app'
Require stack:
- /Users/nitsancohen/.bvm/versions/0.2.29/bit-0.2.29/node_modules/@teambit/legacy/bin/bit.js
    at Module._resolveFilename (node:internal/modules/cjs/loader:1072:15)
    at Module._load (node:internal/modules/cjs/loader:925:27)
    at Module.require (node:internal/modules/cjs/loader:1139:19)
    at require (node:internal/modules/helpers:121:18)
    at Object.<anonymous> (/Users/nitsancohen/.bvm/versions/0.2.29/bit-0.2.29/node_modules/@teambit/legacy/bin/bit.js:3:1)
    at Module._compile (node:internal/modules/cjs/loader:1257:14)
    at Module._extensions..js (node:internal/modules/cjs/loader:1311:10)
    at Module.load (node:internal/modules/cjs/loader:1115:32)
    at Module._load (node:internal/modules/cjs/loader:962:12)
    at Function.executeUserEntryPoint [as runMain] (node:internal/modules/run_main:83:12) {
  code: 'MODULE_NOT_FOUND',
  requireStack: [
    '/Users/nitsancohen/.bvm/versions/0.2.29/bit-0.2.29/node_modules/@teambit/legacy/bin/bit.js'
  ]
}

Node.js v20.3.1

    at checkExecSyncError (node:child_process:885:11)
    at Object.execSync (node:child_process:957:15)
    at CommandHelper.runCmd (src/e2e-helper/e2e-command-helper.ts:64:22)
    at ScopeHelper.initWorkspace (src/e2e-helper/e2e-scope-helper.ts:126:25)
    at ScopeHelper.reInitLocalScope (src/e2e-helper/e2e-scope-helper.ts:87:10)
    at ScopeHelper.setNewLocalAndRemoteScopes (src/e2e-helper/e2e-scope-helper.ts:141:10)
    at Context.<anonymous> (e2e/harmony/binary-files.e2e.ts:17:26)
    at processImmediate (node:internal/timers:478:21)]]></failure>
    </testcase>
  </testsuite>
  <testsuite name="build command" timestamp="2023-08-21T21:40:29" tests="0" file="/Users/nitsancohen/coding/my-bit/bit/e2e/harmony/build-cmd.e2e.ts" time="0.0000" failures="0">
  </testsuite>
  <testsuite name="an mdx dependency of a react env" timestamp="2023-08-21T21:40:29" tests="1" file="/Users/nitsancohen/coding/my-bit/bit/e2e/harmony/build-cmd.e2e.ts" time="0.0600" failures="1">
    <testcase name="build command an mdx dependency of a react env &quot;before all&quot; hook for &quot;should respect the shouldCopyNonSupportedFiles of the component compiler and ignore compilers of other envs&quot;" time="0.0600" classname="&quot;before all&quot; hook for &quot;should respect the shouldCopyNonSupportedFiles of the component compiler and ignore compilers of other envs&quot;">
      <failure message="Command failed: bit init
node:internal/modules/cjs/loader:1075
  throw err;
  ^

Error: Cannot find module &apos;../node_modules/@teambit/bit/dist/app&apos;
Require stack:
- /Users/nitsancohen/.bvm/versions/0.2.29/bit-0.2.29/node_modules/@teambit/legacy/bin/bit.js
    at Module._resolveFilename (node:internal/modules/cjs/loader:1072:15)
    at Module._load (node:internal/modules/cjs/loader:925:27)
    at Module.require (node:internal/modules/cjs/loader:1139:19)
    at require (node:internal/modules/helpers:121:18)
    at Object.&lt;anonymous&gt; (/Users/nitsancohen/.bvm/versions/0.2.29/bit-0.2.29/node_modules/@teambit/legacy/bin/bit.js:3:1)
    at Module._compile (node:internal/modules/cjs/loader:1257:14)
    at Module._extensions..js (node:internal/modules/cjs/loader:1311:10)
    at Module.load (node:internal/modules/cjs/loader:1115:32)
    at Module._load (node:internal/modules/cjs/loader:962:12)
    at Function.executeUserEntryPoint [as runMain] (node:internal/modules/run_main:83:12) {
  code: &apos;MODULE_NOT_FOUND&apos;,
  requireStack: [
    &apos;/Users/nitsancohen/.bvm/versions/0.2.29/bit-0.2.29/node_modules/@teambit/legacy/bin/bit.js&apos;
  ]
}

Node.js v20.3.1
" type="Error"><![CDATA[Error: Command failed: bit init
node:internal/modules/cjs/loader:1075
  throw err;
  ^

Error: Cannot find module '../node_modules/@teambit/bit/dist/app'
Require stack:
- /Users/nitsancohen/.bvm/versions/0.2.29/bit-0.2.29/node_modules/@teambit/legacy/bin/bit.js
    at Module._resolveFilename (node:internal/modules/cjs/loader:1072:15)
    at Module._load (node:internal/modules/cjs/loader:925:27)
    at Module.require (node:internal/modules/cjs/loader:1139:19)
    at require (node:internal/modules/helpers:121:18)
    at Object.<anonymous> (/Users/nitsancohen/.bvm/versions/0.2.29/bit-0.2.29/node_modules/@teambit/legacy/bin/bit.js:3:1)
    at Module._compile (node:internal/modules/cjs/loader:1257:14)
    at Module._extensions..js (node:internal/modules/cjs/loader:1311:10)
    at Module.load (node:internal/modules/cjs/loader:1115:32)
    at Module._load (node:internal/modules/cjs/loader:962:12)
    at Function.executeUserEntryPoint [as runMain] (node:internal/modules/run_main:83:12) {
  code: 'MODULE_NOT_FOUND',
  requireStack: [
    '/Users/nitsancohen/.bvm/versions/0.2.29/bit-0.2.29/node_modules/@teambit/legacy/bin/bit.js'
  ]
}

Node.js v20.3.1

    at checkExecSyncError (node:child_process:885:11)
    at Object.execSync (node:child_process:957:15)
    at CommandHelper.runCmd (src/e2e-helper/e2e-command-helper.ts:64:22)
    at ScopeHelper.initWorkspace (src/e2e-helper/e2e-scope-helper.ts:126:25)
    at ScopeHelper.reInitLocalScope (src/e2e-helper/e2e-scope-helper.ts:87:10)
    at Context.<anonymous> (e2e/harmony/build-cmd.e2e.ts:26:26)
    at processImmediate (node:internal/timers:478:21)]]></failure>
    </testcase>
  </testsuite>
  <testsuite name="list tasks" timestamp="2023-08-21T21:40:29" tests="1" file="/Users/nitsancohen/coding/my-bit/bit/e2e/harmony/build-cmd.e2e.ts" time="0.0600" failures="1">
    <testcase name="build command list tasks &quot;before all&quot; hook for &quot;should list the publish task in the tagPipeline but not in the snapPipeline&quot;" time="0.0600" classname="&quot;before all&quot; hook for &quot;should list the publish task in the tagPipeline but not in the snapPipeline&quot;">
      <failure message="Command failed: bit init
node:internal/modules/cjs/loader:1075
  throw err;
  ^

Error: Cannot find module &apos;../node_modules/@teambit/bit/dist/app&apos;
Require stack:
- /Users/nitsancohen/.bvm/versions/0.2.29/bit-0.2.29/node_modules/@teambit/legacy/bin/bit.js
    at Module._resolveFilename (node:internal/modules/cjs/loader:1072:15)
    at Module._load (node:internal/modules/cjs/loader:925:27)
    at Module.require (node:internal/modules/cjs/loader:1139:19)
    at require (node:internal/modules/helpers:121:18)
    at Object.&lt;anonymous&gt; (/Users/nitsancohen/.bvm/versions/0.2.29/bit-0.2.29/node_modules/@teambit/legacy/bin/bit.js:3:1)
    at Module._compile (node:internal/modules/cjs/loader:1257:14)
    at Module._extensions..js (node:internal/modules/cjs/loader:1311:10)
    at Module.load (node:internal/modules/cjs/loader:1115:32)
    at Module._load (node:internal/modules/cjs/loader:962:12)
    at Function.executeUserEntryPoint [as runMain] (node:internal/modules/run_main:83:12) {
  code: &apos;MODULE_NOT_FOUND&apos;,
  requireStack: [
    &apos;/Users/nitsancohen/.bvm/versions/0.2.29/bit-0.2.29/node_modules/@teambit/legacy/bin/bit.js&apos;
  ]
}

Node.js v20.3.1
" type="Error"><![CDATA[Error: Command failed: bit init
node:internal/modules/cjs/loader:1075
  throw err;
  ^

Error: Cannot find module '../node_modules/@teambit/bit/dist/app'
Require stack:
- /Users/nitsancohen/.bvm/versions/0.2.29/bit-0.2.29/node_modules/@teambit/legacy/bin/bit.js
    at Module._resolveFilename (node:internal/modules/cjs/loader:1072:15)
    at Module._load (node:internal/modules/cjs/loader:925:27)
    at Module.require (node:internal/modules/cjs/loader:1139:19)
    at require (node:internal/modules/helpers:121:18)
    at Object.<anonymous> (/Users/nitsancohen/.bvm/versions/0.2.29/bit-0.2.29/node_modules/@teambit/legacy/bin/bit.js:3:1)
    at Module._compile (node:internal/modules/cjs/loader:1257:14)
    at Module._extensions..js (node:internal/modules/cjs/loader:1311:10)
    at Module.load (node:internal/modules/cjs/loader:1115:32)
    at Module._load (node:internal/modules/cjs/loader:962:12)
    at Function.executeUserEntryPoint [as runMain] (node:internal/modules/run_main:83:12) {
  code: 'MODULE_NOT_FOUND',
  requireStack: [
    '/Users/nitsancohen/.bvm/versions/0.2.29/bit-0.2.29/node_modules/@teambit/legacy/bin/bit.js'
  ]
}

Node.js v20.3.1

    at checkExecSyncError (node:child_process:885:11)
    at Object.execSync (node:child_process:957:15)
    at CommandHelper.runCmd (src/e2e-helper/e2e-command-helper.ts:64:22)
    at ScopeHelper.initWorkspace (src/e2e-helper/e2e-scope-helper.ts:126:25)
    at ScopeHelper.reInitLocalScope (src/e2e-helper/e2e-scope-helper.ts:87:10)
    at ScopeHelper.setNewLocalAndRemoteScopes (src/e2e-helper/e2e-scope-helper.ts:141:10)
    at Context.<anonymous> (e2e/harmony/build-cmd.e2e.ts:53:26)
    at processImmediate (node:internal/timers:478:21)]]></failure>
    </testcase>
  </testsuite>
  <testsuite name="registering the publish task for the snap pipeline in a new-custom env" timestamp="2023-08-21T21:40:29" tests="1" file="/Users/nitsancohen/coding/my-bit/bit/e2e/harmony/build-cmd.e2e.ts" time="0.0600" failures="1">
    <testcase name="build command registering the publish task for the snap pipeline in a new-custom env &quot;before all&quot; hook for &quot;should list the publish task in the tagPipeline AND in the snapPipeline as well&quot;" time="0.0600" classname="&quot;before all&quot; hook for &quot;should list the publish task in the tagPipeline AND in the snapPipeline as well&quot;">
      <failure message="Command failed: bit init
node:internal/modules/cjs/loader:1075
  throw err;
  ^

Error: Cannot find module &apos;../node_modules/@teambit/bit/dist/app&apos;
Require stack:
- /Users/nitsancohen/.bvm/versions/0.2.29/bit-0.2.29/node_modules/@teambit/legacy/bin/bit.js
    at Module._resolveFilename (node:internal/modules/cjs/loader:1072:15)
    at Module._load (node:internal/modules/cjs/loader:925:27)
    at Module.require (node:internal/modules/cjs/loader:1139:19)
    at require (node:internal/modules/helpers:121:18)
    at Object.&lt;anonymous&gt; (/Users/nitsancohen/.bvm/versions/0.2.29/bit-0.2.29/node_modules/@teambit/legacy/bin/bit.js:3:1)
    at Module._compile (node:internal/modules/cjs/loader:1257:14)
    at Module._extensions..js (node:internal/modules/cjs/loader:1311:10)
    at Module.load (node:internal/modules/cjs/loader:1115:32)
    at Module._load (node:internal/modules/cjs/loader:962:12)
    at Function.executeUserEntryPoint [as runMain] (node:internal/modules/run_main:83:12) {
  code: &apos;MODULE_NOT_FOUND&apos;,
  requireStack: [
    &apos;/Users/nitsancohen/.bvm/versions/0.2.29/bit-0.2.29/node_modules/@teambit/legacy/bin/bit.js&apos;
  ]
}

Node.js v20.3.1
" type="Error"><![CDATA[Error: Command failed: bit init
node:internal/modules/cjs/loader:1075
  throw err;
  ^

Error: Cannot find module '../node_modules/@teambit/bit/dist/app'
Require stack:
- /Users/nitsancohen/.bvm/versions/0.2.29/bit-0.2.29/node_modules/@teambit/legacy/bin/bit.js
    at Module._resolveFilename (node:internal/modules/cjs/loader:1072:15)
    at Module._load (node:internal/modules/cjs/loader:925:27)
    at Module.require (node:internal/modules/cjs/loader:1139:19)
    at require (node:internal/modules/helpers:121:18)
    at Object.<anonymous> (/Users/nitsancohen/.bvm/versions/0.2.29/bit-0.2.29/node_modules/@teambit/legacy/bin/bit.js:3:1)
    at Module._compile (node:internal/modules/cjs/loader:1257:14)
    at Module._extensions..js (node:internal/modules/cjs/loader:1311:10)
    at Module.load (node:internal/modules/cjs/loader:1115:32)
    at Module._load (node:internal/modules/cjs/loader:962:12)
    at Function.executeUserEntryPoint [as runMain] (node:internal/modules/run_main:83:12) {
  code: 'MODULE_NOT_FOUND',
  requireStack: [
    '/Users/nitsancohen/.bvm/versions/0.2.29/bit-0.2.29/node_modules/@teambit/legacy/bin/bit.js'
  ]
}

Node.js v20.3.1

    at checkExecSyncError (node:child_process:885:11)
    at Object.execSync (node:child_process:957:15)
    at CommandHelper.runCmd (src/e2e-helper/e2e-command-helper.ts:64:22)
    at ScopeHelper.initWorkspace (src/e2e-helper/e2e-scope-helper.ts:126:25)
    at ScopeHelper.reInitLocalScope (src/e2e-helper/e2e-scope-helper.ts:87:10)
    at Context.<anonymous> (e2e/harmony/build-cmd.e2e.ts:70:26)
    at processImmediate (node:internal/timers:478:21)]]></failure>
    </testcase>
  </testsuite>
  <testsuite name="dist file is deleted from the remote" timestamp="2023-08-21T21:40:29" tests="2" file="/Users/nitsancohen/coding/my-bit/bit/e2e/harmony/build-cmd.e2e.ts" time="0.0600" failures="1">
    <testcase name="build command dist file is deleted from the remote &quot;before all&quot; hook for &quot;the error should mention the remote where the error is coming from&quot;" time="0.0600" classname="&quot;before all&quot; hook for &quot;the error should mention the remote where the error is coming from&quot;">
      <failure message="Command failed: bit init
node:internal/modules/cjs/loader:1075
  throw err;
  ^

Error: Cannot find module &apos;../node_modules/@teambit/bit/dist/app&apos;
Require stack:
- /Users/nitsancohen/.bvm/versions/0.2.29/bit-0.2.29/node_modules/@teambit/legacy/bin/bit.js
    at Module._resolveFilename (node:internal/modules/cjs/loader:1072:15)
    at Module._load (node:internal/modules/cjs/loader:925:27)
    at Module.require (node:internal/modules/cjs/loader:1139:19)
    at require (node:internal/modules/helpers:121:18)
    at Object.&lt;anonymous&gt; (/Users/nitsancohen/.bvm/versions/0.2.29/bit-0.2.29/node_modules/@teambit/legacy/bin/bit.js:3:1)
    at Module._compile (node:internal/modules/cjs/loader:1257:14)
    at Module._extensions..js (node:internal/modules/cjs/loader:1311:10)
    at Module.load (node:internal/modules/cjs/loader:1115:32)
    at Module._load (node:internal/modules/cjs/loader:962:12)
    at Function.executeUserEntryPoint [as runMain] (node:internal/modules/run_main:83:12) {
  code: &apos;MODULE_NOT_FOUND&apos;,
  requireStack: [
    &apos;/Users/nitsancohen/.bvm/versions/0.2.29/bit-0.2.29/node_modules/@teambit/legacy/bin/bit.js&apos;
  ]
}

Node.js v20.3.1
" type="Error"><![CDATA[Error: Command failed: bit init
node:internal/modules/cjs/loader:1075
  throw err;
  ^

Error: Cannot find module '../node_modules/@teambit/bit/dist/app'
Require stack:
- /Users/nitsancohen/.bvm/versions/0.2.29/bit-0.2.29/node_modules/@teambit/legacy/bin/bit.js
    at Module._resolveFilename (node:internal/modules/cjs/loader:1072:15)
    at Module._load (node:internal/modules/cjs/loader:925:27)
    at Module.require (node:internal/modules/cjs/loader:1139:19)
    at require (node:internal/modules/helpers:121:18)
    at Object.<anonymous> (/Users/nitsancohen/.bvm/versions/0.2.29/bit-0.2.29/node_modules/@teambit/legacy/bin/bit.js:3:1)
    at Module._compile (node:internal/modules/cjs/loader:1257:14)
    at Module._extensions..js (node:internal/modules/cjs/loader:1311:10)
    at Module.load (node:internal/modules/cjs/loader:1115:32)
    at Module._load (node:internal/modules/cjs/loader:962:12)
    at Function.executeUserEntryPoint [as runMain] (node:internal/modules/run_main:83:12) {
  code: 'MODULE_NOT_FOUND',
  requireStack: [
    '/Users/nitsancohen/.bvm/versions/0.2.29/bit-0.2.29/node_modules/@teambit/legacy/bin/bit.js'
  ]
}

Node.js v20.3.1

    at checkExecSyncError (node:child_process:885:11)
    at Object.execSync (node:child_process:957:15)
    at CommandHelper.runCmd (src/e2e-helper/e2e-command-helper.ts:64:22)
    at ScopeHelper.initWorkspace (src/e2e-helper/e2e-scope-helper.ts:126:25)
    at ScopeHelper.reInitLocalScope (src/e2e-helper/e2e-scope-helper.ts:87:10)
    at ScopeHelper.setNewLocalAndRemoteScopes (src/e2e-helper/e2e-scope-helper.ts:141:10)
    at Context.<anonymous> (e2e/harmony/build-cmd.e2e.ts:93:26)
    at processImmediate (node:internal/timers:478:21)]]></failure>
    </testcase>
  </testsuite>
  <testsuite name="bit checkout command" timestamp="2023-08-21T21:40:29" tests="0" file="/Users/nitsancohen/coding/my-bit/bit/e2e/harmony/checkout-harmony.e2e.ts" time="0.0600" failures="1">
    <testcase name="bit checkout command &quot;before all&quot; hook in &quot;bit checkout command&quot;" time="0.0600" classname="&quot;before all&quot; hook in &quot;bit checkout command&quot;">
      <failure message="Command failed: bit init
node:internal/modules/cjs/loader:1075
  throw err;
  ^

Error: Cannot find module &apos;../node_modules/@teambit/bit/dist/app&apos;
Require stack:
- /Users/nitsancohen/.bvm/versions/0.2.29/bit-0.2.29/node_modules/@teambit/legacy/bin/bit.js
    at Module._resolveFilename (node:internal/modules/cjs/loader:1072:15)
    at Module._load (node:internal/modules/cjs/loader:925:27)
    at Module.require (node:internal/modules/cjs/loader:1139:19)
    at require (node:internal/modules/helpers:121:18)
    at Object.&lt;anonymous&gt; (/Users/nitsancohen/.bvm/versions/0.2.29/bit-0.2.29/node_modules/@teambit/legacy/bin/bit.js:3:1)
    at Module._compile (node:internal/modules/cjs/loader:1257:14)
    at Module._extensions..js (node:internal/modules/cjs/loader:1311:10)
    at Module.load (node:internal/modules/cjs/loader:1115:32)
    at Module._load (node:internal/modules/cjs/loader:962:12)
    at Function.executeUserEntryPoint [as runMain] (node:internal/modules/run_main:83:12) {
  code: &apos;MODULE_NOT_FOUND&apos;,
  requireStack: [
    &apos;/Users/nitsancohen/.bvm/versions/0.2.29/bit-0.2.29/node_modules/@teambit/legacy/bin/bit.js&apos;
  ]
}

Node.js v20.3.1
" type="Error"><![CDATA[Error: Command failed: bit init
node:internal/modules/cjs/loader:1075
  throw err;
  ^

Error: Cannot find module '../node_modules/@teambit/bit/dist/app'
Require stack:
- /Users/nitsancohen/.bvm/versions/0.2.29/bit-0.2.29/node_modules/@teambit/legacy/bin/bit.js
    at Module._resolveFilename (node:internal/modules/cjs/loader:1072:15)
    at Module._load (node:internal/modules/cjs/loader:925:27)
    at Module.require (node:internal/modules/cjs/loader:1139:19)
    at require (node:internal/modules/helpers:121:18)
    at Object.<anonymous> (/Users/nitsancohen/.bvm/versions/0.2.29/bit-0.2.29/node_modules/@teambit/legacy/bin/bit.js:3:1)
    at Module._compile (node:internal/modules/cjs/loader:1257:14)
    at Module._extensions..js (node:internal/modules/cjs/loader:1311:10)
    at Module.load (node:internal/modules/cjs/loader:1115:32)
    at Module._load (node:internal/modules/cjs/loader:962:12)
    at Function.executeUserEntryPoint [as runMain] (node:internal/modules/run_main:83:12) {
  code: 'MODULE_NOT_FOUND',
  requireStack: [
    '/Users/nitsancohen/.bvm/versions/0.2.29/bit-0.2.29/node_modules/@teambit/legacy/bin/bit.js'
  ]
}

Node.js v20.3.1

    at checkExecSyncError (node:child_process:885:11)
    at Object.execSync (node:child_process:957:15)
    at CommandHelper.runCmd (src/e2e-helper/e2e-command-helper.ts:64:22)
    at ScopeHelper.initWorkspace (src/e2e-helper/e2e-scope-helper.ts:126:25)
    at ScopeHelper.reInitLocalScope (src/e2e-helper/e2e-scope-helper.ts:87:10)
    at Context.<anonymous> (e2e/harmony/checkout-harmony.e2e.ts:22:24)
    at processImmediate (node:internal/timers:478:21)]]></failure>
    </testcase>
  </testsuite>
  <testsuite name="bit clear-cache" timestamp="2023-08-21T21:40:29" tests="0" file="/Users/nitsancohen/coding/my-bit/bit/e2e/harmony/clear-cache.e2e.ts" time="0.0000" failures="0">
  </testsuite>
  <testsuite name="fs cache corrupted" timestamp="2023-08-21T21:40:29" tests="1" file="/Users/nitsancohen/coding/my-bit/bit/e2e/harmony/clear-cache.e2e.ts" time="0.0000" failures="0">
  </testsuite>
  <testsuite name="compile extension" timestamp="2023-08-21T21:40:29" tests="0" file="/Users/nitsancohen/coding/my-bit/bit/e2e/harmony/compile.e2e.4.ts" time="0.0000" failures="0">
  </testsuite>
  <testsuite name="workspace with a new compile extension" timestamp="2023-08-21T21:40:29" tests="0" file="/Users/nitsancohen/coding/my-bit/bit/e2e/harmony/compile.e2e.4.ts" time="0.0600" failures="1">
    <testcase name="compile extension workspace with a new compile extension &quot;before all&quot; hook in &quot;workspace with a new compile extension&quot;" time="0.0600" classname="&quot;before all&quot; hook in &quot;workspace with a new compile extension&quot;">
      <failure message="Command failed: bit init
node:internal/modules/cjs/loader:1075
  throw err;
  ^

Error: Cannot find module &apos;../node_modules/@teambit/bit/dist/app&apos;
Require stack:
- /Users/nitsancohen/.bvm/versions/0.2.29/bit-0.2.29/node_modules/@teambit/legacy/bin/bit.js
    at Module._resolveFilename (node:internal/modules/cjs/loader:1072:15)
    at Module._load (node:internal/modules/cjs/loader:925:27)
    at Module.require (node:internal/modules/cjs/loader:1139:19)
    at require (node:internal/modules/helpers:121:18)
    at Object.&lt;anonymous&gt; (/Users/nitsancohen/.bvm/versions/0.2.29/bit-0.2.29/node_modules/@teambit/legacy/bin/bit.js:3:1)
    at Module._compile (node:internal/modules/cjs/loader:1257:14)
    at Module._extensions..js (node:internal/modules/cjs/loader:1311:10)
    at Module.load (node:internal/modules/cjs/loader:1115:32)
    at Module._load (node:internal/modules/cjs/loader:962:12)
    at Function.executeUserEntryPoint [as runMain] (node:internal/modules/run_main:83:12) {
  code: &apos;MODULE_NOT_FOUND&apos;,
  requireStack: [
    &apos;/Users/nitsancohen/.bvm/versions/0.2.29/bit-0.2.29/node_modules/@teambit/legacy/bin/bit.js&apos;
  ]
}

Node.js v20.3.1
" type="Error"><![CDATA[Error: Command failed: bit init
node:internal/modules/cjs/loader:1075
  throw err;
  ^

Error: Cannot find module '../node_modules/@teambit/bit/dist/app'
Require stack:
- /Users/nitsancohen/.bvm/versions/0.2.29/bit-0.2.29/node_modules/@teambit/legacy/bin/bit.js
    at Module._resolveFilename (node:internal/modules/cjs/loader:1072:15)
    at Module._load (node:internal/modules/cjs/loader:925:27)
    at Module.require (node:internal/modules/cjs/loader:1139:19)
    at require (node:internal/modules/helpers:121:18)
    at Object.<anonymous> (/Users/nitsancohen/.bvm/versions/0.2.29/bit-0.2.29/node_modules/@teambit/legacy/bin/bit.js:3:1)
    at Module._compile (node:internal/modules/cjs/loader:1257:14)
    at Module._extensions..js (node:internal/modules/cjs/loader:1311:10)
    at Module.load (node:internal/modules/cjs/loader:1115:32)
    at Module._load (node:internal/modules/cjs/loader:962:12)
    at Function.executeUserEntryPoint [as runMain] (node:internal/modules/run_main:83:12) {
  code: 'MODULE_NOT_FOUND',
  requireStack: [
    '/Users/nitsancohen/.bvm/versions/0.2.29/bit-0.2.29/node_modules/@teambit/legacy/bin/bit.js'
  ]
}

Node.js v20.3.1

    at checkExecSyncError (node:child_process:885:11)
    at Object.execSync (node:child_process:957:15)
    at CommandHelper.runCmd (src/e2e-helper/e2e-command-helper.ts:64:22)
    at ScopeHelper.initWorkspace (src/e2e-helper/e2e-scope-helper.ts:126:25)
    at ScopeHelper.reInitLocalScope (src/e2e-helper/e2e-scope-helper.ts:87:10)
    at ScopeHelper.setNewLocalAndRemoteScopes (src/e2e-helper/e2e-scope-helper.ts:141:10)
    at Context.<anonymous> (e2e/harmony/compile.e2e.4.ts:23:26)
    at processImmediate (node:internal/timers:478:21)]]></failure>
    </testcase>
  </testsuite>
  <testsuite name="component with unsupported compiler files" timestamp="2023-08-21T21:40:29" tests="1" file="/Users/nitsancohen/coding/my-bit/bit/e2e/harmony/compile.e2e.4.ts" time="0.0620" failures="1">
    <testcase name="compile extension component with unsupported compiler files &quot;before all&quot; hook for &quot;should copy non-supported files to the dists&quot;" time="0.0620" classname="&quot;before all&quot; hook for &quot;should copy non-supported files to the dists&quot;">
      <failure message="Command failed: bit init
node:internal/modules/cjs/loader:1075
  throw err;
  ^

Error: Cannot find module &apos;../node_modules/@teambit/bit/dist/app&apos;
Require stack:
- /Users/nitsancohen/.bvm/versions/0.2.29/bit-0.2.29/node_modules/@teambit/legacy/bin/bit.js
    at Module._resolveFilename (node:internal/modules/cjs/loader:1072:15)
    at Module._load (node:internal/modules/cjs/loader:925:27)
    at Module.require (node:internal/modules/cjs/loader:1139:19)
    at require (node:internal/modules/helpers:121:18)
    at Object.&lt;anonymous&gt; (/Users/nitsancohen/.bvm/versions/0.2.29/bit-0.2.29/node_modules/@teambit/legacy/bin/bit.js:3:1)
    at Module._compile (node:internal/modules/cjs/loader:1257:14)
    at Module._extensions..js (node:internal/modules/cjs/loader:1311:10)
    at Module.load (node:internal/modules/cjs/loader:1115:32)
    at Module._load (node:internal/modules/cjs/loader:962:12)
    at Function.executeUserEntryPoint [as runMain] (node:internal/modules/run_main:83:12) {
  code: &apos;MODULE_NOT_FOUND&apos;,
  requireStack: [
    &apos;/Users/nitsancohen/.bvm/versions/0.2.29/bit-0.2.29/node_modules/@teambit/legacy/bin/bit.js&apos;
  ]
}

Node.js v20.3.1
" type="Error"><![CDATA[Error: Command failed: bit init
node:internal/modules/cjs/loader:1075
  throw err;
  ^

Error: Cannot find module '../node_modules/@teambit/bit/dist/app'
Require stack:
- /Users/nitsancohen/.bvm/versions/0.2.29/bit-0.2.29/node_modules/@teambit/legacy/bin/bit.js
    at Module._resolveFilename (node:internal/modules/cjs/loader:1072:15)
    at Module._load (node:internal/modules/cjs/loader:925:27)
    at Module.require (node:internal/modules/cjs/loader:1139:19)
    at require (node:internal/modules/helpers:121:18)
    at Object.<anonymous> (/Users/nitsancohen/.bvm/versions/0.2.29/bit-0.2.29/node_modules/@teambit/legacy/bin/bit.js:3:1)
    at Module._compile (node:internal/modules/cjs/loader:1257:14)
    at Module._extensions..js (node:internal/modules/cjs/loader:1311:10)
    at Module.load (node:internal/modules/cjs/loader:1115:32)
    at Module._load (node:internal/modules/cjs/loader:962:12)
    at Function.executeUserEntryPoint [as runMain] (node:internal/modules/run_main:83:12) {
  code: 'MODULE_NOT_FOUND',
  requireStack: [
    '/Users/nitsancohen/.bvm/versions/0.2.29/bit-0.2.29/node_modules/@teambit/legacy/bin/bit.js'
  ]
}

Node.js v20.3.1

    at checkExecSyncError (node:child_process:885:11)
    at Object.execSync (node:child_process:957:15)
    at CommandHelper.runCmd (src/e2e-helper/e2e-command-helper.ts:64:22)
    at ScopeHelper.initWorkspace (src/e2e-helper/e2e-scope-helper.ts:126:25)
    at ScopeHelper.reInitLocalScope (src/e2e-helper/e2e-scope-helper.ts:87:10)
    at ScopeHelper.setNewLocalAndRemoteScopes (src/e2e-helper/e2e-scope-helper.ts:141:10)
    at Context.<anonymous> (e2e/harmony/compile.e2e.4.ts:146:26)
    at processImmediate (node:internal/timers:478:21)]]></failure>
    </testcase>
  </testsuite>
  <testsuite name="component with nested directories" timestamp="2023-08-21T21:40:29" tests="1" file="/Users/nitsancohen/coding/my-bit/bit/e2e/harmony/compile.e2e.4.ts" time="0.0610" failures="1">
    <testcase name="compile extension component with nested directories &quot;before all&quot; hook for &quot;the sourceMap should include the path to the nested dir properly&quot;" time="0.0610" classname="&quot;before all&quot; hook for &quot;the sourceMap should include the path to the nested dir properly&quot;">
      <failure message="Command failed: bit init
node:internal/modules/cjs/loader:1075
  throw err;
  ^

Error: Cannot find module &apos;../node_modules/@teambit/bit/dist/app&apos;
Require stack:
- /Users/nitsancohen/.bvm/versions/0.2.29/bit-0.2.29/node_modules/@teambit/legacy/bin/bit.js
    at Module._resolveFilename (node:internal/modules/cjs/loader:1072:15)
    at Module._load (node:internal/modules/cjs/loader:925:27)
    at Module.require (node:internal/modules/cjs/loader:1139:19)
    at require (node:internal/modules/helpers:121:18)
    at Object.&lt;anonymous&gt; (/Users/nitsancohen/.bvm/versions/0.2.29/bit-0.2.29/node_modules/@teambit/legacy/bin/bit.js:3:1)
    at Module._compile (node:internal/modules/cjs/loader:1257:14)
    at Module._extensions..js (node:internal/modules/cjs/loader:1311:10)
    at Module.load (node:internal/modules/cjs/loader:1115:32)
    at Module._load (node:internal/modules/cjs/loader:962:12)
    at Function.executeUserEntryPoint [as runMain] (node:internal/modules/run_main:83:12) {
  code: &apos;MODULE_NOT_FOUND&apos;,
  requireStack: [
    &apos;/Users/nitsancohen/.bvm/versions/0.2.29/bit-0.2.29/node_modules/@teambit/legacy/bin/bit.js&apos;
  ]
}

Node.js v20.3.1
" type="Error"><![CDATA[Error: Command failed: bit init
node:internal/modules/cjs/loader:1075
  throw err;
  ^

Error: Cannot find module '../node_modules/@teambit/bit/dist/app'
Require stack:
- /Users/nitsancohen/.bvm/versions/0.2.29/bit-0.2.29/node_modules/@teambit/legacy/bin/bit.js
    at Module._resolveFilename (node:internal/modules/cjs/loader:1072:15)
    at Module._load (node:internal/modules/cjs/loader:925:27)
    at Module.require (node:internal/modules/cjs/loader:1139:19)
    at require (node:internal/modules/helpers:121:18)
    at Object.<anonymous> (/Users/nitsancohen/.bvm/versions/0.2.29/bit-0.2.29/node_modules/@teambit/legacy/bin/bit.js:3:1)
    at Module._compile (node:internal/modules/cjs/loader:1257:14)
    at Module._extensions..js (node:internal/modules/cjs/loader:1311:10)
    at Module.load (node:internal/modules/cjs/loader:1115:32)
    at Module._load (node:internal/modules/cjs/loader:962:12)
    at Function.executeUserEntryPoint [as runMain] (node:internal/modules/run_main:83:12) {
  code: 'MODULE_NOT_FOUND',
  requireStack: [
    '/Users/nitsancohen/.bvm/versions/0.2.29/bit-0.2.29/node_modules/@teambit/legacy/bin/bit.js'
  ]
}

Node.js v20.3.1

    at checkExecSyncError (node:child_process:885:11)
    at Object.execSync (node:child_process:957:15)
    at CommandHelper.runCmd (src/e2e-helper/e2e-command-helper.ts:64:22)
    at ScopeHelper.initWorkspace (src/e2e-helper/e2e-scope-helper.ts:126:25)
    at ScopeHelper.reInitLocalScope (src/e2e-helper/e2e-scope-helper.ts:87:10)
    at ScopeHelper.setNewLocalAndRemoteScopes (src/e2e-helper/e2e-scope-helper.ts:141:10)
    at Context.<anonymous> (e2e/harmony/compile.e2e.4.ts:182:26)
    at processImmediate (node:internal/timers:478:21)]]></failure>
    </testcase>
  </testsuite>
  <testsuite name="component config" timestamp="2023-08-21T21:40:29" tests="0" file="/Users/nitsancohen/coding/my-bit/bit/e2e/harmony/component-config.e2e.ts" time="0.0000" failures="0">
  </testsuite>
  <testsuite name="eject config" timestamp="2023-08-21T21:40:29" tests="0" file="/Users/nitsancohen/coding/my-bit/bit/e2e/harmony/component-config.e2e.ts" time="0.0590" failures="1">
    <testcase name="component config eject config &quot;before all&quot; hook in &quot;eject config&quot;" time="0.0590" classname="&quot;before all&quot; hook in &quot;eject config&quot;">
      <failure message="Command failed: bit init
node:internal/modules/cjs/loader:1075
  throw err;
  ^

Error: Cannot find module &apos;../node_modules/@teambit/bit/dist/app&apos;
Require stack:
- /Users/nitsancohen/.bvm/versions/0.2.29/bit-0.2.29/node_modules/@teambit/legacy/bin/bit.js
    at Module._resolveFilename (node:internal/modules/cjs/loader:1072:15)
    at Module._load (node:internal/modules/cjs/loader:925:27)
    at Module.require (node:internal/modules/cjs/loader:1139:19)
    at require (node:internal/modules/helpers:121:18)
    at Object.&lt;anonymous&gt; (/Users/nitsancohen/.bvm/versions/0.2.29/bit-0.2.29/node_modules/@teambit/legacy/bin/bit.js:3:1)
    at Module._compile (node:internal/modules/cjs/loader:1257:14)
    at Module._extensions..js (node:internal/modules/cjs/loader:1311:10)
    at Module.load (node:internal/modules/cjs/loader:1115:32)
    at Module._load (node:internal/modules/cjs/loader:962:12)
    at Function.executeUserEntryPoint [as runMain] (node:internal/modules/run_main:83:12) {
  code: &apos;MODULE_NOT_FOUND&apos;,
  requireStack: [
    &apos;/Users/nitsancohen/.bvm/versions/0.2.29/bit-0.2.29/node_modules/@teambit/legacy/bin/bit.js&apos;
  ]
}

Node.js v20.3.1
" type="Error"><![CDATA[Error: Command failed: bit init
node:internal/modules/cjs/loader:1075
  throw err;
  ^

Error: Cannot find module '../node_modules/@teambit/bit/dist/app'
Require stack:
- /Users/nitsancohen/.bvm/versions/0.2.29/bit-0.2.29/node_modules/@teambit/legacy/bin/bit.js
    at Module._resolveFilename (node:internal/modules/cjs/loader:1072:15)
    at Module._load (node:internal/modules/cjs/loader:925:27)
    at Module.require (node:internal/modules/cjs/loader:1139:19)
    at require (node:internal/modules/helpers:121:18)
    at Object.<anonymous> (/Users/nitsancohen/.bvm/versions/0.2.29/bit-0.2.29/node_modules/@teambit/legacy/bin/bit.js:3:1)
    at Module._compile (node:internal/modules/cjs/loader:1257:14)
    at Module._extensions..js (node:internal/modules/cjs/loader:1311:10)
    at Module.load (node:internal/modules/cjs/loader:1115:32)
    at Module._load (node:internal/modules/cjs/loader:962:12)
    at Function.executeUserEntryPoint [as runMain] (node:internal/modules/run_main:83:12) {
  code: 'MODULE_NOT_FOUND',
  requireStack: [
    '/Users/nitsancohen/.bvm/versions/0.2.29/bit-0.2.29/node_modules/@teambit/legacy/bin/bit.js'
  ]
}

Node.js v20.3.1

    at checkExecSyncError (node:child_process:885:11)
    at Object.execSync (node:child_process:957:15)
    at CommandHelper.runCmd (src/e2e-helper/e2e-command-helper.ts:64:22)
    at ScopeHelper.initWorkspace (src/e2e-helper/e2e-scope-helper.ts:126:25)
    at ScopeHelper.reInitLocalScope (src/e2e-helper/e2e-scope-helper.ts:87:10)
    at Context.<anonymous> (e2e/harmony/component-config.e2e.ts:25:26)
    at processImmediate (node:internal/timers:478:21)]]></failure>
    </testcase>
  </testsuite>
  <testsuite name="propagation" timestamp="2023-08-21T21:40:29" tests="0" file="/Users/nitsancohen/coding/my-bit/bit/e2e/harmony/component-config.e2e.ts" time="0.0600" failures="1">
    <testcase name="component config propagation &quot;before all&quot; hook in &quot;propagation&quot;" time="0.0600" classname="&quot;before all&quot; hook in &quot;propagation&quot;">
      <failure message="Command failed: bit init
node:internal/modules/cjs/loader:1075
  throw err;
  ^

Error: Cannot find module &apos;../node_modules/@teambit/bit/dist/app&apos;
Require stack:
- /Users/nitsancohen/.bvm/versions/0.2.29/bit-0.2.29/node_modules/@teambit/legacy/bin/bit.js
    at Module._resolveFilename (node:internal/modules/cjs/loader:1072:15)
    at Module._load (node:internal/modules/cjs/loader:925:27)
    at Module.require (node:internal/modules/cjs/loader:1139:19)
    at require (node:internal/modules/helpers:121:18)
    at Object.&lt;anonymous&gt; (/Users/nitsancohen/.bvm/versions/0.2.29/bit-0.2.29/node_modules/@teambit/legacy/bin/bit.js:3:1)
    at Module._compile (node:internal/modules/cjs/loader:1257:14)
    at Module._extensions..js (node:internal/modules/cjs/loader:1311:10)
    at Module.load (node:internal/modules/cjs/loader:1115:32)
    at Module._load (node:internal/modules/cjs/loader:962:12)
    at Function.executeUserEntryPoint [as runMain] (node:internal/modules/run_main:83:12) {
  code: &apos;MODULE_NOT_FOUND&apos;,
  requireStack: [
    &apos;/Users/nitsancohen/.bvm/versions/0.2.29/bit-0.2.29/node_modules/@teambit/legacy/bin/bit.js&apos;
  ]
}

Node.js v20.3.1
" type="Error"><![CDATA[Error: Command failed: bit init
node:internal/modules/cjs/loader:1075
  throw err;
  ^

Error: Cannot find module '../node_modules/@teambit/bit/dist/app'
Require stack:
- /Users/nitsancohen/.bvm/versions/0.2.29/bit-0.2.29/node_modules/@teambit/legacy/bin/bit.js
    at Module._resolveFilename (node:internal/modules/cjs/loader:1072:15)
    at Module._load (node:internal/modules/cjs/loader:925:27)
    at Module.require (node:internal/modules/cjs/loader:1139:19)
    at require (node:internal/modules/helpers:121:18)
    at Object.<anonymous> (/Users/nitsancohen/.bvm/versions/0.2.29/bit-0.2.29/node_modules/@teambit/legacy/bin/bit.js:3:1)
    at Module._compile (node:internal/modules/cjs/loader:1257:14)
    at Module._extensions..js (node:internal/modules/cjs/loader:1311:10)
    at Module.load (node:internal/modules/cjs/loader:1115:32)
    at Module._load (node:internal/modules/cjs/loader:962:12)
    at Function.executeUserEntryPoint [as runMain] (node:internal/modules/run_main:83:12) {
  code: 'MODULE_NOT_FOUND',
  requireStack: [
    '/Users/nitsancohen/.bvm/versions/0.2.29/bit-0.2.29/node_modules/@teambit/legacy/bin/bit.js'
  ]
}

Node.js v20.3.1

    at checkExecSyncError (node:child_process:885:11)
    at Object.execSync (node:child_process:957:15)
    at CommandHelper.runCmd (src/e2e-helper/e2e-command-helper.ts:64:22)
    at ScopeHelper.initWorkspace (src/e2e-helper/e2e-scope-helper.ts:126:25)
    at ScopeHelper.reInitLocalScope (src/e2e-helper/e2e-scope-helper.ts:87:10)
    at Context.<anonymous> (e2e/harmony/component-config.e2e.ts:147:26)
    at processImmediate (node:internal/timers:478:21)]]></failure>
    </testcase>
  </testsuite>
  <testsuite name="objects in scope are corrupted" timestamp="2023-08-21T21:40:29" tests="0" file="/Users/nitsancohen/coding/my-bit/bit/e2e/harmony/corrupted-objects.e2e.ts" time="0.0000" failures="0">
  </testsuite>
  <testsuite name="objects are empty, which are invalid zlib" timestamp="2023-08-21T21:40:29" tests="2" file="/Users/nitsancohen/coding/my-bit/bit/e2e/harmony/corrupted-objects.e2e.ts" time="0.0600" failures="1">
    <testcase name="objects in scope are corrupted objects are empty, which are invalid zlib &quot;before all&quot; hook for &quot;bit status should throw an error with a suggestion how to fix&quot;" time="0.0600" classname="&quot;before all&quot; hook for &quot;bit status should throw an error with a suggestion how to fix&quot;">
      <failure message="Command failed: bit init
node:internal/modules/cjs/loader:1075
  throw err;
  ^

Error: Cannot find module &apos;../node_modules/@teambit/bit/dist/app&apos;
Require stack:
- /Users/nitsancohen/.bvm/versions/0.2.29/bit-0.2.29/node_modules/@teambit/legacy/bin/bit.js
    at Module._resolveFilename (node:internal/modules/cjs/loader:1072:15)
    at Module._load (node:internal/modules/cjs/loader:925:27)
    at Module.require (node:internal/modules/cjs/loader:1139:19)
    at require (node:internal/modules/helpers:121:18)
    at Object.&lt;anonymous&gt; (/Users/nitsancohen/.bvm/versions/0.2.29/bit-0.2.29/node_modules/@teambit/legacy/bin/bit.js:3:1)
    at Module._compile (node:internal/modules/cjs/loader:1257:14)
    at Module._extensions..js (node:internal/modules/cjs/loader:1311:10)
    at Module.load (node:internal/modules/cjs/loader:1115:32)
    at Module._load (node:internal/modules/cjs/loader:962:12)
    at Function.executeUserEntryPoint [as runMain] (node:internal/modules/run_main:83:12) {
  code: &apos;MODULE_NOT_FOUND&apos;,
  requireStack: [
    &apos;/Users/nitsancohen/.bvm/versions/0.2.29/bit-0.2.29/node_modules/@teambit/legacy/bin/bit.js&apos;
  ]
}

Node.js v20.3.1
" type="Error"><![CDATA[Error: Command failed: bit init
node:internal/modules/cjs/loader:1075
  throw err;
  ^

Error: Cannot find module '../node_modules/@teambit/bit/dist/app'
Require stack:
- /Users/nitsancohen/.bvm/versions/0.2.29/bit-0.2.29/node_modules/@teambit/legacy/bin/bit.js
    at Module._resolveFilename (node:internal/modules/cjs/loader:1072:15)
    at Module._load (node:internal/modules/cjs/loader:925:27)
    at Module.require (node:internal/modules/cjs/loader:1139:19)
    at require (node:internal/modules/helpers:121:18)
    at Object.<anonymous> (/Users/nitsancohen/.bvm/versions/0.2.29/bit-0.2.29/node_modules/@teambit/legacy/bin/bit.js:3:1)
    at Module._compile (node:internal/modules/cjs/loader:1257:14)
    at Module._extensions..js (node:internal/modules/cjs/loader:1311:10)
    at Module.load (node:internal/modules/cjs/loader:1115:32)
    at Module._load (node:internal/modules/cjs/loader:962:12)
    at Function.executeUserEntryPoint [as runMain] (node:internal/modules/run_main:83:12) {
  code: 'MODULE_NOT_FOUND',
  requireStack: [
    '/Users/nitsancohen/.bvm/versions/0.2.29/bit-0.2.29/node_modules/@teambit/legacy/bin/bit.js'
  ]
}

Node.js v20.3.1

    at checkExecSyncError (node:child_process:885:11)
    at Object.execSync (node:child_process:957:15)
    at CommandHelper.runCmd (src/e2e-helper/e2e-command-helper.ts:64:22)
    at ScopeHelper.initWorkspace (src/e2e-helper/e2e-scope-helper.ts:126:25)
    at ScopeHelper.reInitLocalScope (src/e2e-helper/e2e-scope-helper.ts:87:10)
    at ScopeHelper.setNewLocalAndRemoteScopes (src/e2e-helper/e2e-scope-helper.ts:141:10)
    at Context.<anonymous> (e2e/harmony/corrupted-objects.e2e.ts:21:26)
    at processImmediate (node:internal/timers:478:21)]]></failure>
    </testcase>
  </testsuite>
  <testsuite name="create extension" timestamp="2023-08-21T21:40:29" tests="0" file="/Users/nitsancohen/coding/my-bit/bit/e2e/harmony/create.e2e.4.ts" time="0.0000" failures="0">
  </testsuite>
  <testsuite name="when running outside the workspace" timestamp="2023-08-21T21:40:29" tests="1" file="/Users/nitsancohen/coding/my-bit/bit/e2e/harmony/create.e2e.4.ts" time="0.0620" failures="1">
    <testcase name="create extension when running outside the workspace should throw ConsumerNotFound error" time="0.0620" classname="should throw ConsumerNotFound error">
      <failure message="expected &apos;Error: Command failed: bit create aspect my-aspect\nnode:internal/modules/cjs/loader:1075\n  throw err;\n  ^\n\nError: Cannot find module \&apos;../node_modules/@teambit/bit/dist/app\&apos;\nRequire stack:\n- /Users/nitsancohen/.bvm/versions/0.2.29/bit-0.2.29/node_modules/@teambit/legacy/bin/bit.js\n    at Module._resolveFilename (node:internal/modules/cjs/loader:1072:15)\n    at Module._load (node:internal/modules/cjs/loader:925:27)\n    at Module.require (node:internal/modules/cjs/loader:1139:19)\n    at require (node:internal/modules/helpers:121:18)\n    at Object.&lt;anonymous&gt; (/Users/nitsancohen/.bvm/versions/0.2.29/bit-0.2.29/node_modules/@teambit/legacy/bin/bit.js:3:1)\n    at Module._compile (node:internal/modules/cjs/loader:1257:14)\n    at Module._extensions..js (node:internal/modules/cjs/loader:1311:10)\n    at Module.load (node:internal/modules/cjs/loader:1115:32)\n    at Module._load (node:internal/modules/cjs/loader:962:12)\n    at Function.executeUserEntryPoint [as runMain] (node:internal/modules/run_main:83:12) {\n  code: \&apos;MODULE_NOT_FOUND\&apos;,\n  requireStack: [\n    \&apos;/Users/nitsancohen/.bvm/versions/0.2.29/bit-0.2.29/node_modules/@teambit/legacy/bin/bit.js\&apos;\n  ]\n}\n\nNode.js v20.3.1\n&apos; to contain &apos;This command can only be run inside a bit workspace. Please check that you are inside a bit workspace and then re-run (to initialize a new workspace please use bit init)&apos;" type="AssertionError"><![CDATA[AssertionError: expected 'Error: Command failed: bit create aspect my-aspect\nnode:internal/modules/cjs/loader:1075\n  throw err;\n  ^\n\nError: Cannot find module \'../node_modules/@teambit/bit/dist/app\'\nRequire stack:\n- /Users/nitsancohen/.bvm/versions/0.2.29/bit-0.2.29/node_modules/@teambit/legacy/bin/bit.js\n    at Module._resolveFilename (node:internal/modules/cjs/loader:1072:15)\n    at Module._load (node:internal/modules/cjs/loader:925:27)\n    at Module.require (node:internal/modules/cjs/loader:1139:19)\n    at require (node:internal/modules/helpers:121:18)\n    at Object.<anonymous> (/Users/nitsancohen/.bvm/versions/0.2.29/bit-0.2.29/node_modules/@teambit/legacy/bin/bit.js:3:1)\n    at Module._compile (node:internal/modules/cjs/loader:1257:14)\n    at Module._extensions..js (node:internal/modules/cjs/loader:1311:10)\n    at Module.load (node:internal/modules/cjs/loader:1115:32)\n    at Module._load (node:internal/modules/cjs/loader:962:12)\n    at Function.executeUserEntryPoint [as runMain] (node:internal/modules/run_main:83:12) {\n  code: \'MODULE_NOT_FOUND\',\n  requireStack: [\n    \'/Users/nitsancohen/.bvm/versions/0.2.29/bit-0.2.29/node_modules/@teambit/legacy/bin/bit.js\'\n  ]\n}\n\nNode.js v20.3.1\n' to contain 'This command can only be run inside a bit workspace. Please check that you are inside a bit workspace and then re-run (to initialize a new workspace please use bit init)'
    at GeneralHelper.expectToThrow (src/e2e-helper/e2e-general-helper.ts:105:55)
    at Context.<anonymous> (e2e/harmony/create.e2e.4.ts:22:22)
    at processImmediate (node:internal/timers:478:21)]]></failure>
    </testcase>
  </testsuite>
  <testsuite name="with --namespace flag" timestamp="2023-08-21T21:40:29" tests="2" file="/Users/nitsancohen/coding/my-bit/bit/e2e/harmony/create.e2e.4.ts" time="0.0600" failures="1">
    <testcase name="create extension with --namespace flag &quot;before all&quot; hook for &quot;should create the directories properly&quot;" time="0.0600" classname="&quot;before all&quot; hook for &quot;should create the directories properly&quot;">
      <failure message="Command failed: bit init
node:internal/modules/cjs/loader:1075
  throw err;
  ^

Error: Cannot find module &apos;../node_modules/@teambit/bit/dist/app&apos;
Require stack:
- /Users/nitsancohen/.bvm/versions/0.2.29/bit-0.2.29/node_modules/@teambit/legacy/bin/bit.js
    at Module._resolveFilename (node:internal/modules/cjs/loader:1072:15)
    at Module._load (node:internal/modules/cjs/loader:925:27)
    at Module.require (node:internal/modules/cjs/loader:1139:19)
    at require (node:internal/modules/helpers:121:18)
    at Object.&lt;anonymous&gt; (/Users/nitsancohen/.bvm/versions/0.2.29/bit-0.2.29/node_modules/@teambit/legacy/bin/bit.js:3:1)
    at Module._compile (node:internal/modules/cjs/loader:1257:14)
    at Module._extensions..js (node:internal/modules/cjs/loader:1311:10)
    at Module.load (node:internal/modules/cjs/loader:1115:32)
    at Module._load (node:internal/modules/cjs/loader:962:12)
    at Function.executeUserEntryPoint [as runMain] (node:internal/modules/run_main:83:12) {
  code: &apos;MODULE_NOT_FOUND&apos;,
  requireStack: [
    &apos;/Users/nitsancohen/.bvm/versions/0.2.29/bit-0.2.29/node_modules/@teambit/legacy/bin/bit.js&apos;
  ]
}

Node.js v20.3.1
" type="Error"><![CDATA[Error: Command failed: bit init
node:internal/modules/cjs/loader:1075
  throw err;
  ^

Error: Cannot find module '../node_modules/@teambit/bit/dist/app'
Require stack:
- /Users/nitsancohen/.bvm/versions/0.2.29/bit-0.2.29/node_modules/@teambit/legacy/bin/bit.js
    at Module._resolveFilename (node:internal/modules/cjs/loader:1072:15)
    at Module._load (node:internal/modules/cjs/loader:925:27)
    at Module.require (node:internal/modules/cjs/loader:1139:19)
    at require (node:internal/modules/helpers:121:18)
    at Object.<anonymous> (/Users/nitsancohen/.bvm/versions/0.2.29/bit-0.2.29/node_modules/@teambit/legacy/bin/bit.js:3:1)
    at Module._compile (node:internal/modules/cjs/loader:1257:14)
    at Module._extensions..js (node:internal/modules/cjs/loader:1311:10)
    at Module.load (node:internal/modules/cjs/loader:1115:32)
    at Module._load (node:internal/modules/cjs/loader:962:12)
    at Function.executeUserEntryPoint [as runMain] (node:internal/modules/run_main:83:12) {
  code: 'MODULE_NOT_FOUND',
  requireStack: [
    '/Users/nitsancohen/.bvm/versions/0.2.29/bit-0.2.29/node_modules/@teambit/legacy/bin/bit.js'
  ]
}

Node.js v20.3.1

    at checkExecSyncError (node:child_process:885:11)
    at Object.execSync (node:child_process:957:15)
    at CommandHelper.runCmd (src/e2e-helper/e2e-command-helper.ts:64:22)
    at ScopeHelper.initWorkspace (src/e2e-helper/e2e-scope-helper.ts:126:25)
    at ScopeHelper.reInitLocalScope (src/e2e-helper/e2e-scope-helper.ts:87:10)
    at ScopeHelper.setNewLocalAndRemoteScopes (src/e2e-helper/e2e-scope-helper.ts:141:10)
    at Context.<anonymous> (e2e/harmony/create.e2e.4.ts:27:26)
    at processImmediate (node:internal/timers:478:21)]]></failure>
    </testcase>
  </testsuite>
  <testsuite name="name with namespace as part of the name" timestamp="2023-08-21T21:40:29" tests="2" file="/Users/nitsancohen/coding/my-bit/bit/e2e/harmony/create.e2e.4.ts" time="0.0600" failures="1">
    <testcase name="create extension name with namespace as part of the name &quot;before all&quot; hook for &quot;should create the directories properly&quot;" time="0.0600" classname="&quot;before all&quot; hook for &quot;should create the directories properly&quot;">
      <failure message="Command failed: bit init
node:internal/modules/cjs/loader:1075
  throw err;
  ^

Error: Cannot find module &apos;../node_modules/@teambit/bit/dist/app&apos;
Require stack:
- /Users/nitsancohen/.bvm/versions/0.2.29/bit-0.2.29/node_modules/@teambit/legacy/bin/bit.js
    at Module._resolveFilename (node:internal/modules/cjs/loader:1072:15)
    at Module._load (node:internal/modules/cjs/loader:925:27)
    at Module.require (node:internal/modules/cjs/loader:1139:19)
    at require (node:internal/modules/helpers:121:18)
    at Object.&lt;anonymous&gt; (/Users/nitsancohen/.bvm/versions/0.2.29/bit-0.2.29/node_modules/@teambit/legacy/bin/bit.js:3:1)
    at Module._compile (node:internal/modules/cjs/loader:1257:14)
    at Module._extensions..js (node:internal/modules/cjs/loader:1311:10)
    at Module.load (node:internal/modules/cjs/loader:1115:32)
    at Module._load (node:internal/modules/cjs/loader:962:12)
    at Function.executeUserEntryPoint [as runMain] (node:internal/modules/run_main:83:12) {
  code: &apos;MODULE_NOT_FOUND&apos;,
  requireStack: [
    &apos;/Users/nitsancohen/.bvm/versions/0.2.29/bit-0.2.29/node_modules/@teambit/legacy/bin/bit.js&apos;
  ]
}

Node.js v20.3.1
" type="Error"><![CDATA[Error: Command failed: bit init
node:internal/modules/cjs/loader:1075
  throw err;
  ^

Error: Cannot find module '../node_modules/@teambit/bit/dist/app'
Require stack:
- /Users/nitsancohen/.bvm/versions/0.2.29/bit-0.2.29/node_modules/@teambit/legacy/bin/bit.js
    at Module._resolveFilename (node:internal/modules/cjs/loader:1072:15)
    at Module._load (node:internal/modules/cjs/loader:925:27)
    at Module.require (node:internal/modules/cjs/loader:1139:19)
    at require (node:internal/modules/helpers:121:18)
    at Object.<anonymous> (/Users/nitsancohen/.bvm/versions/0.2.29/bit-0.2.29/node_modules/@teambit/legacy/bin/bit.js:3:1)
    at Module._compile (node:internal/modules/cjs/loader:1257:14)
    at Module._extensions..js (node:internal/modules/cjs/loader:1311:10)
    at Module.load (node:internal/modules/cjs/loader:1115:32)
    at Module._load (node:internal/modules/cjs/loader:962:12)
    at Function.executeUserEntryPoint [as runMain] (node:internal/modules/run_main:83:12) {
  code: 'MODULE_NOT_FOUND',
  requireStack: [
    '/Users/nitsancohen/.bvm/versions/0.2.29/bit-0.2.29/node_modules/@teambit/legacy/bin/bit.js'
  ]
}

Node.js v20.3.1

    at checkExecSyncError (node:child_process:885:11)
    at Object.execSync (node:child_process:957:15)
    at CommandHelper.runCmd (src/e2e-helper/e2e-command-helper.ts:64:22)
    at ScopeHelper.initWorkspace (src/e2e-helper/e2e-scope-helper.ts:126:25)
    at ScopeHelper.reInitLocalScope (src/e2e-helper/e2e-scope-helper.ts:87:10)
    at ScopeHelper.setNewLocalAndRemoteScopes (src/e2e-helper/e2e-scope-helper.ts:141:10)
    at Context.<anonymous> (e2e/harmony/create.e2e.4.ts:44:26)
    at processImmediate (node:internal/timers:478:21)]]></failure>
    </testcase>
  </testsuite>
  <testsuite name="name with namespace as part of the name and namespace flag" timestamp="2023-08-21T21:40:29" tests="2" file="/Users/nitsancohen/coding/my-bit/bit/e2e/harmony/create.e2e.4.ts" time="0.0600" failures="1">
    <testcase name="create extension name with namespace as part of the name and namespace flag &quot;before all&quot; hook for &quot;should create the directories properly&quot;" time="0.0600" classname="&quot;before all&quot; hook for &quot;should create the directories properly&quot;">
      <failure message="Command failed: bit init
node:internal/modules/cjs/loader:1075
  throw err;
  ^

Error: Cannot find module &apos;../node_modules/@teambit/bit/dist/app&apos;
Require stack:
- /Users/nitsancohen/.bvm/versions/0.2.29/bit-0.2.29/node_modules/@teambit/legacy/bin/bit.js
    at Module._resolveFilename (node:internal/modules/cjs/loader:1072:15)
    at Module._load (node:internal/modules/cjs/loader:925:27)
    at Module.require (node:internal/modules/cjs/loader:1139:19)
    at require (node:internal/modules/helpers:121:18)
    at Object.&lt;anonymous&gt; (/Users/nitsancohen/.bvm/versions/0.2.29/bit-0.2.29/node_modules/@teambit/legacy/bin/bit.js:3:1)
    at Module._compile (node:internal/modules/cjs/loader:1257:14)
    at Module._extensions..js (node:internal/modules/cjs/loader:1311:10)
    at Module.load (node:internal/modules/cjs/loader:1115:32)
    at Module._load (node:internal/modules/cjs/loader:962:12)
    at Function.executeUserEntryPoint [as runMain] (node:internal/modules/run_main:83:12) {
  code: &apos;MODULE_NOT_FOUND&apos;,
  requireStack: [
    &apos;/Users/nitsancohen/.bvm/versions/0.2.29/bit-0.2.29/node_modules/@teambit/legacy/bin/bit.js&apos;
  ]
}

Node.js v20.3.1
" type="Error"><![CDATA[Error: Command failed: bit init
node:internal/modules/cjs/loader:1075
  throw err;
  ^

Error: Cannot find module '../node_modules/@teambit/bit/dist/app'
Require stack:
- /Users/nitsancohen/.bvm/versions/0.2.29/bit-0.2.29/node_modules/@teambit/legacy/bin/bit.js
    at Module._resolveFilename (node:internal/modules/cjs/loader:1072:15)
    at Module._load (node:internal/modules/cjs/loader:925:27)
    at Module.require (node:internal/modules/cjs/loader:1139:19)
    at require (node:internal/modules/helpers:121:18)
    at Object.<anonymous> (/Users/nitsancohen/.bvm/versions/0.2.29/bit-0.2.29/node_modules/@teambit/legacy/bin/bit.js:3:1)
    at Module._compile (node:internal/modules/cjs/loader:1257:14)
    at Module._extensions..js (node:internal/modules/cjs/loader:1311:10)
    at Module.load (node:internal/modules/cjs/loader:1115:32)
    at Module._load (node:internal/modules/cjs/loader:962:12)
    at Function.executeUserEntryPoint [as runMain] (node:internal/modules/run_main:83:12) {
  code: 'MODULE_NOT_FOUND',
  requireStack: [
    '/Users/nitsancohen/.bvm/versions/0.2.29/bit-0.2.29/node_modules/@teambit/legacy/bin/bit.js'
  ]
}

Node.js v20.3.1

    at checkExecSyncError (node:child_process:885:11)
    at Object.execSync (node:child_process:957:15)
    at CommandHelper.runCmd (src/e2e-helper/e2e-command-helper.ts:64:22)
    at ScopeHelper.initWorkspace (src/e2e-helper/e2e-scope-helper.ts:126:25)
    at ScopeHelper.reInitLocalScope (src/e2e-helper/e2e-scope-helper.ts:87:10)
    at ScopeHelper.setNewLocalAndRemoteScopes (src/e2e-helper/e2e-scope-helper.ts:141:10)
    at Context.<anonymous> (e2e/harmony/create.e2e.4.ts:61:26)
    at processImmediate (node:internal/timers:478:21)]]></failure>
    </testcase>
  </testsuite>
  <testsuite name="when a component already exist on that dir" timestamp="2023-08-21T21:40:29" tests="1" file="/Users/nitsancohen/coding/my-bit/bit/e2e/harmony/create.e2e.4.ts" time="0.0600" failures="1">
    <testcase name="create extension when a component already exist on that dir &quot;before all&quot; hook for &quot;should throw an error&quot;" time="0.0600" classname="&quot;before all&quot; hook for &quot;should throw an error&quot;">
      <failure message="Command failed: bit init
node:internal/modules/cjs/loader:1075
  throw err;
  ^

Error: Cannot find module &apos;../node_modules/@teambit/bit/dist/app&apos;
Require stack:
- /Users/nitsancohen/.bvm/versions/0.2.29/bit-0.2.29/node_modules/@teambit/legacy/bin/bit.js
    at Module._resolveFilename (node:internal/modules/cjs/loader:1072:15)
    at Module._load (node:internal/modules/cjs/loader:925:27)
    at Module.require (node:internal/modules/cjs/loader:1139:19)
    at require (node:internal/modules/helpers:121:18)
    at Object.&lt;anonymous&gt; (/Users/nitsancohen/.bvm/versions/0.2.29/bit-0.2.29/node_modules/@teambit/legacy/bin/bit.js:3:1)
    at Module._compile (node:internal/modules/cjs/loader:1257:14)
    at Module._extensions..js (node:internal/modules/cjs/loader:1311:10)
    at Module.load (node:internal/modules/cjs/loader:1115:32)
    at Module._load (node:internal/modules/cjs/loader:962:12)
    at Function.executeUserEntryPoint [as runMain] (node:internal/modules/run_main:83:12) {
  code: &apos;MODULE_NOT_FOUND&apos;,
  requireStack: [
    &apos;/Users/nitsancohen/.bvm/versions/0.2.29/bit-0.2.29/node_modules/@teambit/legacy/bin/bit.js&apos;
  ]
}

Node.js v20.3.1
" type="Error"><![CDATA[Error: Command failed: bit init
node:internal/modules/cjs/loader:1075
  throw err;
  ^

Error: Cannot find module '../node_modules/@teambit/bit/dist/app'
Require stack:
- /Users/nitsancohen/.bvm/versions/0.2.29/bit-0.2.29/node_modules/@teambit/legacy/bin/bit.js
    at Module._resolveFilename (node:internal/modules/cjs/loader:1072:15)
    at Module._load (node:internal/modules/cjs/loader:925:27)
    at Module.require (node:internal/modules/cjs/loader:1139:19)
    at require (node:internal/modules/helpers:121:18)
    at Object.<anonymous> (/Users/nitsancohen/.bvm/versions/0.2.29/bit-0.2.29/node_modules/@teambit/legacy/bin/bit.js:3:1)
    at Module._compile (node:internal/modules/cjs/loader:1257:14)
    at Module._extensions..js (node:internal/modules/cjs/loader:1311:10)
    at Module.load (node:internal/modules/cjs/loader:1115:32)
    at Module._load (node:internal/modules/cjs/loader:962:12)
    at Function.executeUserEntryPoint [as runMain] (node:internal/modules/run_main:83:12) {
  code: 'MODULE_NOT_FOUND',
  requireStack: [
    '/Users/nitsancohen/.bvm/versions/0.2.29/bit-0.2.29/node_modules/@teambit/legacy/bin/bit.js'
  ]
}

Node.js v20.3.1

    at checkExecSyncError (node:child_process:885:11)
    at Object.execSync (node:child_process:957:15)
    at CommandHelper.runCmd (src/e2e-helper/e2e-command-helper.ts:64:22)
    at ScopeHelper.initWorkspace (src/e2e-helper/e2e-scope-helper.ts:126:25)
    at ScopeHelper.reInitLocalScope (src/e2e-helper/e2e-scope-helper.ts:87:10)
    at ScopeHelper.setNewLocalAndRemoteScopes (src/e2e-helper/e2e-scope-helper.ts:141:10)
    at Context.<anonymous> (e2e/harmony/create.e2e.4.ts:78:26)
    at processImmediate (node:internal/timers:478:21)]]></failure>
    </testcase>
  </testsuite>
  <testsuite name="when an error is thrown during the add/track phase" timestamp="2023-08-21T21:40:30" tests="1" file="/Users/nitsancohen/coding/my-bit/bit/e2e/harmony/create.e2e.4.ts" time="0.0600" failures="1">
    <testcase name="create extension when an error is thrown during the add/track phase &quot;before all&quot; hook for &quot;should not leave the generated component in the filesystem&quot;" time="0.0600" classname="&quot;before all&quot; hook for &quot;should not leave the generated component in the filesystem&quot;">
      <failure message="Command failed: bit init
node:internal/modules/cjs/loader:1075
  throw err;
  ^

Error: Cannot find module &apos;../node_modules/@teambit/bit/dist/app&apos;
Require stack:
- /Users/nitsancohen/.bvm/versions/0.2.29/bit-0.2.29/node_modules/@teambit/legacy/bin/bit.js
    at Module._resolveFilename (node:internal/modules/cjs/loader:1072:15)
    at Module._load (node:internal/modules/cjs/loader:925:27)
    at Module.require (node:internal/modules/cjs/loader:1139:19)
    at require (node:internal/modules/helpers:121:18)
    at Object.&lt;anonymous&gt; (/Users/nitsancohen/.bvm/versions/0.2.29/bit-0.2.29/node_modules/@teambit/legacy/bin/bit.js:3:1)
    at Module._compile (node:internal/modules/cjs/loader:1257:14)
    at Module._extensions..js (node:internal/modules/cjs/loader:1311:10)
    at Module.load (node:internal/modules/cjs/loader:1115:32)
    at Module._load (node:internal/modules/cjs/loader:962:12)
    at Function.executeUserEntryPoint [as runMain] (node:internal/modules/run_main:83:12) {
  code: &apos;MODULE_NOT_FOUND&apos;,
  requireStack: [
    &apos;/Users/nitsancohen/.bvm/versions/0.2.29/bit-0.2.29/node_modules/@teambit/legacy/bin/bit.js&apos;
  ]
}

Node.js v20.3.1
" type="Error"><![CDATA[Error: Command failed: bit init
node:internal/modules/cjs/loader:1075
  throw err;
  ^

Error: Cannot find module '../node_modules/@teambit/bit/dist/app'
Require stack:
- /Users/nitsancohen/.bvm/versions/0.2.29/bit-0.2.29/node_modules/@teambit/legacy/bin/bit.js
    at Module._resolveFilename (node:internal/modules/cjs/loader:1072:15)
    at Module._load (node:internal/modules/cjs/loader:925:27)
    at Module.require (node:internal/modules/cjs/loader:1139:19)
    at require (node:internal/modules/helpers:121:18)
    at Object.<anonymous> (/Users/nitsancohen/.bvm/versions/0.2.29/bit-0.2.29/node_modules/@teambit/legacy/bin/bit.js:3:1)
    at Module._compile (node:internal/modules/cjs/loader:1257:14)
    at Module._extensions..js (node:internal/modules/cjs/loader:1311:10)
    at Module.load (node:internal/modules/cjs/loader:1115:32)
    at Module._load (node:internal/modules/cjs/loader:962:12)
    at Function.executeUserEntryPoint [as runMain] (node:internal/modules/run_main:83:12) {
  code: 'MODULE_NOT_FOUND',
  requireStack: [
    '/Users/nitsancohen/.bvm/versions/0.2.29/bit-0.2.29/node_modules/@teambit/legacy/bin/bit.js'
  ]
}

Node.js v20.3.1

    at checkExecSyncError (node:child_process:885:11)
    at Object.execSync (node:child_process:957:15)
    at CommandHelper.runCmd (src/e2e-helper/e2e-command-helper.ts:64:22)
    at ScopeHelper.initWorkspace (src/e2e-helper/e2e-scope-helper.ts:126:25)
    at ScopeHelper.reInitLocalScope (src/e2e-helper/e2e-scope-helper.ts:87:10)
    at ScopeHelper.setNewLocalAndRemoteScopes (src/e2e-helper/e2e-scope-helper.ts:141:10)
    at Context.<anonymous> (e2e/harmony/create.e2e.4.ts:91:26)
    at processImmediate (node:internal/timers:478:21)]]></failure>
    </testcase>
  </testsuite>
  <testsuite name="with an invalid scope-name" timestamp="2023-08-21T21:40:30" tests="1" file="/Users/nitsancohen/coding/my-bit/bit/e2e/harmony/create.e2e.4.ts" time="0.0600" failures="1">
    <testcase name="create extension with an invalid scope-name &quot;before all&quot; hook for &quot;should throw InvalidScopeName error&quot;" time="0.0600" classname="&quot;before all&quot; hook for &quot;should throw InvalidScopeName error&quot;">
      <failure message="Command failed: bit init
node:internal/modules/cjs/loader:1075
  throw err;
  ^

Error: Cannot find module &apos;../node_modules/@teambit/bit/dist/app&apos;
Require stack:
- /Users/nitsancohen/.bvm/versions/0.2.29/bit-0.2.29/node_modules/@teambit/legacy/bin/bit.js
    at Module._resolveFilename (node:internal/modules/cjs/loader:1072:15)
    at Module._load (node:internal/modules/cjs/loader:925:27)
    at Module.require (node:internal/modules/cjs/loader:1139:19)
    at require (node:internal/modules/helpers:121:18)
    at Object.&lt;anonymous&gt; (/Users/nitsancohen/.bvm/versions/0.2.29/bit-0.2.29/node_modules/@teambit/legacy/bin/bit.js:3:1)
    at Module._compile (node:internal/modules/cjs/loader:1257:14)
    at Module._extensions..js (node:internal/modules/cjs/loader:1311:10)
    at Module.load (node:internal/modules/cjs/loader:1115:32)
    at Module._load (node:internal/modules/cjs/loader:962:12)
    at Function.executeUserEntryPoint [as runMain] (node:internal/modules/run_main:83:12) {
  code: &apos;MODULE_NOT_FOUND&apos;,
  requireStack: [
    &apos;/Users/nitsancohen/.bvm/versions/0.2.29/bit-0.2.29/node_modules/@teambit/legacy/bin/bit.js&apos;
  ]
}

Node.js v20.3.1
" type="Error"><![CDATA[Error: Command failed: bit init
node:internal/modules/cjs/loader:1075
  throw err;
  ^

Error: Cannot find module '../node_modules/@teambit/bit/dist/app'
Require stack:
- /Users/nitsancohen/.bvm/versions/0.2.29/bit-0.2.29/node_modules/@teambit/legacy/bin/bit.js
    at Module._resolveFilename (node:internal/modules/cjs/loader:1072:15)
    at Module._load (node:internal/modules/cjs/loader:925:27)
    at Module.require (node:internal/modules/cjs/loader:1139:19)
    at require (node:internal/modules/helpers:121:18)
    at Object.<anonymous> (/Users/nitsancohen/.bvm/versions/0.2.29/bit-0.2.29/node_modules/@teambit/legacy/bin/bit.js:3:1)
    at Module._compile (node:internal/modules/cjs/loader:1257:14)
    at Module._extensions..js (node:internal/modules/cjs/loader:1311:10)
    at Module.load (node:internal/modules/cjs/loader:1115:32)
    at Module._load (node:internal/modules/cjs/loader:962:12)
    at Function.executeUserEntryPoint [as runMain] (node:internal/modules/run_main:83:12) {
  code: 'MODULE_NOT_FOUND',
  requireStack: [
    '/Users/nitsancohen/.bvm/versions/0.2.29/bit-0.2.29/node_modules/@teambit/legacy/bin/bit.js'
  ]
}

Node.js v20.3.1

    at checkExecSyncError (node:child_process:885:11)
    at Object.execSync (node:child_process:957:15)
    at CommandHelper.runCmd (src/e2e-helper/e2e-command-helper.ts:64:22)
    at ScopeHelper.initWorkspace (src/e2e-helper/e2e-scope-helper.ts:126:25)
    at ScopeHelper.reInitLocalScope (src/e2e-helper/e2e-scope-helper.ts:87:10)
    at ScopeHelper.setNewLocalAndRemoteScopes (src/e2e-helper/e2e-scope-helper.ts:141:10)
    at Context.<anonymous> (e2e/harmony/create.e2e.4.ts:103:26)
    at processImmediate (node:internal/timers:478:21)]]></failure>
    </testcase>
  </testsuite>
  <testsuite name="with --scope flag" timestamp="2023-08-21T21:40:30" tests="2" file="/Users/nitsancohen/coding/my-bit/bit/e2e/harmony/create.e2e.4.ts" time="0.0600" failures="1">
    <testcase name="create extension with --scope flag &quot;before all&quot; hook for &quot;should add the component to the .bitmap file with a new defaultScope prop&quot;" time="0.0600" classname="&quot;before all&quot; hook for &quot;should add the component to the .bitmap file with a new defaultScope prop&quot;">
      <failure message="Command failed: bit init
node:internal/modules/cjs/loader:1075
  throw err;
  ^

Error: Cannot find module &apos;../node_modules/@teambit/bit/dist/app&apos;
Require stack:
- /Users/nitsancohen/.bvm/versions/0.2.29/bit-0.2.29/node_modules/@teambit/legacy/bin/bit.js
    at Module._resolveFilename (node:internal/modules/cjs/loader:1072:15)
    at Module._load (node:internal/modules/cjs/loader:925:27)
    at Module.require (node:internal/modules/cjs/loader:1139:19)
    at require (node:internal/modules/helpers:121:18)
    at Object.&lt;anonymous&gt; (/Users/nitsancohen/.bvm/versions/0.2.29/bit-0.2.29/node_modules/@teambit/legacy/bin/bit.js:3:1)
    at Module._compile (node:internal/modules/cjs/loader:1257:14)
    at Module._extensions..js (node:internal/modules/cjs/loader:1311:10)
    at Module.load (node:internal/modules/cjs/loader:1115:32)
    at Module._load (node:internal/modules/cjs/loader:962:12)
    at Function.executeUserEntryPoint [as runMain] (node:internal/modules/run_main:83:12) {
  code: &apos;MODULE_NOT_FOUND&apos;,
  requireStack: [
    &apos;/Users/nitsancohen/.bvm/versions/0.2.29/bit-0.2.29/node_modules/@teambit/legacy/bin/bit.js&apos;
  ]
}

Node.js v20.3.1
" type="Error"><![CDATA[Error: Command failed: bit init
node:internal/modules/cjs/loader:1075
  throw err;
  ^

Error: Cannot find module '../node_modules/@teambit/bit/dist/app'
Require stack:
- /Users/nitsancohen/.bvm/versions/0.2.29/bit-0.2.29/node_modules/@teambit/legacy/bin/bit.js
    at Module._resolveFilename (node:internal/modules/cjs/loader:1072:15)
    at Module._load (node:internal/modules/cjs/loader:925:27)
    at Module.require (node:internal/modules/cjs/loader:1139:19)
    at require (node:internal/modules/helpers:121:18)
    at Object.<anonymous> (/Users/nitsancohen/.bvm/versions/0.2.29/bit-0.2.29/node_modules/@teambit/legacy/bin/bit.js:3:1)
    at Module._compile (node:internal/modules/cjs/loader:1257:14)
    at Module._extensions..js (node:internal/modules/cjs/loader:1311:10)
    at Module.load (node:internal/modules/cjs/loader:1115:32)
    at Module._load (node:internal/modules/cjs/loader:962:12)
    at Function.executeUserEntryPoint [as runMain] (node:internal/modules/run_main:83:12) {
  code: 'MODULE_NOT_FOUND',
  requireStack: [
    '/Users/nitsancohen/.bvm/versions/0.2.29/bit-0.2.29/node_modules/@teambit/legacy/bin/bit.js'
  ]
}

Node.js v20.3.1

    at checkExecSyncError (node:child_process:885:11)
    at Object.execSync (node:child_process:957:15)
    at CommandHelper.runCmd (src/e2e-helper/e2e-command-helper.ts:64:22)
    at ScopeHelper.initWorkspace (src/e2e-helper/e2e-scope-helper.ts:126:25)
    at ScopeHelper.reInitLocalScope (src/e2e-helper/e2e-scope-helper.ts:87:10)
    at ScopeHelper.setNewLocalAndRemoteScopes (src/e2e-helper/e2e-scope-helper.ts:141:10)
    at Context.<anonymous> (e2e/harmony/create.e2e.4.ts:111:26)
    at processImmediate (node:internal/timers:478:21)]]></failure>
    </testcase>
  </testsuite>
  <testsuite name="with env defined inside the aspect-template different than the variants" timestamp="2023-08-21T21:40:30" tests="1" file="/Users/nitsancohen/coding/my-bit/bit/e2e/harmony/create.e2e.4.ts" time="0.0590" failures="1">
    <testcase name="create extension with env defined inside the aspect-template different than the variants &quot;before all&quot; hook for &quot;should set the env according to the variant&quot;" time="0.0590" classname="&quot;before all&quot; hook for &quot;should set the env according to the variant&quot;">
      <failure message="Command failed: bit init
node:internal/modules/cjs/loader:1075
  throw err;
  ^

Error: Cannot find module &apos;../node_modules/@teambit/bit/dist/app&apos;
Require stack:
- /Users/nitsancohen/.bvm/versions/0.2.29/bit-0.2.29/node_modules/@teambit/legacy/bin/bit.js
    at Module._resolveFilename (node:internal/modules/cjs/loader:1072:15)
    at Module._load (node:internal/modules/cjs/loader:925:27)
    at Module.require (node:internal/modules/cjs/loader:1139:19)
    at require (node:internal/modules/helpers:121:18)
    at Object.&lt;anonymous&gt; (/Users/nitsancohen/.bvm/versions/0.2.29/bit-0.2.29/node_modules/@teambit/legacy/bin/bit.js:3:1)
    at Module._compile (node:internal/modules/cjs/loader:1257:14)
    at Module._extensions..js (node:internal/modules/cjs/loader:1311:10)
    at Module.load (node:internal/modules/cjs/loader:1115:32)
    at Module._load (node:internal/modules/cjs/loader:962:12)
    at Function.executeUserEntryPoint [as runMain] (node:internal/modules/run_main:83:12) {
  code: &apos;MODULE_NOT_FOUND&apos;,
  requireStack: [
    &apos;/Users/nitsancohen/.bvm/versions/0.2.29/bit-0.2.29/node_modules/@teambit/legacy/bin/bit.js&apos;
  ]
}

Node.js v20.3.1
" type="Error"><![CDATA[Error: Command failed: bit init
node:internal/modules/cjs/loader:1075
  throw err;
  ^

Error: Cannot find module '../node_modules/@teambit/bit/dist/app'
Require stack:
- /Users/nitsancohen/.bvm/versions/0.2.29/bit-0.2.29/node_modules/@teambit/legacy/bin/bit.js
    at Module._resolveFilename (node:internal/modules/cjs/loader:1072:15)
    at Module._load (node:internal/modules/cjs/loader:925:27)
    at Module.require (node:internal/modules/cjs/loader:1139:19)
    at require (node:internal/modules/helpers:121:18)
    at Object.<anonymous> (/Users/nitsancohen/.bvm/versions/0.2.29/bit-0.2.29/node_modules/@teambit/legacy/bin/bit.js:3:1)
    at Module._compile (node:internal/modules/cjs/loader:1257:14)
    at Module._extensions..js (node:internal/modules/cjs/loader:1311:10)
    at Module.load (node:internal/modules/cjs/loader:1115:32)
    at Module._load (node:internal/modules/cjs/loader:962:12)
    at Function.executeUserEntryPoint [as runMain] (node:internal/modules/run_main:83:12) {
  code: 'MODULE_NOT_FOUND',
  requireStack: [
    '/Users/nitsancohen/.bvm/versions/0.2.29/bit-0.2.29/node_modules/@teambit/legacy/bin/bit.js'
  ]
}

Node.js v20.3.1

    at checkExecSyncError (node:child_process:885:11)
    at Object.execSync (node:child_process:957:15)
    at CommandHelper.runCmd (src/e2e-helper/e2e-command-helper.ts:64:22)
    at ScopeHelper.initWorkspace (src/e2e-helper/e2e-scope-helper.ts:126:25)
    at ScopeHelper.reInitLocalScope (src/e2e-helper/e2e-scope-helper.ts:87:10)
    at ScopeHelper.setNewLocalAndRemoteScopes (src/e2e-helper/e2e-scope-helper.ts:141:10)
    at Context.<anonymous> (e2e/harmony/create.e2e.4.ts:141:26)
    at processImmediate (node:internal/timers:478:21)]]></failure>
    </testcase>
  </testsuite>
  <testsuite name="with env defined inside the aspect-template when there is no variant" timestamp="2023-08-21T21:40:30" tests="1" file="/Users/nitsancohen/coding/my-bit/bit/e2e/harmony/create.e2e.4.ts" time="0.0600" failures="1">
    <testcase name="create extension with env defined inside the aspect-template when there is no variant &quot;before all&quot; hook for &quot;should set the env according to the template env&quot;" time="0.0600" classname="&quot;before all&quot; hook for &quot;should set the env according to the template env&quot;">
      <failure message="Command failed: bit init
node:internal/modules/cjs/loader:1075
  throw err;
  ^

Error: Cannot find module &apos;../node_modules/@teambit/bit/dist/app&apos;
Require stack:
- /Users/nitsancohen/.bvm/versions/0.2.29/bit-0.2.29/node_modules/@teambit/legacy/bin/bit.js
    at Module._resolveFilename (node:internal/modules/cjs/loader:1072:15)
    at Module._load (node:internal/modules/cjs/loader:925:27)
    at Module.require (node:internal/modules/cjs/loader:1139:19)
    at require (node:internal/modules/helpers:121:18)
    at Object.&lt;anonymous&gt; (/Users/nitsancohen/.bvm/versions/0.2.29/bit-0.2.29/node_modules/@teambit/legacy/bin/bit.js:3:1)
    at Module._compile (node:internal/modules/cjs/loader:1257:14)
    at Module._extensions..js (node:internal/modules/cjs/loader:1311:10)
    at Module.load (node:internal/modules/cjs/loader:1115:32)
    at Module._load (node:internal/modules/cjs/loader:962:12)
    at Function.executeUserEntryPoint [as runMain] (node:internal/modules/run_main:83:12) {
  code: &apos;MODULE_NOT_FOUND&apos;,
  requireStack: [
    &apos;/Users/nitsancohen/.bvm/versions/0.2.29/bit-0.2.29/node_modules/@teambit/legacy/bin/bit.js&apos;
  ]
}

Node.js v20.3.1
" type="Error"><![CDATA[Error: Command failed: bit init
node:internal/modules/cjs/loader:1075
  throw err;
  ^

Error: Cannot find module '../node_modules/@teambit/bit/dist/app'
Require stack:
- /Users/nitsancohen/.bvm/versions/0.2.29/bit-0.2.29/node_modules/@teambit/legacy/bin/bit.js
    at Module._resolveFilename (node:internal/modules/cjs/loader:1072:15)
    at Module._load (node:internal/modules/cjs/loader:925:27)
    at Module.require (node:internal/modules/cjs/loader:1139:19)
    at require (node:internal/modules/helpers:121:18)
    at Object.<anonymous> (/Users/nitsancohen/.bvm/versions/0.2.29/bit-0.2.29/node_modules/@teambit/legacy/bin/bit.js:3:1)
    at Module._compile (node:internal/modules/cjs/loader:1257:14)
    at Module._extensions..js (node:internal/modules/cjs/loader:1311:10)
    at Module.load (node:internal/modules/cjs/loader:1115:32)
    at Module._load (node:internal/modules/cjs/loader:962:12)
    at Function.executeUserEntryPoint [as runMain] (node:internal/modules/run_main:83:12) {
  code: 'MODULE_NOT_FOUND',
  requireStack: [
    '/Users/nitsancohen/.bvm/versions/0.2.29/bit-0.2.29/node_modules/@teambit/legacy/bin/bit.js'
  ]
}

Node.js v20.3.1

    at checkExecSyncError (node:child_process:885:11)
    at Object.execSync (node:child_process:957:15)
    at CommandHelper.runCmd (src/e2e-helper/e2e-command-helper.ts:64:22)
    at ScopeHelper.initWorkspace (src/e2e-helper/e2e-scope-helper.ts:126:25)
    at ScopeHelper.reInitLocalScope (src/e2e-helper/e2e-scope-helper.ts:87:10)
    at ScopeHelper.setNewLocalAndRemoteScopes (src/e2e-helper/e2e-scope-helper.ts:141:10)
    at Context.<anonymous> (e2e/harmony/create.e2e.4.ts:153:26)
    at processImmediate (node:internal/timers:478:21)]]></failure>
    </testcase>
  </testsuite>
  <testsuite name="custom aspects" timestamp="2023-08-21T21:40:30" tests="0" file="/Users/nitsancohen/coding/my-bit/bit/e2e/harmony/custom-aspects.e2e.ts" time="0.0000" failures="0">
  </testsuite>
  <testsuite name="workspace aspects using external aspects with deps" timestamp="2023-08-21T21:40:30" tests="1" file="/Users/nitsancohen/coding/my-bit/bit/e2e/harmony/custom-aspects.e2e.ts" time="0.0610" failures="2">
    <testcase name="custom aspects workspace aspects using external aspects with deps &quot;before all&quot; hook for &quot;should load the env correctly and use it for the consuming component&quot;" time="0.0610" classname="&quot;before all&quot; hook for &quot;should load the env correctly and use it for the consuming component&quot;">
      <failure message="Command failed: bit init
node:internal/modules/cjs/loader:1075
  throw err;
  ^

Error: Cannot find module &apos;../node_modules/@teambit/bit/dist/app&apos;
Require stack:
- /Users/nitsancohen/.bvm/versions/0.2.29/bit-0.2.29/node_modules/@teambit/legacy/bin/bit.js
    at Module._resolveFilename (node:internal/modules/cjs/loader:1072:15)
    at Module._load (node:internal/modules/cjs/loader:925:27)
    at Module.require (node:internal/modules/cjs/loader:1139:19)
    at require (node:internal/modules/helpers:121:18)
    at Object.&lt;anonymous&gt; (/Users/nitsancohen/.bvm/versions/0.2.29/bit-0.2.29/node_modules/@teambit/legacy/bin/bit.js:3:1)
    at Module._compile (node:internal/modules/cjs/loader:1257:14)
    at Module._extensions..js (node:internal/modules/cjs/loader:1311:10)
    at Module.load (node:internal/modules/cjs/loader:1115:32)
    at Module._load (node:internal/modules/cjs/loader:962:12)
    at Function.executeUserEntryPoint [as runMain] (node:internal/modules/run_main:83:12) {
  code: &apos;MODULE_NOT_FOUND&apos;,
  requireStack: [
    &apos;/Users/nitsancohen/.bvm/versions/0.2.29/bit-0.2.29/node_modules/@teambit/legacy/bin/bit.js&apos;
  ]
}

Node.js v20.3.1
" type="Error"><![CDATA[Error: Command failed: bit init
node:internal/modules/cjs/loader:1075
  throw err;
  ^

Error: Cannot find module '../node_modules/@teambit/bit/dist/app'
Require stack:
- /Users/nitsancohen/.bvm/versions/0.2.29/bit-0.2.29/node_modules/@teambit/legacy/bin/bit.js
    at Module._resolveFilename (node:internal/modules/cjs/loader:1072:15)
    at Module._load (node:internal/modules/cjs/loader:925:27)
    at Module.require (node:internal/modules/cjs/loader:1139:19)
    at require (node:internal/modules/helpers:121:18)
    at Object.<anonymous> (/Users/nitsancohen/.bvm/versions/0.2.29/bit-0.2.29/node_modules/@teambit/legacy/bin/bit.js:3:1)
    at Module._compile (node:internal/modules/cjs/loader:1257:14)
    at Module._extensions..js (node:internal/modules/cjs/loader:1311:10)
    at Module.load (node:internal/modules/cjs/loader:1115:32)
    at Module._load (node:internal/modules/cjs/loader:962:12)
    at Function.executeUserEntryPoint [as runMain] (node:internal/modules/run_main:83:12) {
  code: 'MODULE_NOT_FOUND',
  requireStack: [
    '/Users/nitsancohen/.bvm/versions/0.2.29/bit-0.2.29/node_modules/@teambit/legacy/bin/bit.js'
  ]
}

Node.js v20.3.1

    at checkExecSyncError (node:child_process:885:11)
    at Object.execSync (node:child_process:957:15)
    at CommandHelper.runCmd (src/e2e-helper/e2e-command-helper.ts:64:22)
    at ScopeHelper.initWorkspace (src/e2e-helper/e2e-scope-helper.ts:126:25)
    at ScopeHelper.reInitLocalScope (src/e2e-helper/e2e-scope-helper.ts:87:10)
    at ScopeHelper.setNewLocalAndRemoteScopes (src/e2e-helper/e2e-scope-helper.ts:141:10)
    at Context.<anonymous> (e2e/harmony/custom-aspects.e2e.ts:27:26)
    at processImmediate (node:internal/timers:478:21)]]></failure>
    </testcase>
    <testcase name="custom aspects workspace aspects using external aspects with deps &quot;after all&quot; hook for &quot;should load the env correctly and use it for the consuming component&quot;" time="0.0000" classname="&quot;after all&quot; hook for &quot;should load the env correctly and use it for the consuming component&quot;">
      <failure message="Cannot read properties of undefined (reading &apos;destroy&apos;)" type="TypeError"><![CDATA[TypeError: Cannot read properties of undefined (reading 'destroy')
    at Context.<anonymous> (e2e/harmony/custom-aspects.e2e.ts:66:21)
    at processImmediate (node:internal/timers:478:21)]]></failure>
    </testcase>
  </testsuite>
  <testsuite name="aspect with another aspect as regular dep" timestamp="2023-08-21T21:40:30" tests="0" file="/Users/nitsancohen/coding/my-bit/bit/e2e/harmony/custom-aspects.e2e.ts" time="0.0600" failures="1">
    <testcase name="custom aspects aspect with another aspect as regular dep &quot;before all&quot; hook in &quot;aspect with another aspect as regular dep&quot;" time="0.0600" classname="&quot;before all&quot; hook in &quot;aspect with another aspect as regular dep&quot;">
      <failure message="Command failed: bit init
node:internal/modules/cjs/loader:1075
  throw err;
  ^

Error: Cannot find module &apos;../node_modules/@teambit/bit/dist/app&apos;
Require stack:
- /Users/nitsancohen/.bvm/versions/0.2.29/bit-0.2.29/node_modules/@teambit/legacy/bin/bit.js
    at Module._resolveFilename (node:internal/modules/cjs/loader:1072:15)
    at Module._load (node:internal/modules/cjs/loader:925:27)
    at Module.require (node:internal/modules/cjs/loader:1139:19)
    at require (node:internal/modules/helpers:121:18)
    at Object.&lt;anonymous&gt; (/Users/nitsancohen/.bvm/versions/0.2.29/bit-0.2.29/node_modules/@teambit/legacy/bin/bit.js:3:1)
    at Module._compile (node:internal/modules/cjs/loader:1257:14)
    at Module._extensions..js (node:internal/modules/cjs/loader:1311:10)
    at Module.load (node:internal/modules/cjs/loader:1115:32)
    at Module._load (node:internal/modules/cjs/loader:962:12)
    at Function.executeUserEntryPoint [as runMain] (node:internal/modules/run_main:83:12) {
  code: &apos;MODULE_NOT_FOUND&apos;,
  requireStack: [
    &apos;/Users/nitsancohen/.bvm/versions/0.2.29/bit-0.2.29/node_modules/@teambit/legacy/bin/bit.js&apos;
  ]
}

Node.js v20.3.1
" type="Error"><![CDATA[Error: Command failed: bit init
node:internal/modules/cjs/loader:1075
  throw err;
  ^

Error: Cannot find module '../node_modules/@teambit/bit/dist/app'
Require stack:
- /Users/nitsancohen/.bvm/versions/0.2.29/bit-0.2.29/node_modules/@teambit/legacy/bin/bit.js
    at Module._resolveFilename (node:internal/modules/cjs/loader:1072:15)
    at Module._load (node:internal/modules/cjs/loader:925:27)
    at Module.require (node:internal/modules/cjs/loader:1139:19)
    at require (node:internal/modules/helpers:121:18)
    at Object.<anonymous> (/Users/nitsancohen/.bvm/versions/0.2.29/bit-0.2.29/node_modules/@teambit/legacy/bin/bit.js:3:1)
    at Module._compile (node:internal/modules/cjs/loader:1257:14)
    at Module._extensions..js (node:internal/modules/cjs/loader:1311:10)
    at Module.load (node:internal/modules/cjs/loader:1115:32)
    at Module._load (node:internal/modules/cjs/loader:962:12)
    at Function.executeUserEntryPoint [as runMain] (node:internal/modules/run_main:83:12) {
  code: 'MODULE_NOT_FOUND',
  requireStack: [
    '/Users/nitsancohen/.bvm/versions/0.2.29/bit-0.2.29/node_modules/@teambit/legacy/bin/bit.js'
  ]
}

Node.js v20.3.1

    at checkExecSyncError (node:child_process:885:11)
    at Object.execSync (node:child_process:957:15)
    at CommandHelper.runCmd (src/e2e-helper/e2e-command-helper.ts:64:22)
    at ScopeHelper.initWorkspace (src/e2e-helper/e2e-scope-helper.ts:126:25)
    at ScopeHelper.reInitLocalScope (src/e2e-helper/e2e-scope-helper.ts:87:10)
    at ScopeHelper.setNewLocalAndRemoteScopes (src/e2e-helper/e2e-scope-helper.ts:141:10)
    at Context.<anonymous> (e2e/harmony/custom-aspects.e2e.ts:88:26)
    at processImmediate (node:internal/timers:478:21)]]></failure>
    </testcase>
  </testsuite>
  <testsuite name="simple case of using an external aspect" timestamp="2023-08-21T21:40:30" tests="0" file="/Users/nitsancohen/coding/my-bit/bit/e2e/harmony/custom-aspects.e2e.ts" time="0.0600" failures="2">
    <testcase name="custom aspects simple case of using an external aspect &quot;before all&quot; hook in &quot;simple case of using an external aspect&quot;" time="0.0600" classname="&quot;before all&quot; hook in &quot;simple case of using an external aspect&quot;">
      <failure message="Command failed: bit init
node:internal/modules/cjs/loader:1075
  throw err;
  ^

Error: Cannot find module &apos;../node_modules/@teambit/bit/dist/app&apos;
Require stack:
- /Users/nitsancohen/.bvm/versions/0.2.29/bit-0.2.29/node_modules/@teambit/legacy/bin/bit.js
    at Module._resolveFilename (node:internal/modules/cjs/loader:1072:15)
    at Module._load (node:internal/modules/cjs/loader:925:27)
    at Module.require (node:internal/modules/cjs/loader:1139:19)
    at require (node:internal/modules/helpers:121:18)
    at Object.&lt;anonymous&gt; (/Users/nitsancohen/.bvm/versions/0.2.29/bit-0.2.29/node_modules/@teambit/legacy/bin/bit.js:3:1)
    at Module._compile (node:internal/modules/cjs/loader:1257:14)
    at Module._extensions..js (node:internal/modules/cjs/loader:1311:10)
    at Module.load (node:internal/modules/cjs/loader:1115:32)
    at Module._load (node:internal/modules/cjs/loader:962:12)
    at Function.executeUserEntryPoint [as runMain] (node:internal/modules/run_main:83:12) {
  code: &apos;MODULE_NOT_FOUND&apos;,
  requireStack: [
    &apos;/Users/nitsancohen/.bvm/versions/0.2.29/bit-0.2.29/node_modules/@teambit/legacy/bin/bit.js&apos;
  ]
}

Node.js v20.3.1
" type="Error"><![CDATA[Error: Command failed: bit init
node:internal/modules/cjs/loader:1075
  throw err;
  ^

Error: Cannot find module '../node_modules/@teambit/bit/dist/app'
Require stack:
- /Users/nitsancohen/.bvm/versions/0.2.29/bit-0.2.29/node_modules/@teambit/legacy/bin/bit.js
    at Module._resolveFilename (node:internal/modules/cjs/loader:1072:15)
    at Module._load (node:internal/modules/cjs/loader:925:27)
    at Module.require (node:internal/modules/cjs/loader:1139:19)
    at require (node:internal/modules/helpers:121:18)
    at Object.<anonymous> (/Users/nitsancohen/.bvm/versions/0.2.29/bit-0.2.29/node_modules/@teambit/legacy/bin/bit.js:3:1)
    at Module._compile (node:internal/modules/cjs/loader:1257:14)
    at Module._extensions..js (node:internal/modules/cjs/loader:1311:10)
    at Module.load (node:internal/modules/cjs/loader:1115:32)
    at Module._load (node:internal/modules/cjs/loader:962:12)
    at Function.executeUserEntryPoint [as runMain] (node:internal/modules/run_main:83:12) {
  code: 'MODULE_NOT_FOUND',
  requireStack: [
    '/Users/nitsancohen/.bvm/versions/0.2.29/bit-0.2.29/node_modules/@teambit/legacy/bin/bit.js'
  ]
}

Node.js v20.3.1

    at checkExecSyncError (node:child_process:885:11)
    at Object.execSync (node:child_process:957:15)
    at CommandHelper.runCmd (src/e2e-helper/e2e-command-helper.ts:64:22)
    at ScopeHelper.initWorkspace (src/e2e-helper/e2e-scope-helper.ts:126:25)
    at ScopeHelper.reInitLocalScope (src/e2e-helper/e2e-scope-helper.ts:87:10)
    at ScopeHelper.setNewLocalAndRemoteScopes (src/e2e-helper/e2e-scope-helper.ts:141:10)
    at Context.<anonymous> (e2e/harmony/custom-aspects.e2e.ts:151:26)
    at processImmediate (node:internal/timers:478:21)]]></failure>
    </testcase>
    <testcase name="custom aspects simple case of using an external aspect &quot;after all&quot; hook in &quot;simple case of using an external aspect&quot;" time="0.0000" classname="&quot;after all&quot; hook in &quot;simple case of using an external aspect&quot;">
      <failure message="Cannot read properties of undefined (reading &apos;destroy&apos;)" type="TypeError"><![CDATA[TypeError: Cannot read properties of undefined (reading 'destroy')
    at Context.<anonymous> (e2e/harmony/custom-aspects.e2e.ts:167:21)
    at processImmediate (node:internal/timers:478:21)]]></failure>
    </testcase>
  </testsuite>
  <testsuite name="custom env" timestamp="2023-08-21T21:40:30" tests="0" file="/Users/nitsancohen/coding/my-bit/bit/e2e/harmony/custom-env.e2e.ts" time="0.0000" failures="0">
  </testsuite>
  <testsuite name="non existing env" timestamp="2023-08-21T21:40:30" tests="1" file="/Users/nitsancohen/coding/my-bit/bit/e2e/harmony/custom-env.e2e.ts" time="0.0600" failures="1">
    <testcase name="custom env non existing env &quot;before all&quot; hook for &quot;bit status should show a descriptive error&quot;" time="0.0600" classname="&quot;before all&quot; hook for &quot;bit status should show a descriptive error&quot;">
      <failure message="Command failed: bit init
node:internal/modules/cjs/loader:1075
  throw err;
  ^

Error: Cannot find module &apos;../node_modules/@teambit/bit/dist/app&apos;
Require stack:
- /Users/nitsancohen/.bvm/versions/0.2.29/bit-0.2.29/node_modules/@teambit/legacy/bin/bit.js
    at Module._resolveFilename (node:internal/modules/cjs/loader:1072:15)
    at Module._load (node:internal/modules/cjs/loader:925:27)
    at Module.require (node:internal/modules/cjs/loader:1139:19)
    at require (node:internal/modules/helpers:121:18)
    at Object.&lt;anonymous&gt; (/Users/nitsancohen/.bvm/versions/0.2.29/bit-0.2.29/node_modules/@teambit/legacy/bin/bit.js:3:1)
    at Module._compile (node:internal/modules/cjs/loader:1257:14)
    at Module._extensions..js (node:internal/modules/cjs/loader:1311:10)
    at Module.load (node:internal/modules/cjs/loader:1115:32)
    at Module._load (node:internal/modules/cjs/loader:962:12)
    at Function.executeUserEntryPoint [as runMain] (node:internal/modules/run_main:83:12) {
  code: &apos;MODULE_NOT_FOUND&apos;,
  requireStack: [
    &apos;/Users/nitsancohen/.bvm/versions/0.2.29/bit-0.2.29/node_modules/@teambit/legacy/bin/bit.js&apos;
  ]
}

Node.js v20.3.1
" type="Error"><![CDATA[Error: Command failed: bit init
node:internal/modules/cjs/loader:1075
  throw err;
  ^

Error: Cannot find module '../node_modules/@teambit/bit/dist/app'
Require stack:
- /Users/nitsancohen/.bvm/versions/0.2.29/bit-0.2.29/node_modules/@teambit/legacy/bin/bit.js
    at Module._resolveFilename (node:internal/modules/cjs/loader:1072:15)
    at Module._load (node:internal/modules/cjs/loader:925:27)
    at Module.require (node:internal/modules/cjs/loader:1139:19)
    at require (node:internal/modules/helpers:121:18)
    at Object.<anonymous> (/Users/nitsancohen/.bvm/versions/0.2.29/bit-0.2.29/node_modules/@teambit/legacy/bin/bit.js:3:1)
    at Module._compile (node:internal/modules/cjs/loader:1257:14)
    at Module._extensions..js (node:internal/modules/cjs/loader:1311:10)
    at Module.load (node:internal/modules/cjs/loader:1115:32)
    at Module._load (node:internal/modules/cjs/loader:962:12)
    at Function.executeUserEntryPoint [as runMain] (node:internal/modules/run_main:83:12) {
  code: 'MODULE_NOT_FOUND',
  requireStack: [
    '/Users/nitsancohen/.bvm/versions/0.2.29/bit-0.2.29/node_modules/@teambit/legacy/bin/bit.js'
  ]
}

Node.js v20.3.1

    at checkExecSyncError (node:child_process:885:11)
    at Object.execSync (node:child_process:957:15)
    at CommandHelper.runCmd (src/e2e-helper/e2e-command-helper.ts:64:22)
    at ScopeHelper.initWorkspace (src/e2e-helper/e2e-scope-helper.ts:126:25)
    at ScopeHelper.reInitLocalScope (src/e2e-helper/e2e-scope-helper.ts:87:10)
    at ScopeHelper.setNewLocalAndRemoteScopes (src/e2e-helper/e2e-scope-helper.ts:141:10)
    at Context.<anonymous> (e2e/harmony/custom-env.e2e.ts:24:26)
    at processImmediate (node:internal/timers:478:21)]]></failure>
    </testcase>
  </testsuite>
  <testsuite name="non loaded env" timestamp="2023-08-21T21:40:30" tests="3" file="/Users/nitsancohen/coding/my-bit/bit/e2e/harmony/custom-env.e2e.ts" time="0.0590" failures="1">
    <testcase name="custom env non loaded env &quot;before all&quot; hook for &quot;should show the correct env in bit show (with no loaded indication)&quot;" time="0.0590" classname="&quot;before all&quot; hook for &quot;should show the correct env in bit show (with no loaded indication)&quot;">
      <failure message="Command failed: bit init
node:internal/modules/cjs/loader:1075
  throw err;
  ^

Error: Cannot find module &apos;../node_modules/@teambit/bit/dist/app&apos;
Require stack:
- /Users/nitsancohen/.bvm/versions/0.2.29/bit-0.2.29/node_modules/@teambit/legacy/bin/bit.js
    at Module._resolveFilename (node:internal/modules/cjs/loader:1072:15)
    at Module._load (node:internal/modules/cjs/loader:925:27)
    at Module.require (node:internal/modules/cjs/loader:1139:19)
    at require (node:internal/modules/helpers:121:18)
    at Object.&lt;anonymous&gt; (/Users/nitsancohen/.bvm/versions/0.2.29/bit-0.2.29/node_modules/@teambit/legacy/bin/bit.js:3:1)
    at Module._compile (node:internal/modules/cjs/loader:1257:14)
    at Module._extensions..js (node:internal/modules/cjs/loader:1311:10)
    at Module.load (node:internal/modules/cjs/loader:1115:32)
    at Module._load (node:internal/modules/cjs/loader:962:12)
    at Function.executeUserEntryPoint [as runMain] (node:internal/modules/run_main:83:12) {
  code: &apos;MODULE_NOT_FOUND&apos;,
  requireStack: [
    &apos;/Users/nitsancohen/.bvm/versions/0.2.29/bit-0.2.29/node_modules/@teambit/legacy/bin/bit.js&apos;
  ]
}

Node.js v20.3.1
" type="Error"><![CDATA[Error: Command failed: bit init
node:internal/modules/cjs/loader:1075
  throw err;
  ^

Error: Cannot find module '../node_modules/@teambit/bit/dist/app'
Require stack:
- /Users/nitsancohen/.bvm/versions/0.2.29/bit-0.2.29/node_modules/@teambit/legacy/bin/bit.js
    at Module._resolveFilename (node:internal/modules/cjs/loader:1072:15)
    at Module._load (node:internal/modules/cjs/loader:925:27)
    at Module.require (node:internal/modules/cjs/loader:1139:19)
    at require (node:internal/modules/helpers:121:18)
    at Object.<anonymous> (/Users/nitsancohen/.bvm/versions/0.2.29/bit-0.2.29/node_modules/@teambit/legacy/bin/bit.js:3:1)
    at Module._compile (node:internal/modules/cjs/loader:1257:14)
    at Module._extensions..js (node:internal/modules/cjs/loader:1311:10)
    at Module.load (node:internal/modules/cjs/loader:1115:32)
    at Module._load (node:internal/modules/cjs/loader:962:12)
    at Function.executeUserEntryPoint [as runMain] (node:internal/modules/run_main:83:12) {
  code: 'MODULE_NOT_FOUND',
  requireStack: [
    '/Users/nitsancohen/.bvm/versions/0.2.29/bit-0.2.29/node_modules/@teambit/legacy/bin/bit.js'
  ]
}

Node.js v20.3.1

    at checkExecSyncError (node:child_process:885:11)
    at Object.execSync (node:child_process:957:15)
    at CommandHelper.runCmd (src/e2e-helper/e2e-command-helper.ts:64:22)
    at ScopeHelper.initWorkspace (src/e2e-helper/e2e-scope-helper.ts:126:25)
    at ScopeHelper.reInitLocalScope (src/e2e-helper/e2e-scope-helper.ts:87:10)
    at ScopeHelper.setNewLocalAndRemoteScopes (src/e2e-helper/e2e-scope-helper.ts:141:10)
    at Context.<anonymous> (e2e/harmony/custom-env.e2e.ts:39:26)
    at processImmediate (node:internal/timers:478:21)]]></failure>
    </testcase>
  </testsuite>
  <testsuite name="custom env with 3 components" timestamp="2023-08-21T21:40:30" tests="0" file="/Users/nitsancohen/coding/my-bit/bit/e2e/harmony/custom-env.e2e.ts" time="0.0610" failures="1">
    <testcase name="custom env custom env with 3 components &quot;before all&quot; hook in &quot;custom env with 3 components&quot;" time="0.0610" classname="&quot;before all&quot; hook in &quot;custom env with 3 components&quot;">
      <failure message="Command failed: bit init
node:internal/modules/cjs/loader:1075
  throw err;
  ^

Error: Cannot find module &apos;../node_modules/@teambit/bit/dist/app&apos;
Require stack:
- /Users/nitsancohen/.bvm/versions/0.2.29/bit-0.2.29/node_modules/@teambit/legacy/bin/bit.js
    at Module._resolveFilename (node:internal/modules/cjs/loader:1072:15)
    at Module._load (node:internal/modules/cjs/loader:925:27)
    at Module.require (node:internal/modules/cjs/loader:1139:19)
    at require (node:internal/modules/helpers:121:18)
    at Object.&lt;anonymous&gt; (/Users/nitsancohen/.bvm/versions/0.2.29/bit-0.2.29/node_modules/@teambit/legacy/bin/bit.js:3:1)
    at Module._compile (node:internal/modules/cjs/loader:1257:14)
    at Module._extensions..js (node:internal/modules/cjs/loader:1311:10)
    at Module.load (node:internal/modules/cjs/loader:1115:32)
    at Module._load (node:internal/modules/cjs/loader:962:12)
    at Function.executeUserEntryPoint [as runMain] (node:internal/modules/run_main:83:12) {
  code: &apos;MODULE_NOT_FOUND&apos;,
  requireStack: [
    &apos;/Users/nitsancohen/.bvm/versions/0.2.29/bit-0.2.29/node_modules/@teambit/legacy/bin/bit.js&apos;
  ]
}

Node.js v20.3.1
" type="Error"><![CDATA[Error: Command failed: bit init
node:internal/modules/cjs/loader:1075
  throw err;
  ^

Error: Cannot find module '../node_modules/@teambit/bit/dist/app'
Require stack:
- /Users/nitsancohen/.bvm/versions/0.2.29/bit-0.2.29/node_modules/@teambit/legacy/bin/bit.js
    at Module._resolveFilename (node:internal/modules/cjs/loader:1072:15)
    at Module._load (node:internal/modules/cjs/loader:925:27)
    at Module.require (node:internal/modules/cjs/loader:1139:19)
    at require (node:internal/modules/helpers:121:18)
    at Object.<anonymous> (/Users/nitsancohen/.bvm/versions/0.2.29/bit-0.2.29/node_modules/@teambit/legacy/bin/bit.js:3:1)
    at Module._compile (node:internal/modules/cjs/loader:1257:14)
    at Module._extensions..js (node:internal/modules/cjs/loader:1311:10)
    at Module.load (node:internal/modules/cjs/loader:1115:32)
    at Module._load (node:internal/modules/cjs/loader:962:12)
    at Function.executeUserEntryPoint [as runMain] (node:internal/modules/run_main:83:12) {
  code: 'MODULE_NOT_FOUND',
  requireStack: [
    '/Users/nitsancohen/.bvm/versions/0.2.29/bit-0.2.29/node_modules/@teambit/legacy/bin/bit.js'
  ]
}

Node.js v20.3.1

    at checkExecSyncError (node:child_process:885:11)
    at Object.execSync (node:child_process:957:15)
    at CommandHelper.runCmd (src/e2e-helper/e2e-command-helper.ts:64:22)
    at ScopeHelper.initWorkspace (src/e2e-helper/e2e-scope-helper.ts:126:25)
    at ScopeHelper.reInitLocalScope (src/e2e-helper/e2e-scope-helper.ts:87:10)
    at ScopeHelper.setNewLocalAndRemoteScopes (src/e2e-helper/e2e-scope-helper.ts:141:10)
    at Context.<anonymous> (e2e/harmony/custom-env.e2e.ts:67:26)
    at processImmediate (node:internal/timers:478:21)]]></failure>
    </testcase>
  </testsuite>
  <testsuite name="change an env after tag" timestamp="2023-08-21T21:40:30" tests="1" file="/Users/nitsancohen/coding/my-bit/bit/e2e/harmony/custom-env.e2e.ts" time="0.0600" failures="1">
    <testcase name="custom env change an env after tag &quot;before all&quot; hook for &quot;bit status should show it as an issue because the previous env was not removed&quot;" time="0.0600" classname="&quot;before all&quot; hook for &quot;bit status should show it as an issue because the previous env was not removed&quot;">
      <failure message="Command failed: bit init
node:internal/modules/cjs/loader:1075
  throw err;
  ^

Error: Cannot find module &apos;../node_modules/@teambit/bit/dist/app&apos;
Require stack:
- /Users/nitsancohen/.bvm/versions/0.2.29/bit-0.2.29/node_modules/@teambit/legacy/bin/bit.js
    at Module._resolveFilename (node:internal/modules/cjs/loader:1072:15)
    at Module._load (node:internal/modules/cjs/loader:925:27)
    at Module.require (node:internal/modules/cjs/loader:1139:19)
    at require (node:internal/modules/helpers:121:18)
    at Object.&lt;anonymous&gt; (/Users/nitsancohen/.bvm/versions/0.2.29/bit-0.2.29/node_modules/@teambit/legacy/bin/bit.js:3:1)
    at Module._compile (node:internal/modules/cjs/loader:1257:14)
    at Module._extensions..js (node:internal/modules/cjs/loader:1311:10)
    at Module.load (node:internal/modules/cjs/loader:1115:32)
    at Module._load (node:internal/modules/cjs/loader:962:12)
    at Function.executeUserEntryPoint [as runMain] (node:internal/modules/run_main:83:12) {
  code: &apos;MODULE_NOT_FOUND&apos;,
  requireStack: [
    &apos;/Users/nitsancohen/.bvm/versions/0.2.29/bit-0.2.29/node_modules/@teambit/legacy/bin/bit.js&apos;
  ]
}

Node.js v20.3.1
" type="Error"><![CDATA[Error: Command failed: bit init
node:internal/modules/cjs/loader:1075
  throw err;
  ^

Error: Cannot find module '../node_modules/@teambit/bit/dist/app'
Require stack:
- /Users/nitsancohen/.bvm/versions/0.2.29/bit-0.2.29/node_modules/@teambit/legacy/bin/bit.js
    at Module._resolveFilename (node:internal/modules/cjs/loader:1072:15)
    at Module._load (node:internal/modules/cjs/loader:925:27)
    at Module.require (node:internal/modules/cjs/loader:1139:19)
    at require (node:internal/modules/helpers:121:18)
    at Object.<anonymous> (/Users/nitsancohen/.bvm/versions/0.2.29/bit-0.2.29/node_modules/@teambit/legacy/bin/bit.js:3:1)
    at Module._compile (node:internal/modules/cjs/loader:1257:14)
    at Module._extensions..js (node:internal/modules/cjs/loader:1311:10)
    at Module.load (node:internal/modules/cjs/loader:1115:32)
    at Module._load (node:internal/modules/cjs/loader:962:12)
    at Function.executeUserEntryPoint [as runMain] (node:internal/modules/run_main:83:12) {
  code: 'MODULE_NOT_FOUND',
  requireStack: [
    '/Users/nitsancohen/.bvm/versions/0.2.29/bit-0.2.29/node_modules/@teambit/legacy/bin/bit.js'
  ]
}

Node.js v20.3.1

    at checkExecSyncError (node:child_process:885:11)
    at Object.execSync (node:child_process:957:15)
    at CommandHelper.runCmd (src/e2e-helper/e2e-command-helper.ts:64:22)
    at ScopeHelper.initWorkspace (src/e2e-helper/e2e-scope-helper.ts:126:25)
    at ScopeHelper.reInitLocalScope (src/e2e-helper/e2e-scope-helper.ts:87:10)
    at ScopeHelper.setNewLocalAndRemoteScopes (src/e2e-helper/e2e-scope-helper.ts:141:10)
    at Context.<anonymous> (e2e/harmony/custom-env.e2e.ts:122:26)
    at processImmediate (node:internal/timers:478:21)]]></failure>
    </testcase>
  </testsuite>
  <testsuite name="change an env after tag2 and then change it back to the custom-env in the workspace" timestamp="2023-08-21T21:40:30" tests="1" file="/Users/nitsancohen/coding/my-bit/bit/e2e/harmony/custom-env.e2e.ts" time="0.0600" failures="1">
    <testcase name="custom env change an env after tag2 and then change it back to the custom-env in the workspace &quot;before all&quot; hook for &quot;should have the correct env&quot;" time="0.0600" classname="&quot;before all&quot; hook for &quot;should have the correct env&quot;">
      <failure message="Command failed: bit init
node:internal/modules/cjs/loader:1075
  throw err;
  ^

Error: Cannot find module &apos;../node_modules/@teambit/bit/dist/app&apos;
Require stack:
- /Users/nitsancohen/.bvm/versions/0.2.29/bit-0.2.29/node_modules/@teambit/legacy/bin/bit.js
    at Module._resolveFilename (node:internal/modules/cjs/loader:1072:15)
    at Module._load (node:internal/modules/cjs/loader:925:27)
    at Module.require (node:internal/modules/cjs/loader:1139:19)
    at require (node:internal/modules/helpers:121:18)
    at Object.&lt;anonymous&gt; (/Users/nitsancohen/.bvm/versions/0.2.29/bit-0.2.29/node_modules/@teambit/legacy/bin/bit.js:3:1)
    at Module._compile (node:internal/modules/cjs/loader:1257:14)
    at Module._extensions..js (node:internal/modules/cjs/loader:1311:10)
    at Module.load (node:internal/modules/cjs/loader:1115:32)
    at Module._load (node:internal/modules/cjs/loader:962:12)
    at Function.executeUserEntryPoint [as runMain] (node:internal/modules/run_main:83:12) {
  code: &apos;MODULE_NOT_FOUND&apos;,
  requireStack: [
    &apos;/Users/nitsancohen/.bvm/versions/0.2.29/bit-0.2.29/node_modules/@teambit/legacy/bin/bit.js&apos;
  ]
}

Node.js v20.3.1
" type="Error"><![CDATA[Error: Command failed: bit init
node:internal/modules/cjs/loader:1075
  throw err;
  ^

Error: Cannot find module '../node_modules/@teambit/bit/dist/app'
Require stack:
- /Users/nitsancohen/.bvm/versions/0.2.29/bit-0.2.29/node_modules/@teambit/legacy/bin/bit.js
    at Module._resolveFilename (node:internal/modules/cjs/loader:1072:15)
    at Module._load (node:internal/modules/cjs/loader:925:27)
    at Module.require (node:internal/modules/cjs/loader:1139:19)
    at require (node:internal/modules/helpers:121:18)
    at Object.<anonymous> (/Users/nitsancohen/.bvm/versions/0.2.29/bit-0.2.29/node_modules/@teambit/legacy/bin/bit.js:3:1)
    at Module._compile (node:internal/modules/cjs/loader:1257:14)
    at Module._extensions..js (node:internal/modules/cjs/loader:1311:10)
    at Module.load (node:internal/modules/cjs/loader:1115:32)
    at Module._load (node:internal/modules/cjs/loader:962:12)
    at Function.executeUserEntryPoint [as runMain] (node:internal/modules/run_main:83:12) {
  code: 'MODULE_NOT_FOUND',
  requireStack: [
    '/Users/nitsancohen/.bvm/versions/0.2.29/bit-0.2.29/node_modules/@teambit/legacy/bin/bit.js'
  ]
}

Node.js v20.3.1

    at checkExecSyncError (node:child_process:885:11)
    at Object.execSync (node:child_process:957:15)
    at CommandHelper.runCmd (src/e2e-helper/e2e-command-helper.ts:64:22)
    at ScopeHelper.initWorkspace (src/e2e-helper/e2e-scope-helper.ts:126:25)
    at ScopeHelper.reInitLocalScope (src/e2e-helper/e2e-scope-helper.ts:87:10)
    at ScopeHelper.setNewLocalAndRemoteScopes (src/e2e-helper/e2e-scope-helper.ts:141:10)
    at Context.<anonymous> (e2e/harmony/custom-env.e2e.ts:140:26)
    at processImmediate (node:internal/timers:478:21)]]></failure>
    </testcase>
  </testsuite>
  <testsuite name="load env from env root" timestamp="2023-08-21T21:40:30" tests="3" file="/Users/nitsancohen/coding/my-bit/bit/e2e/harmony/custom-env.e2e.ts" time="0.0620" failures="2">
    <testcase name="custom env load env from env root &quot;before all&quot; hook for &quot;should load the env without issue&quot;" time="0.0620" classname="&quot;before all&quot; hook for &quot;should load the env without issue&quot;">
      <failure message="Command failed: bit init
node:internal/modules/cjs/loader:1075
  throw err;
  ^

Error: Cannot find module &apos;../node_modules/@teambit/bit/dist/app&apos;
Require stack:
- /Users/nitsancohen/.bvm/versions/0.2.29/bit-0.2.29/node_modules/@teambit/legacy/bin/bit.js
    at Module._resolveFilename (node:internal/modules/cjs/loader:1072:15)
    at Module._load (node:internal/modules/cjs/loader:925:27)
    at Module.require (node:internal/modules/cjs/loader:1139:19)
    at require (node:internal/modules/helpers:121:18)
    at Object.&lt;anonymous&gt; (/Users/nitsancohen/.bvm/versions/0.2.29/bit-0.2.29/node_modules/@teambit/legacy/bin/bit.js:3:1)
    at Module._compile (node:internal/modules/cjs/loader:1257:14)
    at Module._extensions..js (node:internal/modules/cjs/loader:1311:10)
    at Module.load (node:internal/modules/cjs/loader:1115:32)
    at Module._load (node:internal/modules/cjs/loader:962:12)
    at Function.executeUserEntryPoint [as runMain] (node:internal/modules/run_main:83:12) {
  code: &apos;MODULE_NOT_FOUND&apos;,
  requireStack: [
    &apos;/Users/nitsancohen/.bvm/versions/0.2.29/bit-0.2.29/node_modules/@teambit/legacy/bin/bit.js&apos;
  ]
}

Node.js v20.3.1
" type="Error"><![CDATA[Error: Command failed: bit init
node:internal/modules/cjs/loader:1075
  throw err;
  ^

Error: Cannot find module '../node_modules/@teambit/bit/dist/app'
Require stack:
- /Users/nitsancohen/.bvm/versions/0.2.29/bit-0.2.29/node_modules/@teambit/legacy/bin/bit.js
    at Module._resolveFilename (node:internal/modules/cjs/loader:1072:15)
    at Module._load (node:internal/modules/cjs/loader:925:27)
    at Module.require (node:internal/modules/cjs/loader:1139:19)
    at require (node:internal/modules/helpers:121:18)
    at Object.<anonymous> (/Users/nitsancohen/.bvm/versions/0.2.29/bit-0.2.29/node_modules/@teambit/legacy/bin/bit.js:3:1)
    at Module._compile (node:internal/modules/cjs/loader:1257:14)
    at Module._extensions..js (node:internal/modules/cjs/loader:1311:10)
    at Module.load (node:internal/modules/cjs/loader:1115:32)
    at Module._load (node:internal/modules/cjs/loader:962:12)
    at Function.executeUserEntryPoint [as runMain] (node:internal/modules/run_main:83:12) {
  code: 'MODULE_NOT_FOUND',
  requireStack: [
    '/Users/nitsancohen/.bvm/versions/0.2.29/bit-0.2.29/node_modules/@teambit/legacy/bin/bit.js'
  ]
}

Node.js v20.3.1

    at checkExecSyncError (node:child_process:885:11)
    at Object.execSync (node:child_process:957:15)
    at CommandHelper.runCmd (src/e2e-helper/e2e-command-helper.ts:64:22)
    at ScopeHelper.initWorkspace (src/e2e-helper/e2e-scope-helper.ts:126:25)
    at ScopeHelper.reInitLocalScope (src/e2e-helper/e2e-scope-helper.ts:87:10)
    at ScopeHelper.setNewLocalAndRemoteScopes (src/e2e-helper/e2e-scope-helper.ts:141:10)
    at Context.<anonymous> (e2e/harmony/custom-env.e2e.ts:166:26)
    at processImmediate (node:internal/timers:478:21)]]></failure>
    </testcase>
    <testcase name="custom env load env from env root &quot;after all&quot; hook for &quot;should not create scope aspect capsule&quot;" time="0.0000" classname="&quot;after all&quot; hook for &quot;should not create scope aspect capsule&quot;">
      <failure message="Cannot read properties of undefined (reading &apos;destroy&apos;)" type="TypeError"><![CDATA[TypeError: Cannot read properties of undefined (reading 'destroy')
    at Context.<anonymous> (e2e/harmony/custom-env.e2e.ts:203:21)
    at processImmediate (node:internal/timers:478:21)]]></failure>
    </testcase>
  </testsuite>
  <testsuite name="custom env installed as a package" timestamp="2023-08-21T21:40:30" tests="0" file="/Users/nitsancohen/coding/my-bit/bit/e2e/harmony/custom-env.e2e.ts" time="0.0600" failures="2">
    <testcase name="custom env custom env installed as a package &quot;before all&quot; hook in &quot;custom env installed as a package&quot;" time="0.0600" classname="&quot;before all&quot; hook in &quot;custom env installed as a package&quot;">
      <failure message="Command failed: bit init
node:internal/modules/cjs/loader:1075
  throw err;
  ^

Error: Cannot find module &apos;../node_modules/@teambit/bit/dist/app&apos;
Require stack:
- /Users/nitsancohen/.bvm/versions/0.2.29/bit-0.2.29/node_modules/@teambit/legacy/bin/bit.js
    at Module._resolveFilename (node:internal/modules/cjs/loader:1072:15)
    at Module._load (node:internal/modules/cjs/loader:925:27)
    at Module.require (node:internal/modules/cjs/loader:1139:19)
    at require (node:internal/modules/helpers:121:18)
    at Object.&lt;anonymous&gt; (/Users/nitsancohen/.bvm/versions/0.2.29/bit-0.2.29/node_modules/@teambit/legacy/bin/bit.js:3:1)
    at Module._compile (node:internal/modules/cjs/loader:1257:14)
    at Module._extensions..js (node:internal/modules/cjs/loader:1311:10)
    at Module.load (node:internal/modules/cjs/loader:1115:32)
    at Module._load (node:internal/modules/cjs/loader:962:12)
    at Function.executeUserEntryPoint [as runMain] (node:internal/modules/run_main:83:12) {
  code: &apos;MODULE_NOT_FOUND&apos;,
  requireStack: [
    &apos;/Users/nitsancohen/.bvm/versions/0.2.29/bit-0.2.29/node_modules/@teambit/legacy/bin/bit.js&apos;
  ]
}

Node.js v20.3.1
" type="Error"><![CDATA[Error: Command failed: bit init
node:internal/modules/cjs/loader:1075
  throw err;
  ^

Error: Cannot find module '../node_modules/@teambit/bit/dist/app'
Require stack:
- /Users/nitsancohen/.bvm/versions/0.2.29/bit-0.2.29/node_modules/@teambit/legacy/bin/bit.js
    at Module._resolveFilename (node:internal/modules/cjs/loader:1072:15)
    at Module._load (node:internal/modules/cjs/loader:925:27)
    at Module.require (node:internal/modules/cjs/loader:1139:19)
    at require (node:internal/modules/helpers:121:18)
    at Object.<anonymous> (/Users/nitsancohen/.bvm/versions/0.2.29/bit-0.2.29/node_modules/@teambit/legacy/bin/bit.js:3:1)
    at Module._compile (node:internal/modules/cjs/loader:1257:14)
    at Module._extensions..js (node:internal/modules/cjs/loader:1311:10)
    at Module.load (node:internal/modules/cjs/loader:1115:32)
    at Module._load (node:internal/modules/cjs/loader:962:12)
    at Function.executeUserEntryPoint [as runMain] (node:internal/modules/run_main:83:12) {
  code: 'MODULE_NOT_FOUND',
  requireStack: [
    '/Users/nitsancohen/.bvm/versions/0.2.29/bit-0.2.29/node_modules/@teambit/legacy/bin/bit.js'
  ]
}

Node.js v20.3.1

    at checkExecSyncError (node:child_process:885:11)
    at Object.execSync (node:child_process:957:15)
    at CommandHelper.runCmd (src/e2e-helper/e2e-command-helper.ts:64:22)
    at ScopeHelper.initWorkspace (src/e2e-helper/e2e-scope-helper.ts:126:25)
    at ScopeHelper.reInitLocalScope (src/e2e-helper/e2e-scope-helper.ts:87:10)
    at ScopeHelper.setNewLocalAndRemoteScopes (src/e2e-helper/e2e-scope-helper.ts:141:10)
    at Context.<anonymous> (e2e/harmony/custom-env.e2e.ts:232:26)
    at processImmediate (node:internal/timers:478:21)]]></failure>
    </testcase>
    <testcase name="custom env custom env installed as a package &quot;after all&quot; hook in &quot;custom env installed as a package&quot;" time="0.0000" classname="&quot;after all&quot; hook in &quot;custom env installed as a package&quot;">
      <failure message="Cannot read properties of undefined (reading &apos;destroy&apos;)" type="TypeError"><![CDATA[TypeError: Cannot read properties of undefined (reading 'destroy')
    at Context.<anonymous> (e2e/harmony/custom-env.e2e.ts:249:21)
    at processImmediate (node:internal/timers:478:21)]]></failure>
    </testcase>
  </testsuite>
  <testsuite name="when the env is tagged and set in workspace.jsonc without exporting it" timestamp="2023-08-21T21:40:30" tests="1" file="/Users/nitsancohen/coding/my-bit/bit/e2e/harmony/custom-env.e2e.ts" time="0.0600" failures="1">
    <testcase name="custom env when the env is tagged and set in workspace.jsonc without exporting it &quot;before all&quot; hook for &quot;should be able to re-tag with no errors&quot;" time="0.0600" classname="&quot;before all&quot; hook for &quot;should be able to re-tag with no errors&quot;">
      <failure message="Command failed: bit init
node:internal/modules/cjs/loader:1075
  throw err;
  ^

Error: Cannot find module &apos;../node_modules/@teambit/bit/dist/app&apos;
Require stack:
- /Users/nitsancohen/.bvm/versions/0.2.29/bit-0.2.29/node_modules/@teambit/legacy/bin/bit.js
    at Module._resolveFilename (node:internal/modules/cjs/loader:1072:15)
    at Module._load (node:internal/modules/cjs/loader:925:27)
    at Module.require (node:internal/modules/cjs/loader:1139:19)
    at require (node:internal/modules/helpers:121:18)
    at Object.&lt;anonymous&gt; (/Users/nitsancohen/.bvm/versions/0.2.29/bit-0.2.29/node_modules/@teambit/legacy/bin/bit.js:3:1)
    at Module._compile (node:internal/modules/cjs/loader:1257:14)
    at Module._extensions..js (node:internal/modules/cjs/loader:1311:10)
    at Module.load (node:internal/modules/cjs/loader:1115:32)
    at Module._load (node:internal/modules/cjs/loader:962:12)
    at Function.executeUserEntryPoint [as runMain] (node:internal/modules/run_main:83:12) {
  code: &apos;MODULE_NOT_FOUND&apos;,
  requireStack: [
    &apos;/Users/nitsancohen/.bvm/versions/0.2.29/bit-0.2.29/node_modules/@teambit/legacy/bin/bit.js&apos;
  ]
}

Node.js v20.3.1
" type="Error"><![CDATA[Error: Command failed: bit init
node:internal/modules/cjs/loader:1075
  throw err;
  ^

Error: Cannot find module '../node_modules/@teambit/bit/dist/app'
Require stack:
- /Users/nitsancohen/.bvm/versions/0.2.29/bit-0.2.29/node_modules/@teambit/legacy/bin/bit.js
    at Module._resolveFilename (node:internal/modules/cjs/loader:1072:15)
    at Module._load (node:internal/modules/cjs/loader:925:27)
    at Module.require (node:internal/modules/cjs/loader:1139:19)
    at require (node:internal/modules/helpers:121:18)
    at Object.<anonymous> (/Users/nitsancohen/.bvm/versions/0.2.29/bit-0.2.29/node_modules/@teambit/legacy/bin/bit.js:3:1)
    at Module._compile (node:internal/modules/cjs/loader:1257:14)
    at Module._extensions..js (node:internal/modules/cjs/loader:1311:10)
    at Module.load (node:internal/modules/cjs/loader:1115:32)
    at Module._load (node:internal/modules/cjs/loader:962:12)
    at Function.executeUserEntryPoint [as runMain] (node:internal/modules/run_main:83:12) {
  code: 'MODULE_NOT_FOUND',
  requireStack: [
    '/Users/nitsancohen/.bvm/versions/0.2.29/bit-0.2.29/node_modules/@teambit/legacy/bin/bit.js'
  ]
}

Node.js v20.3.1

    at checkExecSyncError (node:child_process:885:11)
    at Object.execSync (node:child_process:957:15)
    at CommandHelper.runCmd (src/e2e-helper/e2e-command-helper.ts:64:22)
    at ScopeHelper.initWorkspace (src/e2e-helper/e2e-scope-helper.ts:126:25)
    at ScopeHelper.reInitLocalScope (src/e2e-helper/e2e-scope-helper.ts:87:10)
    at ScopeHelper.setNewLocalAndRemoteScopes (src/e2e-helper/e2e-scope-helper.ts:141:10)
    at Context.<anonymous> (e2e/harmony/custom-env.e2e.ts:392:26)
    at processImmediate (node:internal/timers:478:21)]]></failure>
    </testcase>
  </testsuite>
  <testsuite name="when the env is exported to a remote scope and is not exist locally" timestamp="2023-08-21T21:40:31" tests="1" file="/Users/nitsancohen/coding/my-bit/bit/e2e/harmony/custom-env.e2e.ts" time="0.0590" failures="1">
    <testcase name="custom env when the env is exported to a remote scope and is not exist locally &quot;before all&quot; hook for &quot;bit env-set should not throw any error&quot;" time="0.0590" classname="&quot;before all&quot; hook for &quot;bit env-set should not throw any error&quot;">
      <failure message="Command failed: bit init
node:internal/modules/cjs/loader:1075
  throw err;
  ^

Error: Cannot find module &apos;../node_modules/@teambit/bit/dist/app&apos;
Require stack:
- /Users/nitsancohen/.bvm/versions/0.2.29/bit-0.2.29/node_modules/@teambit/legacy/bin/bit.js
    at Module._resolveFilename (node:internal/modules/cjs/loader:1072:15)
    at Module._load (node:internal/modules/cjs/loader:925:27)
    at Module.require (node:internal/modules/cjs/loader:1139:19)
    at require (node:internal/modules/helpers:121:18)
    at Object.&lt;anonymous&gt; (/Users/nitsancohen/.bvm/versions/0.2.29/bit-0.2.29/node_modules/@teambit/legacy/bin/bit.js:3:1)
    at Module._compile (node:internal/modules/cjs/loader:1257:14)
    at Module._extensions..js (node:internal/modules/cjs/loader:1311:10)
    at Module.load (node:internal/modules/cjs/loader:1115:32)
    at Module._load (node:internal/modules/cjs/loader:962:12)
    at Function.executeUserEntryPoint [as runMain] (node:internal/modules/run_main:83:12) {
  code: &apos;MODULE_NOT_FOUND&apos;,
  requireStack: [
    &apos;/Users/nitsancohen/.bvm/versions/0.2.29/bit-0.2.29/node_modules/@teambit/legacy/bin/bit.js&apos;
  ]
}

Node.js v20.3.1
" type="Error"><![CDATA[Error: Command failed: bit init
node:internal/modules/cjs/loader:1075
  throw err;
  ^

Error: Cannot find module '../node_modules/@teambit/bit/dist/app'
Require stack:
- /Users/nitsancohen/.bvm/versions/0.2.29/bit-0.2.29/node_modules/@teambit/legacy/bin/bit.js
    at Module._resolveFilename (node:internal/modules/cjs/loader:1072:15)
    at Module._load (node:internal/modules/cjs/loader:925:27)
    at Module.require (node:internal/modules/cjs/loader:1139:19)
    at require (node:internal/modules/helpers:121:18)
    at Object.<anonymous> (/Users/nitsancohen/.bvm/versions/0.2.29/bit-0.2.29/node_modules/@teambit/legacy/bin/bit.js:3:1)
    at Module._compile (node:internal/modules/cjs/loader:1257:14)
    at Module._extensions..js (node:internal/modules/cjs/loader:1311:10)
    at Module.load (node:internal/modules/cjs/loader:1115:32)
    at Module._load (node:internal/modules/cjs/loader:962:12)
    at Function.executeUserEntryPoint [as runMain] (node:internal/modules/run_main:83:12) {
  code: 'MODULE_NOT_FOUND',
  requireStack: [
    '/Users/nitsancohen/.bvm/versions/0.2.29/bit-0.2.29/node_modules/@teambit/legacy/bin/bit.js'
  ]
}

Node.js v20.3.1

    at checkExecSyncError (node:child_process:885:11)
    at Object.execSync (node:child_process:957:15)
    at CommandHelper.runCmd (src/e2e-helper/e2e-command-helper.ts:64:22)
    at ScopeHelper.initWorkspace (src/e2e-helper/e2e-scope-helper.ts:126:25)
    at ScopeHelper.reInitLocalScope (src/e2e-helper/e2e-scope-helper.ts:87:10)
    at ScopeHelper.setNewLocalAndRemoteScopes (src/e2e-helper/e2e-scope-helper.ts:141:10)
    at Context.<anonymous> (e2e/harmony/custom-env.e2e.ts:407:26)
    at processImmediate (node:internal/timers:478:21)]]></failure>
    </testcase>
  </testsuite>
  <testsuite name="custom-env is 0.0.2 on the workspace, but comp1 is using it in the model with 0.0.1" timestamp="2023-08-21T21:40:31" tests="3" file="/Users/nitsancohen/coding/my-bit/bit/e2e/harmony/custom-env.e2e.ts" time="0.0790" failures="1">
    <testcase name="custom env custom-env is 0.0.2 on the workspace, but comp1 is using it in the model with 0.0.1 &quot;before all&quot; hook for &quot;any bit command should not throw&quot;" time="0.0790" classname="&quot;before all&quot; hook for &quot;any bit command should not throw&quot;">
      <failure message="Command failed: bit init
node:internal/modules/cjs/loader:1075
  throw err;
  ^

Error: Cannot find module &apos;../node_modules/@teambit/bit/dist/app&apos;
Require stack:
- /Users/nitsancohen/.bvm/versions/0.2.29/bit-0.2.29/node_modules/@teambit/legacy/bin/bit.js
    at Module._resolveFilename (node:internal/modules/cjs/loader:1072:15)
    at Module._load (node:internal/modules/cjs/loader:925:27)
    at Module.require (node:internal/modules/cjs/loader:1139:19)
    at require (node:internal/modules/helpers:121:18)
    at Object.&lt;anonymous&gt; (/Users/nitsancohen/.bvm/versions/0.2.29/bit-0.2.29/node_modules/@teambit/legacy/bin/bit.js:3:1)
    at Module._compile (node:internal/modules/cjs/loader:1257:14)
    at Module._extensions..js (node:internal/modules/cjs/loader:1311:10)
    at Module.load (node:internal/modules/cjs/loader:1115:32)
    at Module._load (node:internal/modules/cjs/loader:962:12)
    at Function.executeUserEntryPoint [as runMain] (node:internal/modules/run_main:83:12) {
  code: &apos;MODULE_NOT_FOUND&apos;,
  requireStack: [
    &apos;/Users/nitsancohen/.bvm/versions/0.2.29/bit-0.2.29/node_modules/@teambit/legacy/bin/bit.js&apos;
  ]
}

Node.js v20.3.1
" type="Error"><![CDATA[Error: Command failed: bit init
node:internal/modules/cjs/loader:1075
  throw err;
  ^

Error: Cannot find module '../node_modules/@teambit/bit/dist/app'
Require stack:
- /Users/nitsancohen/.bvm/versions/0.2.29/bit-0.2.29/node_modules/@teambit/legacy/bin/bit.js
    at Module._resolveFilename (node:internal/modules/cjs/loader:1072:15)
    at Module._load (node:internal/modules/cjs/loader:925:27)
    at Module.require (node:internal/modules/cjs/loader:1139:19)
    at require (node:internal/modules/helpers:121:18)
    at Object.<anonymous> (/Users/nitsancohen/.bvm/versions/0.2.29/bit-0.2.29/node_modules/@teambit/legacy/bin/bit.js:3:1)
    at Module._compile (node:internal/modules/cjs/loader:1257:14)
    at Module._extensions..js (node:internal/modules/cjs/loader:1311:10)
    at Module.load (node:internal/modules/cjs/loader:1115:32)
    at Module._load (node:internal/modules/cjs/loader:962:12)
    at Function.executeUserEntryPoint [as runMain] (node:internal/modules/run_main:83:12) {
  code: 'MODULE_NOT_FOUND',
  requireStack: [
    '/Users/nitsancohen/.bvm/versions/0.2.29/bit-0.2.29/node_modules/@teambit/legacy/bin/bit.js'
  ]
}

Node.js v20.3.1

    at checkExecSyncError (node:child_process:885:11)
    at Object.execSync (node:child_process:957:15)
    at CommandHelper.runCmd (src/e2e-helper/e2e-command-helper.ts:64:22)
    at ScopeHelper.initWorkspace (src/e2e-helper/e2e-scope-helper.ts:126:25)
    at ScopeHelper.reInitLocalScope (src/e2e-helper/e2e-scope-helper.ts:87:10)
    at ScopeHelper.setNewLocalAndRemoteScopes (src/e2e-helper/e2e-scope-helper.ts:141:10)
    at Context.<anonymous> (e2e/harmony/custom-env.e2e.ts:425:26)
    at processImmediate (node:internal/timers:478:21)]]></failure>
    </testcase>
  </testsuite>
  <testsuite name="rename custom env" timestamp="2023-08-21T21:40:31" tests="1" file="/Users/nitsancohen/coding/my-bit/bit/e2e/harmony/custom-env.e2e.ts" time="0.0590" failures="1">
    <testcase name="custom env rename custom env &quot;before all&quot; hook for &quot;should update components using the custom-env with the new name&quot;" time="0.0590" classname="&quot;before all&quot; hook for &quot;should update components using the custom-env with the new name&quot;">
      <failure message="Command failed: bit init
node:internal/modules/cjs/loader:1075
  throw err;
  ^

Error: Cannot find module &apos;../node_modules/@teambit/bit/dist/app&apos;
Require stack:
- /Users/nitsancohen/.bvm/versions/0.2.29/bit-0.2.29/node_modules/@teambit/legacy/bin/bit.js
    at Module._resolveFilename (node:internal/modules/cjs/loader:1072:15)
    at Module._load (node:internal/modules/cjs/loader:925:27)
    at Module.require (node:internal/modules/cjs/loader:1139:19)
    at require (node:internal/modules/helpers:121:18)
    at Object.&lt;anonymous&gt; (/Users/nitsancohen/.bvm/versions/0.2.29/bit-0.2.29/node_modules/@teambit/legacy/bin/bit.js:3:1)
    at Module._compile (node:internal/modules/cjs/loader:1257:14)
    at Module._extensions..js (node:internal/modules/cjs/loader:1311:10)
    at Module.load (node:internal/modules/cjs/loader:1115:32)
    at Module._load (node:internal/modules/cjs/loader:962:12)
    at Function.executeUserEntryPoint [as runMain] (node:internal/modules/run_main:83:12) {
  code: &apos;MODULE_NOT_FOUND&apos;,
  requireStack: [
    &apos;/Users/nitsancohen/.bvm/versions/0.2.29/bit-0.2.29/node_modules/@teambit/legacy/bin/bit.js&apos;
  ]
}

Node.js v20.3.1
" type="Error"><![CDATA[Error: Command failed: bit init
node:internal/modules/cjs/loader:1075
  throw err;
  ^

Error: Cannot find module '../node_modules/@teambit/bit/dist/app'
Require stack:
- /Users/nitsancohen/.bvm/versions/0.2.29/bit-0.2.29/node_modules/@teambit/legacy/bin/bit.js
    at Module._resolveFilename (node:internal/modules/cjs/loader:1072:15)
    at Module._load (node:internal/modules/cjs/loader:925:27)
    at Module.require (node:internal/modules/cjs/loader:1139:19)
    at require (node:internal/modules/helpers:121:18)
    at Object.<anonymous> (/Users/nitsancohen/.bvm/versions/0.2.29/bit-0.2.29/node_modules/@teambit/legacy/bin/bit.js:3:1)
    at Module._compile (node:internal/modules/cjs/loader:1257:14)
    at Module._extensions..js (node:internal/modules/cjs/loader:1311:10)
    at Module.load (node:internal/modules/cjs/loader:1115:32)
    at Module._load (node:internal/modules/cjs/loader:962:12)
    at Function.executeUserEntryPoint [as runMain] (node:internal/modules/run_main:83:12) {
  code: 'MODULE_NOT_FOUND',
  requireStack: [
    '/Users/nitsancohen/.bvm/versions/0.2.29/bit-0.2.29/node_modules/@teambit/legacy/bin/bit.js'
  ]
}

Node.js v20.3.1

    at checkExecSyncError (node:child_process:885:11)
    at Object.execSync (node:child_process:957:15)
    at CommandHelper.runCmd (src/e2e-helper/e2e-command-helper.ts:64:22)
    at ScopeHelper.initWorkspace (src/e2e-helper/e2e-scope-helper.ts:126:25)
    at ScopeHelper.reInitLocalScope (src/e2e-helper/e2e-scope-helper.ts:87:10)
    at ScopeHelper.setNewLocalAndRemoteScopes (src/e2e-helper/e2e-scope-helper.ts:141:10)
    at Context.<anonymous> (e2e/harmony/custom-env.e2e.ts:454:26)
    at processImmediate (node:internal/timers:478:21)]]></failure>
    </testcase>
  </testsuite>
  <testsuite name="tag custom env then env-set the comp uses it to another non-core env" timestamp="2023-08-21T21:40:31" tests="1" file="/Users/nitsancohen/coding/my-bit/bit/e2e/harmony/custom-env.e2e.ts" time="0.0590" failures="1">
    <testcase name="custom env tag custom env then env-set the comp uses it to another non-core env &quot;before all&quot; hook for &quot;bit status should not show it as an issue because the previous env was removed&quot;" time="0.0590" classname="&quot;before all&quot; hook for &quot;bit status should not show it as an issue because the previous env was removed&quot;">
      <failure message="Command failed: bit init
node:internal/modules/cjs/loader:1075
  throw err;
  ^

Error: Cannot find module &apos;../node_modules/@teambit/bit/dist/app&apos;
Require stack:
- /Users/nitsancohen/.bvm/versions/0.2.29/bit-0.2.29/node_modules/@teambit/legacy/bin/bit.js
    at Module._resolveFilename (node:internal/modules/cjs/loader:1072:15)
    at Module._load (node:internal/modules/cjs/loader:925:27)
    at Module.require (node:internal/modules/cjs/loader:1139:19)
    at require (node:internal/modules/helpers:121:18)
    at Object.&lt;anonymous&gt; (/Users/nitsancohen/.bvm/versions/0.2.29/bit-0.2.29/node_modules/@teambit/legacy/bin/bit.js:3:1)
    at Module._compile (node:internal/modules/cjs/loader:1257:14)
    at Module._extensions..js (node:internal/modules/cjs/loader:1311:10)
    at Module.load (node:internal/modules/cjs/loader:1115:32)
    at Module._load (node:internal/modules/cjs/loader:962:12)
    at Function.executeUserEntryPoint [as runMain] (node:internal/modules/run_main:83:12) {
  code: &apos;MODULE_NOT_FOUND&apos;,
  requireStack: [
    &apos;/Users/nitsancohen/.bvm/versions/0.2.29/bit-0.2.29/node_modules/@teambit/legacy/bin/bit.js&apos;
  ]
}

Node.js v20.3.1
" type="Error"><![CDATA[Error: Command failed: bit init
node:internal/modules/cjs/loader:1075
  throw err;
  ^

Error: Cannot find module '../node_modules/@teambit/bit/dist/app'
Require stack:
- /Users/nitsancohen/.bvm/versions/0.2.29/bit-0.2.29/node_modules/@teambit/legacy/bin/bit.js
    at Module._resolveFilename (node:internal/modules/cjs/loader:1072:15)
    at Module._load (node:internal/modules/cjs/loader:925:27)
    at Module.require (node:internal/modules/cjs/loader:1139:19)
    at require (node:internal/modules/helpers:121:18)
    at Object.<anonymous> (/Users/nitsancohen/.bvm/versions/0.2.29/bit-0.2.29/node_modules/@teambit/legacy/bin/bit.js:3:1)
    at Module._compile (node:internal/modules/cjs/loader:1257:14)
    at Module._extensions..js (node:internal/modules/cjs/loader:1311:10)
    at Module.load (node:internal/modules/cjs/loader:1115:32)
    at Module._load (node:internal/modules/cjs/loader:962:12)
    at Function.executeUserEntryPoint [as runMain] (node:internal/modules/run_main:83:12) {
  code: 'MODULE_NOT_FOUND',
  requireStack: [
    '/Users/nitsancohen/.bvm/versions/0.2.29/bit-0.2.29/node_modules/@teambit/legacy/bin/bit.js'
  ]
}

Node.js v20.3.1

    at checkExecSyncError (node:child_process:885:11)
    at Object.execSync (node:child_process:957:15)
    at CommandHelper.runCmd (src/e2e-helper/e2e-command-helper.ts:64:22)
    at ScopeHelper.initWorkspace (src/e2e-helper/e2e-scope-helper.ts:126:25)
    at ScopeHelper.reInitLocalScope (src/e2e-helper/e2e-scope-helper.ts:87:10)
    at ScopeHelper.setNewLocalAndRemoteScopes (src/e2e-helper/e2e-scope-helper.ts:141:10)
    at Context.<anonymous> (e2e/harmony/custom-env.e2e.ts:468:26)
    at processImmediate (node:internal/timers:478:21)]]></failure>
    </testcase>
  </testsuite>
  <testsuite name="circular dependencies between an env and a component" timestamp="2023-08-21T21:40:31" tests="1" file="/Users/nitsancohen/coding/my-bit/bit/e2e/harmony/custom-env.e2e.ts" time="0.0000" failures="0">
  </testsuite>
  <testsuite name="deduplication" timestamp="2023-08-21T21:40:31" tests="0" file="/Users/nitsancohen/coding/my-bit/bit/e2e/harmony/deduplication.e2e.ts" time="0.0600" failures="2">
    <testcase name="deduplication &quot;before all&quot; hook in &quot;deduplication&quot;" time="0.0600" classname="&quot;before all&quot; hook in &quot;deduplication&quot;">
      <failure message="Command failed: bit init
node:internal/modules/cjs/loader:1075
  throw err;
  ^

Error: Cannot find module &apos;../node_modules/@teambit/bit/dist/app&apos;
Require stack:
- /Users/nitsancohen/.bvm/versions/0.2.29/bit-0.2.29/node_modules/@teambit/legacy/bin/bit.js
    at Module._resolveFilename (node:internal/modules/cjs/loader:1072:15)
    at Module._load (node:internal/modules/cjs/loader:925:27)
    at Module.require (node:internal/modules/cjs/loader:1139:19)
    at require (node:internal/modules/helpers:121:18)
    at Object.&lt;anonymous&gt; (/Users/nitsancohen/.bvm/versions/0.2.29/bit-0.2.29/node_modules/@teambit/legacy/bin/bit.js:3:1)
    at Module._compile (node:internal/modules/cjs/loader:1257:14)
    at Module._extensions..js (node:internal/modules/cjs/loader:1311:10)
    at Module.load (node:internal/modules/cjs/loader:1115:32)
    at Module._load (node:internal/modules/cjs/loader:962:12)
    at Function.executeUserEntryPoint [as runMain] (node:internal/modules/run_main:83:12) {
  code: &apos;MODULE_NOT_FOUND&apos;,
  requireStack: [
    &apos;/Users/nitsancohen/.bvm/versions/0.2.29/bit-0.2.29/node_modules/@teambit/legacy/bin/bit.js&apos;
  ]
}

Node.js v20.3.1
" type="Error"><![CDATA[Error: Command failed: bit init
node:internal/modules/cjs/loader:1075
  throw err;
  ^

Error: Cannot find module '../node_modules/@teambit/bit/dist/app'
Require stack:
- /Users/nitsancohen/.bvm/versions/0.2.29/bit-0.2.29/node_modules/@teambit/legacy/bin/bit.js
    at Module._resolveFilename (node:internal/modules/cjs/loader:1072:15)
    at Module._load (node:internal/modules/cjs/loader:925:27)
    at Module.require (node:internal/modules/cjs/loader:1139:19)
    at require (node:internal/modules/helpers:121:18)
    at Object.<anonymous> (/Users/nitsancohen/.bvm/versions/0.2.29/bit-0.2.29/node_modules/@teambit/legacy/bin/bit.js:3:1)
    at Module._compile (node:internal/modules/cjs/loader:1257:14)
    at Module._extensions..js (node:internal/modules/cjs/loader:1311:10)
    at Module.load (node:internal/modules/cjs/loader:1115:32)
    at Module._load (node:internal/modules/cjs/loader:962:12)
    at Function.executeUserEntryPoint [as runMain] (node:internal/modules/run_main:83:12) {
  code: 'MODULE_NOT_FOUND',
  requireStack: [
    '/Users/nitsancohen/.bvm/versions/0.2.29/bit-0.2.29/node_modules/@teambit/legacy/bin/bit.js'
  ]
}

Node.js v20.3.1

    at checkExecSyncError (node:child_process:885:11)
    at Object.execSync (node:child_process:957:15)
    at CommandHelper.runCmd (src/e2e-helper/e2e-command-helper.ts:64:22)
    at ScopeHelper.initWorkspace (src/e2e-helper/e2e-scope-helper.ts:126:25)
    at ScopeHelper.reInitLocalScope (src/e2e-helper/e2e-scope-helper.ts:87:10)
    at ScopeHelper.setNewLocalAndRemoteScopes (src/e2e-helper/e2e-scope-helper.ts:141:10)
    at Context.<anonymous> (e2e/harmony/deduplication.e2e.ts:18:24)
    at processImmediate (node:internal/timers:478:21)]]></failure>
    </testcase>
    <testcase name="deduplication &quot;after all&quot; hook in &quot;deduplication&quot;" time="0.0000" classname="&quot;after all&quot; hook in &quot;deduplication&quot;">
      <failure message="Cannot read properties of undefined (reading &apos;destroy&apos;)" type="TypeError"><![CDATA[TypeError: Cannot read properties of undefined (reading 'destroy')
    at Context.<anonymous> (e2e/harmony/deduplication.e2e.ts:26:19)
    at processImmediate (node:internal/timers:478:21)]]></failure>
    </testcase>
  </testsuite>
  <testsuite name="bit dependencies command" timestamp="2023-08-21T21:40:31" tests="0" file="/Users/nitsancohen/coding/my-bit/bit/e2e/harmony/dependencies-cmd.e2e.ts" time="0.0000" failures="0">
  </testsuite>
  <testsuite name="bit deps get" timestamp="2023-08-21T21:40:31" tests="0" file="/Users/nitsancohen/coding/my-bit/bit/e2e/harmony/dependencies-cmd.e2e.ts" time="0.0000" failures="0">
  </testsuite>
  <testsuite name="running the command on a new component" timestamp="2023-08-21T21:40:31" tests="1" file="/Users/nitsancohen/coding/my-bit/bit/e2e/harmony/dependencies-cmd.e2e.ts" time="0.0610" failures="1">
    <testcase name="bit dependencies command bit deps get running the command on a new component &quot;before all&quot; hook for &quot;should not throw an error saying the id is missing from the graph&quot;" time="0.0610" classname="&quot;before all&quot; hook for &quot;should not throw an error saying the id is missing from the graph&quot;">
      <failure message="Command failed: bit init
node:internal/modules/cjs/loader:1075
  throw err;
  ^

Error: Cannot find module &apos;../node_modules/@teambit/bit/dist/app&apos;
Require stack:
- /Users/nitsancohen/.bvm/versions/0.2.29/bit-0.2.29/node_modules/@teambit/legacy/bin/bit.js
    at Module._resolveFilename (node:internal/modules/cjs/loader:1072:15)
    at Module._load (node:internal/modules/cjs/loader:925:27)
    at Module.require (node:internal/modules/cjs/loader:1139:19)
    at require (node:internal/modules/helpers:121:18)
    at Object.&lt;anonymous&gt; (/Users/nitsancohen/.bvm/versions/0.2.29/bit-0.2.29/node_modules/@teambit/legacy/bin/bit.js:3:1)
    at Module._compile (node:internal/modules/cjs/loader:1257:14)
    at Module._extensions..js (node:internal/modules/cjs/loader:1311:10)
    at Module.load (node:internal/modules/cjs/loader:1115:32)
    at Module._load (node:internal/modules/cjs/loader:962:12)
    at Function.executeUserEntryPoint [as runMain] (node:internal/modules/run_main:83:12) {
  code: &apos;MODULE_NOT_FOUND&apos;,
  requireStack: [
    &apos;/Users/nitsancohen/.bvm/versions/0.2.29/bit-0.2.29/node_modules/@teambit/legacy/bin/bit.js&apos;
  ]
}

Node.js v20.3.1
" type="Error"><![CDATA[Error: Command failed: bit init
node:internal/modules/cjs/loader:1075
  throw err;
  ^

Error: Cannot find module '../node_modules/@teambit/bit/dist/app'
Require stack:
- /Users/nitsancohen/.bvm/versions/0.2.29/bit-0.2.29/node_modules/@teambit/legacy/bin/bit.js
    at Module._resolveFilename (node:internal/modules/cjs/loader:1072:15)
    at Module._load (node:internal/modules/cjs/loader:925:27)
    at Module.require (node:internal/modules/cjs/loader:1139:19)
    at require (node:internal/modules/helpers:121:18)
    at Object.<anonymous> (/Users/nitsancohen/.bvm/versions/0.2.29/bit-0.2.29/node_modules/@teambit/legacy/bin/bit.js:3:1)
    at Module._compile (node:internal/modules/cjs/loader:1257:14)
    at Module._extensions..js (node:internal/modules/cjs/loader:1311:10)
    at Module.load (node:internal/modules/cjs/loader:1115:32)
    at Module._load (node:internal/modules/cjs/loader:962:12)
    at Function.executeUserEntryPoint [as runMain] (node:internal/modules/run_main:83:12) {
  code: 'MODULE_NOT_FOUND',
  requireStack: [
    '/Users/nitsancohen/.bvm/versions/0.2.29/bit-0.2.29/node_modules/@teambit/legacy/bin/bit.js'
  ]
}

Node.js v20.3.1

    at checkExecSyncError (node:child_process:885:11)
    at Object.execSync (node:child_process:957:15)
    at CommandHelper.runCmd (src/e2e-helper/e2e-command-helper.ts:64:22)
    at ScopeHelper.initWorkspace (src/e2e-helper/e2e-scope-helper.ts:126:25)
    at ScopeHelper.reInitLocalScope (src/e2e-helper/e2e-scope-helper.ts:87:10)
    at Context.<anonymous> (e2e/harmony/dependencies-cmd.e2e.ts:19:28)
    at processImmediate (node:internal/timers:478:21)]]></failure>
    </testcase>
  </testsuite>
  <testsuite name="bit deps set" timestamp="2023-08-21T21:40:31" tests="0" file="/Users/nitsancohen/coding/my-bit/bit/e2e/harmony/dependencies-cmd.e2e.ts" time="0.0000" failures="0">
  </testsuite>
  <testsuite name="adding prod dep" timestamp="2023-08-21T21:40:31" tests="1" file="/Users/nitsancohen/coding/my-bit/bit/e2e/harmony/dependencies-cmd.e2e.ts" time="0.0630" failures="1">
    <testcase name="bit dependencies command bit deps set adding prod dep &quot;before all&quot; hook for &quot;bit show should show the newly added dep&quot;" time="0.0630" classname="&quot;before all&quot; hook for &quot;bit show should show the newly added dep&quot;">
      <failure message="Command failed: bit init
node:internal/modules/cjs/loader:1075
  throw err;
  ^

Error: Cannot find module &apos;../node_modules/@teambit/bit/dist/app&apos;
Require stack:
- /Users/nitsancohen/.bvm/versions/0.2.29/bit-0.2.29/node_modules/@teambit/legacy/bin/bit.js
    at Module._resolveFilename (node:internal/modules/cjs/loader:1072:15)
    at Module._load (node:internal/modules/cjs/loader:925:27)
    at Module.require (node:internal/modules/cjs/loader:1139:19)
    at require (node:internal/modules/helpers:121:18)
    at Object.&lt;anonymous&gt; (/Users/nitsancohen/.bvm/versions/0.2.29/bit-0.2.29/node_modules/@teambit/legacy/bin/bit.js:3:1)
    at Module._compile (node:internal/modules/cjs/loader:1257:14)
    at Module._extensions..js (node:internal/modules/cjs/loader:1311:10)
    at Module.load (node:internal/modules/cjs/loader:1115:32)
    at Module._load (node:internal/modules/cjs/loader:962:12)
    at Function.executeUserEntryPoint [as runMain] (node:internal/modules/run_main:83:12) {
  code: &apos;MODULE_NOT_FOUND&apos;,
  requireStack: [
    &apos;/Users/nitsancohen/.bvm/versions/0.2.29/bit-0.2.29/node_modules/@teambit/legacy/bin/bit.js&apos;
  ]
}

Node.js v20.3.1
" type="Error"><![CDATA[Error: Command failed: bit init
node:internal/modules/cjs/loader:1075
  throw err;
  ^

Error: Cannot find module '../node_modules/@teambit/bit/dist/app'
Require stack:
- /Users/nitsancohen/.bvm/versions/0.2.29/bit-0.2.29/node_modules/@teambit/legacy/bin/bit.js
    at Module._resolveFilename (node:internal/modules/cjs/loader:1072:15)
    at Module._load (node:internal/modules/cjs/loader:925:27)
    at Module.require (node:internal/modules/cjs/loader:1139:19)
    at require (node:internal/modules/helpers:121:18)
    at Object.<anonymous> (/Users/nitsancohen/.bvm/versions/0.2.29/bit-0.2.29/node_modules/@teambit/legacy/bin/bit.js:3:1)
    at Module._compile (node:internal/modules/cjs/loader:1257:14)
    at Module._extensions..js (node:internal/modules/cjs/loader:1311:10)
    at Module.load (node:internal/modules/cjs/loader:1115:32)
    at Module._load (node:internal/modules/cjs/loader:962:12)
    at Function.executeUserEntryPoint [as runMain] (node:internal/modules/run_main:83:12) {
  code: 'MODULE_NOT_FOUND',
  requireStack: [
    '/Users/nitsancohen/.bvm/versions/0.2.29/bit-0.2.29/node_modules/@teambit/legacy/bin/bit.js'
  ]
}

Node.js v20.3.1

    at checkExecSyncError (node:child_process:885:11)
    at Object.execSync (node:child_process:957:15)
    at CommandHelper.runCmd (src/e2e-helper/e2e-command-helper.ts:64:22)
    at ScopeHelper.initWorkspace (src/e2e-helper/e2e-scope-helper.ts:126:25)
    at ScopeHelper.reInitLocalScope (src/e2e-helper/e2e-scope-helper.ts:87:10)
    at ScopeHelper.setNewLocalAndRemoteScopes (src/e2e-helper/e2e-scope-helper.ts:141:10)
    at Context.<anonymous> (e2e/harmony/dependencies-cmd.e2e.ts:30:28)
    at processImmediate (node:internal/timers:478:21)]]></failure>
    </testcase>
  </testsuite>
  <testsuite name="adding multiple deps" timestamp="2023-08-21T21:40:31" tests="1" file="/Users/nitsancohen/coding/my-bit/bit/e2e/harmony/dependencies-cmd.e2e.ts" time="0.0600" failures="1">
    <testcase name="bit dependencies command bit deps set adding multiple deps &quot;before all&quot; hook for &quot;should set them all&quot;" time="0.0600" classname="&quot;before all&quot; hook for &quot;should set them all&quot;">
      <failure message="Command failed: bit init
node:internal/modules/cjs/loader:1075
  throw err;
  ^

Error: Cannot find module &apos;../node_modules/@teambit/bit/dist/app&apos;
Require stack:
- /Users/nitsancohen/.bvm/versions/0.2.29/bit-0.2.29/node_modules/@teambit/legacy/bin/bit.js
    at Module._resolveFilename (node:internal/modules/cjs/loader:1072:15)
    at Module._load (node:internal/modules/cjs/loader:925:27)
    at Module.require (node:internal/modules/cjs/loader:1139:19)
    at require (node:internal/modules/helpers:121:18)
    at Object.&lt;anonymous&gt; (/Users/nitsancohen/.bvm/versions/0.2.29/bit-0.2.29/node_modules/@teambit/legacy/bin/bit.js:3:1)
    at Module._compile (node:internal/modules/cjs/loader:1257:14)
    at Module._extensions..js (node:internal/modules/cjs/loader:1311:10)
    at Module.load (node:internal/modules/cjs/loader:1115:32)
    at Module._load (node:internal/modules/cjs/loader:962:12)
    at Function.executeUserEntryPoint [as runMain] (node:internal/modules/run_main:83:12) {
  code: &apos;MODULE_NOT_FOUND&apos;,
  requireStack: [
    &apos;/Users/nitsancohen/.bvm/versions/0.2.29/bit-0.2.29/node_modules/@teambit/legacy/bin/bit.js&apos;
  ]
}

Node.js v20.3.1
" type="Error"><![CDATA[Error: Command failed: bit init
node:internal/modules/cjs/loader:1075
  throw err;
  ^

Error: Cannot find module '../node_modules/@teambit/bit/dist/app'
Require stack:
- /Users/nitsancohen/.bvm/versions/0.2.29/bit-0.2.29/node_modules/@teambit/legacy/bin/bit.js
    at Module._resolveFilename (node:internal/modules/cjs/loader:1072:15)
    at Module._load (node:internal/modules/cjs/loader:925:27)
    at Module.require (node:internal/modules/cjs/loader:1139:19)
    at require (node:internal/modules/helpers:121:18)
    at Object.<anonymous> (/Users/nitsancohen/.bvm/versions/0.2.29/bit-0.2.29/node_modules/@teambit/legacy/bin/bit.js:3:1)
    at Module._compile (node:internal/modules/cjs/loader:1257:14)
    at Module._extensions..js (node:internal/modules/cjs/loader:1311:10)
    at Module.load (node:internal/modules/cjs/loader:1115:32)
    at Module._load (node:internal/modules/cjs/loader:962:12)
    at Function.executeUserEntryPoint [as runMain] (node:internal/modules/run_main:83:12) {
  code: 'MODULE_NOT_FOUND',
  requireStack: [
    '/Users/nitsancohen/.bvm/versions/0.2.29/bit-0.2.29/node_modules/@teambit/legacy/bin/bit.js'
  ]
}

Node.js v20.3.1

    at checkExecSyncError (node:child_process:885:11)
    at Object.execSync (node:child_process:957:15)
    at CommandHelper.runCmd (src/e2e-helper/e2e-command-helper.ts:64:22)
    at ScopeHelper.initWorkspace (src/e2e-helper/e2e-scope-helper.ts:126:25)
    at ScopeHelper.reInitLocalScope (src/e2e-helper/e2e-scope-helper.ts:87:10)
    at Context.<anonymous> (e2e/harmony/dependencies-cmd.e2e.ts:67:28)
    at processImmediate (node:internal/timers:478:21)]]></failure>
    </testcase>
  </testsuite>
  <testsuite name="adding scoped package" timestamp="2023-08-21T21:40:31" tests="1" file="/Users/nitsancohen/coding/my-bit/bit/e2e/harmony/dependencies-cmd.e2e.ts" time="0.0610" failures="1">
    <testcase name="bit dependencies command bit deps set adding scoped package &quot;before all&quot; hook for &quot;should set it correctly&quot;" time="0.0610" classname="&quot;before all&quot; hook for &quot;should set it correctly&quot;">
      <failure message="Command failed: bit init
node:internal/modules/cjs/loader:1075
  throw err;
  ^

Error: Cannot find module &apos;../node_modules/@teambit/bit/dist/app&apos;
Require stack:
- /Users/nitsancohen/.bvm/versions/0.2.29/bit-0.2.29/node_modules/@teambit/legacy/bin/bit.js
    at Module._resolveFilename (node:internal/modules/cjs/loader:1072:15)
    at Module._load (node:internal/modules/cjs/loader:925:27)
    at Module.require (node:internal/modules/cjs/loader:1139:19)
    at require (node:internal/modules/helpers:121:18)
    at Object.&lt;anonymous&gt; (/Users/nitsancohen/.bvm/versions/0.2.29/bit-0.2.29/node_modules/@teambit/legacy/bin/bit.js:3:1)
    at Module._compile (node:internal/modules/cjs/loader:1257:14)
    at Module._extensions..js (node:internal/modules/cjs/loader:1311:10)
    at Module.load (node:internal/modules/cjs/loader:1115:32)
    at Module._load (node:internal/modules/cjs/loader:962:12)
    at Function.executeUserEntryPoint [as runMain] (node:internal/modules/run_main:83:12) {
  code: &apos;MODULE_NOT_FOUND&apos;,
  requireStack: [
    &apos;/Users/nitsancohen/.bvm/versions/0.2.29/bit-0.2.29/node_modules/@teambit/legacy/bin/bit.js&apos;
  ]
}

Node.js v20.3.1
" type="Error"><![CDATA[Error: Command failed: bit init
node:internal/modules/cjs/loader:1075
  throw err;
  ^

Error: Cannot find module '../node_modules/@teambit/bit/dist/app'
Require stack:
- /Users/nitsancohen/.bvm/versions/0.2.29/bit-0.2.29/node_modules/@teambit/legacy/bin/bit.js
    at Module._resolveFilename (node:internal/modules/cjs/loader:1072:15)
    at Module._load (node:internal/modules/cjs/loader:925:27)
    at Module.require (node:internal/modules/cjs/loader:1139:19)
    at require (node:internal/modules/helpers:121:18)
    at Object.<anonymous> (/Users/nitsancohen/.bvm/versions/0.2.29/bit-0.2.29/node_modules/@teambit/legacy/bin/bit.js:3:1)
    at Module._compile (node:internal/modules/cjs/loader:1257:14)
    at Module._extensions..js (node:internal/modules/cjs/loader:1311:10)
    at Module.load (node:internal/modules/cjs/loader:1115:32)
    at Module._load (node:internal/modules/cjs/loader:962:12)
    at Function.executeUserEntryPoint [as runMain] (node:internal/modules/run_main:83:12) {
  code: 'MODULE_NOT_FOUND',
  requireStack: [
    '/Users/nitsancohen/.bvm/versions/0.2.29/bit-0.2.29/node_modules/@teambit/legacy/bin/bit.js'
  ]
}

Node.js v20.3.1

    at checkExecSyncError (node:child_process:885:11)
    at Object.execSync (node:child_process:957:15)
    at CommandHelper.runCmd (src/e2e-helper/e2e-command-helper.ts:64:22)
    at ScopeHelper.initWorkspace (src/e2e-helper/e2e-scope-helper.ts:126:25)
    at ScopeHelper.reInitLocalScope (src/e2e-helper/e2e-scope-helper.ts:87:10)
    at Context.<anonymous> (e2e/harmony/dependencies-cmd.e2e.ts:93:28)
    at processImmediate (node:internal/timers:478:21)]]></failure>
    </testcase>
  </testsuite>
  <testsuite name="adding prod dep, tagging then adding devDep" timestamp="2023-08-21T21:40:31" tests="1" file="/Users/nitsancohen/coding/my-bit/bit/e2e/harmony/dependencies-cmd.e2e.ts" time="0.0600" failures="1">
    <testcase name="bit dependencies command bit deps set adding prod dep, tagging then adding devDep &quot;before all&quot; hook for &quot;should not remove the previously added dependencies&quot;" time="0.0600" classname="&quot;before all&quot; hook for &quot;should not remove the previously added dependencies&quot;">
      <failure message="Command failed: bit init
node:internal/modules/cjs/loader:1075
  throw err;
  ^

Error: Cannot find module &apos;../node_modules/@teambit/bit/dist/app&apos;
Require stack:
- /Users/nitsancohen/.bvm/versions/0.2.29/bit-0.2.29/node_modules/@teambit/legacy/bin/bit.js
    at Module._resolveFilename (node:internal/modules/cjs/loader:1072:15)
    at Module._load (node:internal/modules/cjs/loader:925:27)
    at Module.require (node:internal/modules/cjs/loader:1139:19)
    at require (node:internal/modules/helpers:121:18)
    at Object.&lt;anonymous&gt; (/Users/nitsancohen/.bvm/versions/0.2.29/bit-0.2.29/node_modules/@teambit/legacy/bin/bit.js:3:1)
    at Module._compile (node:internal/modules/cjs/loader:1257:14)
    at Module._extensions..js (node:internal/modules/cjs/loader:1311:10)
    at Module.load (node:internal/modules/cjs/loader:1115:32)
    at Module._load (node:internal/modules/cjs/loader:962:12)
    at Function.executeUserEntryPoint [as runMain] (node:internal/modules/run_main:83:12) {
  code: &apos;MODULE_NOT_FOUND&apos;,
  requireStack: [
    &apos;/Users/nitsancohen/.bvm/versions/0.2.29/bit-0.2.29/node_modules/@teambit/legacy/bin/bit.js&apos;
  ]
}

Node.js v20.3.1
" type="Error"><![CDATA[Error: Command failed: bit init
node:internal/modules/cjs/loader:1075
  throw err;
  ^

Error: Cannot find module '../node_modules/@teambit/bit/dist/app'
Require stack:
- /Users/nitsancohen/.bvm/versions/0.2.29/bit-0.2.29/node_modules/@teambit/legacy/bin/bit.js
    at Module._resolveFilename (node:internal/modules/cjs/loader:1072:15)
    at Module._load (node:internal/modules/cjs/loader:925:27)
    at Module.require (node:internal/modules/cjs/loader:1139:19)
    at require (node:internal/modules/helpers:121:18)
    at Object.<anonymous> (/Users/nitsancohen/.bvm/versions/0.2.29/bit-0.2.29/node_modules/@teambit/legacy/bin/bit.js:3:1)
    at Module._compile (node:internal/modules/cjs/loader:1257:14)
    at Module._extensions..js (node:internal/modules/cjs/loader:1311:10)
    at Module.load (node:internal/modules/cjs/loader:1115:32)
    at Module._load (node:internal/modules/cjs/loader:962:12)
    at Function.executeUserEntryPoint [as runMain] (node:internal/modules/run_main:83:12) {
  code: 'MODULE_NOT_FOUND',
  requireStack: [
    '/Users/nitsancohen/.bvm/versions/0.2.29/bit-0.2.29/node_modules/@teambit/legacy/bin/bit.js'
  ]
}

Node.js v20.3.1

    at checkExecSyncError (node:child_process:885:11)
    at Object.execSync (node:child_process:957:15)
    at CommandHelper.runCmd (src/e2e-helper/e2e-command-helper.ts:64:22)
    at ScopeHelper.initWorkspace (src/e2e-helper/e2e-scope-helper.ts:126:25)
    at ScopeHelper.reInitLocalScope (src/e2e-helper/e2e-scope-helper.ts:87:10)
    at ScopeHelper.setNewLocalAndRemoteScopes (src/e2e-helper/e2e-scope-helper.ts:141:10)
    at Context.<anonymous> (e2e/harmony/dependencies-cmd.e2e.ts:104:28)
    at processImmediate (node:internal/timers:478:21)]]></failure>
    </testcase>
  </testsuite>
  <testsuite name="adding component dependency" timestamp="2023-08-21T21:40:31" tests="0" file="/Users/nitsancohen/coding/my-bit/bit/e2e/harmony/dependencies-cmd.e2e.ts" time="0.0600" failures="2">
    <testcase name="bit dependencies command bit deps set adding component dependency &quot;before all&quot; hook in &quot;adding component dependency&quot;" time="0.0600" classname="&quot;before all&quot; hook in &quot;adding component dependency&quot;">
      <failure message="Command failed: bit init
node:internal/modules/cjs/loader:1075
  throw err;
  ^

Error: Cannot find module &apos;../node_modules/@teambit/bit/dist/app&apos;
Require stack:
- /Users/nitsancohen/.bvm/versions/0.2.29/bit-0.2.29/node_modules/@teambit/legacy/bin/bit.js
    at Module._resolveFilename (node:internal/modules/cjs/loader:1072:15)
    at Module._load (node:internal/modules/cjs/loader:925:27)
    at Module.require (node:internal/modules/cjs/loader:1139:19)
    at require (node:internal/modules/helpers:121:18)
    at Object.&lt;anonymous&gt; (/Users/nitsancohen/.bvm/versions/0.2.29/bit-0.2.29/node_modules/@teambit/legacy/bin/bit.js:3:1)
    at Module._compile (node:internal/modules/cjs/loader:1257:14)
    at Module._extensions..js (node:internal/modules/cjs/loader:1311:10)
    at Module.load (node:internal/modules/cjs/loader:1115:32)
    at Module._load (node:internal/modules/cjs/loader:962:12)
    at Function.executeUserEntryPoint [as runMain] (node:internal/modules/run_main:83:12) {
  code: &apos;MODULE_NOT_FOUND&apos;,
  requireStack: [
    &apos;/Users/nitsancohen/.bvm/versions/0.2.29/bit-0.2.29/node_modules/@teambit/legacy/bin/bit.js&apos;
  ]
}

Node.js v20.3.1
" type="Error"><![CDATA[Error: Command failed: bit init
node:internal/modules/cjs/loader:1075
  throw err;
  ^

Error: Cannot find module '../node_modules/@teambit/bit/dist/app'
Require stack:
- /Users/nitsancohen/.bvm/versions/0.2.29/bit-0.2.29/node_modules/@teambit/legacy/bin/bit.js
    at Module._resolveFilename (node:internal/modules/cjs/loader:1072:15)
    at Module._load (node:internal/modules/cjs/loader:925:27)
    at Module.require (node:internal/modules/cjs/loader:1139:19)
    at require (node:internal/modules/helpers:121:18)
    at Object.<anonymous> (/Users/nitsancohen/.bvm/versions/0.2.29/bit-0.2.29/node_modules/@teambit/legacy/bin/bit.js:3:1)
    at Module._compile (node:internal/modules/cjs/loader:1257:14)
    at Module._extensions..js (node:internal/modules/cjs/loader:1311:10)
    at Module.load (node:internal/modules/cjs/loader:1115:32)
    at Module._load (node:internal/modules/cjs/loader:962:12)
    at Function.executeUserEntryPoint [as runMain] (node:internal/modules/run_main:83:12) {
  code: 'MODULE_NOT_FOUND',
  requireStack: [
    '/Users/nitsancohen/.bvm/versions/0.2.29/bit-0.2.29/node_modules/@teambit/legacy/bin/bit.js'
  ]
}

Node.js v20.3.1

    at checkExecSyncError (node:child_process:885:11)
    at Object.execSync (node:child_process:957:15)
    at CommandHelper.runCmd (src/e2e-helper/e2e-command-helper.ts:64:22)
    at ScopeHelper.initWorkspace (src/e2e-helper/e2e-scope-helper.ts:126:25)
    at ScopeHelper.reInitLocalScope (src/e2e-helper/e2e-scope-helper.ts:87:10)
    at ScopeHelper.setNewLocalAndRemoteScopes (src/e2e-helper/e2e-scope-helper.ts:141:10)
    at Context.<anonymous> (e2e/harmony/dependencies-cmd.e2e.ts:119:28)
    at processImmediate (node:internal/timers:478:21)]]></failure>
    </testcase>
    <testcase name="bit dependencies command bit deps set adding component dependency &quot;after all&quot; hook in &quot;adding component dependency&quot;" time="0.0000" classname="&quot;after all&quot; hook in &quot;adding component dependency&quot;">
      <failure message="Cannot read properties of undefined (reading &apos;destroy&apos;)" type="TypeError"><![CDATA[TypeError: Cannot read properties of undefined (reading 'destroy')
    at Context.<anonymous> (e2e/harmony/dependencies-cmd.e2e.ts:133:23)
    at processImmediate (node:internal/timers:478:21)]]></failure>
    </testcase>
  </testsuite>
  <testsuite name="bit deps remove - removing components" timestamp="2023-08-21T21:40:31" tests="0" file="/Users/nitsancohen/coding/my-bit/bit/e2e/harmony/dependencies-cmd.e2e.ts" time="0.0000" failures="0">
  </testsuite>
  <testsuite name="removing a component" timestamp="2023-08-21T21:40:31" tests="2" file="/Users/nitsancohen/coding/my-bit/bit/e2e/harmony/dependencies-cmd.e2e.ts" time="0.0600" failures="1">
    <testcase name="bit dependencies command bit deps remove - removing components removing a component &quot;before all&quot; hook for &quot;should support component-id syntax&quot;" time="0.0600" classname="&quot;before all&quot; hook for &quot;should support component-id syntax&quot;">
      <failure message="Command failed: bit init
node:internal/modules/cjs/loader:1075
  throw err;
  ^

Error: Cannot find module &apos;../node_modules/@teambit/bit/dist/app&apos;
Require stack:
- /Users/nitsancohen/.bvm/versions/0.2.29/bit-0.2.29/node_modules/@teambit/legacy/bin/bit.js
    at Module._resolveFilename (node:internal/modules/cjs/loader:1072:15)
    at Module._load (node:internal/modules/cjs/loader:925:27)
    at Module.require (node:internal/modules/cjs/loader:1139:19)
    at require (node:internal/modules/helpers:121:18)
    at Object.&lt;anonymous&gt; (/Users/nitsancohen/.bvm/versions/0.2.29/bit-0.2.29/node_modules/@teambit/legacy/bin/bit.js:3:1)
    at Module._compile (node:internal/modules/cjs/loader:1257:14)
    at Module._extensions..js (node:internal/modules/cjs/loader:1311:10)
    at Module.load (node:internal/modules/cjs/loader:1115:32)
    at Module._load (node:internal/modules/cjs/loader:962:12)
    at Function.executeUserEntryPoint [as runMain] (node:internal/modules/run_main:83:12) {
  code: &apos;MODULE_NOT_FOUND&apos;,
  requireStack: [
    &apos;/Users/nitsancohen/.bvm/versions/0.2.29/bit-0.2.29/node_modules/@teambit/legacy/bin/bit.js&apos;
  ]
}

Node.js v20.3.1
" type="Error"><![CDATA[Error: Command failed: bit init
node:internal/modules/cjs/loader:1075
  throw err;
  ^

Error: Cannot find module '../node_modules/@teambit/bit/dist/app'
Require stack:
- /Users/nitsancohen/.bvm/versions/0.2.29/bit-0.2.29/node_modules/@teambit/legacy/bin/bit.js
    at Module._resolveFilename (node:internal/modules/cjs/loader:1072:15)
    at Module._load (node:internal/modules/cjs/loader:925:27)
    at Module.require (node:internal/modules/cjs/loader:1139:19)
    at require (node:internal/modules/helpers:121:18)
    at Object.<anonymous> (/Users/nitsancohen/.bvm/versions/0.2.29/bit-0.2.29/node_modules/@teambit/legacy/bin/bit.js:3:1)
    at Module._compile (node:internal/modules/cjs/loader:1257:14)
    at Module._extensions..js (node:internal/modules/cjs/loader:1311:10)
    at Module.load (node:internal/modules/cjs/loader:1115:32)
    at Module._load (node:internal/modules/cjs/loader:962:12)
    at Function.executeUserEntryPoint [as runMain] (node:internal/modules/run_main:83:12) {
  code: 'MODULE_NOT_FOUND',
  requireStack: [
    '/Users/nitsancohen/.bvm/versions/0.2.29/bit-0.2.29/node_modules/@teambit/legacy/bin/bit.js'
  ]
}

Node.js v20.3.1

    at checkExecSyncError (node:child_process:885:11)
    at Object.execSync (node:child_process:957:15)
    at CommandHelper.runCmd (src/e2e-helper/e2e-command-helper.ts:64:22)
    at ScopeHelper.initWorkspace (src/e2e-helper/e2e-scope-helper.ts:126:25)
    at ScopeHelper.reInitLocalScope (src/e2e-helper/e2e-scope-helper.ts:87:10)
    at ScopeHelper.setNewLocalAndRemoteScopes (src/e2e-helper/e2e-scope-helper.ts:141:10)
    at Context.<anonymous> (e2e/harmony/dependencies-cmd.e2e.ts:161:28)
    at processImmediate (node:internal/timers:478:21)]]></failure>
    </testcase>
  </testsuite>
  <testsuite name="bit deps remove - when other deps were set previously before tag" timestamp="2023-08-21T21:40:31" tests="1" file="/Users/nitsancohen/coding/my-bit/bit/e2e/harmony/dependencies-cmd.e2e.ts" time="0.0600" failures="1">
    <testcase name="bit dependencies command bit deps remove - when other deps were set previously before tag &quot;before all&quot; hook for &quot;should remove only the dependency specified and leave the rest&quot;" time="0.0600" classname="&quot;before all&quot; hook for &quot;should remove only the dependency specified and leave the rest&quot;">
      <failure message="Command failed: bit init
node:internal/modules/cjs/loader:1075
  throw err;
  ^

Error: Cannot find module &apos;../node_modules/@teambit/bit/dist/app&apos;
Require stack:
- /Users/nitsancohen/.bvm/versions/0.2.29/bit-0.2.29/node_modules/@teambit/legacy/bin/bit.js
    at Module._resolveFilename (node:internal/modules/cjs/loader:1072:15)
    at Module._load (node:internal/modules/cjs/loader:925:27)
    at Module.require (node:internal/modules/cjs/loader:1139:19)
    at require (node:internal/modules/helpers:121:18)
    at Object.&lt;anonymous&gt; (/Users/nitsancohen/.bvm/versions/0.2.29/bit-0.2.29/node_modules/@teambit/legacy/bin/bit.js:3:1)
    at Module._compile (node:internal/modules/cjs/loader:1257:14)
    at Module._extensions..js (node:internal/modules/cjs/loader:1311:10)
    at Module.load (node:internal/modules/cjs/loader:1115:32)
    at Module._load (node:internal/modules/cjs/loader:962:12)
    at Function.executeUserEntryPoint [as runMain] (node:internal/modules/run_main:83:12) {
  code: &apos;MODULE_NOT_FOUND&apos;,
  requireStack: [
    &apos;/Users/nitsancohen/.bvm/versions/0.2.29/bit-0.2.29/node_modules/@teambit/legacy/bin/bit.js&apos;
  ]
}

Node.js v20.3.1
" type="Error"><![CDATA[Error: Command failed: bit init
node:internal/modules/cjs/loader:1075
  throw err;
  ^

Error: Cannot find module '../node_modules/@teambit/bit/dist/app'
Require stack:
- /Users/nitsancohen/.bvm/versions/0.2.29/bit-0.2.29/node_modules/@teambit/legacy/bin/bit.js
    at Module._resolveFilename (node:internal/modules/cjs/loader:1072:15)
    at Module._load (node:internal/modules/cjs/loader:925:27)
    at Module.require (node:internal/modules/cjs/loader:1139:19)
    at require (node:internal/modules/helpers:121:18)
    at Object.<anonymous> (/Users/nitsancohen/.bvm/versions/0.2.29/bit-0.2.29/node_modules/@teambit/legacy/bin/bit.js:3:1)
    at Module._compile (node:internal/modules/cjs/loader:1257:14)
    at Module._extensions..js (node:internal/modules/cjs/loader:1311:10)
    at Module.load (node:internal/modules/cjs/loader:1115:32)
    at Module._load (node:internal/modules/cjs/loader:962:12)
    at Function.executeUserEntryPoint [as runMain] (node:internal/modules/run_main:83:12) {
  code: 'MODULE_NOT_FOUND',
  requireStack: [
    '/Users/nitsancohen/.bvm/versions/0.2.29/bit-0.2.29/node_modules/@teambit/legacy/bin/bit.js'
  ]
}

Node.js v20.3.1

    at checkExecSyncError (node:child_process:885:11)
    at Object.execSync (node:child_process:957:15)
    at CommandHelper.runCmd (src/e2e-helper/e2e-command-helper.ts:64:22)
    at ScopeHelper.initWorkspace (src/e2e-helper/e2e-scope-helper.ts:126:25)
    at ScopeHelper.reInitLocalScope (src/e2e-helper/e2e-scope-helper.ts:87:10)
    at ScopeHelper.setNewLocalAndRemoteScopes (src/e2e-helper/e2e-scope-helper.ts:141:10)
    at Context.<anonymous> (e2e/harmony/dependencies-cmd.e2e.ts:180:26)
    at processImmediate (node:internal/timers:478:21)]]></failure>
    </testcase>
  </testsuite>
  <testsuite name="bit deps unset" timestamp="2023-08-21T21:40:31" tests="0" file="/Users/nitsancohen/coding/my-bit/bit/e2e/harmony/dependencies-cmd.e2e.ts" time="0.0000" failures="0">
  </testsuite>
  <testsuite name="one dep was specifically set and one dep was auto-detected" timestamp="2023-08-21T21:40:31" tests="0" file="/Users/nitsancohen/coding/my-bit/bit/e2e/harmony/dependencies-cmd.e2e.ts" time="0.0600" failures="1">
    <testcase name="bit dependencies command bit deps unset one dep was specifically set and one dep was auto-detected &quot;before all&quot; hook in &quot;one dep was specifically set and one dep was auto-detected&quot;" time="0.0600" classname="&quot;before all&quot; hook in &quot;one dep was specifically set and one dep was auto-detected&quot;">
      <failure message="Command failed: bit init
node:internal/modules/cjs/loader:1075
  throw err;
  ^

Error: Cannot find module &apos;../node_modules/@teambit/bit/dist/app&apos;
Require stack:
- /Users/nitsancohen/.bvm/versions/0.2.29/bit-0.2.29/node_modules/@teambit/legacy/bin/bit.js
    at Module._resolveFilename (node:internal/modules/cjs/loader:1072:15)
    at Module._load (node:internal/modules/cjs/loader:925:27)
    at Module.require (node:internal/modules/cjs/loader:1139:19)
    at require (node:internal/modules/helpers:121:18)
    at Object.&lt;anonymous&gt; (/Users/nitsancohen/.bvm/versions/0.2.29/bit-0.2.29/node_modules/@teambit/legacy/bin/bit.js:3:1)
    at Module._compile (node:internal/modules/cjs/loader:1257:14)
    at Module._extensions..js (node:internal/modules/cjs/loader:1311:10)
    at Module.load (node:internal/modules/cjs/loader:1115:32)
    at Module._load (node:internal/modules/cjs/loader:962:12)
    at Function.executeUserEntryPoint [as runMain] (node:internal/modules/run_main:83:12) {
  code: &apos;MODULE_NOT_FOUND&apos;,
  requireStack: [
    &apos;/Users/nitsancohen/.bvm/versions/0.2.29/bit-0.2.29/node_modules/@teambit/legacy/bin/bit.js&apos;
  ]
}

Node.js v20.3.1
" type="Error"><![CDATA[Error: Command failed: bit init
node:internal/modules/cjs/loader:1075
  throw err;
  ^

Error: Cannot find module '../node_modules/@teambit/bit/dist/app'
Require stack:
- /Users/nitsancohen/.bvm/versions/0.2.29/bit-0.2.29/node_modules/@teambit/legacy/bin/bit.js
    at Module._resolveFilename (node:internal/modules/cjs/loader:1072:15)
    at Module._load (node:internal/modules/cjs/loader:925:27)
    at Module.require (node:internal/modules/cjs/loader:1139:19)
    at require (node:internal/modules/helpers:121:18)
    at Object.<anonymous> (/Users/nitsancohen/.bvm/versions/0.2.29/bit-0.2.29/node_modules/@teambit/legacy/bin/bit.js:3:1)
    at Module._compile (node:internal/modules/cjs/loader:1257:14)
    at Module._extensions..js (node:internal/modules/cjs/loader:1311:10)
    at Module.load (node:internal/modules/cjs/loader:1115:32)
    at Module._load (node:internal/modules/cjs/loader:962:12)
    at Function.executeUserEntryPoint [as runMain] (node:internal/modules/run_main:83:12) {
  code: 'MODULE_NOT_FOUND',
  requireStack: [
    '/Users/nitsancohen/.bvm/versions/0.2.29/bit-0.2.29/node_modules/@teambit/legacy/bin/bit.js'
  ]
}

Node.js v20.3.1

    at checkExecSyncError (node:child_process:885:11)
    at Object.execSync (node:child_process:957:15)
    at CommandHelper.runCmd (src/e2e-helper/e2e-command-helper.ts:64:22)
    at ScopeHelper.initWorkspace (src/e2e-helper/e2e-scope-helper.ts:126:25)
    at ScopeHelper.reInitLocalScope (src/e2e-helper/e2e-scope-helper.ts:87:10)
    at ScopeHelper.setNewLocalAndRemoteScopes (src/e2e-helper/e2e-scope-helper.ts:141:10)
    at Context.<anonymous> (e2e/harmony/dependencies-cmd.e2e.ts:194:28)
    at processImmediate (node:internal/timers:478:21)]]></failure>
    </testcase>
  </testsuite>
  <testsuite name="dependencies" timestamp="2023-08-21T21:40:31" tests="0" file="/Users/nitsancohen/coding/my-bit/bit/e2e/harmony/dependencies.e2e.ts" time="0.0000" failures="0">
  </testsuite>
  <testsuite name="importing component without dependencies" timestamp="2023-08-21T21:40:31" tests="0" file="/Users/nitsancohen/coding/my-bit/bit/e2e/harmony/dependencies.e2e.ts" time="0.0610" failures="2">
    <testcase name="dependencies importing component without dependencies &quot;before all&quot; hook in &quot;importing component without dependencies&quot;" time="0.0610" classname="&quot;before all&quot; hook in &quot;importing component without dependencies&quot;">
      <failure message="Command failed: bit init
node:internal/modules/cjs/loader:1075
  throw err;
  ^

Error: Cannot find module &apos;../node_modules/@teambit/bit/dist/app&apos;
Require stack:
- /Users/nitsancohen/.bvm/versions/0.2.29/bit-0.2.29/node_modules/@teambit/legacy/bin/bit.js
    at Module._resolveFilename (node:internal/modules/cjs/loader:1072:15)
    at Module._load (node:internal/modules/cjs/loader:925:27)
    at Module.require (node:internal/modules/cjs/loader:1139:19)
    at require (node:internal/modules/helpers:121:18)
    at Object.&lt;anonymous&gt; (/Users/nitsancohen/.bvm/versions/0.2.29/bit-0.2.29/node_modules/@teambit/legacy/bin/bit.js:3:1)
    at Module._compile (node:internal/modules/cjs/loader:1257:14)
    at Module._extensions..js (node:internal/modules/cjs/loader:1311:10)
    at Module.load (node:internal/modules/cjs/loader:1115:32)
    at Module._load (node:internal/modules/cjs/loader:962:12)
    at Function.executeUserEntryPoint [as runMain] (node:internal/modules/run_main:83:12) {
  code: &apos;MODULE_NOT_FOUND&apos;,
  requireStack: [
    &apos;/Users/nitsancohen/.bvm/versions/0.2.29/bit-0.2.29/node_modules/@teambit/legacy/bin/bit.js&apos;
  ]
}

Node.js v20.3.1
" type="Error"><![CDATA[Error: Command failed: bit init
node:internal/modules/cjs/loader:1075
  throw err;
  ^

Error: Cannot find module '../node_modules/@teambit/bit/dist/app'
Require stack:
- /Users/nitsancohen/.bvm/versions/0.2.29/bit-0.2.29/node_modules/@teambit/legacy/bin/bit.js
    at Module._resolveFilename (node:internal/modules/cjs/loader:1072:15)
    at Module._load (node:internal/modules/cjs/loader:925:27)
    at Module.require (node:internal/modules/cjs/loader:1139:19)
    at require (node:internal/modules/helpers:121:18)
    at Object.<anonymous> (/Users/nitsancohen/.bvm/versions/0.2.29/bit-0.2.29/node_modules/@teambit/legacy/bin/bit.js:3:1)
    at Module._compile (node:internal/modules/cjs/loader:1257:14)
    at Module._extensions..js (node:internal/modules/cjs/loader:1311:10)
    at Module.load (node:internal/modules/cjs/loader:1115:32)
    at Module._load (node:internal/modules/cjs/loader:962:12)
    at Function.executeUserEntryPoint [as runMain] (node:internal/modules/run_main:83:12) {
  code: 'MODULE_NOT_FOUND',
  requireStack: [
    '/Users/nitsancohen/.bvm/versions/0.2.29/bit-0.2.29/node_modules/@teambit/legacy/bin/bit.js'
  ]
}

Node.js v20.3.1

    at checkExecSyncError (node:child_process:885:11)
    at Object.execSync (node:child_process:957:15)
    at CommandHelper.runCmd (src/e2e-helper/e2e-command-helper.ts:64:22)
    at ScopeHelper.initWorkspace (src/e2e-helper/e2e-scope-helper.ts:126:25)
    at ScopeHelper.reInitLocalScope (src/e2e-helper/e2e-scope-helper.ts:87:10)
    at ScopeHelper.setNewLocalAndRemoteScopes (src/e2e-helper/e2e-scope-helper.ts:141:10)
    at Context.<anonymous> (e2e/harmony/dependencies.e2e.ts:20:26)
    at processImmediate (node:internal/timers:478:21)]]></failure>
    </testcase>
    <testcase name="dependencies importing component without dependencies &quot;after all&quot; hook in &quot;importing component without dependencies&quot;" time="0.0000" classname="&quot;after all&quot; hook in &quot;importing component without dependencies&quot;">
      <failure message="Cannot read properties of undefined (reading &apos;destroy&apos;)" type="TypeError"><![CDATA[TypeError: Cannot read properties of undefined (reading 'destroy')
    at Context.<anonymous> (e2e/harmony/dependencies.e2e.ts:34:21)
    at processImmediate (node:internal/timers:478:21)]]></failure>
    </testcase>
  </testsuite>
  <testsuite name="new dependent using exported dependency" timestamp="2023-08-21T21:40:31" tests="1" file="/Users/nitsancohen/coding/my-bit/bit/e2e/harmony/dependencies.e2e.ts" time="0.0610" failures="1">
    <testcase name="dependencies new dependent using exported dependency &quot;before all&quot; hook for &quot;should convert the flattened edge of itself to an id with scope-name&quot;" time="0.0610" classname="&quot;before all&quot; hook for &quot;should convert the flattened edge of itself to an id with scope-name&quot;">
      <failure message="Command failed: bit init
node:internal/modules/cjs/loader:1075
  throw err;
  ^

Error: Cannot find module &apos;../node_modules/@teambit/bit/dist/app&apos;
Require stack:
- /Users/nitsancohen/.bvm/versions/0.2.29/bit-0.2.29/node_modules/@teambit/legacy/bin/bit.js
    at Module._resolveFilename (node:internal/modules/cjs/loader:1072:15)
    at Module._load (node:internal/modules/cjs/loader:925:27)
    at Module.require (node:internal/modules/cjs/loader:1139:19)
    at require (node:internal/modules/helpers:121:18)
    at Object.&lt;anonymous&gt; (/Users/nitsancohen/.bvm/versions/0.2.29/bit-0.2.29/node_modules/@teambit/legacy/bin/bit.js:3:1)
    at Module._compile (node:internal/modules/cjs/loader:1257:14)
    at Module._extensions..js (node:internal/modules/cjs/loader:1311:10)
    at Module.load (node:internal/modules/cjs/loader:1115:32)
    at Module._load (node:internal/modules/cjs/loader:962:12)
    at Function.executeUserEntryPoint [as runMain] (node:internal/modules/run_main:83:12) {
  code: &apos;MODULE_NOT_FOUND&apos;,
  requireStack: [
    &apos;/Users/nitsancohen/.bvm/versions/0.2.29/bit-0.2.29/node_modules/@teambit/legacy/bin/bit.js&apos;
  ]
}

Node.js v20.3.1
" type="Error"><![CDATA[Error: Command failed: bit init
node:internal/modules/cjs/loader:1075
  throw err;
  ^

Error: Cannot find module '../node_modules/@teambit/bit/dist/app'
Require stack:
- /Users/nitsancohen/.bvm/versions/0.2.29/bit-0.2.29/node_modules/@teambit/legacy/bin/bit.js
    at Module._resolveFilename (node:internal/modules/cjs/loader:1072:15)
    at Module._load (node:internal/modules/cjs/loader:925:27)
    at Module.require (node:internal/modules/cjs/loader:1139:19)
    at require (node:internal/modules/helpers:121:18)
    at Object.<anonymous> (/Users/nitsancohen/.bvm/versions/0.2.29/bit-0.2.29/node_modules/@teambit/legacy/bin/bit.js:3:1)
    at Module._compile (node:internal/modules/cjs/loader:1257:14)
    at Module._extensions..js (node:internal/modules/cjs/loader:1311:10)
    at Module.load (node:internal/modules/cjs/loader:1115:32)
    at Module._load (node:internal/modules/cjs/loader:962:12)
    at Function.executeUserEntryPoint [as runMain] (node:internal/modules/run_main:83:12) {
  code: 'MODULE_NOT_FOUND',
  requireStack: [
    '/Users/nitsancohen/.bvm/versions/0.2.29/bit-0.2.29/node_modules/@teambit/legacy/bin/bit.js'
  ]
}

Node.js v20.3.1

    at checkExecSyncError (node:child_process:885:11)
    at Object.execSync (node:child_process:957:15)
    at CommandHelper.runCmd (src/e2e-helper/e2e-command-helper.ts:64:22)
    at ScopeHelper.initWorkspace (src/e2e-helper/e2e-scope-helper.ts:126:25)
    at ScopeHelper.reInitLocalScope (src/e2e-helper/e2e-scope-helper.ts:87:10)
    at ScopeHelper.setNewLocalAndRemoteScopes (src/e2e-helper/e2e-scope-helper.ts:141:10)
    at Context.<anonymous> (e2e/harmony/dependencies.e2e.ts:64:26)
    at processImmediate (node:internal/timers:478:21)]]></failure>
    </testcase>
  </testsuite>
  <testsuite name="ignoring a dependency using // @bit-ignore" timestamp="2023-08-21T21:40:32" tests="3" file="/Users/nitsancohen/coding/my-bit/bit/e2e/harmony/dependencies.e2e.ts" time="0.0790" failures="1">
    <testcase name="dependencies ignoring a dependency using // @bit-ignore &quot;before all&quot; hook for &quot;without bit-ignore it should show an issue&quot;" time="0.0790" classname="&quot;before all&quot; hook for &quot;without bit-ignore it should show an issue&quot;">
      <failure message="Command failed: bit init
node:internal/modules/cjs/loader:1075
  throw err;
  ^

Error: Cannot find module &apos;../node_modules/@teambit/bit/dist/app&apos;
Require stack:
- /Users/nitsancohen/.bvm/versions/0.2.29/bit-0.2.29/node_modules/@teambit/legacy/bin/bit.js
    at Module._resolveFilename (node:internal/modules/cjs/loader:1072:15)
    at Module._load (node:internal/modules/cjs/loader:925:27)
    at Module.require (node:internal/modules/cjs/loader:1139:19)
    at require (node:internal/modules/helpers:121:18)
    at Object.&lt;anonymous&gt; (/Users/nitsancohen/.bvm/versions/0.2.29/bit-0.2.29/node_modules/@teambit/legacy/bin/bit.js:3:1)
    at Module._compile (node:internal/modules/cjs/loader:1257:14)
    at Module._extensions..js (node:internal/modules/cjs/loader:1311:10)
    at Module.load (node:internal/modules/cjs/loader:1115:32)
    at Module._load (node:internal/modules/cjs/loader:962:12)
    at Function.executeUserEntryPoint [as runMain] (node:internal/modules/run_main:83:12) {
  code: &apos;MODULE_NOT_FOUND&apos;,
  requireStack: [
    &apos;/Users/nitsancohen/.bvm/versions/0.2.29/bit-0.2.29/node_modules/@teambit/legacy/bin/bit.js&apos;
  ]
}

Node.js v20.3.1
" type="Error"><![CDATA[Error: Command failed: bit init
node:internal/modules/cjs/loader:1075
  throw err;
  ^

Error: Cannot find module '../node_modules/@teambit/bit/dist/app'
Require stack:
- /Users/nitsancohen/.bvm/versions/0.2.29/bit-0.2.29/node_modules/@teambit/legacy/bin/bit.js
    at Module._resolveFilename (node:internal/modules/cjs/loader:1072:15)
    at Module._load (node:internal/modules/cjs/loader:925:27)
    at Module.require (node:internal/modules/cjs/loader:1139:19)
    at require (node:internal/modules/helpers:121:18)
    at Object.<anonymous> (/Users/nitsancohen/.bvm/versions/0.2.29/bit-0.2.29/node_modules/@teambit/legacy/bin/bit.js:3:1)
    at Module._compile (node:internal/modules/cjs/loader:1257:14)
    at Module._extensions..js (node:internal/modules/cjs/loader:1311:10)
    at Module.load (node:internal/modules/cjs/loader:1115:32)
    at Module._load (node:internal/modules/cjs/loader:962:12)
    at Function.executeUserEntryPoint [as runMain] (node:internal/modules/run_main:83:12) {
  code: 'MODULE_NOT_FOUND',
  requireStack: [
    '/Users/nitsancohen/.bvm/versions/0.2.29/bit-0.2.29/node_modules/@teambit/legacy/bin/bit.js'
  ]
}

Node.js v20.3.1

    at checkExecSyncError (node:child_process:885:11)
    at Object.execSync (node:child_process:957:15)
    at CommandHelper.runCmd (src/e2e-helper/e2e-command-helper.ts:64:22)
    at ScopeHelper.initWorkspace (src/e2e-helper/e2e-scope-helper.ts:126:25)
    at ScopeHelper.reInitLocalScope (src/e2e-helper/e2e-scope-helper.ts:87:10)
    at ScopeHelper.setNewLocalAndRemoteScopes (src/e2e-helper/e2e-scope-helper.ts:141:10)
    at Context.<anonymous> (e2e/harmony/dependencies.e2e.ts:82:26)
    at processImmediate (node:internal/timers:478:21)]]></failure>
    </testcase>
  </testsuite>
  <testsuite name="env-jsonc-policies" timestamp="2023-08-21T21:40:32" tests="0" file="/Users/nitsancohen/coding/my-bit/bit/e2e/harmony/dependencies/env-jsonc-policies.e2e.ts" time="0.0000" failures="0">
  </testsuite>
  <testsuite name="affect env" timestamp="2023-08-21T21:40:32" tests="1" file="/Users/nitsancohen/coding/my-bit/bit/e2e/harmony/dependencies/env-jsonc-policies.e2e.ts" time="0.0000" failures="0">
  </testsuite>
  <testsuite name="affect component" timestamp="2023-08-21T21:40:32" tests="0" file="/Users/nitsancohen/coding/my-bit/bit/e2e/harmony/dependencies/env-jsonc-policies.e2e.ts" time="0.0000" failures="0">
  </testsuite>
  <testsuite name="peers effect" timestamp="2023-08-21T21:40:32" tests="2" file="/Users/nitsancohen/coding/my-bit/bit/e2e/harmony/dependencies/env-jsonc-policies.e2e.ts" time="0.0000" failures="0">
  </testsuite>
  <testsuite name="devs effect" timestamp="2023-08-21T21:40:32" tests="0" file="/Users/nitsancohen/coding/my-bit/bit/e2e/harmony/dependencies/env-jsonc-policies.e2e.ts" time="0.0000" failures="0">
  </testsuite>
  <testsuite name="used deps" timestamp="2023-08-21T21:40:32" tests="4" file="/Users/nitsancohen/coding/my-bit/bit/e2e/harmony/dependencies/env-jsonc-policies.e2e.ts" time="0.0000" failures="0">
  </testsuite>
  <testsuite name="not used deps" timestamp="2023-08-21T21:40:32" tests="3" file="/Users/nitsancohen/coding/my-bit/bit/e2e/harmony/dependencies/env-jsonc-policies.e2e.ts" time="0.0000" failures="0">
  </testsuite>
  <testsuite name="runtime effect" timestamp="2023-08-21T21:40:32" tests="0" file="/Users/nitsancohen/coding/my-bit/bit/e2e/harmony/dependencies/env-jsonc-policies.e2e.ts" time="0.0000" failures="0">
  </testsuite>
  <testsuite name="not forced" timestamp="2023-08-21T21:40:32" tests="0" file="/Users/nitsancohen/coding/my-bit/bit/e2e/harmony/dependencies/env-jsonc-policies.e2e.ts" time="0.0000" failures="0">
  </testsuite>
  <testsuite name="detected (used) deps" timestamp="2023-08-21T21:40:32" tests="2" file="/Users/nitsancohen/coding/my-bit/bit/e2e/harmony/dependencies/env-jsonc-policies.e2e.ts" time="0.0000" failures="0">
  </testsuite>
  <testsuite name="not detected (not used) deps" timestamp="2023-08-21T21:40:32" tests="1" file="/Users/nitsancohen/coding/my-bit/bit/e2e/harmony/dependencies/env-jsonc-policies.e2e.ts" time="0.0000" failures="0">
  </testsuite>
  <testsuite name="forced" timestamp="2023-08-21T21:40:32" tests="2" file="/Users/nitsancohen/coding/my-bit/bit/e2e/harmony/dependencies/env-jsonc-policies.e2e.ts" time="0.0000" failures="0">
  </testsuite>
  <testsuite name="pnpm with hoisted node linker, when there is a dependency that has the same name as a workspace component" timestamp="2023-08-21T21:40:32" tests="2" file="/Users/nitsancohen/coding/my-bit/bit/e2e/harmony/dependencies/hoisting.e2e.ts" time="0.0700" failures="1">
    <testcase name="pnpm with hoisted node linker, when there is a dependency that has the same name as a workspace component &quot;before all&quot; hook for &quot;should not override the linked local component with a dependency from the registry&quot;" time="0.0700" classname="&quot;before all&quot; hook for &quot;should not override the linked local component with a dependency from the registry&quot;">
      <failure message="Command failed: bit init
node:internal/modules/cjs/loader:1075
  throw err;
  ^

Error: Cannot find module &apos;../node_modules/@teambit/bit/dist/app&apos;
Require stack:
- /Users/nitsancohen/.bvm/versions/0.2.29/bit-0.2.29/node_modules/@teambit/legacy/bin/bit.js
    at Module._resolveFilename (node:internal/modules/cjs/loader:1072:15)
    at Module._load (node:internal/modules/cjs/loader:925:27)
    at Module.require (node:internal/modules/cjs/loader:1139:19)
    at require (node:internal/modules/helpers:121:18)
    at Object.&lt;anonymous&gt; (/Users/nitsancohen/.bvm/versions/0.2.29/bit-0.2.29/node_modules/@teambit/legacy/bin/bit.js:3:1)
    at Module._compile (node:internal/modules/cjs/loader:1257:14)
    at Module._extensions..js (node:internal/modules/cjs/loader:1311:10)
    at Module.load (node:internal/modules/cjs/loader:1115:32)
    at Module._load (node:internal/modules/cjs/loader:962:12)
    at Function.executeUserEntryPoint [as runMain] (node:internal/modules/run_main:83:12) {
  code: &apos;MODULE_NOT_FOUND&apos;,
  requireStack: [
    &apos;/Users/nitsancohen/.bvm/versions/0.2.29/bit-0.2.29/node_modules/@teambit/legacy/bin/bit.js&apos;
  ]
}

Node.js v20.3.1
" type="Error"><![CDATA[Error: Command failed: bit init
node:internal/modules/cjs/loader:1075
  throw err;
  ^

Error: Cannot find module '../node_modules/@teambit/bit/dist/app'
Require stack:
- /Users/nitsancohen/.bvm/versions/0.2.29/bit-0.2.29/node_modules/@teambit/legacy/bin/bit.js
    at Module._resolveFilename (node:internal/modules/cjs/loader:1072:15)
    at Module._load (node:internal/modules/cjs/loader:925:27)
    at Module.require (node:internal/modules/cjs/loader:1139:19)
    at require (node:internal/modules/helpers:121:18)
    at Object.<anonymous> (/Users/nitsancohen/.bvm/versions/0.2.29/bit-0.2.29/node_modules/@teambit/legacy/bin/bit.js:3:1)
    at Module._compile (node:internal/modules/cjs/loader:1257:14)
    at Module._extensions..js (node:internal/modules/cjs/loader:1311:10)
    at Module.load (node:internal/modules/cjs/loader:1115:32)
    at Module._load (node:internal/modules/cjs/loader:962:12)
    at Function.executeUserEntryPoint [as runMain] (node:internal/modules/run_main:83:12) {
  code: 'MODULE_NOT_FOUND',
  requireStack: [
    '/Users/nitsancohen/.bvm/versions/0.2.29/bit-0.2.29/node_modules/@teambit/legacy/bin/bit.js'
  ]
}

Node.js v20.3.1

    at checkExecSyncError (node:child_process:885:11)
    at Object.execSync (node:child_process:957:15)
    at CommandHelper.runCmd (src/e2e-helper/e2e-command-helper.ts:64:22)
    at ScopeHelper.initWorkspace (src/e2e-helper/e2e-scope-helper.ts:126:25)
    at ScopeHelper.reInitLocalScope (src/e2e-helper/e2e-scope-helper.ts:87:10)
    at ScopeHelper.setNewLocalAndRemoteScopes (src/e2e-helper/e2e-scope-helper.ts:141:10)
    at Context.<anonymous> (e2e/harmony/dependencies/hoisting.e2e.ts:12:24)
    at processImmediate (node:internal/timers:478:21)]]></failure>
    </testcase>
  </testsuite>
  <testsuite name="never built dependencies" timestamp="2023-08-21T21:40:32" tests="0" file="/Users/nitsancohen/coding/my-bit/bit/e2e/harmony/dependencies/never-built-dependencies.e2e.ts" time="0.0000" failures="0">
  </testsuite>
  <testsuite name="using pnpm" timestamp="2023-08-21T21:40:32" tests="1" file="/Users/nitsancohen/coding/my-bit/bit/e2e/harmony/dependencies/never-built-dependencies.e2e.ts" time="0.1330" failures="2">
    <testcase name="never built dependencies using pnpm &quot;before all&quot; hook for &quot;should not build the dependency&quot;" time="0.0680" classname="&quot;before all&quot; hook for &quot;should not build the dependency&quot;">
      <failure message="Command failed: bit init
node:internal/modules/cjs/loader:1075
  throw err;
  ^

Error: Cannot find module &apos;../node_modules/@teambit/bit/dist/app&apos;
Require stack:
- /Users/nitsancohen/.bvm/versions/0.2.29/bit-0.2.29/node_modules/@teambit/legacy/bin/bit.js
    at Module._resolveFilename (node:internal/modules/cjs/loader:1072:15)
    at Module._load (node:internal/modules/cjs/loader:925:27)
    at Module.require (node:internal/modules/cjs/loader:1139:19)
    at require (node:internal/modules/helpers:121:18)
    at Object.&lt;anonymous&gt; (/Users/nitsancohen/.bvm/versions/0.2.29/bit-0.2.29/node_modules/@teambit/legacy/bin/bit.js:3:1)
    at Module._compile (node:internal/modules/cjs/loader:1257:14)
    at Module._extensions..js (node:internal/modules/cjs/loader:1311:10)
    at Module.load (node:internal/modules/cjs/loader:1115:32)
    at Module._load (node:internal/modules/cjs/loader:962:12)
    at Function.executeUserEntryPoint [as runMain] (node:internal/modules/run_main:83:12) {
  code: &apos;MODULE_NOT_FOUND&apos;,
  requireStack: [
    &apos;/Users/nitsancohen/.bvm/versions/0.2.29/bit-0.2.29/node_modules/@teambit/legacy/bin/bit.js&apos;
  ]
}

Node.js v20.3.1
" type="Error"><![CDATA[Error: Command failed: bit init
node:internal/modules/cjs/loader:1075
  throw err;
  ^

Error: Cannot find module '../node_modules/@teambit/bit/dist/app'
Require stack:
- /Users/nitsancohen/.bvm/versions/0.2.29/bit-0.2.29/node_modules/@teambit/legacy/bin/bit.js
    at Module._resolveFilename (node:internal/modules/cjs/loader:1072:15)
    at Module._load (node:internal/modules/cjs/loader:925:27)
    at Module.require (node:internal/modules/cjs/loader:1139:19)
    at require (node:internal/modules/helpers:121:18)
    at Object.<anonymous> (/Users/nitsancohen/.bvm/versions/0.2.29/bit-0.2.29/node_modules/@teambit/legacy/bin/bit.js:3:1)
    at Module._compile (node:internal/modules/cjs/loader:1257:14)
    at Module._extensions..js (node:internal/modules/cjs/loader:1311:10)
    at Module.load (node:internal/modules/cjs/loader:1115:32)
    at Module._load (node:internal/modules/cjs/loader:962:12)
    at Function.executeUserEntryPoint [as runMain] (node:internal/modules/run_main:83:12) {
  code: 'MODULE_NOT_FOUND',
  requireStack: [
    '/Users/nitsancohen/.bvm/versions/0.2.29/bit-0.2.29/node_modules/@teambit/legacy/bin/bit.js'
  ]
}

Node.js v20.3.1

    at checkExecSyncError (node:child_process:885:11)
    at Object.execSync (node:child_process:957:15)
    at CommandHelper.runCmd (src/e2e-helper/e2e-command-helper.ts:64:22)
    at ScopeHelper.initWorkspace (src/e2e-helper/e2e-scope-helper.ts:126:25)
    at ScopeHelper.reInitLocalScope (src/e2e-helper/e2e-scope-helper.ts:87:10)
    at ScopeHelper.setNewLocalAndRemoteScopes (src/e2e-helper/e2e-scope-helper.ts:141:10)
    at Context.<anonymous> (e2e/harmony/dependencies/never-built-dependencies.e2e.ts:15:26)
    at processImmediate (node:internal/timers:478:21)]]></failure>
    </testcase>
    <testcase name="never built dependencies using pnpm &quot;after all&quot; hook for &quot;should not build the dependency&quot;" time="0.0650" classname="&quot;after all&quot; hook for &quot;should not build the dependency&quot;">
      <failure message="Command failed: bit config del registry
node:internal/modules/cjs/loader:1075
  throw err;
  ^

Error: Cannot find module &apos;../node_modules/@teambit/bit/dist/app&apos;
Require stack:
- /Users/nitsancohen/.bvm/versions/0.2.29/bit-0.2.29/node_modules/@teambit/legacy/bin/bit.js
    at Module._resolveFilename (node:internal/modules/cjs/loader:1072:15)
    at Module._load (node:internal/modules/cjs/loader:925:27)
    at Module.require (node:internal/modules/cjs/loader:1139:19)
    at require (node:internal/modules/helpers:121:18)
    at Object.&lt;anonymous&gt; (/Users/nitsancohen/.bvm/versions/0.2.29/bit-0.2.29/node_modules/@teambit/legacy/bin/bit.js:3:1)
    at Module._compile (node:internal/modules/cjs/loader:1257:14)
    at Module._extensions..js (node:internal/modules/cjs/loader:1311:10)
    at Module.load (node:internal/modules/cjs/loader:1115:32)
    at Module._load (node:internal/modules/cjs/loader:962:12)
    at Function.executeUserEntryPoint [as runMain] (node:internal/modules/run_main:83:12) {
  code: &apos;MODULE_NOT_FOUND&apos;,
  requireStack: [
    &apos;/Users/nitsancohen/.bvm/versions/0.2.29/bit-0.2.29/node_modules/@teambit/legacy/bin/bit.js&apos;
  ]
}

Node.js v20.3.1
" type="Error"><![CDATA[Error: Command failed: bit config del registry
node:internal/modules/cjs/loader:1075
  throw err;
  ^

Error: Cannot find module '../node_modules/@teambit/bit/dist/app'
Require stack:
- /Users/nitsancohen/.bvm/versions/0.2.29/bit-0.2.29/node_modules/@teambit/legacy/bin/bit.js
    at Module._resolveFilename (node:internal/modules/cjs/loader:1072:15)
    at Module._load (node:internal/modules/cjs/loader:925:27)
    at Module.require (node:internal/modules/cjs/loader:1139:19)
    at require (node:internal/modules/helpers:121:18)
    at Object.<anonymous> (/Users/nitsancohen/.bvm/versions/0.2.29/bit-0.2.29/node_modules/@teambit/legacy/bin/bit.js:3:1)
    at Module._compile (node:internal/modules/cjs/loader:1257:14)
    at Module._extensions..js (node:internal/modules/cjs/loader:1311:10)
    at Module.load (node:internal/modules/cjs/loader:1115:32)
    at Module._load (node:internal/modules/cjs/loader:962:12)
    at Function.executeUserEntryPoint [as runMain] (node:internal/modules/run_main:83:12) {
  code: 'MODULE_NOT_FOUND',
  requireStack: [
    '/Users/nitsancohen/.bvm/versions/0.2.29/bit-0.2.29/node_modules/@teambit/legacy/bin/bit.js'
  ]
}

Node.js v20.3.1

    at checkExecSyncError (node:child_process:885:11)
    at Object.execSync (node:child_process:957:15)
    at CommandHelper.runCmd (src/e2e-helper/e2e-command-helper.ts:64:22)
    at CommandHelper.delConfig (src/e2e-helper/e2e-command-helper.ts:164:17)
    at Context.<anonymous> (e2e/harmony/dependencies/never-built-dependencies.e2e.ts:27:22)
    at processImmediate (node:internal/timers:478:21)]]></failure>
    </testcase>
  </testsuite>
  <testsuite name="using yarn" timestamp="2023-08-21T21:40:32" tests="1" file="/Users/nitsancohen/coding/my-bit/bit/e2e/harmony/dependencies/never-built-dependencies.e2e.ts" time="0.1300" failures="2">
    <testcase name="never built dependencies using yarn &quot;before all&quot; hook for &quot;should not build the dependency&quot;" time="0.0650" classname="&quot;before all&quot; hook for &quot;should not build the dependency&quot;">
      <failure message="Command failed: bit init
node:internal/modules/cjs/loader:1075
  throw err;
  ^

Error: Cannot find module &apos;../node_modules/@teambit/bit/dist/app&apos;
Require stack:
- /Users/nitsancohen/.bvm/versions/0.2.29/bit-0.2.29/node_modules/@teambit/legacy/bin/bit.js
    at Module._resolveFilename (node:internal/modules/cjs/loader:1072:15)
    at Module._load (node:internal/modules/cjs/loader:925:27)
    at Module.require (node:internal/modules/cjs/loader:1139:19)
    at require (node:internal/modules/helpers:121:18)
    at Object.&lt;anonymous&gt; (/Users/nitsancohen/.bvm/versions/0.2.29/bit-0.2.29/node_modules/@teambit/legacy/bin/bit.js:3:1)
    at Module._compile (node:internal/modules/cjs/loader:1257:14)
    at Module._extensions..js (node:internal/modules/cjs/loader:1311:10)
    at Module.load (node:internal/modules/cjs/loader:1115:32)
    at Module._load (node:internal/modules/cjs/loader:962:12)
    at Function.executeUserEntryPoint [as runMain] (node:internal/modules/run_main:83:12) {
  code: &apos;MODULE_NOT_FOUND&apos;,
  requireStack: [
    &apos;/Users/nitsancohen/.bvm/versions/0.2.29/bit-0.2.29/node_modules/@teambit/legacy/bin/bit.js&apos;
  ]
}

Node.js v20.3.1
" type="Error"><![CDATA[Error: Command failed: bit init
node:internal/modules/cjs/loader:1075
  throw err;
  ^

Error: Cannot find module '../node_modules/@teambit/bit/dist/app'
Require stack:
- /Users/nitsancohen/.bvm/versions/0.2.29/bit-0.2.29/node_modules/@teambit/legacy/bin/bit.js
    at Module._resolveFilename (node:internal/modules/cjs/loader:1072:15)
    at Module._load (node:internal/modules/cjs/loader:925:27)
    at Module.require (node:internal/modules/cjs/loader:1139:19)
    at require (node:internal/modules/helpers:121:18)
    at Object.<anonymous> (/Users/nitsancohen/.bvm/versions/0.2.29/bit-0.2.29/node_modules/@teambit/legacy/bin/bit.js:3:1)
    at Module._compile (node:internal/modules/cjs/loader:1257:14)
    at Module._extensions..js (node:internal/modules/cjs/loader:1311:10)
    at Module.load (node:internal/modules/cjs/loader:1115:32)
    at Module._load (node:internal/modules/cjs/loader:962:12)
    at Function.executeUserEntryPoint [as runMain] (node:internal/modules/run_main:83:12) {
  code: 'MODULE_NOT_FOUND',
  requireStack: [
    '/Users/nitsancohen/.bvm/versions/0.2.29/bit-0.2.29/node_modules/@teambit/legacy/bin/bit.js'
  ]
}

Node.js v20.3.1

    at checkExecSyncError (node:child_process:885:11)
    at Object.execSync (node:child_process:957:15)
    at CommandHelper.runCmd (src/e2e-helper/e2e-command-helper.ts:64:22)
    at ScopeHelper.initWorkspace (src/e2e-helper/e2e-scope-helper.ts:126:25)
    at ScopeHelper.reInitLocalScope (src/e2e-helper/e2e-scope-helper.ts:87:10)
    at ScopeHelper.setNewLocalAndRemoteScopes (src/e2e-helper/e2e-scope-helper.ts:141:10)
    at Context.<anonymous> (e2e/harmony/dependencies/never-built-dependencies.e2e.ts:50:26)
    at processImmediate (node:internal/timers:478:21)]]></failure>
    </testcase>
    <testcase name="never built dependencies using yarn &quot;after all&quot; hook for &quot;should not build the dependency&quot;" time="0.0650" classname="&quot;after all&quot; hook for &quot;should not build the dependency&quot;">
      <failure message="Command failed: bit config del registry
node:internal/modules/cjs/loader:1075
  throw err;
  ^

Error: Cannot find module &apos;../node_modules/@teambit/bit/dist/app&apos;
Require stack:
- /Users/nitsancohen/.bvm/versions/0.2.29/bit-0.2.29/node_modules/@teambit/legacy/bin/bit.js
    at Module._resolveFilename (node:internal/modules/cjs/loader:1072:15)
    at Module._load (node:internal/modules/cjs/loader:925:27)
    at Module.require (node:internal/modules/cjs/loader:1139:19)
    at require (node:internal/modules/helpers:121:18)
    at Object.&lt;anonymous&gt; (/Users/nitsancohen/.bvm/versions/0.2.29/bit-0.2.29/node_modules/@teambit/legacy/bin/bit.js:3:1)
    at Module._compile (node:internal/modules/cjs/loader:1257:14)
    at Module._extensions..js (node:internal/modules/cjs/loader:1311:10)
    at Module.load (node:internal/modules/cjs/loader:1115:32)
    at Module._load (node:internal/modules/cjs/loader:962:12)
    at Function.executeUserEntryPoint [as runMain] (node:internal/modules/run_main:83:12) {
  code: &apos;MODULE_NOT_FOUND&apos;,
  requireStack: [
    &apos;/Users/nitsancohen/.bvm/versions/0.2.29/bit-0.2.29/node_modules/@teambit/legacy/bin/bit.js&apos;
  ]
}

Node.js v20.3.1
" type="Error"><![CDATA[Error: Command failed: bit config del registry
node:internal/modules/cjs/loader:1075
  throw err;
  ^

Error: Cannot find module '../node_modules/@teambit/bit/dist/app'
Require stack:
- /Users/nitsancohen/.bvm/versions/0.2.29/bit-0.2.29/node_modules/@teambit/legacy/bin/bit.js
    at Module._resolveFilename (node:internal/modules/cjs/loader:1072:15)
    at Module._load (node:internal/modules/cjs/loader:925:27)
    at Module.require (node:internal/modules/cjs/loader:1139:19)
    at require (node:internal/modules/helpers:121:18)
    at Object.<anonymous> (/Users/nitsancohen/.bvm/versions/0.2.29/bit-0.2.29/node_modules/@teambit/legacy/bin/bit.js:3:1)
    at Module._compile (node:internal/modules/cjs/loader:1257:14)
    at Module._extensions..js (node:internal/modules/cjs/loader:1311:10)
    at Module.load (node:internal/modules/cjs/loader:1115:32)
    at Module._load (node:internal/modules/cjs/loader:962:12)
    at Function.executeUserEntryPoint [as runMain] (node:internal/modules/run_main:83:12) {
  code: 'MODULE_NOT_FOUND',
  requireStack: [
    '/Users/nitsancohen/.bvm/versions/0.2.29/bit-0.2.29/node_modules/@teambit/legacy/bin/bit.js'
  ]
}

Node.js v20.3.1

    at checkExecSyncError (node:child_process:885:11)
    at Object.execSync (node:child_process:957:15)
    at CommandHelper.runCmd (src/e2e-helper/e2e-command-helper.ts:64:22)
    at CommandHelper.delConfig (src/e2e-helper/e2e-command-helper.ts:164:17)
    at Context.<anonymous> (e2e/harmony/dependencies/never-built-dependencies.e2e.ts:66:22)
    at processImmediate (node:internal/timers:478:21)]]></failure>
    </testcase>
  </testsuite>
  <testsuite name="policies order" timestamp="2023-08-21T21:40:32" tests="0" file="/Users/nitsancohen/coding/my-bit/bit/e2e/harmony/dependencies/policies-order.e2e.ts" time="0.0000" failures="0">
  </testsuite>
  <testsuite name="deps set order" timestamp="2023-08-21T21:40:32" tests="1" file="/Users/nitsancohen/coding/my-bit/bit/e2e/harmony/dependencies/policies-order.e2e.ts" time="0.0690" failures="1">
    <testcase name="policies order deps set order &quot;before all&quot; hook for &quot;should install is-positive specified by the deps set&quot;" time="0.0690" classname="&quot;before all&quot; hook for &quot;should install is-positive specified by the deps set&quot;">
      <failure message="Command failed: bit init
node:internal/modules/cjs/loader:1075
  throw err;
  ^

Error: Cannot find module &apos;../node_modules/@teambit/bit/dist/app&apos;
Require stack:
- /Users/nitsancohen/.bvm/versions/0.2.29/bit-0.2.29/node_modules/@teambit/legacy/bin/bit.js
    at Module._resolveFilename (node:internal/modules/cjs/loader:1072:15)
    at Module._load (node:internal/modules/cjs/loader:925:27)
    at Module.require (node:internal/modules/cjs/loader:1139:19)
    at require (node:internal/modules/helpers:121:18)
    at Object.&lt;anonymous&gt; (/Users/nitsancohen/.bvm/versions/0.2.29/bit-0.2.29/node_modules/@teambit/legacy/bin/bit.js:3:1)
    at Module._compile (node:internal/modules/cjs/loader:1257:14)
    at Module._extensions..js (node:internal/modules/cjs/loader:1311:10)
    at Module.load (node:internal/modules/cjs/loader:1115:32)
    at Module._load (node:internal/modules/cjs/loader:962:12)
    at Function.executeUserEntryPoint [as runMain] (node:internal/modules/run_main:83:12) {
  code: &apos;MODULE_NOT_FOUND&apos;,
  requireStack: [
    &apos;/Users/nitsancohen/.bvm/versions/0.2.29/bit-0.2.29/node_modules/@teambit/legacy/bin/bit.js&apos;
  ]
}

Node.js v20.3.1
" type="Error"><![CDATA[Error: Command failed: bit init
node:internal/modules/cjs/loader:1075
  throw err;
  ^

Error: Cannot find module '../node_modules/@teambit/bit/dist/app'
Require stack:
- /Users/nitsancohen/.bvm/versions/0.2.29/bit-0.2.29/node_modules/@teambit/legacy/bin/bit.js
    at Module._resolveFilename (node:internal/modules/cjs/loader:1072:15)
    at Module._load (node:internal/modules/cjs/loader:925:27)
    at Module.require (node:internal/modules/cjs/loader:1139:19)
    at require (node:internal/modules/helpers:121:18)
    at Object.<anonymous> (/Users/nitsancohen/.bvm/versions/0.2.29/bit-0.2.29/node_modules/@teambit/legacy/bin/bit.js:3:1)
    at Module._compile (node:internal/modules/cjs/loader:1257:14)
    at Module._extensions..js (node:internal/modules/cjs/loader:1311:10)
    at Module.load (node:internal/modules/cjs/loader:1115:32)
    at Module._load (node:internal/modules/cjs/loader:962:12)
    at Function.executeUserEntryPoint [as runMain] (node:internal/modules/run_main:83:12) {
  code: 'MODULE_NOT_FOUND',
  requireStack: [
    '/Users/nitsancohen/.bvm/versions/0.2.29/bit-0.2.29/node_modules/@teambit/legacy/bin/bit.js'
  ]
}

Node.js v20.3.1

    at checkExecSyncError (node:child_process:885:11)
    at Object.execSync (node:child_process:957:15)
    at CommandHelper.runCmd (src/e2e-helper/e2e-command-helper.ts:64:22)
    at ScopeHelper.initWorkspace (src/e2e-helper/e2e-scope-helper.ts:126:25)
    at ScopeHelper.reInitLocalScope (src/e2e-helper/e2e-scope-helper.ts:87:10)
    at ScopeHelper.setNewLocalAndRemoteScopes (src/e2e-helper/e2e-scope-helper.ts:141:10)
    at Context.<anonymous> (e2e/harmony/dependencies/policies-order.e2e.ts:13:26)
    at processImmediate (node:internal/timers:478:21)]]></failure>
    </testcase>
  </testsuite>
  <testsuite name="env own dependency" timestamp="2023-08-21T21:40:32" tests="1" file="/Users/nitsancohen/coding/my-bit/bit/e2e/harmony/dependencies/policies-order.e2e.ts" time="0.1420" failures="1">
    <testcase name="policies order env own dependency &quot;before all&quot; hook for &quot;should install react specified in env itself&quot;" time="0.1420" classname="&quot;before all&quot; hook for &quot;should install react specified in env itself&quot;">
      <failure message="Command failed: bit init
node:internal/modules/cjs/loader:1075
  throw err;
  ^

Error: Cannot find module &apos;../node_modules/@teambit/bit/dist/app&apos;
Require stack:
- /Users/nitsancohen/.bvm/versions/0.2.29/bit-0.2.29/node_modules/@teambit/legacy/bin/bit.js
    at Module._resolveFilename (node:internal/modules/cjs/loader:1072:15)
    at Module._load (node:internal/modules/cjs/loader:925:27)
    at Module.require (node:internal/modules/cjs/loader:1139:19)
    at require (node:internal/modules/helpers:121:18)
    at Object.&lt;anonymous&gt; (/Users/nitsancohen/.bvm/versions/0.2.29/bit-0.2.29/node_modules/@teambit/legacy/bin/bit.js:3:1)
    at Module._compile (node:internal/modules/cjs/loader:1257:14)
    at Module._extensions..js (node:internal/modules/cjs/loader:1311:10)
    at Module.load (node:internal/modules/cjs/loader:1115:32)
    at Module._load (node:internal/modules/cjs/loader:962:12)
    at Function.executeUserEntryPoint [as runMain] (node:internal/modules/run_main:83:12) {
  code: &apos;MODULE_NOT_FOUND&apos;,
  requireStack: [
    &apos;/Users/nitsancohen/.bvm/versions/0.2.29/bit-0.2.29/node_modules/@teambit/legacy/bin/bit.js&apos;
  ]
}

Node.js v20.3.1
" type="Error"><![CDATA[Error: Command failed: bit init
node:internal/modules/cjs/loader:1075
  throw err;
  ^

Error: Cannot find module '../node_modules/@teambit/bit/dist/app'
Require stack:
- /Users/nitsancohen/.bvm/versions/0.2.29/bit-0.2.29/node_modules/@teambit/legacy/bin/bit.js
    at Module._resolveFilename (node:internal/modules/cjs/loader:1072:15)
    at Module._load (node:internal/modules/cjs/loader:925:27)
    at Module.require (node:internal/modules/cjs/loader:1139:19)
    at require (node:internal/modules/helpers:121:18)
    at Object.<anonymous> (/Users/nitsancohen/.bvm/versions/0.2.29/bit-0.2.29/node_modules/@teambit/legacy/bin/bit.js:3:1)
    at Module._compile (node:internal/modules/cjs/loader:1257:14)
    at Module._extensions..js (node:internal/modules/cjs/loader:1311:10)
    at Module.load (node:internal/modules/cjs/loader:1115:32)
    at Module._load (node:internal/modules/cjs/loader:962:12)
    at Function.executeUserEntryPoint [as runMain] (node:internal/modules/run_main:83:12) {
  code: 'MODULE_NOT_FOUND',
  requireStack: [
    '/Users/nitsancohen/.bvm/versions/0.2.29/bit-0.2.29/node_modules/@teambit/legacy/bin/bit.js'
  ]
}

Node.js v20.3.1

    at checkExecSyncError (node:child_process:885:11)
    at Object.execSync (node:child_process:957:15)
    at CommandHelper.runCmd (src/e2e-helper/e2e-command-helper.ts:64:22)
    at ScopeHelper.initWorkspace (src/e2e-helper/e2e-scope-helper.ts:126:25)
    at ScopeHelper.reInitLocalScope (src/e2e-helper/e2e-scope-helper.ts:87:10)
    at ScopeHelper.setNewLocalAndRemoteScopes (src/e2e-helper/e2e-scope-helper.ts:141:10)
    at Context.<anonymous> (e2e/harmony/dependencies/policies-order.e2e.ts:50:26)
    at processImmediate (node:internal/timers:478:21)]]></failure>
    </testcase>
  </testsuite>
  <testsuite name="dependency-resolver extension" timestamp="2023-08-21T21:40:32" tests="0" file="/Users/nitsancohen/coding/my-bit/bit/e2e/harmony/dependency-resolver.e2e.ts" time="0.0000" failures="0">
  </testsuite>
  <testsuite name="policies changes" timestamp="2023-08-21T21:40:32" tests="0" file="/Users/nitsancohen/coding/my-bit/bit/e2e/harmony/dependency-resolver.e2e.ts" time="0.0000" failures="0">
  </testsuite>
  <testsuite name="policies added by the user" timestamp="2023-08-21T21:40:32" tests="2" file="/Users/nitsancohen/coding/my-bit/bit/e2e/harmony/dependency-resolver.e2e.ts" time="0.0610" failures="1">
    <testcase name="dependency-resolver extension policies changes policies added by the user &quot;before all&quot; hook for &quot;should have the updated dependencies for bar/foo&quot;" time="0.0610" classname="&quot;before all&quot; hook for &quot;should have the updated dependencies for bar/foo&quot;">
      <failure message="Command failed: bit init
node:internal/modules/cjs/loader:1075
  throw err;
  ^

Error: Cannot find module &apos;../node_modules/@teambit/bit/dist/app&apos;
Require stack:
- /Users/nitsancohen/.bvm/versions/0.2.29/bit-0.2.29/node_modules/@teambit/legacy/bin/bit.js
    at Module._resolveFilename (node:internal/modules/cjs/loader:1072:15)
    at Module._load (node:internal/modules/cjs/loader:925:27)
    at Module.require (node:internal/modules/cjs/loader:1139:19)
    at require (node:internal/modules/helpers:121:18)
    at Object.&lt;anonymous&gt; (/Users/nitsancohen/.bvm/versions/0.2.29/bit-0.2.29/node_modules/@teambit/legacy/bin/bit.js:3:1)
    at Module._compile (node:internal/modules/cjs/loader:1257:14)
    at Module._extensions..js (node:internal/modules/cjs/loader:1311:10)
    at Module.load (node:internal/modules/cjs/loader:1115:32)
    at Module._load (node:internal/modules/cjs/loader:962:12)
    at Function.executeUserEntryPoint [as runMain] (node:internal/modules/run_main:83:12) {
  code: &apos;MODULE_NOT_FOUND&apos;,
  requireStack: [
    &apos;/Users/nitsancohen/.bvm/versions/0.2.29/bit-0.2.29/node_modules/@teambit/legacy/bin/bit.js&apos;
  ]
}

Node.js v20.3.1
" type="Error"><![CDATA[Error: Command failed: bit init
node:internal/modules/cjs/loader:1075
  throw err;
  ^

Error: Cannot find module '../node_modules/@teambit/bit/dist/app'
Require stack:
- /Users/nitsancohen/.bvm/versions/0.2.29/bit-0.2.29/node_modules/@teambit/legacy/bin/bit.js
    at Module._resolveFilename (node:internal/modules/cjs/loader:1072:15)
    at Module._load (node:internal/modules/cjs/loader:925:27)
    at Module.require (node:internal/modules/cjs/loader:1139:19)
    at require (node:internal/modules/helpers:121:18)
    at Object.<anonymous> (/Users/nitsancohen/.bvm/versions/0.2.29/bit-0.2.29/node_modules/@teambit/legacy/bin/bit.js:3:1)
    at Module._compile (node:internal/modules/cjs/loader:1257:14)
    at Module._extensions..js (node:internal/modules/cjs/loader:1311:10)
    at Module.load (node:internal/modules/cjs/loader:1115:32)
    at Module._load (node:internal/modules/cjs/loader:962:12)
    at Function.executeUserEntryPoint [as runMain] (node:internal/modules/run_main:83:12) {
  code: 'MODULE_NOT_FOUND',
  requireStack: [
    '/Users/nitsancohen/.bvm/versions/0.2.29/bit-0.2.29/node_modules/@teambit/legacy/bin/bit.js'
  ]
}

Node.js v20.3.1

    at checkExecSyncError (node:child_process:885:11)
    at Object.execSync (node:child_process:957:15)
    at CommandHelper.runCmd (src/e2e-helper/e2e-command-helper.ts:64:22)
    at ScopeHelper.initWorkspace (src/e2e-helper/e2e-scope-helper.ts:126:25)
    at ScopeHelper.reInitLocalScope (src/e2e-helper/e2e-scope-helper.ts:87:10)
    at Context.<anonymous> (e2e/harmony/dependency-resolver.e2e.ts:30:28)
    at processImmediate (node:internal/timers:478:21)]]></failure>
    </testcase>
  </testsuite>
  <testsuite name="policies added by an env" timestamp="2023-08-21T21:40:32" tests="0" file="/Users/nitsancohen/coding/my-bit/bit/e2e/harmony/dependency-resolver.e2e.ts" time="0.0000" failures="0">
  </testsuite>
  <testsuite name="policies added core env" timestamp="2023-08-21T21:40:32" tests="1" file="/Users/nitsancohen/coding/my-bit/bit/e2e/harmony/dependency-resolver.e2e.ts" time="0.0660" failures="1">
    <testcase name="dependency-resolver extension policies changes policies added by an env policies added core env &quot;before all&quot; hook for &quot;should have the updated dependencies for bar/foo from the env&quot;" time="0.0660" classname="&quot;before all&quot; hook for &quot;should have the updated dependencies for bar/foo from the env&quot;">
      <failure message="Command failed: bit init
node:internal/modules/cjs/loader:1075
  throw err;
  ^

Error: Cannot find module &apos;../node_modules/@teambit/bit/dist/app&apos;
Require stack:
- /Users/nitsancohen/.bvm/versions/0.2.29/bit-0.2.29/node_modules/@teambit/legacy/bin/bit.js
    at Module._resolveFilename (node:internal/modules/cjs/loader:1072:15)
    at Module._load (node:internal/modules/cjs/loader:925:27)
    at Module.require (node:internal/modules/cjs/loader:1139:19)
    at require (node:internal/modules/helpers:121:18)
    at Object.&lt;anonymous&gt; (/Users/nitsancohen/.bvm/versions/0.2.29/bit-0.2.29/node_modules/@teambit/legacy/bin/bit.js:3:1)
    at Module._compile (node:internal/modules/cjs/loader:1257:14)
    at Module._extensions..js (node:internal/modules/cjs/loader:1311:10)
    at Module.load (node:internal/modules/cjs/loader:1115:32)
    at Module._load (node:internal/modules/cjs/loader:962:12)
    at Function.executeUserEntryPoint [as runMain] (node:internal/modules/run_main:83:12) {
  code: &apos;MODULE_NOT_FOUND&apos;,
  requireStack: [
    &apos;/Users/nitsancohen/.bvm/versions/0.2.29/bit-0.2.29/node_modules/@teambit/legacy/bin/bit.js&apos;
  ]
}

Node.js v20.3.1
" type="Error"><![CDATA[Error: Command failed: bit init
node:internal/modules/cjs/loader:1075
  throw err;
  ^

Error: Cannot find module '../node_modules/@teambit/bit/dist/app'
Require stack:
- /Users/nitsancohen/.bvm/versions/0.2.29/bit-0.2.29/node_modules/@teambit/legacy/bin/bit.js
    at Module._resolveFilename (node:internal/modules/cjs/loader:1072:15)
    at Module._load (node:internal/modules/cjs/loader:925:27)
    at Module.require (node:internal/modules/cjs/loader:1139:19)
    at require (node:internal/modules/helpers:121:18)
    at Object.<anonymous> (/Users/nitsancohen/.bvm/versions/0.2.29/bit-0.2.29/node_modules/@teambit/legacy/bin/bit.js:3:1)
    at Module._compile (node:internal/modules/cjs/loader:1257:14)
    at Module._extensions..js (node:internal/modules/cjs/loader:1311:10)
    at Module.load (node:internal/modules/cjs/loader:1115:32)
    at Module._load (node:internal/modules/cjs/loader:962:12)
    at Function.executeUserEntryPoint [as runMain] (node:internal/modules/run_main:83:12) {
  code: 'MODULE_NOT_FOUND',
  requireStack: [
    '/Users/nitsancohen/.bvm/versions/0.2.29/bit-0.2.29/node_modules/@teambit/legacy/bin/bit.js'
  ]
}

Node.js v20.3.1

    at checkExecSyncError (node:child_process:885:11)
    at Object.execSync (node:child_process:957:15)
    at CommandHelper.runCmd (src/e2e-helper/e2e-command-helper.ts:64:22)
    at ScopeHelper.initWorkspace (src/e2e-helper/e2e-scope-helper.ts:126:25)
    at ScopeHelper.reInitLocalScope (src/e2e-helper/e2e-scope-helper.ts:87:10)
    at Context.<anonymous> (e2e/harmony/dependency-resolver.e2e.ts:70:30)
    at processImmediate (node:internal/timers:478:21)]]></failure>
    </testcase>
  </testsuite>
  <testsuite name="policies added by custom env" timestamp="2023-08-21T21:40:32" tests="1" file="/Users/nitsancohen/coding/my-bit/bit/e2e/harmony/dependency-resolver.e2e.ts" time="0.0660" failures="1">
    <testcase name="dependency-resolver extension policies changes policies added by an env policies added by custom env &quot;before all&quot; hook for &quot;should have the updated dependencies for bar/foo from the env&quot;" time="0.0660" classname="&quot;before all&quot; hook for &quot;should have the updated dependencies for bar/foo from the env&quot;">
      <failure message="Command failed: bit init
node:internal/modules/cjs/loader:1075
  throw err;
  ^

Error: Cannot find module &apos;../node_modules/@teambit/bit/dist/app&apos;
Require stack:
- /Users/nitsancohen/.bvm/versions/0.2.29/bit-0.2.29/node_modules/@teambit/legacy/bin/bit.js
    at Module._resolveFilename (node:internal/modules/cjs/loader:1072:15)
    at Module._load (node:internal/modules/cjs/loader:925:27)
    at Module.require (node:internal/modules/cjs/loader:1139:19)
    at require (node:internal/modules/helpers:121:18)
    at Object.&lt;anonymous&gt; (/Users/nitsancohen/.bvm/versions/0.2.29/bit-0.2.29/node_modules/@teambit/legacy/bin/bit.js:3:1)
    at Module._compile (node:internal/modules/cjs/loader:1257:14)
    at Module._extensions..js (node:internal/modules/cjs/loader:1311:10)
    at Module.load (node:internal/modules/cjs/loader:1115:32)
    at Module._load (node:internal/modules/cjs/loader:962:12)
    at Function.executeUserEntryPoint [as runMain] (node:internal/modules/run_main:83:12) {
  code: &apos;MODULE_NOT_FOUND&apos;,
  requireStack: [
    &apos;/Users/nitsancohen/.bvm/versions/0.2.29/bit-0.2.29/node_modules/@teambit/legacy/bin/bit.js&apos;
  ]
}

Node.js v20.3.1
" type="Error"><![CDATA[Error: Command failed: bit init
node:internal/modules/cjs/loader:1075
  throw err;
  ^

Error: Cannot find module '../node_modules/@teambit/bit/dist/app'
Require stack:
- /Users/nitsancohen/.bvm/versions/0.2.29/bit-0.2.29/node_modules/@teambit/legacy/bin/bit.js
    at Module._resolveFilename (node:internal/modules/cjs/loader:1072:15)
    at Module._load (node:internal/modules/cjs/loader:925:27)
    at Module.require (node:internal/modules/cjs/loader:1139:19)
    at require (node:internal/modules/helpers:121:18)
    at Object.<anonymous> (/Users/nitsancohen/.bvm/versions/0.2.29/bit-0.2.29/node_modules/@teambit/legacy/bin/bit.js:3:1)
    at Module._compile (node:internal/modules/cjs/loader:1257:14)
    at Module._extensions..js (node:internal/modules/cjs/loader:1311:10)
    at Module.load (node:internal/modules/cjs/loader:1115:32)
    at Module._load (node:internal/modules/cjs/loader:962:12)
    at Function.executeUserEntryPoint [as runMain] (node:internal/modules/run_main:83:12) {
  code: 'MODULE_NOT_FOUND',
  requireStack: [
    '/Users/nitsancohen/.bvm/versions/0.2.29/bit-0.2.29/node_modules/@teambit/legacy/bin/bit.js'
  ]
}

Node.js v20.3.1

    at checkExecSyncError (node:child_process:885:11)
    at Object.execSync (node:child_process:957:15)
    at CommandHelper.runCmd (src/e2e-helper/e2e-command-helper.ts:64:22)
    at ScopeHelper.initWorkspace (src/e2e-helper/e2e-scope-helper.ts:126:25)
    at ScopeHelper.reInitLocalScope (src/e2e-helper/e2e-scope-helper.ts:87:10)
    at Context.<anonymous> (e2e/harmony/dependency-resolver.e2e.ts:85:30)
    at processImmediate (node:internal/timers:478:21)]]></failure>
    </testcase>
  </testsuite>
  <testsuite name="policies added by extension" timestamp="2023-08-21T21:40:32" tests="0" file="/Users/nitsancohen/coding/my-bit/bit/e2e/harmony/dependency-resolver.e2e.ts" time="0.0640" failures="1">
    <testcase name="dependency-resolver extension policies changes policies added by extension &quot;before all&quot; hook in &quot;policies added by extension&quot;" time="0.0640" classname="&quot;before all&quot; hook in &quot;policies added by extension&quot;">
      <failure message="Command failed: bit init
node:internal/modules/cjs/loader:1075
  throw err;
  ^

Error: Cannot find module &apos;../node_modules/@teambit/bit/dist/app&apos;
Require stack:
- /Users/nitsancohen/.bvm/versions/0.2.29/bit-0.2.29/node_modules/@teambit/legacy/bin/bit.js
    at Module._resolveFilename (node:internal/modules/cjs/loader:1072:15)
    at Module._load (node:internal/modules/cjs/loader:925:27)
    at Module.require (node:internal/modules/cjs/loader:1139:19)
    at require (node:internal/modules/helpers:121:18)
    at Object.&lt;anonymous&gt; (/Users/nitsancohen/.bvm/versions/0.2.29/bit-0.2.29/node_modules/@teambit/legacy/bin/bit.js:3:1)
    at Module._compile (node:internal/modules/cjs/loader:1257:14)
    at Module._extensions..js (node:internal/modules/cjs/loader:1311:10)
    at Module.load (node:internal/modules/cjs/loader:1115:32)
    at Module._load (node:internal/modules/cjs/loader:962:12)
    at Function.executeUserEntryPoint [as runMain] (node:internal/modules/run_main:83:12) {
  code: &apos;MODULE_NOT_FOUND&apos;,
  requireStack: [
    &apos;/Users/nitsancohen/.bvm/versions/0.2.29/bit-0.2.29/node_modules/@teambit/legacy/bin/bit.js&apos;
  ]
}

Node.js v20.3.1
" type="Error"><![CDATA[Error: Command failed: bit init
node:internal/modules/cjs/loader:1075
  throw err;
  ^

Error: Cannot find module '../node_modules/@teambit/bit/dist/app'
Require stack:
- /Users/nitsancohen/.bvm/versions/0.2.29/bit-0.2.29/node_modules/@teambit/legacy/bin/bit.js
    at Module._resolveFilename (node:internal/modules/cjs/loader:1072:15)
    at Module._load (node:internal/modules/cjs/loader:925:27)
    at Module.require (node:internal/modules/cjs/loader:1139:19)
    at require (node:internal/modules/helpers:121:18)
    at Object.<anonymous> (/Users/nitsancohen/.bvm/versions/0.2.29/bit-0.2.29/node_modules/@teambit/legacy/bin/bit.js:3:1)
    at Module._compile (node:internal/modules/cjs/loader:1257:14)
    at Module._extensions..js (node:internal/modules/cjs/loader:1311:10)
    at Module.load (node:internal/modules/cjs/loader:1115:32)
    at Module._load (node:internal/modules/cjs/loader:962:12)
    at Function.executeUserEntryPoint [as runMain] (node:internal/modules/run_main:83:12) {
  code: 'MODULE_NOT_FOUND',
  requireStack: [
    '/Users/nitsancohen/.bvm/versions/0.2.29/bit-0.2.29/node_modules/@teambit/legacy/bin/bit.js'
  ]
}

Node.js v20.3.1

    at checkExecSyncError (node:child_process:885:11)
    at Object.execSync (node:child_process:957:15)
    at CommandHelper.runCmd (src/e2e-helper/e2e-command-helper.ts:64:22)
    at ScopeHelper.initWorkspace (src/e2e-helper/e2e-scope-helper.ts:126:25)
    at ScopeHelper.reInitLocalScope (src/e2e-helper/e2e-scope-helper.ts:87:10)
    at Context.<anonymous> (e2e/harmony/dependency-resolver.e2e.ts:118:28)
    at processImmediate (node:internal/timers:478:21)]]></failure>
    </testcase>
  </testsuite>
  <testsuite name="saving dependencies package names" timestamp="2023-08-21T21:40:32" tests="1" file="/Users/nitsancohen/coding/my-bit/bit/e2e/harmony/dependency-resolver.e2e.ts" time="0.0610" failures="2">
    <testcase name="dependency-resolver extension saving dependencies package names &quot;before all&quot; hook for &quot;should save the packageName data into the dependencyResolver extension in the model&quot;" time="0.0610" classname="&quot;before all&quot; hook for &quot;should save the packageName data into the dependencyResolver extension in the model&quot;">
      <failure message="Command failed: bit init
node:internal/modules/cjs/loader:1075
  throw err;
  ^

Error: Cannot find module &apos;../node_modules/@teambit/bit/dist/app&apos;
Require stack:
- /Users/nitsancohen/.bvm/versions/0.2.29/bit-0.2.29/node_modules/@teambit/legacy/bin/bit.js
    at Module._resolveFilename (node:internal/modules/cjs/loader:1072:15)
    at Module._load (node:internal/modules/cjs/loader:925:27)
    at Module.require (node:internal/modules/cjs/loader:1139:19)
    at require (node:internal/modules/helpers:121:18)
    at Object.&lt;anonymous&gt; (/Users/nitsancohen/.bvm/versions/0.2.29/bit-0.2.29/node_modules/@teambit/legacy/bin/bit.js:3:1)
    at Module._compile (node:internal/modules/cjs/loader:1257:14)
    at Module._extensions..js (node:internal/modules/cjs/loader:1311:10)
    at Module.load (node:internal/modules/cjs/loader:1115:32)
    at Module._load (node:internal/modules/cjs/loader:962:12)
    at Function.executeUserEntryPoint [as runMain] (node:internal/modules/run_main:83:12) {
  code: &apos;MODULE_NOT_FOUND&apos;,
  requireStack: [
    &apos;/Users/nitsancohen/.bvm/versions/0.2.29/bit-0.2.29/node_modules/@teambit/legacy/bin/bit.js&apos;
  ]
}

Node.js v20.3.1
" type="Error"><![CDATA[Error: Command failed: bit init
node:internal/modules/cjs/loader:1075
  throw err;
  ^

Error: Cannot find module '../node_modules/@teambit/bit/dist/app'
Require stack:
- /Users/nitsancohen/.bvm/versions/0.2.29/bit-0.2.29/node_modules/@teambit/legacy/bin/bit.js
    at Module._resolveFilename (node:internal/modules/cjs/loader:1072:15)
    at Module._load (node:internal/modules/cjs/loader:925:27)
    at Module.require (node:internal/modules/cjs/loader:1139:19)
    at require (node:internal/modules/helpers:121:18)
    at Object.<anonymous> (/Users/nitsancohen/.bvm/versions/0.2.29/bit-0.2.29/node_modules/@teambit/legacy/bin/bit.js:3:1)
    at Module._compile (node:internal/modules/cjs/loader:1257:14)
    at Module._extensions..js (node:internal/modules/cjs/loader:1311:10)
    at Module.load (node:internal/modules/cjs/loader:1115:32)
    at Module._load (node:internal/modules/cjs/loader:962:12)
    at Function.executeUserEntryPoint [as runMain] (node:internal/modules/run_main:83:12) {
  code: 'MODULE_NOT_FOUND',
  requireStack: [
    '/Users/nitsancohen/.bvm/versions/0.2.29/bit-0.2.29/node_modules/@teambit/legacy/bin/bit.js'
  ]
}

Node.js v20.3.1

    at checkExecSyncError (node:child_process:885:11)
    at Object.execSync (node:child_process:957:15)
    at CommandHelper.runCmd (src/e2e-helper/e2e-command-helper.ts:64:22)
    at ScopeHelper.initWorkspace (src/e2e-helper/e2e-scope-helper.ts:126:25)
    at ScopeHelper.reInitLocalScope (src/e2e-helper/e2e-scope-helper.ts:87:10)
    at ScopeHelper.setNewLocalAndRemoteScopes (src/e2e-helper/e2e-scope-helper.ts:141:10)
    at Context.<anonymous> (e2e/harmony/dependency-resolver.e2e.ts:164:26)
    at processImmediate (node:internal/timers:478:21)]]></failure>
    </testcase>
    <testcase name="dependency-resolver extension saving dependencies package names &quot;after all&quot; hook for &quot;should save the packageName data into the dependencyResolver extension in the model&quot;" time="0.0000" classname="&quot;after all&quot; hook for &quot;should save the packageName data into the dependencyResolver extension in the model&quot;">
      <failure message="Cannot read properties of undefined (reading &apos;destroy&apos;)" type="TypeError"><![CDATA[TypeError: Cannot read properties of undefined (reading 'destroy')
    at Context.<anonymous> (e2e/harmony/dependency-resolver.e2e.ts:177:21)
    at processImmediate (node:internal/timers:478:21)]]></failure>
    </testcase>
  </testsuite>
  <testsuite name="overrides" timestamp="2023-08-21T21:40:32" tests="0" file="/Users/nitsancohen/coding/my-bit/bit/e2e/harmony/dependency-resolver.e2e.ts" time="0.0000" failures="0">
  </testsuite>
  <testsuite name="using Yarn as a package manager" timestamp="2023-08-21T21:40:32" tests="4" file="/Users/nitsancohen/coding/my-bit/bit/e2e/harmony/dependency-resolver.e2e.ts" time="0.0610" failures="1">
    <testcase name="dependency-resolver extension overrides using Yarn as a package manager &quot;before all&quot; hook for &quot;should force a newer version of a subdependency using just the dependency name&quot;" time="0.0610" classname="&quot;before all&quot; hook for &quot;should force a newer version of a subdependency using just the dependency name&quot;">
      <failure message="Command failed: bit init
node:internal/modules/cjs/loader:1075
  throw err;
  ^

Error: Cannot find module &apos;../node_modules/@teambit/bit/dist/app&apos;
Require stack:
- /Users/nitsancohen/.bvm/versions/0.2.29/bit-0.2.29/node_modules/@teambit/legacy/bin/bit.js
    at Module._resolveFilename (node:internal/modules/cjs/loader:1072:15)
    at Module._load (node:internal/modules/cjs/loader:925:27)
    at Module.require (node:internal/modules/cjs/loader:1139:19)
    at require (node:internal/modules/helpers:121:18)
    at Object.&lt;anonymous&gt; (/Users/nitsancohen/.bvm/versions/0.2.29/bit-0.2.29/node_modules/@teambit/legacy/bin/bit.js:3:1)
    at Module._compile (node:internal/modules/cjs/loader:1257:14)
    at Module._extensions..js (node:internal/modules/cjs/loader:1311:10)
    at Module.load (node:internal/modules/cjs/loader:1115:32)
    at Module._load (node:internal/modules/cjs/loader:962:12)
    at Function.executeUserEntryPoint [as runMain] (node:internal/modules/run_main:83:12) {
  code: &apos;MODULE_NOT_FOUND&apos;,
  requireStack: [
    &apos;/Users/nitsancohen/.bvm/versions/0.2.29/bit-0.2.29/node_modules/@teambit/legacy/bin/bit.js&apos;
  ]
}

Node.js v20.3.1
" type="Error"><![CDATA[Error: Command failed: bit init
node:internal/modules/cjs/loader:1075
  throw err;
  ^

Error: Cannot find module '../node_modules/@teambit/bit/dist/app'
Require stack:
- /Users/nitsancohen/.bvm/versions/0.2.29/bit-0.2.29/node_modules/@teambit/legacy/bin/bit.js
    at Module._resolveFilename (node:internal/modules/cjs/loader:1072:15)
    at Module._load (node:internal/modules/cjs/loader:925:27)
    at Module.require (node:internal/modules/cjs/loader:1139:19)
    at require (node:internal/modules/helpers:121:18)
    at Object.<anonymous> (/Users/nitsancohen/.bvm/versions/0.2.29/bit-0.2.29/node_modules/@teambit/legacy/bin/bit.js:3:1)
    at Module._compile (node:internal/modules/cjs/loader:1257:14)
    at Module._extensions..js (node:internal/modules/cjs/loader:1311:10)
    at Module.load (node:internal/modules/cjs/loader:1115:32)
    at Module._load (node:internal/modules/cjs/loader:962:12)
    at Function.executeUserEntryPoint [as runMain] (node:internal/modules/run_main:83:12) {
  code: 'MODULE_NOT_FOUND',
  requireStack: [
    '/Users/nitsancohen/.bvm/versions/0.2.29/bit-0.2.29/node_modules/@teambit/legacy/bin/bit.js'
  ]
}

Node.js v20.3.1

    at checkExecSyncError (node:child_process:885:11)
    at Object.execSync (node:child_process:957:15)
    at CommandHelper.runCmd (src/e2e-helper/e2e-command-helper.ts:64:22)
    at ScopeHelper.initWorkspace (src/e2e-helper/e2e-scope-helper.ts:126:25)
    at ScopeHelper.reInitLocalScope (src/e2e-helper/e2e-scope-helper.ts:87:10)
    at Context.<anonymous> (e2e/harmony/dependency-resolver.e2e.ts:227:28)
    at processImmediate (node:internal/timers:478:21)]]></failure>
    </testcase>
  </testsuite>
  <testsuite name="using pnpm as a package manager" timestamp="2023-08-21T21:40:33" tests="4" file="/Users/nitsancohen/coding/my-bit/bit/e2e/harmony/dependency-resolver.e2e.ts" time="0.0620" failures="1">
    <testcase name="dependency-resolver extension overrides using pnpm as a package manager &quot;before all&quot; hook for &quot;should force a newer version of a subdependency using just the dependency name&quot;" time="0.0620" classname="&quot;before all&quot; hook for &quot;should force a newer version of a subdependency using just the dependency name&quot;">
      <failure message="Command failed: bit init
node:internal/modules/cjs/loader:1075
  throw err;
  ^

Error: Cannot find module &apos;../node_modules/@teambit/bit/dist/app&apos;
Require stack:
- /Users/nitsancohen/.bvm/versions/0.2.29/bit-0.2.29/node_modules/@teambit/legacy/bin/bit.js
    at Module._resolveFilename (node:internal/modules/cjs/loader:1072:15)
    at Module._load (node:internal/modules/cjs/loader:925:27)
    at Module.require (node:internal/modules/cjs/loader:1139:19)
    at require (node:internal/modules/helpers:121:18)
    at Object.&lt;anonymous&gt; (/Users/nitsancohen/.bvm/versions/0.2.29/bit-0.2.29/node_modules/@teambit/legacy/bin/bit.js:3:1)
    at Module._compile (node:internal/modules/cjs/loader:1257:14)
    at Module._extensions..js (node:internal/modules/cjs/loader:1311:10)
    at Module.load (node:internal/modules/cjs/loader:1115:32)
    at Module._load (node:internal/modules/cjs/loader:962:12)
    at Function.executeUserEntryPoint [as runMain] (node:internal/modules/run_main:83:12) {
  code: &apos;MODULE_NOT_FOUND&apos;,
  requireStack: [
    &apos;/Users/nitsancohen/.bvm/versions/0.2.29/bit-0.2.29/node_modules/@teambit/legacy/bin/bit.js&apos;
  ]
}

Node.js v20.3.1
" type="Error"><![CDATA[Error: Command failed: bit init
node:internal/modules/cjs/loader:1075
  throw err;
  ^

Error: Cannot find module '../node_modules/@teambit/bit/dist/app'
Require stack:
- /Users/nitsancohen/.bvm/versions/0.2.29/bit-0.2.29/node_modules/@teambit/legacy/bin/bit.js
    at Module._resolveFilename (node:internal/modules/cjs/loader:1072:15)
    at Module._load (node:internal/modules/cjs/loader:925:27)
    at Module.require (node:internal/modules/cjs/loader:1139:19)
    at require (node:internal/modules/helpers:121:18)
    at Object.<anonymous> (/Users/nitsancohen/.bvm/versions/0.2.29/bit-0.2.29/node_modules/@teambit/legacy/bin/bit.js:3:1)
    at Module._compile (node:internal/modules/cjs/loader:1257:14)
    at Module._extensions..js (node:internal/modules/cjs/loader:1311:10)
    at Module.load (node:internal/modules/cjs/loader:1115:32)
    at Module._load (node:internal/modules/cjs/loader:962:12)
    at Function.executeUserEntryPoint [as runMain] (node:internal/modules/run_main:83:12) {
  code: 'MODULE_NOT_FOUND',
  requireStack: [
    '/Users/nitsancohen/.bvm/versions/0.2.29/bit-0.2.29/node_modules/@teambit/legacy/bin/bit.js'
  ]
}

Node.js v20.3.1

    at checkExecSyncError (node:child_process:885:11)
    at Object.execSync (node:child_process:957:15)
    at CommandHelper.runCmd (src/e2e-helper/e2e-command-helper.ts:64:22)
    at ScopeHelper.initWorkspace (src/e2e-helper/e2e-scope-helper.ts:126:25)
    at ScopeHelper.reInitLocalScope (src/e2e-helper/e2e-scope-helper.ts:87:10)
    at Context.<anonymous> (e2e/harmony/dependency-resolver.e2e.ts:262:28)
    at processImmediate (node:internal/timers:478:21)]]></failure>
    </testcase>
  </testsuite>
  <testsuite name="bit deprecate and undeprecate commands" timestamp="2023-08-21T21:40:33" tests="0" file="/Users/nitsancohen/coding/my-bit/bit/e2e/harmony/deprecate.e2e.1.ts" time="0.0000" failures="0">
  </testsuite>
  <testsuite name="deprecate tagged component" timestamp="2023-08-21T21:40:33" tests="2" file="/Users/nitsancohen/coding/my-bit/bit/e2e/harmony/deprecate.e2e.1.ts" time="0.0620" failures="1">
    <testcase name="bit deprecate and undeprecate commands deprecate tagged component &quot;before all&quot; hook for &quot;bit show should show the component as deprecated&quot;" time="0.0620" classname="&quot;before all&quot; hook for &quot;bit show should show the component as deprecated&quot;">
      <failure message="Command failed: bit init
node:internal/modules/cjs/loader:1075
  throw err;
  ^

Error: Cannot find module &apos;../node_modules/@teambit/bit/dist/app&apos;
Require stack:
- /Users/nitsancohen/.bvm/versions/0.2.29/bit-0.2.29/node_modules/@teambit/legacy/bin/bit.js
    at Module._resolveFilename (node:internal/modules/cjs/loader:1072:15)
    at Module._load (node:internal/modules/cjs/loader:925:27)
    at Module.require (node:internal/modules/cjs/loader:1139:19)
    at require (node:internal/modules/helpers:121:18)
    at Object.&lt;anonymous&gt; (/Users/nitsancohen/.bvm/versions/0.2.29/bit-0.2.29/node_modules/@teambit/legacy/bin/bit.js:3:1)
    at Module._compile (node:internal/modules/cjs/loader:1257:14)
    at Module._extensions..js (node:internal/modules/cjs/loader:1311:10)
    at Module.load (node:internal/modules/cjs/loader:1115:32)
    at Module._load (node:internal/modules/cjs/loader:962:12)
    at Function.executeUserEntryPoint [as runMain] (node:internal/modules/run_main:83:12) {
  code: &apos;MODULE_NOT_FOUND&apos;,
  requireStack: [
    &apos;/Users/nitsancohen/.bvm/versions/0.2.29/bit-0.2.29/node_modules/@teambit/legacy/bin/bit.js&apos;
  ]
}

Node.js v20.3.1
" type="Error"><![CDATA[Error: Command failed: bit init
node:internal/modules/cjs/loader:1075
  throw err;
  ^

Error: Cannot find module '../node_modules/@teambit/bit/dist/app'
Require stack:
- /Users/nitsancohen/.bvm/versions/0.2.29/bit-0.2.29/node_modules/@teambit/legacy/bin/bit.js
    at Module._resolveFilename (node:internal/modules/cjs/loader:1072:15)
    at Module._load (node:internal/modules/cjs/loader:925:27)
    at Module.require (node:internal/modules/cjs/loader:1139:19)
    at require (node:internal/modules/helpers:121:18)
    at Object.<anonymous> (/Users/nitsancohen/.bvm/versions/0.2.29/bit-0.2.29/node_modules/@teambit/legacy/bin/bit.js:3:1)
    at Module._compile (node:internal/modules/cjs/loader:1257:14)
    at Module._extensions..js (node:internal/modules/cjs/loader:1311:10)
    at Module.load (node:internal/modules/cjs/loader:1115:32)
    at Module._load (node:internal/modules/cjs/loader:962:12)
    at Function.executeUserEntryPoint [as runMain] (node:internal/modules/run_main:83:12) {
  code: 'MODULE_NOT_FOUND',
  requireStack: [
    '/Users/nitsancohen/.bvm/versions/0.2.29/bit-0.2.29/node_modules/@teambit/legacy/bin/bit.js'
  ]
}

Node.js v20.3.1

    at checkExecSyncError (node:child_process:885:11)
    at Object.execSync (node:child_process:957:15)
    at CommandHelper.runCmd (src/e2e-helper/e2e-command-helper.ts:64:22)
    at ScopeHelper.initWorkspace (src/e2e-helper/e2e-scope-helper.ts:126:25)
    at ScopeHelper.reInitLocalScope (src/e2e-helper/e2e-scope-helper.ts:87:10)
    at ScopeHelper.setNewLocalAndRemoteScopes (src/e2e-helper/e2e-scope-helper.ts:141:10)
    at Context.<anonymous> (e2e/harmony/deprecate.e2e.1.ts:16:26)
    at processImmediate (node:internal/timers:478:21)]]></failure>
    </testcase>
  </testsuite>
  <testsuite name="reverting the deprecation by &quot;bit checkout reset&quot;" timestamp="2023-08-21T21:40:33" tests="1" file="/Users/nitsancohen/coding/my-bit/bit/e2e/harmony/deprecate.e2e.1.ts" time="0.0610" failures="1">
    <testcase name="bit deprecate and undeprecate commands reverting the deprecation by &quot;bit checkout reset&quot; &quot;before all&quot; hook for &quot;should remove the deprecation config&quot;" time="0.0610" classname="&quot;before all&quot; hook for &quot;should remove the deprecation config&quot;">
      <failure message="Command failed: bit init
node:internal/modules/cjs/loader:1075
  throw err;
  ^

Error: Cannot find module &apos;../node_modules/@teambit/bit/dist/app&apos;
Require stack:
- /Users/nitsancohen/.bvm/versions/0.2.29/bit-0.2.29/node_modules/@teambit/legacy/bin/bit.js
    at Module._resolveFilename (node:internal/modules/cjs/loader:1072:15)
    at Module._load (node:internal/modules/cjs/loader:925:27)
    at Module.require (node:internal/modules/cjs/loader:1139:19)
    at require (node:internal/modules/helpers:121:18)
    at Object.&lt;anonymous&gt; (/Users/nitsancohen/.bvm/versions/0.2.29/bit-0.2.29/node_modules/@teambit/legacy/bin/bit.js:3:1)
    at Module._compile (node:internal/modules/cjs/loader:1257:14)
    at Module._extensions..js (node:internal/modules/cjs/loader:1311:10)
    at Module.load (node:internal/modules/cjs/loader:1115:32)
    at Module._load (node:internal/modules/cjs/loader:962:12)
    at Function.executeUserEntryPoint [as runMain] (node:internal/modules/run_main:83:12) {
  code: &apos;MODULE_NOT_FOUND&apos;,
  requireStack: [
    &apos;/Users/nitsancohen/.bvm/versions/0.2.29/bit-0.2.29/node_modules/@teambit/legacy/bin/bit.js&apos;
  ]
}

Node.js v20.3.1
" type="Error"><![CDATA[Error: Command failed: bit init
node:internal/modules/cjs/loader:1075
  throw err;
  ^

Error: Cannot find module '../node_modules/@teambit/bit/dist/app'
Require stack:
- /Users/nitsancohen/.bvm/versions/0.2.29/bit-0.2.29/node_modules/@teambit/legacy/bin/bit.js
    at Module._resolveFilename (node:internal/modules/cjs/loader:1072:15)
    at Module._load (node:internal/modules/cjs/loader:925:27)
    at Module.require (node:internal/modules/cjs/loader:1139:19)
    at require (node:internal/modules/helpers:121:18)
    at Object.<anonymous> (/Users/nitsancohen/.bvm/versions/0.2.29/bit-0.2.29/node_modules/@teambit/legacy/bin/bit.js:3:1)
    at Module._compile (node:internal/modules/cjs/loader:1257:14)
    at Module._extensions..js (node:internal/modules/cjs/loader:1311:10)
    at Module.load (node:internal/modules/cjs/loader:1115:32)
    at Module._load (node:internal/modules/cjs/loader:962:12)
    at Function.executeUserEntryPoint [as runMain] (node:internal/modules/run_main:83:12) {
  code: 'MODULE_NOT_FOUND',
  requireStack: [
    '/Users/nitsancohen/.bvm/versions/0.2.29/bit-0.2.29/node_modules/@teambit/legacy/bin/bit.js'
  ]
}

Node.js v20.3.1

    at checkExecSyncError (node:child_process:885:11)
    at Object.execSync (node:child_process:957:15)
    at CommandHelper.runCmd (src/e2e-helper/e2e-command-helper.ts:64:22)
    at ScopeHelper.initWorkspace (src/e2e-helper/e2e-scope-helper.ts:126:25)
    at ScopeHelper.reInitLocalScope (src/e2e-helper/e2e-scope-helper.ts:87:10)
    at ScopeHelper.setNewLocalAndRemoteScopes (src/e2e-helper/e2e-scope-helper.ts:141:10)
    at Context.<anonymous> (e2e/harmony/deprecate.e2e.1.ts:120:26)
    at processImmediate (node:internal/timers:478:21)]]></failure>
    </testcase>
  </testsuite>
  <testsuite name="dependencies in scope aspect capsules" timestamp="2023-08-21T21:40:33" tests="0" file="/Users/nitsancohen/coding/my-bit/bit/e2e/harmony/deps-in-capsules.e2e.ts" time="0.0610" failures="2">
    <testcase name="dependencies in scope aspect capsules &quot;before all&quot; hook in &quot;dependencies in scope aspect capsules&quot;" time="0.0610" classname="&quot;before all&quot; hook in &quot;dependencies in scope aspect capsules&quot;">
      <failure message="Command failed: bit init
node:internal/modules/cjs/loader:1075
  throw err;
  ^

Error: Cannot find module &apos;../node_modules/@teambit/bit/dist/app&apos;
Require stack:
- /Users/nitsancohen/.bvm/versions/0.2.29/bit-0.2.29/node_modules/@teambit/legacy/bin/bit.js
    at Module._resolveFilename (node:internal/modules/cjs/loader:1072:15)
    at Module._load (node:internal/modules/cjs/loader:925:27)
    at Module.require (node:internal/modules/cjs/loader:1139:19)
    at require (node:internal/modules/helpers:121:18)
    at Object.&lt;anonymous&gt; (/Users/nitsancohen/.bvm/versions/0.2.29/bit-0.2.29/node_modules/@teambit/legacy/bin/bit.js:3:1)
    at Module._compile (node:internal/modules/cjs/loader:1257:14)
    at Module._extensions..js (node:internal/modules/cjs/loader:1311:10)
    at Module.load (node:internal/modules/cjs/loader:1115:32)
    at Module._load (node:internal/modules/cjs/loader:962:12)
    at Function.executeUserEntryPoint [as runMain] (node:internal/modules/run_main:83:12) {
  code: &apos;MODULE_NOT_FOUND&apos;,
  requireStack: [
    &apos;/Users/nitsancohen/.bvm/versions/0.2.29/bit-0.2.29/node_modules/@teambit/legacy/bin/bit.js&apos;
  ]
}

Node.js v20.3.1
" type="Error"><![CDATA[Error: Command failed: bit init
node:internal/modules/cjs/loader:1075
  throw err;
  ^

Error: Cannot find module '../node_modules/@teambit/bit/dist/app'
Require stack:
- /Users/nitsancohen/.bvm/versions/0.2.29/bit-0.2.29/node_modules/@teambit/legacy/bin/bit.js
    at Module._resolveFilename (node:internal/modules/cjs/loader:1072:15)
    at Module._load (node:internal/modules/cjs/loader:925:27)
    at Module.require (node:internal/modules/cjs/loader:1139:19)
    at require (node:internal/modules/helpers:121:18)
    at Object.<anonymous> (/Users/nitsancohen/.bvm/versions/0.2.29/bit-0.2.29/node_modules/@teambit/legacy/bin/bit.js:3:1)
    at Module._compile (node:internal/modules/cjs/loader:1257:14)
    at Module._extensions..js (node:internal/modules/cjs/loader:1311:10)
    at Module.load (node:internal/modules/cjs/loader:1115:32)
    at Module._load (node:internal/modules/cjs/loader:962:12)
    at Function.executeUserEntryPoint [as runMain] (node:internal/modules/run_main:83:12) {
  code: 'MODULE_NOT_FOUND',
  requireStack: [
    '/Users/nitsancohen/.bvm/versions/0.2.29/bit-0.2.29/node_modules/@teambit/legacy/bin/bit.js'
  ]
}

Node.js v20.3.1

    at checkExecSyncError (node:child_process:885:11)
    at Object.execSync (node:child_process:957:15)
    at CommandHelper.runCmd (src/e2e-helper/e2e-command-helper.ts:64:22)
    at ScopeHelper.initWorkspace (src/e2e-helper/e2e-scope-helper.ts:126:25)
    at ScopeHelper.reInitLocalScope (src/e2e-helper/e2e-scope-helper.ts:87:10)
    at ScopeHelper.setNewLocalAndRemoteScopes (src/e2e-helper/e2e-scope-helper.ts:141:10)
    at Context.<anonymous> (e2e/harmony/deps-in-capsules.e2e.ts:21:24)
    at processImmediate (node:internal/timers:478:21)]]></failure>
    </testcase>
    <testcase name="dependencies in scope aspect capsules &quot;after all&quot; hook in &quot;dependencies in scope aspect capsules&quot;" time="0.0000" classname="&quot;after all&quot; hook in &quot;dependencies in scope aspect capsules&quot;">
      <failure message="Cannot read properties of undefined (reading &apos;destroy&apos;)" type="TypeError"><![CDATA[TypeError: Cannot read properties of undefined (reading 'destroy')
    at Context.<anonymous> (e2e/harmony/deps-in-capsules.e2e.ts:141:19)
    at processImmediate (node:internal/timers:478:21)]]></failure>
    </testcase>
  </testsuite>
  <testsuite name="dev files" timestamp="2023-08-21T21:40:33" tests="0" file="/Users/nitsancohen/coding/my-bit/bit/e2e/harmony/dev-files.e2e.ts" time="0.0000" failures="0">
  </testsuite>
  <testsuite name="custom env that changes dev files patterns" timestamp="2023-08-21T21:40:33" tests="3" file="/Users/nitsancohen/coding/my-bit/bit/e2e/harmony/dev-files.e2e.ts" time="0.0610" failures="1">
    <testcase name="dev files custom env that changes dev files patterns &quot;before all&quot; hook for &quot;should show registered custom dev file as dev file&quot;" time="0.0610" classname="&quot;before all&quot; hook for &quot;should show registered custom dev file as dev file&quot;">
      <failure message="Command failed: bit init
node:internal/modules/cjs/loader:1075
  throw err;
  ^

Error: Cannot find module &apos;../node_modules/@teambit/bit/dist/app&apos;
Require stack:
- /Users/nitsancohen/.bvm/versions/0.2.29/bit-0.2.29/node_modules/@teambit/legacy/bin/bit.js
    at Module._resolveFilename (node:internal/modules/cjs/loader:1072:15)
    at Module._load (node:internal/modules/cjs/loader:925:27)
    at Module.require (node:internal/modules/cjs/loader:1139:19)
    at require (node:internal/modules/helpers:121:18)
    at Object.&lt;anonymous&gt; (/Users/nitsancohen/.bvm/versions/0.2.29/bit-0.2.29/node_modules/@teambit/legacy/bin/bit.js:3:1)
    at Module._compile (node:internal/modules/cjs/loader:1257:14)
    at Module._extensions..js (node:internal/modules/cjs/loader:1311:10)
    at Module.load (node:internal/modules/cjs/loader:1115:32)
    at Module._load (node:internal/modules/cjs/loader:962:12)
    at Function.executeUserEntryPoint [as runMain] (node:internal/modules/run_main:83:12) {
  code: &apos;MODULE_NOT_FOUND&apos;,
  requireStack: [
    &apos;/Users/nitsancohen/.bvm/versions/0.2.29/bit-0.2.29/node_modules/@teambit/legacy/bin/bit.js&apos;
  ]
}

Node.js v20.3.1
" type="Error"><![CDATA[Error: Command failed: bit init
node:internal/modules/cjs/loader:1075
  throw err;
  ^

Error: Cannot find module '../node_modules/@teambit/bit/dist/app'
Require stack:
- /Users/nitsancohen/.bvm/versions/0.2.29/bit-0.2.29/node_modules/@teambit/legacy/bin/bit.js
    at Module._resolveFilename (node:internal/modules/cjs/loader:1072:15)
    at Module._load (node:internal/modules/cjs/loader:925:27)
    at Module.require (node:internal/modules/cjs/loader:1139:19)
    at require (node:internal/modules/helpers:121:18)
    at Object.<anonymous> (/Users/nitsancohen/.bvm/versions/0.2.29/bit-0.2.29/node_modules/@teambit/legacy/bin/bit.js:3:1)
    at Module._compile (node:internal/modules/cjs/loader:1257:14)
    at Module._extensions..js (node:internal/modules/cjs/loader:1311:10)
    at Module.load (node:internal/modules/cjs/loader:1115:32)
    at Module._load (node:internal/modules/cjs/loader:962:12)
    at Function.executeUserEntryPoint [as runMain] (node:internal/modules/run_main:83:12) {
  code: 'MODULE_NOT_FOUND',
  requireStack: [
    '/Users/nitsancohen/.bvm/versions/0.2.29/bit-0.2.29/node_modules/@teambit/legacy/bin/bit.js'
  ]
}

Node.js v20.3.1

    at checkExecSyncError (node:child_process:885:11)
    at Object.execSync (node:child_process:957:15)
    at CommandHelper.runCmd (src/e2e-helper/e2e-command-helper.ts:64:22)
    at ScopeHelper.initWorkspace (src/e2e-helper/e2e-scope-helper.ts:126:25)
    at ScopeHelper.reInitLocalScope (src/e2e-helper/e2e-scope-helper.ts:87:10)
    at ScopeHelper.setNewLocalAndRemoteScopes (src/e2e-helper/e2e-scope-helper.ts:141:10)
    at Context.<anonymous> (e2e/harmony/dev-files.e2e.ts:24:26)
    at processImmediate (node:internal/timers:478:21)]]></failure>
    </testcase>
  </testsuite>
  <testsuite name="eject command on Harmony" timestamp="2023-08-21T21:40:33" tests="0" file="/Users/nitsancohen/coding/my-bit/bit/e2e/harmony/eject-harmony.e2e.ts" time="0.0000" failures="0">
  </testsuite>
  <testsuite name="eject components with dependencies after export" timestamp="2023-08-21T21:40:33" tests="0" file="/Users/nitsancohen/coding/my-bit/bit/e2e/harmony/eject-harmony.e2e.ts" time="0.0600" failures="2">
    <testcase name="eject command on Harmony eject components with dependencies after export &quot;before all&quot; hook in &quot;eject components with dependencies after export&quot;" time="0.0600" classname="&quot;before all&quot; hook in &quot;eject components with dependencies after export&quot;">
      <failure message="Command failed: bit init
node:internal/modules/cjs/loader:1075
  throw err;
  ^

Error: Cannot find module &apos;../node_modules/@teambit/bit/dist/app&apos;
Require stack:
- /Users/nitsancohen/.bvm/versions/0.2.29/bit-0.2.29/node_modules/@teambit/legacy/bin/bit.js
    at Module._resolveFilename (node:internal/modules/cjs/loader:1072:15)
    at Module._load (node:internal/modules/cjs/loader:925:27)
    at Module.require (node:internal/modules/cjs/loader:1139:19)
    at require (node:internal/modules/helpers:121:18)
    at Object.&lt;anonymous&gt; (/Users/nitsancohen/.bvm/versions/0.2.29/bit-0.2.29/node_modules/@teambit/legacy/bin/bit.js:3:1)
    at Module._compile (node:internal/modules/cjs/loader:1257:14)
    at Module._extensions..js (node:internal/modules/cjs/loader:1311:10)
    at Module.load (node:internal/modules/cjs/loader:1115:32)
    at Module._load (node:internal/modules/cjs/loader:962:12)
    at Function.executeUserEntryPoint [as runMain] (node:internal/modules/run_main:83:12) {
  code: &apos;MODULE_NOT_FOUND&apos;,
  requireStack: [
    &apos;/Users/nitsancohen/.bvm/versions/0.2.29/bit-0.2.29/node_modules/@teambit/legacy/bin/bit.js&apos;
  ]
}

Node.js v20.3.1
" type="Error"><![CDATA[Error: Command failed: bit init
node:internal/modules/cjs/loader:1075
  throw err;
  ^

Error: Cannot find module '../node_modules/@teambit/bit/dist/app'
Require stack:
- /Users/nitsancohen/.bvm/versions/0.2.29/bit-0.2.29/node_modules/@teambit/legacy/bin/bit.js
    at Module._resolveFilename (node:internal/modules/cjs/loader:1072:15)
    at Module._load (node:internal/modules/cjs/loader:925:27)
    at Module.require (node:internal/modules/cjs/loader:1139:19)
    at require (node:internal/modules/helpers:121:18)
    at Object.<anonymous> (/Users/nitsancohen/.bvm/versions/0.2.29/bit-0.2.29/node_modules/@teambit/legacy/bin/bit.js:3:1)
    at Module._compile (node:internal/modules/cjs/loader:1257:14)
    at Module._extensions..js (node:internal/modules/cjs/loader:1311:10)
    at Module.load (node:internal/modules/cjs/loader:1115:32)
    at Module._load (node:internal/modules/cjs/loader:962:12)
    at Function.executeUserEntryPoint [as runMain] (node:internal/modules/run_main:83:12) {
  code: 'MODULE_NOT_FOUND',
  requireStack: [
    '/Users/nitsancohen/.bvm/versions/0.2.29/bit-0.2.29/node_modules/@teambit/legacy/bin/bit.js'
  ]
}

Node.js v20.3.1

    at checkExecSyncError (node:child_process:885:11)
    at Object.execSync (node:child_process:957:15)
    at CommandHelper.runCmd (src/e2e-helper/e2e-command-helper.ts:64:22)
    at ScopeHelper.initWorkspace (src/e2e-helper/e2e-scope-helper.ts:126:25)
    at ScopeHelper.reInitLocalScope (src/e2e-helper/e2e-scope-helper.ts:87:10)
    at ScopeHelper.setNewLocalAndRemoteScopes (src/e2e-helper/e2e-scope-helper.ts:141:10)
    at Context.<anonymous> (e2e/harmony/eject-harmony.e2e.ts:26:26)
    at processImmediate (node:internal/timers:478:21)]]></failure>
    </testcase>
    <testcase name="eject command on Harmony eject components with dependencies after export &quot;after all&quot; hook in &quot;eject components with dependencies after export&quot;" time="0.0000" classname="&quot;after all&quot; hook in &quot;eject components with dependencies after export&quot;">
      <failure message="Cannot read properties of undefined (reading &apos;destroy&apos;)" type="TypeError"><![CDATA[TypeError: Cannot read properties of undefined (reading 'destroy')
    at Context.<anonymous> (e2e/harmony/eject-harmony.e2e.ts:39:21)
    at processImmediate (node:internal/timers:478:21)]]></failure>
    </testcase>
  </testsuite>
  <testsuite name="env" timestamp="2023-08-21T21:40:33" tests="0" file="/Users/nitsancohen/coding/my-bit/bit/e2e/harmony/env.e2e.ts" time="0.0000" failures="0">
  </testsuite>
  <testsuite name="run bit env set and then tag when the variants points to another env" timestamp="2023-08-21T21:40:33" tests="3" file="/Users/nitsancohen/coding/my-bit/bit/e2e/harmony/env.e2e.ts" time="0.0590" failures="1">
    <testcase name="env run bit env set and then tag when the variants points to another env &quot;before all&quot; hook for &quot;should not be modified&quot;" time="0.0590" classname="&quot;before all&quot; hook for &quot;should not be modified&quot;">
      <failure message="Command failed: bit init
node:internal/modules/cjs/loader:1075
  throw err;
  ^

Error: Cannot find module &apos;../node_modules/@teambit/bit/dist/app&apos;
Require stack:
- /Users/nitsancohen/.bvm/versions/0.2.29/bit-0.2.29/node_modules/@teambit/legacy/bin/bit.js
    at Module._resolveFilename (node:internal/modules/cjs/loader:1072:15)
    at Module._load (node:internal/modules/cjs/loader:925:27)
    at Module.require (node:internal/modules/cjs/loader:1139:19)
    at require (node:internal/modules/helpers:121:18)
    at Object.&lt;anonymous&gt; (/Users/nitsancohen/.bvm/versions/0.2.29/bit-0.2.29/node_modules/@teambit/legacy/bin/bit.js:3:1)
    at Module._compile (node:internal/modules/cjs/loader:1257:14)
    at Module._extensions..js (node:internal/modules/cjs/loader:1311:10)
    at Module.load (node:internal/modules/cjs/loader:1115:32)
    at Module._load (node:internal/modules/cjs/loader:962:12)
    at Function.executeUserEntryPoint [as runMain] (node:internal/modules/run_main:83:12) {
  code: &apos;MODULE_NOT_FOUND&apos;,
  requireStack: [
    &apos;/Users/nitsancohen/.bvm/versions/0.2.29/bit-0.2.29/node_modules/@teambit/legacy/bin/bit.js&apos;
  ]
}

Node.js v20.3.1
" type="Error"><![CDATA[Error: Command failed: bit init
node:internal/modules/cjs/loader:1075
  throw err;
  ^

Error: Cannot find module '../node_modules/@teambit/bit/dist/app'
Require stack:
- /Users/nitsancohen/.bvm/versions/0.2.29/bit-0.2.29/node_modules/@teambit/legacy/bin/bit.js
    at Module._resolveFilename (node:internal/modules/cjs/loader:1072:15)
    at Module._load (node:internal/modules/cjs/loader:925:27)
    at Module.require (node:internal/modules/cjs/loader:1139:19)
    at require (node:internal/modules/helpers:121:18)
    at Object.<anonymous> (/Users/nitsancohen/.bvm/versions/0.2.29/bit-0.2.29/node_modules/@teambit/legacy/bin/bit.js:3:1)
    at Module._compile (node:internal/modules/cjs/loader:1257:14)
    at Module._extensions..js (node:internal/modules/cjs/loader:1311:10)
    at Module.load (node:internal/modules/cjs/loader:1115:32)
    at Module._load (node:internal/modules/cjs/loader:962:12)
    at Function.executeUserEntryPoint [as runMain] (node:internal/modules/run_main:83:12) {
  code: 'MODULE_NOT_FOUND',
  requireStack: [
    '/Users/nitsancohen/.bvm/versions/0.2.29/bit-0.2.29/node_modules/@teambit/legacy/bin/bit.js'
  ]
}

Node.js v20.3.1

    at checkExecSyncError (node:child_process:885:11)
    at Object.execSync (node:child_process:957:15)
    at CommandHelper.runCmd (src/e2e-helper/e2e-command-helper.ts:64:22)
    at ScopeHelper.initWorkspace (src/e2e-helper/e2e-scope-helper.ts:126:25)
    at ScopeHelper.reInitLocalScope (src/e2e-helper/e2e-scope-helper.ts:87:10)
    at ScopeHelper.setNewLocalAndRemoteScopes (src/e2e-helper/e2e-scope-helper.ts:141:10)
    at Context.<anonymous> (e2e/harmony/env.e2e.ts:19:26)
    at processImmediate (node:internal/timers:478:21)]]></failure>
    </testcase>
  </testsuite>
  <testsuite name="run bit env set X and then bit env set Y" timestamp="2023-08-21T21:40:33" tests="1" file="/Users/nitsancohen/coding/my-bit/bit/e2e/harmony/env.e2e.ts" time="0.0600" failures="1">
    <testcase name="env run bit env set X and then bit env set Y &quot;before all&quot; hook for &quot;should replace the env with the last one and remove the first one&quot;" time="0.0600" classname="&quot;before all&quot; hook for &quot;should replace the env with the last one and remove the first one&quot;">
      <failure message="Command failed: bit init
node:internal/modules/cjs/loader:1075
  throw err;
  ^

Error: Cannot find module &apos;../node_modules/@teambit/bit/dist/app&apos;
Require stack:
- /Users/nitsancohen/.bvm/versions/0.2.29/bit-0.2.29/node_modules/@teambit/legacy/bin/bit.js
    at Module._resolveFilename (node:internal/modules/cjs/loader:1072:15)
    at Module._load (node:internal/modules/cjs/loader:925:27)
    at Module.require (node:internal/modules/cjs/loader:1139:19)
    at require (node:internal/modules/helpers:121:18)
    at Object.&lt;anonymous&gt; (/Users/nitsancohen/.bvm/versions/0.2.29/bit-0.2.29/node_modules/@teambit/legacy/bin/bit.js:3:1)
    at Module._compile (node:internal/modules/cjs/loader:1257:14)
    at Module._extensions..js (node:internal/modules/cjs/loader:1311:10)
    at Module.load (node:internal/modules/cjs/loader:1115:32)
    at Module._load (node:internal/modules/cjs/loader:962:12)
    at Function.executeUserEntryPoint [as runMain] (node:internal/modules/run_main:83:12) {
  code: &apos;MODULE_NOT_FOUND&apos;,
  requireStack: [
    &apos;/Users/nitsancohen/.bvm/versions/0.2.29/bit-0.2.29/node_modules/@teambit/legacy/bin/bit.js&apos;
  ]
}

Node.js v20.3.1
" type="Error"><![CDATA[Error: Command failed: bit init
node:internal/modules/cjs/loader:1075
  throw err;
  ^

Error: Cannot find module '../node_modules/@teambit/bit/dist/app'
Require stack:
- /Users/nitsancohen/.bvm/versions/0.2.29/bit-0.2.29/node_modules/@teambit/legacy/bin/bit.js
    at Module._resolveFilename (node:internal/modules/cjs/loader:1072:15)
    at Module._load (node:internal/modules/cjs/loader:925:27)
    at Module.require (node:internal/modules/cjs/loader:1139:19)
    at require (node:internal/modules/helpers:121:18)
    at Object.<anonymous> (/Users/nitsancohen/.bvm/versions/0.2.29/bit-0.2.29/node_modules/@teambit/legacy/bin/bit.js:3:1)
    at Module._compile (node:internal/modules/cjs/loader:1257:14)
    at Module._extensions..js (node:internal/modules/cjs/loader:1311:10)
    at Module.load (node:internal/modules/cjs/loader:1115:32)
    at Module._load (node:internal/modules/cjs/loader:962:12)
    at Function.executeUserEntryPoint [as runMain] (node:internal/modules/run_main:83:12) {
  code: 'MODULE_NOT_FOUND',
  requireStack: [
    '/Users/nitsancohen/.bvm/versions/0.2.29/bit-0.2.29/node_modules/@teambit/legacy/bin/bit.js'
  ]
}

Node.js v20.3.1

    at checkExecSyncError (node:child_process:885:11)
    at Object.execSync (node:child_process:957:15)
    at CommandHelper.runCmd (src/e2e-helper/e2e-command-helper.ts:64:22)
    at ScopeHelper.initWorkspace (src/e2e-helper/e2e-scope-helper.ts:126:25)
    at ScopeHelper.reInitLocalScope (src/e2e-helper/e2e-scope-helper.ts:87:10)
    at ScopeHelper.setNewLocalAndRemoteScopes (src/e2e-helper/e2e-scope-helper.ts:141:10)
    at Context.<anonymous> (e2e/harmony/env.e2e.ts:41:26)
    at processImmediate (node:internal/timers:478:21)]]></failure>
    </testcase>
  </testsuite>
  <testsuite name="run bit env set when there is a component.json" timestamp="2023-08-21T21:40:33" tests="3" file="/Users/nitsancohen/coding/my-bit/bit/e2e/harmony/env.e2e.ts" time="0.0600" failures="1">
    <testcase name="env run bit env set when there is a component.json &quot;before all&quot; hook for &quot;should write the env into the component.json file&quot;" time="0.0600" classname="&quot;before all&quot; hook for &quot;should write the env into the component.json file&quot;">
      <failure message="Command failed: bit init
node:internal/modules/cjs/loader:1075
  throw err;
  ^

Error: Cannot find module &apos;../node_modules/@teambit/bit/dist/app&apos;
Require stack:
- /Users/nitsancohen/.bvm/versions/0.2.29/bit-0.2.29/node_modules/@teambit/legacy/bin/bit.js
    at Module._resolveFilename (node:internal/modules/cjs/loader:1072:15)
    at Module._load (node:internal/modules/cjs/loader:925:27)
    at Module.require (node:internal/modules/cjs/loader:1139:19)
    at require (node:internal/modules/helpers:121:18)
    at Object.&lt;anonymous&gt; (/Users/nitsancohen/.bvm/versions/0.2.29/bit-0.2.29/node_modules/@teambit/legacy/bin/bit.js:3:1)
    at Module._compile (node:internal/modules/cjs/loader:1257:14)
    at Module._extensions..js (node:internal/modules/cjs/loader:1311:10)
    at Module.load (node:internal/modules/cjs/loader:1115:32)
    at Module._load (node:internal/modules/cjs/loader:962:12)
    at Function.executeUserEntryPoint [as runMain] (node:internal/modules/run_main:83:12) {
  code: &apos;MODULE_NOT_FOUND&apos;,
  requireStack: [
    &apos;/Users/nitsancohen/.bvm/versions/0.2.29/bit-0.2.29/node_modules/@teambit/legacy/bin/bit.js&apos;
  ]
}

Node.js v20.3.1
" type="Error"><![CDATA[Error: Command failed: bit init
node:internal/modules/cjs/loader:1075
  throw err;
  ^

Error: Cannot find module '../node_modules/@teambit/bit/dist/app'
Require stack:
- /Users/nitsancohen/.bvm/versions/0.2.29/bit-0.2.29/node_modules/@teambit/legacy/bin/bit.js
    at Module._resolveFilename (node:internal/modules/cjs/loader:1072:15)
    at Module._load (node:internal/modules/cjs/loader:925:27)
    at Module.require (node:internal/modules/cjs/loader:1139:19)
    at require (node:internal/modules/helpers:121:18)
    at Object.<anonymous> (/Users/nitsancohen/.bvm/versions/0.2.29/bit-0.2.29/node_modules/@teambit/legacy/bin/bit.js:3:1)
    at Module._compile (node:internal/modules/cjs/loader:1257:14)
    at Module._extensions..js (node:internal/modules/cjs/loader:1311:10)
    at Module.load (node:internal/modules/cjs/loader:1115:32)
    at Module._load (node:internal/modules/cjs/loader:962:12)
    at Function.executeUserEntryPoint [as runMain] (node:internal/modules/run_main:83:12) {
  code: 'MODULE_NOT_FOUND',
  requireStack: [
    '/Users/nitsancohen/.bvm/versions/0.2.29/bit-0.2.29/node_modules/@teambit/legacy/bin/bit.js'
  ]
}

Node.js v20.3.1

    at checkExecSyncError (node:child_process:885:11)
    at Object.execSync (node:child_process:957:15)
    at CommandHelper.runCmd (src/e2e-helper/e2e-command-helper.ts:64:22)
    at ScopeHelper.initWorkspace (src/e2e-helper/e2e-scope-helper.ts:126:25)
    at ScopeHelper.reInitLocalScope (src/e2e-helper/e2e-scope-helper.ts:87:10)
    at ScopeHelper.setNewLocalAndRemoteScopes (src/e2e-helper/e2e-scope-helper.ts:141:10)
    at Context.<anonymous> (e2e/harmony/env.e2e.ts:53:26)
    at processImmediate (node:internal/timers:478:21)]]></failure>
    </testcase>
  </testsuite>
  <testsuite name="export functionality on Harmony" timestamp="2023-08-21T21:40:33" tests="0" file="/Users/nitsancohen/coding/my-bit/bit/e2e/harmony/export-harmony.e2e.ts" time="0.0000" failures="0">
  </testsuite>
  <testsuite name="export, re-init the remote scope, tag and export" timestamp="2023-08-21T21:40:33" tests="2" file="/Users/nitsancohen/coding/my-bit/bit/e2e/harmony/export-harmony.e2e.ts" time="0.0610" failures="1">
    <testcase name="export functionality on Harmony export, re-init the remote scope, tag and export &quot;before all&quot; hook for &quot;should throw ExportMissingVersions error on export&quot;" time="0.0610" classname="&quot;before all&quot; hook for &quot;should throw ExportMissingVersions error on export&quot;">
      <failure message="Command failed: bit init
node:internal/modules/cjs/loader:1075
  throw err;
  ^

Error: Cannot find module &apos;../node_modules/@teambit/bit/dist/app&apos;
Require stack:
- /Users/nitsancohen/.bvm/versions/0.2.29/bit-0.2.29/node_modules/@teambit/legacy/bin/bit.js
    at Module._resolveFilename (node:internal/modules/cjs/loader:1072:15)
    at Module._load (node:internal/modules/cjs/loader:925:27)
    at Module.require (node:internal/modules/cjs/loader:1139:19)
    at require (node:internal/modules/helpers:121:18)
    at Object.&lt;anonymous&gt; (/Users/nitsancohen/.bvm/versions/0.2.29/bit-0.2.29/node_modules/@teambit/legacy/bin/bit.js:3:1)
    at Module._compile (node:internal/modules/cjs/loader:1257:14)
    at Module._extensions..js (node:internal/modules/cjs/loader:1311:10)
    at Module.load (node:internal/modules/cjs/loader:1115:32)
    at Module._load (node:internal/modules/cjs/loader:962:12)
    at Function.executeUserEntryPoint [as runMain] (node:internal/modules/run_main:83:12) {
  code: &apos;MODULE_NOT_FOUND&apos;,
  requireStack: [
    &apos;/Users/nitsancohen/.bvm/versions/0.2.29/bit-0.2.29/node_modules/@teambit/legacy/bin/bit.js&apos;
  ]
}

Node.js v20.3.1
" type="Error"><![CDATA[Error: Command failed: bit init
node:internal/modules/cjs/loader:1075
  throw err;
  ^

Error: Cannot find module '../node_modules/@teambit/bit/dist/app'
Require stack:
- /Users/nitsancohen/.bvm/versions/0.2.29/bit-0.2.29/node_modules/@teambit/legacy/bin/bit.js
    at Module._resolveFilename (node:internal/modules/cjs/loader:1072:15)
    at Module._load (node:internal/modules/cjs/loader:925:27)
    at Module.require (node:internal/modules/cjs/loader:1139:19)
    at require (node:internal/modules/helpers:121:18)
    at Object.<anonymous> (/Users/nitsancohen/.bvm/versions/0.2.29/bit-0.2.29/node_modules/@teambit/legacy/bin/bit.js:3:1)
    at Module._compile (node:internal/modules/cjs/loader:1257:14)
    at Module._extensions..js (node:internal/modules/cjs/loader:1311:10)
    at Module.load (node:internal/modules/cjs/loader:1115:32)
    at Module._load (node:internal/modules/cjs/loader:962:12)
    at Function.executeUserEntryPoint [as runMain] (node:internal/modules/run_main:83:12) {
  code: 'MODULE_NOT_FOUND',
  requireStack: [
    '/Users/nitsancohen/.bvm/versions/0.2.29/bit-0.2.29/node_modules/@teambit/legacy/bin/bit.js'
  ]
}

Node.js v20.3.1

    at checkExecSyncError (node:child_process:885:11)
    at Object.execSync (node:child_process:957:15)
    at CommandHelper.runCmd (src/e2e-helper/e2e-command-helper.ts:64:22)
    at ScopeHelper.initWorkspace (src/e2e-helper/e2e-scope-helper.ts:126:25)
    at ScopeHelper.reInitLocalScope (src/e2e-helper/e2e-scope-helper.ts:87:10)
    at ScopeHelper.setNewLocalAndRemoteScopes (src/e2e-helper/e2e-scope-helper.ts:141:10)
    at Context.<anonymous> (e2e/harmony/export-harmony.e2e.ts:19:26)
    at processImmediate (node:internal/timers:478:21)]]></failure>
    </testcase>
  </testsuite>
  <testsuite name="export, tag and export" timestamp="2023-08-21T21:40:33" tests="2" file="/Users/nitsancohen/coding/my-bit/bit/e2e/harmony/export-harmony.e2e.ts" time="0.0590" failures="1">
    <testcase name="export functionality on Harmony export, tag and export &quot;before all&quot; hook for &quot;should not delete the first version&quot;" time="0.0590" classname="&quot;before all&quot; hook for &quot;should not delete the first version&quot;">
      <failure message="Command failed: bit init
node:internal/modules/cjs/loader:1075
  throw err;
  ^

Error: Cannot find module &apos;../node_modules/@teambit/bit/dist/app&apos;
Require stack:
- /Users/nitsancohen/.bvm/versions/0.2.29/bit-0.2.29/node_modules/@teambit/legacy/bin/bit.js
    at Module._resolveFilename (node:internal/modules/cjs/loader:1072:15)
    at Module._load (node:internal/modules/cjs/loader:925:27)
    at Module.require (node:internal/modules/cjs/loader:1139:19)
    at require (node:internal/modules/helpers:121:18)
    at Object.&lt;anonymous&gt; (/Users/nitsancohen/.bvm/versions/0.2.29/bit-0.2.29/node_modules/@teambit/legacy/bin/bit.js:3:1)
    at Module._compile (node:internal/modules/cjs/loader:1257:14)
    at Module._extensions..js (node:internal/modules/cjs/loader:1311:10)
    at Module.load (node:internal/modules/cjs/loader:1115:32)
    at Module._load (node:internal/modules/cjs/loader:962:12)
    at Function.executeUserEntryPoint [as runMain] (node:internal/modules/run_main:83:12) {
  code: &apos;MODULE_NOT_FOUND&apos;,
  requireStack: [
    &apos;/Users/nitsancohen/.bvm/versions/0.2.29/bit-0.2.29/node_modules/@teambit/legacy/bin/bit.js&apos;
  ]
}

Node.js v20.3.1
" type="Error"><![CDATA[Error: Command failed: bit init
node:internal/modules/cjs/loader:1075
  throw err;
  ^

Error: Cannot find module '../node_modules/@teambit/bit/dist/app'
Require stack:
- /Users/nitsancohen/.bvm/versions/0.2.29/bit-0.2.29/node_modules/@teambit/legacy/bin/bit.js
    at Module._resolveFilename (node:internal/modules/cjs/loader:1072:15)
    at Module._load (node:internal/modules/cjs/loader:925:27)
    at Module.require (node:internal/modules/cjs/loader:1139:19)
    at require (node:internal/modules/helpers:121:18)
    at Object.<anonymous> (/Users/nitsancohen/.bvm/versions/0.2.29/bit-0.2.29/node_modules/@teambit/legacy/bin/bit.js:3:1)
    at Module._compile (node:internal/modules/cjs/loader:1257:14)
    at Module._extensions..js (node:internal/modules/cjs/loader:1311:10)
    at Module.load (node:internal/modules/cjs/loader:1115:32)
    at Module._load (node:internal/modules/cjs/loader:962:12)
    at Function.executeUserEntryPoint [as runMain] (node:internal/modules/run_main:83:12) {
  code: 'MODULE_NOT_FOUND',
  requireStack: [
    '/Users/nitsancohen/.bvm/versions/0.2.29/bit-0.2.29/node_modules/@teambit/legacy/bin/bit.js'
  ]
}

Node.js v20.3.1

    at checkExecSyncError (node:child_process:885:11)
    at Object.execSync (node:child_process:957:15)
    at CommandHelper.runCmd (src/e2e-helper/e2e-command-helper.ts:64:22)
    at ScopeHelper.initWorkspace (src/e2e-helper/e2e-scope-helper.ts:126:25)
    at ScopeHelper.reInitLocalScope (src/e2e-helper/e2e-scope-helper.ts:87:10)
    at ScopeHelper.setNewLocalAndRemoteScopes (src/e2e-helper/e2e-scope-helper.ts:141:10)
    at Context.<anonymous> (e2e/harmony/export-harmony.e2e.ts:38:26)
    at processImmediate (node:internal/timers:478:21)]]></failure>
    </testcase>
  </testsuite>
  <testsuite name="export to multiple scope with circular between the scopes" timestamp="2023-08-21T21:40:33" tests="2" file="/Users/nitsancohen/coding/my-bit/bit/e2e/harmony/export-harmony.e2e.ts" time="0.0000" failures="0">
  </testsuite>
  <testsuite name="recover from persist-error during export" timestamp="2023-08-21T21:40:33" tests="1" file="/Users/nitsancohen/coding/my-bit/bit/e2e/harmony/export-harmony.e2e.ts" time="0.0000" failures="0">
  </testsuite>
  <testsuite name="when the failure happened on the same workspace" timestamp="2023-08-21T21:40:33" tests="0" file="/Users/nitsancohen/coding/my-bit/bit/e2e/harmony/export-harmony.e2e.ts" time="0.0000" failures="0">
  </testsuite>
  <testsuite name="running bit export --resume &lt;export-id&gt;" timestamp="2023-08-21T21:40:33" tests="3" file="/Users/nitsancohen/coding/my-bit/bit/e2e/harmony/export-harmony.e2e.ts" time="0.0000" failures="0">
  </testsuite>
  <testsuite name="running bit export without resume" timestamp="2023-08-21T21:40:33" tests="1" file="/Users/nitsancohen/coding/my-bit/bit/e2e/harmony/export-harmony.e2e.ts" time="0.0000" failures="0">
  </testsuite>
  <testsuite name="when one remote succeeded and one failed" timestamp="2023-08-21T21:40:33" tests="1" file="/Users/nitsancohen/coding/my-bit/bit/e2e/harmony/export-harmony.e2e.ts" time="0.0000" failures="0">
  </testsuite>
  <testsuite name="from different workspace, by running bit resume-export &lt;export-id&gt; &lt;remotes...&gt;" timestamp="2023-08-21T21:40:33" tests="0" file="/Users/nitsancohen/coding/my-bit/bit/e2e/harmony/export-harmony.e2e.ts" time="0.0000" failures="0">
  </testsuite>
  <testsuite name="running it with the correct export-id and all the remotes" timestamp="2023-08-21T21:40:33" tests="2" file="/Users/nitsancohen/coding/my-bit/bit/e2e/harmony/export-harmony.e2e.ts" time="0.0000" failures="0">
  </testsuite>
  <testsuite name="running it with the correct export-id and only one remote" timestamp="2023-08-21T21:40:33" tests="2" file="/Users/nitsancohen/coding/my-bit/bit/e2e/harmony/export-harmony.e2e.ts" time="0.0000" failures="0">
  </testsuite>
  <testsuite name="running it with a non-exist export-id" timestamp="2023-08-21T21:40:33" tests="1" file="/Users/nitsancohen/coding/my-bit/bit/e2e/harmony/export-harmony.e2e.ts" time="0.0000" failures="0">
  </testsuite>
  <testsuite name="when version history is out of date" timestamp="2023-08-21T21:40:33" tests="1" file="/Users/nitsancohen/coding/my-bit/bit/e2e/harmony/export-harmony.e2e.ts" time="0.0600" failures="1">
    <testcase name="export functionality on Harmony when version history is out of date &quot;before all&quot; hook for &quot;bit export should not throw about missing data&quot;" time="0.0600" classname="&quot;before all&quot; hook for &quot;bit export should not throw about missing data&quot;">
      <failure message="Command failed: bit init
node:internal/modules/cjs/loader:1075
  throw err;
  ^

Error: Cannot find module &apos;../node_modules/@teambit/bit/dist/app&apos;
Require stack:
- /Users/nitsancohen/.bvm/versions/0.2.29/bit-0.2.29/node_modules/@teambit/legacy/bin/bit.js
    at Module._resolveFilename (node:internal/modules/cjs/loader:1072:15)
    at Module._load (node:internal/modules/cjs/loader:925:27)
    at Module.require (node:internal/modules/cjs/loader:1139:19)
    at require (node:internal/modules/helpers:121:18)
    at Object.&lt;anonymous&gt; (/Users/nitsancohen/.bvm/versions/0.2.29/bit-0.2.29/node_modules/@teambit/legacy/bin/bit.js:3:1)
    at Module._compile (node:internal/modules/cjs/loader:1257:14)
    at Module._extensions..js (node:internal/modules/cjs/loader:1311:10)
    at Module.load (node:internal/modules/cjs/loader:1115:32)
    at Module._load (node:internal/modules/cjs/loader:962:12)
    at Function.executeUserEntryPoint [as runMain] (node:internal/modules/run_main:83:12) {
  code: &apos;MODULE_NOT_FOUND&apos;,
  requireStack: [
    &apos;/Users/nitsancohen/.bvm/versions/0.2.29/bit-0.2.29/node_modules/@teambit/legacy/bin/bit.js&apos;
  ]
}

Node.js v20.3.1
" type="Error"><![CDATA[Error: Command failed: bit init
node:internal/modules/cjs/loader:1075
  throw err;
  ^

Error: Cannot find module '../node_modules/@teambit/bit/dist/app'
Require stack:
- /Users/nitsancohen/.bvm/versions/0.2.29/bit-0.2.29/node_modules/@teambit/legacy/bin/bit.js
    at Module._resolveFilename (node:internal/modules/cjs/loader:1072:15)
    at Module._load (node:internal/modules/cjs/loader:925:27)
    at Module.require (node:internal/modules/cjs/loader:1139:19)
    at require (node:internal/modules/helpers:121:18)
    at Object.<anonymous> (/Users/nitsancohen/.bvm/versions/0.2.29/bit-0.2.29/node_modules/@teambit/legacy/bin/bit.js:3:1)
    at Module._compile (node:internal/modules/cjs/loader:1257:14)
    at Module._extensions..js (node:internal/modules/cjs/loader:1311:10)
    at Module.load (node:internal/modules/cjs/loader:1115:32)
    at Module._load (node:internal/modules/cjs/loader:962:12)
    at Function.executeUserEntryPoint [as runMain] (node:internal/modules/run_main:83:12) {
  code: 'MODULE_NOT_FOUND',
  requireStack: [
    '/Users/nitsancohen/.bvm/versions/0.2.29/bit-0.2.29/node_modules/@teambit/legacy/bin/bit.js'
  ]
}

Node.js v20.3.1

    at checkExecSyncError (node:child_process:885:11)
    at Object.execSync (node:child_process:957:15)
    at CommandHelper.runCmd (src/e2e-helper/e2e-command-helper.ts:64:22)
    at ScopeHelper.initWorkspace (src/e2e-helper/e2e-scope-helper.ts:126:25)
    at ScopeHelper.reInitLocalScope (src/e2e-helper/e2e-scope-helper.ts:87:10)
    at ScopeHelper.setNewLocalAndRemoteScopes (src/e2e-helper/e2e-scope-helper.ts:141:10)
    at Context.<anonymous> (e2e/harmony/export-harmony.e2e.ts:245:26)
    at processImmediate (node:internal/timers:478:21)]]></failure>
    </testcase>
  </testsuite>
  <testsuite name="extensions config diff" timestamp="2023-08-21T21:40:33" tests="0" file="/Users/nitsancohen/coding/my-bit/bit/e2e/harmony/extensions-config-diff.e2e.ts" time="0.0600" failures="1">
    <testcase name="extensions config diff &quot;before all&quot; hook in &quot;extensions config diff&quot;" time="0.0600" classname="&quot;before all&quot; hook in &quot;extensions config diff&quot;">
      <failure message="Command failed: bit init
node:internal/modules/cjs/loader:1075
  throw err;
  ^

Error: Cannot find module &apos;../node_modules/@teambit/bit/dist/app&apos;
Require stack:
- /Users/nitsancohen/.bvm/versions/0.2.29/bit-0.2.29/node_modules/@teambit/legacy/bin/bit.js
    at Module._resolveFilename (node:internal/modules/cjs/loader:1072:15)
    at Module._load (node:internal/modules/cjs/loader:925:27)
    at Module.require (node:internal/modules/cjs/loader:1139:19)
    at require (node:internal/modules/helpers:121:18)
    at Object.&lt;anonymous&gt; (/Users/nitsancohen/.bvm/versions/0.2.29/bit-0.2.29/node_modules/@teambit/legacy/bin/bit.js:3:1)
    at Module._compile (node:internal/modules/cjs/loader:1257:14)
    at Module._extensions..js (node:internal/modules/cjs/loader:1311:10)
    at Module.load (node:internal/modules/cjs/loader:1115:32)
    at Module._load (node:internal/modules/cjs/loader:962:12)
    at Function.executeUserEntryPoint [as runMain] (node:internal/modules/run_main:83:12) {
  code: &apos;MODULE_NOT_FOUND&apos;,
  requireStack: [
    &apos;/Users/nitsancohen/.bvm/versions/0.2.29/bit-0.2.29/node_modules/@teambit/legacy/bin/bit.js&apos;
  ]
}

Node.js v20.3.1
" type="Error"><![CDATA[Error: Command failed: bit init
node:internal/modules/cjs/loader:1075
  throw err;
  ^

Error: Cannot find module '../node_modules/@teambit/bit/dist/app'
Require stack:
- /Users/nitsancohen/.bvm/versions/0.2.29/bit-0.2.29/node_modules/@teambit/legacy/bin/bit.js
    at Module._resolveFilename (node:internal/modules/cjs/loader:1072:15)
    at Module._load (node:internal/modules/cjs/loader:925:27)
    at Module.require (node:internal/modules/cjs/loader:1139:19)
    at require (node:internal/modules/helpers:121:18)
    at Object.<anonymous> (/Users/nitsancohen/.bvm/versions/0.2.29/bit-0.2.29/node_modules/@teambit/legacy/bin/bit.js:3:1)
    at Module._compile (node:internal/modules/cjs/loader:1257:14)
    at Module._extensions..js (node:internal/modules/cjs/loader:1311:10)
    at Module.load (node:internal/modules/cjs/loader:1115:32)
    at Module._load (node:internal/modules/cjs/loader:962:12)
    at Function.executeUserEntryPoint [as runMain] (node:internal/modules/run_main:83:12) {
  code: 'MODULE_NOT_FOUND',
  requireStack: [
    '/Users/nitsancohen/.bvm/versions/0.2.29/bit-0.2.29/node_modules/@teambit/legacy/bin/bit.js'
  ]
}

Node.js v20.3.1

    at checkExecSyncError (node:child_process:885:11)
    at Object.execSync (node:child_process:957:15)
    at CommandHelper.runCmd (src/e2e-helper/e2e-command-helper.ts:64:22)
    at ScopeHelper.initWorkspace (src/e2e-helper/e2e-scope-helper.ts:126:25)
    at ScopeHelper.reInitLocalScope (src/e2e-helper/e2e-scope-helper.ts:87:10)
    at Context.<anonymous> (e2e/harmony/extensions-config-diff.e2e.ts:17:24)
    at processImmediate (node:internal/timers:478:21)]]></failure>
    </testcase>
  </testsuite>
  <testsuite name="harmony extension config" timestamp="2023-08-21T21:40:33" tests="0" file="/Users/nitsancohen/coding/my-bit/bit/e2e/harmony/extensions-config.e2e.3.ts" time="0.0000" failures="0">
  </testsuite>
  <testsuite name="persist extension config (provided by the user)to models" timestamp="2023-08-21T21:40:33" tests="0" file="/Users/nitsancohen/coding/my-bit/bit/e2e/harmony/extensions-config.e2e.3.ts" time="0.0000" failures="0">
  </testsuite>
  <testsuite name="core extensions" timestamp="2023-08-21T21:40:33" tests="3" file="/Users/nitsancohen/coding/my-bit/bit/e2e/harmony/extensions-config.e2e.3.ts" time="0.0600" failures="1">
    <testcase name="harmony extension config persist extension config (provided by the user)to models core extensions &quot;before all&quot; hook for &quot;should persist core extension config during tag&quot;" time="0.0600" classname="&quot;before all&quot; hook for &quot;should persist core extension config during tag&quot;">
      <failure message="Command failed: bit init
node:internal/modules/cjs/loader:1075
  throw err;
  ^

Error: Cannot find module &apos;../node_modules/@teambit/bit/dist/app&apos;
Require stack:
- /Users/nitsancohen/.bvm/versions/0.2.29/bit-0.2.29/node_modules/@teambit/legacy/bin/bit.js
    at Module._resolveFilename (node:internal/modules/cjs/loader:1072:15)
    at Module._load (node:internal/modules/cjs/loader:925:27)
    at Module.require (node:internal/modules/cjs/loader:1139:19)
    at require (node:internal/modules/helpers:121:18)
    at Object.&lt;anonymous&gt; (/Users/nitsancohen/.bvm/versions/0.2.29/bit-0.2.29/node_modules/@teambit/legacy/bin/bit.js:3:1)
    at Module._compile (node:internal/modules/cjs/loader:1257:14)
    at Module._extensions..js (node:internal/modules/cjs/loader:1311:10)
    at Module.load (node:internal/modules/cjs/loader:1115:32)
    at Module._load (node:internal/modules/cjs/loader:962:12)
    at Function.executeUserEntryPoint [as runMain] (node:internal/modules/run_main:83:12) {
  code: &apos;MODULE_NOT_FOUND&apos;,
  requireStack: [
    &apos;/Users/nitsancohen/.bvm/versions/0.2.29/bit-0.2.29/node_modules/@teambit/legacy/bin/bit.js&apos;
  ]
}

Node.js v20.3.1
" type="Error"><![CDATA[Error: Command failed: bit init
node:internal/modules/cjs/loader:1075
  throw err;
  ^

Error: Cannot find module '../node_modules/@teambit/bit/dist/app'
Require stack:
- /Users/nitsancohen/.bvm/versions/0.2.29/bit-0.2.29/node_modules/@teambit/legacy/bin/bit.js
    at Module._resolveFilename (node:internal/modules/cjs/loader:1072:15)
    at Module._load (node:internal/modules/cjs/loader:925:27)
    at Module.require (node:internal/modules/cjs/loader:1139:19)
    at require (node:internal/modules/helpers:121:18)
    at Object.<anonymous> (/Users/nitsancohen/.bvm/versions/0.2.29/bit-0.2.29/node_modules/@teambit/legacy/bin/bit.js:3:1)
    at Module._compile (node:internal/modules/cjs/loader:1257:14)
    at Module._extensions..js (node:internal/modules/cjs/loader:1311:10)
    at Module.load (node:internal/modules/cjs/loader:1115:32)
    at Module._load (node:internal/modules/cjs/loader:962:12)
    at Function.executeUserEntryPoint [as runMain] (node:internal/modules/run_main:83:12) {
  code: 'MODULE_NOT_FOUND',
  requireStack: [
    '/Users/nitsancohen/.bvm/versions/0.2.29/bit-0.2.29/node_modules/@teambit/legacy/bin/bit.js'
  ]
}

Node.js v20.3.1

    at checkExecSyncError (node:child_process:885:11)
    at Object.execSync (node:child_process:957:15)
    at CommandHelper.runCmd (src/e2e-helper/e2e-command-helper.ts:64:22)
    at ScopeHelper.initWorkspace (src/e2e-helper/e2e-scope-helper.ts:126:25)
    at ScopeHelper.reInitLocalScope (src/e2e-helper/e2e-scope-helper.ts:87:10)
    at Context.<anonymous> (e2e/harmony/extensions-config.e2e.3.ts:29:28)
    at processImmediate (node:internal/timers:478:21)]]></failure>
    </testcase>
  </testsuite>
  <testsuite name="3rd party extensions" timestamp="2023-08-21T21:40:33" tests="0" file="/Users/nitsancohen/coding/my-bit/bit/e2e/harmony/extensions-config.e2e.3.ts" time="0.0610" failures="1">
    <testcase name="harmony extension config persist extension config (provided by the user)to models 3rd party extensions &quot;before all&quot; hook in &quot;3rd party extensions&quot;" time="0.0610" classname="&quot;before all&quot; hook in &quot;3rd party extensions&quot;">
      <failure message="Command failed: bit init
node:internal/modules/cjs/loader:1075
  throw err;
  ^

Error: Cannot find module &apos;../node_modules/@teambit/bit/dist/app&apos;
Require stack:
- /Users/nitsancohen/.bvm/versions/0.2.29/bit-0.2.29/node_modules/@teambit/legacy/bin/bit.js
    at Module._resolveFilename (node:internal/modules/cjs/loader:1072:15)
    at Module._load (node:internal/modules/cjs/loader:925:27)
    at Module.require (node:internal/modules/cjs/loader:1139:19)
    at require (node:internal/modules/helpers:121:18)
    at Object.&lt;anonymous&gt; (/Users/nitsancohen/.bvm/versions/0.2.29/bit-0.2.29/node_modules/@teambit/legacy/bin/bit.js:3:1)
    at Module._compile (node:internal/modules/cjs/loader:1257:14)
    at Module._extensions..js (node:internal/modules/cjs/loader:1311:10)
    at Module.load (node:internal/modules/cjs/loader:1115:32)
    at Module._load (node:internal/modules/cjs/loader:962:12)
    at Function.executeUserEntryPoint [as runMain] (node:internal/modules/run_main:83:12) {
  code: &apos;MODULE_NOT_FOUND&apos;,
  requireStack: [
    &apos;/Users/nitsancohen/.bvm/versions/0.2.29/bit-0.2.29/node_modules/@teambit/legacy/bin/bit.js&apos;
  ]
}

Node.js v20.3.1
" type="Error"><![CDATA[Error: Command failed: bit init
node:internal/modules/cjs/loader:1075
  throw err;
  ^

Error: Cannot find module '../node_modules/@teambit/bit/dist/app'
Require stack:
- /Users/nitsancohen/.bvm/versions/0.2.29/bit-0.2.29/node_modules/@teambit/legacy/bin/bit.js
    at Module._resolveFilename (node:internal/modules/cjs/loader:1072:15)
    at Module._load (node:internal/modules/cjs/loader:925:27)
    at Module.require (node:internal/modules/cjs/loader:1139:19)
    at require (node:internal/modules/helpers:121:18)
    at Object.<anonymous> (/Users/nitsancohen/.bvm/versions/0.2.29/bit-0.2.29/node_modules/@teambit/legacy/bin/bit.js:3:1)
    at Module._compile (node:internal/modules/cjs/loader:1257:14)
    at Module._extensions..js (node:internal/modules/cjs/loader:1311:10)
    at Module.load (node:internal/modules/cjs/loader:1115:32)
    at Module._load (node:internal/modules/cjs/loader:962:12)
    at Function.executeUserEntryPoint [as runMain] (node:internal/modules/run_main:83:12) {
  code: 'MODULE_NOT_FOUND',
  requireStack: [
    '/Users/nitsancohen/.bvm/versions/0.2.29/bit-0.2.29/node_modules/@teambit/legacy/bin/bit.js'
  ]
}

Node.js v20.3.1

    at checkExecSyncError (node:child_process:885:11)
    at Object.execSync (node:child_process:957:15)
    at CommandHelper.runCmd (src/e2e-helper/e2e-command-helper.ts:64:22)
    at ScopeHelper.initWorkspace (src/e2e-helper/e2e-scope-helper.ts:126:25)
    at ScopeHelper.reInitLocalScope (src/e2e-helper/e2e-scope-helper.ts:87:10)
    at Context.<anonymous> (e2e/harmony/extensions-config.e2e.3.ts:57:28)
    at processImmediate (node:internal/timers:478:21)]]></failure>
    </testcase>
  </testsuite>
  <testsuite name="changing config after the component had been cached" timestamp="2023-08-21T21:40:33" tests="1" file="/Users/nitsancohen/coding/my-bit/bit/e2e/harmony/extensions-config.e2e.3.ts" time="0.0610" failures="1">
    <testcase name="harmony extension config changing config after the component had been cached &quot;before all&quot; hook for &quot;should show the updated dependency data and not the old data from the cache&quot;" time="0.0610" classname="&quot;before all&quot; hook for &quot;should show the updated dependency data and not the old data from the cache&quot;">
      <failure message="Command failed: bit init
node:internal/modules/cjs/loader:1075
  throw err;
  ^

Error: Cannot find module &apos;../node_modules/@teambit/bit/dist/app&apos;
Require stack:
- /Users/nitsancohen/.bvm/versions/0.2.29/bit-0.2.29/node_modules/@teambit/legacy/bin/bit.js
    at Module._resolveFilename (node:internal/modules/cjs/loader:1072:15)
    at Module._load (node:internal/modules/cjs/loader:925:27)
    at Module.require (node:internal/modules/cjs/loader:1139:19)
    at require (node:internal/modules/helpers:121:18)
    at Object.&lt;anonymous&gt; (/Users/nitsancohen/.bvm/versions/0.2.29/bit-0.2.29/node_modules/@teambit/legacy/bin/bit.js:3:1)
    at Module._compile (node:internal/modules/cjs/loader:1257:14)
    at Module._extensions..js (node:internal/modules/cjs/loader:1311:10)
    at Module.load (node:internal/modules/cjs/loader:1115:32)
    at Module._load (node:internal/modules/cjs/loader:962:12)
    at Function.executeUserEntryPoint [as runMain] (node:internal/modules/run_main:83:12) {
  code: &apos;MODULE_NOT_FOUND&apos;,
  requireStack: [
    &apos;/Users/nitsancohen/.bvm/versions/0.2.29/bit-0.2.29/node_modules/@teambit/legacy/bin/bit.js&apos;
  ]
}

Node.js v20.3.1
" type="Error"><![CDATA[Error: Command failed: bit init
node:internal/modules/cjs/loader:1075
  throw err;
  ^

Error: Cannot find module '../node_modules/@teambit/bit/dist/app'
Require stack:
- /Users/nitsancohen/.bvm/versions/0.2.29/bit-0.2.29/node_modules/@teambit/legacy/bin/bit.js
    at Module._resolveFilename (node:internal/modules/cjs/loader:1072:15)
    at Module._load (node:internal/modules/cjs/loader:925:27)
    at Module.require (node:internal/modules/cjs/loader:1139:19)
    at require (node:internal/modules/helpers:121:18)
    at Object.<anonymous> (/Users/nitsancohen/.bvm/versions/0.2.29/bit-0.2.29/node_modules/@teambit/legacy/bin/bit.js:3:1)
    at Module._compile (node:internal/modules/cjs/loader:1257:14)
    at Module._extensions..js (node:internal/modules/cjs/loader:1311:10)
    at Module.load (node:internal/modules/cjs/loader:1115:32)
    at Module._load (node:internal/modules/cjs/loader:962:12)
    at Function.executeUserEntryPoint [as runMain] (node:internal/modules/run_main:83:12) {
  code: 'MODULE_NOT_FOUND',
  requireStack: [
    '/Users/nitsancohen/.bvm/versions/0.2.29/bit-0.2.29/node_modules/@teambit/legacy/bin/bit.js'
  ]
}

Node.js v20.3.1

    at checkExecSyncError (node:child_process:885:11)
    at Object.execSync (node:child_process:957:15)
    at CommandHelper.runCmd (src/e2e-helper/e2e-command-helper.ts:64:22)
    at ScopeHelper.initWorkspace (src/e2e-helper/e2e-scope-helper.ts:126:25)
    at ScopeHelper.reInitLocalScope (src/e2e-helper/e2e-scope-helper.ts:87:10)
    at Context.<anonymous> (e2e/harmony/extensions-config.e2e.3.ts:239:26)
    at processImmediate (node:internal/timers:478:21)]]></failure>
    </testcase>
  </testsuite>
  <testsuite name="bit fork command" timestamp="2023-08-21T21:40:34" tests="0" file="/Users/nitsancohen/coding/my-bit/bit/e2e/harmony/fork.e2e.ts" time="0.0600" failures="1">
    <testcase name="bit fork command &quot;before all&quot; hook in &quot;bit fork command&quot;" time="0.0600" classname="&quot;before all&quot; hook in &quot;bit fork command&quot;">
      <failure message="Command failed: bit init
node:internal/modules/cjs/loader:1075
  throw err;
  ^

Error: Cannot find module &apos;../node_modules/@teambit/bit/dist/app&apos;
Require stack:
- /Users/nitsancohen/.bvm/versions/0.2.29/bit-0.2.29/node_modules/@teambit/legacy/bin/bit.js
    at Module._resolveFilename (node:internal/modules/cjs/loader:1072:15)
    at Module._load (node:internal/modules/cjs/loader:925:27)
    at Module.require (node:internal/modules/cjs/loader:1139:19)
    at require (node:internal/modules/helpers:121:18)
    at Object.&lt;anonymous&gt; (/Users/nitsancohen/.bvm/versions/0.2.29/bit-0.2.29/node_modules/@teambit/legacy/bin/bit.js:3:1)
    at Module._compile (node:internal/modules/cjs/loader:1257:14)
    at Module._extensions..js (node:internal/modules/cjs/loader:1311:10)
    at Module.load (node:internal/modules/cjs/loader:1115:32)
    at Module._load (node:internal/modules/cjs/loader:962:12)
    at Function.executeUserEntryPoint [as runMain] (node:internal/modules/run_main:83:12) {
  code: &apos;MODULE_NOT_FOUND&apos;,
  requireStack: [
    &apos;/Users/nitsancohen/.bvm/versions/0.2.29/bit-0.2.29/node_modules/@teambit/legacy/bin/bit.js&apos;
  ]
}

Node.js v20.3.1
" type="Error"><![CDATA[Error: Command failed: bit init
node:internal/modules/cjs/loader:1075
  throw err;
  ^

Error: Cannot find module '../node_modules/@teambit/bit/dist/app'
Require stack:
- /Users/nitsancohen/.bvm/versions/0.2.29/bit-0.2.29/node_modules/@teambit/legacy/bin/bit.js
    at Module._resolveFilename (node:internal/modules/cjs/loader:1072:15)
    at Module._load (node:internal/modules/cjs/loader:925:27)
    at Module.require (node:internal/modules/cjs/loader:1139:19)
    at require (node:internal/modules/helpers:121:18)
    at Object.<anonymous> (/Users/nitsancohen/.bvm/versions/0.2.29/bit-0.2.29/node_modules/@teambit/legacy/bin/bit.js:3:1)
    at Module._compile (node:internal/modules/cjs/loader:1257:14)
    at Module._extensions..js (node:internal/modules/cjs/loader:1311:10)
    at Module.load (node:internal/modules/cjs/loader:1115:32)
    at Module._load (node:internal/modules/cjs/loader:962:12)
    at Function.executeUserEntryPoint [as runMain] (node:internal/modules/run_main:83:12) {
  code: 'MODULE_NOT_FOUND',
  requireStack: [
    '/Users/nitsancohen/.bvm/versions/0.2.29/bit-0.2.29/node_modules/@teambit/legacy/bin/bit.js'
  ]
}

Node.js v20.3.1

    at checkExecSyncError (node:child_process:885:11)
    at Object.execSync (node:child_process:957:15)
    at CommandHelper.runCmd (src/e2e-helper/e2e-command-helper.ts:64:22)
    at ScopeHelper.initWorkspace (src/e2e-helper/e2e-scope-helper.ts:126:25)
    at ScopeHelper.reInitLocalScope (src/e2e-helper/e2e-scope-helper.ts:87:10)
    at ScopeHelper.setNewLocalAndRemoteScopes (src/e2e-helper/e2e-scope-helper.ts:141:10)
    at Context.<anonymous> (e2e/harmony/fork.e2e.ts:10:24)
    at processImmediate (node:internal/timers:478:21)]]></failure>
    </testcase>
  </testsuite>
  <testsuite name="graph aspect" timestamp="2023-08-21T21:40:34" tests="0" file="/Users/nitsancohen/coding/my-bit/bit/e2e/harmony/graph-harmony.e2e.ts" time="0.0000" failures="0">
  </testsuite>
  <testsuite name="tag a few components" timestamp="2023-08-21T21:40:34" tests="0" file="/Users/nitsancohen/coding/my-bit/bit/e2e/harmony/graph-harmony.e2e.ts" time="0.0590" failures="1">
    <testcase name="graph aspect tag a few components &quot;before all&quot; hook in &quot;tag a few components&quot;" time="0.0590" classname="&quot;before all&quot; hook in &quot;tag a few components&quot;">
      <failure message="Command failed: bit init
node:internal/modules/cjs/loader:1075
  throw err;
  ^

Error: Cannot find module &apos;../node_modules/@teambit/bit/dist/app&apos;
Require stack:
- /Users/nitsancohen/.bvm/versions/0.2.29/bit-0.2.29/node_modules/@teambit/legacy/bin/bit.js
    at Module._resolveFilename (node:internal/modules/cjs/loader:1072:15)
    at Module._load (node:internal/modules/cjs/loader:925:27)
    at Module.require (node:internal/modules/cjs/loader:1139:19)
    at require (node:internal/modules/helpers:121:18)
    at Object.&lt;anonymous&gt; (/Users/nitsancohen/.bvm/versions/0.2.29/bit-0.2.29/node_modules/@teambit/legacy/bin/bit.js:3:1)
    at Module._compile (node:internal/modules/cjs/loader:1257:14)
    at Module._extensions..js (node:internal/modules/cjs/loader:1311:10)
    at Module.load (node:internal/modules/cjs/loader:1115:32)
    at Module._load (node:internal/modules/cjs/loader:962:12)
    at Function.executeUserEntryPoint [as runMain] (node:internal/modules/run_main:83:12) {
  code: &apos;MODULE_NOT_FOUND&apos;,
  requireStack: [
    &apos;/Users/nitsancohen/.bvm/versions/0.2.29/bit-0.2.29/node_modules/@teambit/legacy/bin/bit.js&apos;
  ]
}

Node.js v20.3.1
" type="Error"><![CDATA[Error: Command failed: bit init
node:internal/modules/cjs/loader:1075
  throw err;
  ^

Error: Cannot find module '../node_modules/@teambit/bit/dist/app'
Require stack:
- /Users/nitsancohen/.bvm/versions/0.2.29/bit-0.2.29/node_modules/@teambit/legacy/bin/bit.js
    at Module._resolveFilename (node:internal/modules/cjs/loader:1072:15)
    at Module._load (node:internal/modules/cjs/loader:925:27)
    at Module.require (node:internal/modules/cjs/loader:1139:19)
    at require (node:internal/modules/helpers:121:18)
    at Object.<anonymous> (/Users/nitsancohen/.bvm/versions/0.2.29/bit-0.2.29/node_modules/@teambit/legacy/bin/bit.js:3:1)
    at Module._compile (node:internal/modules/cjs/loader:1257:14)
    at Module._extensions..js (node:internal/modules/cjs/loader:1311:10)
    at Module.load (node:internal/modules/cjs/loader:1115:32)
    at Module._load (node:internal/modules/cjs/loader:962:12)
    at Function.executeUserEntryPoint [as runMain] (node:internal/modules/run_main:83:12) {
  code: 'MODULE_NOT_FOUND',
  requireStack: [
    '/Users/nitsancohen/.bvm/versions/0.2.29/bit-0.2.29/node_modules/@teambit/legacy/bin/bit.js'
  ]
}

Node.js v20.3.1

    at checkExecSyncError (node:child_process:885:11)
    at Object.execSync (node:child_process:957:15)
    at CommandHelper.runCmd (src/e2e-helper/e2e-command-helper.ts:64:22)
    at ScopeHelper.initWorkspace (src/e2e-helper/e2e-scope-helper.ts:126:25)
    at ScopeHelper.reInitLocalScope (src/e2e-helper/e2e-scope-helper.ts:87:10)
    at ScopeHelper.setNewLocalAndRemoteScopes (src/e2e-helper/e2e-scope-helper.ts:141:10)
    at Context.<anonymous> (e2e/harmony/graph-harmony.e2e.ts:23:26)
    at processImmediate (node:internal/timers:478:21)]]></failure>
    </testcase>
  </testsuite>
  <testsuite name="workspace aspect" timestamp="2023-08-21T21:40:34" tests="0" file="/Users/nitsancohen/coding/my-bit/bit/e2e/harmony/harmony-workspace.e2e.ts" time="0.0000" failures="0">
  </testsuite>
  <testsuite name="tag a component twice" timestamp="2023-08-21T21:40:34" tests="0" file="/Users/nitsancohen/coding/my-bit/bit/e2e/harmony/harmony-workspace.e2e.ts" time="0.0600" failures="1">
    <testcase name="workspace aspect tag a component twice &quot;before all&quot; hook in &quot;tag a component twice&quot;" time="0.0600" classname="&quot;before all&quot; hook in &quot;tag a component twice&quot;">
      <failure message="Command failed: bit init
node:internal/modules/cjs/loader:1075
  throw err;
  ^

Error: Cannot find module &apos;../node_modules/@teambit/bit/dist/app&apos;
Require stack:
- /Users/nitsancohen/.bvm/versions/0.2.29/bit-0.2.29/node_modules/@teambit/legacy/bin/bit.js
    at Module._resolveFilename (node:internal/modules/cjs/loader:1072:15)
    at Module._load (node:internal/modules/cjs/loader:925:27)
    at Module.require (node:internal/modules/cjs/loader:1139:19)
    at require (node:internal/modules/helpers:121:18)
    at Object.&lt;anonymous&gt; (/Users/nitsancohen/.bvm/versions/0.2.29/bit-0.2.29/node_modules/@teambit/legacy/bin/bit.js:3:1)
    at Module._compile (node:internal/modules/cjs/loader:1257:14)
    at Module._extensions..js (node:internal/modules/cjs/loader:1311:10)
    at Module.load (node:internal/modules/cjs/loader:1115:32)
    at Module._load (node:internal/modules/cjs/loader:962:12)
    at Function.executeUserEntryPoint [as runMain] (node:internal/modules/run_main:83:12) {
  code: &apos;MODULE_NOT_FOUND&apos;,
  requireStack: [
    &apos;/Users/nitsancohen/.bvm/versions/0.2.29/bit-0.2.29/node_modules/@teambit/legacy/bin/bit.js&apos;
  ]
}

Node.js v20.3.1
" type="Error"><![CDATA[Error: Command failed: bit init
node:internal/modules/cjs/loader:1075
  throw err;
  ^

Error: Cannot find module '../node_modules/@teambit/bit/dist/app'
Require stack:
- /Users/nitsancohen/.bvm/versions/0.2.29/bit-0.2.29/node_modules/@teambit/legacy/bin/bit.js
    at Module._resolveFilename (node:internal/modules/cjs/loader:1072:15)
    at Module._load (node:internal/modules/cjs/loader:925:27)
    at Module.require (node:internal/modules/cjs/loader:1139:19)
    at require (node:internal/modules/helpers:121:18)
    at Object.<anonymous> (/Users/nitsancohen/.bvm/versions/0.2.29/bit-0.2.29/node_modules/@teambit/legacy/bin/bit.js:3:1)
    at Module._compile (node:internal/modules/cjs/loader:1257:14)
    at Module._extensions..js (node:internal/modules/cjs/loader:1311:10)
    at Module.load (node:internal/modules/cjs/loader:1115:32)
    at Module._load (node:internal/modules/cjs/loader:962:12)
    at Function.executeUserEntryPoint [as runMain] (node:internal/modules/run_main:83:12) {
  code: 'MODULE_NOT_FOUND',
  requireStack: [
    '/Users/nitsancohen/.bvm/versions/0.2.29/bit-0.2.29/node_modules/@teambit/legacy/bin/bit.js'
  ]
}

Node.js v20.3.1

    at checkExecSyncError (node:child_process:885:11)
    at Object.execSync (node:child_process:957:15)
    at CommandHelper.runCmd (src/e2e-helper/e2e-command-helper.ts:64:22)
    at ScopeHelper.initWorkspace (src/e2e-helper/e2e-scope-helper.ts:126:25)
    at ScopeHelper.reInitLocalScope (src/e2e-helper/e2e-scope-helper.ts:87:10)
    at ScopeHelper.setNewLocalAndRemoteScopes (src/e2e-helper/e2e-scope-helper.ts:141:10)
    at Context.<anonymous> (e2e/harmony/harmony-workspace.e2e.ts:23:26)
    at processImmediate (node:internal/timers:478:21)]]></failure>
    </testcase>
  </testsuite>
  <testsuite name="http protocol" timestamp="2023-08-21T21:40:34" tests="0" file="/Users/nitsancohen/coding/my-bit/bit/e2e/harmony/http.e2e.ts" time="0.0000" failures="0">
  </testsuite>
  <testsuite name="export lane" timestamp="2023-08-21T21:40:34" tests="6" file="/Users/nitsancohen/coding/my-bit/bit/e2e/harmony/http.e2e.ts" time="0.0630" failures="2">
    <testcase name="http protocol export lane &quot;before all&quot; hook for &quot;lane list -r --json should show the remote lanes&quot;" time="0.0630" classname="&quot;before all&quot; hook for &quot;lane list -r --json should show the remote lanes&quot;">
      <failure message="Command failed: bit init
node:internal/modules/cjs/loader:1075
  throw err;
  ^

Error: Cannot find module &apos;../node_modules/@teambit/bit/dist/app&apos;
Require stack:
- /Users/nitsancohen/.bvm/versions/0.2.29/bit-0.2.29/node_modules/@teambit/legacy/bin/bit.js
    at Module._resolveFilename (node:internal/modules/cjs/loader:1072:15)
    at Module._load (node:internal/modules/cjs/loader:925:27)
    at Module.require (node:internal/modules/cjs/loader:1139:19)
    at require (node:internal/modules/helpers:121:18)
    at Object.&lt;anonymous&gt; (/Users/nitsancohen/.bvm/versions/0.2.29/bit-0.2.29/node_modules/@teambit/legacy/bin/bit.js:3:1)
    at Module._compile (node:internal/modules/cjs/loader:1257:14)
    at Module._extensions..js (node:internal/modules/cjs/loader:1311:10)
    at Module.load (node:internal/modules/cjs/loader:1115:32)
    at Module._load (node:internal/modules/cjs/loader:962:12)
    at Function.executeUserEntryPoint [as runMain] (node:internal/modules/run_main:83:12) {
  code: &apos;MODULE_NOT_FOUND&apos;,
  requireStack: [
    &apos;/Users/nitsancohen/.bvm/versions/0.2.29/bit-0.2.29/node_modules/@teambit/legacy/bin/bit.js&apos;
  ]
}

Node.js v20.3.1
" type="Error"><![CDATA[Error: Command failed: bit init
node:internal/modules/cjs/loader:1075
  throw err;
  ^

Error: Cannot find module '../node_modules/@teambit/bit/dist/app'
Require stack:
- /Users/nitsancohen/.bvm/versions/0.2.29/bit-0.2.29/node_modules/@teambit/legacy/bin/bit.js
    at Module._resolveFilename (node:internal/modules/cjs/loader:1072:15)
    at Module._load (node:internal/modules/cjs/loader:925:27)
    at Module.require (node:internal/modules/cjs/loader:1139:19)
    at require (node:internal/modules/helpers:121:18)
    at Object.<anonymous> (/Users/nitsancohen/.bvm/versions/0.2.29/bit-0.2.29/node_modules/@teambit/legacy/bin/bit.js:3:1)
    at Module._compile (node:internal/modules/cjs/loader:1257:14)
    at Module._extensions..js (node:internal/modules/cjs/loader:1311:10)
    at Module.load (node:internal/modules/cjs/loader:1115:32)
    at Module._load (node:internal/modules/cjs/loader:962:12)
    at Function.executeUserEntryPoint [as runMain] (node:internal/modules/run_main:83:12) {
  code: 'MODULE_NOT_FOUND',
  requireStack: [
    '/Users/nitsancohen/.bvm/versions/0.2.29/bit-0.2.29/node_modules/@teambit/legacy/bin/bit.js'
  ]
}

Node.js v20.3.1

    at checkExecSyncError (node:child_process:885:11)
    at Object.execSync (node:child_process:957:15)
    at CommandHelper.runCmd (src/e2e-helper/e2e-command-helper.ts:64:22)
    at ScopeHelper.initWorkspace (src/e2e-helper/e2e-scope-helper.ts:126:25)
    at ScopeHelper.reInitLocalScope (src/e2e-helper/e2e-scope-helper.ts:87:10)
    at ScopeHelper.setNewLocalAndRemoteScopes (src/e2e-helper/e2e-scope-helper.ts:141:10)
    at Context.<anonymous> (e2e/harmony/http.e2e.ts:21:26)
    at processImmediate (node:internal/timers:478:21)]]></failure>
    </testcase>
    <testcase name="http protocol export lane &quot;after all&quot; hook for &quot;bit lane remove -r of a non-existing lane should throw a descriptive error&quot;" time="0.0000" classname="&quot;after all&quot; hook for &quot;bit lane remove -r of a non-existing lane should throw a descriptive error&quot;">
      <failure message="Cannot read properties of undefined (reading &apos;kill&apos;)" type="TypeError"><![CDATA[TypeError: Cannot read properties of undefined (reading 'kill')
    at HttpHelper.killHttp (e2e/http-helper.ts:62:24)
    at Context.<anonymous> (e2e/harmony/http.e2e.ts:61:18)
    at processImmediate (node:internal/timers:478:21)]]></failure>
    </testcase>
  </testsuite>
  <testsuite name="export with removed components" timestamp="2023-08-21T21:40:34" tests="1" file="/Users/nitsancohen/coding/my-bit/bit/e2e/harmony/http.e2e.ts" time="0.0590" failures="2">
    <testcase name="http protocol export with removed components &quot;before all&quot; hook for &quot;bit list -r should show not show the removed component&quot;" time="0.0590" classname="&quot;before all&quot; hook for &quot;bit list -r should show not show the removed component&quot;">
      <failure message="Command failed: bit init
node:internal/modules/cjs/loader:1075
  throw err;
  ^

Error: Cannot find module &apos;../node_modules/@teambit/bit/dist/app&apos;
Require stack:
- /Users/nitsancohen/.bvm/versions/0.2.29/bit-0.2.29/node_modules/@teambit/legacy/bin/bit.js
    at Module._resolveFilename (node:internal/modules/cjs/loader:1072:15)
    at Module._load (node:internal/modules/cjs/loader:925:27)
    at Module.require (node:internal/modules/cjs/loader:1139:19)
    at require (node:internal/modules/helpers:121:18)
    at Object.&lt;anonymous&gt; (/Users/nitsancohen/.bvm/versions/0.2.29/bit-0.2.29/node_modules/@teambit/legacy/bin/bit.js:3:1)
    at Module._compile (node:internal/modules/cjs/loader:1257:14)
    at Module._extensions..js (node:internal/modules/cjs/loader:1311:10)
    at Module.load (node:internal/modules/cjs/loader:1115:32)
    at Module._load (node:internal/modules/cjs/loader:962:12)
    at Function.executeUserEntryPoint [as runMain] (node:internal/modules/run_main:83:12) {
  code: &apos;MODULE_NOT_FOUND&apos;,
  requireStack: [
    &apos;/Users/nitsancohen/.bvm/versions/0.2.29/bit-0.2.29/node_modules/@teambit/legacy/bin/bit.js&apos;
  ]
}

Node.js v20.3.1
" type="Error"><![CDATA[Error: Command failed: bit init
node:internal/modules/cjs/loader:1075
  throw err;
  ^

Error: Cannot find module '../node_modules/@teambit/bit/dist/app'
Require stack:
- /Users/nitsancohen/.bvm/versions/0.2.29/bit-0.2.29/node_modules/@teambit/legacy/bin/bit.js
    at Module._resolveFilename (node:internal/modules/cjs/loader:1072:15)
    at Module._load (node:internal/modules/cjs/loader:925:27)
    at Module.require (node:internal/modules/cjs/loader:1139:19)
    at require (node:internal/modules/helpers:121:18)
    at Object.<anonymous> (/Users/nitsancohen/.bvm/versions/0.2.29/bit-0.2.29/node_modules/@teambit/legacy/bin/bit.js:3:1)
    at Module._compile (node:internal/modules/cjs/loader:1257:14)
    at Module._extensions..js (node:internal/modules/cjs/loader:1311:10)
    at Module.load (node:internal/modules/cjs/loader:1115:32)
    at Module._load (node:internal/modules/cjs/loader:962:12)
    at Function.executeUserEntryPoint [as runMain] (node:internal/modules/run_main:83:12) {
  code: 'MODULE_NOT_FOUND',
  requireStack: [
    '/Users/nitsancohen/.bvm/versions/0.2.29/bit-0.2.29/node_modules/@teambit/legacy/bin/bit.js'
  ]
}

Node.js v20.3.1

    at checkExecSyncError (node:child_process:885:11)
    at Object.execSync (node:child_process:957:15)
    at CommandHelper.runCmd (src/e2e-helper/e2e-command-helper.ts:64:22)
    at ScopeHelper.initWorkspace (src/e2e-helper/e2e-scope-helper.ts:126:25)
    at ScopeHelper.reInitLocalScope (src/e2e-helper/e2e-scope-helper.ts:87:10)
    at ScopeHelper.setNewLocalAndRemoteScopes (src/e2e-helper/e2e-scope-helper.ts:141:10)
    at Context.<anonymous> (e2e/harmony/http.e2e.ts:67:26)
    at processImmediate (node:internal/timers:478:21)]]></failure>
    </testcase>
    <testcase name="http protocol export with removed components &quot;after all&quot; hook for &quot;bit list -r should show not show the removed component&quot;" time="0.0000" classname="&quot;after all&quot; hook for &quot;bit list -r should show not show the removed component&quot;">
      <failure message="Cannot read properties of undefined (reading &apos;kill&apos;)" type="TypeError"><![CDATA[TypeError: Cannot read properties of undefined (reading 'kill')
    at HttpHelper.killHttp (e2e/http-helper.ts:62:24)
    at Context.<anonymous> (e2e/harmony/http.e2e.ts:84:18)
    at processImmediate (node:internal/timers:478:21)]]></failure>
    </testcase>
  </testsuite>
  <testsuite name="export" timestamp="2023-08-21T21:40:34" tests="1" file="/Users/nitsancohen/coding/my-bit/bit/e2e/harmony/http.e2e.ts" time="0.0600" failures="2">
    <testcase name="http protocol export &quot;before all&quot; hook for &quot;should export successfully&quot;" time="0.0600" classname="&quot;before all&quot; hook for &quot;should export successfully&quot;">
      <failure message="Command failed: bit init
node:internal/modules/cjs/loader:1075
  throw err;
  ^

Error: Cannot find module &apos;../node_modules/@teambit/bit/dist/app&apos;
Require stack:
- /Users/nitsancohen/.bvm/versions/0.2.29/bit-0.2.29/node_modules/@teambit/legacy/bin/bit.js
    at Module._resolveFilename (node:internal/modules/cjs/loader:1072:15)
    at Module._load (node:internal/modules/cjs/loader:925:27)
    at Module.require (node:internal/modules/cjs/loader:1139:19)
    at require (node:internal/modules/helpers:121:18)
    at Object.&lt;anonymous&gt; (/Users/nitsancohen/.bvm/versions/0.2.29/bit-0.2.29/node_modules/@teambit/legacy/bin/bit.js:3:1)
    at Module._compile (node:internal/modules/cjs/loader:1257:14)
    at Module._extensions..js (node:internal/modules/cjs/loader:1311:10)
    at Module.load (node:internal/modules/cjs/loader:1115:32)
    at Module._load (node:internal/modules/cjs/loader:962:12)
    at Function.executeUserEntryPoint [as runMain] (node:internal/modules/run_main:83:12) {
  code: &apos;MODULE_NOT_FOUND&apos;,
  requireStack: [
    &apos;/Users/nitsancohen/.bvm/versions/0.2.29/bit-0.2.29/node_modules/@teambit/legacy/bin/bit.js&apos;
  ]
}

Node.js v20.3.1
" type="Error"><![CDATA[Error: Command failed: bit init
node:internal/modules/cjs/loader:1075
  throw err;
  ^

Error: Cannot find module '../node_modules/@teambit/bit/dist/app'
Require stack:
- /Users/nitsancohen/.bvm/versions/0.2.29/bit-0.2.29/node_modules/@teambit/legacy/bin/bit.js
    at Module._resolveFilename (node:internal/modules/cjs/loader:1072:15)
    at Module._load (node:internal/modules/cjs/loader:925:27)
    at Module.require (node:internal/modules/cjs/loader:1139:19)
    at require (node:internal/modules/helpers:121:18)
    at Object.<anonymous> (/Users/nitsancohen/.bvm/versions/0.2.29/bit-0.2.29/node_modules/@teambit/legacy/bin/bit.js:3:1)
    at Module._compile (node:internal/modules/cjs/loader:1257:14)
    at Module._extensions..js (node:internal/modules/cjs/loader:1311:10)
    at Module.load (node:internal/modules/cjs/loader:1115:32)
    at Module._load (node:internal/modules/cjs/loader:962:12)
    at Function.executeUserEntryPoint [as runMain] (node:internal/modules/run_main:83:12) {
  code: 'MODULE_NOT_FOUND',
  requireStack: [
    '/Users/nitsancohen/.bvm/versions/0.2.29/bit-0.2.29/node_modules/@teambit/legacy/bin/bit.js'
  ]
}

Node.js v20.3.1

    at checkExecSyncError (node:child_process:885:11)
    at Object.execSync (node:child_process:957:15)
    at CommandHelper.runCmd (src/e2e-helper/e2e-command-helper.ts:64:22)
    at ScopeHelper.initWorkspace (src/e2e-helper/e2e-scope-helper.ts:126:25)
    at ScopeHelper.reInitLocalScope (src/e2e-helper/e2e-scope-helper.ts:87:10)
    at ScopeHelper.setNewLocalAndRemoteScopes (src/e2e-helper/e2e-scope-helper.ts:141:10)
    at Context.<anonymous> (e2e/harmony/http.e2e.ts:92:26)
    at processImmediate (node:internal/timers:478:21)]]></failure>
    </testcase>
    <testcase name="http protocol export &quot;after all&quot; hook for &quot;should export successfully&quot;" time="0.0000" classname="&quot;after all&quot; hook for &quot;should export successfully&quot;">
      <failure message="Cannot read properties of undefined (reading &apos;kill&apos;)" type="TypeError"><![CDATA[TypeError: Cannot read properties of undefined (reading 'kill')
    at HttpHelper.killHttp (e2e/http-helper.ts:62:24)
    at Context.<anonymous> (e2e/harmony/http.e2e.ts:102:18)
    at processImmediate (node:internal/timers:478:21)]]></failure>
    </testcase>
  </testsuite>
  <testsuite name="import functionality on Harmony" timestamp="2023-08-21T21:40:34" tests="0" file="/Users/nitsancohen/coding/my-bit/bit/e2e/harmony/import-harmony.e2e.ts" time="0.0000" failures="0">
  </testsuite>
  <testsuite name="workspace with TS components" timestamp="2023-08-21T21:40:34" tests="0" file="/Users/nitsancohen/coding/my-bit/bit/e2e/harmony/import-harmony.e2e.ts" time="0.0600" failures="1">
    <testcase name="import functionality on Harmony workspace with TS components &quot;before all&quot; hook in &quot;workspace with TS components&quot;" time="0.0600" classname="&quot;before all&quot; hook in &quot;workspace with TS components&quot;">
      <failure message="Command failed: bit init
node:internal/modules/cjs/loader:1075
  throw err;
  ^

Error: Cannot find module &apos;../node_modules/@teambit/bit/dist/app&apos;
Require stack:
- /Users/nitsancohen/.bvm/versions/0.2.29/bit-0.2.29/node_modules/@teambit/legacy/bin/bit.js
    at Module._resolveFilename (node:internal/modules/cjs/loader:1072:15)
    at Module._load (node:internal/modules/cjs/loader:925:27)
    at Module.require (node:internal/modules/cjs/loader:1139:19)
    at require (node:internal/modules/helpers:121:18)
    at Object.&lt;anonymous&gt; (/Users/nitsancohen/.bvm/versions/0.2.29/bit-0.2.29/node_modules/@teambit/legacy/bin/bit.js:3:1)
    at Module._compile (node:internal/modules/cjs/loader:1257:14)
    at Module._extensions..js (node:internal/modules/cjs/loader:1311:10)
    at Module.load (node:internal/modules/cjs/loader:1115:32)
    at Module._load (node:internal/modules/cjs/loader:962:12)
    at Function.executeUserEntryPoint [as runMain] (node:internal/modules/run_main:83:12) {
  code: &apos;MODULE_NOT_FOUND&apos;,
  requireStack: [
    &apos;/Users/nitsancohen/.bvm/versions/0.2.29/bit-0.2.29/node_modules/@teambit/legacy/bin/bit.js&apos;
  ]
}

Node.js v20.3.1
" type="Error"><![CDATA[Error: Command failed: bit init
node:internal/modules/cjs/loader:1075
  throw err;
  ^

Error: Cannot find module '../node_modules/@teambit/bit/dist/app'
Require stack:
- /Users/nitsancohen/.bvm/versions/0.2.29/bit-0.2.29/node_modules/@teambit/legacy/bin/bit.js
    at Module._resolveFilename (node:internal/modules/cjs/loader:1072:15)
    at Module._load (node:internal/modules/cjs/loader:925:27)
    at Module.require (node:internal/modules/cjs/loader:1139:19)
    at require (node:internal/modules/helpers:121:18)
    at Object.<anonymous> (/Users/nitsancohen/.bvm/versions/0.2.29/bit-0.2.29/node_modules/@teambit/legacy/bin/bit.js:3:1)
    at Module._compile (node:internal/modules/cjs/loader:1257:14)
    at Module._extensions..js (node:internal/modules/cjs/loader:1311:10)
    at Module.load (node:internal/modules/cjs/loader:1115:32)
    at Module._load (node:internal/modules/cjs/loader:962:12)
    at Function.executeUserEntryPoint [as runMain] (node:internal/modules/run_main:83:12) {
  code: 'MODULE_NOT_FOUND',
  requireStack: [
    '/Users/nitsancohen/.bvm/versions/0.2.29/bit-0.2.29/node_modules/@teambit/legacy/bin/bit.js'
  ]
}

Node.js v20.3.1

    at checkExecSyncError (node:child_process:885:11)
    at Object.execSync (node:child_process:957:15)
    at CommandHelper.runCmd (src/e2e-helper/e2e-command-helper.ts:64:22)
    at ScopeHelper.initWorkspace (src/e2e-helper/e2e-scope-helper.ts:126:25)
    at ScopeHelper.reInitLocalScope (src/e2e-helper/e2e-scope-helper.ts:87:10)
    at ScopeHelper.setNewLocalAndRemoteScopes (src/e2e-helper/e2e-scope-helper.ts:141:10)
    at Context.<anonymous> (e2e/harmony/import-harmony.e2e.ts:22:26)
    at processImmediate (node:internal/timers:478:21)]]></failure>
    </testcase>
  </testsuite>
  <testsuite name="tag, export, clean scope objects, tag and export" timestamp="2023-08-21T21:40:34" tests="1" file="/Users/nitsancohen/coding/my-bit/bit/e2e/harmony/import-harmony.e2e.ts" time="0.0600" failures="1">
    <testcase name="import functionality on Harmony tag, export, clean scope objects, tag and export &quot;before all&quot; hook for &quot;should export with no errors about missing artifacts (pkg file) from the first tag&quot;" time="0.0600" classname="&quot;before all&quot; hook for &quot;should export with no errors about missing artifacts (pkg file) from the first tag&quot;">
      <failure message="Command failed: bit init
node:internal/modules/cjs/loader:1075
  throw err;
  ^

Error: Cannot find module &apos;../node_modules/@teambit/bit/dist/app&apos;
Require stack:
- /Users/nitsancohen/.bvm/versions/0.2.29/bit-0.2.29/node_modules/@teambit/legacy/bin/bit.js
    at Module._resolveFilename (node:internal/modules/cjs/loader:1072:15)
    at Module._load (node:internal/modules/cjs/loader:925:27)
    at Module.require (node:internal/modules/cjs/loader:1139:19)
    at require (node:internal/modules/helpers:121:18)
    at Object.&lt;anonymous&gt; (/Users/nitsancohen/.bvm/versions/0.2.29/bit-0.2.29/node_modules/@teambit/legacy/bin/bit.js:3:1)
    at Module._compile (node:internal/modules/cjs/loader:1257:14)
    at Module._extensions..js (node:internal/modules/cjs/loader:1311:10)
    at Module.load (node:internal/modules/cjs/loader:1115:32)
    at Module._load (node:internal/modules/cjs/loader:962:12)
    at Function.executeUserEntryPoint [as runMain] (node:internal/modules/run_main:83:12) {
  code: &apos;MODULE_NOT_FOUND&apos;,
  requireStack: [
    &apos;/Users/nitsancohen/.bvm/versions/0.2.29/bit-0.2.29/node_modules/@teambit/legacy/bin/bit.js&apos;
  ]
}

Node.js v20.3.1
" type="Error"><![CDATA[Error: Command failed: bit init
node:internal/modules/cjs/loader:1075
  throw err;
  ^

Error: Cannot find module '../node_modules/@teambit/bit/dist/app'
Require stack:
- /Users/nitsancohen/.bvm/versions/0.2.29/bit-0.2.29/node_modules/@teambit/legacy/bin/bit.js
    at Module._resolveFilename (node:internal/modules/cjs/loader:1072:15)
    at Module._load (node:internal/modules/cjs/loader:925:27)
    at Module.require (node:internal/modules/cjs/loader:1139:19)
    at require (node:internal/modules/helpers:121:18)
    at Object.<anonymous> (/Users/nitsancohen/.bvm/versions/0.2.29/bit-0.2.29/node_modules/@teambit/legacy/bin/bit.js:3:1)
    at Module._compile (node:internal/modules/cjs/loader:1257:14)
    at Module._extensions..js (node:internal/modules/cjs/loader:1311:10)
    at Module.load (node:internal/modules/cjs/loader:1115:32)
    at Module._load (node:internal/modules/cjs/loader:962:12)
    at Function.executeUserEntryPoint [as runMain] (node:internal/modules/run_main:83:12) {
  code: 'MODULE_NOT_FOUND',
  requireStack: [
    '/Users/nitsancohen/.bvm/versions/0.2.29/bit-0.2.29/node_modules/@teambit/legacy/bin/bit.js'
  ]
}

Node.js v20.3.1

    at checkExecSyncError (node:child_process:885:11)
    at Object.execSync (node:child_process:957:15)
    at CommandHelper.runCmd (src/e2e-helper/e2e-command-helper.ts:64:22)
    at ScopeHelper.initWorkspace (src/e2e-helper/e2e-scope-helper.ts:126:25)
    at ScopeHelper.reInitLocalScope (src/e2e-helper/e2e-scope-helper.ts:87:10)
    at ScopeHelper.setNewLocalAndRemoteScopes (src/e2e-helper/e2e-scope-helper.ts:141:10)
    at Context.<anonymous> (e2e/harmony/import-harmony.e2e.ts:128:26)
    at processImmediate (node:internal/timers:478:21)]]></failure>
    </testcase>
  </testsuite>
  <testsuite name="import delta (bit import without ids) when local is behind" timestamp="2023-08-21T21:40:34" tests="1" file="/Users/nitsancohen/coding/my-bit/bit/e2e/harmony/import-harmony.e2e.ts" time="0.0610" failures="1">
    <testcase name="import functionality on Harmony import delta (bit import without ids) when local is behind &quot;before all&quot; hook for &quot;should not fetch existing versions, only the missing&quot;" time="0.0610" classname="&quot;before all&quot; hook for &quot;should not fetch existing versions, only the missing&quot;">
      <failure message="Command failed: bit init
node:internal/modules/cjs/loader:1075
  throw err;
  ^

Error: Cannot find module &apos;../node_modules/@teambit/bit/dist/app&apos;
Require stack:
- /Users/nitsancohen/.bvm/versions/0.2.29/bit-0.2.29/node_modules/@teambit/legacy/bin/bit.js
    at Module._resolveFilename (node:internal/modules/cjs/loader:1072:15)
    at Module._load (node:internal/modules/cjs/loader:925:27)
    at Module.require (node:internal/modules/cjs/loader:1139:19)
    at require (node:internal/modules/helpers:121:18)
    at Object.&lt;anonymous&gt; (/Users/nitsancohen/.bvm/versions/0.2.29/bit-0.2.29/node_modules/@teambit/legacy/bin/bit.js:3:1)
    at Module._compile (node:internal/modules/cjs/loader:1257:14)
    at Module._extensions..js (node:internal/modules/cjs/loader:1311:10)
    at Module.load (node:internal/modules/cjs/loader:1115:32)
    at Module._load (node:internal/modules/cjs/loader:962:12)
    at Function.executeUserEntryPoint [as runMain] (node:internal/modules/run_main:83:12) {
  code: &apos;MODULE_NOT_FOUND&apos;,
  requireStack: [
    &apos;/Users/nitsancohen/.bvm/versions/0.2.29/bit-0.2.29/node_modules/@teambit/legacy/bin/bit.js&apos;
  ]
}

Node.js v20.3.1
" type="Error"><![CDATA[Error: Command failed: bit init
node:internal/modules/cjs/loader:1075
  throw err;
  ^

Error: Cannot find module '../node_modules/@teambit/bit/dist/app'
Require stack:
- /Users/nitsancohen/.bvm/versions/0.2.29/bit-0.2.29/node_modules/@teambit/legacy/bin/bit.js
    at Module._resolveFilename (node:internal/modules/cjs/loader:1072:15)
    at Module._load (node:internal/modules/cjs/loader:925:27)
    at Module.require (node:internal/modules/cjs/loader:1139:19)
    at require (node:internal/modules/helpers:121:18)
    at Object.<anonymous> (/Users/nitsancohen/.bvm/versions/0.2.29/bit-0.2.29/node_modules/@teambit/legacy/bin/bit.js:3:1)
    at Module._compile (node:internal/modules/cjs/loader:1257:14)
    at Module._extensions..js (node:internal/modules/cjs/loader:1311:10)
    at Module.load (node:internal/modules/cjs/loader:1115:32)
    at Module._load (node:internal/modules/cjs/loader:962:12)
    at Function.executeUserEntryPoint [as runMain] (node:internal/modules/run_main:83:12) {
  code: 'MODULE_NOT_FOUND',
  requireStack: [
    '/Users/nitsancohen/.bvm/versions/0.2.29/bit-0.2.29/node_modules/@teambit/legacy/bin/bit.js'
  ]
}

Node.js v20.3.1

    at checkExecSyncError (node:child_process:885:11)
    at Object.execSync (node:child_process:957:15)
    at CommandHelper.runCmd (src/e2e-helper/e2e-command-helper.ts:64:22)
    at ScopeHelper.initWorkspace (src/e2e-helper/e2e-scope-helper.ts:126:25)
    at ScopeHelper.reInitLocalScope (src/e2e-helper/e2e-scope-helper.ts:87:10)
    at ScopeHelper.setNewLocalAndRemoteScopes (src/e2e-helper/e2e-scope-helper.ts:141:10)
    at Context.<anonymous> (e2e/harmony/import-harmony.e2e.ts:145:26)
    at processImmediate (node:internal/timers:478:21)]]></failure>
    </testcase>
  </testsuite>
  <testsuite name="multiple components some are directory of others" timestamp="2023-08-21T21:40:34" tests="0" file="/Users/nitsancohen/coding/my-bit/bit/e2e/harmony/import-harmony.e2e.ts" time="0.0610" failures="1">
    <testcase name="import functionality on Harmony multiple components some are directory of others &quot;before all&quot; hook in &quot;multiple components some are directory of others&quot;" time="0.0610" classname="&quot;before all&quot; hook in &quot;multiple components some are directory of others&quot;">
      <failure message="Command failed: bit init
node:internal/modules/cjs/loader:1075
  throw err;
  ^

Error: Cannot find module &apos;../node_modules/@teambit/bit/dist/app&apos;
Require stack:
- /Users/nitsancohen/.bvm/versions/0.2.29/bit-0.2.29/node_modules/@teambit/legacy/bin/bit.js
    at Module._resolveFilename (node:internal/modules/cjs/loader:1072:15)
    at Module._load (node:internal/modules/cjs/loader:925:27)
    at Module.require (node:internal/modules/cjs/loader:1139:19)
    at require (node:internal/modules/helpers:121:18)
    at Object.&lt;anonymous&gt; (/Users/nitsancohen/.bvm/versions/0.2.29/bit-0.2.29/node_modules/@teambit/legacy/bin/bit.js:3:1)
    at Module._compile (node:internal/modules/cjs/loader:1257:14)
    at Module._extensions..js (node:internal/modules/cjs/loader:1311:10)
    at Module.load (node:internal/modules/cjs/loader:1115:32)
    at Module._load (node:internal/modules/cjs/loader:962:12)
    at Function.executeUserEntryPoint [as runMain] (node:internal/modules/run_main:83:12) {
  code: &apos;MODULE_NOT_FOUND&apos;,
  requireStack: [
    &apos;/Users/nitsancohen/.bvm/versions/0.2.29/bit-0.2.29/node_modules/@teambit/legacy/bin/bit.js&apos;
  ]
}

Node.js v20.3.1
" type="Error"><![CDATA[Error: Command failed: bit init
node:internal/modules/cjs/loader:1075
  throw err;
  ^

Error: Cannot find module '../node_modules/@teambit/bit/dist/app'
Require stack:
- /Users/nitsancohen/.bvm/versions/0.2.29/bit-0.2.29/node_modules/@teambit/legacy/bin/bit.js
    at Module._resolveFilename (node:internal/modules/cjs/loader:1072:15)
    at Module._load (node:internal/modules/cjs/loader:925:27)
    at Module.require (node:internal/modules/cjs/loader:1139:19)
    at require (node:internal/modules/helpers:121:18)
    at Object.<anonymous> (/Users/nitsancohen/.bvm/versions/0.2.29/bit-0.2.29/node_modules/@teambit/legacy/bin/bit.js:3:1)
    at Module._compile (node:internal/modules/cjs/loader:1257:14)
    at Module._extensions..js (node:internal/modules/cjs/loader:1311:10)
    at Module.load (node:internal/modules/cjs/loader:1115:32)
    at Module._load (node:internal/modules/cjs/loader:962:12)
    at Function.executeUserEntryPoint [as runMain] (node:internal/modules/run_main:83:12) {
  code: 'MODULE_NOT_FOUND',
  requireStack: [
    '/Users/nitsancohen/.bvm/versions/0.2.29/bit-0.2.29/node_modules/@teambit/legacy/bin/bit.js'
  ]
}

Node.js v20.3.1

    at checkExecSyncError (node:child_process:885:11)
    at Object.execSync (node:child_process:957:15)
    at CommandHelper.runCmd (src/e2e-helper/e2e-command-helper.ts:64:22)
    at ScopeHelper.initWorkspace (src/e2e-helper/e2e-scope-helper.ts:126:25)
    at ScopeHelper.reInitLocalScope (src/e2e-helper/e2e-scope-helper.ts:87:10)
    at ScopeHelper.setNewLocalAndRemoteScopes (src/e2e-helper/e2e-scope-helper.ts:141:10)
    at Context.<anonymous> (e2e/harmony/import-harmony.e2e.ts:169:26)
    at processImmediate (node:internal/timers:478:21)]]></failure>
    </testcase>
  </testsuite>
  <testsuite name="import and install components with pre-release versions" timestamp="2023-08-21T21:40:34" tests="0" file="/Users/nitsancohen/coding/my-bit/bit/e2e/harmony/import-harmony.e2e.ts" time="0.0600" failures="2">
    <testcase name="import functionality on Harmony import and install components with pre-release versions &quot;before all&quot; hook in &quot;import and install components with pre-release versions&quot;" time="0.0600" classname="&quot;before all&quot; hook in &quot;import and install components with pre-release versions&quot;">
      <failure message="Command failed: bit init
node:internal/modules/cjs/loader:1075
  throw err;
  ^

Error: Cannot find module &apos;../node_modules/@teambit/bit/dist/app&apos;
Require stack:
- /Users/nitsancohen/.bvm/versions/0.2.29/bit-0.2.29/node_modules/@teambit/legacy/bin/bit.js
    at Module._resolveFilename (node:internal/modules/cjs/loader:1072:15)
    at Module._load (node:internal/modules/cjs/loader:925:27)
    at Module.require (node:internal/modules/cjs/loader:1139:19)
    at require (node:internal/modules/helpers:121:18)
    at Object.&lt;anonymous&gt; (/Users/nitsancohen/.bvm/versions/0.2.29/bit-0.2.29/node_modules/@teambit/legacy/bin/bit.js:3:1)
    at Module._compile (node:internal/modules/cjs/loader:1257:14)
    at Module._extensions..js (node:internal/modules/cjs/loader:1311:10)
    at Module.load (node:internal/modules/cjs/loader:1115:32)
    at Module._load (node:internal/modules/cjs/loader:962:12)
    at Function.executeUserEntryPoint [as runMain] (node:internal/modules/run_main:83:12) {
  code: &apos;MODULE_NOT_FOUND&apos;,
  requireStack: [
    &apos;/Users/nitsancohen/.bvm/versions/0.2.29/bit-0.2.29/node_modules/@teambit/legacy/bin/bit.js&apos;
  ]
}

Node.js v20.3.1
" type="Error"><![CDATA[Error: Command failed: bit init
node:internal/modules/cjs/loader:1075
  throw err;
  ^

Error: Cannot find module '../node_modules/@teambit/bit/dist/app'
Require stack:
- /Users/nitsancohen/.bvm/versions/0.2.29/bit-0.2.29/node_modules/@teambit/legacy/bin/bit.js
    at Module._resolveFilename (node:internal/modules/cjs/loader:1072:15)
    at Module._load (node:internal/modules/cjs/loader:925:27)
    at Module.require (node:internal/modules/cjs/loader:1139:19)
    at require (node:internal/modules/helpers:121:18)
    at Object.<anonymous> (/Users/nitsancohen/.bvm/versions/0.2.29/bit-0.2.29/node_modules/@teambit/legacy/bin/bit.js:3:1)
    at Module._compile (node:internal/modules/cjs/loader:1257:14)
    at Module._extensions..js (node:internal/modules/cjs/loader:1311:10)
    at Module.load (node:internal/modules/cjs/loader:1115:32)
    at Module._load (node:internal/modules/cjs/loader:962:12)
    at Function.executeUserEntryPoint [as runMain] (node:internal/modules/run_main:83:12) {
  code: 'MODULE_NOT_FOUND',
  requireStack: [
    '/Users/nitsancohen/.bvm/versions/0.2.29/bit-0.2.29/node_modules/@teambit/legacy/bin/bit.js'
  ]
}

Node.js v20.3.1

    at checkExecSyncError (node:child_process:885:11)
    at Object.execSync (node:child_process:957:15)
    at CommandHelper.runCmd (src/e2e-helper/e2e-command-helper.ts:64:22)
    at ScopeHelper.initWorkspace (src/e2e-helper/e2e-scope-helper.ts:126:25)
    at ScopeHelper.reInitLocalScope (src/e2e-helper/e2e-scope-helper.ts:87:10)
    at ScopeHelper.setNewLocalAndRemoteScopes (src/e2e-helper/e2e-scope-helper.ts:141:10)
    at Context.<anonymous> (e2e/harmony/import-harmony.e2e.ts:219:28)
    at processImmediate (node:internal/timers:478:21)]]></failure>
    </testcase>
    <testcase name="import functionality on Harmony import and install components with pre-release versions &quot;after all&quot; hook in &quot;import and install components with pre-release versions&quot;" time="0.0000" classname="&quot;after all&quot; hook in &quot;import and install components with pre-release versions&quot;">
      <failure message="Cannot read properties of undefined (reading &apos;destroy&apos;)" type="TypeError"><![CDATA[TypeError: Cannot read properties of undefined (reading 'destroy')
    at Context.<anonymous> (e2e/harmony/import-harmony.e2e.ts:229:23)
    at processImmediate (node:internal/timers:478:21)]]></failure>
    </testcase>
  </testsuite>
  <testsuite name="changing the component default directory" timestamp="2023-08-21T21:40:34" tests="3" file="/Users/nitsancohen/coding/my-bit/bit/e2e/harmony/import-harmony.e2e.ts" time="0.0610" failures="1">
    <testcase name="import functionality on Harmony changing the component default directory &quot;before all&quot; hook for &quot;should import with no errors when defaultDirectory has &quot;{owner}&quot; placeholder&quot;" time="0.0610" classname="&quot;before all&quot; hook for &quot;should import with no errors when defaultDirectory has &quot;{owner}&quot; placeholder&quot;">
      <failure message="Command failed: bit init
node:internal/modules/cjs/loader:1075
  throw err;
  ^

Error: Cannot find module &apos;../node_modules/@teambit/bit/dist/app&apos;
Require stack:
- /Users/nitsancohen/.bvm/versions/0.2.29/bit-0.2.29/node_modules/@teambit/legacy/bin/bit.js
    at Module._resolveFilename (node:internal/modules/cjs/loader:1072:15)
    at Module._load (node:internal/modules/cjs/loader:925:27)
    at Module.require (node:internal/modules/cjs/loader:1139:19)
    at require (node:internal/modules/helpers:121:18)
    at Object.&lt;anonymous&gt; (/Users/nitsancohen/.bvm/versions/0.2.29/bit-0.2.29/node_modules/@teambit/legacy/bin/bit.js:3:1)
    at Module._compile (node:internal/modules/cjs/loader:1257:14)
    at Module._extensions..js (node:internal/modules/cjs/loader:1311:10)
    at Module.load (node:internal/modules/cjs/loader:1115:32)
    at Module._load (node:internal/modules/cjs/loader:962:12)
    at Function.executeUserEntryPoint [as runMain] (node:internal/modules/run_main:83:12) {
  code: &apos;MODULE_NOT_FOUND&apos;,
  requireStack: [
    &apos;/Users/nitsancohen/.bvm/versions/0.2.29/bit-0.2.29/node_modules/@teambit/legacy/bin/bit.js&apos;
  ]
}

Node.js v20.3.1
" type="Error"><![CDATA[Error: Command failed: bit init
node:internal/modules/cjs/loader:1075
  throw err;
  ^

Error: Cannot find module '../node_modules/@teambit/bit/dist/app'
Require stack:
- /Users/nitsancohen/.bvm/versions/0.2.29/bit-0.2.29/node_modules/@teambit/legacy/bin/bit.js
    at Module._resolveFilename (node:internal/modules/cjs/loader:1072:15)
    at Module._load (node:internal/modules/cjs/loader:925:27)
    at Module.require (node:internal/modules/cjs/loader:1139:19)
    at require (node:internal/modules/helpers:121:18)
    at Object.<anonymous> (/Users/nitsancohen/.bvm/versions/0.2.29/bit-0.2.29/node_modules/@teambit/legacy/bin/bit.js:3:1)
    at Module._compile (node:internal/modules/cjs/loader:1257:14)
    at Module._extensions..js (node:internal/modules/cjs/loader:1311:10)
    at Module.load (node:internal/modules/cjs/loader:1115:32)
    at Module._load (node:internal/modules/cjs/loader:962:12)
    at Function.executeUserEntryPoint [as runMain] (node:internal/modules/run_main:83:12) {
  code: 'MODULE_NOT_FOUND',
  requireStack: [
    '/Users/nitsancohen/.bvm/versions/0.2.29/bit-0.2.29/node_modules/@teambit/legacy/bin/bit.js'
  ]
}

Node.js v20.3.1

    at checkExecSyncError (node:child_process:885:11)
    at Object.execSync (node:child_process:957:15)
    at CommandHelper.runCmd (src/e2e-helper/e2e-command-helper.ts:64:22)
    at ScopeHelper.initWorkspace (src/e2e-helper/e2e-scope-helper.ts:126:25)
    at ScopeHelper.reInitLocalScope (src/e2e-helper/e2e-scope-helper.ts:87:10)
    at ScopeHelper.setNewLocalAndRemoteScopes (src/e2e-helper/e2e-scope-helper.ts:141:10)
    at Context.<anonymous> (e2e/harmony/import-harmony.e2e.ts:262:26)
    at processImmediate (node:internal/timers:478:21)]]></failure>
    </testcase>
  </testsuite>
  <testsuite name="importing a component with @types dependency when current workspace does not have it" timestamp="2023-08-21T21:40:34" tests="2" file="/Users/nitsancohen/coding/my-bit/bit/e2e/harmony/import-harmony.e2e.ts" time="0.0610" failures="1">
    <testcase name="import functionality on Harmony importing a component with @types dependency when current workspace does not have it &quot;before all&quot; hook for &quot;bit status should not show it as modified&quot;" time="0.0610" classname="&quot;before all&quot; hook for &quot;bit status should not show it as modified&quot;">
      <failure message="Command failed: bit init
node:internal/modules/cjs/loader:1075
  throw err;
  ^

Error: Cannot find module &apos;../node_modules/@teambit/bit/dist/app&apos;
Require stack:
- /Users/nitsancohen/.bvm/versions/0.2.29/bit-0.2.29/node_modules/@teambit/legacy/bin/bit.js
    at Module._resolveFilename (node:internal/modules/cjs/loader:1072:15)
    at Module._load (node:internal/modules/cjs/loader:925:27)
    at Module.require (node:internal/modules/cjs/loader:1139:19)
    at require (node:internal/modules/helpers:121:18)
    at Object.&lt;anonymous&gt; (/Users/nitsancohen/.bvm/versions/0.2.29/bit-0.2.29/node_modules/@teambit/legacy/bin/bit.js:3:1)
    at Module._compile (node:internal/modules/cjs/loader:1257:14)
    at Module._extensions..js (node:internal/modules/cjs/loader:1311:10)
    at Module.load (node:internal/modules/cjs/loader:1115:32)
    at Module._load (node:internal/modules/cjs/loader:962:12)
    at Function.executeUserEntryPoint [as runMain] (node:internal/modules/run_main:83:12) {
  code: &apos;MODULE_NOT_FOUND&apos;,
  requireStack: [
    &apos;/Users/nitsancohen/.bvm/versions/0.2.29/bit-0.2.29/node_modules/@teambit/legacy/bin/bit.js&apos;
  ]
}

Node.js v20.3.1
" type="Error"><![CDATA[Error: Command failed: bit init
node:internal/modules/cjs/loader:1075
  throw err;
  ^

Error: Cannot find module '../node_modules/@teambit/bit/dist/app'
Require stack:
- /Users/nitsancohen/.bvm/versions/0.2.29/bit-0.2.29/node_modules/@teambit/legacy/bin/bit.js
    at Module._resolveFilename (node:internal/modules/cjs/loader:1072:15)
    at Module._load (node:internal/modules/cjs/loader:925:27)
    at Module.require (node:internal/modules/cjs/loader:1139:19)
    at require (node:internal/modules/helpers:121:18)
    at Object.<anonymous> (/Users/nitsancohen/.bvm/versions/0.2.29/bit-0.2.29/node_modules/@teambit/legacy/bin/bit.js:3:1)
    at Module._compile (node:internal/modules/cjs/loader:1257:14)
    at Module._extensions..js (node:internal/modules/cjs/loader:1311:10)
    at Module.load (node:internal/modules/cjs/loader:1115:32)
    at Module._load (node:internal/modules/cjs/loader:962:12)
    at Function.executeUserEntryPoint [as runMain] (node:internal/modules/run_main:83:12) {
  code: 'MODULE_NOT_FOUND',
  requireStack: [
    '/Users/nitsancohen/.bvm/versions/0.2.29/bit-0.2.29/node_modules/@teambit/legacy/bin/bit.js'
  ]
}

Node.js v20.3.1

    at checkExecSyncError (node:child_process:885:11)
    at Object.execSync (node:child_process:957:15)
    at CommandHelper.runCmd (src/e2e-helper/e2e-command-helper.ts:64:22)
    at ScopeHelper.initWorkspace (src/e2e-helper/e2e-scope-helper.ts:126:25)
    at ScopeHelper.reInitLocalScope (src/e2e-helper/e2e-scope-helper.ts:87:10)
    at ScopeHelper.setNewLocalAndRemoteScopes (src/e2e-helper/e2e-scope-helper.ts:141:10)
    at Context.<anonymous> (e2e/harmony/import-harmony.e2e.ts:287:26)
    at processImmediate (node:internal/timers:478:21)]]></failure>
    </testcase>
  </testsuite>
  <testsuite name="with --track-only flag" timestamp="2023-08-21T21:40:34" tests="1" file="/Users/nitsancohen/coding/my-bit/bit/e2e/harmony/import-harmony.e2e.ts" time="0.0620" failures="1">
    <testcase name="import functionality on Harmony with --track-only flag &quot;before all&quot; hook for &quot;should only add the entries to the .bitmap without writing files&quot;" time="0.0620" classname="&quot;before all&quot; hook for &quot;should only add the entries to the .bitmap without writing files&quot;">
      <failure message="Command failed: bit init
node:internal/modules/cjs/loader:1075
  throw err;
  ^

Error: Cannot find module &apos;../node_modules/@teambit/bit/dist/app&apos;
Require stack:
- /Users/nitsancohen/.bvm/versions/0.2.29/bit-0.2.29/node_modules/@teambit/legacy/bin/bit.js
    at Module._resolveFilename (node:internal/modules/cjs/loader:1072:15)
    at Module._load (node:internal/modules/cjs/loader:925:27)
    at Module.require (node:internal/modules/cjs/loader:1139:19)
    at require (node:internal/modules/helpers:121:18)
    at Object.&lt;anonymous&gt; (/Users/nitsancohen/.bvm/versions/0.2.29/bit-0.2.29/node_modules/@teambit/legacy/bin/bit.js:3:1)
    at Module._compile (node:internal/modules/cjs/loader:1257:14)
    at Module._extensions..js (node:internal/modules/cjs/loader:1311:10)
    at Module.load (node:internal/modules/cjs/loader:1115:32)
    at Module._load (node:internal/modules/cjs/loader:962:12)
    at Function.executeUserEntryPoint [as runMain] (node:internal/modules/run_main:83:12) {
  code: &apos;MODULE_NOT_FOUND&apos;,
  requireStack: [
    &apos;/Users/nitsancohen/.bvm/versions/0.2.29/bit-0.2.29/node_modules/@teambit/legacy/bin/bit.js&apos;
  ]
}

Node.js v20.3.1
" type="Error"><![CDATA[Error: Command failed: bit init
node:internal/modules/cjs/loader:1075
  throw err;
  ^

Error: Cannot find module '../node_modules/@teambit/bit/dist/app'
Require stack:
- /Users/nitsancohen/.bvm/versions/0.2.29/bit-0.2.29/node_modules/@teambit/legacy/bin/bit.js
    at Module._resolveFilename (node:internal/modules/cjs/loader:1072:15)
    at Module._load (node:internal/modules/cjs/loader:925:27)
    at Module.require (node:internal/modules/cjs/loader:1139:19)
    at require (node:internal/modules/helpers:121:18)
    at Object.<anonymous> (/Users/nitsancohen/.bvm/versions/0.2.29/bit-0.2.29/node_modules/@teambit/legacy/bin/bit.js:3:1)
    at Module._compile (node:internal/modules/cjs/loader:1257:14)
    at Module._extensions..js (node:internal/modules/cjs/loader:1311:10)
    at Module.load (node:internal/modules/cjs/loader:1115:32)
    at Module._load (node:internal/modules/cjs/loader:962:12)
    at Function.executeUserEntryPoint [as runMain] (node:internal/modules/run_main:83:12) {
  code: 'MODULE_NOT_FOUND',
  requireStack: [
    '/Users/nitsancohen/.bvm/versions/0.2.29/bit-0.2.29/node_modules/@teambit/legacy/bin/bit.js'
  ]
}

Node.js v20.3.1

    at checkExecSyncError (node:child_process:885:11)
    at Object.execSync (node:child_process:957:15)
    at CommandHelper.runCmd (src/e2e-helper/e2e-command-helper.ts:64:22)
    at ScopeHelper.initWorkspace (src/e2e-helper/e2e-scope-helper.ts:126:25)
    at ScopeHelper.reInitLocalScope (src/e2e-helper/e2e-scope-helper.ts:87:10)
    at ScopeHelper.setNewLocalAndRemoteScopes (src/e2e-helper/e2e-scope-helper.ts:141:10)
    at Context.<anonymous> (e2e/harmony/import-harmony.e2e.ts:314:26)
    at processImmediate (node:internal/timers:478:21)]]></failure>
    </testcase>
  </testsuite>
  <testsuite name="importing internal files flow (component imports from a non-index file of another component)" timestamp="2023-08-21T21:40:34" tests="0" file="/Users/nitsancohen/coding/my-bit/bit/e2e/harmony/import-non-main-files.e2e.ts" time="0.0000" failures="0">
  </testsuite>
  <testsuite name="importing of a non-main .js file" timestamp="2023-08-21T21:40:34" tests="2" file="/Users/nitsancohen/coding/my-bit/bit/e2e/harmony/import-non-main-files.e2e.ts" time="0.0600" failures="1">
    <testcase name="importing internal files flow (component imports from a non-index file of another component) importing of a non-main .js file &quot;before all&quot; hook for &quot;bit status should show it as an invalid component&quot;" time="0.0600" classname="&quot;before all&quot; hook for &quot;bit status should show it as an invalid component&quot;">
      <failure message="Command failed: bit init
node:internal/modules/cjs/loader:1075
  throw err;
  ^

Error: Cannot find module &apos;../node_modules/@teambit/bit/dist/app&apos;
Require stack:
- /Users/nitsancohen/.bvm/versions/0.2.29/bit-0.2.29/node_modules/@teambit/legacy/bin/bit.js
    at Module._resolveFilename (node:internal/modules/cjs/loader:1072:15)
    at Module._load (node:internal/modules/cjs/loader:925:27)
    at Module.require (node:internal/modules/cjs/loader:1139:19)
    at require (node:internal/modules/helpers:121:18)
    at Object.&lt;anonymous&gt; (/Users/nitsancohen/.bvm/versions/0.2.29/bit-0.2.29/node_modules/@teambit/legacy/bin/bit.js:3:1)
    at Module._compile (node:internal/modules/cjs/loader:1257:14)
    at Module._extensions..js (node:internal/modules/cjs/loader:1311:10)
    at Module.load (node:internal/modules/cjs/loader:1115:32)
    at Module._load (node:internal/modules/cjs/loader:962:12)
    at Function.executeUserEntryPoint [as runMain] (node:internal/modules/run_main:83:12) {
  code: &apos;MODULE_NOT_FOUND&apos;,
  requireStack: [
    &apos;/Users/nitsancohen/.bvm/versions/0.2.29/bit-0.2.29/node_modules/@teambit/legacy/bin/bit.js&apos;
  ]
}

Node.js v20.3.1
" type="Error"><![CDATA[Error: Command failed: bit init
node:internal/modules/cjs/loader:1075
  throw err;
  ^

Error: Cannot find module '../node_modules/@teambit/bit/dist/app'
Require stack:
- /Users/nitsancohen/.bvm/versions/0.2.29/bit-0.2.29/node_modules/@teambit/legacy/bin/bit.js
    at Module._resolveFilename (node:internal/modules/cjs/loader:1072:15)
    at Module._load (node:internal/modules/cjs/loader:925:27)
    at Module.require (node:internal/modules/cjs/loader:1139:19)
    at require (node:internal/modules/helpers:121:18)
    at Object.<anonymous> (/Users/nitsancohen/.bvm/versions/0.2.29/bit-0.2.29/node_modules/@teambit/legacy/bin/bit.js:3:1)
    at Module._compile (node:internal/modules/cjs/loader:1257:14)
    at Module._extensions..js (node:internal/modules/cjs/loader:1311:10)
    at Module.load (node:internal/modules/cjs/loader:1115:32)
    at Module._load (node:internal/modules/cjs/loader:962:12)
    at Function.executeUserEntryPoint [as runMain] (node:internal/modules/run_main:83:12) {
  code: 'MODULE_NOT_FOUND',
  requireStack: [
    '/Users/nitsancohen/.bvm/versions/0.2.29/bit-0.2.29/node_modules/@teambit/legacy/bin/bit.js'
  ]
}

Node.js v20.3.1

    at checkExecSyncError (node:child_process:885:11)
    at Object.execSync (node:child_process:957:15)
    at CommandHelper.runCmd (src/e2e-helper/e2e-command-helper.ts:64:22)
    at ScopeHelper.initWorkspace (src/e2e-helper/e2e-scope-helper.ts:126:25)
    at ScopeHelper.reInitLocalScope (src/e2e-helper/e2e-scope-helper.ts:87:10)
    at ScopeHelper.setNewLocalAndRemoteScopes (src/e2e-helper/e2e-scope-helper.ts:141:10)
    at Context.<anonymous> (e2e/harmony/import-non-main-files.e2e.ts:18:26)
    at processImmediate (node:internal/timers:478:21)]]></failure>
    </testcase>
  </testsuite>
  <testsuite name="importing from a main file when the dependency was not compiled yet" timestamp="2023-08-21T21:40:34" tests="1" file="/Users/nitsancohen/coding/my-bit/bit/e2e/harmony/import-non-main-files.e2e.ts" time="0.0620" failures="1">
    <testcase name="importing internal files flow (component imports from a non-index file of another component) importing from a main file when the dependency was not compiled yet &quot;before all&quot; hook for &quot;should not show the import-non-main-file issue&quot;" time="0.0620" classname="&quot;before all&quot; hook for &quot;should not show the import-non-main-file issue&quot;">
      <failure message="Command failed: bit init
node:internal/modules/cjs/loader:1075
  throw err;
  ^

Error: Cannot find module &apos;../node_modules/@teambit/bit/dist/app&apos;
Require stack:
- /Users/nitsancohen/.bvm/versions/0.2.29/bit-0.2.29/node_modules/@teambit/legacy/bin/bit.js
    at Module._resolveFilename (node:internal/modules/cjs/loader:1072:15)
    at Module._load (node:internal/modules/cjs/loader:925:27)
    at Module.require (node:internal/modules/cjs/loader:1139:19)
    at require (node:internal/modules/helpers:121:18)
    at Object.&lt;anonymous&gt; (/Users/nitsancohen/.bvm/versions/0.2.29/bit-0.2.29/node_modules/@teambit/legacy/bin/bit.js:3:1)
    at Module._compile (node:internal/modules/cjs/loader:1257:14)
    at Module._extensions..js (node:internal/modules/cjs/loader:1311:10)
    at Module.load (node:internal/modules/cjs/loader:1115:32)
    at Module._load (node:internal/modules/cjs/loader:962:12)
    at Function.executeUserEntryPoint [as runMain] (node:internal/modules/run_main:83:12) {
  code: &apos;MODULE_NOT_FOUND&apos;,
  requireStack: [
    &apos;/Users/nitsancohen/.bvm/versions/0.2.29/bit-0.2.29/node_modules/@teambit/legacy/bin/bit.js&apos;
  ]
}

Node.js v20.3.1
" type="Error"><![CDATA[Error: Command failed: bit init
node:internal/modules/cjs/loader:1075
  throw err;
  ^

Error: Cannot find module '../node_modules/@teambit/bit/dist/app'
Require stack:
- /Users/nitsancohen/.bvm/versions/0.2.29/bit-0.2.29/node_modules/@teambit/legacy/bin/bit.js
    at Module._resolveFilename (node:internal/modules/cjs/loader:1072:15)
    at Module._load (node:internal/modules/cjs/loader:925:27)
    at Module.require (node:internal/modules/cjs/loader:1139:19)
    at require (node:internal/modules/helpers:121:18)
    at Object.<anonymous> (/Users/nitsancohen/.bvm/versions/0.2.29/bit-0.2.29/node_modules/@teambit/legacy/bin/bit.js:3:1)
    at Module._compile (node:internal/modules/cjs/loader:1257:14)
    at Module._extensions..js (node:internal/modules/cjs/loader:1311:10)
    at Module.load (node:internal/modules/cjs/loader:1115:32)
    at Module._load (node:internal/modules/cjs/loader:962:12)
    at Function.executeUserEntryPoint [as runMain] (node:internal/modules/run_main:83:12) {
  code: 'MODULE_NOT_FOUND',
  requireStack: [
    '/Users/nitsancohen/.bvm/versions/0.2.29/bit-0.2.29/node_modules/@teambit/legacy/bin/bit.js'
  ]
}

Node.js v20.3.1

    at checkExecSyncError (node:child_process:885:11)
    at Object.execSync (node:child_process:957:15)
    at CommandHelper.runCmd (src/e2e-helper/e2e-command-helper.ts:64:22)
    at ScopeHelper.initWorkspace (src/e2e-helper/e2e-scope-helper.ts:126:25)
    at ScopeHelper.reInitLocalScope (src/e2e-helper/e2e-scope-helper.ts:87:10)
    at Context.<anonymous> (e2e/harmony/import-non-main-files.e2e.ts:37:26)
    at processImmediate (node:internal/timers:478:21)]]></failure>
    </testcase>
  </testsuite>
  <testsuite name="importing of a non-main json file (or any not .js(x)/.ts(x) file)" timestamp="2023-08-21T21:40:35" tests="1" file="/Users/nitsancohen/coding/my-bit/bit/e2e/harmony/import-non-main-files.e2e.ts" time="0.0600" failures="1">
    <testcase name="importing internal files flow (component imports from a non-index file of another component) importing of a non-main json file (or any not .js(x)/.ts(x) file) &quot;before all&quot; hook for &quot;bit status should not show it as an invalid component&quot;" time="0.0600" classname="&quot;before all&quot; hook for &quot;bit status should not show it as an invalid component&quot;">
      <failure message="Command failed: bit init
node:internal/modules/cjs/loader:1075
  throw err;
  ^

Error: Cannot find module &apos;../node_modules/@teambit/bit/dist/app&apos;
Require stack:
- /Users/nitsancohen/.bvm/versions/0.2.29/bit-0.2.29/node_modules/@teambit/legacy/bin/bit.js
    at Module._resolveFilename (node:internal/modules/cjs/loader:1072:15)
    at Module._load (node:internal/modules/cjs/loader:925:27)
    at Module.require (node:internal/modules/cjs/loader:1139:19)
    at require (node:internal/modules/helpers:121:18)
    at Object.&lt;anonymous&gt; (/Users/nitsancohen/.bvm/versions/0.2.29/bit-0.2.29/node_modules/@teambit/legacy/bin/bit.js:3:1)
    at Module._compile (node:internal/modules/cjs/loader:1257:14)
    at Module._extensions..js (node:internal/modules/cjs/loader:1311:10)
    at Module.load (node:internal/modules/cjs/loader:1115:32)
    at Module._load (node:internal/modules/cjs/loader:962:12)
    at Function.executeUserEntryPoint [as runMain] (node:internal/modules/run_main:83:12) {
  code: &apos;MODULE_NOT_FOUND&apos;,
  requireStack: [
    &apos;/Users/nitsancohen/.bvm/versions/0.2.29/bit-0.2.29/node_modules/@teambit/legacy/bin/bit.js&apos;
  ]
}

Node.js v20.3.1
" type="Error"><![CDATA[Error: Command failed: bit init
node:internal/modules/cjs/loader:1075
  throw err;
  ^

Error: Cannot find module '../node_modules/@teambit/bit/dist/app'
Require stack:
- /Users/nitsancohen/.bvm/versions/0.2.29/bit-0.2.29/node_modules/@teambit/legacy/bin/bit.js
    at Module._resolveFilename (node:internal/modules/cjs/loader:1072:15)
    at Module._load (node:internal/modules/cjs/loader:925:27)
    at Module.require (node:internal/modules/cjs/loader:1139:19)
    at require (node:internal/modules/helpers:121:18)
    at Object.<anonymous> (/Users/nitsancohen/.bvm/versions/0.2.29/bit-0.2.29/node_modules/@teambit/legacy/bin/bit.js:3:1)
    at Module._compile (node:internal/modules/cjs/loader:1257:14)
    at Module._extensions..js (node:internal/modules/cjs/loader:1311:10)
    at Module.load (node:internal/modules/cjs/loader:1115:32)
    at Module._load (node:internal/modules/cjs/loader:962:12)
    at Function.executeUserEntryPoint [as runMain] (node:internal/modules/run_main:83:12) {
  code: 'MODULE_NOT_FOUND',
  requireStack: [
    '/Users/nitsancohen/.bvm/versions/0.2.29/bit-0.2.29/node_modules/@teambit/legacy/bin/bit.js'
  ]
}

Node.js v20.3.1

    at checkExecSyncError (node:child_process:885:11)
    at Object.execSync (node:child_process:957:15)
    at CommandHelper.runCmd (src/e2e-helper/e2e-command-helper.ts:64:22)
    at ScopeHelper.initWorkspace (src/e2e-helper/e2e-scope-helper.ts:126:25)
    at ScopeHelper.reInitLocalScope (src/e2e-helper/e2e-scope-helper.ts:87:10)
    at ScopeHelper.setNewLocalAndRemoteScopes (src/e2e-helper/e2e-scope-helper.ts:141:10)
    at Context.<anonymous> (e2e/harmony/import-non-main-files.e2e.ts:49:26)
    at processImmediate (node:internal/timers:478:21)]]></failure>
    </testcase>
  </testsuite>
  <testsuite name="installing the right versions of dependencies of a new imported component" timestamp="2023-08-21T21:40:35" tests="2" file="/Users/nitsancohen/coding/my-bit/bit/e2e/harmony/imported-component-deps.e2e.ts" time="0.0610" failures="2">
    <testcase name="installing the right versions of dependencies of a new imported component &quot;before all&quot; hook for &quot;should install component dependencies from their respective models to the imported components&quot;" time="0.0610" classname="&quot;before all&quot; hook for &quot;should install component dependencies from their respective models to the imported components&quot;">
      <failure message="Command failed: bit init
node:internal/modules/cjs/loader:1075
  throw err;
  ^

Error: Cannot find module &apos;../node_modules/@teambit/bit/dist/app&apos;
Require stack:
- /Users/nitsancohen/.bvm/versions/0.2.29/bit-0.2.29/node_modules/@teambit/legacy/bin/bit.js
    at Module._resolveFilename (node:internal/modules/cjs/loader:1072:15)
    at Module._load (node:internal/modules/cjs/loader:925:27)
    at Module.require (node:internal/modules/cjs/loader:1139:19)
    at require (node:internal/modules/helpers:121:18)
    at Object.&lt;anonymous&gt; (/Users/nitsancohen/.bvm/versions/0.2.29/bit-0.2.29/node_modules/@teambit/legacy/bin/bit.js:3:1)
    at Module._compile (node:internal/modules/cjs/loader:1257:14)
    at Module._extensions..js (node:internal/modules/cjs/loader:1311:10)
    at Module.load (node:internal/modules/cjs/loader:1115:32)
    at Module._load (node:internal/modules/cjs/loader:962:12)
    at Function.executeUserEntryPoint [as runMain] (node:internal/modules/run_main:83:12) {
  code: &apos;MODULE_NOT_FOUND&apos;,
  requireStack: [
    &apos;/Users/nitsancohen/.bvm/versions/0.2.29/bit-0.2.29/node_modules/@teambit/legacy/bin/bit.js&apos;
  ]
}

Node.js v20.3.1
" type="Error"><![CDATA[Error: Command failed: bit init
node:internal/modules/cjs/loader:1075
  throw err;
  ^

Error: Cannot find module '../node_modules/@teambit/bit/dist/app'
Require stack:
- /Users/nitsancohen/.bvm/versions/0.2.29/bit-0.2.29/node_modules/@teambit/legacy/bin/bit.js
    at Module._resolveFilename (node:internal/modules/cjs/loader:1072:15)
    at Module._load (node:internal/modules/cjs/loader:925:27)
    at Module.require (node:internal/modules/cjs/loader:1139:19)
    at require (node:internal/modules/helpers:121:18)
    at Object.<anonymous> (/Users/nitsancohen/.bvm/versions/0.2.29/bit-0.2.29/node_modules/@teambit/legacy/bin/bit.js:3:1)
    at Module._compile (node:internal/modules/cjs/loader:1257:14)
    at Module._extensions..js (node:internal/modules/cjs/loader:1311:10)
    at Module.load (node:internal/modules/cjs/loader:1115:32)
    at Module._load (node:internal/modules/cjs/loader:962:12)
    at Function.executeUserEntryPoint [as runMain] (node:internal/modules/run_main:83:12) {
  code: 'MODULE_NOT_FOUND',
  requireStack: [
    '/Users/nitsancohen/.bvm/versions/0.2.29/bit-0.2.29/node_modules/@teambit/legacy/bin/bit.js'
  ]
}

Node.js v20.3.1

    at checkExecSyncError (node:child_process:885:11)
    at Object.execSync (node:child_process:957:15)
    at CommandHelper.runCmd (src/e2e-helper/e2e-command-helper.ts:64:22)
    at ScopeHelper.initWorkspace (src/e2e-helper/e2e-scope-helper.ts:126:25)
    at ScopeHelper.reInitLocalScope (src/e2e-helper/e2e-scope-helper.ts:87:10)
    at ScopeHelper.setNewLocalAndRemoteScopes (src/e2e-helper/e2e-scope-helper.ts:141:10)
    at Context.<anonymous> (e2e/harmony/imported-component-deps.e2e.ts:17:26)
    at processImmediate (node:internal/timers:478:21)]]></failure>
    </testcase>
    <testcase name="installing the right versions of dependencies of a new imported component &quot;after all&quot; hook for &quot;should install package dependencies from their respective models to the imported components&quot;" time="0.0000" classname="&quot;after all&quot; hook for &quot;should install package dependencies from their respective models to the imported components&quot;">
      <failure message="Cannot read properties of undefined (reading &apos;destroy&apos;)" type="TypeError"><![CDATA[TypeError: Cannot read properties of undefined (reading 'destroy')
    at Context.<anonymous> (e2e/harmony/imported-component-deps.e2e.ts:70:21)
    at processImmediate (node:internal/timers:478:21)]]></failure>
    </testcase>
  </testsuite>
  <testsuite name="importing a component that has peer a peer dependency" timestamp="2023-08-21T21:40:35" tests="1" file="/Users/nitsancohen/coding/my-bit/bit/e2e/harmony/imported-component-deps.e2e.ts" time="0.0600" failures="2">
    <testcase name="importing a component that has peer a peer dependency &quot;before all&quot; hook for &quot;should install component dependencies from their respective models to the imported components&quot;" time="0.0600" classname="&quot;before all&quot; hook for &quot;should install component dependencies from their respective models to the imported components&quot;">
      <failure message="Command failed: bit init
node:internal/modules/cjs/loader:1075
  throw err;
  ^

Error: Cannot find module &apos;../node_modules/@teambit/bit/dist/app&apos;
Require stack:
- /Users/nitsancohen/.bvm/versions/0.2.29/bit-0.2.29/node_modules/@teambit/legacy/bin/bit.js
    at Module._resolveFilename (node:internal/modules/cjs/loader:1072:15)
    at Module._load (node:internal/modules/cjs/loader:925:27)
    at Module.require (node:internal/modules/cjs/loader:1139:19)
    at require (node:internal/modules/helpers:121:18)
    at Object.&lt;anonymous&gt; (/Users/nitsancohen/.bvm/versions/0.2.29/bit-0.2.29/node_modules/@teambit/legacy/bin/bit.js:3:1)
    at Module._compile (node:internal/modules/cjs/loader:1257:14)
    at Module._extensions..js (node:internal/modules/cjs/loader:1311:10)
    at Module.load (node:internal/modules/cjs/loader:1115:32)
    at Module._load (node:internal/modules/cjs/loader:962:12)
    at Function.executeUserEntryPoint [as runMain] (node:internal/modules/run_main:83:12) {
  code: &apos;MODULE_NOT_FOUND&apos;,
  requireStack: [
    &apos;/Users/nitsancohen/.bvm/versions/0.2.29/bit-0.2.29/node_modules/@teambit/legacy/bin/bit.js&apos;
  ]
}

Node.js v20.3.1
" type="Error"><![CDATA[Error: Command failed: bit init
node:internal/modules/cjs/loader:1075
  throw err;
  ^

Error: Cannot find module '../node_modules/@teambit/bit/dist/app'
Require stack:
- /Users/nitsancohen/.bvm/versions/0.2.29/bit-0.2.29/node_modules/@teambit/legacy/bin/bit.js
    at Module._resolveFilename (node:internal/modules/cjs/loader:1072:15)
    at Module._load (node:internal/modules/cjs/loader:925:27)
    at Module.require (node:internal/modules/cjs/loader:1139:19)
    at require (node:internal/modules/helpers:121:18)
    at Object.<anonymous> (/Users/nitsancohen/.bvm/versions/0.2.29/bit-0.2.29/node_modules/@teambit/legacy/bin/bit.js:3:1)
    at Module._compile (node:internal/modules/cjs/loader:1257:14)
    at Module._extensions..js (node:internal/modules/cjs/loader:1311:10)
    at Module.load (node:internal/modules/cjs/loader:1115:32)
    at Module._load (node:internal/modules/cjs/loader:962:12)
    at Function.executeUserEntryPoint [as runMain] (node:internal/modules/run_main:83:12) {
  code: 'MODULE_NOT_FOUND',
  requireStack: [
    '/Users/nitsancohen/.bvm/versions/0.2.29/bit-0.2.29/node_modules/@teambit/legacy/bin/bit.js'
  ]
}

Node.js v20.3.1

    at checkExecSyncError (node:child_process:885:11)
    at Object.execSync (node:child_process:957:15)
    at CommandHelper.runCmd (src/e2e-helper/e2e-command-helper.ts:64:22)
    at ScopeHelper.initWorkspace (src/e2e-helper/e2e-scope-helper.ts:126:25)
    at ScopeHelper.reInitLocalScope (src/e2e-helper/e2e-scope-helper.ts:87:10)
    at ScopeHelper.setNewLocalAndRemoteScopes (src/e2e-helper/e2e-scope-helper.ts:141:10)
    at Context.<anonymous> (e2e/harmony/imported-component-deps.e2e.ts:83:26)
    at processImmediate (node:internal/timers:478:21)]]></failure>
    </testcase>
    <testcase name="importing a component that has peer a peer dependency &quot;after all&quot; hook for &quot;should install component dependencies from their respective models to the imported components&quot;" time="0.0000" classname="&quot;after all&quot; hook for &quot;should install component dependencies from their respective models to the imported components&quot;">
      <failure message="Cannot read properties of undefined (reading &apos;destroy&apos;)" type="TypeError"><![CDATA[TypeError: Cannot read properties of undefined (reading 'destroy')
    at Context.<anonymous> (e2e/harmony/imported-component-deps.e2e.ts:110:21)
    at processImmediate (node:internal/timers:478:21)]]></failure>
    </testcase>
  </testsuite>
  <testsuite name="init command on Harmony" timestamp="2023-08-21T21:40:35" tests="0" file="/Users/nitsancohen/coding/my-bit/bit/e2e/harmony/init-harmony.e2e.ts" time="0.0000" failures="0">
  </testsuite>
  <testsuite name="init --reset-new" timestamp="2023-08-21T21:40:35" tests="2" file="/Users/nitsancohen/coding/my-bit/bit/e2e/harmony/init-harmony.e2e.ts" time="0.0610" failures="1">
    <testcase name="init command on Harmony init --reset-new &quot;before all&quot; hook for &quot;should change the .bitmap entries as if they are new&quot;" time="0.0610" classname="&quot;before all&quot; hook for &quot;should change the .bitmap entries as if they are new&quot;">
      <failure message="Command failed: bit init
node:internal/modules/cjs/loader:1075
  throw err;
  ^

Error: Cannot find module &apos;../node_modules/@teambit/bit/dist/app&apos;
Require stack:
- /Users/nitsancohen/.bvm/versions/0.2.29/bit-0.2.29/node_modules/@teambit/legacy/bin/bit.js
    at Module._resolveFilename (node:internal/modules/cjs/loader:1072:15)
    at Module._load (node:internal/modules/cjs/loader:925:27)
    at Module.require (node:internal/modules/cjs/loader:1139:19)
    at require (node:internal/modules/helpers:121:18)
    at Object.&lt;anonymous&gt; (/Users/nitsancohen/.bvm/versions/0.2.29/bit-0.2.29/node_modules/@teambit/legacy/bin/bit.js:3:1)
    at Module._compile (node:internal/modules/cjs/loader:1257:14)
    at Module._extensions..js (node:internal/modules/cjs/loader:1311:10)
    at Module.load (node:internal/modules/cjs/loader:1115:32)
    at Module._load (node:internal/modules/cjs/loader:962:12)
    at Function.executeUserEntryPoint [as runMain] (node:internal/modules/run_main:83:12) {
  code: &apos;MODULE_NOT_FOUND&apos;,
  requireStack: [
    &apos;/Users/nitsancohen/.bvm/versions/0.2.29/bit-0.2.29/node_modules/@teambit/legacy/bin/bit.js&apos;
  ]
}

Node.js v20.3.1
" type="Error"><![CDATA[Error: Command failed: bit init
node:internal/modules/cjs/loader:1075
  throw err;
  ^

Error: Cannot find module '../node_modules/@teambit/bit/dist/app'
Require stack:
- /Users/nitsancohen/.bvm/versions/0.2.29/bit-0.2.29/node_modules/@teambit/legacy/bin/bit.js
    at Module._resolveFilename (node:internal/modules/cjs/loader:1072:15)
    at Module._load (node:internal/modules/cjs/loader:925:27)
    at Module.require (node:internal/modules/cjs/loader:1139:19)
    at require (node:internal/modules/helpers:121:18)
    at Object.<anonymous> (/Users/nitsancohen/.bvm/versions/0.2.29/bit-0.2.29/node_modules/@teambit/legacy/bin/bit.js:3:1)
    at Module._compile (node:internal/modules/cjs/loader:1257:14)
    at Module._extensions..js (node:internal/modules/cjs/loader:1311:10)
    at Module.load (node:internal/modules/cjs/loader:1115:32)
    at Module._load (node:internal/modules/cjs/loader:962:12)
    at Function.executeUserEntryPoint [as runMain] (node:internal/modules/run_main:83:12) {
  code: 'MODULE_NOT_FOUND',
  requireStack: [
    '/Users/nitsancohen/.bvm/versions/0.2.29/bit-0.2.29/node_modules/@teambit/legacy/bin/bit.js'
  ]
}

Node.js v20.3.1

    at checkExecSyncError (node:child_process:885:11)
    at Object.execSync (node:child_process:957:15)
    at CommandHelper.runCmd (src/e2e-helper/e2e-command-helper.ts:64:22)
    at ScopeHelper.initWorkspace (src/e2e-helper/e2e-scope-helper.ts:126:25)
    at ScopeHelper.reInitLocalScope (src/e2e-helper/e2e-scope-helper.ts:87:10)
    at ScopeHelper.setNewLocalAndRemoteScopes (src/e2e-helper/e2e-scope-helper.ts:141:10)
    at Context.<anonymous> (e2e/harmony/init-harmony.e2e.ts:18:26)
    at processImmediate (node:internal/timers:478:21)]]></failure>
    </testcase>
  </testsuite>
  <testsuite name="delete &quot;objects&quot; dir from the scope after initiating with git" timestamp="2023-08-21T21:40:35" tests="2" file="/Users/nitsancohen/coding/my-bit/bit/e2e/harmony/init-harmony.e2e.ts" time="0.0930" failures="1">
    <testcase name="init command on Harmony delete &quot;objects&quot; dir from the scope after initiating with git &quot;before all&quot; hook for &quot;should show a descriptive error&quot;" time="0.0930" classname="&quot;before all&quot; hook for &quot;should show a descriptive error&quot;">
      <failure message="Command failed: bit init
node:internal/modules/cjs/loader:1075
  throw err;
  ^

Error: Cannot find module &apos;../node_modules/@teambit/bit/dist/app&apos;
Require stack:
- /Users/nitsancohen/.bvm/versions/0.2.29/bit-0.2.29/node_modules/@teambit/legacy/bin/bit.js
    at Module._resolveFilename (node:internal/modules/cjs/loader:1072:15)
    at Module._load (node:internal/modules/cjs/loader:925:27)
    at Module.require (node:internal/modules/cjs/loader:1139:19)
    at require (node:internal/modules/helpers:121:18)
    at Object.&lt;anonymous&gt; (/Users/nitsancohen/.bvm/versions/0.2.29/bit-0.2.29/node_modules/@teambit/legacy/bin/bit.js:3:1)
    at Module._compile (node:internal/modules/cjs/loader:1257:14)
    at Module._extensions..js (node:internal/modules/cjs/loader:1311:10)
    at Module.load (node:internal/modules/cjs/loader:1115:32)
    at Module._load (node:internal/modules/cjs/loader:962:12)
    at Function.executeUserEntryPoint [as runMain] (node:internal/modules/run_main:83:12) {
  code: &apos;MODULE_NOT_FOUND&apos;,
  requireStack: [
    &apos;/Users/nitsancohen/.bvm/versions/0.2.29/bit-0.2.29/node_modules/@teambit/legacy/bin/bit.js&apos;
  ]
}

Node.js v20.3.1
" type="Error"><![CDATA[Error: Command failed: bit init
node:internal/modules/cjs/loader:1075
  throw err;
  ^

Error: Cannot find module '../node_modules/@teambit/bit/dist/app'
Require stack:
- /Users/nitsancohen/.bvm/versions/0.2.29/bit-0.2.29/node_modules/@teambit/legacy/bin/bit.js
    at Module._resolveFilename (node:internal/modules/cjs/loader:1072:15)
    at Module._load (node:internal/modules/cjs/loader:925:27)
    at Module.require (node:internal/modules/cjs/loader:1139:19)
    at require (node:internal/modules/helpers:121:18)
    at Object.<anonymous> (/Users/nitsancohen/.bvm/versions/0.2.29/bit-0.2.29/node_modules/@teambit/legacy/bin/bit.js:3:1)
    at Module._compile (node:internal/modules/cjs/loader:1257:14)
    at Module._extensions..js (node:internal/modules/cjs/loader:1311:10)
    at Module.load (node:internal/modules/cjs/loader:1115:32)
    at Module._load (node:internal/modules/cjs/loader:962:12)
    at Function.executeUserEntryPoint [as runMain] (node:internal/modules/run_main:83:12) {
  code: 'MODULE_NOT_FOUND',
  requireStack: [
    '/Users/nitsancohen/.bvm/versions/0.2.29/bit-0.2.29/node_modules/@teambit/legacy/bin/bit.js'
  ]
}

Node.js v20.3.1

    at checkExecSyncError (node:child_process:885:11)
    at Object.execSync (node:child_process:957:15)
    at CommandHelper.runCmd (src/e2e-helper/e2e-command-helper.ts:64:22)
    at ScopeHelper.initWorkspace (src/e2e-helper/e2e-scope-helper.ts:126:25)
    at ScopeHelper.reInitLocalScope (src/e2e-helper/e2e-scope-helper.ts:87:10)
    at Context.<anonymous> (e2e/harmony/init-harmony.e2e.ts:38:26)
    at processImmediate (node:internal/timers:478:21)]]></failure>
    </testcase>
  </testsuite>
  <testsuite name="when workspace.jsonc exist, but not .bitmap nor .bit" timestamp="2023-08-21T21:40:35" tests="1" file="/Users/nitsancohen/coding/my-bit/bit/e2e/harmony/init-harmony.e2e.ts" time="0.0640" failures="1">
    <testcase name="init command on Harmony when workspace.jsonc exist, but not .bitmap nor .bit &quot;before all&quot; hook for &quot;should show a descriptive error&quot;" time="0.0640" classname="&quot;before all&quot; hook for &quot;should show a descriptive error&quot;">
      <failure message="Command failed: bit init
node:internal/modules/cjs/loader:1075
  throw err;
  ^

Error: Cannot find module &apos;../node_modules/@teambit/bit/dist/app&apos;
Require stack:
- /Users/nitsancohen/.bvm/versions/0.2.29/bit-0.2.29/node_modules/@teambit/legacy/bin/bit.js
    at Module._resolveFilename (node:internal/modules/cjs/loader:1072:15)
    at Module._load (node:internal/modules/cjs/loader:925:27)
    at Module.require (node:internal/modules/cjs/loader:1139:19)
    at require (node:internal/modules/helpers:121:18)
    at Object.&lt;anonymous&gt; (/Users/nitsancohen/.bvm/versions/0.2.29/bit-0.2.29/node_modules/@teambit/legacy/bin/bit.js:3:1)
    at Module._compile (node:internal/modules/cjs/loader:1257:14)
    at Module._extensions..js (node:internal/modules/cjs/loader:1311:10)
    at Module.load (node:internal/modules/cjs/loader:1115:32)
    at Module._load (node:internal/modules/cjs/loader:962:12)
    at Function.executeUserEntryPoint [as runMain] (node:internal/modules/run_main:83:12) {
  code: &apos;MODULE_NOT_FOUND&apos;,
  requireStack: [
    &apos;/Users/nitsancohen/.bvm/versions/0.2.29/bit-0.2.29/node_modules/@teambit/legacy/bin/bit.js&apos;
  ]
}

Node.js v20.3.1
" type="Error"><![CDATA[Error: Command failed: bit init
node:internal/modules/cjs/loader:1075
  throw err;
  ^

Error: Cannot find module '../node_modules/@teambit/bit/dist/app'
Require stack:
- /Users/nitsancohen/.bvm/versions/0.2.29/bit-0.2.29/node_modules/@teambit/legacy/bin/bit.js
    at Module._resolveFilename (node:internal/modules/cjs/loader:1072:15)
    at Module._load (node:internal/modules/cjs/loader:925:27)
    at Module.require (node:internal/modules/cjs/loader:1139:19)
    at require (node:internal/modules/helpers:121:18)
    at Object.<anonymous> (/Users/nitsancohen/.bvm/versions/0.2.29/bit-0.2.29/node_modules/@teambit/legacy/bin/bit.js:3:1)
    at Module._compile (node:internal/modules/cjs/loader:1257:14)
    at Module._extensions..js (node:internal/modules/cjs/loader:1311:10)
    at Module.load (node:internal/modules/cjs/loader:1115:32)
    at Module._load (node:internal/modules/cjs/loader:962:12)
    at Function.executeUserEntryPoint [as runMain] (node:internal/modules/run_main:83:12) {
  code: 'MODULE_NOT_FOUND',
  requireStack: [
    '/Users/nitsancohen/.bvm/versions/0.2.29/bit-0.2.29/node_modules/@teambit/legacy/bin/bit.js'
  ]
}

Node.js v20.3.1

    at checkExecSyncError (node:child_process:885:11)
    at Object.execSync (node:child_process:957:15)
    at CommandHelper.runCmd (src/e2e-helper/e2e-command-helper.ts:64:22)
    at ScopeHelper.initWorkspace (src/e2e-helper/e2e-scope-helper.ts:126:25)
    at ScopeHelper.reInitLocalScope (src/e2e-helper/e2e-scope-helper.ts:87:10)
    at Context.<anonymous> (e2e/harmony/init-harmony.e2e.ts:58:26)
    at processImmediate (node:internal/timers:478:21)]]></failure>
    </testcase>
  </testsuite>
  <testsuite name="all custom envs are compiled during installation" timestamp="2023-08-21T21:40:35" tests="0" file="/Users/nitsancohen/coding/my-bit/bit/e2e/harmony/install-and-compile.e2e.ts" time="0.0000" failures="0">
  </testsuite>
  <testsuite name="using pnpm" timestamp="2023-08-21T21:40:35" tests="2" file="/Users/nitsancohen/coding/my-bit/bit/e2e/harmony/install-and-compile.e2e.ts" time="0.0600" failures="1">
    <testcase name="all custom envs are compiled during installation using pnpm &quot;before all&quot; hook: prepare for &quot;should use the compiled custom env to build the component&quot;" time="0.0600" classname="&quot;before all&quot; hook: prepare for &quot;should use the compiled custom env to build the component&quot;">
      <failure message="Command failed: bit init
node:internal/modules/cjs/loader:1075
  throw err;
  ^

Error: Cannot find module &apos;../node_modules/@teambit/bit/dist/app&apos;
Require stack:
- /Users/nitsancohen/.bvm/versions/0.2.29/bit-0.2.29/node_modules/@teambit/legacy/bin/bit.js
    at Module._resolveFilename (node:internal/modules/cjs/loader:1072:15)
    at Module._load (node:internal/modules/cjs/loader:925:27)
    at Module.require (node:internal/modules/cjs/loader:1139:19)
    at require (node:internal/modules/helpers:121:18)
    at Object.&lt;anonymous&gt; (/Users/nitsancohen/.bvm/versions/0.2.29/bit-0.2.29/node_modules/@teambit/legacy/bin/bit.js:3:1)
    at Module._compile (node:internal/modules/cjs/loader:1257:14)
    at Module._extensions..js (node:internal/modules/cjs/loader:1311:10)
    at Module.load (node:internal/modules/cjs/loader:1115:32)
    at Module._load (node:internal/modules/cjs/loader:962:12)
    at Function.executeUserEntryPoint [as runMain] (node:internal/modules/run_main:83:12) {
  code: &apos;MODULE_NOT_FOUND&apos;,
  requireStack: [
    &apos;/Users/nitsancohen/.bvm/versions/0.2.29/bit-0.2.29/node_modules/@teambit/legacy/bin/bit.js&apos;
  ]
}

Node.js v20.3.1
" type="Error"><![CDATA[Error: Command failed: bit init
node:internal/modules/cjs/loader:1075
  throw err;
  ^

Error: Cannot find module '../node_modules/@teambit/bit/dist/app'
Require stack:
- /Users/nitsancohen/.bvm/versions/0.2.29/bit-0.2.29/node_modules/@teambit/legacy/bin/bit.js
    at Module._resolveFilename (node:internal/modules/cjs/loader:1072:15)
    at Module._load (node:internal/modules/cjs/loader:925:27)
    at Module.require (node:internal/modules/cjs/loader:1139:19)
    at require (node:internal/modules/helpers:121:18)
    at Object.<anonymous> (/Users/nitsancohen/.bvm/versions/0.2.29/bit-0.2.29/node_modules/@teambit/legacy/bin/bit.js:3:1)
    at Module._compile (node:internal/modules/cjs/loader:1257:14)
    at Module._extensions..js (node:internal/modules/cjs/loader:1311:10)
    at Module.load (node:internal/modules/cjs/loader:1115:32)
    at Module._load (node:internal/modules/cjs/loader:962:12)
    at Function.executeUserEntryPoint [as runMain] (node:internal/modules/run_main:83:12) {
  code: 'MODULE_NOT_FOUND',
  requireStack: [
    '/Users/nitsancohen/.bvm/versions/0.2.29/bit-0.2.29/node_modules/@teambit/legacy/bin/bit.js'
  ]
}

Node.js v20.3.1

    at checkExecSyncError (node:child_process:885:11)
    at Object.execSync (node:child_process:957:15)
    at CommandHelper.runCmd (src/e2e-helper/e2e-command-helper.ts:64:22)
    at ScopeHelper.initWorkspace (src/e2e-helper/e2e-scope-helper.ts:126:25)
    at ScopeHelper.reInitLocalScope (src/e2e-helper/e2e-scope-helper.ts:87:10)
    at ScopeHelper.setNewLocalAndRemoteScopes (src/e2e-helper/e2e-scope-helper.ts:141:10)
    at Context.prepare (e2e/harmony/install-and-compile.e2e.ts:14:24)
    at processImmediate (node:internal/timers:478:21)]]></failure>
    </testcase>
  </testsuite>
  <testsuite name="using yarn" timestamp="2023-08-21T21:40:35" tests="2" file="/Users/nitsancohen/coding/my-bit/bit/e2e/harmony/install-and-compile.e2e.ts" time="0.0610" failures="1">
    <testcase name="all custom envs are compiled during installation using yarn &quot;before all&quot; hook: prepare for &quot;should use the compiled custom env to build the component&quot;" time="0.0610" classname="&quot;before all&quot; hook: prepare for &quot;should use the compiled custom env to build the component&quot;">
      <failure message="Command failed: bit init
node:internal/modules/cjs/loader:1075
  throw err;
  ^

Error: Cannot find module &apos;../node_modules/@teambit/bit/dist/app&apos;
Require stack:
- /Users/nitsancohen/.bvm/versions/0.2.29/bit-0.2.29/node_modules/@teambit/legacy/bin/bit.js
    at Module._resolveFilename (node:internal/modules/cjs/loader:1072:15)
    at Module._load (node:internal/modules/cjs/loader:925:27)
    at Module.require (node:internal/modules/cjs/loader:1139:19)
    at require (node:internal/modules/helpers:121:18)
    at Object.&lt;anonymous&gt; (/Users/nitsancohen/.bvm/versions/0.2.29/bit-0.2.29/node_modules/@teambit/legacy/bin/bit.js:3:1)
    at Module._compile (node:internal/modules/cjs/loader:1257:14)
    at Module._extensions..js (node:internal/modules/cjs/loader:1311:10)
    at Module.load (node:internal/modules/cjs/loader:1115:32)
    at Module._load (node:internal/modules/cjs/loader:962:12)
    at Function.executeUserEntryPoint [as runMain] (node:internal/modules/run_main:83:12) {
  code: &apos;MODULE_NOT_FOUND&apos;,
  requireStack: [
    &apos;/Users/nitsancohen/.bvm/versions/0.2.29/bit-0.2.29/node_modules/@teambit/legacy/bin/bit.js&apos;
  ]
}

Node.js v20.3.1
" type="Error"><![CDATA[Error: Command failed: bit init
node:internal/modules/cjs/loader:1075
  throw err;
  ^

Error: Cannot find module '../node_modules/@teambit/bit/dist/app'
Require stack:
- /Users/nitsancohen/.bvm/versions/0.2.29/bit-0.2.29/node_modules/@teambit/legacy/bin/bit.js
    at Module._resolveFilename (node:internal/modules/cjs/loader:1072:15)
    at Module._load (node:internal/modules/cjs/loader:925:27)
    at Module.require (node:internal/modules/cjs/loader:1139:19)
    at require (node:internal/modules/helpers:121:18)
    at Object.<anonymous> (/Users/nitsancohen/.bvm/versions/0.2.29/bit-0.2.29/node_modules/@teambit/legacy/bin/bit.js:3:1)
    at Module._compile (node:internal/modules/cjs/loader:1257:14)
    at Module._extensions..js (node:internal/modules/cjs/loader:1311:10)
    at Module.load (node:internal/modules/cjs/loader:1115:32)
    at Module._load (node:internal/modules/cjs/loader:962:12)
    at Function.executeUserEntryPoint [as runMain] (node:internal/modules/run_main:83:12) {
  code: 'MODULE_NOT_FOUND',
  requireStack: [
    '/Users/nitsancohen/.bvm/versions/0.2.29/bit-0.2.29/node_modules/@teambit/legacy/bin/bit.js'
  ]
}

Node.js v20.3.1

    at checkExecSyncError (node:child_process:885:11)
    at Object.execSync (node:child_process:957:15)
    at CommandHelper.runCmd (src/e2e-helper/e2e-command-helper.ts:64:22)
    at ScopeHelper.initWorkspace (src/e2e-helper/e2e-scope-helper.ts:126:25)
    at ScopeHelper.reInitLocalScope (src/e2e-helper/e2e-scope-helper.ts:87:10)
    at ScopeHelper.setNewLocalAndRemoteScopes (src/e2e-helper/e2e-scope-helper.ts:141:10)
    at Context.prepare (e2e/harmony/install-and-compile.e2e.ts:14:24)
    at processImmediate (node:internal/timers:478:21)]]></failure>
    </testcase>
  </testsuite>
  <testsuite name="environment adding a peer dependency should not cause an infinite lop of install compile install" timestamp="2023-08-21T21:40:35" tests="1" file="/Users/nitsancohen/coding/my-bit/bit/e2e/harmony/install-and-compile.e2e.ts" time="0.0600" failures="2">
    <testcase name="environment adding a peer dependency should not cause an infinite lop of install compile install &quot;before all&quot; hook for &quot;should not run install indefinitely&quot;" time="0.0600" classname="&quot;before all&quot; hook for &quot;should not run install indefinitely&quot;">
      <failure message="Command failed: bit init
node:internal/modules/cjs/loader:1075
  throw err;
  ^

Error: Cannot find module &apos;../node_modules/@teambit/bit/dist/app&apos;
Require stack:
- /Users/nitsancohen/.bvm/versions/0.2.29/bit-0.2.29/node_modules/@teambit/legacy/bin/bit.js
    at Module._resolveFilename (node:internal/modules/cjs/loader:1072:15)
    at Module._load (node:internal/modules/cjs/loader:925:27)
    at Module.require (node:internal/modules/cjs/loader:1139:19)
    at require (node:internal/modules/helpers:121:18)
    at Object.&lt;anonymous&gt; (/Users/nitsancohen/.bvm/versions/0.2.29/bit-0.2.29/node_modules/@teambit/legacy/bin/bit.js:3:1)
    at Module._compile (node:internal/modules/cjs/loader:1257:14)
    at Module._extensions..js (node:internal/modules/cjs/loader:1311:10)
    at Module.load (node:internal/modules/cjs/loader:1115:32)
    at Module._load (node:internal/modules/cjs/loader:962:12)
    at Function.executeUserEntryPoint [as runMain] (node:internal/modules/run_main:83:12) {
  code: &apos;MODULE_NOT_FOUND&apos;,
  requireStack: [
    &apos;/Users/nitsancohen/.bvm/versions/0.2.29/bit-0.2.29/node_modules/@teambit/legacy/bin/bit.js&apos;
  ]
}

Node.js v20.3.1
" type="Error"><![CDATA[Error: Command failed: bit init
node:internal/modules/cjs/loader:1075
  throw err;
  ^

Error: Cannot find module '../node_modules/@teambit/bit/dist/app'
Require stack:
- /Users/nitsancohen/.bvm/versions/0.2.29/bit-0.2.29/node_modules/@teambit/legacy/bin/bit.js
    at Module._resolveFilename (node:internal/modules/cjs/loader:1072:15)
    at Module._load (node:internal/modules/cjs/loader:925:27)
    at Module.require (node:internal/modules/cjs/loader:1139:19)
    at require (node:internal/modules/helpers:121:18)
    at Object.<anonymous> (/Users/nitsancohen/.bvm/versions/0.2.29/bit-0.2.29/node_modules/@teambit/legacy/bin/bit.js:3:1)
    at Module._compile (node:internal/modules/cjs/loader:1257:14)
    at Module._extensions..js (node:internal/modules/cjs/loader:1311:10)
    at Module.load (node:internal/modules/cjs/loader:1115:32)
    at Module._load (node:internal/modules/cjs/loader:962:12)
    at Function.executeUserEntryPoint [as runMain] (node:internal/modules/run_main:83:12) {
  code: 'MODULE_NOT_FOUND',
  requireStack: [
    '/Users/nitsancohen/.bvm/versions/0.2.29/bit-0.2.29/node_modules/@teambit/legacy/bin/bit.js'
  ]
}

Node.js v20.3.1

    at checkExecSyncError (node:child_process:885:11)
    at Object.execSync (node:child_process:957:15)
    at CommandHelper.runCmd (src/e2e-helper/e2e-command-helper.ts:64:22)
    at ScopeHelper.initWorkspace (src/e2e-helper/e2e-scope-helper.ts:126:25)
    at ScopeHelper.reInitLocalScope (src/e2e-helper/e2e-scope-helper.ts:87:10)
    at ScopeHelper.setNewLocalAndRemoteScopes (src/e2e-helper/e2e-scope-helper.ts:141:10)
    at Context.<anonymous> (e2e/harmony/install-and-compile.e2e.ts:156:26)
    at processImmediate (node:internal/timers:478:21)]]></failure>
    </testcase>
    <testcase name="environment adding a peer dependency should not cause an infinite lop of install compile install &quot;after all&quot; hook for &quot;should not run install indefinitely&quot;" time="0.0000" classname="&quot;after all&quot; hook for &quot;should not run install indefinitely&quot;">
      <failure message="Cannot read properties of undefined (reading &apos;destroy&apos;)" type="TypeError"><![CDATA[TypeError: Cannot read properties of undefined (reading 'destroy')
    at Context.<anonymous> (e2e/harmony/install-and-compile.e2e.ts:191:21)
    at processImmediate (node:internal/timers:478:21)]]></failure>
    </testcase>
  </testsuite>
  <testsuite name="skipping compilation on install" timestamp="2023-08-21T21:40:35" tests="2" file="/Users/nitsancohen/coding/my-bit/bit/e2e/harmony/install-and-compile.e2e.ts" time="0.0600" failures="1">
    <testcase name="skipping compilation on install &quot;before all&quot; hook for &quot;should link the component&quot;" time="0.0600" classname="&quot;before all&quot; hook for &quot;should link the component&quot;">
      <failure message="Command failed: bit init
node:internal/modules/cjs/loader:1075
  throw err;
  ^

Error: Cannot find module &apos;../node_modules/@teambit/bit/dist/app&apos;
Require stack:
- /Users/nitsancohen/.bvm/versions/0.2.29/bit-0.2.29/node_modules/@teambit/legacy/bin/bit.js
    at Module._resolveFilename (node:internal/modules/cjs/loader:1072:15)
    at Module._load (node:internal/modules/cjs/loader:925:27)
    at Module.require (node:internal/modules/cjs/loader:1139:19)
    at require (node:internal/modules/helpers:121:18)
    at Object.&lt;anonymous&gt; (/Users/nitsancohen/.bvm/versions/0.2.29/bit-0.2.29/node_modules/@teambit/legacy/bin/bit.js:3:1)
    at Module._compile (node:internal/modules/cjs/loader:1257:14)
    at Module._extensions..js (node:internal/modules/cjs/loader:1311:10)
    at Module.load (node:internal/modules/cjs/loader:1115:32)
    at Module._load (node:internal/modules/cjs/loader:962:12)
    at Function.executeUserEntryPoint [as runMain] (node:internal/modules/run_main:83:12) {
  code: &apos;MODULE_NOT_FOUND&apos;,
  requireStack: [
    &apos;/Users/nitsancohen/.bvm/versions/0.2.29/bit-0.2.29/node_modules/@teambit/legacy/bin/bit.js&apos;
  ]
}

Node.js v20.3.1
" type="Error"><![CDATA[Error: Command failed: bit init
node:internal/modules/cjs/loader:1075
  throw err;
  ^

Error: Cannot find module '../node_modules/@teambit/bit/dist/app'
Require stack:
- /Users/nitsancohen/.bvm/versions/0.2.29/bit-0.2.29/node_modules/@teambit/legacy/bin/bit.js
    at Module._resolveFilename (node:internal/modules/cjs/loader:1072:15)
    at Module._load (node:internal/modules/cjs/loader:925:27)
    at Module.require (node:internal/modules/cjs/loader:1139:19)
    at require (node:internal/modules/helpers:121:18)
    at Object.<anonymous> (/Users/nitsancohen/.bvm/versions/0.2.29/bit-0.2.29/node_modules/@teambit/legacy/bin/bit.js:3:1)
    at Module._compile (node:internal/modules/cjs/loader:1257:14)
    at Module._extensions..js (node:internal/modules/cjs/loader:1311:10)
    at Module.load (node:internal/modules/cjs/loader:1115:32)
    at Module._load (node:internal/modules/cjs/loader:962:12)
    at Function.executeUserEntryPoint [as runMain] (node:internal/modules/run_main:83:12) {
  code: 'MODULE_NOT_FOUND',
  requireStack: [
    '/Users/nitsancohen/.bvm/versions/0.2.29/bit-0.2.29/node_modules/@teambit/legacy/bin/bit.js'
  ]
}

Node.js v20.3.1

    at checkExecSyncError (node:child_process:885:11)
    at Object.execSync (node:child_process:957:15)
    at CommandHelper.runCmd (src/e2e-helper/e2e-command-helper.ts:64:22)
    at ScopeHelper.initWorkspace (src/e2e-helper/e2e-scope-helper.ts:126:25)
    at ScopeHelper.reInitLocalScope (src/e2e-helper/e2e-scope-helper.ts:87:10)
    at ScopeHelper.setNewLocalAndRemoteScopes (src/e2e-helper/e2e-scope-helper.ts:141:10)
    at Context.<anonymous> (e2e/harmony/install-and-compile.e2e.ts:201:24)
    at processImmediate (node:internal/timers:478:21)]]></failure>
    </testcase>
  </testsuite>
  <testsuite name="do not fail on environment loading files from a location inside node_modules that does not exist" timestamp="2023-08-21T21:40:35" tests="1" file="/Users/nitsancohen/coding/my-bit/bit/e2e/harmony/install-and-compile.e2e.ts" time="0.0590" failures="1">
    <testcase name="do not fail on environment loading files from a location inside node_modules that does not exist should not fail" time="0.0590" classname="should not fail">
      <failure message="Command failed: bit install   
node:internal/modules/cjs/loader:1075
  throw err;
  ^

Error: Cannot find module &apos;../node_modules/@teambit/bit/dist/app&apos;
Require stack:
- /Users/nitsancohen/.bvm/versions/0.2.29/bit-0.2.29/node_modules/@teambit/legacy/bin/bit.js
    at Module._resolveFilename (node:internal/modules/cjs/loader:1072:15)
    at Module._load (node:internal/modules/cjs/loader:925:27)
    at Module.require (node:internal/modules/cjs/loader:1139:19)
    at require (node:internal/modules/helpers:121:18)
    at Object.&lt;anonymous&gt; (/Users/nitsancohen/.bvm/versions/0.2.29/bit-0.2.29/node_modules/@teambit/legacy/bin/bit.js:3:1)
    at Module._compile (node:internal/modules/cjs/loader:1257:14)
    at Module._extensions..js (node:internal/modules/cjs/loader:1311:10)
    at Module.load (node:internal/modules/cjs/loader:1115:32)
    at Module._load (node:internal/modules/cjs/loader:962:12)
    at Function.executeUserEntryPoint [as runMain] (node:internal/modules/run_main:83:12) {
  code: &apos;MODULE_NOT_FOUND&apos;,
  requireStack: [
    &apos;/Users/nitsancohen/.bvm/versions/0.2.29/bit-0.2.29/node_modules/@teambit/legacy/bin/bit.js&apos;
  ]
}

Node.js v20.3.1
" type="Error"><![CDATA[Error: Command failed: bit install   
node:internal/modules/cjs/loader:1075
  throw err;
  ^

Error: Cannot find module '../node_modules/@teambit/bit/dist/app'
Require stack:
- /Users/nitsancohen/.bvm/versions/0.2.29/bit-0.2.29/node_modules/@teambit/legacy/bin/bit.js
    at Module._resolveFilename (node:internal/modules/cjs/loader:1072:15)
    at Module._load (node:internal/modules/cjs/loader:925:27)
    at Module.require (node:internal/modules/cjs/loader:1139:19)
    at require (node:internal/modules/helpers:121:18)
    at Object.<anonymous> (/Users/nitsancohen/.bvm/versions/0.2.29/bit-0.2.29/node_modules/@teambit/legacy/bin/bit.js:3:1)
    at Module._compile (node:internal/modules/cjs/loader:1257:14)
    at Module._extensions..js (node:internal/modules/cjs/loader:1311:10)
    at Module.load (node:internal/modules/cjs/loader:1115:32)
    at Module._load (node:internal/modules/cjs/loader:962:12)
    at Function.executeUserEntryPoint [as runMain] (node:internal/modules/run_main:83:12) {
  code: 'MODULE_NOT_FOUND',
  requireStack: [
    '/Users/nitsancohen/.bvm/versions/0.2.29/bit-0.2.29/node_modules/@teambit/legacy/bin/bit.js'
  ]
}

Node.js v20.3.1

    at checkExecSyncError (node:child_process:885:11)
    at Object.execSync (node:child_process:957:15)
    at CommandHelper.runCmd (src/e2e-helper/e2e-command-helper.ts:64:22)
    at CommandHelper.install (src/e2e-helper/e2e-command-helper.ts:718:17)
    at Context.<anonymous> (e2e/harmony/install-and-compile.e2e.ts:223:20)
    at processImmediate (node:internal/timers:478:21)]]></failure>
    </testcase>
  </testsuite>
  <testsuite name="installing in an angular workspace" timestamp="2023-08-21T21:40:35" tests="0" file="/Users/nitsancohen/coding/my-bit/bit/e2e/harmony/install-angular.e2e.ts" time="0.0000" failures="0">
  </testsuite>
  <testsuite name="using yarn" timestamp="2023-08-21T21:40:35" tests="1" file="/Users/nitsancohen/coding/my-bit/bit/e2e/harmony/install-angular.e2e.ts" time="0.0000" failures="0">
  </testsuite>
  <testsuite name="install missing dependencies" timestamp="2023-08-21T21:40:35" tests="2" file="/Users/nitsancohen/coding/my-bit/bit/e2e/harmony/install-missing-dependencies.e2e.ts" time="0.0590" failures="1">
    <testcase name="install missing dependencies &quot;before all&quot; hook for &quot;should install the missing peer dependencies to node_modules&quot;" time="0.0590" classname="&quot;before all&quot; hook for &quot;should install the missing peer dependencies to node_modules&quot;">
      <failure message="Command failed: bit init
node:internal/modules/cjs/loader:1075
  throw err;
  ^

Error: Cannot find module &apos;../node_modules/@teambit/bit/dist/app&apos;
Require stack:
- /Users/nitsancohen/.bvm/versions/0.2.29/bit-0.2.29/node_modules/@teambit/legacy/bin/bit.js
    at Module._resolveFilename (node:internal/modules/cjs/loader:1072:15)
    at Module._load (node:internal/modules/cjs/loader:925:27)
    at Module.require (node:internal/modules/cjs/loader:1139:19)
    at require (node:internal/modules/helpers:121:18)
    at Object.&lt;anonymous&gt; (/Users/nitsancohen/.bvm/versions/0.2.29/bit-0.2.29/node_modules/@teambit/legacy/bin/bit.js:3:1)
    at Module._compile (node:internal/modules/cjs/loader:1257:14)
    at Module._extensions..js (node:internal/modules/cjs/loader:1311:10)
    at Module.load (node:internal/modules/cjs/loader:1115:32)
    at Module._load (node:internal/modules/cjs/loader:962:12)
    at Function.executeUserEntryPoint [as runMain] (node:internal/modules/run_main:83:12) {
  code: &apos;MODULE_NOT_FOUND&apos;,
  requireStack: [
    &apos;/Users/nitsancohen/.bvm/versions/0.2.29/bit-0.2.29/node_modules/@teambit/legacy/bin/bit.js&apos;
  ]
}

Node.js v20.3.1
" type="Error"><![CDATA[Error: Command failed: bit init
node:internal/modules/cjs/loader:1075
  throw err;
  ^

Error: Cannot find module '../node_modules/@teambit/bit/dist/app'
Require stack:
- /Users/nitsancohen/.bvm/versions/0.2.29/bit-0.2.29/node_modules/@teambit/legacy/bin/bit.js
    at Module._resolveFilename (node:internal/modules/cjs/loader:1072:15)
    at Module._load (node:internal/modules/cjs/loader:925:27)
    at Module.require (node:internal/modules/cjs/loader:1139:19)
    at require (node:internal/modules/helpers:121:18)
    at Object.<anonymous> (/Users/nitsancohen/.bvm/versions/0.2.29/bit-0.2.29/node_modules/@teambit/legacy/bin/bit.js:3:1)
    at Module._compile (node:internal/modules/cjs/loader:1257:14)
    at Module._extensions..js (node:internal/modules/cjs/loader:1311:10)
    at Module.load (node:internal/modules/cjs/loader:1115:32)
    at Module._load (node:internal/modules/cjs/loader:962:12)
    at Function.executeUserEntryPoint [as runMain] (node:internal/modules/run_main:83:12) {
  code: 'MODULE_NOT_FOUND',
  requireStack: [
    '/Users/nitsancohen/.bvm/versions/0.2.29/bit-0.2.29/node_modules/@teambit/legacy/bin/bit.js'
  ]
}

Node.js v20.3.1

    at checkExecSyncError (node:child_process:885:11)
    at Object.execSync (node:child_process:957:15)
    at CommandHelper.runCmd (src/e2e-helper/e2e-command-helper.ts:64:22)
    at ScopeHelper.initWorkspace (src/e2e-helper/e2e-scope-helper.ts:126:25)
    at ScopeHelper.reInitLocalScope (src/e2e-helper/e2e-scope-helper.ts:87:10)
    at ScopeHelper.setNewLocalAndRemoteScopes (src/e2e-helper/e2e-scope-helper.ts:141:10)
    at Context.<anonymous> (e2e/harmony/install-missing-dependencies.e2e.ts:13:24)
    at processImmediate (node:internal/timers:478:21)]]></failure>
    </testcase>
  </testsuite>
  <testsuite name="install --add-missing-peers" timestamp="2023-08-21T21:40:35" tests="0" file="/Users/nitsancohen/coding/my-bit/bit/e2e/harmony/install-missing-peer-dependencies.e2e.ts" time="0.0000" failures="0">
  </testsuite>
  <testsuite name="using pnpm as a package manager" timestamp="2023-08-21T21:40:35" tests="4" file="/Users/nitsancohen/coding/my-bit/bit/e2e/harmony/install-missing-peer-dependencies.e2e.ts" time="0.0000" failures="0">
  </testsuite>
  <testsuite name="installing new packages and missing peer dependencies at the same time" timestamp="2023-08-21T21:40:35" tests="3" file="/Users/nitsancohen/coding/my-bit/bit/e2e/harmony/install-missing-peer-dependencies.e2e.ts" time="0.0000" failures="0">
  </testsuite>
  <testsuite name="using Yarn as a package manager" timestamp="2023-08-21T21:40:35" tests="4" file="/Users/nitsancohen/coding/my-bit/bit/e2e/harmony/install-missing-peer-dependencies.e2e.ts" time="0.0000" failures="0">
  </testsuite>
  <testsuite name="install command" timestamp="2023-08-21T21:40:35" tests="0" file="/Users/nitsancohen/coding/my-bit/bit/e2e/harmony/install.e2e.ts" time="0.0000" failures="0">
  </testsuite>
  <testsuite name="component is in .bitmap and in workspace.jsonc" timestamp="2023-08-21T21:40:35" tests="1" file="/Users/nitsancohen/coding/my-bit/bit/e2e/harmony/install.e2e.ts" time="0.0620" failures="2">
    <testcase name="install command component is in .bitmap and in workspace.jsonc &quot;before all&quot; hook for &quot;bit status should show it with DuplicateComponentAndPackage issue&quot;" time="0.0620" classname="&quot;before all&quot; hook for &quot;bit status should show it with DuplicateComponentAndPackage issue&quot;">
      <failure message="Command failed: bit init
node:internal/modules/cjs/loader:1075
  throw err;
  ^

Error: Cannot find module &apos;../node_modules/@teambit/bit/dist/app&apos;
Require stack:
- /Users/nitsancohen/.bvm/versions/0.2.29/bit-0.2.29/node_modules/@teambit/legacy/bin/bit.js
    at Module._resolveFilename (node:internal/modules/cjs/loader:1072:15)
    at Module._load (node:internal/modules/cjs/loader:925:27)
    at Module.require (node:internal/modules/cjs/loader:1139:19)
    at require (node:internal/modules/helpers:121:18)
    at Object.&lt;anonymous&gt; (/Users/nitsancohen/.bvm/versions/0.2.29/bit-0.2.29/node_modules/@teambit/legacy/bin/bit.js:3:1)
    at Module._compile (node:internal/modules/cjs/loader:1257:14)
    at Module._extensions..js (node:internal/modules/cjs/loader:1311:10)
    at Module.load (node:internal/modules/cjs/loader:1115:32)
    at Module._load (node:internal/modules/cjs/loader:962:12)
    at Function.executeUserEntryPoint [as runMain] (node:internal/modules/run_main:83:12) {
  code: &apos;MODULE_NOT_FOUND&apos;,
  requireStack: [
    &apos;/Users/nitsancohen/.bvm/versions/0.2.29/bit-0.2.29/node_modules/@teambit/legacy/bin/bit.js&apos;
  ]
}

Node.js v20.3.1
" type="Error"><![CDATA[Error: Command failed: bit init
node:internal/modules/cjs/loader:1075
  throw err;
  ^

Error: Cannot find module '../node_modules/@teambit/bit/dist/app'
Require stack:
- /Users/nitsancohen/.bvm/versions/0.2.29/bit-0.2.29/node_modules/@teambit/legacy/bin/bit.js
    at Module._resolveFilename (node:internal/modules/cjs/loader:1072:15)
    at Module._load (node:internal/modules/cjs/loader:925:27)
    at Module.require (node:internal/modules/cjs/loader:1139:19)
    at require (node:internal/modules/helpers:121:18)
    at Object.<anonymous> (/Users/nitsancohen/.bvm/versions/0.2.29/bit-0.2.29/node_modules/@teambit/legacy/bin/bit.js:3:1)
    at Module._compile (node:internal/modules/cjs/loader:1257:14)
    at Module._extensions..js (node:internal/modules/cjs/loader:1311:10)
    at Module.load (node:internal/modules/cjs/loader:1115:32)
    at Module._load (node:internal/modules/cjs/loader:962:12)
    at Function.executeUserEntryPoint [as runMain] (node:internal/modules/run_main:83:12) {
  code: 'MODULE_NOT_FOUND',
  requireStack: [
    '/Users/nitsancohen/.bvm/versions/0.2.29/bit-0.2.29/node_modules/@teambit/legacy/bin/bit.js'
  ]
}

Node.js v20.3.1

    at checkExecSyncError (node:child_process:885:11)
    at Object.execSync (node:child_process:957:15)
    at CommandHelper.runCmd (src/e2e-helper/e2e-command-helper.ts:64:22)
    at ScopeHelper.initWorkspace (src/e2e-helper/e2e-scope-helper.ts:126:25)
    at ScopeHelper.reInitLocalScope (src/e2e-helper/e2e-scope-helper.ts:87:10)
    at ScopeHelper.setNewLocalAndRemoteScopes (src/e2e-helper/e2e-scope-helper.ts:141:10)
    at Context.<anonymous> (e2e/harmony/install.e2e.ts:27:26)
    at processImmediate (node:internal/timers:478:21)]]></failure>
    </testcase>
    <testcase name="install command component is in .bitmap and in workspace.jsonc &quot;after all&quot; hook for &quot;bit status should show it with DuplicateComponentAndPackage issue&quot;" time="0.0000" classname="&quot;after all&quot; hook for &quot;bit status should show it with DuplicateComponentAndPackage issue&quot;">
      <failure message="Cannot read properties of undefined (reading &apos;destroy&apos;)" type="TypeError"><![CDATA[TypeError: Cannot read properties of undefined (reading 'destroy')
    at Context.<anonymous> (e2e/harmony/install.e2e.ts:39:21)
    at processImmediate (node:internal/timers:478:21)]]></failure>
    </testcase>
  </testsuite>
  <testsuite name="install with old envs in the workspace" timestamp="2023-08-21T21:40:35" tests="0" file="/Users/nitsancohen/coding/my-bit/bit/e2e/harmony/install.e2e.ts" time="0.0600" failures="1">
    <testcase name="install command install with old envs in the workspace &quot;before all&quot; hook in &quot;install with old envs in the workspace&quot;" time="0.0600" classname="&quot;before all&quot; hook in &quot;install with old envs in the workspace&quot;">
      <failure message="Command failed: bit init
node:internal/modules/cjs/loader:1075
  throw err;
  ^

Error: Cannot find module &apos;../node_modules/@teambit/bit/dist/app&apos;
Require stack:
- /Users/nitsancohen/.bvm/versions/0.2.29/bit-0.2.29/node_modules/@teambit/legacy/bin/bit.js
    at Module._resolveFilename (node:internal/modules/cjs/loader:1072:15)
    at Module._load (node:internal/modules/cjs/loader:925:27)
    at Module.require (node:internal/modules/cjs/loader:1139:19)
    at require (node:internal/modules/helpers:121:18)
    at Object.&lt;anonymous&gt; (/Users/nitsancohen/.bvm/versions/0.2.29/bit-0.2.29/node_modules/@teambit/legacy/bin/bit.js:3:1)
    at Module._compile (node:internal/modules/cjs/loader:1257:14)
    at Module._extensions..js (node:internal/modules/cjs/loader:1311:10)
    at Module.load (node:internal/modules/cjs/loader:1115:32)
    at Module._load (node:internal/modules/cjs/loader:962:12)
    at Function.executeUserEntryPoint [as runMain] (node:internal/modules/run_main:83:12) {
  code: &apos;MODULE_NOT_FOUND&apos;,
  requireStack: [
    &apos;/Users/nitsancohen/.bvm/versions/0.2.29/bit-0.2.29/node_modules/@teambit/legacy/bin/bit.js&apos;
  ]
}

Node.js v20.3.1
" type="Error"><![CDATA[Error: Command failed: bit init
node:internal/modules/cjs/loader:1075
  throw err;
  ^

Error: Cannot find module '../node_modules/@teambit/bit/dist/app'
Require stack:
- /Users/nitsancohen/.bvm/versions/0.2.29/bit-0.2.29/node_modules/@teambit/legacy/bin/bit.js
    at Module._resolveFilename (node:internal/modules/cjs/loader:1072:15)
    at Module._load (node:internal/modules/cjs/loader:925:27)
    at Module.require (node:internal/modules/cjs/loader:1139:19)
    at require (node:internal/modules/helpers:121:18)
    at Object.<anonymous> (/Users/nitsancohen/.bvm/versions/0.2.29/bit-0.2.29/node_modules/@teambit/legacy/bin/bit.js:3:1)
    at Module._compile (node:internal/modules/cjs/loader:1257:14)
    at Module._extensions..js (node:internal/modules/cjs/loader:1311:10)
    at Module.load (node:internal/modules/cjs/loader:1115:32)
    at Module._load (node:internal/modules/cjs/loader:962:12)
    at Function.executeUserEntryPoint [as runMain] (node:internal/modules/run_main:83:12) {
  code: 'MODULE_NOT_FOUND',
  requireStack: [
    '/Users/nitsancohen/.bvm/versions/0.2.29/bit-0.2.29/node_modules/@teambit/legacy/bin/bit.js'
  ]
}

Node.js v20.3.1

    at checkExecSyncError (node:child_process:885:11)
    at Object.execSync (node:child_process:957:15)
    at CommandHelper.runCmd (src/e2e-helper/e2e-command-helper.ts:64:22)
    at ScopeHelper.initWorkspace (src/e2e-helper/e2e-scope-helper.ts:126:25)
    at ScopeHelper.reInitLocalScope (src/e2e-helper/e2e-scope-helper.ts:87:10)
    at ScopeHelper.setNewLocalAndRemoteScopes (src/e2e-helper/e2e-scope-helper.ts:141:10)
    at Context.<anonymous> (e2e/harmony/install.e2e.ts:52:26)
    at processImmediate (node:internal/timers:478:21)]]></failure>
    </testcase>
  </testsuite>
  <testsuite name="install --no-optional" timestamp="2023-08-21T21:40:35" tests="0" file="/Users/nitsancohen/coding/my-bit/bit/e2e/harmony/install.e2e.ts" time="0.0000" failures="0">
  </testsuite>
  <testsuite name="using pnpm" timestamp="2023-08-21T21:40:35" tests="1" file="/Users/nitsancohen/coding/my-bit/bit/e2e/harmony/install.e2e.ts" time="0.1200" failures="2">
    <testcase name="install --no-optional using pnpm &quot;before all&quot; hook for &quot;should not install optional dependencies&quot;" time="0.0600" classname="&quot;before all&quot; hook for &quot;should not install optional dependencies&quot;">
      <failure message="Command failed: bit init
node:internal/modules/cjs/loader:1075
  throw err;
  ^

Error: Cannot find module &apos;../node_modules/@teambit/bit/dist/app&apos;
Require stack:
- /Users/nitsancohen/.bvm/versions/0.2.29/bit-0.2.29/node_modules/@teambit/legacy/bin/bit.js
    at Module._resolveFilename (node:internal/modules/cjs/loader:1072:15)
    at Module._load (node:internal/modules/cjs/loader:925:27)
    at Module.require (node:internal/modules/cjs/loader:1139:19)
    at require (node:internal/modules/helpers:121:18)
    at Object.&lt;anonymous&gt; (/Users/nitsancohen/.bvm/versions/0.2.29/bit-0.2.29/node_modules/@teambit/legacy/bin/bit.js:3:1)
    at Module._compile (node:internal/modules/cjs/loader:1257:14)
    at Module._extensions..js (node:internal/modules/cjs/loader:1311:10)
    at Module.load (node:internal/modules/cjs/loader:1115:32)
    at Module._load (node:internal/modules/cjs/loader:962:12)
    at Function.executeUserEntryPoint [as runMain] (node:internal/modules/run_main:83:12) {
  code: &apos;MODULE_NOT_FOUND&apos;,
  requireStack: [
    &apos;/Users/nitsancohen/.bvm/versions/0.2.29/bit-0.2.29/node_modules/@teambit/legacy/bin/bit.js&apos;
  ]
}

Node.js v20.3.1
" type="Error"><![CDATA[Error: Command failed: bit init
node:internal/modules/cjs/loader:1075
  throw err;
  ^

Error: Cannot find module '../node_modules/@teambit/bit/dist/app'
Require stack:
- /Users/nitsancohen/.bvm/versions/0.2.29/bit-0.2.29/node_modules/@teambit/legacy/bin/bit.js
    at Module._resolveFilename (node:internal/modules/cjs/loader:1072:15)
    at Module._load (node:internal/modules/cjs/loader:925:27)
    at Module.require (node:internal/modules/cjs/loader:1139:19)
    at require (node:internal/modules/helpers:121:18)
    at Object.<anonymous> (/Users/nitsancohen/.bvm/versions/0.2.29/bit-0.2.29/node_modules/@teambit/legacy/bin/bit.js:3:1)
    at Module._compile (node:internal/modules/cjs/loader:1257:14)
    at Module._extensions..js (node:internal/modules/cjs/loader:1311:10)
    at Module.load (node:internal/modules/cjs/loader:1115:32)
    at Module._load (node:internal/modules/cjs/loader:962:12)
    at Function.executeUserEntryPoint [as runMain] (node:internal/modules/run_main:83:12) {
  code: 'MODULE_NOT_FOUND',
  requireStack: [
    '/Users/nitsancohen/.bvm/versions/0.2.29/bit-0.2.29/node_modules/@teambit/legacy/bin/bit.js'
  ]
}

Node.js v20.3.1

    at checkExecSyncError (node:child_process:885:11)
    at Object.execSync (node:child_process:957:15)
    at CommandHelper.runCmd (src/e2e-helper/e2e-command-helper.ts:64:22)
    at ScopeHelper.initWorkspace (src/e2e-helper/e2e-scope-helper.ts:126:25)
    at ScopeHelper.reInitLocalScope (src/e2e-helper/e2e-scope-helper.ts:87:10)
    at ScopeHelper.setNewLocalAndRemoteScopes (src/e2e-helper/e2e-scope-helper.ts:141:10)
    at Context.<anonymous> (e2e/harmony/install.e2e.ts:109:26)
    at processImmediate (node:internal/timers:478:21)]]></failure>
    </testcase>
    <testcase name="install --no-optional using pnpm &quot;after all&quot; hook for &quot;should not install optional dependencies&quot;" time="0.0600" classname="&quot;after all&quot; hook for &quot;should not install optional dependencies&quot;">
      <failure message="Command failed: bit config del registry
node:internal/modules/cjs/loader:1075
  throw err;
  ^

Error: Cannot find module &apos;../node_modules/@teambit/bit/dist/app&apos;
Require stack:
- /Users/nitsancohen/.bvm/versions/0.2.29/bit-0.2.29/node_modules/@teambit/legacy/bin/bit.js
    at Module._resolveFilename (node:internal/modules/cjs/loader:1072:15)
    at Module._load (node:internal/modules/cjs/loader:925:27)
    at Module.require (node:internal/modules/cjs/loader:1139:19)
    at require (node:internal/modules/helpers:121:18)
    at Object.&lt;anonymous&gt; (/Users/nitsancohen/.bvm/versions/0.2.29/bit-0.2.29/node_modules/@teambit/legacy/bin/bit.js:3:1)
    at Module._compile (node:internal/modules/cjs/loader:1257:14)
    at Module._extensions..js (node:internal/modules/cjs/loader:1311:10)
    at Module.load (node:internal/modules/cjs/loader:1115:32)
    at Module._load (node:internal/modules/cjs/loader:962:12)
    at Function.executeUserEntryPoint [as runMain] (node:internal/modules/run_main:83:12) {
  code: &apos;MODULE_NOT_FOUND&apos;,
  requireStack: [
    &apos;/Users/nitsancohen/.bvm/versions/0.2.29/bit-0.2.29/node_modules/@teambit/legacy/bin/bit.js&apos;
  ]
}

Node.js v20.3.1
" type="Error"><![CDATA[Error: Command failed: bit config del registry
node:internal/modules/cjs/loader:1075
  throw err;
  ^

Error: Cannot find module '../node_modules/@teambit/bit/dist/app'
Require stack:
- /Users/nitsancohen/.bvm/versions/0.2.29/bit-0.2.29/node_modules/@teambit/legacy/bin/bit.js
    at Module._resolveFilename (node:internal/modules/cjs/loader:1072:15)
    at Module._load (node:internal/modules/cjs/loader:925:27)
    at Module.require (node:internal/modules/cjs/loader:1139:19)
    at require (node:internal/modules/helpers:121:18)
    at Object.<anonymous> (/Users/nitsancohen/.bvm/versions/0.2.29/bit-0.2.29/node_modules/@teambit/legacy/bin/bit.js:3:1)
    at Module._compile (node:internal/modules/cjs/loader:1257:14)
    at Module._extensions..js (node:internal/modules/cjs/loader:1311:10)
    at Module.load (node:internal/modules/cjs/loader:1115:32)
    at Module._load (node:internal/modules/cjs/loader:962:12)
    at Function.executeUserEntryPoint [as runMain] (node:internal/modules/run_main:83:12) {
  code: 'MODULE_NOT_FOUND',
  requireStack: [
    '/Users/nitsancohen/.bvm/versions/0.2.29/bit-0.2.29/node_modules/@teambit/legacy/bin/bit.js'
  ]
}

Node.js v20.3.1

    at checkExecSyncError (node:child_process:885:11)
    at Object.execSync (node:child_process:957:15)
    at CommandHelper.runCmd (src/e2e-helper/e2e-command-helper.ts:64:22)
    at CommandHelper.delConfig (src/e2e-helper/e2e-command-helper.ts:164:17)
    at Context.<anonymous> (e2e/harmony/install.e2e.ts:118:22)
    at processImmediate (node:internal/timers:478:21)]]></failure>
    </testcase>
  </testsuite>
  <testsuite name="install --update" timestamp="2023-08-21T21:40:36" tests="0" file="/Users/nitsancohen/coding/my-bit/bit/e2e/harmony/install.e2e.ts" time="0.0000" failures="0">
  </testsuite>
  <testsuite name="using pnpm" timestamp="2023-08-21T21:40:36" tests="2" file="/Users/nitsancohen/coding/my-bit/bit/e2e/harmony/install.e2e.ts" time="0.1430" failures="2">
    <testcase name="install --update using pnpm &quot;before all&quot; hook for &quot;should update direct dependency inside existing range&quot;" time="0.0820" classname="&quot;before all&quot; hook for &quot;should update direct dependency inside existing range&quot;">
      <failure message="Command failed: bit init
node:internal/modules/cjs/loader:1075
  throw err;
  ^

Error: Cannot find module &apos;../node_modules/@teambit/bit/dist/app&apos;
Require stack:
- /Users/nitsancohen/.bvm/versions/0.2.29/bit-0.2.29/node_modules/@teambit/legacy/bin/bit.js
    at Module._resolveFilename (node:internal/modules/cjs/loader:1072:15)
    at Module._load (node:internal/modules/cjs/loader:925:27)
    at Module.require (node:internal/modules/cjs/loader:1139:19)
    at require (node:internal/modules/helpers:121:18)
    at Object.&lt;anonymous&gt; (/Users/nitsancohen/.bvm/versions/0.2.29/bit-0.2.29/node_modules/@teambit/legacy/bin/bit.js:3:1)
    at Module._compile (node:internal/modules/cjs/loader:1257:14)
    at Module._extensions..js (node:internal/modules/cjs/loader:1311:10)
    at Module.load (node:internal/modules/cjs/loader:1115:32)
    at Module._load (node:internal/modules/cjs/loader:962:12)
    at Function.executeUserEntryPoint [as runMain] (node:internal/modules/run_main:83:12) {
  code: &apos;MODULE_NOT_FOUND&apos;,
  requireStack: [
    &apos;/Users/nitsancohen/.bvm/versions/0.2.29/bit-0.2.29/node_modules/@teambit/legacy/bin/bit.js&apos;
  ]
}

Node.js v20.3.1
" type="Error"><![CDATA[Error: Command failed: bit init
node:internal/modules/cjs/loader:1075
  throw err;
  ^

Error: Cannot find module '../node_modules/@teambit/bit/dist/app'
Require stack:
- /Users/nitsancohen/.bvm/versions/0.2.29/bit-0.2.29/node_modules/@teambit/legacy/bin/bit.js
    at Module._resolveFilename (node:internal/modules/cjs/loader:1072:15)
    at Module._load (node:internal/modules/cjs/loader:925:27)
    at Module.require (node:internal/modules/cjs/loader:1139:19)
    at require (node:internal/modules/helpers:121:18)
    at Object.<anonymous> (/Users/nitsancohen/.bvm/versions/0.2.29/bit-0.2.29/node_modules/@teambit/legacy/bin/bit.js:3:1)
    at Module._compile (node:internal/modules/cjs/loader:1257:14)
    at Module._extensions..js (node:internal/modules/cjs/loader:1311:10)
    at Module.load (node:internal/modules/cjs/loader:1115:32)
    at Module._load (node:internal/modules/cjs/loader:962:12)
    at Function.executeUserEntryPoint [as runMain] (node:internal/modules/run_main:83:12) {
  code: 'MODULE_NOT_FOUND',
  requireStack: [
    '/Users/nitsancohen/.bvm/versions/0.2.29/bit-0.2.29/node_modules/@teambit/legacy/bin/bit.js'
  ]
}

Node.js v20.3.1

    at checkExecSyncError (node:child_process:885:11)
    at Object.execSync (node:child_process:957:15)
    at CommandHelper.runCmd (src/e2e-helper/e2e-command-helper.ts:64:22)
    at ScopeHelper.initWorkspace (src/e2e-helper/e2e-scope-helper.ts:126:25)
    at ScopeHelper.reInitLocalScope (src/e2e-helper/e2e-scope-helper.ts:87:10)
    at ScopeHelper.setNewLocalAndRemoteScopes (src/e2e-helper/e2e-scope-helper.ts:141:10)
    at Context.<anonymous> (e2e/harmony/install.e2e.ts:137:26)
    at processImmediate (node:internal/timers:478:21)]]></failure>
    </testcase>
    <testcase name="install --update using pnpm &quot;after all&quot; hook for &quot;should update subdependency inside existing range&quot;" time="0.0610" classname="&quot;after all&quot; hook for &quot;should update subdependency inside existing range&quot;">
      <failure message="Command failed: bit config del registry
node:internal/modules/cjs/loader:1075
  throw err;
  ^

Error: Cannot find module &apos;../node_modules/@teambit/bit/dist/app&apos;
Require stack:
- /Users/nitsancohen/.bvm/versions/0.2.29/bit-0.2.29/node_modules/@teambit/legacy/bin/bit.js
    at Module._resolveFilename (node:internal/modules/cjs/loader:1072:15)
    at Module._load (node:internal/modules/cjs/loader:925:27)
    at Module.require (node:internal/modules/cjs/loader:1139:19)
    at require (node:internal/modules/helpers:121:18)
    at Object.&lt;anonymous&gt; (/Users/nitsancohen/.bvm/versions/0.2.29/bit-0.2.29/node_modules/@teambit/legacy/bin/bit.js:3:1)
    at Module._compile (node:internal/modules/cjs/loader:1257:14)
    at Module._extensions..js (node:internal/modules/cjs/loader:1311:10)
    at Module.load (node:internal/modules/cjs/loader:1115:32)
    at Module._load (node:internal/modules/cjs/loader:962:12)
    at Function.executeUserEntryPoint [as runMain] (node:internal/modules/run_main:83:12) {
  code: &apos;MODULE_NOT_FOUND&apos;,
  requireStack: [
    &apos;/Users/nitsancohen/.bvm/versions/0.2.29/bit-0.2.29/node_modules/@teambit/legacy/bin/bit.js&apos;
  ]
}

Node.js v20.3.1
" type="Error"><![CDATA[Error: Command failed: bit config del registry
node:internal/modules/cjs/loader:1075
  throw err;
  ^

Error: Cannot find module '../node_modules/@teambit/bit/dist/app'
Require stack:
- /Users/nitsancohen/.bvm/versions/0.2.29/bit-0.2.29/node_modules/@teambit/legacy/bin/bit.js
    at Module._resolveFilename (node:internal/modules/cjs/loader:1072:15)
    at Module._load (node:internal/modules/cjs/loader:925:27)
    at Module.require (node:internal/modules/cjs/loader:1139:19)
    at require (node:internal/modules/helpers:121:18)
    at Object.<anonymous> (/Users/nitsancohen/.bvm/versions/0.2.29/bit-0.2.29/node_modules/@teambit/legacy/bin/bit.js:3:1)
    at Module._compile (node:internal/modules/cjs/loader:1257:14)
    at Module._extensions..js (node:internal/modules/cjs/loader:1311:10)
    at Module.load (node:internal/modules/cjs/loader:1115:32)
    at Module._load (node:internal/modules/cjs/loader:962:12)
    at Function.executeUserEntryPoint [as runMain] (node:internal/modules/run_main:83:12) {
  code: 'MODULE_NOT_FOUND',
  requireStack: [
    '/Users/nitsancohen/.bvm/versions/0.2.29/bit-0.2.29/node_modules/@teambit/legacy/bin/bit.js'
  ]
}

Node.js v20.3.1

    at checkExecSyncError (node:child_process:885:11)
    at Object.execSync (node:child_process:957:15)
    at CommandHelper.runCmd (src/e2e-helper/e2e-command-helper.ts:64:22)
    at CommandHelper.delConfig (src/e2e-helper/e2e-command-helper.ts:164:17)
    at Context.<anonymous> (e2e/harmony/install.e2e.ts:151:22)
    at processImmediate (node:internal/timers:478:21)]]></failure>
    </testcase>
  </testsuite>
  <testsuite name="install new dependencies" timestamp="2023-08-21T21:40:36" tests="0" file="/Users/nitsancohen/coding/my-bit/bit/e2e/harmony/install.e2e.ts" time="0.0000" failures="0">
  </testsuite>
  <testsuite name="using pnpm" timestamp="2023-08-21T21:40:36" tests="4" file="/Users/nitsancohen/coding/my-bit/bit/e2e/harmony/install.e2e.ts" time="0.0600" failures="1">
    <testcase name="install new dependencies using pnpm &quot;before all&quot; hook for &quot;should add new dependency preserving the ~ prefix&quot;" time="0.0600" classname="&quot;before all&quot; hook for &quot;should add new dependency preserving the ~ prefix&quot;">
      <failure message="Command failed: bit init
node:internal/modules/cjs/loader:1075
  throw err;
  ^

Error: Cannot find module &apos;../node_modules/@teambit/bit/dist/app&apos;
Require stack:
- /Users/nitsancohen/.bvm/versions/0.2.29/bit-0.2.29/node_modules/@teambit/legacy/bin/bit.js
    at Module._resolveFilename (node:internal/modules/cjs/loader:1072:15)
    at Module._load (node:internal/modules/cjs/loader:925:27)
    at Module.require (node:internal/modules/cjs/loader:1139:19)
    at require (node:internal/modules/helpers:121:18)
    at Object.&lt;anonymous&gt; (/Users/nitsancohen/.bvm/versions/0.2.29/bit-0.2.29/node_modules/@teambit/legacy/bin/bit.js:3:1)
    at Module._compile (node:internal/modules/cjs/loader:1257:14)
    at Module._extensions..js (node:internal/modules/cjs/loader:1311:10)
    at Module.load (node:internal/modules/cjs/loader:1115:32)
    at Module._load (node:internal/modules/cjs/loader:962:12)
    at Function.executeUserEntryPoint [as runMain] (node:internal/modules/run_main:83:12) {
  code: &apos;MODULE_NOT_FOUND&apos;,
  requireStack: [
    &apos;/Users/nitsancohen/.bvm/versions/0.2.29/bit-0.2.29/node_modules/@teambit/legacy/bin/bit.js&apos;
  ]
}

Node.js v20.3.1
" type="Error"><![CDATA[Error: Command failed: bit init
node:internal/modules/cjs/loader:1075
  throw err;
  ^

Error: Cannot find module '../node_modules/@teambit/bit/dist/app'
Require stack:
- /Users/nitsancohen/.bvm/versions/0.2.29/bit-0.2.29/node_modules/@teambit/legacy/bin/bit.js
    at Module._resolveFilename (node:internal/modules/cjs/loader:1072:15)
    at Module._load (node:internal/modules/cjs/loader:925:27)
    at Module.require (node:internal/modules/cjs/loader:1139:19)
    at require (node:internal/modules/helpers:121:18)
    at Object.<anonymous> (/Users/nitsancohen/.bvm/versions/0.2.29/bit-0.2.29/node_modules/@teambit/legacy/bin/bit.js:3:1)
    at Module._compile (node:internal/modules/cjs/loader:1257:14)
    at Module._extensions..js (node:internal/modules/cjs/loader:1311:10)
    at Module.load (node:internal/modules/cjs/loader:1115:32)
    at Module._load (node:internal/modules/cjs/loader:962:12)
    at Function.executeUserEntryPoint [as runMain] (node:internal/modules/run_main:83:12) {
  code: 'MODULE_NOT_FOUND',
  requireStack: [
    '/Users/nitsancohen/.bvm/versions/0.2.29/bit-0.2.29/node_modules/@teambit/legacy/bin/bit.js'
  ]
}

Node.js v20.3.1

    at checkExecSyncError (node:child_process:885:11)
    at Object.execSync (node:child_process:957:15)
    at CommandHelper.runCmd (src/e2e-helper/e2e-command-helper.ts:64:22)
    at ScopeHelper.initWorkspace (src/e2e-helper/e2e-scope-helper.ts:126:25)
    at ScopeHelper.reInitLocalScope (src/e2e-helper/e2e-scope-helper.ts:87:10)
    at ScopeHelper.setNewLocalAndRemoteScopes (src/e2e-helper/e2e-scope-helper.ts:141:10)
    at Context.<anonymous> (e2e/harmony/install.e2e.ts:175:26)
    at processImmediate (node:internal/timers:478:21)]]></failure>
    </testcase>
  </testsuite>
  <testsuite name="using yarn" timestamp="2023-08-21T21:40:36" tests="4" file="/Users/nitsancohen/coding/my-bit/bit/e2e/harmony/install.e2e.ts" time="0.0610" failures="1">
    <testcase name="install new dependencies using yarn &quot;before all&quot; hook for &quot;should add new dependency preserving the ~ prefix&quot;" time="0.0610" classname="&quot;before all&quot; hook for &quot;should add new dependency preserving the ~ prefix&quot;">
      <failure message="Command failed: bit init
node:internal/modules/cjs/loader:1075
  throw err;
  ^

Error: Cannot find module &apos;../node_modules/@teambit/bit/dist/app&apos;
Require stack:
- /Users/nitsancohen/.bvm/versions/0.2.29/bit-0.2.29/node_modules/@teambit/legacy/bin/bit.js
    at Module._resolveFilename (node:internal/modules/cjs/loader:1072:15)
    at Module._load (node:internal/modules/cjs/loader:925:27)
    at Module.require (node:internal/modules/cjs/loader:1139:19)
    at require (node:internal/modules/helpers:121:18)
    at Object.&lt;anonymous&gt; (/Users/nitsancohen/.bvm/versions/0.2.29/bit-0.2.29/node_modules/@teambit/legacy/bin/bit.js:3:1)
    at Module._compile (node:internal/modules/cjs/loader:1257:14)
    at Module._extensions..js (node:internal/modules/cjs/loader:1311:10)
    at Module.load (node:internal/modules/cjs/loader:1115:32)
    at Module._load (node:internal/modules/cjs/loader:962:12)
    at Function.executeUserEntryPoint [as runMain] (node:internal/modules/run_main:83:12) {
  code: &apos;MODULE_NOT_FOUND&apos;,
  requireStack: [
    &apos;/Users/nitsancohen/.bvm/versions/0.2.29/bit-0.2.29/node_modules/@teambit/legacy/bin/bit.js&apos;
  ]
}

Node.js v20.3.1
" type="Error"><![CDATA[Error: Command failed: bit init
node:internal/modules/cjs/loader:1075
  throw err;
  ^

Error: Cannot find module '../node_modules/@teambit/bit/dist/app'
Require stack:
- /Users/nitsancohen/.bvm/versions/0.2.29/bit-0.2.29/node_modules/@teambit/legacy/bin/bit.js
    at Module._resolveFilename (node:internal/modules/cjs/loader:1072:15)
    at Module._load (node:internal/modules/cjs/loader:925:27)
    at Module.require (node:internal/modules/cjs/loader:1139:19)
    at require (node:internal/modules/helpers:121:18)
    at Object.<anonymous> (/Users/nitsancohen/.bvm/versions/0.2.29/bit-0.2.29/node_modules/@teambit/legacy/bin/bit.js:3:1)
    at Module._compile (node:internal/modules/cjs/loader:1257:14)
    at Module._extensions..js (node:internal/modules/cjs/loader:1311:10)
    at Module.load (node:internal/modules/cjs/loader:1115:32)
    at Module._load (node:internal/modules/cjs/loader:962:12)
    at Function.executeUserEntryPoint [as runMain] (node:internal/modules/run_main:83:12) {
  code: 'MODULE_NOT_FOUND',
  requireStack: [
    '/Users/nitsancohen/.bvm/versions/0.2.29/bit-0.2.29/node_modules/@teambit/legacy/bin/bit.js'
  ]
}

Node.js v20.3.1

    at checkExecSyncError (node:child_process:885:11)
    at Object.execSync (node:child_process:957:15)
    at CommandHelper.runCmd (src/e2e-helper/e2e-command-helper.ts:64:22)
    at ScopeHelper.initWorkspace (src/e2e-helper/e2e-scope-helper.ts:126:25)
    at ScopeHelper.reInitLocalScope (src/e2e-helper/e2e-scope-helper.ts:87:10)
    at ScopeHelper.setNewLocalAndRemoteScopes (src/e2e-helper/e2e-scope-helper.ts:141:10)
    at Context.<anonymous> (e2e/harmony/install.e2e.ts:201:26)
    at processImmediate (node:internal/timers:478:21)]]></failure>
    </testcase>
  </testsuite>
  <testsuite name="named install" timestamp="2023-08-21T21:40:36" tests="1" file="/Users/nitsancohen/coding/my-bit/bit/e2e/harmony/install.e2e.ts" time="0.0600" failures="1">
    <testcase name="named install &quot;before all&quot; hook for &quot;should override already existing dependency with the latest version&quot;" time="0.0600" classname="&quot;before all&quot; hook for &quot;should override already existing dependency with the latest version&quot;">
      <failure message="Command failed: bit init
node:internal/modules/cjs/loader:1075
  throw err;
  ^

Error: Cannot find module &apos;../node_modules/@teambit/bit/dist/app&apos;
Require stack:
- /Users/nitsancohen/.bvm/versions/0.2.29/bit-0.2.29/node_modules/@teambit/legacy/bin/bit.js
    at Module._resolveFilename (node:internal/modules/cjs/loader:1072:15)
    at Module._load (node:internal/modules/cjs/loader:925:27)
    at Module.require (node:internal/modules/cjs/loader:1139:19)
    at require (node:internal/modules/helpers:121:18)
    at Object.&lt;anonymous&gt; (/Users/nitsancohen/.bvm/versions/0.2.29/bit-0.2.29/node_modules/@teambit/legacy/bin/bit.js:3:1)
    at Module._compile (node:internal/modules/cjs/loader:1257:14)
    at Module._extensions..js (node:internal/modules/cjs/loader:1311:10)
    at Module.load (node:internal/modules/cjs/loader:1115:32)
    at Module._load (node:internal/modules/cjs/loader:962:12)
    at Function.executeUserEntryPoint [as runMain] (node:internal/modules/run_main:83:12) {
  code: &apos;MODULE_NOT_FOUND&apos;,
  requireStack: [
    &apos;/Users/nitsancohen/.bvm/versions/0.2.29/bit-0.2.29/node_modules/@teambit/legacy/bin/bit.js&apos;
  ]
}

Node.js v20.3.1
" type="Error"><![CDATA[Error: Command failed: bit init
node:internal/modules/cjs/loader:1075
  throw err;
  ^

Error: Cannot find module '../node_modules/@teambit/bit/dist/app'
Require stack:
- /Users/nitsancohen/.bvm/versions/0.2.29/bit-0.2.29/node_modules/@teambit/legacy/bin/bit.js
    at Module._resolveFilename (node:internal/modules/cjs/loader:1072:15)
    at Module._load (node:internal/modules/cjs/loader:925:27)
    at Module.require (node:internal/modules/cjs/loader:1139:19)
    at require (node:internal/modules/helpers:121:18)
    at Object.<anonymous> (/Users/nitsancohen/.bvm/versions/0.2.29/bit-0.2.29/node_modules/@teambit/legacy/bin/bit.js:3:1)
    at Module._compile (node:internal/modules/cjs/loader:1257:14)
    at Module._extensions..js (node:internal/modules/cjs/loader:1311:10)
    at Module.load (node:internal/modules/cjs/loader:1115:32)
    at Module._load (node:internal/modules/cjs/loader:962:12)
    at Function.executeUserEntryPoint [as runMain] (node:internal/modules/run_main:83:12) {
  code: 'MODULE_NOT_FOUND',
  requireStack: [
    '/Users/nitsancohen/.bvm/versions/0.2.29/bit-0.2.29/node_modules/@teambit/legacy/bin/bit.js'
  ]
}

Node.js v20.3.1

    at checkExecSyncError (node:child_process:885:11)
    at Object.execSync (node:child_process:957:15)
    at CommandHelper.runCmd (src/e2e-helper/e2e-command-helper.ts:64:22)
    at ScopeHelper.initWorkspace (src/e2e-helper/e2e-scope-helper.ts:126:25)
    at ScopeHelper.reInitLocalScope (src/e2e-helper/e2e-scope-helper.ts:87:10)
    at ScopeHelper.setNewLocalAndRemoteScopes (src/e2e-helper/e2e-scope-helper.ts:141:10)
    at Context.<anonymous> (e2e/harmony/install.e2e.ts:232:24)
    at processImmediate (node:internal/timers:478:21)]]></failure>
    </testcase>
  </testsuite>
  <testsuite name="installing a component dependency" timestamp="2023-08-21T21:40:36" tests="3" file="/Users/nitsancohen/coding/my-bit/bit/e2e/harmony/installing-component-dependency.e2e.ts" time="0.0610" failures="2">
    <testcase name="installing a component dependency &quot;before all&quot; hook for &quot;should install the version of the component dependency from the model, when it is not in the workspace policies&quot;" time="0.0610" classname="&quot;before all&quot; hook for &quot;should install the version of the component dependency from the model, when it is not in the workspace policies&quot;">
      <failure message="Command failed: bit init
node:internal/modules/cjs/loader:1075
  throw err;
  ^

Error: Cannot find module &apos;../node_modules/@teambit/bit/dist/app&apos;
Require stack:
- /Users/nitsancohen/.bvm/versions/0.2.29/bit-0.2.29/node_modules/@teambit/legacy/bin/bit.js
    at Module._resolveFilename (node:internal/modules/cjs/loader:1072:15)
    at Module._load (node:internal/modules/cjs/loader:925:27)
    at Module.require (node:internal/modules/cjs/loader:1139:19)
    at require (node:internal/modules/helpers:121:18)
    at Object.&lt;anonymous&gt; (/Users/nitsancohen/.bvm/versions/0.2.29/bit-0.2.29/node_modules/@teambit/legacy/bin/bit.js:3:1)
    at Module._compile (node:internal/modules/cjs/loader:1257:14)
    at Module._extensions..js (node:internal/modules/cjs/loader:1311:10)
    at Module.load (node:internal/modules/cjs/loader:1115:32)
    at Module._load (node:internal/modules/cjs/loader:962:12)
    at Function.executeUserEntryPoint [as runMain] (node:internal/modules/run_main:83:12) {
  code: &apos;MODULE_NOT_FOUND&apos;,
  requireStack: [
    &apos;/Users/nitsancohen/.bvm/versions/0.2.29/bit-0.2.29/node_modules/@teambit/legacy/bin/bit.js&apos;
  ]
}

Node.js v20.3.1
" type="Error"><![CDATA[Error: Command failed: bit init
node:internal/modules/cjs/loader:1075
  throw err;
  ^

Error: Cannot find module '../node_modules/@teambit/bit/dist/app'
Require stack:
- /Users/nitsancohen/.bvm/versions/0.2.29/bit-0.2.29/node_modules/@teambit/legacy/bin/bit.js
    at Module._resolveFilename (node:internal/modules/cjs/loader:1072:15)
    at Module._load (node:internal/modules/cjs/loader:925:27)
    at Module.require (node:internal/modules/cjs/loader:1139:19)
    at require (node:internal/modules/helpers:121:18)
    at Object.<anonymous> (/Users/nitsancohen/.bvm/versions/0.2.29/bit-0.2.29/node_modules/@teambit/legacy/bin/bit.js:3:1)
    at Module._compile (node:internal/modules/cjs/loader:1257:14)
    at Module._extensions..js (node:internal/modules/cjs/loader:1311:10)
    at Module.load (node:internal/modules/cjs/loader:1115:32)
    at Module._load (node:internal/modules/cjs/loader:962:12)
    at Function.executeUserEntryPoint [as runMain] (node:internal/modules/run_main:83:12) {
  code: 'MODULE_NOT_FOUND',
  requireStack: [
    '/Users/nitsancohen/.bvm/versions/0.2.29/bit-0.2.29/node_modules/@teambit/legacy/bin/bit.js'
  ]
}

Node.js v20.3.1

    at checkExecSyncError (node:child_process:885:11)
    at Object.execSync (node:child_process:957:15)
    at CommandHelper.runCmd (src/e2e-helper/e2e-command-helper.ts:64:22)
    at ScopeHelper.initWorkspace (src/e2e-helper/e2e-scope-helper.ts:126:25)
    at ScopeHelper.reInitLocalScope (src/e2e-helper/e2e-scope-helper.ts:87:10)
    at ScopeHelper.setNewLocalAndRemoteScopes (src/e2e-helper/e2e-scope-helper.ts:141:10)
    at Context.<anonymous> (e2e/harmony/installing-component-dependency.e2e.ts:14:24)
    at processImmediate (node:internal/timers:478:21)]]></failure>
    </testcase>
    <testcase name="installing a component dependency &quot;after all&quot; hook for &quot;should not install the version of the component dependency from the model, when the component dependency is in the bitmap config&quot;" time="0.0000" classname="&quot;after all&quot; hook for &quot;should not install the version of the component dependency from the model, when the component dependency is in the bitmap config&quot;">
      <failure message="Cannot read properties of undefined (reading &apos;destroy&apos;)" type="TypeError"><![CDATA[TypeError: Cannot read properties of undefined (reading 'destroy')
    at Context.<anonymous> (e2e/harmony/installing-component-dependency.e2e.ts:56:19)
    at processImmediate (node:internal/timers:478:21)]]></failure>
    </testcase>
  </testsuite>
  <testsuite name="Jest Tester" timestamp="2023-08-21T21:40:36" tests="0" file="/Users/nitsancohen/coding/my-bit/bit/e2e/harmony/jest.e2e.ts" time="0.0000" failures="0">
  </testsuite>
  <testsuite name="component without any test file" timestamp="2023-08-21T21:40:36" tests="3" file="/Users/nitsancohen/coding/my-bit/bit/e2e/harmony/jest.e2e.ts" time="0.0600" failures="1">
    <testcase name="Jest Tester component without any test file &quot;before all&quot; hook for &quot;bit test should not throw any error&quot;" time="0.0600" classname="&quot;before all&quot; hook for &quot;bit test should not throw any error&quot;">
      <failure message="Command failed: bit init
node:internal/modules/cjs/loader:1075
  throw err;
  ^

Error: Cannot find module &apos;../node_modules/@teambit/bit/dist/app&apos;
Require stack:
- /Users/nitsancohen/.bvm/versions/0.2.29/bit-0.2.29/node_modules/@teambit/legacy/bin/bit.js
    at Module._resolveFilename (node:internal/modules/cjs/loader:1072:15)
    at Module._load (node:internal/modules/cjs/loader:925:27)
    at Module.require (node:internal/modules/cjs/loader:1139:19)
    at require (node:internal/modules/helpers:121:18)
    at Object.&lt;anonymous&gt; (/Users/nitsancohen/.bvm/versions/0.2.29/bit-0.2.29/node_modules/@teambit/legacy/bin/bit.js:3:1)
    at Module._compile (node:internal/modules/cjs/loader:1257:14)
    at Module._extensions..js (node:internal/modules/cjs/loader:1311:10)
    at Module.load (node:internal/modules/cjs/loader:1115:32)
    at Module._load (node:internal/modules/cjs/loader:962:12)
    at Function.executeUserEntryPoint [as runMain] (node:internal/modules/run_main:83:12) {
  code: &apos;MODULE_NOT_FOUND&apos;,
  requireStack: [
    &apos;/Users/nitsancohen/.bvm/versions/0.2.29/bit-0.2.29/node_modules/@teambit/legacy/bin/bit.js&apos;
  ]
}

Node.js v20.3.1
" type="Error"><![CDATA[Error: Command failed: bit init
node:internal/modules/cjs/loader:1075
  throw err;
  ^

Error: Cannot find module '../node_modules/@teambit/bit/dist/app'
Require stack:
- /Users/nitsancohen/.bvm/versions/0.2.29/bit-0.2.29/node_modules/@teambit/legacy/bin/bit.js
    at Module._resolveFilename (node:internal/modules/cjs/loader:1072:15)
    at Module._load (node:internal/modules/cjs/loader:925:27)
    at Module.require (node:internal/modules/cjs/loader:1139:19)
    at require (node:internal/modules/helpers:121:18)
    at Object.<anonymous> (/Users/nitsancohen/.bvm/versions/0.2.29/bit-0.2.29/node_modules/@teambit/legacy/bin/bit.js:3:1)
    at Module._compile (node:internal/modules/cjs/loader:1257:14)
    at Module._extensions..js (node:internal/modules/cjs/loader:1311:10)
    at Module.load (node:internal/modules/cjs/loader:1115:32)
    at Module._load (node:internal/modules/cjs/loader:962:12)
    at Function.executeUserEntryPoint [as runMain] (node:internal/modules/run_main:83:12) {
  code: 'MODULE_NOT_FOUND',
  requireStack: [
    '/Users/nitsancohen/.bvm/versions/0.2.29/bit-0.2.29/node_modules/@teambit/legacy/bin/bit.js'
  ]
}

Node.js v20.3.1

    at checkExecSyncError (node:child_process:885:11)
    at Object.execSync (node:child_process:957:15)
    at CommandHelper.runCmd (src/e2e-helper/e2e-command-helper.ts:64:22)
    at ScopeHelper.initWorkspace (src/e2e-helper/e2e-scope-helper.ts:126:25)
    at ScopeHelper.reInitLocalScope (src/e2e-helper/e2e-scope-helper.ts:87:10)
    at Context.<anonymous> (e2e/harmony/jest.e2e.ts:18:26)
    at processImmediate (node:internal/timers:478:21)]]></failure>
    </testcase>
  </testsuite>
  <testsuite name="component with a passing test" timestamp="2023-08-21T21:40:36" tests="2" file="/Users/nitsancohen/coding/my-bit/bit/e2e/harmony/jest.e2e.ts" time="0.0600" failures="1">
    <testcase name="Jest Tester component with a passing test &quot;before all&quot; hook for &quot;bit test should show the passing component via Jest output&quot;" time="0.0600" classname="&quot;before all&quot; hook for &quot;bit test should show the passing component via Jest output&quot;">
      <failure message="Command failed: bit init
node:internal/modules/cjs/loader:1075
  throw err;
  ^

Error: Cannot find module &apos;../node_modules/@teambit/bit/dist/app&apos;
Require stack:
- /Users/nitsancohen/.bvm/versions/0.2.29/bit-0.2.29/node_modules/@teambit/legacy/bin/bit.js
    at Module._resolveFilename (node:internal/modules/cjs/loader:1072:15)
    at Module._load (node:internal/modules/cjs/loader:925:27)
    at Module.require (node:internal/modules/cjs/loader:1139:19)
    at require (node:internal/modules/helpers:121:18)
    at Object.&lt;anonymous&gt; (/Users/nitsancohen/.bvm/versions/0.2.29/bit-0.2.29/node_modules/@teambit/legacy/bin/bit.js:3:1)
    at Module._compile (node:internal/modules/cjs/loader:1257:14)
    at Module._extensions..js (node:internal/modules/cjs/loader:1311:10)
    at Module.load (node:internal/modules/cjs/loader:1115:32)
    at Module._load (node:internal/modules/cjs/loader:962:12)
    at Function.executeUserEntryPoint [as runMain] (node:internal/modules/run_main:83:12) {
  code: &apos;MODULE_NOT_FOUND&apos;,
  requireStack: [
    &apos;/Users/nitsancohen/.bvm/versions/0.2.29/bit-0.2.29/node_modules/@teambit/legacy/bin/bit.js&apos;
  ]
}

Node.js v20.3.1
" type="Error"><![CDATA[Error: Command failed: bit init
node:internal/modules/cjs/loader:1075
  throw err;
  ^

Error: Cannot find module '../node_modules/@teambit/bit/dist/app'
Require stack:
- /Users/nitsancohen/.bvm/versions/0.2.29/bit-0.2.29/node_modules/@teambit/legacy/bin/bit.js
    at Module._resolveFilename (node:internal/modules/cjs/loader:1072:15)
    at Module._load (node:internal/modules/cjs/loader:925:27)
    at Module.require (node:internal/modules/cjs/loader:1139:19)
    at require (node:internal/modules/helpers:121:18)
    at Object.<anonymous> (/Users/nitsancohen/.bvm/versions/0.2.29/bit-0.2.29/node_modules/@teambit/legacy/bin/bit.js:3:1)
    at Module._compile (node:internal/modules/cjs/loader:1257:14)
    at Module._extensions..js (node:internal/modules/cjs/loader:1311:10)
    at Module.load (node:internal/modules/cjs/loader:1115:32)
    at Module._load (node:internal/modules/cjs/loader:962:12)
    at Function.executeUserEntryPoint [as runMain] (node:internal/modules/run_main:83:12) {
  code: 'MODULE_NOT_FOUND',
  requireStack: [
    '/Users/nitsancohen/.bvm/versions/0.2.29/bit-0.2.29/node_modules/@teambit/legacy/bin/bit.js'
  ]
}

Node.js v20.3.1

    at checkExecSyncError (node:child_process:885:11)
    at Object.execSync (node:child_process:957:15)
    at CommandHelper.runCmd (src/e2e-helper/e2e-command-helper.ts:64:22)
    at ScopeHelper.initWorkspace (src/e2e-helper/e2e-scope-helper.ts:126:25)
    at ScopeHelper.reInitLocalScope (src/e2e-helper/e2e-scope-helper.ts:87:10)
    at Context.<anonymous> (e2e/harmony/jest.e2e.ts:39:26)
    at processImmediate (node:internal/timers:478:21)]]></failure>
    </testcase>
  </testsuite>
  <testsuite name="component with a failing test" timestamp="2023-08-21T21:40:36" tests="4" file="/Users/nitsancohen/coding/my-bit/bit/e2e/harmony/jest.e2e.ts" time="0.0590" failures="1">
    <testcase name="Jest Tester component with a failing test &quot;before all&quot; hook for &quot;bit test should exit with non-zero code&quot;" time="0.0590" classname="&quot;before all&quot; hook for &quot;bit test should exit with non-zero code&quot;">
      <failure message="Command failed: bit init
node:internal/modules/cjs/loader:1075
  throw err;
  ^

Error: Cannot find module &apos;../node_modules/@teambit/bit/dist/app&apos;
Require stack:
- /Users/nitsancohen/.bvm/versions/0.2.29/bit-0.2.29/node_modules/@teambit/legacy/bin/bit.js
    at Module._resolveFilename (node:internal/modules/cjs/loader:1072:15)
    at Module._load (node:internal/modules/cjs/loader:925:27)
    at Module.require (node:internal/modules/cjs/loader:1139:19)
    at require (node:internal/modules/helpers:121:18)
    at Object.&lt;anonymous&gt; (/Users/nitsancohen/.bvm/versions/0.2.29/bit-0.2.29/node_modules/@teambit/legacy/bin/bit.js:3:1)
    at Module._compile (node:internal/modules/cjs/loader:1257:14)
    at Module._extensions..js (node:internal/modules/cjs/loader:1311:10)
    at Module.load (node:internal/modules/cjs/loader:1115:32)
    at Module._load (node:internal/modules/cjs/loader:962:12)
    at Function.executeUserEntryPoint [as runMain] (node:internal/modules/run_main:83:12) {
  code: &apos;MODULE_NOT_FOUND&apos;,
  requireStack: [
    &apos;/Users/nitsancohen/.bvm/versions/0.2.29/bit-0.2.29/node_modules/@teambit/legacy/bin/bit.js&apos;
  ]
}

Node.js v20.3.1
" type="Error"><![CDATA[Error: Command failed: bit init
node:internal/modules/cjs/loader:1075
  throw err;
  ^

Error: Cannot find module '../node_modules/@teambit/bit/dist/app'
Require stack:
- /Users/nitsancohen/.bvm/versions/0.2.29/bit-0.2.29/node_modules/@teambit/legacy/bin/bit.js
    at Module._resolveFilename (node:internal/modules/cjs/loader:1072:15)
    at Module._load (node:internal/modules/cjs/loader:925:27)
    at Module.require (node:internal/modules/cjs/loader:1139:19)
    at require (node:internal/modules/helpers:121:18)
    at Object.<anonymous> (/Users/nitsancohen/.bvm/versions/0.2.29/bit-0.2.29/node_modules/@teambit/legacy/bin/bit.js:3:1)
    at Module._compile (node:internal/modules/cjs/loader:1257:14)
    at Module._extensions..js (node:internal/modules/cjs/loader:1311:10)
    at Module.load (node:internal/modules/cjs/loader:1115:32)
    at Module._load (node:internal/modules/cjs/loader:962:12)
    at Function.executeUserEntryPoint [as runMain] (node:internal/modules/run_main:83:12) {
  code: 'MODULE_NOT_FOUND',
  requireStack: [
    '/Users/nitsancohen/.bvm/versions/0.2.29/bit-0.2.29/node_modules/@teambit/legacy/bin/bit.js'
  ]
}

Node.js v20.3.1

    at checkExecSyncError (node:child_process:885:11)
    at Object.execSync (node:child_process:957:15)
    at CommandHelper.runCmd (src/e2e-helper/e2e-command-helper.ts:64:22)
    at ScopeHelper.initWorkspace (src/e2e-helper/e2e-scope-helper.ts:126:25)
    at ScopeHelper.reInitLocalScope (src/e2e-helper/e2e-scope-helper.ts:87:10)
    at Context.<anonymous> (e2e/harmony/jest.e2e.ts:54:26)
    at processImmediate (node:internal/timers:478:21)]]></failure>
    </testcase>
  </testsuite>
  <testsuite name="component with an errored test" timestamp="2023-08-21T21:40:36" tests="3" file="/Users/nitsancohen/coding/my-bit/bit/e2e/harmony/jest.e2e.ts" time="0.0610" failures="1">
    <testcase name="Jest Tester component with an errored test &quot;before all&quot; hook for &quot;bit test should exit with non-zero code&quot;" time="0.0610" classname="&quot;before all&quot; hook for &quot;bit test should exit with non-zero code&quot;">
      <failure message="Command failed: bit init
node:internal/modules/cjs/loader:1075
  throw err;
  ^

Error: Cannot find module &apos;../node_modules/@teambit/bit/dist/app&apos;
Require stack:
- /Users/nitsancohen/.bvm/versions/0.2.29/bit-0.2.29/node_modules/@teambit/legacy/bin/bit.js
    at Module._resolveFilename (node:internal/modules/cjs/loader:1072:15)
    at Module._load (node:internal/modules/cjs/loader:925:27)
    at Module.require (node:internal/modules/cjs/loader:1139:19)
    at require (node:internal/modules/helpers:121:18)
    at Object.&lt;anonymous&gt; (/Users/nitsancohen/.bvm/versions/0.2.29/bit-0.2.29/node_modules/@teambit/legacy/bin/bit.js:3:1)
    at Module._compile (node:internal/modules/cjs/loader:1257:14)
    at Module._extensions..js (node:internal/modules/cjs/loader:1311:10)
    at Module.load (node:internal/modules/cjs/loader:1115:32)
    at Module._load (node:internal/modules/cjs/loader:962:12)
    at Function.executeUserEntryPoint [as runMain] (node:internal/modules/run_main:83:12) {
  code: &apos;MODULE_NOT_FOUND&apos;,
  requireStack: [
    &apos;/Users/nitsancohen/.bvm/versions/0.2.29/bit-0.2.29/node_modules/@teambit/legacy/bin/bit.js&apos;
  ]
}

Node.js v20.3.1
" type="Error"><![CDATA[Error: Command failed: bit init
node:internal/modules/cjs/loader:1075
  throw err;
  ^

Error: Cannot find module '../node_modules/@teambit/bit/dist/app'
Require stack:
- /Users/nitsancohen/.bvm/versions/0.2.29/bit-0.2.29/node_modules/@teambit/legacy/bin/bit.js
    at Module._resolveFilename (node:internal/modules/cjs/loader:1072:15)
    at Module._load (node:internal/modules/cjs/loader:925:27)
    at Module.require (node:internal/modules/cjs/loader:1139:19)
    at require (node:internal/modules/helpers:121:18)
    at Object.<anonymous> (/Users/nitsancohen/.bvm/versions/0.2.29/bit-0.2.29/node_modules/@teambit/legacy/bin/bit.js:3:1)
    at Module._compile (node:internal/modules/cjs/loader:1257:14)
    at Module._extensions..js (node:internal/modules/cjs/loader:1311:10)
    at Module.load (node:internal/modules/cjs/loader:1115:32)
    at Module._load (node:internal/modules/cjs/loader:962:12)
    at Function.executeUserEntryPoint [as runMain] (node:internal/modules/run_main:83:12) {
  code: 'MODULE_NOT_FOUND',
  requireStack: [
    '/Users/nitsancohen/.bvm/versions/0.2.29/bit-0.2.29/node_modules/@teambit/legacy/bin/bit.js'
  ]
}

Node.js v20.3.1

    at checkExecSyncError (node:child_process:885:11)
    at Object.execSync (node:child_process:957:15)
    at CommandHelper.runCmd (src/e2e-helper/e2e-command-helper.ts:64:22)
    at ScopeHelper.initWorkspace (src/e2e-helper/e2e-scope-helper.ts:126:25)
    at ScopeHelper.reInitLocalScope (src/e2e-helper/e2e-scope-helper.ts:87:10)
    at Context.<anonymous> (e2e/harmony/jest.e2e.ts:77:26)
    at processImmediate (node:internal/timers:478:21)]]></failure>
    </testcase>
  </testsuite>
  <testsuite name="env with an incorrect Jest config" timestamp="2023-08-21T21:40:36" tests="3" file="/Users/nitsancohen/coding/my-bit/bit/e2e/harmony/jest.e2e.ts" time="0.0590" failures="1">
    <testcase name="Jest Tester env with an incorrect Jest config &quot;before all&quot; hook for &quot;bit test should exit with non-zero code&quot;" time="0.0590" classname="&quot;before all&quot; hook for &quot;bit test should exit with non-zero code&quot;">
      <failure message="Command failed: bit init
node:internal/modules/cjs/loader:1075
  throw err;
  ^

Error: Cannot find module &apos;../node_modules/@teambit/bit/dist/app&apos;
Require stack:
- /Users/nitsancohen/.bvm/versions/0.2.29/bit-0.2.29/node_modules/@teambit/legacy/bin/bit.js
    at Module._resolveFilename (node:internal/modules/cjs/loader:1072:15)
    at Module._load (node:internal/modules/cjs/loader:925:27)
    at Module.require (node:internal/modules/cjs/loader:1139:19)
    at require (node:internal/modules/helpers:121:18)
    at Object.&lt;anonymous&gt; (/Users/nitsancohen/.bvm/versions/0.2.29/bit-0.2.29/node_modules/@teambit/legacy/bin/bit.js:3:1)
    at Module._compile (node:internal/modules/cjs/loader:1257:14)
    at Module._extensions..js (node:internal/modules/cjs/loader:1311:10)
    at Module.load (node:internal/modules/cjs/loader:1115:32)
    at Module._load (node:internal/modules/cjs/loader:962:12)
    at Function.executeUserEntryPoint [as runMain] (node:internal/modules/run_main:83:12) {
  code: &apos;MODULE_NOT_FOUND&apos;,
  requireStack: [
    &apos;/Users/nitsancohen/.bvm/versions/0.2.29/bit-0.2.29/node_modules/@teambit/legacy/bin/bit.js&apos;
  ]
}

Node.js v20.3.1
" type="Error"><![CDATA[Error: Command failed: bit init
node:internal/modules/cjs/loader:1075
  throw err;
  ^

Error: Cannot find module '../node_modules/@teambit/bit/dist/app'
Require stack:
- /Users/nitsancohen/.bvm/versions/0.2.29/bit-0.2.29/node_modules/@teambit/legacy/bin/bit.js
    at Module._resolveFilename (node:internal/modules/cjs/loader:1072:15)
    at Module._load (node:internal/modules/cjs/loader:925:27)
    at Module.require (node:internal/modules/cjs/loader:1139:19)
    at require (node:internal/modules/helpers:121:18)
    at Object.<anonymous> (/Users/nitsancohen/.bvm/versions/0.2.29/bit-0.2.29/node_modules/@teambit/legacy/bin/bit.js:3:1)
    at Module._compile (node:internal/modules/cjs/loader:1257:14)
    at Module._extensions..js (node:internal/modules/cjs/loader:1311:10)
    at Module.load (node:internal/modules/cjs/loader:1115:32)
    at Module._load (node:internal/modules/cjs/loader:962:12)
    at Function.executeUserEntryPoint [as runMain] (node:internal/modules/run_main:83:12) {
  code: 'MODULE_NOT_FOUND',
  requireStack: [
    '/Users/nitsancohen/.bvm/versions/0.2.29/bit-0.2.29/node_modules/@teambit/legacy/bin/bit.js'
  ]
}

Node.js v20.3.1

    at checkExecSyncError (node:child_process:885:11)
    at Object.execSync (node:child_process:957:15)
    at CommandHelper.runCmd (src/e2e-helper/e2e-command-helper.ts:64:22)
    at ScopeHelper.initWorkspace (src/e2e-helper/e2e-scope-helper.ts:126:25)
    at ScopeHelper.reInitLocalScope (src/e2e-helper/e2e-scope-helper.ts:87:10)
    at Context.<anonymous> (e2e/harmony/jest.e2e.ts:96:26)
    at processImmediate (node:internal/timers:478:21)]]></failure>
    </testcase>
  </testsuite>
  <testsuite name="env with custom spec resolver" timestamp="2023-08-21T21:40:36" tests="0" file="/Users/nitsancohen/coding/my-bit/bit/e2e/harmony/jest.e2e.ts" time="0.0610" failures="1">
    <testcase name="Jest Tester env with custom spec resolver &quot;before all&quot; hook in &quot;env with custom spec resolver&quot;" time="0.0610" classname="&quot;before all&quot; hook in &quot;env with custom spec resolver&quot;">
      <failure message="Command failed: bit init
node:internal/modules/cjs/loader:1075
  throw err;
  ^

Error: Cannot find module &apos;../node_modules/@teambit/bit/dist/app&apos;
Require stack:
- /Users/nitsancohen/.bvm/versions/0.2.29/bit-0.2.29/node_modules/@teambit/legacy/bin/bit.js
    at Module._resolveFilename (node:internal/modules/cjs/loader:1072:15)
    at Module._load (node:internal/modules/cjs/loader:925:27)
    at Module.require (node:internal/modules/cjs/loader:1139:19)
    at require (node:internal/modules/helpers:121:18)
    at Object.&lt;anonymous&gt; (/Users/nitsancohen/.bvm/versions/0.2.29/bit-0.2.29/node_modules/@teambit/legacy/bin/bit.js:3:1)
    at Module._compile (node:internal/modules/cjs/loader:1257:14)
    at Module._extensions..js (node:internal/modules/cjs/loader:1311:10)
    at Module.load (node:internal/modules/cjs/loader:1115:32)
    at Module._load (node:internal/modules/cjs/loader:962:12)
    at Function.executeUserEntryPoint [as runMain] (node:internal/modules/run_main:83:12) {
  code: &apos;MODULE_NOT_FOUND&apos;,
  requireStack: [
    &apos;/Users/nitsancohen/.bvm/versions/0.2.29/bit-0.2.29/node_modules/@teambit/legacy/bin/bit.js&apos;
  ]
}

Node.js v20.3.1
" type="Error"><![CDATA[Error: Command failed: bit init
node:internal/modules/cjs/loader:1075
  throw err;
  ^

Error: Cannot find module '../node_modules/@teambit/bit/dist/app'
Require stack:
- /Users/nitsancohen/.bvm/versions/0.2.29/bit-0.2.29/node_modules/@teambit/legacy/bin/bit.js
    at Module._resolveFilename (node:internal/modules/cjs/loader:1072:15)
    at Module._load (node:internal/modules/cjs/loader:925:27)
    at Module.require (node:internal/modules/cjs/loader:1139:19)
    at require (node:internal/modules/helpers:121:18)
    at Object.<anonymous> (/Users/nitsancohen/.bvm/versions/0.2.29/bit-0.2.29/node_modules/@teambit/legacy/bin/bit.js:3:1)
    at Module._compile (node:internal/modules/cjs/loader:1257:14)
    at Module._extensions..js (node:internal/modules/cjs/loader:1311:10)
    at Module.load (node:internal/modules/cjs/loader:1115:32)
    at Module._load (node:internal/modules/cjs/loader:962:12)
    at Function.executeUserEntryPoint [as runMain] (node:internal/modules/run_main:83:12) {
  code: 'MODULE_NOT_FOUND',
  requireStack: [
    '/Users/nitsancohen/.bvm/versions/0.2.29/bit-0.2.29/node_modules/@teambit/legacy/bin/bit.js'
  ]
}

Node.js v20.3.1

    at checkExecSyncError (node:child_process:885:11)
    at Object.execSync (node:child_process:957:15)
    at CommandHelper.runCmd (src/e2e-helper/e2e-command-helper.ts:64:22)
    at ScopeHelper.initWorkspace (src/e2e-helper/e2e-scope-helper.ts:126:25)
    at ScopeHelper.reInitLocalScope (src/e2e-helper/e2e-scope-helper.ts:87:10)
    at Context.<anonymous> (e2e/harmony/jest.e2e.ts:121:26)
    at processImmediate (node:internal/timers:478:21)]]></failure>
    </testcase>
  </testsuite>
  <testsuite name="bit lane merge-abort command" timestamp="2023-08-21T21:40:36" tests="0" file="/Users/nitsancohen/coding/my-bit/bit/e2e/harmony/lanes/abort-merge-lane.e2e.ts" time="0.0000" failures="0">
  </testsuite>
  <testsuite name="when the lane was merged successfully without conflicts or diverged" timestamp="2023-08-21T21:40:36" tests="3" file="/Users/nitsancohen/coding/my-bit/bit/e2e/harmony/lanes/abort-merge-lane.e2e.ts" time="0.0600" failures="1">
    <testcase name="bit lane merge-abort command when the lane was merged successfully without conflicts or diverged &quot;before all&quot; hook for &quot;should revert the .bitmap to the state before the merge&quot;" time="0.0600" classname="&quot;before all&quot; hook for &quot;should revert the .bitmap to the state before the merge&quot;">
      <failure message="Command failed: bit init
node:internal/modules/cjs/loader:1075
  throw err;
  ^

Error: Cannot find module &apos;../node_modules/@teambit/bit/dist/app&apos;
Require stack:
- /Users/nitsancohen/.bvm/versions/0.2.29/bit-0.2.29/node_modules/@teambit/legacy/bin/bit.js
    at Module._resolveFilename (node:internal/modules/cjs/loader:1072:15)
    at Module._load (node:internal/modules/cjs/loader:925:27)
    at Module.require (node:internal/modules/cjs/loader:1139:19)
    at require (node:internal/modules/helpers:121:18)
    at Object.&lt;anonymous&gt; (/Users/nitsancohen/.bvm/versions/0.2.29/bit-0.2.29/node_modules/@teambit/legacy/bin/bit.js:3:1)
    at Module._compile (node:internal/modules/cjs/loader:1257:14)
    at Module._extensions..js (node:internal/modules/cjs/loader:1311:10)
    at Module.load (node:internal/modules/cjs/loader:1115:32)
    at Module._load (node:internal/modules/cjs/loader:962:12)
    at Function.executeUserEntryPoint [as runMain] (node:internal/modules/run_main:83:12) {
  code: &apos;MODULE_NOT_FOUND&apos;,
  requireStack: [
    &apos;/Users/nitsancohen/.bvm/versions/0.2.29/bit-0.2.29/node_modules/@teambit/legacy/bin/bit.js&apos;
  ]
}

Node.js v20.3.1
" type="Error"><![CDATA[Error: Command failed: bit init
node:internal/modules/cjs/loader:1075
  throw err;
  ^

Error: Cannot find module '../node_modules/@teambit/bit/dist/app'
Require stack:
- /Users/nitsancohen/.bvm/versions/0.2.29/bit-0.2.29/node_modules/@teambit/legacy/bin/bit.js
    at Module._resolveFilename (node:internal/modules/cjs/loader:1072:15)
    at Module._load (node:internal/modules/cjs/loader:925:27)
    at Module.require (node:internal/modules/cjs/loader:1139:19)
    at require (node:internal/modules/helpers:121:18)
    at Object.<anonymous> (/Users/nitsancohen/.bvm/versions/0.2.29/bit-0.2.29/node_modules/@teambit/legacy/bin/bit.js:3:1)
    at Module._compile (node:internal/modules/cjs/loader:1257:14)
    at Module._extensions..js (node:internal/modules/cjs/loader:1311:10)
    at Module.load (node:internal/modules/cjs/loader:1115:32)
    at Module._load (node:internal/modules/cjs/loader:962:12)
    at Function.executeUserEntryPoint [as runMain] (node:internal/modules/run_main:83:12) {
  code: 'MODULE_NOT_FOUND',
  requireStack: [
    '/Users/nitsancohen/.bvm/versions/0.2.29/bit-0.2.29/node_modules/@teambit/legacy/bin/bit.js'
  ]
}

Node.js v20.3.1

    at checkExecSyncError (node:child_process:885:11)
    at Object.execSync (node:child_process:957:15)
    at CommandHelper.runCmd (src/e2e-helper/e2e-command-helper.ts:64:22)
    at ScopeHelper.initWorkspace (src/e2e-helper/e2e-scope-helper.ts:126:25)
    at ScopeHelper.reInitLocalScope (src/e2e-helper/e2e-scope-helper.ts:87:10)
    at ScopeHelper.setNewLocalAndRemoteScopes (src/e2e-helper/e2e-scope-helper.ts:141:10)
    at Context.<anonymous> (e2e/harmony/lanes/abort-merge-lane.e2e.ts:19:26)
    at processImmediate (node:internal/timers:478:21)]]></failure>
    </testcase>
  </testsuite>
  <testsuite name="when the merged lane introduced new components" timestamp="2023-08-21T21:40:36" tests="1" file="/Users/nitsancohen/coding/my-bit/bit/e2e/harmony/lanes/abort-merge-lane.e2e.ts" time="0.0610" failures="1">
    <testcase name="bit lane merge-abort command when the merged lane introduced new components &quot;before all&quot; hook for &quot;should delete the newly introduced component root-dirs&quot;" time="0.0610" classname="&quot;before all&quot; hook for &quot;should delete the newly introduced component root-dirs&quot;">
      <failure message="Command failed: bit init
node:internal/modules/cjs/loader:1075
  throw err;
  ^

Error: Cannot find module &apos;../node_modules/@teambit/bit/dist/app&apos;
Require stack:
- /Users/nitsancohen/.bvm/versions/0.2.29/bit-0.2.29/node_modules/@teambit/legacy/bin/bit.js
    at Module._resolveFilename (node:internal/modules/cjs/loader:1072:15)
    at Module._load (node:internal/modules/cjs/loader:925:27)
    at Module.require (node:internal/modules/cjs/loader:1139:19)
    at require (node:internal/modules/helpers:121:18)
    at Object.&lt;anonymous&gt; (/Users/nitsancohen/.bvm/versions/0.2.29/bit-0.2.29/node_modules/@teambit/legacy/bin/bit.js:3:1)
    at Module._compile (node:internal/modules/cjs/loader:1257:14)
    at Module._extensions..js (node:internal/modules/cjs/loader:1311:10)
    at Module.load (node:internal/modules/cjs/loader:1115:32)
    at Module._load (node:internal/modules/cjs/loader:962:12)
    at Function.executeUserEntryPoint [as runMain] (node:internal/modules/run_main:83:12) {
  code: &apos;MODULE_NOT_FOUND&apos;,
  requireStack: [
    &apos;/Users/nitsancohen/.bvm/versions/0.2.29/bit-0.2.29/node_modules/@teambit/legacy/bin/bit.js&apos;
  ]
}

Node.js v20.3.1
" type="Error"><![CDATA[Error: Command failed: bit init
node:internal/modules/cjs/loader:1075
  throw err;
  ^

Error: Cannot find module '../node_modules/@teambit/bit/dist/app'
Require stack:
- /Users/nitsancohen/.bvm/versions/0.2.29/bit-0.2.29/node_modules/@teambit/legacy/bin/bit.js
    at Module._resolveFilename (node:internal/modules/cjs/loader:1072:15)
    at Module._load (node:internal/modules/cjs/loader:925:27)
    at Module.require (node:internal/modules/cjs/loader:1139:19)
    at require (node:internal/modules/helpers:121:18)
    at Object.<anonymous> (/Users/nitsancohen/.bvm/versions/0.2.29/bit-0.2.29/node_modules/@teambit/legacy/bin/bit.js:3:1)
    at Module._compile (node:internal/modules/cjs/loader:1257:14)
    at Module._extensions..js (node:internal/modules/cjs/loader:1311:10)
    at Module.load (node:internal/modules/cjs/loader:1115:32)
    at Module._load (node:internal/modules/cjs/loader:962:12)
    at Function.executeUserEntryPoint [as runMain] (node:internal/modules/run_main:83:12) {
  code: 'MODULE_NOT_FOUND',
  requireStack: [
    '/Users/nitsancohen/.bvm/versions/0.2.29/bit-0.2.29/node_modules/@teambit/legacy/bin/bit.js'
  ]
}

Node.js v20.3.1

    at checkExecSyncError (node:child_process:885:11)
    at Object.execSync (node:child_process:957:15)
    at CommandHelper.runCmd (src/e2e-helper/e2e-command-helper.ts:64:22)
    at ScopeHelper.initWorkspace (src/e2e-helper/e2e-scope-helper.ts:126:25)
    at ScopeHelper.reInitLocalScope (src/e2e-helper/e2e-scope-helper.ts:87:10)
    at ScopeHelper.setNewLocalAndRemoteScopes (src/e2e-helper/e2e-scope-helper.ts:141:10)
    at Context.<anonymous> (e2e/harmony/lanes/abort-merge-lane.e2e.ts:52:26)
    at processImmediate (node:internal/timers:478:21)]]></failure>
    </testcase>
  </testsuite>
  <testsuite name="bit checkout command when on a lane" timestamp="2023-08-21T21:40:36" tests="0" file="/Users/nitsancohen/coding/my-bit/bit/e2e/harmony/lanes/bit-checkout-on-lanes.e2e.ts" time="0.0000" failures="0">
  </testsuite>
  <testsuite name="checkout head when some components are merge-pending" timestamp="2023-08-21T21:40:36" tests="3" file="/Users/nitsancohen/coding/my-bit/bit/e2e/harmony/lanes/bit-checkout-on-lanes.e2e.ts" time="0.0600" failures="1">
    <testcase name="bit checkout command when on a lane checkout head when some components are merge-pending &quot;before all&quot; hook for &quot;should not allow checking out to head because it is merge pending&quot;" time="0.0600" classname="&quot;before all&quot; hook for &quot;should not allow checking out to head because it is merge pending&quot;">
      <failure message="Command failed: bit init
node:internal/modules/cjs/loader:1075
  throw err;
  ^

Error: Cannot find module &apos;../node_modules/@teambit/bit/dist/app&apos;
Require stack:
- /Users/nitsancohen/.bvm/versions/0.2.29/bit-0.2.29/node_modules/@teambit/legacy/bin/bit.js
    at Module._resolveFilename (node:internal/modules/cjs/loader:1072:15)
    at Module._load (node:internal/modules/cjs/loader:925:27)
    at Module.require (node:internal/modules/cjs/loader:1139:19)
    at require (node:internal/modules/helpers:121:18)
    at Object.&lt;anonymous&gt; (/Users/nitsancohen/.bvm/versions/0.2.29/bit-0.2.29/node_modules/@teambit/legacy/bin/bit.js:3:1)
    at Module._compile (node:internal/modules/cjs/loader:1257:14)
    at Module._extensions..js (node:internal/modules/cjs/loader:1311:10)
    at Module.load (node:internal/modules/cjs/loader:1115:32)
    at Module._load (node:internal/modules/cjs/loader:962:12)
    at Function.executeUserEntryPoint [as runMain] (node:internal/modules/run_main:83:12) {
  code: &apos;MODULE_NOT_FOUND&apos;,
  requireStack: [
    &apos;/Users/nitsancohen/.bvm/versions/0.2.29/bit-0.2.29/node_modules/@teambit/legacy/bin/bit.js&apos;
  ]
}

Node.js v20.3.1
" type="Error"><![CDATA[Error: Command failed: bit init
node:internal/modules/cjs/loader:1075
  throw err;
  ^

Error: Cannot find module '../node_modules/@teambit/bit/dist/app'
Require stack:
- /Users/nitsancohen/.bvm/versions/0.2.29/bit-0.2.29/node_modules/@teambit/legacy/bin/bit.js
    at Module._resolveFilename (node:internal/modules/cjs/loader:1072:15)
    at Module._load (node:internal/modules/cjs/loader:925:27)
    at Module.require (node:internal/modules/cjs/loader:1139:19)
    at require (node:internal/modules/helpers:121:18)
    at Object.<anonymous> (/Users/nitsancohen/.bvm/versions/0.2.29/bit-0.2.29/node_modules/@teambit/legacy/bin/bit.js:3:1)
    at Module._compile (node:internal/modules/cjs/loader:1257:14)
    at Module._extensions..js (node:internal/modules/cjs/loader:1311:10)
    at Module.load (node:internal/modules/cjs/loader:1115:32)
    at Module._load (node:internal/modules/cjs/loader:962:12)
    at Function.executeUserEntryPoint [as runMain] (node:internal/modules/run_main:83:12) {
  code: 'MODULE_NOT_FOUND',
  requireStack: [
    '/Users/nitsancohen/.bvm/versions/0.2.29/bit-0.2.29/node_modules/@teambit/legacy/bin/bit.js'
  ]
}

Node.js v20.3.1

    at checkExecSyncError (node:child_process:885:11)
    at Object.execSync (node:child_process:957:15)
    at CommandHelper.runCmd (src/e2e-helper/e2e-command-helper.ts:64:22)
    at ScopeHelper.initWorkspace (src/e2e-helper/e2e-scope-helper.ts:126:25)
    at ScopeHelper.reInitLocalScope (src/e2e-helper/e2e-scope-helper.ts:87:10)
    at ScopeHelper.setNewLocalAndRemoteScopes (src/e2e-helper/e2e-scope-helper.ts:141:10)
    at Context.<anonymous> (e2e/harmony/lanes/bit-checkout-on-lanes.e2e.ts:21:26)
    at processImmediate (node:internal/timers:478:21)]]></failure>
    </testcase>
  </testsuite>
  <testsuite name="checkout head on main when some components are not available on main" timestamp="2023-08-21T21:40:37" tests="1" file="/Users/nitsancohen/coding/my-bit/bit/e2e/harmony/lanes/bit-checkout-on-lanes.e2e.ts" time="0.0610" failures="1">
    <testcase name="bit checkout command when on a lane checkout head on main when some components are not available on main &quot;before all&quot; hook for &quot;should make them available on main even without running bit-import before&quot;" time="0.0610" classname="&quot;before all&quot; hook for &quot;should make them available on main even without running bit-import before&quot;">
      <failure message="Command failed: bit init
node:internal/modules/cjs/loader:1075
  throw err;
  ^

Error: Cannot find module &apos;../node_modules/@teambit/bit/dist/app&apos;
Require stack:
- /Users/nitsancohen/.bvm/versions/0.2.29/bit-0.2.29/node_modules/@teambit/legacy/bin/bit.js
    at Module._resolveFilename (node:internal/modules/cjs/loader:1072:15)
    at Module._load (node:internal/modules/cjs/loader:925:27)
    at Module.require (node:internal/modules/cjs/loader:1139:19)
    at require (node:internal/modules/helpers:121:18)
    at Object.&lt;anonymous&gt; (/Users/nitsancohen/.bvm/versions/0.2.29/bit-0.2.29/node_modules/@teambit/legacy/bin/bit.js:3:1)
    at Module._compile (node:internal/modules/cjs/loader:1257:14)
    at Module._extensions..js (node:internal/modules/cjs/loader:1311:10)
    at Module.load (node:internal/modules/cjs/loader:1115:32)
    at Module._load (node:internal/modules/cjs/loader:962:12)
    at Function.executeUserEntryPoint [as runMain] (node:internal/modules/run_main:83:12) {
  code: &apos;MODULE_NOT_FOUND&apos;,
  requireStack: [
    &apos;/Users/nitsancohen/.bvm/versions/0.2.29/bit-0.2.29/node_modules/@teambit/legacy/bin/bit.js&apos;
  ]
}

Node.js v20.3.1
" type="Error"><![CDATA[Error: Command failed: bit init
node:internal/modules/cjs/loader:1075
  throw err;
  ^

Error: Cannot find module '../node_modules/@teambit/bit/dist/app'
Require stack:
- /Users/nitsancohen/.bvm/versions/0.2.29/bit-0.2.29/node_modules/@teambit/legacy/bin/bit.js
    at Module._resolveFilename (node:internal/modules/cjs/loader:1072:15)
    at Module._load (node:internal/modules/cjs/loader:925:27)
    at Module.require (node:internal/modules/cjs/loader:1139:19)
    at require (node:internal/modules/helpers:121:18)
    at Object.<anonymous> (/Users/nitsancohen/.bvm/versions/0.2.29/bit-0.2.29/node_modules/@teambit/legacy/bin/bit.js:3:1)
    at Module._compile (node:internal/modules/cjs/loader:1257:14)
    at Module._extensions..js (node:internal/modules/cjs/loader:1311:10)
    at Module.load (node:internal/modules/cjs/loader:1115:32)
    at Module._load (node:internal/modules/cjs/loader:962:12)
    at Function.executeUserEntryPoint [as runMain] (node:internal/modules/run_main:83:12) {
  code: 'MODULE_NOT_FOUND',
  requireStack: [
    '/Users/nitsancohen/.bvm/versions/0.2.29/bit-0.2.29/node_modules/@teambit/legacy/bin/bit.js'
  ]
}

Node.js v20.3.1

    at checkExecSyncError (node:child_process:885:11)
    at Object.execSync (node:child_process:957:15)
    at CommandHelper.runCmd (src/e2e-helper/e2e-command-helper.ts:64:22)
    at ScopeHelper.initWorkspace (src/e2e-helper/e2e-scope-helper.ts:126:25)
    at ScopeHelper.reInitLocalScope (src/e2e-helper/e2e-scope-helper.ts:87:10)
    at ScopeHelper.setNewLocalAndRemoteScopes (src/e2e-helper/e2e-scope-helper.ts:141:10)
    at Context.<anonymous> (e2e/harmony/lanes/bit-checkout-on-lanes.e2e.ts:51:26)
    at processImmediate (node:internal/timers:478:21)]]></failure>
    </testcase>
  </testsuite>
  <testsuite name="bit lane command" timestamp="2023-08-21T21:40:37" tests="0" file="/Users/nitsancohen/coding/my-bit/bit/e2e/harmony/lanes/bit-import-on-lanes.e2e.ts" time="0.0000" failures="0">
  </testsuite>
  <testsuite name="importing a component when checked out to a lane" timestamp="2023-08-21T21:40:37" tests="0" file="/Users/nitsancohen/coding/my-bit/bit/e2e/harmony/lanes/bit-import-on-lanes.e2e.ts" time="0.0600" failures="1">
    <testcase name="bit lane command importing a component when checked out to a lane &quot;before all&quot; hook in &quot;importing a component when checked out to a lane&quot;" time="0.0600" classname="&quot;before all&quot; hook in &quot;importing a component when checked out to a lane&quot;">
      <failure message="Command failed: bit init
node:internal/modules/cjs/loader:1075
  throw err;
  ^

Error: Cannot find module &apos;../node_modules/@teambit/bit/dist/app&apos;
Require stack:
- /Users/nitsancohen/.bvm/versions/0.2.29/bit-0.2.29/node_modules/@teambit/legacy/bin/bit.js
    at Module._resolveFilename (node:internal/modules/cjs/loader:1072:15)
    at Module._load (node:internal/modules/cjs/loader:925:27)
    at Module.require (node:internal/modules/cjs/loader:1139:19)
    at require (node:internal/modules/helpers:121:18)
    at Object.&lt;anonymous&gt; (/Users/nitsancohen/.bvm/versions/0.2.29/bit-0.2.29/node_modules/@teambit/legacy/bin/bit.js:3:1)
    at Module._compile (node:internal/modules/cjs/loader:1257:14)
    at Module._extensions..js (node:internal/modules/cjs/loader:1311:10)
    at Module.load (node:internal/modules/cjs/loader:1115:32)
    at Module._load (node:internal/modules/cjs/loader:962:12)
    at Function.executeUserEntryPoint [as runMain] (node:internal/modules/run_main:83:12) {
  code: &apos;MODULE_NOT_FOUND&apos;,
  requireStack: [
    &apos;/Users/nitsancohen/.bvm/versions/0.2.29/bit-0.2.29/node_modules/@teambit/legacy/bin/bit.js&apos;
  ]
}

Node.js v20.3.1
" type="Error"><![CDATA[Error: Command failed: bit init
node:internal/modules/cjs/loader:1075
  throw err;
  ^

Error: Cannot find module '../node_modules/@teambit/bit/dist/app'
Require stack:
- /Users/nitsancohen/.bvm/versions/0.2.29/bit-0.2.29/node_modules/@teambit/legacy/bin/bit.js
    at Module._resolveFilename (node:internal/modules/cjs/loader:1072:15)
    at Module._load (node:internal/modules/cjs/loader:925:27)
    at Module.require (node:internal/modules/cjs/loader:1139:19)
    at require (node:internal/modules/helpers:121:18)
    at Object.<anonymous> (/Users/nitsancohen/.bvm/versions/0.2.29/bit-0.2.29/node_modules/@teambit/legacy/bin/bit.js:3:1)
    at Module._compile (node:internal/modules/cjs/loader:1257:14)
    at Module._extensions..js (node:internal/modules/cjs/loader:1311:10)
    at Module.load (node:internal/modules/cjs/loader:1115:32)
    at Module._load (node:internal/modules/cjs/loader:962:12)
    at Function.executeUserEntryPoint [as runMain] (node:internal/modules/run_main:83:12) {
  code: 'MODULE_NOT_FOUND',
  requireStack: [
    '/Users/nitsancohen/.bvm/versions/0.2.29/bit-0.2.29/node_modules/@teambit/legacy/bin/bit.js'
  ]
}

Node.js v20.3.1

    at checkExecSyncError (node:child_process:885:11)
    at Object.execSync (node:child_process:957:15)
    at CommandHelper.runCmd (src/e2e-helper/e2e-command-helper.ts:64:22)
    at ScopeHelper.initWorkspace (src/e2e-helper/e2e-scope-helper.ts:126:25)
    at ScopeHelper.reInitLocalScope (src/e2e-helper/e2e-scope-helper.ts:87:10)
    at ScopeHelper.setNewLocalAndRemoteScopes (src/e2e-helper/e2e-scope-helper.ts:141:10)
    at Context.<anonymous> (e2e/harmony/lanes/bit-import-on-lanes.e2e.ts:18:26)
    at processImmediate (node:internal/timers:478:21)]]></failure>
    </testcase>
  </testsuite>
  <testsuite name="importing a (non-lane) component from another scope when checked out to a lane" timestamp="2023-08-21T21:40:37" tests="1" file="/Users/nitsancohen/coding/my-bit/bit/e2e/harmony/lanes/bit-import-on-lanes.e2e.ts" time="0.0610" failures="1">
    <testcase name="bit lane command importing a (non-lane) component from another scope when checked out to a lane &quot;before all&quot; hook for &quot;should import the component into the current lane&quot;" time="0.0610" classname="&quot;before all&quot; hook for &quot;should import the component into the current lane&quot;">
      <failure message="Command failed: bit init
node:internal/modules/cjs/loader:1075
  throw err;
  ^

Error: Cannot find module &apos;../node_modules/@teambit/bit/dist/app&apos;
Require stack:
- /Users/nitsancohen/.bvm/versions/0.2.29/bit-0.2.29/node_modules/@teambit/legacy/bin/bit.js
    at Module._resolveFilename (node:internal/modules/cjs/loader:1072:15)
    at Module._load (node:internal/modules/cjs/loader:925:27)
    at Module.require (node:internal/modules/cjs/loader:1139:19)
    at require (node:internal/modules/helpers:121:18)
    at Object.&lt;anonymous&gt; (/Users/nitsancohen/.bvm/versions/0.2.29/bit-0.2.29/node_modules/@teambit/legacy/bin/bit.js:3:1)
    at Module._compile (node:internal/modules/cjs/loader:1257:14)
    at Module._extensions..js (node:internal/modules/cjs/loader:1311:10)
    at Module.load (node:internal/modules/cjs/loader:1115:32)
    at Module._load (node:internal/modules/cjs/loader:962:12)
    at Function.executeUserEntryPoint [as runMain] (node:internal/modules/run_main:83:12) {
  code: &apos;MODULE_NOT_FOUND&apos;,
  requireStack: [
    &apos;/Users/nitsancohen/.bvm/versions/0.2.29/bit-0.2.29/node_modules/@teambit/legacy/bin/bit.js&apos;
  ]
}

Node.js v20.3.1
" type="Error"><![CDATA[Error: Command failed: bit init
node:internal/modules/cjs/loader:1075
  throw err;
  ^

Error: Cannot find module '../node_modules/@teambit/bit/dist/app'
Require stack:
- /Users/nitsancohen/.bvm/versions/0.2.29/bit-0.2.29/node_modules/@teambit/legacy/bin/bit.js
    at Module._resolveFilename (node:internal/modules/cjs/loader:1072:15)
    at Module._load (node:internal/modules/cjs/loader:925:27)
    at Module.require (node:internal/modules/cjs/loader:1139:19)
    at require (node:internal/modules/helpers:121:18)
    at Object.<anonymous> (/Users/nitsancohen/.bvm/versions/0.2.29/bit-0.2.29/node_modules/@teambit/legacy/bin/bit.js:3:1)
    at Module._compile (node:internal/modules/cjs/loader:1257:14)
    at Module._extensions..js (node:internal/modules/cjs/loader:1311:10)
    at Module.load (node:internal/modules/cjs/loader:1115:32)
    at Module._load (node:internal/modules/cjs/loader:962:12)
    at Function.executeUserEntryPoint [as runMain] (node:internal/modules/run_main:83:12) {
  code: 'MODULE_NOT_FOUND',
  requireStack: [
    '/Users/nitsancohen/.bvm/versions/0.2.29/bit-0.2.29/node_modules/@teambit/legacy/bin/bit.js'
  ]
}

Node.js v20.3.1

    at checkExecSyncError (node:child_process:885:11)
    at Object.execSync (node:child_process:957:15)
    at CommandHelper.runCmd (src/e2e-helper/e2e-command-helper.ts:64:22)
    at ScopeHelper.initWorkspace (src/e2e-helper/e2e-scope-helper.ts:126:25)
    at ScopeHelper.reInitLocalScope (src/e2e-helper/e2e-scope-helper.ts:87:10)
    at ScopeHelper.setNewLocalAndRemoteScopes (src/e2e-helper/e2e-scope-helper.ts:141:10)
    at Context.<anonymous> (e2e/harmony/lanes/bit-import-on-lanes.e2e.ts:73:26)
    at processImmediate (node:internal/timers:478:21)]]></failure>
    </testcase>
  </testsuite>
  <testsuite name="import a non-lane component that has dependencies into a lane" timestamp="2023-08-21T21:40:37" tests="1" file="/Users/nitsancohen/coding/my-bit/bit/e2e/harmony/lanes/bit-import-on-lanes.e2e.ts" time="0.0610" failures="1">
    <testcase name="bit lane command import a non-lane component that has dependencies into a lane &quot;before all&quot; hook for &quot;should not save all the dependencies into the lane, only the imported component&quot;" time="0.0610" classname="&quot;before all&quot; hook for &quot;should not save all the dependencies into the lane, only the imported component&quot;">
      <failure message="Command failed: bit init
node:internal/modules/cjs/loader:1075
  throw err;
  ^

Error: Cannot find module &apos;../node_modules/@teambit/bit/dist/app&apos;
Require stack:
- /Users/nitsancohen/.bvm/versions/0.2.29/bit-0.2.29/node_modules/@teambit/legacy/bin/bit.js
    at Module._resolveFilename (node:internal/modules/cjs/loader:1072:15)
    at Module._load (node:internal/modules/cjs/loader:925:27)
    at Module.require (node:internal/modules/cjs/loader:1139:19)
    at require (node:internal/modules/helpers:121:18)
    at Object.&lt;anonymous&gt; (/Users/nitsancohen/.bvm/versions/0.2.29/bit-0.2.29/node_modules/@teambit/legacy/bin/bit.js:3:1)
    at Module._compile (node:internal/modules/cjs/loader:1257:14)
    at Module._extensions..js (node:internal/modules/cjs/loader:1311:10)
    at Module.load (node:internal/modules/cjs/loader:1115:32)
    at Module._load (node:internal/modules/cjs/loader:962:12)
    at Function.executeUserEntryPoint [as runMain] (node:internal/modules/run_main:83:12) {
  code: &apos;MODULE_NOT_FOUND&apos;,
  requireStack: [
    &apos;/Users/nitsancohen/.bvm/versions/0.2.29/bit-0.2.29/node_modules/@teambit/legacy/bin/bit.js&apos;
  ]
}

Node.js v20.3.1
" type="Error"><![CDATA[Error: Command failed: bit init
node:internal/modules/cjs/loader:1075
  throw err;
  ^

Error: Cannot find module '../node_modules/@teambit/bit/dist/app'
Require stack:
- /Users/nitsancohen/.bvm/versions/0.2.29/bit-0.2.29/node_modules/@teambit/legacy/bin/bit.js
    at Module._resolveFilename (node:internal/modules/cjs/loader:1072:15)
    at Module._load (node:internal/modules/cjs/loader:925:27)
    at Module.require (node:internal/modules/cjs/loader:1139:19)
    at require (node:internal/modules/helpers:121:18)
    at Object.<anonymous> (/Users/nitsancohen/.bvm/versions/0.2.29/bit-0.2.29/node_modules/@teambit/legacy/bin/bit.js:3:1)
    at Module._compile (node:internal/modules/cjs/loader:1257:14)
    at Module._extensions..js (node:internal/modules/cjs/loader:1311:10)
    at Module.load (node:internal/modules/cjs/loader:1115:32)
    at Module._load (node:internal/modules/cjs/loader:962:12)
    at Function.executeUserEntryPoint [as runMain] (node:internal/modules/run_main:83:12) {
  code: 'MODULE_NOT_FOUND',
  requireStack: [
    '/Users/nitsancohen/.bvm/versions/0.2.29/bit-0.2.29/node_modules/@teambit/legacy/bin/bit.js'
  ]
}

Node.js v20.3.1

    at checkExecSyncError (node:child_process:885:11)
    at Object.execSync (node:child_process:957:15)
    at CommandHelper.runCmd (src/e2e-helper/e2e-command-helper.ts:64:22)
    at ScopeHelper.initWorkspace (src/e2e-helper/e2e-scope-helper.ts:126:25)
    at ScopeHelper.reInitLocalScope (src/e2e-helper/e2e-scope-helper.ts:87:10)
    at ScopeHelper.setNewLocalAndRemoteScopes (src/e2e-helper/e2e-scope-helper.ts:141:10)
    at Context.<anonymous> (e2e/harmony/lanes/bit-import-on-lanes.e2e.ts:108:26)
    at processImmediate (node:internal/timers:478:21)]]></failure>
    </testcase>
  </testsuite>
  <testsuite name="bit-import with no params when checked out to a lane" timestamp="2023-08-21T21:40:37" tests="0" file="/Users/nitsancohen/coding/my-bit/bit/e2e/harmony/lanes/bit-import-on-lanes.e2e.ts" time="0.0000" failures="0">
  </testsuite>
  <testsuite name="when the lane is new" timestamp="2023-08-21T21:40:37" tests="1" file="/Users/nitsancohen/coding/my-bit/bit/e2e/harmony/lanes/bit-import-on-lanes.e2e.ts" time="0.0600" failures="1">
    <testcase name="bit lane command bit-import with no params when checked out to a lane when the lane is new &quot;before all&quot; hook for &quot;should indicate that there is nothing to import because the lane is new&quot;" time="0.0600" classname="&quot;before all&quot; hook for &quot;should indicate that there is nothing to import because the lane is new&quot;">
      <failure message="Command failed: bit init
node:internal/modules/cjs/loader:1075
  throw err;
  ^

Error: Cannot find module &apos;../node_modules/@teambit/bit/dist/app&apos;
Require stack:
- /Users/nitsancohen/.bvm/versions/0.2.29/bit-0.2.29/node_modules/@teambit/legacy/bin/bit.js
    at Module._resolveFilename (node:internal/modules/cjs/loader:1072:15)
    at Module._load (node:internal/modules/cjs/loader:925:27)
    at Module.require (node:internal/modules/cjs/loader:1139:19)
    at require (node:internal/modules/helpers:121:18)
    at Object.&lt;anonymous&gt; (/Users/nitsancohen/.bvm/versions/0.2.29/bit-0.2.29/node_modules/@teambit/legacy/bin/bit.js:3:1)
    at Module._compile (node:internal/modules/cjs/loader:1257:14)
    at Module._extensions..js (node:internal/modules/cjs/loader:1311:10)
    at Module.load (node:internal/modules/cjs/loader:1115:32)
    at Module._load (node:internal/modules/cjs/loader:962:12)
    at Function.executeUserEntryPoint [as runMain] (node:internal/modules/run_main:83:12) {
  code: &apos;MODULE_NOT_FOUND&apos;,
  requireStack: [
    &apos;/Users/nitsancohen/.bvm/versions/0.2.29/bit-0.2.29/node_modules/@teambit/legacy/bin/bit.js&apos;
  ]
}

Node.js v20.3.1
" type="Error"><![CDATA[Error: Command failed: bit init
node:internal/modules/cjs/loader:1075
  throw err;
  ^

Error: Cannot find module '../node_modules/@teambit/bit/dist/app'
Require stack:
- /Users/nitsancohen/.bvm/versions/0.2.29/bit-0.2.29/node_modules/@teambit/legacy/bin/bit.js
    at Module._resolveFilename (node:internal/modules/cjs/loader:1072:15)
    at Module._load (node:internal/modules/cjs/loader:925:27)
    at Module.require (node:internal/modules/cjs/loader:1139:19)
    at require (node:internal/modules/helpers:121:18)
    at Object.<anonymous> (/Users/nitsancohen/.bvm/versions/0.2.29/bit-0.2.29/node_modules/@teambit/legacy/bin/bit.js:3:1)
    at Module._compile (node:internal/modules/cjs/loader:1257:14)
    at Module._extensions..js (node:internal/modules/cjs/loader:1311:10)
    at Module.load (node:internal/modules/cjs/loader:1115:32)
    at Module._load (node:internal/modules/cjs/loader:962:12)
    at Function.executeUserEntryPoint [as runMain] (node:internal/modules/run_main:83:12) {
  code: 'MODULE_NOT_FOUND',
  requireStack: [
    '/Users/nitsancohen/.bvm/versions/0.2.29/bit-0.2.29/node_modules/@teambit/legacy/bin/bit.js'
  ]
}

Node.js v20.3.1

    at checkExecSyncError (node:child_process:885:11)
    at Object.execSync (node:child_process:957:15)
    at CommandHelper.runCmd (src/e2e-helper/e2e-command-helper.ts:64:22)
    at ScopeHelper.initWorkspace (src/e2e-helper/e2e-scope-helper.ts:126:25)
    at ScopeHelper.reInitLocalScope (src/e2e-helper/e2e-scope-helper.ts:87:10)
    at ScopeHelper.setNewLocalAndRemoteScopes (src/e2e-helper/e2e-scope-helper.ts:141:10)
    at Context.<anonymous> (e2e/harmony/lanes/bit-import-on-lanes.e2e.ts:127:28)
    at processImmediate (node:internal/timers:478:21)]]></failure>
    </testcase>
  </testsuite>
  <testsuite name="when the lane is exported" timestamp="2023-08-21T21:40:37" tests="1" file="/Users/nitsancohen/coding/my-bit/bit/e2e/harmony/lanes/bit-import-on-lanes.e2e.ts" time="0.0600" failures="1">
    <testcase name="bit lane command bit-import with no params when checked out to a lane when the lane is exported &quot;before all&quot; hook for &quot;should import the remote lane successfully&quot;" time="0.0600" classname="&quot;before all&quot; hook for &quot;should import the remote lane successfully&quot;">
      <failure message="Command failed: bit init
node:internal/modules/cjs/loader:1075
  throw err;
  ^

Error: Cannot find module &apos;../node_modules/@teambit/bit/dist/app&apos;
Require stack:
- /Users/nitsancohen/.bvm/versions/0.2.29/bit-0.2.29/node_modules/@teambit/legacy/bin/bit.js
    at Module._resolveFilename (node:internal/modules/cjs/loader:1072:15)
    at Module._load (node:internal/modules/cjs/loader:925:27)
    at Module.require (node:internal/modules/cjs/loader:1139:19)
    at require (node:internal/modules/helpers:121:18)
    at Object.&lt;anonymous&gt; (/Users/nitsancohen/.bvm/versions/0.2.29/bit-0.2.29/node_modules/@teambit/legacy/bin/bit.js:3:1)
    at Module._compile (node:internal/modules/cjs/loader:1257:14)
    at Module._extensions..js (node:internal/modules/cjs/loader:1311:10)
    at Module.load (node:internal/modules/cjs/loader:1115:32)
    at Module._load (node:internal/modules/cjs/loader:962:12)
    at Function.executeUserEntryPoint [as runMain] (node:internal/modules/run_main:83:12) {
  code: &apos;MODULE_NOT_FOUND&apos;,
  requireStack: [
    &apos;/Users/nitsancohen/.bvm/versions/0.2.29/bit-0.2.29/node_modules/@teambit/legacy/bin/bit.js&apos;
  ]
}

Node.js v20.3.1
" type="Error"><![CDATA[Error: Command failed: bit init
node:internal/modules/cjs/loader:1075
  throw err;
  ^

Error: Cannot find module '../node_modules/@teambit/bit/dist/app'
Require stack:
- /Users/nitsancohen/.bvm/versions/0.2.29/bit-0.2.29/node_modules/@teambit/legacy/bin/bit.js
    at Module._resolveFilename (node:internal/modules/cjs/loader:1072:15)
    at Module._load (node:internal/modules/cjs/loader:925:27)
    at Module.require (node:internal/modules/cjs/loader:1139:19)
    at require (node:internal/modules/helpers:121:18)
    at Object.<anonymous> (/Users/nitsancohen/.bvm/versions/0.2.29/bit-0.2.29/node_modules/@teambit/legacy/bin/bit.js:3:1)
    at Module._compile (node:internal/modules/cjs/loader:1257:14)
    at Module._extensions..js (node:internal/modules/cjs/loader:1311:10)
    at Module.load (node:internal/modules/cjs/loader:1115:32)
    at Module._load (node:internal/modules/cjs/loader:962:12)
    at Function.executeUserEntryPoint [as runMain] (node:internal/modules/run_main:83:12) {
  code: 'MODULE_NOT_FOUND',
  requireStack: [
    '/Users/nitsancohen/.bvm/versions/0.2.29/bit-0.2.29/node_modules/@teambit/legacy/bin/bit.js'
  ]
}

Node.js v20.3.1

    at checkExecSyncError (node:child_process:885:11)
    at Object.execSync (node:child_process:957:15)
    at CommandHelper.runCmd (src/e2e-helper/e2e-command-helper.ts:64:22)
    at ScopeHelper.initWorkspace (src/e2e-helper/e2e-scope-helper.ts:126:25)
    at ScopeHelper.reInitLocalScope (src/e2e-helper/e2e-scope-helper.ts:87:10)
    at ScopeHelper.setNewLocalAndRemoteScopes (src/e2e-helper/e2e-scope-helper.ts:141:10)
    at Context.<anonymous> (e2e/harmony/lanes/bit-import-on-lanes.e2e.ts:140:28)
    at processImmediate (node:internal/timers:478:21)]]></failure>
    </testcase>
  </testsuite>
  <testsuite name="when the objects were deleted and a workspace has an aspect with deps" timestamp="2023-08-21T21:40:37" tests="1" file="/Users/nitsancohen/coding/my-bit/bit/e2e/harmony/lanes/bit-import-on-lanes.e2e.ts" time="0.0610" failures="1">
    <testcase name="bit lane command bit-import with no params when checked out to a lane when the objects were deleted and a workspace has an aspect with deps &quot;before all&quot; hook for &quot;bit import should not throw&quot;" time="0.0610" classname="&quot;before all&quot; hook for &quot;bit import should not throw&quot;">
      <failure message="Command failed: bit init
node:internal/modules/cjs/loader:1075
  throw err;
  ^

Error: Cannot find module &apos;../node_modules/@teambit/bit/dist/app&apos;
Require stack:
- /Users/nitsancohen/.bvm/versions/0.2.29/bit-0.2.29/node_modules/@teambit/legacy/bin/bit.js
    at Module._resolveFilename (node:internal/modules/cjs/loader:1072:15)
    at Module._load (node:internal/modules/cjs/loader:925:27)
    at Module.require (node:internal/modules/cjs/loader:1139:19)
    at require (node:internal/modules/helpers:121:18)
    at Object.&lt;anonymous&gt; (/Users/nitsancohen/.bvm/versions/0.2.29/bit-0.2.29/node_modules/@teambit/legacy/bin/bit.js:3:1)
    at Module._compile (node:internal/modules/cjs/loader:1257:14)
    at Module._extensions..js (node:internal/modules/cjs/loader:1311:10)
    at Module.load (node:internal/modules/cjs/loader:1115:32)
    at Module._load (node:internal/modules/cjs/loader:962:12)
    at Function.executeUserEntryPoint [as runMain] (node:internal/modules/run_main:83:12) {
  code: &apos;MODULE_NOT_FOUND&apos;,
  requireStack: [
    &apos;/Users/nitsancohen/.bvm/versions/0.2.29/bit-0.2.29/node_modules/@teambit/legacy/bin/bit.js&apos;
  ]
}

Node.js v20.3.1
" type="Error"><![CDATA[Error: Command failed: bit init
node:internal/modules/cjs/loader:1075
  throw err;
  ^

Error: Cannot find module '../node_modules/@teambit/bit/dist/app'
Require stack:
- /Users/nitsancohen/.bvm/versions/0.2.29/bit-0.2.29/node_modules/@teambit/legacy/bin/bit.js
    at Module._resolveFilename (node:internal/modules/cjs/loader:1072:15)
    at Module._load (node:internal/modules/cjs/loader:925:27)
    at Module.require (node:internal/modules/cjs/loader:1139:19)
    at require (node:internal/modules/helpers:121:18)
    at Object.<anonymous> (/Users/nitsancohen/.bvm/versions/0.2.29/bit-0.2.29/node_modules/@teambit/legacy/bin/bit.js:3:1)
    at Module._compile (node:internal/modules/cjs/loader:1257:14)
    at Module._extensions..js (node:internal/modules/cjs/loader:1311:10)
    at Module.load (node:internal/modules/cjs/loader:1115:32)
    at Module._load (node:internal/modules/cjs/loader:962:12)
    at Function.executeUserEntryPoint [as runMain] (node:internal/modules/run_main:83:12) {
  code: 'MODULE_NOT_FOUND',
  requireStack: [
    '/Users/nitsancohen/.bvm/versions/0.2.29/bit-0.2.29/node_modules/@teambit/legacy/bin/bit.js'
  ]
}

Node.js v20.3.1

    at checkExecSyncError (node:child_process:885:11)
    at Object.execSync (node:child_process:957:15)
    at CommandHelper.runCmd (src/e2e-helper/e2e-command-helper.ts:64:22)
    at ScopeHelper.initWorkspace (src/e2e-helper/e2e-scope-helper.ts:126:25)
    at ScopeHelper.reInitLocalScope (src/e2e-helper/e2e-scope-helper.ts:87:10)
    at ScopeHelper.setNewLocalAndRemoteScopes (src/e2e-helper/e2e-scope-helper.ts:141:10)
    at Context.<anonymous> (e2e/harmony/lanes/bit-import-on-lanes.e2e.ts:159:28)
    at processImmediate (node:internal/timers:478:21)]]></failure>
    </testcase>
  </testsuite>
  <testsuite name="when the components on the lane have history other than head on main" timestamp="2023-08-21T21:40:37" tests="3" file="/Users/nitsancohen/coding/my-bit/bit/e2e/harmony/lanes/bit-import-on-lanes.e2e.ts" time="0.0600" failures="1">
    <testcase name="bit lane command bit-import with no params when checked out to a lane when the components on the lane have history other than head on main &quot;before all&quot; hook for &quot;should not bring main (for performance reasons)&quot;" time="0.0600" classname="&quot;before all&quot; hook for &quot;should not bring main (for performance reasons)&quot;">
      <failure message="Command failed: bit init
node:internal/modules/cjs/loader:1075
  throw err;
  ^

Error: Cannot find module &apos;../node_modules/@teambit/bit/dist/app&apos;
Require stack:
- /Users/nitsancohen/.bvm/versions/0.2.29/bit-0.2.29/node_modules/@teambit/legacy/bin/bit.js
    at Module._resolveFilename (node:internal/modules/cjs/loader:1072:15)
    at Module._load (node:internal/modules/cjs/loader:925:27)
    at Module.require (node:internal/modules/cjs/loader:1139:19)
    at require (node:internal/modules/helpers:121:18)
    at Object.&lt;anonymous&gt; (/Users/nitsancohen/.bvm/versions/0.2.29/bit-0.2.29/node_modules/@teambit/legacy/bin/bit.js:3:1)
    at Module._compile (node:internal/modules/cjs/loader:1257:14)
    at Module._extensions..js (node:internal/modules/cjs/loader:1311:10)
    at Module.load (node:internal/modules/cjs/loader:1115:32)
    at Module._load (node:internal/modules/cjs/loader:962:12)
    at Function.executeUserEntryPoint [as runMain] (node:internal/modules/run_main:83:12) {
  code: &apos;MODULE_NOT_FOUND&apos;,
  requireStack: [
    &apos;/Users/nitsancohen/.bvm/versions/0.2.29/bit-0.2.29/node_modules/@teambit/legacy/bin/bit.js&apos;
  ]
}

Node.js v20.3.1
" type="Error"><![CDATA[Error: Command failed: bit init
node:internal/modules/cjs/loader:1075
  throw err;
  ^

Error: Cannot find module '../node_modules/@teambit/bit/dist/app'
Require stack:
- /Users/nitsancohen/.bvm/versions/0.2.29/bit-0.2.29/node_modules/@teambit/legacy/bin/bit.js
    at Module._resolveFilename (node:internal/modules/cjs/loader:1072:15)
    at Module._load (node:internal/modules/cjs/loader:925:27)
    at Module.require (node:internal/modules/cjs/loader:1139:19)
    at require (node:internal/modules/helpers:121:18)
    at Object.<anonymous> (/Users/nitsancohen/.bvm/versions/0.2.29/bit-0.2.29/node_modules/@teambit/legacy/bin/bit.js:3:1)
    at Module._compile (node:internal/modules/cjs/loader:1257:14)
    at Module._extensions..js (node:internal/modules/cjs/loader:1311:10)
    at Module.load (node:internal/modules/cjs/loader:1115:32)
    at Module._load (node:internal/modules/cjs/loader:962:12)
    at Function.executeUserEntryPoint [as runMain] (node:internal/modules/run_main:83:12) {
  code: 'MODULE_NOT_FOUND',
  requireStack: [
    '/Users/nitsancohen/.bvm/versions/0.2.29/bit-0.2.29/node_modules/@teambit/legacy/bin/bit.js'
  ]
}

Node.js v20.3.1

    at checkExecSyncError (node:child_process:885:11)
    at Object.execSync (node:child_process:957:15)
    at CommandHelper.runCmd (src/e2e-helper/e2e-command-helper.ts:64:22)
    at ScopeHelper.initWorkspace (src/e2e-helper/e2e-scope-helper.ts:126:25)
    at ScopeHelper.reInitLocalScope (src/e2e-helper/e2e-scope-helper.ts:87:10)
    at ScopeHelper.setNewLocalAndRemoteScopes (src/e2e-helper/e2e-scope-helper.ts:141:10)
    at Context.<anonymous> (e2e/harmony/lanes/bit-import-on-lanes.e2e.ts:185:28)
    at processImmediate (node:internal/timers:478:21)]]></failure>
    </testcase>
  </testsuite>
  <testsuite name="import objects for multiple lanes" timestamp="2023-08-21T21:40:37" tests="1" file="/Users/nitsancohen/coding/my-bit/bit/e2e/harmony/lanes/bit-import-on-lanes.e2e.ts" time="0.0590" failures="1">
    <testcase name="bit lane command import objects for multiple lanes &quot;before all&quot; hook for &quot;bit fetch --lane should bring updates for all lanes&quot;" time="0.0590" classname="&quot;before all&quot; hook for &quot;bit fetch --lane should bring updates for all lanes&quot;">
      <failure message="Command failed: bit init
node:internal/modules/cjs/loader:1075
  throw err;
  ^

Error: Cannot find module &apos;../node_modules/@teambit/bit/dist/app&apos;
Require stack:
- /Users/nitsancohen/.bvm/versions/0.2.29/bit-0.2.29/node_modules/@teambit/legacy/bin/bit.js
    at Module._resolveFilename (node:internal/modules/cjs/loader:1072:15)
    at Module._load (node:internal/modules/cjs/loader:925:27)
    at Module.require (node:internal/modules/cjs/loader:1139:19)
    at require (node:internal/modules/helpers:121:18)
    at Object.&lt;anonymous&gt; (/Users/nitsancohen/.bvm/versions/0.2.29/bit-0.2.29/node_modules/@teambit/legacy/bin/bit.js:3:1)
    at Module._compile (node:internal/modules/cjs/loader:1257:14)
    at Module._extensions..js (node:internal/modules/cjs/loader:1311:10)
    at Module.load (node:internal/modules/cjs/loader:1115:32)
    at Module._load (node:internal/modules/cjs/loader:962:12)
    at Function.executeUserEntryPoint [as runMain] (node:internal/modules/run_main:83:12) {
  code: &apos;MODULE_NOT_FOUND&apos;,
  requireStack: [
    &apos;/Users/nitsancohen/.bvm/versions/0.2.29/bit-0.2.29/node_modules/@teambit/legacy/bin/bit.js&apos;
  ]
}

Node.js v20.3.1
" type="Error"><![CDATA[Error: Command failed: bit init
node:internal/modules/cjs/loader:1075
  throw err;
  ^

Error: Cannot find module '../node_modules/@teambit/bit/dist/app'
Require stack:
- /Users/nitsancohen/.bvm/versions/0.2.29/bit-0.2.29/node_modules/@teambit/legacy/bin/bit.js
    at Module._resolveFilename (node:internal/modules/cjs/loader:1072:15)
    at Module._load (node:internal/modules/cjs/loader:925:27)
    at Module.require (node:internal/modules/cjs/loader:1139:19)
    at require (node:internal/modules/helpers:121:18)
    at Object.<anonymous> (/Users/nitsancohen/.bvm/versions/0.2.29/bit-0.2.29/node_modules/@teambit/legacy/bin/bit.js:3:1)
    at Module._compile (node:internal/modules/cjs/loader:1257:14)
    at Module._extensions..js (node:internal/modules/cjs/loader:1311:10)
    at Module.load (node:internal/modules/cjs/loader:1115:32)
    at Module._load (node:internal/modules/cjs/loader:962:12)
    at Function.executeUserEntryPoint [as runMain] (node:internal/modules/run_main:83:12) {
  code: 'MODULE_NOT_FOUND',
  requireStack: [
    '/Users/nitsancohen/.bvm/versions/0.2.29/bit-0.2.29/node_modules/@teambit/legacy/bin/bit.js'
  ]
}

Node.js v20.3.1

    at checkExecSyncError (node:child_process:885:11)
    at Object.execSync (node:child_process:957:15)
    at CommandHelper.runCmd (src/e2e-helper/e2e-command-helper.ts:64:22)
    at ScopeHelper.initWorkspace (src/e2e-helper/e2e-scope-helper.ts:126:25)
    at ScopeHelper.reInitLocalScope (src/e2e-helper/e2e-scope-helper.ts:87:10)
    at ScopeHelper.setNewLocalAndRemoteScopes (src/e2e-helper/e2e-scope-helper.ts:141:10)
    at Context.<anonymous> (e2e/harmony/lanes/bit-import-on-lanes.e2e.ts:232:26)
    at processImmediate (node:internal/timers:478:21)]]></failure>
    </testcase>
  </testsuite>
  <testsuite name="import previous version from main when on a lane" timestamp="2023-08-21T21:40:37" tests="1" file="/Users/nitsancohen/coding/my-bit/bit/e2e/harmony/lanes/bit-import-on-lanes.e2e.ts" time="0.0590" failures="1">
    <testcase name="bit lane command import previous version from main when on a lane &quot;before all&quot; hook for &quot;bit status should not show the component as pending-updates because it does not exits on the remote lane&quot;" time="0.0590" classname="&quot;before all&quot; hook for &quot;bit status should not show the component as pending-updates because it does not exits on the remote lane&quot;">
      <failure message="Command failed: bit init
node:internal/modules/cjs/loader:1075
  throw err;
  ^

Error: Cannot find module &apos;../node_modules/@teambit/bit/dist/app&apos;
Require stack:
- /Users/nitsancohen/.bvm/versions/0.2.29/bit-0.2.29/node_modules/@teambit/legacy/bin/bit.js
    at Module._resolveFilename (node:internal/modules/cjs/loader:1072:15)
    at Module._load (node:internal/modules/cjs/loader:925:27)
    at Module.require (node:internal/modules/cjs/loader:1139:19)
    at require (node:internal/modules/helpers:121:18)
    at Object.&lt;anonymous&gt; (/Users/nitsancohen/.bvm/versions/0.2.29/bit-0.2.29/node_modules/@teambit/legacy/bin/bit.js:3:1)
    at Module._compile (node:internal/modules/cjs/loader:1257:14)
    at Module._extensions..js (node:internal/modules/cjs/loader:1311:10)
    at Module.load (node:internal/modules/cjs/loader:1115:32)
    at Module._load (node:internal/modules/cjs/loader:962:12)
    at Function.executeUserEntryPoint [as runMain] (node:internal/modules/run_main:83:12) {
  code: &apos;MODULE_NOT_FOUND&apos;,
  requireStack: [
    &apos;/Users/nitsancohen/.bvm/versions/0.2.29/bit-0.2.29/node_modules/@teambit/legacy/bin/bit.js&apos;
  ]
}

Node.js v20.3.1
" type="Error"><![CDATA[Error: Command failed: bit init
node:internal/modules/cjs/loader:1075
  throw err;
  ^

Error: Cannot find module '../node_modules/@teambit/bit/dist/app'
Require stack:
- /Users/nitsancohen/.bvm/versions/0.2.29/bit-0.2.29/node_modules/@teambit/legacy/bin/bit.js
    at Module._resolveFilename (node:internal/modules/cjs/loader:1072:15)
    at Module._load (node:internal/modules/cjs/loader:925:27)
    at Module.require (node:internal/modules/cjs/loader:1139:19)
    at require (node:internal/modules/helpers:121:18)
    at Object.<anonymous> (/Users/nitsancohen/.bvm/versions/0.2.29/bit-0.2.29/node_modules/@teambit/legacy/bin/bit.js:3:1)
    at Module._compile (node:internal/modules/cjs/loader:1257:14)
    at Module._extensions..js (node:internal/modules/cjs/loader:1311:10)
    at Module.load (node:internal/modules/cjs/loader:1115:32)
    at Module._load (node:internal/modules/cjs/loader:962:12)
    at Function.executeUserEntryPoint [as runMain] (node:internal/modules/run_main:83:12) {
  code: 'MODULE_NOT_FOUND',
  requireStack: [
    '/Users/nitsancohen/.bvm/versions/0.2.29/bit-0.2.29/node_modules/@teambit/legacy/bin/bit.js'
  ]
}

Node.js v20.3.1

    at checkExecSyncError (node:child_process:885:11)
    at Object.execSync (node:child_process:957:15)
    at CommandHelper.runCmd (src/e2e-helper/e2e-command-helper.ts:64:22)
    at ScopeHelper.initWorkspace (src/e2e-helper/e2e-scope-helper.ts:126:25)
    at ScopeHelper.reInitLocalScope (src/e2e-helper/e2e-scope-helper.ts:87:10)
    at ScopeHelper.setNewLocalAndRemoteScopes (src/e2e-helper/e2e-scope-helper.ts:141:10)
    at Context.<anonymous> (e2e/harmony/lanes/bit-import-on-lanes.e2e.ts:267:26)
    at processImmediate (node:internal/timers:478:21)]]></failure>
    </testcase>
  </testsuite>
  <testsuite name="bit lane command" timestamp="2023-08-21T21:40:37" tests="0" file="/Users/nitsancohen/coding/my-bit/bit/e2e/harmony/lanes/bit-remove-on-lanes.e2e.ts" time="0.0000" failures="0">
  </testsuite>
  <testsuite name="remove components when on a lane" timestamp="2023-08-21T21:40:37" tests="1" file="/Users/nitsancohen/coding/my-bit/bit/e2e/harmony/lanes/bit-remove-on-lanes.e2e.ts" time="0.0600" failures="1">
    <testcase name="bit lane command remove components when on a lane &quot;before all&quot; hook for &quot;as an intermediate step, make sure the snapped components are part of the lane&quot;" time="0.0600" classname="&quot;before all&quot; hook for &quot;as an intermediate step, make sure the snapped components are part of the lane&quot;">
      <failure message="Command failed: bit init
node:internal/modules/cjs/loader:1075
  throw err;
  ^

Error: Cannot find module &apos;../node_modules/@teambit/bit/dist/app&apos;
Require stack:
- /Users/nitsancohen/.bvm/versions/0.2.29/bit-0.2.29/node_modules/@teambit/legacy/bin/bit.js
    at Module._resolveFilename (node:internal/modules/cjs/loader:1072:15)
    at Module._load (node:internal/modules/cjs/loader:925:27)
    at Module.require (node:internal/modules/cjs/loader:1139:19)
    at require (node:internal/modules/helpers:121:18)
    at Object.&lt;anonymous&gt; (/Users/nitsancohen/.bvm/versions/0.2.29/bit-0.2.29/node_modules/@teambit/legacy/bin/bit.js:3:1)
    at Module._compile (node:internal/modules/cjs/loader:1257:14)
    at Module._extensions..js (node:internal/modules/cjs/loader:1311:10)
    at Module.load (node:internal/modules/cjs/loader:1115:32)
    at Module._load (node:internal/modules/cjs/loader:962:12)
    at Function.executeUserEntryPoint [as runMain] (node:internal/modules/run_main:83:12) {
  code: &apos;MODULE_NOT_FOUND&apos;,
  requireStack: [
    &apos;/Users/nitsancohen/.bvm/versions/0.2.29/bit-0.2.29/node_modules/@teambit/legacy/bin/bit.js&apos;
  ]
}

Node.js v20.3.1
" type="Error"><![CDATA[Error: Command failed: bit init
node:internal/modules/cjs/loader:1075
  throw err;
  ^

Error: Cannot find module '../node_modules/@teambit/bit/dist/app'
Require stack:
- /Users/nitsancohen/.bvm/versions/0.2.29/bit-0.2.29/node_modules/@teambit/legacy/bin/bit.js
    at Module._resolveFilename (node:internal/modules/cjs/loader:1072:15)
    at Module._load (node:internal/modules/cjs/loader:925:27)
    at Module.require (node:internal/modules/cjs/loader:1139:19)
    at require (node:internal/modules/helpers:121:18)
    at Object.<anonymous> (/Users/nitsancohen/.bvm/versions/0.2.29/bit-0.2.29/node_modules/@teambit/legacy/bin/bit.js:3:1)
    at Module._compile (node:internal/modules/cjs/loader:1257:14)
    at Module._extensions..js (node:internal/modules/cjs/loader:1311:10)
    at Module.load (node:internal/modules/cjs/loader:1115:32)
    at Module._load (node:internal/modules/cjs/loader:962:12)
    at Function.executeUserEntryPoint [as runMain] (node:internal/modules/run_main:83:12) {
  code: 'MODULE_NOT_FOUND',
  requireStack: [
    '/Users/nitsancohen/.bvm/versions/0.2.29/bit-0.2.29/node_modules/@teambit/legacy/bin/bit.js'
  ]
}

Node.js v20.3.1

    at checkExecSyncError (node:child_process:885:11)
    at Object.execSync (node:child_process:957:15)
    at CommandHelper.runCmd (src/e2e-helper/e2e-command-helper.ts:64:22)
    at ScopeHelper.initWorkspace (src/e2e-helper/e2e-scope-helper.ts:126:25)
    at ScopeHelper.reInitLocalScope (src/e2e-helper/e2e-scope-helper.ts:87:10)
    at ScopeHelper.setNewLocalAndRemoteScopes (src/e2e-helper/e2e-scope-helper.ts:141:10)
    at Context.<anonymous> (e2e/harmony/lanes/bit-remove-on-lanes.e2e.ts:20:26)
    at processImmediate (node:internal/timers:478:21)]]></failure>
    </testcase>
  </testsuite>
  <testsuite name="remove a new component when on a lane with --from-lane flag" timestamp="2023-08-21T21:40:37" tests="1" file="/Users/nitsancohen/coding/my-bit/bit/e2e/harmony/lanes/bit-remove-on-lanes.e2e.ts" time="0.0000" failures="0">
  </testsuite>
  <testsuite name="remove a non-lane component when on a lane with --from-lane flag" timestamp="2023-08-21T21:40:37" tests="1" file="/Users/nitsancohen/coding/my-bit/bit/e2e/harmony/lanes/bit-remove-on-lanes.e2e.ts" time="0.0000" failures="0">
  </testsuite>
  <testsuite name="soft remove on lane" timestamp="2023-08-21T21:40:37" tests="1" file="/Users/nitsancohen/coding/my-bit/bit/e2e/harmony/lanes/bit-remove-on-lanes.e2e.ts" time="0.0590" failures="1">
    <testcase name="bit lane command soft remove on lane &quot;before all&quot; hook for &quot;bit status should be clean&quot;" time="0.0590" classname="&quot;before all&quot; hook for &quot;bit status should be clean&quot;">
      <failure message="Command failed: bit init
node:internal/modules/cjs/loader:1075
  throw err;
  ^

Error: Cannot find module &apos;../node_modules/@teambit/bit/dist/app&apos;
Require stack:
- /Users/nitsancohen/.bvm/versions/0.2.29/bit-0.2.29/node_modules/@teambit/legacy/bin/bit.js
    at Module._resolveFilename (node:internal/modules/cjs/loader:1072:15)
    at Module._load (node:internal/modules/cjs/loader:925:27)
    at Module.require (node:internal/modules/cjs/loader:1139:19)
    at require (node:internal/modules/helpers:121:18)
    at Object.&lt;anonymous&gt; (/Users/nitsancohen/.bvm/versions/0.2.29/bit-0.2.29/node_modules/@teambit/legacy/bin/bit.js:3:1)
    at Module._compile (node:internal/modules/cjs/loader:1257:14)
    at Module._extensions..js (node:internal/modules/cjs/loader:1311:10)
    at Module.load (node:internal/modules/cjs/loader:1115:32)
    at Module._load (node:internal/modules/cjs/loader:962:12)
    at Function.executeUserEntryPoint [as runMain] (node:internal/modules/run_main:83:12) {
  code: &apos;MODULE_NOT_FOUND&apos;,
  requireStack: [
    &apos;/Users/nitsancohen/.bvm/versions/0.2.29/bit-0.2.29/node_modules/@teambit/legacy/bin/bit.js&apos;
  ]
}

Node.js v20.3.1
" type="Error"><![CDATA[Error: Command failed: bit init
node:internal/modules/cjs/loader:1075
  throw err;
  ^

Error: Cannot find module '../node_modules/@teambit/bit/dist/app'
Require stack:
- /Users/nitsancohen/.bvm/versions/0.2.29/bit-0.2.29/node_modules/@teambit/legacy/bin/bit.js
    at Module._resolveFilename (node:internal/modules/cjs/loader:1072:15)
    at Module._load (node:internal/modules/cjs/loader:925:27)
    at Module.require (node:internal/modules/cjs/loader:1139:19)
    at require (node:internal/modules/helpers:121:18)
    at Object.<anonymous> (/Users/nitsancohen/.bvm/versions/0.2.29/bit-0.2.29/node_modules/@teambit/legacy/bin/bit.js:3:1)
    at Module._compile (node:internal/modules/cjs/loader:1257:14)
    at Module._extensions..js (node:internal/modules/cjs/loader:1311:10)
    at Module.load (node:internal/modules/cjs/loader:1115:32)
    at Module._load (node:internal/modules/cjs/loader:962:12)
    at Function.executeUserEntryPoint [as runMain] (node:internal/modules/run_main:83:12) {
  code: 'MODULE_NOT_FOUND',
  requireStack: [
    '/Users/nitsancohen/.bvm/versions/0.2.29/bit-0.2.29/node_modules/@teambit/legacy/bin/bit.js'
  ]
}

Node.js v20.3.1

    at checkExecSyncError (node:child_process:885:11)
    at Object.execSync (node:child_process:957:15)
    at CommandHelper.runCmd (src/e2e-helper/e2e-command-helper.ts:64:22)
    at ScopeHelper.initWorkspace (src/e2e-helper/e2e-scope-helper.ts:126:25)
    at ScopeHelper.reInitLocalScope (src/e2e-helper/e2e-scope-helper.ts:87:10)
    at ScopeHelper.setNewLocalAndRemoteScopes (src/e2e-helper/e2e-scope-helper.ts:141:10)
    at Context.<anonymous> (e2e/harmony/lanes/bit-remove-on-lanes.e2e.ts:102:26)
    at processImmediate (node:internal/timers:478:21)]]></failure>
    </testcase>
  </testsuite>
  <testsuite name="remove a new component on a lane" timestamp="2023-08-21T21:40:37" tests="2" file="/Users/nitsancohen/coding/my-bit/bit/e2e/harmony/lanes/bit-remove-on-lanes.e2e.ts" time="0.0600" failures="1">
    <testcase name="bit lane command remove a new component on a lane &quot;before all&quot; hook for &quot;should remove from the lane object as well&quot;" time="0.0600" classname="&quot;before all&quot; hook for &quot;should remove from the lane object as well&quot;">
      <failure message="Command failed: bit init
node:internal/modules/cjs/loader:1075
  throw err;
  ^

Error: Cannot find module &apos;../node_modules/@teambit/bit/dist/app&apos;
Require stack:
- /Users/nitsancohen/.bvm/versions/0.2.29/bit-0.2.29/node_modules/@teambit/legacy/bin/bit.js
    at Module._resolveFilename (node:internal/modules/cjs/loader:1072:15)
    at Module._load (node:internal/modules/cjs/loader:925:27)
    at Module.require (node:internal/modules/cjs/loader:1139:19)
    at require (node:internal/modules/helpers:121:18)
    at Object.&lt;anonymous&gt; (/Users/nitsancohen/.bvm/versions/0.2.29/bit-0.2.29/node_modules/@teambit/legacy/bin/bit.js:3:1)
    at Module._compile (node:internal/modules/cjs/loader:1257:14)
    at Module._extensions..js (node:internal/modules/cjs/loader:1311:10)
    at Module.load (node:internal/modules/cjs/loader:1115:32)
    at Module._load (node:internal/modules/cjs/loader:962:12)
    at Function.executeUserEntryPoint [as runMain] (node:internal/modules/run_main:83:12) {
  code: &apos;MODULE_NOT_FOUND&apos;,
  requireStack: [
    &apos;/Users/nitsancohen/.bvm/versions/0.2.29/bit-0.2.29/node_modules/@teambit/legacy/bin/bit.js&apos;
  ]
}

Node.js v20.3.1
" type="Error"><![CDATA[Error: Command failed: bit init
node:internal/modules/cjs/loader:1075
  throw err;
  ^

Error: Cannot find module '../node_modules/@teambit/bit/dist/app'
Require stack:
- /Users/nitsancohen/.bvm/versions/0.2.29/bit-0.2.29/node_modules/@teambit/legacy/bin/bit.js
    at Module._resolveFilename (node:internal/modules/cjs/loader:1072:15)
    at Module._load (node:internal/modules/cjs/loader:925:27)
    at Module.require (node:internal/modules/cjs/loader:1139:19)
    at require (node:internal/modules/helpers:121:18)
    at Object.<anonymous> (/Users/nitsancohen/.bvm/versions/0.2.29/bit-0.2.29/node_modules/@teambit/legacy/bin/bit.js:3:1)
    at Module._compile (node:internal/modules/cjs/loader:1257:14)
    at Module._extensions..js (node:internal/modules/cjs/loader:1311:10)
    at Module.load (node:internal/modules/cjs/loader:1115:32)
    at Module._load (node:internal/modules/cjs/loader:962:12)
    at Function.executeUserEntryPoint [as runMain] (node:internal/modules/run_main:83:12) {
  code: 'MODULE_NOT_FOUND',
  requireStack: [
    '/Users/nitsancohen/.bvm/versions/0.2.29/bit-0.2.29/node_modules/@teambit/legacy/bin/bit.js'
  ]
}

Node.js v20.3.1

    at checkExecSyncError (node:child_process:885:11)
    at Object.execSync (node:child_process:957:15)
    at CommandHelper.runCmd (src/e2e-helper/e2e-command-helper.ts:64:22)
    at ScopeHelper.initWorkspace (src/e2e-helper/e2e-scope-helper.ts:126:25)
    at ScopeHelper.reInitLocalScope (src/e2e-helper/e2e-scope-helper.ts:87:10)
    at ScopeHelper.setNewLocalAndRemoteScopes (src/e2e-helper/e2e-scope-helper.ts:141:10)
    at Context.<anonymous> (e2e/harmony/lanes/bit-remove-on-lanes.e2e.ts:161:26)
    at processImmediate (node:internal/timers:478:21)]]></failure>
    </testcase>
  </testsuite>
  <testsuite name="soft-remove main component when on a lane" timestamp="2023-08-21T21:40:37" tests="1" file="/Users/nitsancohen/coding/my-bit/bit/e2e/harmony/lanes/bit-remove-on-lanes.e2e.ts" time="0.0610" failures="1">
    <testcase name="bit lane command soft-remove main component when on a lane &quot;before all&quot; hook for &quot;should remove the component from the workspace&quot;" time="0.0610" classname="&quot;before all&quot; hook for &quot;should remove the component from the workspace&quot;">
      <failure message="Command failed: bit init
node:internal/modules/cjs/loader:1075
  throw err;
  ^

Error: Cannot find module &apos;../node_modules/@teambit/bit/dist/app&apos;
Require stack:
- /Users/nitsancohen/.bvm/versions/0.2.29/bit-0.2.29/node_modules/@teambit/legacy/bin/bit.js
    at Module._resolveFilename (node:internal/modules/cjs/loader:1072:15)
    at Module._load (node:internal/modules/cjs/loader:925:27)
    at Module.require (node:internal/modules/cjs/loader:1139:19)
    at require (node:internal/modules/helpers:121:18)
    at Object.&lt;anonymous&gt; (/Users/nitsancohen/.bvm/versions/0.2.29/bit-0.2.29/node_modules/@teambit/legacy/bin/bit.js:3:1)
    at Module._compile (node:internal/modules/cjs/loader:1257:14)
    at Module._extensions..js (node:internal/modules/cjs/loader:1311:10)
    at Module.load (node:internal/modules/cjs/loader:1115:32)
    at Module._load (node:internal/modules/cjs/loader:962:12)
    at Function.executeUserEntryPoint [as runMain] (node:internal/modules/run_main:83:12) {
  code: &apos;MODULE_NOT_FOUND&apos;,
  requireStack: [
    &apos;/Users/nitsancohen/.bvm/versions/0.2.29/bit-0.2.29/node_modules/@teambit/legacy/bin/bit.js&apos;
  ]
}

Node.js v20.3.1
" type="Error"><![CDATA[Error: Command failed: bit init
node:internal/modules/cjs/loader:1075
  throw err;
  ^

Error: Cannot find module '../node_modules/@teambit/bit/dist/app'
Require stack:
- /Users/nitsancohen/.bvm/versions/0.2.29/bit-0.2.29/node_modules/@teambit/legacy/bin/bit.js
    at Module._resolveFilename (node:internal/modules/cjs/loader:1072:15)
    at Module._load (node:internal/modules/cjs/loader:925:27)
    at Module.require (node:internal/modules/cjs/loader:1139:19)
    at require (node:internal/modules/helpers:121:18)
    at Object.<anonymous> (/Users/nitsancohen/.bvm/versions/0.2.29/bit-0.2.29/node_modules/@teambit/legacy/bin/bit.js:3:1)
    at Module._compile (node:internal/modules/cjs/loader:1257:14)
    at Module._extensions..js (node:internal/modules/cjs/loader:1311:10)
    at Module.load (node:internal/modules/cjs/loader:1115:32)
    at Module._load (node:internal/modules/cjs/loader:962:12)
    at Function.executeUserEntryPoint [as runMain] (node:internal/modules/run_main:83:12) {
  code: 'MODULE_NOT_FOUND',
  requireStack: [
    '/Users/nitsancohen/.bvm/versions/0.2.29/bit-0.2.29/node_modules/@teambit/legacy/bin/bit.js'
  ]
}

Node.js v20.3.1

    at checkExecSyncError (node:child_process:885:11)
    at Object.execSync (node:child_process:957:15)
    at CommandHelper.runCmd (src/e2e-helper/e2e-command-helper.ts:64:22)
    at ScopeHelper.initWorkspace (src/e2e-helper/e2e-scope-helper.ts:126:25)
    at ScopeHelper.reInitLocalScope (src/e2e-helper/e2e-scope-helper.ts:87:10)
    at ScopeHelper.setNewLocalAndRemoteScopes (src/e2e-helper/e2e-scope-helper.ts:141:10)
    at Context.<anonymous> (e2e/harmony/lanes/bit-remove-on-lanes.e2e.ts:180:26)
    at processImmediate (node:internal/timers:478:21)]]></failure>
    </testcase>
  </testsuite>
  <testsuite name="soft remove on lane when a forked lane is merging this lane" timestamp="2023-08-21T21:40:37" tests="1" file="/Users/nitsancohen/coding/my-bit/bit/e2e/harmony/lanes/bit-remove-on-lanes.e2e.ts" time="0.0610" failures="1">
    <testcase name="bit lane command soft remove on lane when a forked lane is merging this lane &quot;before all&quot; hook for &quot;bit status --lanes should show updates from lane-a&quot;" time="0.0610" classname="&quot;before all&quot; hook for &quot;bit status --lanes should show updates from lane-a&quot;">
      <failure message="Command failed: bit init
node:internal/modules/cjs/loader:1075
  throw err;
  ^

Error: Cannot find module &apos;../node_modules/@teambit/bit/dist/app&apos;
Require stack:
- /Users/nitsancohen/.bvm/versions/0.2.29/bit-0.2.29/node_modules/@teambit/legacy/bin/bit.js
    at Module._resolveFilename (node:internal/modules/cjs/loader:1072:15)
    at Module._load (node:internal/modules/cjs/loader:925:27)
    at Module.require (node:internal/modules/cjs/loader:1139:19)
    at require (node:internal/modules/helpers:121:18)
    at Object.&lt;anonymous&gt; (/Users/nitsancohen/.bvm/versions/0.2.29/bit-0.2.29/node_modules/@teambit/legacy/bin/bit.js:3:1)
    at Module._compile (node:internal/modules/cjs/loader:1257:14)
    at Module._extensions..js (node:internal/modules/cjs/loader:1311:10)
    at Module.load (node:internal/modules/cjs/loader:1115:32)
    at Module._load (node:internal/modules/cjs/loader:962:12)
    at Function.executeUserEntryPoint [as runMain] (node:internal/modules/run_main:83:12) {
  code: &apos;MODULE_NOT_FOUND&apos;,
  requireStack: [
    &apos;/Users/nitsancohen/.bvm/versions/0.2.29/bit-0.2.29/node_modules/@teambit/legacy/bin/bit.js&apos;
  ]
}

Node.js v20.3.1
" type="Error"><![CDATA[Error: Command failed: bit init
node:internal/modules/cjs/loader:1075
  throw err;
  ^

Error: Cannot find module '../node_modules/@teambit/bit/dist/app'
Require stack:
- /Users/nitsancohen/.bvm/versions/0.2.29/bit-0.2.29/node_modules/@teambit/legacy/bin/bit.js
    at Module._resolveFilename (node:internal/modules/cjs/loader:1072:15)
    at Module._load (node:internal/modules/cjs/loader:925:27)
    at Module.require (node:internal/modules/cjs/loader:1139:19)
    at require (node:internal/modules/helpers:121:18)
    at Object.<anonymous> (/Users/nitsancohen/.bvm/versions/0.2.29/bit-0.2.29/node_modules/@teambit/legacy/bin/bit.js:3:1)
    at Module._compile (node:internal/modules/cjs/loader:1257:14)
    at Module._extensions..js (node:internal/modules/cjs/loader:1311:10)
    at Module.load (node:internal/modules/cjs/loader:1115:32)
    at Module._load (node:internal/modules/cjs/loader:962:12)
    at Function.executeUserEntryPoint [as runMain] (node:internal/modules/run_main:83:12) {
  code: 'MODULE_NOT_FOUND',
  requireStack: [
    '/Users/nitsancohen/.bvm/versions/0.2.29/bit-0.2.29/node_modules/@teambit/legacy/bin/bit.js'
  ]
}

Node.js v20.3.1

    at checkExecSyncError (node:child_process:885:11)
    at Object.execSync (node:child_process:957:15)
    at CommandHelper.runCmd (src/e2e-helper/e2e-command-helper.ts:64:22)
    at ScopeHelper.initWorkspace (src/e2e-helper/e2e-scope-helper.ts:126:25)
    at ScopeHelper.reInitLocalScope (src/e2e-helper/e2e-scope-helper.ts:87:10)
    at ScopeHelper.setNewLocalAndRemoteScopes (src/e2e-helper/e2e-scope-helper.ts:141:10)
    at Context.<anonymous> (e2e/harmony/lanes/bit-remove-on-lanes.e2e.ts:198:26)
    at processImmediate (node:internal/timers:478:21)]]></failure>
    </testcase>
  </testsuite>
  <testsuite name="soft remove on lane when a forked lane changed it (diverged) and is now merging this lane" timestamp="2023-08-21T21:40:37" tests="0" file="/Users/nitsancohen/coding/my-bit/bit/e2e/harmony/lanes/bit-remove-on-lanes.e2e.ts" time="0.0610" failures="1">
    <testcase name="bit lane command soft remove on lane when a forked lane changed it (diverged) and is now merging this lane &quot;before all&quot; hook in &quot;soft remove on lane when a forked lane changed it (diverged) and is now merging this lane&quot;" time="0.0610" classname="&quot;before all&quot; hook in &quot;soft remove on lane when a forked lane changed it (diverged) and is now merging this lane&quot;">
      <failure message="Command failed: bit init
node:internal/modules/cjs/loader:1075
  throw err;
  ^

Error: Cannot find module &apos;../node_modules/@teambit/bit/dist/app&apos;
Require stack:
- /Users/nitsancohen/.bvm/versions/0.2.29/bit-0.2.29/node_modules/@teambit/legacy/bin/bit.js
    at Module._resolveFilename (node:internal/modules/cjs/loader:1072:15)
    at Module._load (node:internal/modules/cjs/loader:925:27)
    at Module.require (node:internal/modules/cjs/loader:1139:19)
    at require (node:internal/modules/helpers:121:18)
    at Object.&lt;anonymous&gt; (/Users/nitsancohen/.bvm/versions/0.2.29/bit-0.2.29/node_modules/@teambit/legacy/bin/bit.js:3:1)
    at Module._compile (node:internal/modules/cjs/loader:1257:14)
    at Module._extensions..js (node:internal/modules/cjs/loader:1311:10)
    at Module.load (node:internal/modules/cjs/loader:1115:32)
    at Module._load (node:internal/modules/cjs/loader:962:12)
    at Function.executeUserEntryPoint [as runMain] (node:internal/modules/run_main:83:12) {
  code: &apos;MODULE_NOT_FOUND&apos;,
  requireStack: [
    &apos;/Users/nitsancohen/.bvm/versions/0.2.29/bit-0.2.29/node_modules/@teambit/legacy/bin/bit.js&apos;
  ]
}

Node.js v20.3.1
" type="Error"><![CDATA[Error: Command failed: bit init
node:internal/modules/cjs/loader:1075
  throw err;
  ^

Error: Cannot find module '../node_modules/@teambit/bit/dist/app'
Require stack:
- /Users/nitsancohen/.bvm/versions/0.2.29/bit-0.2.29/node_modules/@teambit/legacy/bin/bit.js
    at Module._resolveFilename (node:internal/modules/cjs/loader:1072:15)
    at Module._load (node:internal/modules/cjs/loader:925:27)
    at Module.require (node:internal/modules/cjs/loader:1139:19)
    at require (node:internal/modules/helpers:121:18)
    at Object.<anonymous> (/Users/nitsancohen/.bvm/versions/0.2.29/bit-0.2.29/node_modules/@teambit/legacy/bin/bit.js:3:1)
    at Module._compile (node:internal/modules/cjs/loader:1257:14)
    at Module._extensions..js (node:internal/modules/cjs/loader:1311:10)
    at Module.load (node:internal/modules/cjs/loader:1115:32)
    at Module._load (node:internal/modules/cjs/loader:962:12)
    at Function.executeUserEntryPoint [as runMain] (node:internal/modules/run_main:83:12) {
  code: 'MODULE_NOT_FOUND',
  requireStack: [
    '/Users/nitsancohen/.bvm/versions/0.2.29/bit-0.2.29/node_modules/@teambit/legacy/bin/bit.js'
  ]
}

Node.js v20.3.1

    at checkExecSyncError (node:child_process:885:11)
    at Object.execSync (node:child_process:957:15)
    at CommandHelper.runCmd (src/e2e-helper/e2e-command-helper.ts:64:22)
    at ScopeHelper.initWorkspace (src/e2e-helper/e2e-scope-helper.ts:126:25)
    at ScopeHelper.reInitLocalScope (src/e2e-helper/e2e-scope-helper.ts:87:10)
    at ScopeHelper.setNewLocalAndRemoteScopes (src/e2e-helper/e2e-scope-helper.ts:141:10)
    at Context.<anonymous> (e2e/harmony/lanes/bit-remove-on-lanes.e2e.ts:270:26)
    at processImmediate (node:internal/timers:478:21)]]></failure>
    </testcase>
  </testsuite>
  <testsuite name="soft remove on lane when a forked lane does not have this comp and is merging this lane" timestamp="2023-08-21T21:40:37" tests="3" file="/Users/nitsancohen/coding/my-bit/bit/e2e/harmony/lanes/bit-remove-on-lanes.e2e.ts" time="0.0600" failures="1">
    <testcase name="bit lane command soft remove on lane when a forked lane does not have this comp and is merging this lane &quot;before all&quot; hook for &quot;should show why the component was not merged when using --verbose flag&quot;" time="0.0600" classname="&quot;before all&quot; hook for &quot;should show why the component was not merged when using --verbose flag&quot;">
      <failure message="Command failed: bit init
node:internal/modules/cjs/loader:1075
  throw err;
  ^

Error: Cannot find module &apos;../node_modules/@teambit/bit/dist/app&apos;
Require stack:
- /Users/nitsancohen/.bvm/versions/0.2.29/bit-0.2.29/node_modules/@teambit/legacy/bin/bit.js
    at Module._resolveFilename (node:internal/modules/cjs/loader:1072:15)
    at Module._load (node:internal/modules/cjs/loader:925:27)
    at Module.require (node:internal/modules/cjs/loader:1139:19)
    at require (node:internal/modules/helpers:121:18)
    at Object.&lt;anonymous&gt; (/Users/nitsancohen/.bvm/versions/0.2.29/bit-0.2.29/node_modules/@teambit/legacy/bin/bit.js:3:1)
    at Module._compile (node:internal/modules/cjs/loader:1257:14)
    at Module._extensions..js (node:internal/modules/cjs/loader:1311:10)
    at Module.load (node:internal/modules/cjs/loader:1115:32)
    at Module._load (node:internal/modules/cjs/loader:962:12)
    at Function.executeUserEntryPoint [as runMain] (node:internal/modules/run_main:83:12) {
  code: &apos;MODULE_NOT_FOUND&apos;,
  requireStack: [
    &apos;/Users/nitsancohen/.bvm/versions/0.2.29/bit-0.2.29/node_modules/@teambit/legacy/bin/bit.js&apos;
  ]
}

Node.js v20.3.1
" type="Error"><![CDATA[Error: Command failed: bit init
node:internal/modules/cjs/loader:1075
  throw err;
  ^

Error: Cannot find module '../node_modules/@teambit/bit/dist/app'
Require stack:
- /Users/nitsancohen/.bvm/versions/0.2.29/bit-0.2.29/node_modules/@teambit/legacy/bin/bit.js
    at Module._resolveFilename (node:internal/modules/cjs/loader:1072:15)
    at Module._load (node:internal/modules/cjs/loader:925:27)
    at Module.require (node:internal/modules/cjs/loader:1139:19)
    at require (node:internal/modules/helpers:121:18)
    at Object.<anonymous> (/Users/nitsancohen/.bvm/versions/0.2.29/bit-0.2.29/node_modules/@teambit/legacy/bin/bit.js:3:1)
    at Module._compile (node:internal/modules/cjs/loader:1257:14)
    at Module._extensions..js (node:internal/modules/cjs/loader:1311:10)
    at Module.load (node:internal/modules/cjs/loader:1115:32)
    at Module._load (node:internal/modules/cjs/loader:962:12)
    at Function.executeUserEntryPoint [as runMain] (node:internal/modules/run_main:83:12) {
  code: 'MODULE_NOT_FOUND',
  requireStack: [
    '/Users/nitsancohen/.bvm/versions/0.2.29/bit-0.2.29/node_modules/@teambit/legacy/bin/bit.js'
  ]
}

Node.js v20.3.1

    at checkExecSyncError (node:child_process:885:11)
    at Object.execSync (node:child_process:957:15)
    at CommandHelper.runCmd (src/e2e-helper/e2e-command-helper.ts:64:22)
    at ScopeHelper.initWorkspace (src/e2e-helper/e2e-scope-helper.ts:126:25)
    at ScopeHelper.reInitLocalScope (src/e2e-helper/e2e-scope-helper.ts:87:10)
    at ScopeHelper.setNewLocalAndRemoteScopes (src/e2e-helper/e2e-scope-helper.ts:141:10)
    at Context.<anonymous> (e2e/harmony/lanes/bit-remove-on-lanes.e2e.ts:369:26)
    at processImmediate (node:internal/timers:478:21)]]></failure>
    </testcase>
  </testsuite>
  <testsuite name="soft remove on lane when another user of the same lane is checking out head" timestamp="2023-08-21T21:40:38" tests="3" file="/Users/nitsancohen/coding/my-bit/bit/e2e/harmony/lanes/bit-remove-on-lanes.e2e.ts" time="0.0600" failures="1">
    <testcase name="bit lane command soft remove on lane when another user of the same lane is checking out head &quot;before all&quot; hook for &quot;should indicate that the component was removed&quot;" time="0.0600" classname="&quot;before all&quot; hook for &quot;should indicate that the component was removed&quot;">
      <failure message="Command failed: bit init
node:internal/modules/cjs/loader:1075
  throw err;
  ^

Error: Cannot find module &apos;../node_modules/@teambit/bit/dist/app&apos;
Require stack:
- /Users/nitsancohen/.bvm/versions/0.2.29/bit-0.2.29/node_modules/@teambit/legacy/bin/bit.js
    at Module._resolveFilename (node:internal/modules/cjs/loader:1072:15)
    at Module._load (node:internal/modules/cjs/loader:925:27)
    at Module.require (node:internal/modules/cjs/loader:1139:19)
    at require (node:internal/modules/helpers:121:18)
    at Object.&lt;anonymous&gt; (/Users/nitsancohen/.bvm/versions/0.2.29/bit-0.2.29/node_modules/@teambit/legacy/bin/bit.js:3:1)
    at Module._compile (node:internal/modules/cjs/loader:1257:14)
    at Module._extensions..js (node:internal/modules/cjs/loader:1311:10)
    at Module.load (node:internal/modules/cjs/loader:1115:32)
    at Module._load (node:internal/modules/cjs/loader:962:12)
    at Function.executeUserEntryPoint [as runMain] (node:internal/modules/run_main:83:12) {
  code: &apos;MODULE_NOT_FOUND&apos;,
  requireStack: [
    &apos;/Users/nitsancohen/.bvm/versions/0.2.29/bit-0.2.29/node_modules/@teambit/legacy/bin/bit.js&apos;
  ]
}

Node.js v20.3.1
" type="Error"><![CDATA[Error: Command failed: bit init
node:internal/modules/cjs/loader:1075
  throw err;
  ^

Error: Cannot find module '../node_modules/@teambit/bit/dist/app'
Require stack:
- /Users/nitsancohen/.bvm/versions/0.2.29/bit-0.2.29/node_modules/@teambit/legacy/bin/bit.js
    at Module._resolveFilename (node:internal/modules/cjs/loader:1072:15)
    at Module._load (node:internal/modules/cjs/loader:925:27)
    at Module.require (node:internal/modules/cjs/loader:1139:19)
    at require (node:internal/modules/helpers:121:18)
    at Object.<anonymous> (/Users/nitsancohen/.bvm/versions/0.2.29/bit-0.2.29/node_modules/@teambit/legacy/bin/bit.js:3:1)
    at Module._compile (node:internal/modules/cjs/loader:1257:14)
    at Module._extensions..js (node:internal/modules/cjs/loader:1311:10)
    at Module.load (node:internal/modules/cjs/loader:1115:32)
    at Module._load (node:internal/modules/cjs/loader:962:12)
    at Function.executeUserEntryPoint [as runMain] (node:internal/modules/run_main:83:12) {
  code: 'MODULE_NOT_FOUND',
  requireStack: [
    '/Users/nitsancohen/.bvm/versions/0.2.29/bit-0.2.29/node_modules/@teambit/legacy/bin/bit.js'
  ]
}

Node.js v20.3.1

    at checkExecSyncError (node:child_process:885:11)
    at Object.execSync (node:child_process:957:15)
    at CommandHelper.runCmd (src/e2e-helper/e2e-command-helper.ts:64:22)
    at ScopeHelper.initWorkspace (src/e2e-helper/e2e-scope-helper.ts:126:25)
    at ScopeHelper.reInitLocalScope (src/e2e-helper/e2e-scope-helper.ts:87:10)
    at ScopeHelper.setNewLocalAndRemoteScopes (src/e2e-helper/e2e-scope-helper.ts:141:10)
    at Context.<anonymous> (e2e/harmony/lanes/bit-remove-on-lanes.e2e.ts:407:26)
    at processImmediate (node:internal/timers:478:21)]]></failure>
    </testcase>
  </testsuite>
  <testsuite name="exporting a lane after snapping and then removing a component" timestamp="2023-08-21T21:40:38" tests="1" file="/Users/nitsancohen/coding/my-bit/bit/e2e/harmony/lanes/bit-remove-on-lanes.e2e.ts" time="0.0600" failures="1">
    <testcase name="bit lane command exporting a lane after snapping and then removing a component &quot;before all&quot; hook for &quot;should be able to import the lane with no errors&quot;" time="0.0600" classname="&quot;before all&quot; hook for &quot;should be able to import the lane with no errors&quot;">
      <failure message="Command failed: bit init
node:internal/modules/cjs/loader:1075
  throw err;
  ^

Error: Cannot find module &apos;../node_modules/@teambit/bit/dist/app&apos;
Require stack:
- /Users/nitsancohen/.bvm/versions/0.2.29/bit-0.2.29/node_modules/@teambit/legacy/bin/bit.js
    at Module._resolveFilename (node:internal/modules/cjs/loader:1072:15)
    at Module._load (node:internal/modules/cjs/loader:925:27)
    at Module.require (node:internal/modules/cjs/loader:1139:19)
    at require (node:internal/modules/helpers:121:18)
    at Object.&lt;anonymous&gt; (/Users/nitsancohen/.bvm/versions/0.2.29/bit-0.2.29/node_modules/@teambit/legacy/bin/bit.js:3:1)
    at Module._compile (node:internal/modules/cjs/loader:1257:14)
    at Module._extensions..js (node:internal/modules/cjs/loader:1311:10)
    at Module.load (node:internal/modules/cjs/loader:1115:32)
    at Module._load (node:internal/modules/cjs/loader:962:12)
    at Function.executeUserEntryPoint [as runMain] (node:internal/modules/run_main:83:12) {
  code: &apos;MODULE_NOT_FOUND&apos;,
  requireStack: [
    &apos;/Users/nitsancohen/.bvm/versions/0.2.29/bit-0.2.29/node_modules/@teambit/legacy/bin/bit.js&apos;
  ]
}

Node.js v20.3.1
" type="Error"><![CDATA[Error: Command failed: bit init
node:internal/modules/cjs/loader:1075
  throw err;
  ^

Error: Cannot find module '../node_modules/@teambit/bit/dist/app'
Require stack:
- /Users/nitsancohen/.bvm/versions/0.2.29/bit-0.2.29/node_modules/@teambit/legacy/bin/bit.js
    at Module._resolveFilename (node:internal/modules/cjs/loader:1072:15)
    at Module._load (node:internal/modules/cjs/loader:925:27)
    at Module.require (node:internal/modules/cjs/loader:1139:19)
    at require (node:internal/modules/helpers:121:18)
    at Object.<anonymous> (/Users/nitsancohen/.bvm/versions/0.2.29/bit-0.2.29/node_modules/@teambit/legacy/bin/bit.js:3:1)
    at Module._compile (node:internal/modules/cjs/loader:1257:14)
    at Module._extensions..js (node:internal/modules/cjs/loader:1311:10)
    at Module.load (node:internal/modules/cjs/loader:1115:32)
    at Module._load (node:internal/modules/cjs/loader:962:12)
    at Function.executeUserEntryPoint [as runMain] (node:internal/modules/run_main:83:12) {
  code: 'MODULE_NOT_FOUND',
  requireStack: [
    '/Users/nitsancohen/.bvm/versions/0.2.29/bit-0.2.29/node_modules/@teambit/legacy/bin/bit.js'
  ]
}

Node.js v20.3.1

    at checkExecSyncError (node:child_process:885:11)
    at Object.execSync (node:child_process:957:15)
    at CommandHelper.runCmd (src/e2e-helper/e2e-command-helper.ts:64:22)
    at ScopeHelper.initWorkspace (src/e2e-helper/e2e-scope-helper.ts:126:25)
    at ScopeHelper.reInitLocalScope (src/e2e-helper/e2e-scope-helper.ts:87:10)
    at ScopeHelper.setNewLocalAndRemoteScopes (src/e2e-helper/e2e-scope-helper.ts:141:10)
    at Context.<anonymous> (e2e/harmony/lanes/bit-remove-on-lanes.e2e.ts:435:26)
    at processImmediate (node:internal/timers:478:21)]]></failure>
    </testcase>
  </testsuite>
  <testsuite name="soft remove on lane-a, then re-creating the component on lane-b" timestamp="2023-08-21T21:40:38" tests="1" file="/Users/nitsancohen/coding/my-bit/bit/e2e/harmony/lanes/bit-remove-on-lanes.e2e.ts" time="0.0600" failures="1">
    <testcase name="bit lane command soft remove on lane-a, then re-creating the component on lane-b &quot;before all&quot; hook for &quot;the forked lane should not include the soft-removed components&quot;" time="0.0600" classname="&quot;before all&quot; hook for &quot;the forked lane should not include the soft-removed components&quot;">
      <failure message="Command failed: bit init
node:internal/modules/cjs/loader:1075
  throw err;
  ^

Error: Cannot find module &apos;../node_modules/@teambit/bit/dist/app&apos;
Require stack:
- /Users/nitsancohen/.bvm/versions/0.2.29/bit-0.2.29/node_modules/@teambit/legacy/bin/bit.js
    at Module._resolveFilename (node:internal/modules/cjs/loader:1072:15)
    at Module._load (node:internal/modules/cjs/loader:925:27)
    at Module.require (node:internal/modules/cjs/loader:1139:19)
    at require (node:internal/modules/helpers:121:18)
    at Object.&lt;anonymous&gt; (/Users/nitsancohen/.bvm/versions/0.2.29/bit-0.2.29/node_modules/@teambit/legacy/bin/bit.js:3:1)
    at Module._compile (node:internal/modules/cjs/loader:1257:14)
    at Module._extensions..js (node:internal/modules/cjs/loader:1311:10)
    at Module.load (node:internal/modules/cjs/loader:1115:32)
    at Module._load (node:internal/modules/cjs/loader:962:12)
    at Function.executeUserEntryPoint [as runMain] (node:internal/modules/run_main:83:12) {
  code: &apos;MODULE_NOT_FOUND&apos;,
  requireStack: [
    &apos;/Users/nitsancohen/.bvm/versions/0.2.29/bit-0.2.29/node_modules/@teambit/legacy/bin/bit.js&apos;
  ]
}

Node.js v20.3.1
" type="Error"><![CDATA[Error: Command failed: bit init
node:internal/modules/cjs/loader:1075
  throw err;
  ^

Error: Cannot find module '../node_modules/@teambit/bit/dist/app'
Require stack:
- /Users/nitsancohen/.bvm/versions/0.2.29/bit-0.2.29/node_modules/@teambit/legacy/bin/bit.js
    at Module._resolveFilename (node:internal/modules/cjs/loader:1072:15)
    at Module._load (node:internal/modules/cjs/loader:925:27)
    at Module.require (node:internal/modules/cjs/loader:1139:19)
    at require (node:internal/modules/helpers:121:18)
    at Object.<anonymous> (/Users/nitsancohen/.bvm/versions/0.2.29/bit-0.2.29/node_modules/@teambit/legacy/bin/bit.js:3:1)
    at Module._compile (node:internal/modules/cjs/loader:1257:14)
    at Module._extensions..js (node:internal/modules/cjs/loader:1311:10)
    at Module.load (node:internal/modules/cjs/loader:1115:32)
    at Module._load (node:internal/modules/cjs/loader:962:12)
    at Function.executeUserEntryPoint [as runMain] (node:internal/modules/run_main:83:12) {
  code: 'MODULE_NOT_FOUND',
  requireStack: [
    '/Users/nitsancohen/.bvm/versions/0.2.29/bit-0.2.29/node_modules/@teambit/legacy/bin/bit.js'
  ]
}

Node.js v20.3.1

    at checkExecSyncError (node:child_process:885:11)
    at Object.execSync (node:child_process:957:15)
    at CommandHelper.runCmd (src/e2e-helper/e2e-command-helper.ts:64:22)
    at ScopeHelper.initWorkspace (src/e2e-helper/e2e-scope-helper.ts:126:25)
    at ScopeHelper.reInitLocalScope (src/e2e-helper/e2e-scope-helper.ts:87:10)
    at ScopeHelper.setNewLocalAndRemoteScopes (src/e2e-helper/e2e-scope-helper.ts:141:10)
    at Context.<anonymous> (e2e/harmony/lanes/bit-remove-on-lanes.e2e.ts:452:26)
    at processImmediate (node:internal/timers:478:21)]]></failure>
    </testcase>
  </testsuite>
  <testsuite name="remove on lane with --update-main then merge to main" timestamp="2023-08-21T21:40:38" tests="3" file="/Users/nitsancohen/coding/my-bit/bit/e2e/harmony/lanes/bit-remove-on-lanes.e2e.ts" time="0.0600" failures="1">
    <testcase name="bit lane command remove on lane with --update-main then merge to main &quot;before all&quot; hook for &quot;should be marked as removed on main&quot;" time="0.0600" classname="&quot;before all&quot; hook for &quot;should be marked as removed on main&quot;">
      <failure message="Command failed: bit init
node:internal/modules/cjs/loader:1075
  throw err;
  ^

Error: Cannot find module &apos;../node_modules/@teambit/bit/dist/app&apos;
Require stack:
- /Users/nitsancohen/.bvm/versions/0.2.29/bit-0.2.29/node_modules/@teambit/legacy/bin/bit.js
    at Module._resolveFilename (node:internal/modules/cjs/loader:1072:15)
    at Module._load (node:internal/modules/cjs/loader:925:27)
    at Module.require (node:internal/modules/cjs/loader:1139:19)
    at require (node:internal/modules/helpers:121:18)
    at Object.&lt;anonymous&gt; (/Users/nitsancohen/.bvm/versions/0.2.29/bit-0.2.29/node_modules/@teambit/legacy/bin/bit.js:3:1)
    at Module._compile (node:internal/modules/cjs/loader:1257:14)
    at Module._extensions..js (node:internal/modules/cjs/loader:1311:10)
    at Module.load (node:internal/modules/cjs/loader:1115:32)
    at Module._load (node:internal/modules/cjs/loader:962:12)
    at Function.executeUserEntryPoint [as runMain] (node:internal/modules/run_main:83:12) {
  code: &apos;MODULE_NOT_FOUND&apos;,
  requireStack: [
    &apos;/Users/nitsancohen/.bvm/versions/0.2.29/bit-0.2.29/node_modules/@teambit/legacy/bin/bit.js&apos;
  ]
}

Node.js v20.3.1
" type="Error"><![CDATA[Error: Command failed: bit init
node:internal/modules/cjs/loader:1075
  throw err;
  ^

Error: Cannot find module '../node_modules/@teambit/bit/dist/app'
Require stack:
- /Users/nitsancohen/.bvm/versions/0.2.29/bit-0.2.29/node_modules/@teambit/legacy/bin/bit.js
    at Module._resolveFilename (node:internal/modules/cjs/loader:1072:15)
    at Module._load (node:internal/modules/cjs/loader:925:27)
    at Module.require (node:internal/modules/cjs/loader:1139:19)
    at require (node:internal/modules/helpers:121:18)
    at Object.<anonymous> (/Users/nitsancohen/.bvm/versions/0.2.29/bit-0.2.29/node_modules/@teambit/legacy/bin/bit.js:3:1)
    at Module._compile (node:internal/modules/cjs/loader:1257:14)
    at Module._extensions..js (node:internal/modules/cjs/loader:1311:10)
    at Module.load (node:internal/modules/cjs/loader:1115:32)
    at Module._load (node:internal/modules/cjs/loader:962:12)
    at Function.executeUserEntryPoint [as runMain] (node:internal/modules/run_main:83:12) {
  code: 'MODULE_NOT_FOUND',
  requireStack: [
    '/Users/nitsancohen/.bvm/versions/0.2.29/bit-0.2.29/node_modules/@teambit/legacy/bin/bit.js'
  ]
}

Node.js v20.3.1

    at checkExecSyncError (node:child_process:885:11)
    at Object.execSync (node:child_process:957:15)
    at CommandHelper.runCmd (src/e2e-helper/e2e-command-helper.ts:64:22)
    at ScopeHelper.initWorkspace (src/e2e-helper/e2e-scope-helper.ts:126:25)
    at ScopeHelper.reInitLocalScope (src/e2e-helper/e2e-scope-helper.ts:87:10)
    at ScopeHelper.setNewLocalAndRemoteScopes (src/e2e-helper/e2e-scope-helper.ts:141:10)
    at Context.<anonymous> (e2e/harmony/lanes/bit-remove-on-lanes.e2e.ts:473:26)
    at processImmediate (node:internal/timers:478:21)]]></failure>
    </testcase>
  </testsuite>
  <testsuite name="remove on lane with --update-main then merge to another lane" timestamp="2023-08-21T21:40:38" tests="2" file="/Users/nitsancohen/coding/my-bit/bit/e2e/harmony/lanes/bit-remove-on-lanes.e2e.ts" time="0.0590" failures="1">
    <testcase name="bit lane command remove on lane with --update-main then merge to another lane &quot;before all&quot; hook for &quot;should bring the removed component into the other lane&quot;" time="0.0590" classname="&quot;before all&quot; hook for &quot;should bring the removed component into the other lane&quot;">
      <failure message="Command failed: bit init
node:internal/modules/cjs/loader:1075
  throw err;
  ^

Error: Cannot find module &apos;../node_modules/@teambit/bit/dist/app&apos;
Require stack:
- /Users/nitsancohen/.bvm/versions/0.2.29/bit-0.2.29/node_modules/@teambit/legacy/bin/bit.js
    at Module._resolveFilename (node:internal/modules/cjs/loader:1072:15)
    at Module._load (node:internal/modules/cjs/loader:925:27)
    at Module.require (node:internal/modules/cjs/loader:1139:19)
    at require (node:internal/modules/helpers:121:18)
    at Object.&lt;anonymous&gt; (/Users/nitsancohen/.bvm/versions/0.2.29/bit-0.2.29/node_modules/@teambit/legacy/bin/bit.js:3:1)
    at Module._compile (node:internal/modules/cjs/loader:1257:14)
    at Module._extensions..js (node:internal/modules/cjs/loader:1311:10)
    at Module.load (node:internal/modules/cjs/loader:1115:32)
    at Module._load (node:internal/modules/cjs/loader:962:12)
    at Function.executeUserEntryPoint [as runMain] (node:internal/modules/run_main:83:12) {
  code: &apos;MODULE_NOT_FOUND&apos;,
  requireStack: [
    &apos;/Users/nitsancohen/.bvm/versions/0.2.29/bit-0.2.29/node_modules/@teambit/legacy/bin/bit.js&apos;
  ]
}

Node.js v20.3.1
" type="Error"><![CDATA[Error: Command failed: bit init
node:internal/modules/cjs/loader:1075
  throw err;
  ^

Error: Cannot find module '../node_modules/@teambit/bit/dist/app'
Require stack:
- /Users/nitsancohen/.bvm/versions/0.2.29/bit-0.2.29/node_modules/@teambit/legacy/bin/bit.js
    at Module._resolveFilename (node:internal/modules/cjs/loader:1072:15)
    at Module._load (node:internal/modules/cjs/loader:925:27)
    at Module.require (node:internal/modules/cjs/loader:1139:19)
    at require (node:internal/modules/helpers:121:18)
    at Object.<anonymous> (/Users/nitsancohen/.bvm/versions/0.2.29/bit-0.2.29/node_modules/@teambit/legacy/bin/bit.js:3:1)
    at Module._compile (node:internal/modules/cjs/loader:1257:14)
    at Module._extensions..js (node:internal/modules/cjs/loader:1311:10)
    at Module.load (node:internal/modules/cjs/loader:1115:32)
    at Module._load (node:internal/modules/cjs/loader:962:12)
    at Function.executeUserEntryPoint [as runMain] (node:internal/modules/run_main:83:12) {
  code: 'MODULE_NOT_FOUND',
  requireStack: [
    '/Users/nitsancohen/.bvm/versions/0.2.29/bit-0.2.29/node_modules/@teambit/legacy/bin/bit.js'
  ]
}

Node.js v20.3.1

    at checkExecSyncError (node:child_process:885:11)
    at Object.execSync (node:child_process:957:15)
    at CommandHelper.runCmd (src/e2e-helper/e2e-command-helper.ts:64:22)
    at ScopeHelper.initWorkspace (src/e2e-helper/e2e-scope-helper.ts:126:25)
    at ScopeHelper.reInitLocalScope (src/e2e-helper/e2e-scope-helper.ts:87:10)
    at ScopeHelper.setNewLocalAndRemoteScopes (src/e2e-helper/e2e-scope-helper.ts:141:10)
    at Context.<anonymous> (e2e/harmony/lanes/bit-remove-on-lanes.e2e.ts:511:26)
    at processImmediate (node:internal/timers:478:21)]]></failure>
    </testcase>
  </testsuite>
  <testsuite name="bit reset when on lane" timestamp="2023-08-21T21:40:38" tests="0" file="/Users/nitsancohen/coding/my-bit/bit/e2e/harmony/lanes/bit-reset-on-lanes.e2e.ts" time="0.0000" failures="0">
  </testsuite>
  <testsuite name="snapping on a lane, switching to main, snapping and running &quot;bit reset&quot;" timestamp="2023-08-21T21:40:38" tests="2" file="/Users/nitsancohen/coding/my-bit/bit/e2e/harmony/lanes/bit-reset-on-lanes.e2e.ts" time="0.0590" failures="1">
    <testcase name="bit reset when on lane snapping on a lane, switching to main, snapping and running &quot;bit reset&quot; &quot;before all&quot; hook for &quot;should not delete the head of the lane&quot;" time="0.0590" classname="&quot;before all&quot; hook for &quot;should not delete the head of the lane&quot;">
      <failure message="Command failed: bit init
node:internal/modules/cjs/loader:1075
  throw err;
  ^

Error: Cannot find module &apos;../node_modules/@teambit/bit/dist/app&apos;
Require stack:
- /Users/nitsancohen/.bvm/versions/0.2.29/bit-0.2.29/node_modules/@teambit/legacy/bin/bit.js
    at Module._resolveFilename (node:internal/modules/cjs/loader:1072:15)
    at Module._load (node:internal/modules/cjs/loader:925:27)
    at Module.require (node:internal/modules/cjs/loader:1139:19)
    at require (node:internal/modules/helpers:121:18)
    at Object.&lt;anonymous&gt; (/Users/nitsancohen/.bvm/versions/0.2.29/bit-0.2.29/node_modules/@teambit/legacy/bin/bit.js:3:1)
    at Module._compile (node:internal/modules/cjs/loader:1257:14)
    at Module._extensions..js (node:internal/modules/cjs/loader:1311:10)
    at Module.load (node:internal/modules/cjs/loader:1115:32)
    at Module._load (node:internal/modules/cjs/loader:962:12)
    at Function.executeUserEntryPoint [as runMain] (node:internal/modules/run_main:83:12) {
  code: &apos;MODULE_NOT_FOUND&apos;,
  requireStack: [
    &apos;/Users/nitsancohen/.bvm/versions/0.2.29/bit-0.2.29/node_modules/@teambit/legacy/bin/bit.js&apos;
  ]
}

Node.js v20.3.1
" type="Error"><![CDATA[Error: Command failed: bit init
node:internal/modules/cjs/loader:1075
  throw err;
  ^

Error: Cannot find module '../node_modules/@teambit/bit/dist/app'
Require stack:
- /Users/nitsancohen/.bvm/versions/0.2.29/bit-0.2.29/node_modules/@teambit/legacy/bin/bit.js
    at Module._resolveFilename (node:internal/modules/cjs/loader:1072:15)
    at Module._load (node:internal/modules/cjs/loader:925:27)
    at Module.require (node:internal/modules/cjs/loader:1139:19)
    at require (node:internal/modules/helpers:121:18)
    at Object.<anonymous> (/Users/nitsancohen/.bvm/versions/0.2.29/bit-0.2.29/node_modules/@teambit/legacy/bin/bit.js:3:1)
    at Module._compile (node:internal/modules/cjs/loader:1257:14)
    at Module._extensions..js (node:internal/modules/cjs/loader:1311:10)
    at Module.load (node:internal/modules/cjs/loader:1115:32)
    at Module._load (node:internal/modules/cjs/loader:962:12)
    at Function.executeUserEntryPoint [as runMain] (node:internal/modules/run_main:83:12) {
  code: 'MODULE_NOT_FOUND',
  requireStack: [
    '/Users/nitsancohen/.bvm/versions/0.2.29/bit-0.2.29/node_modules/@teambit/legacy/bin/bit.js'
  ]
}

Node.js v20.3.1

    at checkExecSyncError (node:child_process:885:11)
    at Object.execSync (node:child_process:957:15)
    at CommandHelper.runCmd (src/e2e-helper/e2e-command-helper.ts:64:22)
    at ScopeHelper.initWorkspace (src/e2e-helper/e2e-scope-helper.ts:126:25)
    at ScopeHelper.reInitLocalScope (src/e2e-helper/e2e-scope-helper.ts:87:10)
    at ScopeHelper.setNewLocalAndRemoteScopes (src/e2e-helper/e2e-scope-helper.ts:141:10)
    at Context.<anonymous> (e2e/harmony/lanes/bit-reset-on-lanes.e2e.ts:18:26)
    at processImmediate (node:internal/timers:478:21)]]></failure>
    </testcase>
  </testsuite>
  <testsuite name="reset on lane after export from main" timestamp="2023-08-21T21:40:38" tests="1" file="/Users/nitsancohen/coding/my-bit/bit/e2e/harmony/lanes/bit-reset-on-lanes.e2e.ts" time="0.0610" failures="1">
    <testcase name="bit reset when on lane reset on lane after export from main &quot;before all&quot; hook for &quot;bit reset should not throw&quot;" time="0.0610" classname="&quot;before all&quot; hook for &quot;bit reset should not throw&quot;">
      <failure message="Command failed: bit init
node:internal/modules/cjs/loader:1075
  throw err;
  ^

Error: Cannot find module &apos;../node_modules/@teambit/bit/dist/app&apos;
Require stack:
- /Users/nitsancohen/.bvm/versions/0.2.29/bit-0.2.29/node_modules/@teambit/legacy/bin/bit.js
    at Module._resolveFilename (node:internal/modules/cjs/loader:1072:15)
    at Module._load (node:internal/modules/cjs/loader:925:27)
    at Module.require (node:internal/modules/cjs/loader:1139:19)
    at require (node:internal/modules/helpers:121:18)
    at Object.&lt;anonymous&gt; (/Users/nitsancohen/.bvm/versions/0.2.29/bit-0.2.29/node_modules/@teambit/legacy/bin/bit.js:3:1)
    at Module._compile (node:internal/modules/cjs/loader:1257:14)
    at Module._extensions..js (node:internal/modules/cjs/loader:1311:10)
    at Module.load (node:internal/modules/cjs/loader:1115:32)
    at Module._load (node:internal/modules/cjs/loader:962:12)
    at Function.executeUserEntryPoint [as runMain] (node:internal/modules/run_main:83:12) {
  code: &apos;MODULE_NOT_FOUND&apos;,
  requireStack: [
    &apos;/Users/nitsancohen/.bvm/versions/0.2.29/bit-0.2.29/node_modules/@teambit/legacy/bin/bit.js&apos;
  ]
}

Node.js v20.3.1
" type="Error"><![CDATA[Error: Command failed: bit init
node:internal/modules/cjs/loader:1075
  throw err;
  ^

Error: Cannot find module '../node_modules/@teambit/bit/dist/app'
Require stack:
- /Users/nitsancohen/.bvm/versions/0.2.29/bit-0.2.29/node_modules/@teambit/legacy/bin/bit.js
    at Module._resolveFilename (node:internal/modules/cjs/loader:1072:15)
    at Module._load (node:internal/modules/cjs/loader:925:27)
    at Module.require (node:internal/modules/cjs/loader:1139:19)
    at require (node:internal/modules/helpers:121:18)
    at Object.<anonymous> (/Users/nitsancohen/.bvm/versions/0.2.29/bit-0.2.29/node_modules/@teambit/legacy/bin/bit.js:3:1)
    at Module._compile (node:internal/modules/cjs/loader:1257:14)
    at Module._extensions..js (node:internal/modules/cjs/loader:1311:10)
    at Module.load (node:internal/modules/cjs/loader:1115:32)
    at Module._load (node:internal/modules/cjs/loader:962:12)
    at Function.executeUserEntryPoint [as runMain] (node:internal/modules/run_main:83:12) {
  code: 'MODULE_NOT_FOUND',
  requireStack: [
    '/Users/nitsancohen/.bvm/versions/0.2.29/bit-0.2.29/node_modules/@teambit/legacy/bin/bit.js'
  ]
}

Node.js v20.3.1

    at checkExecSyncError (node:child_process:885:11)
    at Object.execSync (node:child_process:957:15)
    at CommandHelper.runCmd (src/e2e-helper/e2e-command-helper.ts:64:22)
    at ScopeHelper.initWorkspace (src/e2e-helper/e2e-scope-helper.ts:126:25)
    at ScopeHelper.reInitLocalScope (src/e2e-helper/e2e-scope-helper.ts:87:10)
    at ScopeHelper.setNewLocalAndRemoteScopes (src/e2e-helper/e2e-scope-helper.ts:141:10)
    at Context.<anonymous> (e2e/harmony/lanes/bit-reset-on-lanes.e2e.ts:42:26)
    at processImmediate (node:internal/timers:478:21)]]></failure>
    </testcase>
  </testsuite>
  <testsuite name="reset on lane after fork from another non-exported lane" timestamp="2023-08-21T21:40:38" tests="2" file="/Users/nitsancohen/coding/my-bit/bit/e2e/harmony/lanes/bit-reset-on-lanes.e2e.ts" time="0.0000" failures="0">
  </testsuite>
  <testsuite name="reset on lane after fork from another exported lane" timestamp="2023-08-21T21:40:38" tests="2" file="/Users/nitsancohen/coding/my-bit/bit/e2e/harmony/lanes/bit-reset-on-lanes.e2e.ts" time="0.0590" failures="1">
    <testcase name="bit reset when on lane reset on lane after fork from another exported lane &quot;before all&quot; hook for &quot;bit status should show only one version as staged, not two&quot;" time="0.0590" classname="&quot;before all&quot; hook for &quot;bit status should show only one version as staged, not two&quot;">
      <failure message="Command failed: bit init
node:internal/modules/cjs/loader:1075
  throw err;
  ^

Error: Cannot find module &apos;../node_modules/@teambit/bit/dist/app&apos;
Require stack:
- /Users/nitsancohen/.bvm/versions/0.2.29/bit-0.2.29/node_modules/@teambit/legacy/bin/bit.js
    at Module._resolveFilename (node:internal/modules/cjs/loader:1072:15)
    at Module._load (node:internal/modules/cjs/loader:925:27)
    at Module.require (node:internal/modules/cjs/loader:1139:19)
    at require (node:internal/modules/helpers:121:18)
    at Object.&lt;anonymous&gt; (/Users/nitsancohen/.bvm/versions/0.2.29/bit-0.2.29/node_modules/@teambit/legacy/bin/bit.js:3:1)
    at Module._compile (node:internal/modules/cjs/loader:1257:14)
    at Module._extensions..js (node:internal/modules/cjs/loader:1311:10)
    at Module.load (node:internal/modules/cjs/loader:1115:32)
    at Module._load (node:internal/modules/cjs/loader:962:12)
    at Function.executeUserEntryPoint [as runMain] (node:internal/modules/run_main:83:12) {
  code: &apos;MODULE_NOT_FOUND&apos;,
  requireStack: [
    &apos;/Users/nitsancohen/.bvm/versions/0.2.29/bit-0.2.29/node_modules/@teambit/legacy/bin/bit.js&apos;
  ]
}

Node.js v20.3.1
" type="Error"><![CDATA[Error: Command failed: bit init
node:internal/modules/cjs/loader:1075
  throw err;
  ^

Error: Cannot find module '../node_modules/@teambit/bit/dist/app'
Require stack:
- /Users/nitsancohen/.bvm/versions/0.2.29/bit-0.2.29/node_modules/@teambit/legacy/bin/bit.js
    at Module._resolveFilename (node:internal/modules/cjs/loader:1072:15)
    at Module._load (node:internal/modules/cjs/loader:925:27)
    at Module.require (node:internal/modules/cjs/loader:1139:19)
    at require (node:internal/modules/helpers:121:18)
    at Object.<anonymous> (/Users/nitsancohen/.bvm/versions/0.2.29/bit-0.2.29/node_modules/@teambit/legacy/bin/bit.js:3:1)
    at Module._compile (node:internal/modules/cjs/loader:1257:14)
    at Module._extensions..js (node:internal/modules/cjs/loader:1311:10)
    at Module.load (node:internal/modules/cjs/loader:1115:32)
    at Module._load (node:internal/modules/cjs/loader:962:12)
    at Function.executeUserEntryPoint [as runMain] (node:internal/modules/run_main:83:12) {
  code: 'MODULE_NOT_FOUND',
  requireStack: [
    '/Users/nitsancohen/.bvm/versions/0.2.29/bit-0.2.29/node_modules/@teambit/legacy/bin/bit.js'
  ]
}

Node.js v20.3.1

    at checkExecSyncError (node:child_process:885:11)
    at Object.execSync (node:child_process:957:15)
    at CommandHelper.runCmd (src/e2e-helper/e2e-command-helper.ts:64:22)
    at ScopeHelper.initWorkspace (src/e2e-helper/e2e-scope-helper.ts:126:25)
    at ScopeHelper.reInitLocalScope (src/e2e-helper/e2e-scope-helper.ts:87:10)
    at ScopeHelper.setNewLocalAndRemoteScopes (src/e2e-helper/e2e-scope-helper.ts:141:10)
    at Context.<anonymous> (e2e/harmony/lanes/bit-reset-on-lanes.e2e.ts:76:26)
    at processImmediate (node:internal/timers:478:21)]]></failure>
    </testcase>
  </testsuite>
  <testsuite name="reset on a new lane after merging from another lane" timestamp="2023-08-21T21:40:38" tests="2" file="/Users/nitsancohen/coding/my-bit/bit/e2e/harmony/lanes/bit-reset-on-lanes.e2e.ts" time="0.0600" failures="1">
    <testcase name="bit reset when on lane reset on a new lane after merging from another lane &quot;before all&quot; hook for &quot;bit status should show not only one version as staged, but two&quot;" time="0.0600" classname="&quot;before all&quot; hook for &quot;bit status should show not only one version as staged, but two&quot;">
      <failure message="Command failed: bit init
node:internal/modules/cjs/loader:1075
  throw err;
  ^

Error: Cannot find module &apos;../node_modules/@teambit/bit/dist/app&apos;
Require stack:
- /Users/nitsancohen/.bvm/versions/0.2.29/bit-0.2.29/node_modules/@teambit/legacy/bin/bit.js
    at Module._resolveFilename (node:internal/modules/cjs/loader:1072:15)
    at Module._load (node:internal/modules/cjs/loader:925:27)
    at Module.require (node:internal/modules/cjs/loader:1139:19)
    at require (node:internal/modules/helpers:121:18)
    at Object.&lt;anonymous&gt; (/Users/nitsancohen/.bvm/versions/0.2.29/bit-0.2.29/node_modules/@teambit/legacy/bin/bit.js:3:1)
    at Module._compile (node:internal/modules/cjs/loader:1257:14)
    at Module._extensions..js (node:internal/modules/cjs/loader:1311:10)
    at Module.load (node:internal/modules/cjs/loader:1115:32)
    at Module._load (node:internal/modules/cjs/loader:962:12)
    at Function.executeUserEntryPoint [as runMain] (node:internal/modules/run_main:83:12) {
  code: &apos;MODULE_NOT_FOUND&apos;,
  requireStack: [
    &apos;/Users/nitsancohen/.bvm/versions/0.2.29/bit-0.2.29/node_modules/@teambit/legacy/bin/bit.js&apos;
  ]
}

Node.js v20.3.1
" type="Error"><![CDATA[Error: Command failed: bit init
node:internal/modules/cjs/loader:1075
  throw err;
  ^

Error: Cannot find module '../node_modules/@teambit/bit/dist/app'
Require stack:
- /Users/nitsancohen/.bvm/versions/0.2.29/bit-0.2.29/node_modules/@teambit/legacy/bin/bit.js
    at Module._resolveFilename (node:internal/modules/cjs/loader:1072:15)
    at Module._load (node:internal/modules/cjs/loader:925:27)
    at Module.require (node:internal/modules/cjs/loader:1139:19)
    at require (node:internal/modules/helpers:121:18)
    at Object.<anonymous> (/Users/nitsancohen/.bvm/versions/0.2.29/bit-0.2.29/node_modules/@teambit/legacy/bin/bit.js:3:1)
    at Module._compile (node:internal/modules/cjs/loader:1257:14)
    at Module._extensions..js (node:internal/modules/cjs/loader:1311:10)
    at Module.load (node:internal/modules/cjs/loader:1115:32)
    at Module._load (node:internal/modules/cjs/loader:962:12)
    at Function.executeUserEntryPoint [as runMain] (node:internal/modules/run_main:83:12) {
  code: 'MODULE_NOT_FOUND',
  requireStack: [
    '/Users/nitsancohen/.bvm/versions/0.2.29/bit-0.2.29/node_modules/@teambit/legacy/bin/bit.js'
  ]
}

Node.js v20.3.1

    at checkExecSyncError (node:child_process:885:11)
    at Object.execSync (node:child_process:957:15)
    at CommandHelper.runCmd (src/e2e-helper/e2e-command-helper.ts:64:22)
    at ScopeHelper.initWorkspace (src/e2e-helper/e2e-scope-helper.ts:126:25)
    at ScopeHelper.reInitLocalScope (src/e2e-helper/e2e-scope-helper.ts:87:10)
    at ScopeHelper.setNewLocalAndRemoteScopes (src/e2e-helper/e2e-scope-helper.ts:141:10)
    at Context.<anonymous> (e2e/harmony/lanes/bit-reset-on-lanes.e2e.ts:94:26)
    at processImmediate (node:internal/timers:478:21)]]></failure>
    </testcase>
  </testsuite>
  <testsuite name="reset after merge where it snapped multiple snaps on the other lane" timestamp="2023-08-21T21:40:38" tests="1" file="/Users/nitsancohen/coding/my-bit/bit/e2e/harmony/lanes/bit-reset-on-lanes.e2e.ts" time="0.0600" failures="1">
    <testcase name="bit reset when on lane reset after merge where it snapped multiple snaps on the other lane &quot;before all&quot; hook for &quot;bit reset should not throw&quot;" time="0.0600" classname="&quot;before all&quot; hook for &quot;bit reset should not throw&quot;">
      <failure message="Command failed: bit init
node:internal/modules/cjs/loader:1075
  throw err;
  ^

Error: Cannot find module &apos;../node_modules/@teambit/bit/dist/app&apos;
Require stack:
- /Users/nitsancohen/.bvm/versions/0.2.29/bit-0.2.29/node_modules/@teambit/legacy/bin/bit.js
    at Module._resolveFilename (node:internal/modules/cjs/loader:1072:15)
    at Module._load (node:internal/modules/cjs/loader:925:27)
    at Module.require (node:internal/modules/cjs/loader:1139:19)
    at require (node:internal/modules/helpers:121:18)
    at Object.&lt;anonymous&gt; (/Users/nitsancohen/.bvm/versions/0.2.29/bit-0.2.29/node_modules/@teambit/legacy/bin/bit.js:3:1)
    at Module._compile (node:internal/modules/cjs/loader:1257:14)
    at Module._extensions..js (node:internal/modules/cjs/loader:1311:10)
    at Module.load (node:internal/modules/cjs/loader:1115:32)
    at Module._load (node:internal/modules/cjs/loader:962:12)
    at Function.executeUserEntryPoint [as runMain] (node:internal/modules/run_main:83:12) {
  code: &apos;MODULE_NOT_FOUND&apos;,
  requireStack: [
    &apos;/Users/nitsancohen/.bvm/versions/0.2.29/bit-0.2.29/node_modules/@teambit/legacy/bin/bit.js&apos;
  ]
}

Node.js v20.3.1
" type="Error"><![CDATA[Error: Command failed: bit init
node:internal/modules/cjs/loader:1075
  throw err;
  ^

Error: Cannot find module '../node_modules/@teambit/bit/dist/app'
Require stack:
- /Users/nitsancohen/.bvm/versions/0.2.29/bit-0.2.29/node_modules/@teambit/legacy/bin/bit.js
    at Module._resolveFilename (node:internal/modules/cjs/loader:1072:15)
    at Module._load (node:internal/modules/cjs/loader:925:27)
    at Module.require (node:internal/modules/cjs/loader:1139:19)
    at require (node:internal/modules/helpers:121:18)
    at Object.<anonymous> (/Users/nitsancohen/.bvm/versions/0.2.29/bit-0.2.29/node_modules/@teambit/legacy/bin/bit.js:3:1)
    at Module._compile (node:internal/modules/cjs/loader:1257:14)
    at Module._extensions..js (node:internal/modules/cjs/loader:1311:10)
    at Module.load (node:internal/modules/cjs/loader:1115:32)
    at Module._load (node:internal/modules/cjs/loader:962:12)
    at Function.executeUserEntryPoint [as runMain] (node:internal/modules/run_main:83:12) {
  code: 'MODULE_NOT_FOUND',
  requireStack: [
    '/Users/nitsancohen/.bvm/versions/0.2.29/bit-0.2.29/node_modules/@teambit/legacy/bin/bit.js'
  ]
}

Node.js v20.3.1

    at checkExecSyncError (node:child_process:885:11)
    at Object.execSync (node:child_process:957:15)
    at CommandHelper.runCmd (src/e2e-helper/e2e-command-helper.ts:64:22)
    at ScopeHelper.initWorkspace (src/e2e-helper/e2e-scope-helper.ts:126:25)
    at ScopeHelper.reInitLocalScope (src/e2e-helper/e2e-scope-helper.ts:87:10)
    at ScopeHelper.setNewLocalAndRemoteScopes (src/e2e-helper/e2e-scope-helper.ts:141:10)
    at Context.<anonymous> (e2e/harmony/lanes/bit-reset-on-lanes.e2e.ts:118:26)
    at processImmediate (node:internal/timers:478:21)]]></failure>
    </testcase>
  </testsuite>
  <testsuite name="lane-b was forked from lane-a and they are now diverged" timestamp="2023-08-21T21:40:38" tests="1" file="/Users/nitsancohen/coding/my-bit/bit/e2e/harmony/lanes/diverged-from-forked.e2e.ts" time="0.0600" failures="1">
    <testcase name="lane-b was forked from lane-a and they are now diverged &quot;before all&quot; hook for &quot;bit status should have the diverged component in the updatesFromForked section&quot;" time="0.0600" classname="&quot;before all&quot; hook for &quot;bit status should have the diverged component in the updatesFromForked section&quot;">
      <failure message="Command failed: bit init
node:internal/modules/cjs/loader:1075
  throw err;
  ^

Error: Cannot find module &apos;../node_modules/@teambit/bit/dist/app&apos;
Require stack:
- /Users/nitsancohen/.bvm/versions/0.2.29/bit-0.2.29/node_modules/@teambit/legacy/bin/bit.js
    at Module._resolveFilename (node:internal/modules/cjs/loader:1072:15)
    at Module._load (node:internal/modules/cjs/loader:925:27)
    at Module.require (node:internal/modules/cjs/loader:1139:19)
    at require (node:internal/modules/helpers:121:18)
    at Object.&lt;anonymous&gt; (/Users/nitsancohen/.bvm/versions/0.2.29/bit-0.2.29/node_modules/@teambit/legacy/bin/bit.js:3:1)
    at Module._compile (node:internal/modules/cjs/loader:1257:14)
    at Module._extensions..js (node:internal/modules/cjs/loader:1311:10)
    at Module.load (node:internal/modules/cjs/loader:1115:32)
    at Module._load (node:internal/modules/cjs/loader:962:12)
    at Function.executeUserEntryPoint [as runMain] (node:internal/modules/run_main:83:12) {
  code: &apos;MODULE_NOT_FOUND&apos;,
  requireStack: [
    &apos;/Users/nitsancohen/.bvm/versions/0.2.29/bit-0.2.29/node_modules/@teambit/legacy/bin/bit.js&apos;
  ]
}

Node.js v20.3.1
" type="Error"><![CDATA[Error: Command failed: bit init
node:internal/modules/cjs/loader:1075
  throw err;
  ^

Error: Cannot find module '../node_modules/@teambit/bit/dist/app'
Require stack:
- /Users/nitsancohen/.bvm/versions/0.2.29/bit-0.2.29/node_modules/@teambit/legacy/bin/bit.js
    at Module._resolveFilename (node:internal/modules/cjs/loader:1072:15)
    at Module._load (node:internal/modules/cjs/loader:925:27)
    at Module.require (node:internal/modules/cjs/loader:1139:19)
    at require (node:internal/modules/helpers:121:18)
    at Object.<anonymous> (/Users/nitsancohen/.bvm/versions/0.2.29/bit-0.2.29/node_modules/@teambit/legacy/bin/bit.js:3:1)
    at Module._compile (node:internal/modules/cjs/loader:1257:14)
    at Module._extensions..js (node:internal/modules/cjs/loader:1311:10)
    at Module.load (node:internal/modules/cjs/loader:1115:32)
    at Module._load (node:internal/modules/cjs/loader:962:12)
    at Function.executeUserEntryPoint [as runMain] (node:internal/modules/run_main:83:12) {
  code: 'MODULE_NOT_FOUND',
  requireStack: [
    '/Users/nitsancohen/.bvm/versions/0.2.29/bit-0.2.29/node_modules/@teambit/legacy/bin/bit.js'
  ]
}

Node.js v20.3.1

    at checkExecSyncError (node:child_process:885:11)
    at Object.execSync (node:child_process:957:15)
    at CommandHelper.runCmd (src/e2e-helper/e2e-command-helper.ts:64:22)
    at ScopeHelper.initWorkspace (src/e2e-helper/e2e-scope-helper.ts:126:25)
    at ScopeHelper.reInitLocalScope (src/e2e-helper/e2e-scope-helper.ts:87:10)
    at ScopeHelper.setNewLocalAndRemoteScopes (src/e2e-helper/e2e-scope-helper.ts:141:10)
    at Context.<anonymous> (e2e/harmony/lanes/diverged-from-forked.e2e.ts:13:24)
    at processImmediate (node:internal/timers:478:21)]]></failure>
    </testcase>
  </testsuite>
  <testsuite name="local is diverged from the remote" timestamp="2023-08-21T21:40:38" tests="0" file="/Users/nitsancohen/coding/my-bit/bit/e2e/harmony/lanes/diverged-from-remote-lane.e2e.ts" time="0.0600" failures="1">
    <testcase name="local is diverged from the remote &quot;before all&quot; hook in &quot;local is diverged from the remote&quot;" time="0.0600" classname="&quot;before all&quot; hook in &quot;local is diverged from the remote&quot;">
      <failure message="Command failed: bit init
node:internal/modules/cjs/loader:1075
  throw err;
  ^

Error: Cannot find module &apos;../node_modules/@teambit/bit/dist/app&apos;
Require stack:
- /Users/nitsancohen/.bvm/versions/0.2.29/bit-0.2.29/node_modules/@teambit/legacy/bin/bit.js
    at Module._resolveFilename (node:internal/modules/cjs/loader:1072:15)
    at Module._load (node:internal/modules/cjs/loader:925:27)
    at Module.require (node:internal/modules/cjs/loader:1139:19)
    at require (node:internal/modules/helpers:121:18)
    at Object.&lt;anonymous&gt; (/Users/nitsancohen/.bvm/versions/0.2.29/bit-0.2.29/node_modules/@teambit/legacy/bin/bit.js:3:1)
    at Module._compile (node:internal/modules/cjs/loader:1257:14)
    at Module._extensions..js (node:internal/modules/cjs/loader:1311:10)
    at Module.load (node:internal/modules/cjs/loader:1115:32)
    at Module._load (node:internal/modules/cjs/loader:962:12)
    at Function.executeUserEntryPoint [as runMain] (node:internal/modules/run_main:83:12) {
  code: &apos;MODULE_NOT_FOUND&apos;,
  requireStack: [
    &apos;/Users/nitsancohen/.bvm/versions/0.2.29/bit-0.2.29/node_modules/@teambit/legacy/bin/bit.js&apos;
  ]
}

Node.js v20.3.1
" type="Error"><![CDATA[Error: Command failed: bit init
node:internal/modules/cjs/loader:1075
  throw err;
  ^

Error: Cannot find module '../node_modules/@teambit/bit/dist/app'
Require stack:
- /Users/nitsancohen/.bvm/versions/0.2.29/bit-0.2.29/node_modules/@teambit/legacy/bin/bit.js
    at Module._resolveFilename (node:internal/modules/cjs/loader:1072:15)
    at Module._load (node:internal/modules/cjs/loader:925:27)
    at Module.require (node:internal/modules/cjs/loader:1139:19)
    at require (node:internal/modules/helpers:121:18)
    at Object.<anonymous> (/Users/nitsancohen/.bvm/versions/0.2.29/bit-0.2.29/node_modules/@teambit/legacy/bin/bit.js:3:1)
    at Module._compile (node:internal/modules/cjs/loader:1257:14)
    at Module._extensions..js (node:internal/modules/cjs/loader:1311:10)
    at Module.load (node:internal/modules/cjs/loader:1115:32)
    at Module._load (node:internal/modules/cjs/loader:962:12)
    at Function.executeUserEntryPoint [as runMain] (node:internal/modules/run_main:83:12) {
  code: 'MODULE_NOT_FOUND',
  requireStack: [
    '/Users/nitsancohen/.bvm/versions/0.2.29/bit-0.2.29/node_modules/@teambit/legacy/bin/bit.js'
  ]
}

Node.js v20.3.1

    at checkExecSyncError (node:child_process:885:11)
    at Object.execSync (node:child_process:957:15)
    at CommandHelper.runCmd (src/e2e-helper/e2e-command-helper.ts:64:22)
    at ScopeHelper.initWorkspace (src/e2e-helper/e2e-scope-helper.ts:126:25)
    at ScopeHelper.reInitLocalScope (src/e2e-helper/e2e-scope-helper.ts:87:10)
    at ScopeHelper.setNewLocalAndRemoteScopes (src/e2e-helper/e2e-scope-helper.ts:141:10)
    at Context.<anonymous> (e2e/harmony/lanes/diverged-from-remote-lane.e2e.ts:12:24)
    at processImmediate (node:internal/timers:478:21)]]></failure>
    </testcase>
  </testsuite>
  <testsuite name="local is diverged from the remote and another lane has a more recent snap" timestamp="2023-08-21T21:40:38" tests="1" file="/Users/nitsancohen/coding/my-bit/bit/e2e/harmony/lanes/diverged-from-remote-lane.e2e.ts" time="0.0600" failures="1">
    <testcase name="local is diverged from the remote and another lane has a more recent snap &quot;before all&quot; hook for &quot;bit status should show it as merge-pending&quot;" time="0.0600" classname="&quot;before all&quot; hook for &quot;bit status should show it as merge-pending&quot;">
      <failure message="Command failed: bit init
node:internal/modules/cjs/loader:1075
  throw err;
  ^

Error: Cannot find module &apos;../node_modules/@teambit/bit/dist/app&apos;
Require stack:
- /Users/nitsancohen/.bvm/versions/0.2.29/bit-0.2.29/node_modules/@teambit/legacy/bin/bit.js
    at Module._resolveFilename (node:internal/modules/cjs/loader:1072:15)
    at Module._load (node:internal/modules/cjs/loader:925:27)
    at Module.require (node:internal/modules/cjs/loader:1139:19)
    at require (node:internal/modules/helpers:121:18)
    at Object.&lt;anonymous&gt; (/Users/nitsancohen/.bvm/versions/0.2.29/bit-0.2.29/node_modules/@teambit/legacy/bin/bit.js:3:1)
    at Module._compile (node:internal/modules/cjs/loader:1257:14)
    at Module._extensions..js (node:internal/modules/cjs/loader:1311:10)
    at Module.load (node:internal/modules/cjs/loader:1115:32)
    at Module._load (node:internal/modules/cjs/loader:962:12)
    at Function.executeUserEntryPoint [as runMain] (node:internal/modules/run_main:83:12) {
  code: &apos;MODULE_NOT_FOUND&apos;,
  requireStack: [
    &apos;/Users/nitsancohen/.bvm/versions/0.2.29/bit-0.2.29/node_modules/@teambit/legacy/bin/bit.js&apos;
  ]
}

Node.js v20.3.1
" type="Error"><![CDATA[Error: Command failed: bit init
node:internal/modules/cjs/loader:1075
  throw err;
  ^

Error: Cannot find module '../node_modules/@teambit/bit/dist/app'
Require stack:
- /Users/nitsancohen/.bvm/versions/0.2.29/bit-0.2.29/node_modules/@teambit/legacy/bin/bit.js
    at Module._resolveFilename (node:internal/modules/cjs/loader:1072:15)
    at Module._load (node:internal/modules/cjs/loader:925:27)
    at Module.require (node:internal/modules/cjs/loader:1139:19)
    at require (node:internal/modules/helpers:121:18)
    at Object.<anonymous> (/Users/nitsancohen/.bvm/versions/0.2.29/bit-0.2.29/node_modules/@teambit/legacy/bin/bit.js:3:1)
    at Module._compile (node:internal/modules/cjs/loader:1257:14)
    at Module._extensions..js (node:internal/modules/cjs/loader:1311:10)
    at Module.load (node:internal/modules/cjs/loader:1115:32)
    at Module._load (node:internal/modules/cjs/loader:962:12)
    at Function.executeUserEntryPoint [as runMain] (node:internal/modules/run_main:83:12) {
  code: 'MODULE_NOT_FOUND',
  requireStack: [
    '/Users/nitsancohen/.bvm/versions/0.2.29/bit-0.2.29/node_modules/@teambit/legacy/bin/bit.js'
  ]
}

Node.js v20.3.1

    at checkExecSyncError (node:child_process:885:11)
    at Object.execSync (node:child_process:957:15)
    at CommandHelper.runCmd (src/e2e-helper/e2e-command-helper.ts:64:22)
    at ScopeHelper.initWorkspace (src/e2e-helper/e2e-scope-helper.ts:126:25)
    at ScopeHelper.reInitLocalScope (src/e2e-helper/e2e-scope-helper.ts:87:10)
    at ScopeHelper.setNewLocalAndRemoteScopes (src/e2e-helper/e2e-scope-helper.ts:141:10)
    at Context.<anonymous> (e2e/harmony/lanes/diverged-from-remote-lane.e2e.ts:71:24)
    at processImmediate (node:internal/timers:478:21)]]></failure>
    </testcase>
  </testsuite>
  <testsuite name="import lanes" timestamp="2023-08-21T21:40:38" tests="0" file="/Users/nitsancohen/coding/my-bit/bit/e2e/harmony/lanes/import-lanes.e2e.ts" time="0.0000" failures="0">
  </testsuite>
  <testsuite name="importing lanes" timestamp="2023-08-21T21:40:38" tests="0" file="/Users/nitsancohen/coding/my-bit/bit/e2e/harmony/lanes/import-lanes.e2e.ts" time="0.0600" failures="1">
    <testcase name="import lanes importing lanes &quot;before all&quot; hook in &quot;importing lanes&quot;" time="0.0600" classname="&quot;before all&quot; hook in &quot;importing lanes&quot;">
      <failure message="Command failed: bit init
node:internal/modules/cjs/loader:1075
  throw err;
  ^

Error: Cannot find module &apos;../node_modules/@teambit/bit/dist/app&apos;
Require stack:
- /Users/nitsancohen/.bvm/versions/0.2.29/bit-0.2.29/node_modules/@teambit/legacy/bin/bit.js
    at Module._resolveFilename (node:internal/modules/cjs/loader:1072:15)
    at Module._load (node:internal/modules/cjs/loader:925:27)
    at Module.require (node:internal/modules/cjs/loader:1139:19)
    at require (node:internal/modules/helpers:121:18)
    at Object.&lt;anonymous&gt; (/Users/nitsancohen/.bvm/versions/0.2.29/bit-0.2.29/node_modules/@teambit/legacy/bin/bit.js:3:1)
    at Module._compile (node:internal/modules/cjs/loader:1257:14)
    at Module._extensions..js (node:internal/modules/cjs/loader:1311:10)
    at Module.load (node:internal/modules/cjs/loader:1115:32)
    at Module._load (node:internal/modules/cjs/loader:962:12)
    at Function.executeUserEntryPoint [as runMain] (node:internal/modules/run_main:83:12) {
  code: &apos;MODULE_NOT_FOUND&apos;,
  requireStack: [
    &apos;/Users/nitsancohen/.bvm/versions/0.2.29/bit-0.2.29/node_modules/@teambit/legacy/bin/bit.js&apos;
  ]
}

Node.js v20.3.1
" type="Error"><![CDATA[Error: Command failed: bit init
node:internal/modules/cjs/loader:1075
  throw err;
  ^

Error: Cannot find module '../node_modules/@teambit/bit/dist/app'
Require stack:
- /Users/nitsancohen/.bvm/versions/0.2.29/bit-0.2.29/node_modules/@teambit/legacy/bin/bit.js
    at Module._resolveFilename (node:internal/modules/cjs/loader:1072:15)
    at Module._load (node:internal/modules/cjs/loader:925:27)
    at Module.require (node:internal/modules/cjs/loader:1139:19)
    at require (node:internal/modules/helpers:121:18)
    at Object.<anonymous> (/Users/nitsancohen/.bvm/versions/0.2.29/bit-0.2.29/node_modules/@teambit/legacy/bin/bit.js:3:1)
    at Module._compile (node:internal/modules/cjs/loader:1257:14)
    at Module._extensions..js (node:internal/modules/cjs/loader:1311:10)
    at Module.load (node:internal/modules/cjs/loader:1115:32)
    at Module._load (node:internal/modules/cjs/loader:962:12)
    at Function.executeUserEntryPoint [as runMain] (node:internal/modules/run_main:83:12) {
  code: 'MODULE_NOT_FOUND',
  requireStack: [
    '/Users/nitsancohen/.bvm/versions/0.2.29/bit-0.2.29/node_modules/@teambit/legacy/bin/bit.js'
  ]
}

Node.js v20.3.1

    at checkExecSyncError (node:child_process:885:11)
    at Object.execSync (node:child_process:957:15)
    at CommandHelper.runCmd (src/e2e-helper/e2e-command-helper.ts:64:22)
    at ScopeHelper.initWorkspace (src/e2e-helper/e2e-scope-helper.ts:126:25)
    at ScopeHelper.reInitLocalScope (src/e2e-helper/e2e-scope-helper.ts:87:10)
    at ScopeHelper.setNewLocalAndRemoteScopes (src/e2e-helper/e2e-scope-helper.ts:141:10)
    at Context.<anonymous> (e2e/harmony/lanes/import-lanes.e2e.ts:24:26)
    at processImmediate (node:internal/timers:478:21)]]></failure>
    </testcase>
  </testsuite>
  <testsuite name="bit lane command" timestamp="2023-08-21T21:40:38" tests="0" file="/Users/nitsancohen/coding/my-bit/bit/e2e/harmony/lanes/lane-from-lane.e2e.ts" time="0.0000" failures="0">
  </testsuite>
  <testsuite name="main =&gt; lane-a =&gt; lane-b, so laneB branched from laneA" timestamp="2023-08-21T21:40:38" tests="3" file="/Users/nitsancohen/coding/my-bit/bit/e2e/harmony/lanes/lane-from-lane.e2e.ts" time="0.0600" failures="1">
    <testcase name="bit lane command main =&gt; lane-a =&gt; lane-b, so laneB branched from laneA &quot;before all&quot; hook for &quot;lane-a should not contain components from main&quot;" time="0.0600" classname="&quot;before all&quot; hook for &quot;lane-a should not contain components from main&quot;">
      <failure message="Command failed: bit init
node:internal/modules/cjs/loader:1075
  throw err;
  ^

Error: Cannot find module &apos;../node_modules/@teambit/bit/dist/app&apos;
Require stack:
- /Users/nitsancohen/.bvm/versions/0.2.29/bit-0.2.29/node_modules/@teambit/legacy/bin/bit.js
    at Module._resolveFilename (node:internal/modules/cjs/loader:1072:15)
    at Module._load (node:internal/modules/cjs/loader:925:27)
    at Module.require (node:internal/modules/cjs/loader:1139:19)
    at require (node:internal/modules/helpers:121:18)
    at Object.&lt;anonymous&gt; (/Users/nitsancohen/.bvm/versions/0.2.29/bit-0.2.29/node_modules/@teambit/legacy/bin/bit.js:3:1)
    at Module._compile (node:internal/modules/cjs/loader:1257:14)
    at Module._extensions..js (node:internal/modules/cjs/loader:1311:10)
    at Module.load (node:internal/modules/cjs/loader:1115:32)
    at Module._load (node:internal/modules/cjs/loader:962:12)
    at Function.executeUserEntryPoint [as runMain] (node:internal/modules/run_main:83:12) {
  code: &apos;MODULE_NOT_FOUND&apos;,
  requireStack: [
    &apos;/Users/nitsancohen/.bvm/versions/0.2.29/bit-0.2.29/node_modules/@teambit/legacy/bin/bit.js&apos;
  ]
}

Node.js v20.3.1
" type="Error"><![CDATA[Error: Command failed: bit init
node:internal/modules/cjs/loader:1075
  throw err;
  ^

Error: Cannot find module '../node_modules/@teambit/bit/dist/app'
Require stack:
- /Users/nitsancohen/.bvm/versions/0.2.29/bit-0.2.29/node_modules/@teambit/legacy/bin/bit.js
    at Module._resolveFilename (node:internal/modules/cjs/loader:1072:15)
    at Module._load (node:internal/modules/cjs/loader:925:27)
    at Module.require (node:internal/modules/cjs/loader:1139:19)
    at require (node:internal/modules/helpers:121:18)
    at Object.<anonymous> (/Users/nitsancohen/.bvm/versions/0.2.29/bit-0.2.29/node_modules/@teambit/legacy/bin/bit.js:3:1)
    at Module._compile (node:internal/modules/cjs/loader:1257:14)
    at Module._extensions..js (node:internal/modules/cjs/loader:1311:10)
    at Module.load (node:internal/modules/cjs/loader:1115:32)
    at Module._load (node:internal/modules/cjs/loader:962:12)
    at Function.executeUserEntryPoint [as runMain] (node:internal/modules/run_main:83:12) {
  code: 'MODULE_NOT_FOUND',
  requireStack: [
    '/Users/nitsancohen/.bvm/versions/0.2.29/bit-0.2.29/node_modules/@teambit/legacy/bin/bit.js'
  ]
}

Node.js v20.3.1

    at checkExecSyncError (node:child_process:885:11)
    at Object.execSync (node:child_process:957:15)
    at CommandHelper.runCmd (src/e2e-helper/e2e-command-helper.ts:64:22)
    at ScopeHelper.initWorkspace (src/e2e-helper/e2e-scope-helper.ts:126:25)
    at ScopeHelper.reInitLocalScope (src/e2e-helper/e2e-scope-helper.ts:87:10)
    at ScopeHelper.setNewLocalAndRemoteScopes (src/e2e-helper/e2e-scope-helper.ts:141:10)
    at Context.<anonymous> (e2e/harmony/lanes/lane-from-lane.e2e.ts:20:26)
    at processImmediate (node:internal/timers:478:21)]]></failure>
    </testcase>
  </testsuite>
  <testsuite name="creating lane-b from lane-a when lane-a is out-of-date" timestamp="2023-08-21T21:40:38" tests="1" file="/Users/nitsancohen/coding/my-bit/bit/e2e/harmony/lanes/lane-from-lane.e2e.ts" time="0.0610" failures="1">
    <testcase name="bit lane command creating lane-b from lane-a when lane-a is out-of-date &quot;before all&quot; hook for &quot;should add the component from the current/first snap (from .bitmap) and not from the head (lane-a object)&quot;" time="0.0610" classname="&quot;before all&quot; hook for &quot;should add the component from the current/first snap (from .bitmap) and not from the head (lane-a object)&quot;">
      <failure message="Command failed: bit init
node:internal/modules/cjs/loader:1075
  throw err;
  ^

Error: Cannot find module &apos;../node_modules/@teambit/bit/dist/app&apos;
Require stack:
- /Users/nitsancohen/.bvm/versions/0.2.29/bit-0.2.29/node_modules/@teambit/legacy/bin/bit.js
    at Module._resolveFilename (node:internal/modules/cjs/loader:1072:15)
    at Module._load (node:internal/modules/cjs/loader:925:27)
    at Module.require (node:internal/modules/cjs/loader:1139:19)
    at require (node:internal/modules/helpers:121:18)
    at Object.&lt;anonymous&gt; (/Users/nitsancohen/.bvm/versions/0.2.29/bit-0.2.29/node_modules/@teambit/legacy/bin/bit.js:3:1)
    at Module._compile (node:internal/modules/cjs/loader:1257:14)
    at Module._extensions..js (node:internal/modules/cjs/loader:1311:10)
    at Module.load (node:internal/modules/cjs/loader:1115:32)
    at Module._load (node:internal/modules/cjs/loader:962:12)
    at Function.executeUserEntryPoint [as runMain] (node:internal/modules/run_main:83:12) {
  code: &apos;MODULE_NOT_FOUND&apos;,
  requireStack: [
    &apos;/Users/nitsancohen/.bvm/versions/0.2.29/bit-0.2.29/node_modules/@teambit/legacy/bin/bit.js&apos;
  ]
}

Node.js v20.3.1
" type="Error"><![CDATA[Error: Command failed: bit init
node:internal/modules/cjs/loader:1075
  throw err;
  ^

Error: Cannot find module '../node_modules/@teambit/bit/dist/app'
Require stack:
- /Users/nitsancohen/.bvm/versions/0.2.29/bit-0.2.29/node_modules/@teambit/legacy/bin/bit.js
    at Module._resolveFilename (node:internal/modules/cjs/loader:1072:15)
    at Module._load (node:internal/modules/cjs/loader:925:27)
    at Module.require (node:internal/modules/cjs/loader:1139:19)
    at require (node:internal/modules/helpers:121:18)
    at Object.<anonymous> (/Users/nitsancohen/.bvm/versions/0.2.29/bit-0.2.29/node_modules/@teambit/legacy/bin/bit.js:3:1)
    at Module._compile (node:internal/modules/cjs/loader:1257:14)
    at Module._extensions..js (node:internal/modules/cjs/loader:1311:10)
    at Module.load (node:internal/modules/cjs/loader:1115:32)
    at Module._load (node:internal/modules/cjs/loader:962:12)
    at Function.executeUserEntryPoint [as runMain] (node:internal/modules/run_main:83:12) {
  code: 'MODULE_NOT_FOUND',
  requireStack: [
    '/Users/nitsancohen/.bvm/versions/0.2.29/bit-0.2.29/node_modules/@teambit/legacy/bin/bit.js'
  ]
}

Node.js v20.3.1

    at checkExecSyncError (node:child_process:885:11)
    at Object.execSync (node:child_process:957:15)
    at CommandHelper.runCmd (src/e2e-helper/e2e-command-helper.ts:64:22)
    at ScopeHelper.initWorkspace (src/e2e-helper/e2e-scope-helper.ts:126:25)
    at ScopeHelper.reInitLocalScope (src/e2e-helper/e2e-scope-helper.ts:87:10)
    at ScopeHelper.setNewLocalAndRemoteScopes (src/e2e-helper/e2e-scope-helper.ts:141:10)
    at Context.<anonymous> (e2e/harmony/lanes/lane-from-lane.e2e.ts:124:26)
    at processImmediate (node:internal/timers:478:21)]]></failure>
    </testcase>
  </testsuite>
  <testsuite name="creating a lane from a lane when it has staged components" timestamp="2023-08-21T21:40:39" tests="1" file="/Users/nitsancohen/coding/my-bit/bit/e2e/harmony/lanes/lane-from-lane.e2e.ts" time="0.0600" failures="1">
    <testcase name="bit lane command creating a lane from a lane when it has staged components &quot;before all&quot; hook for &quot;bit create should throw an error suggesting to export or reset first&quot;" time="0.0600" classname="&quot;before all&quot; hook for &quot;bit create should throw an error suggesting to export or reset first&quot;">
      <failure message="Command failed: bit init
node:internal/modules/cjs/loader:1075
  throw err;
  ^

Error: Cannot find module &apos;../node_modules/@teambit/bit/dist/app&apos;
Require stack:
- /Users/nitsancohen/.bvm/versions/0.2.29/bit-0.2.29/node_modules/@teambit/legacy/bin/bit.js
    at Module._resolveFilename (node:internal/modules/cjs/loader:1072:15)
    at Module._load (node:internal/modules/cjs/loader:925:27)
    at Module.require (node:internal/modules/cjs/loader:1139:19)
    at require (node:internal/modules/helpers:121:18)
    at Object.&lt;anonymous&gt; (/Users/nitsancohen/.bvm/versions/0.2.29/bit-0.2.29/node_modules/@teambit/legacy/bin/bit.js:3:1)
    at Module._compile (node:internal/modules/cjs/loader:1257:14)
    at Module._extensions..js (node:internal/modules/cjs/loader:1311:10)
    at Module.load (node:internal/modules/cjs/loader:1115:32)
    at Module._load (node:internal/modules/cjs/loader:962:12)
    at Function.executeUserEntryPoint [as runMain] (node:internal/modules/run_main:83:12) {
  code: &apos;MODULE_NOT_FOUND&apos;,
  requireStack: [
    &apos;/Users/nitsancohen/.bvm/versions/0.2.29/bit-0.2.29/node_modules/@teambit/legacy/bin/bit.js&apos;
  ]
}

Node.js v20.3.1
" type="Error"><![CDATA[Error: Command failed: bit init
node:internal/modules/cjs/loader:1075
  throw err;
  ^

Error: Cannot find module '../node_modules/@teambit/bit/dist/app'
Require stack:
- /Users/nitsancohen/.bvm/versions/0.2.29/bit-0.2.29/node_modules/@teambit/legacy/bin/bit.js
    at Module._resolveFilename (node:internal/modules/cjs/loader:1072:15)
    at Module._load (node:internal/modules/cjs/loader:925:27)
    at Module.require (node:internal/modules/cjs/loader:1139:19)
    at require (node:internal/modules/helpers:121:18)
    at Object.<anonymous> (/Users/nitsancohen/.bvm/versions/0.2.29/bit-0.2.29/node_modules/@teambit/legacy/bin/bit.js:3:1)
    at Module._compile (node:internal/modules/cjs/loader:1257:14)
    at Module._extensions..js (node:internal/modules/cjs/loader:1311:10)
    at Module.load (node:internal/modules/cjs/loader:1115:32)
    at Module._load (node:internal/modules/cjs/loader:962:12)
    at Function.executeUserEntryPoint [as runMain] (node:internal/modules/run_main:83:12) {
  code: 'MODULE_NOT_FOUND',
  requireStack: [
    '/Users/nitsancohen/.bvm/versions/0.2.29/bit-0.2.29/node_modules/@teambit/legacy/bin/bit.js'
  ]
}

Node.js v20.3.1

    at checkExecSyncError (node:child_process:885:11)
    at Object.execSync (node:child_process:957:15)
    at CommandHelper.runCmd (src/e2e-helper/e2e-command-helper.ts:64:22)
    at ScopeHelper.initWorkspace (src/e2e-helper/e2e-scope-helper.ts:126:25)
    at ScopeHelper.reInitLocalScope (src/e2e-helper/e2e-scope-helper.ts:87:10)
    at ScopeHelper.setNewLocalAndRemoteScopes (src/e2e-helper/e2e-scope-helper.ts:141:10)
    at Context.<anonymous> (e2e/harmony/lanes/lane-from-lane.e2e.ts:153:26)
    at processImmediate (node:internal/timers:478:21)]]></failure>
    </testcase>
  </testsuite>
  <testsuite name="fork a lane when the default-scope is different than the original lane&apos;s scope" timestamp="2023-08-21T21:40:39" tests="1" file="/Users/nitsancohen/coding/my-bit/bit/e2e/harmony/lanes/lane-from-lane.e2e.ts" time="0.0600" failures="1">
    <testcase name="bit lane command fork a lane when the default-scope is different than the original lane&apos;s scope &quot;before all&quot; hook for &quot;should set the scope-name to be the same as the original lane&quot;" time="0.0600" classname="&quot;before all&quot; hook for &quot;should set the scope-name to be the same as the original lane&quot;">
      <failure message="Command failed: bit init
node:internal/modules/cjs/loader:1075
  throw err;
  ^

Error: Cannot find module &apos;../node_modules/@teambit/bit/dist/app&apos;
Require stack:
- /Users/nitsancohen/.bvm/versions/0.2.29/bit-0.2.29/node_modules/@teambit/legacy/bin/bit.js
    at Module._resolveFilename (node:internal/modules/cjs/loader:1072:15)
    at Module._load (node:internal/modules/cjs/loader:925:27)
    at Module.require (node:internal/modules/cjs/loader:1139:19)
    at require (node:internal/modules/helpers:121:18)
    at Object.&lt;anonymous&gt; (/Users/nitsancohen/.bvm/versions/0.2.29/bit-0.2.29/node_modules/@teambit/legacy/bin/bit.js:3:1)
    at Module._compile (node:internal/modules/cjs/loader:1257:14)
    at Module._extensions..js (node:internal/modules/cjs/loader:1311:10)
    at Module.load (node:internal/modules/cjs/loader:1115:32)
    at Module._load (node:internal/modules/cjs/loader:962:12)
    at Function.executeUserEntryPoint [as runMain] (node:internal/modules/run_main:83:12) {
  code: &apos;MODULE_NOT_FOUND&apos;,
  requireStack: [
    &apos;/Users/nitsancohen/.bvm/versions/0.2.29/bit-0.2.29/node_modules/@teambit/legacy/bin/bit.js&apos;
  ]
}

Node.js v20.3.1
" type="Error"><![CDATA[Error: Command failed: bit init
node:internal/modules/cjs/loader:1075
  throw err;
  ^

Error: Cannot find module '../node_modules/@teambit/bit/dist/app'
Require stack:
- /Users/nitsancohen/.bvm/versions/0.2.29/bit-0.2.29/node_modules/@teambit/legacy/bin/bit.js
    at Module._resolveFilename (node:internal/modules/cjs/loader:1072:15)
    at Module._load (node:internal/modules/cjs/loader:925:27)
    at Module.require (node:internal/modules/cjs/loader:1139:19)
    at require (node:internal/modules/helpers:121:18)
    at Object.<anonymous> (/Users/nitsancohen/.bvm/versions/0.2.29/bit-0.2.29/node_modules/@teambit/legacy/bin/bit.js:3:1)
    at Module._compile (node:internal/modules/cjs/loader:1257:14)
    at Module._extensions..js (node:internal/modules/cjs/loader:1311:10)
    at Module.load (node:internal/modules/cjs/loader:1115:32)
    at Module._load (node:internal/modules/cjs/loader:962:12)
    at Function.executeUserEntryPoint [as runMain] (node:internal/modules/run_main:83:12) {
  code: 'MODULE_NOT_FOUND',
  requireStack: [
    '/Users/nitsancohen/.bvm/versions/0.2.29/bit-0.2.29/node_modules/@teambit/legacy/bin/bit.js'
  ]
}

Node.js v20.3.1

    at checkExecSyncError (node:child_process:885:11)
    at Object.execSync (node:child_process:957:15)
    at CommandHelper.runCmd (src/e2e-helper/e2e-command-helper.ts:64:22)
    at ScopeHelper.initWorkspace (src/e2e-helper/e2e-scope-helper.ts:126:25)
    at ScopeHelper.reInitLocalScope (src/e2e-helper/e2e-scope-helper.ts:87:10)
    at ScopeHelper.setNewLocalAndRemoteScopes (src/e2e-helper/e2e-scope-helper.ts:141:10)
    at Context.<anonymous> (e2e/harmony/lanes/lane-from-lane.e2e.ts:168:26)
    at processImmediate (node:internal/timers:478:21)]]></failure>
    </testcase>
  </testsuite>
  <testsuite name="lanes with various issues" timestamp="2023-08-21T21:40:39" tests="0" file="/Users/nitsancohen/coding/my-bit/bit/e2e/harmony/lanes/lanes-with-issues.e2e.ts" time="0.0000" failures="0">
  </testsuite>
  <testsuite name="issue - object of head of main is missing from the filesystem and remote" timestamp="2023-08-21T21:40:39" tests="2" file="/Users/nitsancohen/coding/my-bit/bit/e2e/harmony/lanes/lanes-with-issues.e2e.ts" time="0.0590" failures="1">
    <testcase name="lanes with various issues issue - object of head of main is missing from the filesystem and remote &quot;before all&quot; hook for &quot;bit diff diff should not throw&quot;" time="0.0590" classname="&quot;before all&quot; hook for &quot;bit diff diff should not throw&quot;">
      <failure message="Command failed: bit init
node:internal/modules/cjs/loader:1075
  throw err;
  ^

Error: Cannot find module &apos;../node_modules/@teambit/bit/dist/app&apos;
Require stack:
- /Users/nitsancohen/.bvm/versions/0.2.29/bit-0.2.29/node_modules/@teambit/legacy/bin/bit.js
    at Module._resolveFilename (node:internal/modules/cjs/loader:1072:15)
    at Module._load (node:internal/modules/cjs/loader:925:27)
    at Module.require (node:internal/modules/cjs/loader:1139:19)
    at require (node:internal/modules/helpers:121:18)
    at Object.&lt;anonymous&gt; (/Users/nitsancohen/.bvm/versions/0.2.29/bit-0.2.29/node_modules/@teambit/legacy/bin/bit.js:3:1)
    at Module._compile (node:internal/modules/cjs/loader:1257:14)
    at Module._extensions..js (node:internal/modules/cjs/loader:1311:10)
    at Module.load (node:internal/modules/cjs/loader:1115:32)
    at Module._load (node:internal/modules/cjs/loader:962:12)
    at Function.executeUserEntryPoint [as runMain] (node:internal/modules/run_main:83:12) {
  code: &apos;MODULE_NOT_FOUND&apos;,
  requireStack: [
    &apos;/Users/nitsancohen/.bvm/versions/0.2.29/bit-0.2.29/node_modules/@teambit/legacy/bin/bit.js&apos;
  ]
}

Node.js v20.3.1
" type="Error"><![CDATA[Error: Command failed: bit init
node:internal/modules/cjs/loader:1075
  throw err;
  ^

Error: Cannot find module '../node_modules/@teambit/bit/dist/app'
Require stack:
- /Users/nitsancohen/.bvm/versions/0.2.29/bit-0.2.29/node_modules/@teambit/legacy/bin/bit.js
    at Module._resolveFilename (node:internal/modules/cjs/loader:1072:15)
    at Module._load (node:internal/modules/cjs/loader:925:27)
    at Module.require (node:internal/modules/cjs/loader:1139:19)
    at require (node:internal/modules/helpers:121:18)
    at Object.<anonymous> (/Users/nitsancohen/.bvm/versions/0.2.29/bit-0.2.29/node_modules/@teambit/legacy/bin/bit.js:3:1)
    at Module._compile (node:internal/modules/cjs/loader:1257:14)
    at Module._extensions..js (node:internal/modules/cjs/loader:1311:10)
    at Module.load (node:internal/modules/cjs/loader:1115:32)
    at Module._load (node:internal/modules/cjs/loader:962:12)
    at Function.executeUserEntryPoint [as runMain] (node:internal/modules/run_main:83:12) {
  code: 'MODULE_NOT_FOUND',
  requireStack: [
    '/Users/nitsancohen/.bvm/versions/0.2.29/bit-0.2.29/node_modules/@teambit/legacy/bin/bit.js'
  ]
}

Node.js v20.3.1

    at checkExecSyncError (node:child_process:885:11)
    at Object.execSync (node:child_process:957:15)
    at CommandHelper.runCmd (src/e2e-helper/e2e-command-helper.ts:64:22)
    at ScopeHelper.initWorkspace (src/e2e-helper/e2e-scope-helper.ts:126:25)
    at ScopeHelper.reInitLocalScope (src/e2e-helper/e2e-scope-helper.ts:87:10)
    at ScopeHelper.setNewLocalAndRemoteScopes (src/e2e-helper/e2e-scope-helper.ts:141:10)
    at Context.<anonymous> (e2e/harmony/lanes/lanes-with-issues.e2e.ts:17:26)
    at processImmediate (node:internal/timers:478:21)]]></failure>
    </testcase>
  </testsuite>
  <testsuite name="bit lane command" timestamp="2023-08-21T21:40:39" tests="0" file="/Users/nitsancohen/coding/my-bit/bit/e2e/harmony/lanes/lanes.e2e.ts" time="0.0000" failures="0">
  </testsuite>
  <testsuite name="lane readme" timestamp="2023-08-21T21:40:39" tests="11" file="/Users/nitsancohen/coding/my-bit/bit/e2e/harmony/lanes/lanes.e2e.ts" time="0.0600" failures="1">
    <testcase name="bit lane command lane readme &quot;before all&quot; hook for &quot;bit lane readme-add [compId] [laneName] should allow adding unsnapped components&quot;" time="0.0600" classname="&quot;before all&quot; hook for &quot;bit lane readme-add [compId] [laneName] should allow adding unsnapped components&quot;">
      <failure message="Command failed: bit init
node:internal/modules/cjs/loader:1075
  throw err;
  ^

Error: Cannot find module &apos;../node_modules/@teambit/bit/dist/app&apos;
Require stack:
- /Users/nitsancohen/.bvm/versions/0.2.29/bit-0.2.29/node_modules/@teambit/legacy/bin/bit.js
    at Module._resolveFilename (node:internal/modules/cjs/loader:1072:15)
    at Module._load (node:internal/modules/cjs/loader:925:27)
    at Module.require (node:internal/modules/cjs/loader:1139:19)
    at require (node:internal/modules/helpers:121:18)
    at Object.&lt;anonymous&gt; (/Users/nitsancohen/.bvm/versions/0.2.29/bit-0.2.29/node_modules/@teambit/legacy/bin/bit.js:3:1)
    at Module._compile (node:internal/modules/cjs/loader:1257:14)
    at Module._extensions..js (node:internal/modules/cjs/loader:1311:10)
    at Module.load (node:internal/modules/cjs/loader:1115:32)
    at Module._load (node:internal/modules/cjs/loader:962:12)
    at Function.executeUserEntryPoint [as runMain] (node:internal/modules/run_main:83:12) {
  code: &apos;MODULE_NOT_FOUND&apos;,
  requireStack: [
    &apos;/Users/nitsancohen/.bvm/versions/0.2.29/bit-0.2.29/node_modules/@teambit/legacy/bin/bit.js&apos;
  ]
}

Node.js v20.3.1
" type="Error"><![CDATA[Error: Command failed: bit init
node:internal/modules/cjs/loader:1075
  throw err;
  ^

Error: Cannot find module '../node_modules/@teambit/bit/dist/app'
Require stack:
- /Users/nitsancohen/.bvm/versions/0.2.29/bit-0.2.29/node_modules/@teambit/legacy/bin/bit.js
    at Module._resolveFilename (node:internal/modules/cjs/loader:1072:15)
    at Module._load (node:internal/modules/cjs/loader:925:27)
    at Module.require (node:internal/modules/cjs/loader:1139:19)
    at require (node:internal/modules/helpers:121:18)
    at Object.<anonymous> (/Users/nitsancohen/.bvm/versions/0.2.29/bit-0.2.29/node_modules/@teambit/legacy/bin/bit.js:3:1)
    at Module._compile (node:internal/modules/cjs/loader:1257:14)
    at Module._extensions..js (node:internal/modules/cjs/loader:1311:10)
    at Module.load (node:internal/modules/cjs/loader:1115:32)
    at Module._load (node:internal/modules/cjs/loader:962:12)
    at Function.executeUserEntryPoint [as runMain] (node:internal/modules/run_main:83:12) {
  code: 'MODULE_NOT_FOUND',
  requireStack: [
    '/Users/nitsancohen/.bvm/versions/0.2.29/bit-0.2.29/node_modules/@teambit/legacy/bin/bit.js'
  ]
}

Node.js v20.3.1

    at checkExecSyncError (node:child_process:885:11)
    at Object.execSync (node:child_process:957:15)
    at CommandHelper.runCmd (src/e2e-helper/e2e-command-helper.ts:64:22)
    at ScopeHelper.initWorkspace (src/e2e-helper/e2e-scope-helper.ts:126:25)
    at ScopeHelper.reInitLocalScope (src/e2e-helper/e2e-scope-helper.ts:87:10)
    at ScopeHelper.setNewLocalAndRemoteScopes (src/e2e-helper/e2e-scope-helper.ts:141:10)
    at Context.<anonymous> (e2e/harmony/lanes/lanes.e2e.ts:30:26)
    at processImmediate (node:internal/timers:478:21)]]></failure>
    </testcase>
  </testsuite>
  <testsuite name="creating a new lane without any component" timestamp="2023-08-21T21:40:39" tests="1" file="/Users/nitsancohen/coding/my-bit/bit/e2e/harmony/lanes/lanes.e2e.ts" time="0.0590" failures="1">
    <testcase name="bit lane command creating a new lane without any component &quot;before all&quot; hook for &quot;bit lane should show the active lane&quot;" time="0.0590" classname="&quot;before all&quot; hook for &quot;bit lane should show the active lane&quot;">
      <failure message="Command failed: bit init
node:internal/modules/cjs/loader:1075
  throw err;
  ^

Error: Cannot find module &apos;../node_modules/@teambit/bit/dist/app&apos;
Require stack:
- /Users/nitsancohen/.bvm/versions/0.2.29/bit-0.2.29/node_modules/@teambit/legacy/bin/bit.js
    at Module._resolveFilename (node:internal/modules/cjs/loader:1072:15)
    at Module._load (node:internal/modules/cjs/loader:925:27)
    at Module.require (node:internal/modules/cjs/loader:1139:19)
    at require (node:internal/modules/helpers:121:18)
    at Object.&lt;anonymous&gt; (/Users/nitsancohen/.bvm/versions/0.2.29/bit-0.2.29/node_modules/@teambit/legacy/bin/bit.js:3:1)
    at Module._compile (node:internal/modules/cjs/loader:1257:14)
    at Module._extensions..js (node:internal/modules/cjs/loader:1311:10)
    at Module.load (node:internal/modules/cjs/loader:1115:32)
    at Module._load (node:internal/modules/cjs/loader:962:12)
    at Function.executeUserEntryPoint [as runMain] (node:internal/modules/run_main:83:12) {
  code: &apos;MODULE_NOT_FOUND&apos;,
  requireStack: [
    &apos;/Users/nitsancohen/.bvm/versions/0.2.29/bit-0.2.29/node_modules/@teambit/legacy/bin/bit.js&apos;
  ]
}

Node.js v20.3.1
" type="Error"><![CDATA[Error: Command failed: bit init
node:internal/modules/cjs/loader:1075
  throw err;
  ^

Error: Cannot find module '../node_modules/@teambit/bit/dist/app'
Require stack:
- /Users/nitsancohen/.bvm/versions/0.2.29/bit-0.2.29/node_modules/@teambit/legacy/bin/bit.js
    at Module._resolveFilename (node:internal/modules/cjs/loader:1072:15)
    at Module._load (node:internal/modules/cjs/loader:925:27)
    at Module.require (node:internal/modules/cjs/loader:1139:19)
    at require (node:internal/modules/helpers:121:18)
    at Object.<anonymous> (/Users/nitsancohen/.bvm/versions/0.2.29/bit-0.2.29/node_modules/@teambit/legacy/bin/bit.js:3:1)
    at Module._compile (node:internal/modules/cjs/loader:1257:14)
    at Module._extensions..js (node:internal/modules/cjs/loader:1311:10)
    at Module.load (node:internal/modules/cjs/loader:1115:32)
    at Module._load (node:internal/modules/cjs/loader:962:12)
    at Function.executeUserEntryPoint [as runMain] (node:internal/modules/run_main:83:12) {
  code: 'MODULE_NOT_FOUND',
  requireStack: [
    '/Users/nitsancohen/.bvm/versions/0.2.29/bit-0.2.29/node_modules/@teambit/legacy/bin/bit.js'
  ]
}

Node.js v20.3.1

    at checkExecSyncError (node:child_process:885:11)
    at Object.execSync (node:child_process:957:15)
    at CommandHelper.runCmd (src/e2e-helper/e2e-command-helper.ts:64:22)
    at ScopeHelper.initWorkspace (src/e2e-helper/e2e-scope-helper.ts:126:25)
    at ScopeHelper.reInitLocalScope (src/e2e-helper/e2e-scope-helper.ts:87:10)
    at Context.<anonymous> (e2e/harmony/lanes/lanes.e2e.ts:124:26)
    at processImmediate (node:internal/timers:478:21)]]></failure>
    </testcase>
  </testsuite>
  <testsuite name="create a snap on main then on a new lane" timestamp="2023-08-21T21:40:39" tests="3" file="/Users/nitsancohen/coding/my-bit/bit/e2e/harmony/lanes/lanes.e2e.ts" time="0.0610" failures="1">
    <testcase name="bit lane command create a snap on main then on a new lane &quot;before all&quot; hook for &quot;bit status should show the component only once as staged&quot;" time="0.0610" classname="&quot;before all&quot; hook for &quot;bit status should show the component only once as staged&quot;">
      <failure message="Command failed: bit init
node:internal/modules/cjs/loader:1075
  throw err;
  ^

Error: Cannot find module &apos;../node_modules/@teambit/bit/dist/app&apos;
Require stack:
- /Users/nitsancohen/.bvm/versions/0.2.29/bit-0.2.29/node_modules/@teambit/legacy/bin/bit.js
    at Module._resolveFilename (node:internal/modules/cjs/loader:1072:15)
    at Module._load (node:internal/modules/cjs/loader:925:27)
    at Module.require (node:internal/modules/cjs/loader:1139:19)
    at require (node:internal/modules/helpers:121:18)
    at Object.&lt;anonymous&gt; (/Users/nitsancohen/.bvm/versions/0.2.29/bit-0.2.29/node_modules/@teambit/legacy/bin/bit.js:3:1)
    at Module._compile (node:internal/modules/cjs/loader:1257:14)
    at Module._extensions..js (node:internal/modules/cjs/loader:1311:10)
    at Module.load (node:internal/modules/cjs/loader:1115:32)
    at Module._load (node:internal/modules/cjs/loader:962:12)
    at Function.executeUserEntryPoint [as runMain] (node:internal/modules/run_main:83:12) {
  code: &apos;MODULE_NOT_FOUND&apos;,
  requireStack: [
    &apos;/Users/nitsancohen/.bvm/versions/0.2.29/bit-0.2.29/node_modules/@teambit/legacy/bin/bit.js&apos;
  ]
}

Node.js v20.3.1
" type="Error"><![CDATA[Error: Command failed: bit init
node:internal/modules/cjs/loader:1075
  throw err;
  ^

Error: Cannot find module '../node_modules/@teambit/bit/dist/app'
Require stack:
- /Users/nitsancohen/.bvm/versions/0.2.29/bit-0.2.29/node_modules/@teambit/legacy/bin/bit.js
    at Module._resolveFilename (node:internal/modules/cjs/loader:1072:15)
    at Module._load (node:internal/modules/cjs/loader:925:27)
    at Module.require (node:internal/modules/cjs/loader:1139:19)
    at require (node:internal/modules/helpers:121:18)
    at Object.<anonymous> (/Users/nitsancohen/.bvm/versions/0.2.29/bit-0.2.29/node_modules/@teambit/legacy/bin/bit.js:3:1)
    at Module._compile (node:internal/modules/cjs/loader:1257:14)
    at Module._extensions..js (node:internal/modules/cjs/loader:1311:10)
    at Module.load (node:internal/modules/cjs/loader:1115:32)
    at Module._load (node:internal/modules/cjs/loader:962:12)
    at Function.executeUserEntryPoint [as runMain] (node:internal/modules/run_main:83:12) {
  code: 'MODULE_NOT_FOUND',
  requireStack: [
    '/Users/nitsancohen/.bvm/versions/0.2.29/bit-0.2.29/node_modules/@teambit/legacy/bin/bit.js'
  ]
}

Node.js v20.3.1

    at checkExecSyncError (node:child_process:885:11)
    at Object.execSync (node:child_process:957:15)
    at CommandHelper.runCmd (src/e2e-helper/e2e-command-helper.ts:64:22)
    at ScopeHelper.initWorkspace (src/e2e-helper/e2e-scope-helper.ts:126:25)
    at ScopeHelper.reInitLocalScope (src/e2e-helper/e2e-scope-helper.ts:87:10)
    at ScopeHelper.setNewLocalAndRemoteScopes (src/e2e-helper/e2e-scope-helper.ts:141:10)
    at Context.<anonymous> (e2e/harmony/lanes/lanes.e2e.ts:135:26)
    at processImmediate (node:internal/timers:478:21)]]></failure>
    </testcase>
  </testsuite>
  <testsuite name="tagging on a lane" timestamp="2023-08-21T21:40:39" tests="1" file="/Users/nitsancohen/coding/my-bit/bit/e2e/harmony/lanes/lanes.e2e.ts" time="0.0600" failures="1">
    <testcase name="bit lane command tagging on a lane &quot;before all&quot; hook for &quot;should block the tag and suggest to switch to main and merge the changes&quot;" time="0.0600" classname="&quot;before all&quot; hook for &quot;should block the tag and suggest to switch to main and merge the changes&quot;">
      <failure message="Command failed: bit init
node:internal/modules/cjs/loader:1075
  throw err;
  ^

Error: Cannot find module &apos;../node_modules/@teambit/bit/dist/app&apos;
Require stack:
- /Users/nitsancohen/.bvm/versions/0.2.29/bit-0.2.29/node_modules/@teambit/legacy/bin/bit.js
    at Module._resolveFilename (node:internal/modules/cjs/loader:1072:15)
    at Module._load (node:internal/modules/cjs/loader:925:27)
    at Module.require (node:internal/modules/cjs/loader:1139:19)
    at require (node:internal/modules/helpers:121:18)
    at Object.&lt;anonymous&gt; (/Users/nitsancohen/.bvm/versions/0.2.29/bit-0.2.29/node_modules/@teambit/legacy/bin/bit.js:3:1)
    at Module._compile (node:internal/modules/cjs/loader:1257:14)
    at Module._extensions..js (node:internal/modules/cjs/loader:1311:10)
    at Module.load (node:internal/modules/cjs/loader:1115:32)
    at Module._load (node:internal/modules/cjs/loader:962:12)
    at Function.executeUserEntryPoint [as runMain] (node:internal/modules/run_main:83:12) {
  code: &apos;MODULE_NOT_FOUND&apos;,
  requireStack: [
    &apos;/Users/nitsancohen/.bvm/versions/0.2.29/bit-0.2.29/node_modules/@teambit/legacy/bin/bit.js&apos;
  ]
}

Node.js v20.3.1
" type="Error"><![CDATA[Error: Command failed: bit init
node:internal/modules/cjs/loader:1075
  throw err;
  ^

Error: Cannot find module '../node_modules/@teambit/bit/dist/app'
Require stack:
- /Users/nitsancohen/.bvm/versions/0.2.29/bit-0.2.29/node_modules/@teambit/legacy/bin/bit.js
    at Module._resolveFilename (node:internal/modules/cjs/loader:1072:15)
    at Module._load (node:internal/modules/cjs/loader:925:27)
    at Module.require (node:internal/modules/cjs/loader:1139:19)
    at require (node:internal/modules/helpers:121:18)
    at Object.<anonymous> (/Users/nitsancohen/.bvm/versions/0.2.29/bit-0.2.29/node_modules/@teambit/legacy/bin/bit.js:3:1)
    at Module._compile (node:internal/modules/cjs/loader:1257:14)
    at Module._extensions..js (node:internal/modules/cjs/loader:1311:10)
    at Module.load (node:internal/modules/cjs/loader:1115:32)
    at Module._load (node:internal/modules/cjs/loader:962:12)
    at Function.executeUserEntryPoint [as runMain] (node:internal/modules/run_main:83:12) {
  code: 'MODULE_NOT_FOUND',
  requireStack: [
    '/Users/nitsancohen/.bvm/versions/0.2.29/bit-0.2.29/node_modules/@teambit/legacy/bin/bit.js'
  ]
}

Node.js v20.3.1

    at checkExecSyncError (node:child_process:885:11)
    at Object.execSync (node:child_process:957:15)
    at CommandHelper.runCmd (src/e2e-helper/e2e-command-helper.ts:64:22)
    at ScopeHelper.initWorkspace (src/e2e-helper/e2e-scope-helper.ts:126:25)
    at ScopeHelper.reInitLocalScope (src/e2e-helper/e2e-scope-helper.ts:87:10)
    at Context.<anonymous> (e2e/harmony/lanes/lanes.e2e.ts:295:26)
    at processImmediate (node:internal/timers:478:21)]]></failure>
    </testcase>
  </testsuite>
  <testsuite name="main =&gt; lane =&gt; main =&gt; lane" timestamp="2023-08-21T21:40:39" tests="1" file="/Users/nitsancohen/coding/my-bit/bit/e2e/harmony/lanes/lanes.e2e.ts" time="0.0600" failures="1">
    <testcase name="bit lane command main =&gt; lane =&gt; main =&gt; lane &quot;before all&quot; hook for &quot;should be able to switch back to the lane with no error&quot;" time="0.0600" classname="&quot;before all&quot; hook for &quot;should be able to switch back to the lane with no error&quot;">
      <failure message="Command failed: bit init
node:internal/modules/cjs/loader:1075
  throw err;
  ^

Error: Cannot find module &apos;../node_modules/@teambit/bit/dist/app&apos;
Require stack:
- /Users/nitsancohen/.bvm/versions/0.2.29/bit-0.2.29/node_modules/@teambit/legacy/bin/bit.js
    at Module._resolveFilename (node:internal/modules/cjs/loader:1072:15)
    at Module._load (node:internal/modules/cjs/loader:925:27)
    at Module.require (node:internal/modules/cjs/loader:1139:19)
    at require (node:internal/modules/helpers:121:18)
    at Object.&lt;anonymous&gt; (/Users/nitsancohen/.bvm/versions/0.2.29/bit-0.2.29/node_modules/@teambit/legacy/bin/bit.js:3:1)
    at Module._compile (node:internal/modules/cjs/loader:1257:14)
    at Module._extensions..js (node:internal/modules/cjs/loader:1311:10)
    at Module.load (node:internal/modules/cjs/loader:1115:32)
    at Module._load (node:internal/modules/cjs/loader:962:12)
    at Function.executeUserEntryPoint [as runMain] (node:internal/modules/run_main:83:12) {
  code: &apos;MODULE_NOT_FOUND&apos;,
  requireStack: [
    &apos;/Users/nitsancohen/.bvm/versions/0.2.29/bit-0.2.29/node_modules/@teambit/legacy/bin/bit.js&apos;
  ]
}

Node.js v20.3.1
" type="Error"><![CDATA[Error: Command failed: bit init
node:internal/modules/cjs/loader:1075
  throw err;
  ^

Error: Cannot find module '../node_modules/@teambit/bit/dist/app'
Require stack:
- /Users/nitsancohen/.bvm/versions/0.2.29/bit-0.2.29/node_modules/@teambit/legacy/bin/bit.js
    at Module._resolveFilename (node:internal/modules/cjs/loader:1072:15)
    at Module._load (node:internal/modules/cjs/loader:925:27)
    at Module.require (node:internal/modules/cjs/loader:1139:19)
    at require (node:internal/modules/helpers:121:18)
    at Object.<anonymous> (/Users/nitsancohen/.bvm/versions/0.2.29/bit-0.2.29/node_modules/@teambit/legacy/bin/bit.js:3:1)
    at Module._compile (node:internal/modules/cjs/loader:1257:14)
    at Module._extensions..js (node:internal/modules/cjs/loader:1311:10)
    at Module.load (node:internal/modules/cjs/loader:1115:32)
    at Module._load (node:internal/modules/cjs/loader:962:12)
    at Function.executeUserEntryPoint [as runMain] (node:internal/modules/run_main:83:12) {
  code: 'MODULE_NOT_FOUND',
  requireStack: [
    '/Users/nitsancohen/.bvm/versions/0.2.29/bit-0.2.29/node_modules/@teambit/legacy/bin/bit.js'
  ]
}

Node.js v20.3.1

    at checkExecSyncError (node:child_process:885:11)
    at Object.execSync (node:child_process:957:15)
    at CommandHelper.runCmd (src/e2e-helper/e2e-command-helper.ts:64:22)
    at ScopeHelper.initWorkspace (src/e2e-helper/e2e-scope-helper.ts:126:25)
    at ScopeHelper.reInitLocalScope (src/e2e-helper/e2e-scope-helper.ts:87:10)
    at ScopeHelper.setNewLocalAndRemoteScopes (src/e2e-helper/e2e-scope-helper.ts:141:10)
    at Context.<anonymous> (e2e/harmony/lanes/lanes.e2e.ts:312:26)
    at processImmediate (node:internal/timers:478:21)]]></failure>
    </testcase>
  </testsuite>
  <testsuite name="exporting a lane to a different scope than the component scope" timestamp="2023-08-21T21:40:39" tests="1" file="/Users/nitsancohen/coding/my-bit/bit/e2e/harmony/lanes/lanes.e2e.ts" time="0.0590" failures="1">
    <testcase name="bit lane command exporting a lane to a different scope than the component scope &quot;before all&quot; hook for &quot;bit import in a new workspace should not throw an error&quot;" time="0.0590" classname="&quot;before all&quot; hook for &quot;bit import in a new workspace should not throw an error&quot;">
      <failure message="Command failed: bit init
node:internal/modules/cjs/loader:1075
  throw err;
  ^

Error: Cannot find module &apos;../node_modules/@teambit/bit/dist/app&apos;
Require stack:
- /Users/nitsancohen/.bvm/versions/0.2.29/bit-0.2.29/node_modules/@teambit/legacy/bin/bit.js
    at Module._resolveFilename (node:internal/modules/cjs/loader:1072:15)
    at Module._load (node:internal/modules/cjs/loader:925:27)
    at Module.require (node:internal/modules/cjs/loader:1139:19)
    at require (node:internal/modules/helpers:121:18)
    at Object.&lt;anonymous&gt; (/Users/nitsancohen/.bvm/versions/0.2.29/bit-0.2.29/node_modules/@teambit/legacy/bin/bit.js:3:1)
    at Module._compile (node:internal/modules/cjs/loader:1257:14)
    at Module._extensions..js (node:internal/modules/cjs/loader:1311:10)
    at Module.load (node:internal/modules/cjs/loader:1115:32)
    at Module._load (node:internal/modules/cjs/loader:962:12)
    at Function.executeUserEntryPoint [as runMain] (node:internal/modules/run_main:83:12) {
  code: &apos;MODULE_NOT_FOUND&apos;,
  requireStack: [
    &apos;/Users/nitsancohen/.bvm/versions/0.2.29/bit-0.2.29/node_modules/@teambit/legacy/bin/bit.js&apos;
  ]
}

Node.js v20.3.1
" type="Error"><![CDATA[Error: Command failed: bit init
node:internal/modules/cjs/loader:1075
  throw err;
  ^

Error: Cannot find module '../node_modules/@teambit/bit/dist/app'
Require stack:
- /Users/nitsancohen/.bvm/versions/0.2.29/bit-0.2.29/node_modules/@teambit/legacy/bin/bit.js
    at Module._resolveFilename (node:internal/modules/cjs/loader:1072:15)
    at Module._load (node:internal/modules/cjs/loader:925:27)
    at Module.require (node:internal/modules/cjs/loader:1139:19)
    at require (node:internal/modules/helpers:121:18)
    at Object.<anonymous> (/Users/nitsancohen/.bvm/versions/0.2.29/bit-0.2.29/node_modules/@teambit/legacy/bin/bit.js:3:1)
    at Module._compile (node:internal/modules/cjs/loader:1257:14)
    at Module._extensions..js (node:internal/modules/cjs/loader:1311:10)
    at Module.load (node:internal/modules/cjs/loader:1115:32)
    at Module._load (node:internal/modules/cjs/loader:962:12)
    at Function.executeUserEntryPoint [as runMain] (node:internal/modules/run_main:83:12) {
  code: 'MODULE_NOT_FOUND',
  requireStack: [
    '/Users/nitsancohen/.bvm/versions/0.2.29/bit-0.2.29/node_modules/@teambit/legacy/bin/bit.js'
  ]
}

Node.js v20.3.1

    at checkExecSyncError (node:child_process:885:11)
    at Object.execSync (node:child_process:957:15)
    at CommandHelper.runCmd (src/e2e-helper/e2e-command-helper.ts:64:22)
    at ScopeHelper.initWorkspace (src/e2e-helper/e2e-scope-helper.ts:126:25)
    at ScopeHelper.reInitLocalScope (src/e2e-helper/e2e-scope-helper.ts:87:10)
    at ScopeHelper.setNewLocalAndRemoteScopes (src/e2e-helper/e2e-scope-helper.ts:141:10)
    at Context.<anonymous> (e2e/harmony/lanes/lanes.e2e.ts:325:26)
    at processImmediate (node:internal/timers:478:21)]]></failure>
    </testcase>
  </testsuite>
  <testsuite name="branching out when a component is checked out to an older version" timestamp="2023-08-21T21:40:39" tests="4" file="/Users/nitsancohen/coding/my-bit/bit/e2e/harmony/lanes/lanes.e2e.ts" time="0.0600" failures="1">
    <testcase name="bit lane command branching out when a component is checked out to an older version &quot;before all&quot; hook for &quot;should checkout to the head of the origin branch&quot;" time="0.0600" classname="&quot;before all&quot; hook for &quot;should checkout to the head of the origin branch&quot;">
      <failure message="Command failed: bit init
node:internal/modules/cjs/loader:1075
  throw err;
  ^

Error: Cannot find module &apos;../node_modules/@teambit/bit/dist/app&apos;
Require stack:
- /Users/nitsancohen/.bvm/versions/0.2.29/bit-0.2.29/node_modules/@teambit/legacy/bin/bit.js
    at Module._resolveFilename (node:internal/modules/cjs/loader:1072:15)
    at Module._load (node:internal/modules/cjs/loader:925:27)
    at Module.require (node:internal/modules/cjs/loader:1139:19)
    at require (node:internal/modules/helpers:121:18)
    at Object.&lt;anonymous&gt; (/Users/nitsancohen/.bvm/versions/0.2.29/bit-0.2.29/node_modules/@teambit/legacy/bin/bit.js:3:1)
    at Module._compile (node:internal/modules/cjs/loader:1257:14)
    at Module._extensions..js (node:internal/modules/cjs/loader:1311:10)
    at Module.load (node:internal/modules/cjs/loader:1115:32)
    at Module._load (node:internal/modules/cjs/loader:962:12)
    at Function.executeUserEntryPoint [as runMain] (node:internal/modules/run_main:83:12) {
  code: &apos;MODULE_NOT_FOUND&apos;,
  requireStack: [
    &apos;/Users/nitsancohen/.bvm/versions/0.2.29/bit-0.2.29/node_modules/@teambit/legacy/bin/bit.js&apos;
  ]
}

Node.js v20.3.1
" type="Error"><![CDATA[Error: Command failed: bit init
node:internal/modules/cjs/loader:1075
  throw err;
  ^

Error: Cannot find module '../node_modules/@teambit/bit/dist/app'
Require stack:
- /Users/nitsancohen/.bvm/versions/0.2.29/bit-0.2.29/node_modules/@teambit/legacy/bin/bit.js
    at Module._resolveFilename (node:internal/modules/cjs/loader:1072:15)
    at Module._load (node:internal/modules/cjs/loader:925:27)
    at Module.require (node:internal/modules/cjs/loader:1139:19)
    at require (node:internal/modules/helpers:121:18)
    at Object.<anonymous> (/Users/nitsancohen/.bvm/versions/0.2.29/bit-0.2.29/node_modules/@teambit/legacy/bin/bit.js:3:1)
    at Module._compile (node:internal/modules/cjs/loader:1257:14)
    at Module._extensions..js (node:internal/modules/cjs/loader:1311:10)
    at Module.load (node:internal/modules/cjs/loader:1115:32)
    at Module._load (node:internal/modules/cjs/loader:962:12)
    at Function.executeUserEntryPoint [as runMain] (node:internal/modules/run_main:83:12) {
  code: 'MODULE_NOT_FOUND',
  requireStack: [
    '/Users/nitsancohen/.bvm/versions/0.2.29/bit-0.2.29/node_modules/@teambit/legacy/bin/bit.js'
  ]
}

Node.js v20.3.1

    at checkExecSyncError (node:child_process:885:11)
    at Object.execSync (node:child_process:957:15)
    at CommandHelper.runCmd (src/e2e-helper/e2e-command-helper.ts:64:22)
    at ScopeHelper.initWorkspace (src/e2e-helper/e2e-scope-helper.ts:126:25)
    at ScopeHelper.reInitLocalScope (src/e2e-helper/e2e-scope-helper.ts:87:10)
    at ScopeHelper.setNewLocalAndRemoteScopes (src/e2e-helper/e2e-scope-helper.ts:141:10)
    at Context.<anonymous> (e2e/harmony/lanes/lanes.e2e.ts:345:26)
    at processImmediate (node:internal/timers:478:21)]]></failure>
    </testcase>
  </testsuite>
  <testsuite name="snap on lane, export, clear project, snap and export" timestamp="2023-08-21T21:40:39" tests="1" file="/Users/nitsancohen/coding/my-bit/bit/e2e/harmony/lanes/lanes.e2e.ts" time="0.0590" failures="1">
    <testcase name="bit lane command snap on lane, export, clear project, snap and export &quot;before all&quot; hook for &quot;should export with no errors about missing artifact files from the first snap&quot;" time="0.0590" classname="&quot;before all&quot; hook for &quot;should export with no errors about missing artifact files from the first snap&quot;">
      <failure message="Command failed: bit init
node:internal/modules/cjs/loader:1075
  throw err;
  ^

Error: Cannot find module &apos;../node_modules/@teambit/bit/dist/app&apos;
Require stack:
- /Users/nitsancohen/.bvm/versions/0.2.29/bit-0.2.29/node_modules/@teambit/legacy/bin/bit.js
    at Module._resolveFilename (node:internal/modules/cjs/loader:1072:15)
    at Module._load (node:internal/modules/cjs/loader:925:27)
    at Module.require (node:internal/modules/cjs/loader:1139:19)
    at require (node:internal/modules/helpers:121:18)
    at Object.&lt;anonymous&gt; (/Users/nitsancohen/.bvm/versions/0.2.29/bit-0.2.29/node_modules/@teambit/legacy/bin/bit.js:3:1)
    at Module._compile (node:internal/modules/cjs/loader:1257:14)
    at Module._extensions..js (node:internal/modules/cjs/loader:1311:10)
    at Module.load (node:internal/modules/cjs/loader:1115:32)
    at Module._load (node:internal/modules/cjs/loader:962:12)
    at Function.executeUserEntryPoint [as runMain] (node:internal/modules/run_main:83:12) {
  code: &apos;MODULE_NOT_FOUND&apos;,
  requireStack: [
    &apos;/Users/nitsancohen/.bvm/versions/0.2.29/bit-0.2.29/node_modules/@teambit/legacy/bin/bit.js&apos;
  ]
}

Node.js v20.3.1
" type="Error"><![CDATA[Error: Command failed: bit init
node:internal/modules/cjs/loader:1075
  throw err;
  ^

Error: Cannot find module '../node_modules/@teambit/bit/dist/app'
Require stack:
- /Users/nitsancohen/.bvm/versions/0.2.29/bit-0.2.29/node_modules/@teambit/legacy/bin/bit.js
    at Module._resolveFilename (node:internal/modules/cjs/loader:1072:15)
    at Module._load (node:internal/modules/cjs/loader:925:27)
    at Module.require (node:internal/modules/cjs/loader:1139:19)
    at require (node:internal/modules/helpers:121:18)
    at Object.<anonymous> (/Users/nitsancohen/.bvm/versions/0.2.29/bit-0.2.29/node_modules/@teambit/legacy/bin/bit.js:3:1)
    at Module._compile (node:internal/modules/cjs/loader:1257:14)
    at Module._extensions..js (node:internal/modules/cjs/loader:1311:10)
    at Module.load (node:internal/modules/cjs/loader:1115:32)
    at Module._load (node:internal/modules/cjs/loader:962:12)
    at Function.executeUserEntryPoint [as runMain] (node:internal/modules/run_main:83:12) {
  code: 'MODULE_NOT_FOUND',
  requireStack: [
    '/Users/nitsancohen/.bvm/versions/0.2.29/bit-0.2.29/node_modules/@teambit/legacy/bin/bit.js'
  ]
}

Node.js v20.3.1

    at checkExecSyncError (node:child_process:885:11)
    at Object.execSync (node:child_process:957:15)
    at CommandHelper.runCmd (src/e2e-helper/e2e-command-helper.ts:64:22)
    at ScopeHelper.initWorkspace (src/e2e-helper/e2e-scope-helper.ts:126:25)
    at ScopeHelper.reInitLocalScope (src/e2e-helper/e2e-scope-helper.ts:87:10)
    at ScopeHelper.setNewLocalAndRemoteScopes (src/e2e-helper/e2e-scope-helper.ts:141:10)
    at Context.<anonymous> (e2e/harmony/lanes/lanes.e2e.ts:388:26)
    at processImmediate (node:internal/timers:478:21)]]></failure>
    </testcase>
  </testsuite>
  <testsuite name="auto-snap when on a lane" timestamp="2023-08-21T21:40:39" tests="4" file="/Users/nitsancohen/coding/my-bit/bit/e2e/harmony/lanes/lanes.e2e.ts" time="0.0600" failures="1">
    <testcase name="bit lane command auto-snap when on a lane &quot;before all&quot; hook for &quot;should auto snap the dependencies and the nested dependencies&quot;" time="0.0600" classname="&quot;before all&quot; hook for &quot;should auto snap the dependencies and the nested dependencies&quot;">
      <failure message="Command failed: bit init
node:internal/modules/cjs/loader:1075
  throw err;
  ^

Error: Cannot find module &apos;../node_modules/@teambit/bit/dist/app&apos;
Require stack:
- /Users/nitsancohen/.bvm/versions/0.2.29/bit-0.2.29/node_modules/@teambit/legacy/bin/bit.js
    at Module._resolveFilename (node:internal/modules/cjs/loader:1072:15)
    at Module._load (node:internal/modules/cjs/loader:925:27)
    at Module.require (node:internal/modules/cjs/loader:1139:19)
    at require (node:internal/modules/helpers:121:18)
    at Object.&lt;anonymous&gt; (/Users/nitsancohen/.bvm/versions/0.2.29/bit-0.2.29/node_modules/@teambit/legacy/bin/bit.js:3:1)
    at Module._compile (node:internal/modules/cjs/loader:1257:14)
    at Module._extensions..js (node:internal/modules/cjs/loader:1311:10)
    at Module.load (node:internal/modules/cjs/loader:1115:32)
    at Module._load (node:internal/modules/cjs/loader:962:12)
    at Function.executeUserEntryPoint [as runMain] (node:internal/modules/run_main:83:12) {
  code: &apos;MODULE_NOT_FOUND&apos;,
  requireStack: [
    &apos;/Users/nitsancohen/.bvm/versions/0.2.29/bit-0.2.29/node_modules/@teambit/legacy/bin/bit.js&apos;
  ]
}

Node.js v20.3.1
" type="Error"><![CDATA[Error: Command failed: bit init
node:internal/modules/cjs/loader:1075
  throw err;
  ^

Error: Cannot find module '../node_modules/@teambit/bit/dist/app'
Require stack:
- /Users/nitsancohen/.bvm/versions/0.2.29/bit-0.2.29/node_modules/@teambit/legacy/bin/bit.js
    at Module._resolveFilename (node:internal/modules/cjs/loader:1072:15)
    at Module._load (node:internal/modules/cjs/loader:925:27)
    at Module.require (node:internal/modules/cjs/loader:1139:19)
    at require (node:internal/modules/helpers:121:18)
    at Object.<anonymous> (/Users/nitsancohen/.bvm/versions/0.2.29/bit-0.2.29/node_modules/@teambit/legacy/bin/bit.js:3:1)
    at Module._compile (node:internal/modules/cjs/loader:1257:14)
    at Module._extensions..js (node:internal/modules/cjs/loader:1311:10)
    at Module.load (node:internal/modules/cjs/loader:1115:32)
    at Module._load (node:internal/modules/cjs/loader:962:12)
    at Function.executeUserEntryPoint [as runMain] (node:internal/modules/run_main:83:12) {
  code: 'MODULE_NOT_FOUND',
  requireStack: [
    '/Users/nitsancohen/.bvm/versions/0.2.29/bit-0.2.29/node_modules/@teambit/legacy/bin/bit.js'
  ]
}

Node.js v20.3.1

    at checkExecSyncError (node:child_process:885:11)
    at Object.execSync (node:child_process:957:15)
    at CommandHelper.runCmd (src/e2e-helper/e2e-command-helper.ts:64:22)
    at ScopeHelper.initWorkspace (src/e2e-helper/e2e-scope-helper.ts:126:25)
    at ScopeHelper.reInitLocalScope (src/e2e-helper/e2e-scope-helper.ts:87:10)
    at ScopeHelper.setNewLocalAndRemoteScopes (src/e2e-helper/e2e-scope-helper.ts:141:10)
    at Context.<anonymous> (e2e/harmony/lanes/lanes.e2e.ts:412:26)
    at processImmediate (node:internal/timers:478:21)]]></failure>
    </testcase>
  </testsuite>
  <testsuite name="import with dependencies as packages" timestamp="2023-08-21T21:40:39" tests="0" file="/Users/nitsancohen/coding/my-bit/bit/e2e/harmony/lanes/lanes.e2e.ts" time="0.0620" failures="2">
    <testcase name="bit lane command import with dependencies as packages &quot;before all&quot; hook in &quot;import with dependencies as packages&quot;" time="0.0620" classname="&quot;before all&quot; hook in &quot;import with dependencies as packages&quot;">
      <failure message="Command failed: bit init
node:internal/modules/cjs/loader:1075
  throw err;
  ^

Error: Cannot find module &apos;../node_modules/@teambit/bit/dist/app&apos;
Require stack:
- /Users/nitsancohen/.bvm/versions/0.2.29/bit-0.2.29/node_modules/@teambit/legacy/bin/bit.js
    at Module._resolveFilename (node:internal/modules/cjs/loader:1072:15)
    at Module._load (node:internal/modules/cjs/loader:925:27)
    at Module.require (node:internal/modules/cjs/loader:1139:19)
    at require (node:internal/modules/helpers:121:18)
    at Object.&lt;anonymous&gt; (/Users/nitsancohen/.bvm/versions/0.2.29/bit-0.2.29/node_modules/@teambit/legacy/bin/bit.js:3:1)
    at Module._compile (node:internal/modules/cjs/loader:1257:14)
    at Module._extensions..js (node:internal/modules/cjs/loader:1311:10)
    at Module.load (node:internal/modules/cjs/loader:1115:32)
    at Module._load (node:internal/modules/cjs/loader:962:12)
    at Function.executeUserEntryPoint [as runMain] (node:internal/modules/run_main:83:12) {
  code: &apos;MODULE_NOT_FOUND&apos;,
  requireStack: [
    &apos;/Users/nitsancohen/.bvm/versions/0.2.29/bit-0.2.29/node_modules/@teambit/legacy/bin/bit.js&apos;
  ]
}

Node.js v20.3.1
" type="Error"><![CDATA[Error: Command failed: bit init
node:internal/modules/cjs/loader:1075
  throw err;
  ^

Error: Cannot find module '../node_modules/@teambit/bit/dist/app'
Require stack:
- /Users/nitsancohen/.bvm/versions/0.2.29/bit-0.2.29/node_modules/@teambit/legacy/bin/bit.js
    at Module._resolveFilename (node:internal/modules/cjs/loader:1072:15)
    at Module._load (node:internal/modules/cjs/loader:925:27)
    at Module.require (node:internal/modules/cjs/loader:1139:19)
    at require (node:internal/modules/helpers:121:18)
    at Object.<anonymous> (/Users/nitsancohen/.bvm/versions/0.2.29/bit-0.2.29/node_modules/@teambit/legacy/bin/bit.js:3:1)
    at Module._compile (node:internal/modules/cjs/loader:1257:14)
    at Module._extensions..js (node:internal/modules/cjs/loader:1311:10)
    at Module.load (node:internal/modules/cjs/loader:1115:32)
    at Module._load (node:internal/modules/cjs/loader:962:12)
    at Function.executeUserEntryPoint [as runMain] (node:internal/modules/run_main:83:12) {
  code: 'MODULE_NOT_FOUND',
  requireStack: [
    '/Users/nitsancohen/.bvm/versions/0.2.29/bit-0.2.29/node_modules/@teambit/legacy/bin/bit.js'
  ]
}

Node.js v20.3.1

    at checkExecSyncError (node:child_process:885:11)
    at Object.execSync (node:child_process:957:15)
    at CommandHelper.runCmd (src/e2e-helper/e2e-command-helper.ts:64:22)
    at ScopeHelper.initWorkspace (src/e2e-helper/e2e-scope-helper.ts:126:25)
    at ScopeHelper.reInitLocalScope (src/e2e-helper/e2e-scope-helper.ts:87:10)
    at ScopeHelper.setNewLocalAndRemoteScopes (src/e2e-helper/e2e-scope-helper.ts:141:10)
    at Context.<anonymous> (e2e/harmony/lanes/lanes.e2e.ts:474:26)
    at processImmediate (node:internal/timers:478:21)]]></failure>
    </testcase>
    <testcase name="bit lane command import with dependencies as packages &quot;after all&quot; hook in &quot;import with dependencies as packages&quot;" time="0.0000" classname="&quot;after all&quot; hook in &quot;import with dependencies as packages&quot;">
      <failure message="Cannot read properties of undefined (reading &apos;destroy&apos;)" type="TypeError"><![CDATA[TypeError: Cannot read properties of undefined (reading 'destroy')
    at Context.<anonymous> (e2e/harmony/lanes/lanes.e2e.ts:486:21)
    at processImmediate (node:internal/timers:478:21)]]></failure>
    </testcase>
  </testsuite>
  <testsuite name="tag on main, export, create lane and snap" timestamp="2023-08-21T21:40:39" tests="1" file="/Users/nitsancohen/coding/my-bit/bit/e2e/harmony/lanes/lanes.e2e.ts" time="0.0600" failures="1">
    <testcase name="bit lane command tag on main, export, create lane and snap &quot;before all&quot; hook for &quot;bit status should show the correct staged versions&quot;" time="0.0600" classname="&quot;before all&quot; hook for &quot;bit status should show the correct staged versions&quot;">
      <failure message="Command failed: bit init
node:internal/modules/cjs/loader:1075
  throw err;
  ^

Error: Cannot find module &apos;../node_modules/@teambit/bit/dist/app&apos;
Require stack:
- /Users/nitsancohen/.bvm/versions/0.2.29/bit-0.2.29/node_modules/@teambit/legacy/bin/bit.js
    at Module._resolveFilename (node:internal/modules/cjs/loader:1072:15)
    at Module._load (node:internal/modules/cjs/loader:925:27)
    at Module.require (node:internal/modules/cjs/loader:1139:19)
    at require (node:internal/modules/helpers:121:18)
    at Object.&lt;anonymous&gt; (/Users/nitsancohen/.bvm/versions/0.2.29/bit-0.2.29/node_modules/@teambit/legacy/bin/bit.js:3:1)
    at Module._compile (node:internal/modules/cjs/loader:1257:14)
    at Module._extensions..js (node:internal/modules/cjs/loader:1311:10)
    at Module.load (node:internal/modules/cjs/loader:1115:32)
    at Module._load (node:internal/modules/cjs/loader:962:12)
    at Function.executeUserEntryPoint [as runMain] (node:internal/modules/run_main:83:12) {
  code: &apos;MODULE_NOT_FOUND&apos;,
  requireStack: [
    &apos;/Users/nitsancohen/.bvm/versions/0.2.29/bit-0.2.29/node_modules/@teambit/legacy/bin/bit.js&apos;
  ]
}

Node.js v20.3.1
" type="Error"><![CDATA[Error: Command failed: bit init
node:internal/modules/cjs/loader:1075
  throw err;
  ^

Error: Cannot find module '../node_modules/@teambit/bit/dist/app'
Require stack:
- /Users/nitsancohen/.bvm/versions/0.2.29/bit-0.2.29/node_modules/@teambit/legacy/bin/bit.js
    at Module._resolveFilename (node:internal/modules/cjs/loader:1072:15)
    at Module._load (node:internal/modules/cjs/loader:925:27)
    at Module.require (node:internal/modules/cjs/loader:1139:19)
    at require (node:internal/modules/helpers:121:18)
    at Object.<anonymous> (/Users/nitsancohen/.bvm/versions/0.2.29/bit-0.2.29/node_modules/@teambit/legacy/bin/bit.js:3:1)
    at Module._compile (node:internal/modules/cjs/loader:1257:14)
    at Module._extensions..js (node:internal/modules/cjs/loader:1311:10)
    at Module.load (node:internal/modules/cjs/loader:1115:32)
    at Module._load (node:internal/modules/cjs/loader:962:12)
    at Function.executeUserEntryPoint [as runMain] (node:internal/modules/run_main:83:12) {
  code: 'MODULE_NOT_FOUND',
  requireStack: [
    '/Users/nitsancohen/.bvm/versions/0.2.29/bit-0.2.29/node_modules/@teambit/legacy/bin/bit.js'
  ]
}

Node.js v20.3.1

    at checkExecSyncError (node:child_process:885:11)
    at Object.execSync (node:child_process:957:15)
    at CommandHelper.runCmd (src/e2e-helper/e2e-command-helper.ts:64:22)
    at ScopeHelper.initWorkspace (src/e2e-helper/e2e-scope-helper.ts:126:25)
    at ScopeHelper.reInitLocalScope (src/e2e-helper/e2e-scope-helper.ts:87:10)
    at ScopeHelper.setNewLocalAndRemoteScopes (src/e2e-helper/e2e-scope-helper.ts:141:10)
    at Context.<anonymous> (e2e/harmony/lanes/lanes.e2e.ts:499:26)
    at processImmediate (node:internal/timers:478:21)]]></failure>
    </testcase>
  </testsuite>
  <testsuite name="untag on a lane" timestamp="2023-08-21T21:40:39" tests="2" file="/Users/nitsancohen/coding/my-bit/bit/e2e/harmony/lanes/lanes.e2e.ts" time="0.0600" failures="1">
    <testcase name="bit lane command untag on a lane &quot;before all&quot; hook for &quot;should untag successfully&quot;" time="0.0600" classname="&quot;before all&quot; hook for &quot;should untag successfully&quot;">
      <failure message="Command failed: bit init
node:internal/modules/cjs/loader:1075
  throw err;
  ^

Error: Cannot find module &apos;../node_modules/@teambit/bit/dist/app&apos;
Require stack:
- /Users/nitsancohen/.bvm/versions/0.2.29/bit-0.2.29/node_modules/@teambit/legacy/bin/bit.js
    at Module._resolveFilename (node:internal/modules/cjs/loader:1072:15)
    at Module._load (node:internal/modules/cjs/loader:925:27)
    at Module.require (node:internal/modules/cjs/loader:1139:19)
    at require (node:internal/modules/helpers:121:18)
    at Object.&lt;anonymous&gt; (/Users/nitsancohen/.bvm/versions/0.2.29/bit-0.2.29/node_modules/@teambit/legacy/bin/bit.js:3:1)
    at Module._compile (node:internal/modules/cjs/loader:1257:14)
    at Module._extensions..js (node:internal/modules/cjs/loader:1311:10)
    at Module.load (node:internal/modules/cjs/loader:1115:32)
    at Module._load (node:internal/modules/cjs/loader:962:12)
    at Function.executeUserEntryPoint [as runMain] (node:internal/modules/run_main:83:12) {
  code: &apos;MODULE_NOT_FOUND&apos;,
  requireStack: [
    &apos;/Users/nitsancohen/.bvm/versions/0.2.29/bit-0.2.29/node_modules/@teambit/legacy/bin/bit.js&apos;
  ]
}

Node.js v20.3.1
" type="Error"><![CDATA[Error: Command failed: bit init
node:internal/modules/cjs/loader:1075
  throw err;
  ^

Error: Cannot find module '../node_modules/@teambit/bit/dist/app'
Require stack:
- /Users/nitsancohen/.bvm/versions/0.2.29/bit-0.2.29/node_modules/@teambit/legacy/bin/bit.js
    at Module._resolveFilename (node:internal/modules/cjs/loader:1072:15)
    at Module._load (node:internal/modules/cjs/loader:925:27)
    at Module.require (node:internal/modules/cjs/loader:1139:19)
    at require (node:internal/modules/helpers:121:18)
    at Object.<anonymous> (/Users/nitsancohen/.bvm/versions/0.2.29/bit-0.2.29/node_modules/@teambit/legacy/bin/bit.js:3:1)
    at Module._compile (node:internal/modules/cjs/loader:1257:14)
    at Module._extensions..js (node:internal/modules/cjs/loader:1311:10)
    at Module.load (node:internal/modules/cjs/loader:1115:32)
    at Module._load (node:internal/modules/cjs/loader:962:12)
    at Function.executeUserEntryPoint [as runMain] (node:internal/modules/run_main:83:12) {
  code: 'MODULE_NOT_FOUND',
  requireStack: [
    '/Users/nitsancohen/.bvm/versions/0.2.29/bit-0.2.29/node_modules/@teambit/legacy/bin/bit.js'
  ]
}

Node.js v20.3.1

    at checkExecSyncError (node:child_process:885:11)
    at Object.execSync (node:child_process:957:15)
    at CommandHelper.runCmd (src/e2e-helper/e2e-command-helper.ts:64:22)
    at ScopeHelper.initWorkspace (src/e2e-helper/e2e-scope-helper.ts:126:25)
    at ScopeHelper.reInitLocalScope (src/e2e-helper/e2e-scope-helper.ts:87:10)
    at Context.<anonymous> (e2e/harmony/lanes/lanes.e2e.ts:606:26)
    at processImmediate (node:internal/timers:478:21)]]></failure>
    </testcase>
  </testsuite>
  <testsuite name="default tracking data" timestamp="2023-08-21T21:40:39" tests="1" file="/Users/nitsancohen/coding/my-bit/bit/e2e/harmony/lanes/lanes.e2e.ts" time="0.0610" failures="1">
    <testcase name="bit lane command default tracking data &quot;before all&quot; hook for &quot;should set the remote-scope to the default-scope and remote-name to the local-lane&quot;" time="0.0610" classname="&quot;before all&quot; hook for &quot;should set the remote-scope to the default-scope and remote-name to the local-lane&quot;">
      <failure message="Command failed: bit init
node:internal/modules/cjs/loader:1075
  throw err;
  ^

Error: Cannot find module &apos;../node_modules/@teambit/bit/dist/app&apos;
Require stack:
- /Users/nitsancohen/.bvm/versions/0.2.29/bit-0.2.29/node_modules/@teambit/legacy/bin/bit.js
    at Module._resolveFilename (node:internal/modules/cjs/loader:1072:15)
    at Module._load (node:internal/modules/cjs/loader:925:27)
    at Module.require (node:internal/modules/cjs/loader:1139:19)
    at require (node:internal/modules/helpers:121:18)
    at Object.&lt;anonymous&gt; (/Users/nitsancohen/.bvm/versions/0.2.29/bit-0.2.29/node_modules/@teambit/legacy/bin/bit.js:3:1)
    at Module._compile (node:internal/modules/cjs/loader:1257:14)
    at Module._extensions..js (node:internal/modules/cjs/loader:1311:10)
    at Module.load (node:internal/modules/cjs/loader:1115:32)
    at Module._load (node:internal/modules/cjs/loader:962:12)
    at Function.executeUserEntryPoint [as runMain] (node:internal/modules/run_main:83:12) {
  code: &apos;MODULE_NOT_FOUND&apos;,
  requireStack: [
    &apos;/Users/nitsancohen/.bvm/versions/0.2.29/bit-0.2.29/node_modules/@teambit/legacy/bin/bit.js&apos;
  ]
}

Node.js v20.3.1
" type="Error"><![CDATA[Error: Command failed: bit init
node:internal/modules/cjs/loader:1075
  throw err;
  ^

Error: Cannot find module '../node_modules/@teambit/bit/dist/app'
Require stack:
- /Users/nitsancohen/.bvm/versions/0.2.29/bit-0.2.29/node_modules/@teambit/legacy/bin/bit.js
    at Module._resolveFilename (node:internal/modules/cjs/loader:1072:15)
    at Module._load (node:internal/modules/cjs/loader:925:27)
    at Module.require (node:internal/modules/cjs/loader:1139:19)
    at require (node:internal/modules/helpers:121:18)
    at Object.<anonymous> (/Users/nitsancohen/.bvm/versions/0.2.29/bit-0.2.29/node_modules/@teambit/legacy/bin/bit.js:3:1)
    at Module._compile (node:internal/modules/cjs/loader:1257:14)
    at Module._extensions..js (node:internal/modules/cjs/loader:1311:10)
    at Module.load (node:internal/modules/cjs/loader:1115:32)
    at Module._load (node:internal/modules/cjs/loader:962:12)
    at Function.executeUserEntryPoint [as runMain] (node:internal/modules/run_main:83:12) {
  code: 'MODULE_NOT_FOUND',
  requireStack: [
    '/Users/nitsancohen/.bvm/versions/0.2.29/bit-0.2.29/node_modules/@teambit/legacy/bin/bit.js'
  ]
}

Node.js v20.3.1

    at checkExecSyncError (node:child_process:885:11)
    at Object.execSync (node:child_process:957:15)
    at CommandHelper.runCmd (src/e2e-helper/e2e-command-helper.ts:64:22)
    at ScopeHelper.initWorkspace (src/e2e-helper/e2e-scope-helper.ts:126:25)
    at ScopeHelper.reInitLocalScope (src/e2e-helper/e2e-scope-helper.ts:87:10)
    at Context.<anonymous> (e2e/harmony/lanes/lanes.e2e.ts:622:26)
    at processImmediate (node:internal/timers:478:21)]]></failure>
    </testcase>
  </testsuite>
  <testsuite name="change tracking data" timestamp="2023-08-21T21:40:39" tests="2" file="/Users/nitsancohen/coding/my-bit/bit/e2e/harmony/lanes/lanes.e2e.ts" time="0.0630" failures="1">
    <testcase name="bit lane command change tracking data &quot;before all&quot; hook for &quot;should output the changes&quot;" time="0.0630" classname="&quot;before all&quot; hook for &quot;should output the changes&quot;">
      <failure message="Command failed: bit init
node:internal/modules/cjs/loader:1075
  throw err;
  ^

Error: Cannot find module &apos;../node_modules/@teambit/bit/dist/app&apos;
Require stack:
- /Users/nitsancohen/.bvm/versions/0.2.29/bit-0.2.29/node_modules/@teambit/legacy/bin/bit.js
    at Module._resolveFilename (node:internal/modules/cjs/loader:1072:15)
    at Module._load (node:internal/modules/cjs/loader:925:27)
    at Module.require (node:internal/modules/cjs/loader:1139:19)
    at require (node:internal/modules/helpers:121:18)
    at Object.&lt;anonymous&gt; (/Users/nitsancohen/.bvm/versions/0.2.29/bit-0.2.29/node_modules/@teambit/legacy/bin/bit.js:3:1)
    at Module._compile (node:internal/modules/cjs/loader:1257:14)
    at Module._extensions..js (node:internal/modules/cjs/loader:1311:10)
    at Module.load (node:internal/modules/cjs/loader:1115:32)
    at Module._load (node:internal/modules/cjs/loader:962:12)
    at Function.executeUserEntryPoint [as runMain] (node:internal/modules/run_main:83:12) {
  code: &apos;MODULE_NOT_FOUND&apos;,
  requireStack: [
    &apos;/Users/nitsancohen/.bvm/versions/0.2.29/bit-0.2.29/node_modules/@teambit/legacy/bin/bit.js&apos;
  ]
}

Node.js v20.3.1
" type="Error"><![CDATA[Error: Command failed: bit init
node:internal/modules/cjs/loader:1075
  throw err;
  ^

Error: Cannot find module '../node_modules/@teambit/bit/dist/app'
Require stack:
- /Users/nitsancohen/.bvm/versions/0.2.29/bit-0.2.29/node_modules/@teambit/legacy/bin/bit.js
    at Module._resolveFilename (node:internal/modules/cjs/loader:1072:15)
    at Module._load (node:internal/modules/cjs/loader:925:27)
    at Module.require (node:internal/modules/cjs/loader:1139:19)
    at require (node:internal/modules/helpers:121:18)
    at Object.<anonymous> (/Users/nitsancohen/.bvm/versions/0.2.29/bit-0.2.29/node_modules/@teambit/legacy/bin/bit.js:3:1)
    at Module._compile (node:internal/modules/cjs/loader:1257:14)
    at Module._extensions..js (node:internal/modules/cjs/loader:1311:10)
    at Module.load (node:internal/modules/cjs/loader:1115:32)
    at Module._load (node:internal/modules/cjs/loader:962:12)
    at Function.executeUserEntryPoint [as runMain] (node:internal/modules/run_main:83:12) {
  code: 'MODULE_NOT_FOUND',
  requireStack: [
    '/Users/nitsancohen/.bvm/versions/0.2.29/bit-0.2.29/node_modules/@teambit/legacy/bin/bit.js'
  ]
}

Node.js v20.3.1

    at checkExecSyncError (node:child_process:885:11)
    at Object.execSync (node:child_process:957:15)
    at CommandHelper.runCmd (src/e2e-helper/e2e-command-helper.ts:64:22)
    at ScopeHelper.initWorkspace (src/e2e-helper/e2e-scope-helper.ts:126:25)
    at ScopeHelper.reInitLocalScope (src/e2e-helper/e2e-scope-helper.ts:87:10)
    at Context.<anonymous> (e2e/harmony/lanes/lanes.e2e.ts:633:26)
    at processImmediate (node:internal/timers:478:21)]]></failure>
    </testcase>
  </testsuite>
  <testsuite name="multiple scopes" timestamp="2023-08-21T21:40:40" tests="0" file="/Users/nitsancohen/coding/my-bit/bit/e2e/harmony/lanes/lanes.e2e.ts" time="0.0640" failures="1">
    <testcase name="bit lane command multiple scopes &quot;before all&quot; hook in &quot;multiple scopes&quot;" time="0.0640" classname="&quot;before all&quot; hook in &quot;multiple scopes&quot;">
      <failure message="Command failed: bit init
node:internal/modules/cjs/loader:1075
  throw err;
  ^

Error: Cannot find module &apos;../node_modules/@teambit/bit/dist/app&apos;
Require stack:
- /Users/nitsancohen/.bvm/versions/0.2.29/bit-0.2.29/node_modules/@teambit/legacy/bin/bit.js
    at Module._resolveFilename (node:internal/modules/cjs/loader:1072:15)
    at Module._load (node:internal/modules/cjs/loader:925:27)
    at Module.require (node:internal/modules/cjs/loader:1139:19)
    at require (node:internal/modules/helpers:121:18)
    at Object.&lt;anonymous&gt; (/Users/nitsancohen/.bvm/versions/0.2.29/bit-0.2.29/node_modules/@teambit/legacy/bin/bit.js:3:1)
    at Module._compile (node:internal/modules/cjs/loader:1257:14)
    at Module._extensions..js (node:internal/modules/cjs/loader:1311:10)
    at Module.load (node:internal/modules/cjs/loader:1115:32)
    at Module._load (node:internal/modules/cjs/loader:962:12)
    at Function.executeUserEntryPoint [as runMain] (node:internal/modules/run_main:83:12) {
  code: &apos;MODULE_NOT_FOUND&apos;,
  requireStack: [
    &apos;/Users/nitsancohen/.bvm/versions/0.2.29/bit-0.2.29/node_modules/@teambit/legacy/bin/bit.js&apos;
  ]
}

Node.js v20.3.1
" type="Error"><![CDATA[Error: Command failed: bit init
node:internal/modules/cjs/loader:1075
  throw err;
  ^

Error: Cannot find module '../node_modules/@teambit/bit/dist/app'
Require stack:
- /Users/nitsancohen/.bvm/versions/0.2.29/bit-0.2.29/node_modules/@teambit/legacy/bin/bit.js
    at Module._resolveFilename (node:internal/modules/cjs/loader:1072:15)
    at Module._load (node:internal/modules/cjs/loader:925:27)
    at Module.require (node:internal/modules/cjs/loader:1139:19)
    at require (node:internal/modules/helpers:121:18)
    at Object.<anonymous> (/Users/nitsancohen/.bvm/versions/0.2.29/bit-0.2.29/node_modules/@teambit/legacy/bin/bit.js:3:1)
    at Module._compile (node:internal/modules/cjs/loader:1257:14)
    at Module._extensions..js (node:internal/modules/cjs/loader:1311:10)
    at Module.load (node:internal/modules/cjs/loader:1115:32)
    at Module._load (node:internal/modules/cjs/loader:962:12)
    at Function.executeUserEntryPoint [as runMain] (node:internal/modules/run_main:83:12) {
  code: 'MODULE_NOT_FOUND',
  requireStack: [
    '/Users/nitsancohen/.bvm/versions/0.2.29/bit-0.2.29/node_modules/@teambit/legacy/bin/bit.js'
  ]
}

Node.js v20.3.1

    at checkExecSyncError (node:child_process:885:11)
    at Object.execSync (node:child_process:957:15)
    at CommandHelper.runCmd (src/e2e-helper/e2e-command-helper.ts:64:22)
    at ScopeHelper.initWorkspace (src/e2e-helper/e2e-scope-helper.ts:126:25)
    at ScopeHelper.reInitLocalScope (src/e2e-helper/e2e-scope-helper.ts:87:10)
    at ScopeHelper.setNewLocalAndRemoteScopes (src/e2e-helper/e2e-scope-helper.ts:141:10)
    at Context.<anonymous> (e2e/harmony/lanes/lanes.e2e.ts:653:26)
    at processImmediate (node:internal/timers:478:21)]]></failure>
    </testcase>
  </testsuite>
  <testsuite name="multiple scopes when the components are new" timestamp="2023-08-21T21:40:40" tests="0" file="/Users/nitsancohen/coding/my-bit/bit/e2e/harmony/lanes/lanes.e2e.ts" time="0.0600" failures="1">
    <testcase name="bit lane command multiple scopes when the components are new &quot;before all&quot; hook in &quot;multiple scopes when the components are new&quot;" time="0.0600" classname="&quot;before all&quot; hook in &quot;multiple scopes when the components are new&quot;">
      <failure message="Command failed: bit init
node:internal/modules/cjs/loader:1075
  throw err;
  ^

Error: Cannot find module &apos;../node_modules/@teambit/bit/dist/app&apos;
Require stack:
- /Users/nitsancohen/.bvm/versions/0.2.29/bit-0.2.29/node_modules/@teambit/legacy/bin/bit.js
    at Module._resolveFilename (node:internal/modules/cjs/loader:1072:15)
    at Module._load (node:internal/modules/cjs/loader:925:27)
    at Module.require (node:internal/modules/cjs/loader:1139:19)
    at require (node:internal/modules/helpers:121:18)
    at Object.&lt;anonymous&gt; (/Users/nitsancohen/.bvm/versions/0.2.29/bit-0.2.29/node_modules/@teambit/legacy/bin/bit.js:3:1)
    at Module._compile (node:internal/modules/cjs/loader:1257:14)
    at Module._extensions..js (node:internal/modules/cjs/loader:1311:10)
    at Module.load (node:internal/modules/cjs/loader:1115:32)
    at Module._load (node:internal/modules/cjs/loader:962:12)
    at Function.executeUserEntryPoint [as runMain] (node:internal/modules/run_main:83:12) {
  code: &apos;MODULE_NOT_FOUND&apos;,
  requireStack: [
    &apos;/Users/nitsancohen/.bvm/versions/0.2.29/bit-0.2.29/node_modules/@teambit/legacy/bin/bit.js&apos;
  ]
}

Node.js v20.3.1
" type="Error"><![CDATA[Error: Command failed: bit init
node:internal/modules/cjs/loader:1075
  throw err;
  ^

Error: Cannot find module '../node_modules/@teambit/bit/dist/app'
Require stack:
- /Users/nitsancohen/.bvm/versions/0.2.29/bit-0.2.29/node_modules/@teambit/legacy/bin/bit.js
    at Module._resolveFilename (node:internal/modules/cjs/loader:1072:15)
    at Module._load (node:internal/modules/cjs/loader:925:27)
    at Module.require (node:internal/modules/cjs/loader:1139:19)
    at require (node:internal/modules/helpers:121:18)
    at Object.<anonymous> (/Users/nitsancohen/.bvm/versions/0.2.29/bit-0.2.29/node_modules/@teambit/legacy/bin/bit.js:3:1)
    at Module._compile (node:internal/modules/cjs/loader:1257:14)
    at Module._extensions..js (node:internal/modules/cjs/loader:1311:10)
    at Module.load (node:internal/modules/cjs/loader:1115:32)
    at Module._load (node:internal/modules/cjs/loader:962:12)
    at Function.executeUserEntryPoint [as runMain] (node:internal/modules/run_main:83:12) {
  code: 'MODULE_NOT_FOUND',
  requireStack: [
    '/Users/nitsancohen/.bvm/versions/0.2.29/bit-0.2.29/node_modules/@teambit/legacy/bin/bit.js'
  ]
}

Node.js v20.3.1

    at checkExecSyncError (node:child_process:885:11)
    at Object.execSync (node:child_process:957:15)
    at CommandHelper.runCmd (src/e2e-helper/e2e-command-helper.ts:64:22)
    at ScopeHelper.initWorkspace (src/e2e-helper/e2e-scope-helper.ts:126:25)
    at ScopeHelper.reInitLocalScope (src/e2e-helper/e2e-scope-helper.ts:87:10)
    at ScopeHelper.setNewLocalAndRemoteScopes (src/e2e-helper/e2e-scope-helper.ts:141:10)
    at Context.<anonymous> (e2e/harmony/lanes/lanes.e2e.ts:782:26)
    at processImmediate (node:internal/timers:478:21)]]></failure>
    </testcase>
  </testsuite>
  <testsuite name="multiple scopes when main is ahead" timestamp="2023-08-21T21:40:40" tests="1" file="/Users/nitsancohen/coding/my-bit/bit/e2e/harmony/lanes/lanes.e2e.ts" time="0.0600" failures="1">
    <testcase name="bit lane command multiple scopes when main is ahead &quot;before all&quot; hook for &quot;should be able to export&quot;" time="0.0600" classname="&quot;before all&quot; hook for &quot;should be able to export&quot;">
      <failure message="Command failed: bit init
node:internal/modules/cjs/loader:1075
  throw err;
  ^

Error: Cannot find module &apos;../node_modules/@teambit/bit/dist/app&apos;
Require stack:
- /Users/nitsancohen/.bvm/versions/0.2.29/bit-0.2.29/node_modules/@teambit/legacy/bin/bit.js
    at Module._resolveFilename (node:internal/modules/cjs/loader:1072:15)
    at Module._load (node:internal/modules/cjs/loader:925:27)
    at Module.require (node:internal/modules/cjs/loader:1139:19)
    at require (node:internal/modules/helpers:121:18)
    at Object.&lt;anonymous&gt; (/Users/nitsancohen/.bvm/versions/0.2.29/bit-0.2.29/node_modules/@teambit/legacy/bin/bit.js:3:1)
    at Module._compile (node:internal/modules/cjs/loader:1257:14)
    at Module._extensions..js (node:internal/modules/cjs/loader:1311:10)
    at Module.load (node:internal/modules/cjs/loader:1115:32)
    at Module._load (node:internal/modules/cjs/loader:962:12)
    at Function.executeUserEntryPoint [as runMain] (node:internal/modules/run_main:83:12) {
  code: &apos;MODULE_NOT_FOUND&apos;,
  requireStack: [
    &apos;/Users/nitsancohen/.bvm/versions/0.2.29/bit-0.2.29/node_modules/@teambit/legacy/bin/bit.js&apos;
  ]
}

Node.js v20.3.1
" type="Error"><![CDATA[Error: Command failed: bit init
node:internal/modules/cjs/loader:1075
  throw err;
  ^

Error: Cannot find module '../node_modules/@teambit/bit/dist/app'
Require stack:
- /Users/nitsancohen/.bvm/versions/0.2.29/bit-0.2.29/node_modules/@teambit/legacy/bin/bit.js
    at Module._resolveFilename (node:internal/modules/cjs/loader:1072:15)
    at Module._load (node:internal/modules/cjs/loader:925:27)
    at Module.require (node:internal/modules/cjs/loader:1139:19)
    at require (node:internal/modules/helpers:121:18)
    at Object.<anonymous> (/Users/nitsancohen/.bvm/versions/0.2.29/bit-0.2.29/node_modules/@teambit/legacy/bin/bit.js:3:1)
    at Module._compile (node:internal/modules/cjs/loader:1257:14)
    at Module._extensions..js (node:internal/modules/cjs/loader:1311:10)
    at Module.load (node:internal/modules/cjs/loader:1115:32)
    at Module._load (node:internal/modules/cjs/loader:962:12)
    at Function.executeUserEntryPoint [as runMain] (node:internal/modules/run_main:83:12) {
  code: 'MODULE_NOT_FOUND',
  requireStack: [
    '/Users/nitsancohen/.bvm/versions/0.2.29/bit-0.2.29/node_modules/@teambit/legacy/bin/bit.js'
  ]
}

Node.js v20.3.1

    at checkExecSyncError (node:child_process:885:11)
    at Object.execSync (node:child_process:957:15)
    at CommandHelper.runCmd (src/e2e-helper/e2e-command-helper.ts:64:22)
    at ScopeHelper.initWorkspace (src/e2e-helper/e2e-scope-helper.ts:126:25)
    at ScopeHelper.reInitLocalScope (src/e2e-helper/e2e-scope-helper.ts:87:10)
    at ScopeHelper.setNewLocalAndRemoteScopes (src/e2e-helper/e2e-scope-helper.ts:141:10)
    at Context.<anonymous> (e2e/harmony/lanes/lanes.e2e.ts:834:26)
    at processImmediate (node:internal/timers:478:21)]]></failure>
    </testcase>
  </testsuite>
  <testsuite name="multiple scopes when a component in the origin is different than on the lane" timestamp="2023-08-21T21:40:40" tests="1" file="/Users/nitsancohen/coding/my-bit/bit/e2e/harmony/lanes/lanes.e2e.ts" time="0.0600" failures="1">
    <testcase name="bit lane command multiple scopes when a component in the origin is different than on the lane &quot;before all&quot; hook for &quot;bit export should throw an error&quot;" time="0.0600" classname="&quot;before all&quot; hook for &quot;bit export should throw an error&quot;">
      <failure message="Command failed: bit init
node:internal/modules/cjs/loader:1075
  throw err;
  ^

Error: Cannot find module &apos;../node_modules/@teambit/bit/dist/app&apos;
Require stack:
- /Users/nitsancohen/.bvm/versions/0.2.29/bit-0.2.29/node_modules/@teambit/legacy/bin/bit.js
    at Module._resolveFilename (node:internal/modules/cjs/loader:1072:15)
    at Module._load (node:internal/modules/cjs/loader:925:27)
    at Module.require (node:internal/modules/cjs/loader:1139:19)
    at require (node:internal/modules/helpers:121:18)
    at Object.&lt;anonymous&gt; (/Users/nitsancohen/.bvm/versions/0.2.29/bit-0.2.29/node_modules/@teambit/legacy/bin/bit.js:3:1)
    at Module._compile (node:internal/modules/cjs/loader:1257:14)
    at Module._extensions..js (node:internal/modules/cjs/loader:1311:10)
    at Module.load (node:internal/modules/cjs/loader:1115:32)
    at Module._load (node:internal/modules/cjs/loader:962:12)
    at Function.executeUserEntryPoint [as runMain] (node:internal/modules/run_main:83:12) {
  code: &apos;MODULE_NOT_FOUND&apos;,
  requireStack: [
    &apos;/Users/nitsancohen/.bvm/versions/0.2.29/bit-0.2.29/node_modules/@teambit/legacy/bin/bit.js&apos;
  ]
}

Node.js v20.3.1
" type="Error"><![CDATA[Error: Command failed: bit init
node:internal/modules/cjs/loader:1075
  throw err;
  ^

Error: Cannot find module '../node_modules/@teambit/bit/dist/app'
Require stack:
- /Users/nitsancohen/.bvm/versions/0.2.29/bit-0.2.29/node_modules/@teambit/legacy/bin/bit.js
    at Module._resolveFilename (node:internal/modules/cjs/loader:1072:15)
    at Module._load (node:internal/modules/cjs/loader:925:27)
    at Module.require (node:internal/modules/cjs/loader:1139:19)
    at require (node:internal/modules/helpers:121:18)
    at Object.<anonymous> (/Users/nitsancohen/.bvm/versions/0.2.29/bit-0.2.29/node_modules/@teambit/legacy/bin/bit.js:3:1)
    at Module._compile (node:internal/modules/cjs/loader:1257:14)
    at Module._extensions..js (node:internal/modules/cjs/loader:1311:10)
    at Module.load (node:internal/modules/cjs/loader:1115:32)
    at Module._load (node:internal/modules/cjs/loader:962:12)
    at Function.executeUserEntryPoint [as runMain] (node:internal/modules/run_main:83:12) {
  code: 'MODULE_NOT_FOUND',
  requireStack: [
    '/Users/nitsancohen/.bvm/versions/0.2.29/bit-0.2.29/node_modules/@teambit/legacy/bin/bit.js'
  ]
}

Node.js v20.3.1

    at checkExecSyncError (node:child_process:885:11)
    at Object.execSync (node:child_process:957:15)
    at CommandHelper.runCmd (src/e2e-helper/e2e-command-helper.ts:64:22)
    at ScopeHelper.initWorkspace (src/e2e-helper/e2e-scope-helper.ts:126:25)
    at ScopeHelper.reInitLocalScope (src/e2e-helper/e2e-scope-helper.ts:87:10)
    at ScopeHelper.setNewLocalAndRemoteScopes (src/e2e-helper/e2e-scope-helper.ts:141:10)
    at Context.<anonymous> (e2e/harmony/lanes/lanes.e2e.ts:874:26)
    at processImmediate (node:internal/timers:478:21)]]></failure>
    </testcase>
  </testsuite>
  <testsuite name="multiple scopes when a scope of the component does not exist" timestamp="2023-08-21T21:40:40" tests="1" file="/Users/nitsancohen/coding/my-bit/bit/e2e/harmony/lanes/lanes.e2e.ts" time="0.0600" failures="1">
    <testcase name="bit lane command multiple scopes when a scope of the component does not exist &quot;before all&quot; hook for &quot;bit export should throw an error saying the scope does not exist&quot;" time="0.0600" classname="&quot;before all&quot; hook for &quot;bit export should throw an error saying the scope does not exist&quot;">
      <failure message="Command failed: bit init
node:internal/modules/cjs/loader:1075
  throw err;
  ^

Error: Cannot find module &apos;../node_modules/@teambit/bit/dist/app&apos;
Require stack:
- /Users/nitsancohen/.bvm/versions/0.2.29/bit-0.2.29/node_modules/@teambit/legacy/bin/bit.js
    at Module._resolveFilename (node:internal/modules/cjs/loader:1072:15)
    at Module._load (node:internal/modules/cjs/loader:925:27)
    at Module.require (node:internal/modules/cjs/loader:1139:19)
    at require (node:internal/modules/helpers:121:18)
    at Object.&lt;anonymous&gt; (/Users/nitsancohen/.bvm/versions/0.2.29/bit-0.2.29/node_modules/@teambit/legacy/bin/bit.js:3:1)
    at Module._compile (node:internal/modules/cjs/loader:1257:14)
    at Module._extensions..js (node:internal/modules/cjs/loader:1311:10)
    at Module.load (node:internal/modules/cjs/loader:1115:32)
    at Module._load (node:internal/modules/cjs/loader:962:12)
    at Function.executeUserEntryPoint [as runMain] (node:internal/modules/run_main:83:12) {
  code: &apos;MODULE_NOT_FOUND&apos;,
  requireStack: [
    &apos;/Users/nitsancohen/.bvm/versions/0.2.29/bit-0.2.29/node_modules/@teambit/legacy/bin/bit.js&apos;
  ]
}

Node.js v20.3.1
" type="Error"><![CDATA[Error: Command failed: bit init
node:internal/modules/cjs/loader:1075
  throw err;
  ^

Error: Cannot find module '../node_modules/@teambit/bit/dist/app'
Require stack:
- /Users/nitsancohen/.bvm/versions/0.2.29/bit-0.2.29/node_modules/@teambit/legacy/bin/bit.js
    at Module._resolveFilename (node:internal/modules/cjs/loader:1072:15)
    at Module._load (node:internal/modules/cjs/loader:925:27)
    at Module.require (node:internal/modules/cjs/loader:1139:19)
    at require (node:internal/modules/helpers:121:18)
    at Object.<anonymous> (/Users/nitsancohen/.bvm/versions/0.2.29/bit-0.2.29/node_modules/@teambit/legacy/bin/bit.js:3:1)
    at Module._compile (node:internal/modules/cjs/loader:1257:14)
    at Module._extensions..js (node:internal/modules/cjs/loader:1311:10)
    at Module.load (node:internal/modules/cjs/loader:1115:32)
    at Module._load (node:internal/modules/cjs/loader:962:12)
    at Function.executeUserEntryPoint [as runMain] (node:internal/modules/run_main:83:12) {
  code: 'MODULE_NOT_FOUND',
  requireStack: [
    '/Users/nitsancohen/.bvm/versions/0.2.29/bit-0.2.29/node_modules/@teambit/legacy/bin/bit.js'
  ]
}

Node.js v20.3.1

    at checkExecSyncError (node:child_process:885:11)
    at Object.execSync (node:child_process:957:15)
    at CommandHelper.runCmd (src/e2e-helper/e2e-command-helper.ts:64:22)
    at ScopeHelper.initWorkspace (src/e2e-helper/e2e-scope-helper.ts:126:25)
    at ScopeHelper.reInitLocalScope (src/e2e-helper/e2e-scope-helper.ts:87:10)
    at ScopeHelper.setNewLocalAndRemoteScopes (src/e2e-helper/e2e-scope-helper.ts:141:10)
    at Context.<anonymous> (e2e/harmony/lanes/lanes.e2e.ts:897:26)
    at processImmediate (node:internal/timers:478:21)]]></failure>
    </testcase>
  </testsuite>
  <testsuite name="multiple scopes when the origin-scope exits but does not have the component. only lane-scope has it" timestamp="2023-08-21T21:40:40" tests="1" file="/Users/nitsancohen/coding/my-bit/bit/e2e/harmony/lanes/lanes.e2e.ts" time="0.0600" failures="1">
    <testcase name="bit lane command multiple scopes when the origin-scope exits but does not have the component. only lane-scope has it &quot;before all&quot; hook for &quot;bit import should not throw an error&quot;" time="0.0600" classname="&quot;before all&quot; hook for &quot;bit import should not throw an error&quot;">
      <failure message="Command failed: bit init
node:internal/modules/cjs/loader:1075
  throw err;
  ^

Error: Cannot find module &apos;../node_modules/@teambit/bit/dist/app&apos;
Require stack:
- /Users/nitsancohen/.bvm/versions/0.2.29/bit-0.2.29/node_modules/@teambit/legacy/bin/bit.js
    at Module._resolveFilename (node:internal/modules/cjs/loader:1072:15)
    at Module._load (node:internal/modules/cjs/loader:925:27)
    at Module.require (node:internal/modules/cjs/loader:1139:19)
    at require (node:internal/modules/helpers:121:18)
    at Object.&lt;anonymous&gt; (/Users/nitsancohen/.bvm/versions/0.2.29/bit-0.2.29/node_modules/@teambit/legacy/bin/bit.js:3:1)
    at Module._compile (node:internal/modules/cjs/loader:1257:14)
    at Module._extensions..js (node:internal/modules/cjs/loader:1311:10)
    at Module.load (node:internal/modules/cjs/loader:1115:32)
    at Module._load (node:internal/modules/cjs/loader:962:12)
    at Function.executeUserEntryPoint [as runMain] (node:internal/modules/run_main:83:12) {
  code: &apos;MODULE_NOT_FOUND&apos;,
  requireStack: [
    &apos;/Users/nitsancohen/.bvm/versions/0.2.29/bit-0.2.29/node_modules/@teambit/legacy/bin/bit.js&apos;
  ]
}

Node.js v20.3.1
" type="Error"><![CDATA[Error: Command failed: bit init
node:internal/modules/cjs/loader:1075
  throw err;
  ^

Error: Cannot find module '../node_modules/@teambit/bit/dist/app'
Require stack:
- /Users/nitsancohen/.bvm/versions/0.2.29/bit-0.2.29/node_modules/@teambit/legacy/bin/bit.js
    at Module._resolveFilename (node:internal/modules/cjs/loader:1072:15)
    at Module._load (node:internal/modules/cjs/loader:925:27)
    at Module.require (node:internal/modules/cjs/loader:1139:19)
    at require (node:internal/modules/helpers:121:18)
    at Object.<anonymous> (/Users/nitsancohen/.bvm/versions/0.2.29/bit-0.2.29/node_modules/@teambit/legacy/bin/bit.js:3:1)
    at Module._compile (node:internal/modules/cjs/loader:1257:14)
    at Module._extensions..js (node:internal/modules/cjs/loader:1311:10)
    at Module.load (node:internal/modules/cjs/loader:1115:32)
    at Module._load (node:internal/modules/cjs/loader:962:12)
    at Function.executeUserEntryPoint [as runMain] (node:internal/modules/run_main:83:12) {
  code: 'MODULE_NOT_FOUND',
  requireStack: [
    '/Users/nitsancohen/.bvm/versions/0.2.29/bit-0.2.29/node_modules/@teambit/legacy/bin/bit.js'
  ]
}

Node.js v20.3.1

    at checkExecSyncError (node:child_process:885:11)
    at Object.execSync (node:child_process:957:15)
    at CommandHelper.runCmd (src/e2e-helper/e2e-command-helper.ts:64:22)
    at ScopeHelper.initWorkspace (src/e2e-helper/e2e-scope-helper.ts:126:25)
    at ScopeHelper.reInitLocalScope (src/e2e-helper/e2e-scope-helper.ts:87:10)
    at ScopeHelper.setNewLocalAndRemoteScopes (src/e2e-helper/e2e-scope-helper.ts:141:10)
    at Context.<anonymous> (e2e/harmony/lanes/lanes.e2e.ts:910:26)
    at processImmediate (node:internal/timers:478:21)]]></failure>
    </testcase>
  </testsuite>
  <testsuite name="multiple scopes - using FetchMissingHistory action" timestamp="2023-08-21T21:40:40" tests="1" file="/Users/nitsancohen/coding/my-bit/bit/e2e/harmony/lanes/lanes.e2e.ts" time="0.0600" failures="1">
    <testcase name="bit lane command multiple scopes - using FetchMissingHistory action &quot;before all&quot; hook for &quot;the remote should have the history of a component from the other remote&quot;" time="0.0600" classname="&quot;before all&quot; hook for &quot;the remote should have the history of a component from the other remote&quot;">
      <failure message="Command failed: bit init
node:internal/modules/cjs/loader:1075
  throw err;
  ^

Error: Cannot find module &apos;../node_modules/@teambit/bit/dist/app&apos;
Require stack:
- /Users/nitsancohen/.bvm/versions/0.2.29/bit-0.2.29/node_modules/@teambit/legacy/bin/bit.js
    at Module._resolveFilename (node:internal/modules/cjs/loader:1072:15)
    at Module._load (node:internal/modules/cjs/loader:925:27)
    at Module.require (node:internal/modules/cjs/loader:1139:19)
    at require (node:internal/modules/helpers:121:18)
    at Object.&lt;anonymous&gt; (/Users/nitsancohen/.bvm/versions/0.2.29/bit-0.2.29/node_modules/@teambit/legacy/bin/bit.js:3:1)
    at Module._compile (node:internal/modules/cjs/loader:1257:14)
    at Module._extensions..js (node:internal/modules/cjs/loader:1311:10)
    at Module.load (node:internal/modules/cjs/loader:1115:32)
    at Module._load (node:internal/modules/cjs/loader:962:12)
    at Function.executeUserEntryPoint [as runMain] (node:internal/modules/run_main:83:12) {
  code: &apos;MODULE_NOT_FOUND&apos;,
  requireStack: [
    &apos;/Users/nitsancohen/.bvm/versions/0.2.29/bit-0.2.29/node_modules/@teambit/legacy/bin/bit.js&apos;
  ]
}

Node.js v20.3.1
" type="Error"><![CDATA[Error: Command failed: bit init
node:internal/modules/cjs/loader:1075
  throw err;
  ^

Error: Cannot find module '../node_modules/@teambit/bit/dist/app'
Require stack:
- /Users/nitsancohen/.bvm/versions/0.2.29/bit-0.2.29/node_modules/@teambit/legacy/bin/bit.js
    at Module._resolveFilename (node:internal/modules/cjs/loader:1072:15)
    at Module._load (node:internal/modules/cjs/loader:925:27)
    at Module.require (node:internal/modules/cjs/loader:1139:19)
    at require (node:internal/modules/helpers:121:18)
    at Object.<anonymous> (/Users/nitsancohen/.bvm/versions/0.2.29/bit-0.2.29/node_modules/@teambit/legacy/bin/bit.js:3:1)
    at Module._compile (node:internal/modules/cjs/loader:1257:14)
    at Module._extensions..js (node:internal/modules/cjs/loader:1311:10)
    at Module.load (node:internal/modules/cjs/loader:1115:32)
    at Module._load (node:internal/modules/cjs/loader:962:12)
    at Function.executeUserEntryPoint [as runMain] (node:internal/modules/run_main:83:12) {
  code: 'MODULE_NOT_FOUND',
  requireStack: [
    '/Users/nitsancohen/.bvm/versions/0.2.29/bit-0.2.29/node_modules/@teambit/legacy/bin/bit.js'
  ]
}

Node.js v20.3.1

    at checkExecSyncError (node:child_process:885:11)
    at Object.execSync (node:child_process:957:15)
    at CommandHelper.runCmd (src/e2e-helper/e2e-command-helper.ts:64:22)
    at ScopeHelper.initWorkspace (src/e2e-helper/e2e-scope-helper.ts:126:25)
    at ScopeHelper.reInitLocalScope (src/e2e-helper/e2e-scope-helper.ts:87:10)
    at ScopeHelper.setNewLocalAndRemoteScopes (src/e2e-helper/e2e-scope-helper.ts:141:10)
    at Context.<anonymous> (e2e/harmony/lanes/lanes.e2e.ts:931:26)
    at processImmediate (node:internal/timers:478:21)]]></failure>
    </testcase>
  </testsuite>
  <testsuite name="multiple scopes - lane-scope does not have main tags" timestamp="2023-08-21T21:40:40" tests="2" file="/Users/nitsancohen/coding/my-bit/bit/e2e/harmony/lanes/lanes.e2e.ts" time="0.0600" failures="1">
    <testcase name="bit lane command multiple scopes - lane-scope does not have main tags &quot;before all&quot; hook for &quot;bit status should show only the last snap of the imported component as staged&quot;" time="0.0600" classname="&quot;before all&quot; hook for &quot;bit status should show only the last snap of the imported component as staged&quot;">
      <failure message="Command failed: bit init
node:internal/modules/cjs/loader:1075
  throw err;
  ^

Error: Cannot find module &apos;../node_modules/@teambit/bit/dist/app&apos;
Require stack:
- /Users/nitsancohen/.bvm/versions/0.2.29/bit-0.2.29/node_modules/@teambit/legacy/bin/bit.js
    at Module._resolveFilename (node:internal/modules/cjs/loader:1072:15)
    at Module._load (node:internal/modules/cjs/loader:925:27)
    at Module.require (node:internal/modules/cjs/loader:1139:19)
    at require (node:internal/modules/helpers:121:18)
    at Object.&lt;anonymous&gt; (/Users/nitsancohen/.bvm/versions/0.2.29/bit-0.2.29/node_modules/@teambit/legacy/bin/bit.js:3:1)
    at Module._compile (node:internal/modules/cjs/loader:1257:14)
    at Module._extensions..js (node:internal/modules/cjs/loader:1311:10)
    at Module.load (node:internal/modules/cjs/loader:1115:32)
    at Module._load (node:internal/modules/cjs/loader:962:12)
    at Function.executeUserEntryPoint [as runMain] (node:internal/modules/run_main:83:12) {
  code: &apos;MODULE_NOT_FOUND&apos;,
  requireStack: [
    &apos;/Users/nitsancohen/.bvm/versions/0.2.29/bit-0.2.29/node_modules/@teambit/legacy/bin/bit.js&apos;
  ]
}

Node.js v20.3.1
" type="Error"><![CDATA[Error: Command failed: bit init
node:internal/modules/cjs/loader:1075
  throw err;
  ^

Error: Cannot find module '../node_modules/@teambit/bit/dist/app'
Require stack:
- /Users/nitsancohen/.bvm/versions/0.2.29/bit-0.2.29/node_modules/@teambit/legacy/bin/bit.js
    at Module._resolveFilename (node:internal/modules/cjs/loader:1072:15)
    at Module._load (node:internal/modules/cjs/loader:925:27)
    at Module.require (node:internal/modules/cjs/loader:1139:19)
    at require (node:internal/modules/helpers:121:18)
    at Object.<anonymous> (/Users/nitsancohen/.bvm/versions/0.2.29/bit-0.2.29/node_modules/@teambit/legacy/bin/bit.js:3:1)
    at Module._compile (node:internal/modules/cjs/loader:1257:14)
    at Module._extensions..js (node:internal/modules/cjs/loader:1311:10)
    at Module.load (node:internal/modules/cjs/loader:1115:32)
    at Module._load (node:internal/modules/cjs/loader:962:12)
    at Function.executeUserEntryPoint [as runMain] (node:internal/modules/run_main:83:12) {
  code: 'MODULE_NOT_FOUND',
  requireStack: [
    '/Users/nitsancohen/.bvm/versions/0.2.29/bit-0.2.29/node_modules/@teambit/legacy/bin/bit.js'
  ]
}

Node.js v20.3.1

    at checkExecSyncError (node:child_process:885:11)
    at Object.execSync (node:child_process:957:15)
    at CommandHelper.runCmd (src/e2e-helper/e2e-command-helper.ts:64:22)
    at ScopeHelper.initWorkspace (src/e2e-helper/e2e-scope-helper.ts:126:25)
    at ScopeHelper.reInitLocalScope (src/e2e-helper/e2e-scope-helper.ts:87:10)
    at ScopeHelper.setNewLocalAndRemoteScopes (src/e2e-helper/e2e-scope-helper.ts:141:10)
    at Context.<anonymous> (e2e/harmony/lanes/lanes.e2e.ts:963:26)
    at processImmediate (node:internal/timers:478:21)]]></failure>
    </testcase>
  </testsuite>
  <testsuite name="multiple scopes - fork the lane and export to another scope" timestamp="2023-08-21T21:40:40" tests="1" file="/Users/nitsancohen/coding/my-bit/bit/e2e/harmony/lanes/lanes.e2e.ts" time="0.0590" failures="1">
    <testcase name="bit lane command multiple scopes - fork the lane and export to another scope &quot;before all&quot; hook for &quot;should be able to import the forked lane with no errors&quot;" time="0.0590" classname="&quot;before all&quot; hook for &quot;should be able to import the forked lane with no errors&quot;">
      <failure message="Command failed: bit init
node:internal/modules/cjs/loader:1075
  throw err;
  ^

Error: Cannot find module &apos;../node_modules/@teambit/bit/dist/app&apos;
Require stack:
- /Users/nitsancohen/.bvm/versions/0.2.29/bit-0.2.29/node_modules/@teambit/legacy/bin/bit.js
    at Module._resolveFilename (node:internal/modules/cjs/loader:1072:15)
    at Module._load (node:internal/modules/cjs/loader:925:27)
    at Module.require (node:internal/modules/cjs/loader:1139:19)
    at require (node:internal/modules/helpers:121:18)
    at Object.&lt;anonymous&gt; (/Users/nitsancohen/.bvm/versions/0.2.29/bit-0.2.29/node_modules/@teambit/legacy/bin/bit.js:3:1)
    at Module._compile (node:internal/modules/cjs/loader:1257:14)
    at Module._extensions..js (node:internal/modules/cjs/loader:1311:10)
    at Module.load (node:internal/modules/cjs/loader:1115:32)
    at Module._load (node:internal/modules/cjs/loader:962:12)
    at Function.executeUserEntryPoint [as runMain] (node:internal/modules/run_main:83:12) {
  code: &apos;MODULE_NOT_FOUND&apos;,
  requireStack: [
    &apos;/Users/nitsancohen/.bvm/versions/0.2.29/bit-0.2.29/node_modules/@teambit/legacy/bin/bit.js&apos;
  ]
}

Node.js v20.3.1
" type="Error"><![CDATA[Error: Command failed: bit init
node:internal/modules/cjs/loader:1075
  throw err;
  ^

Error: Cannot find module '../node_modules/@teambit/bit/dist/app'
Require stack:
- /Users/nitsancohen/.bvm/versions/0.2.29/bit-0.2.29/node_modules/@teambit/legacy/bin/bit.js
    at Module._resolveFilename (node:internal/modules/cjs/loader:1072:15)
    at Module._load (node:internal/modules/cjs/loader:925:27)
    at Module.require (node:internal/modules/cjs/loader:1139:19)
    at require (node:internal/modules/helpers:121:18)
    at Object.<anonymous> (/Users/nitsancohen/.bvm/versions/0.2.29/bit-0.2.29/node_modules/@teambit/legacy/bin/bit.js:3:1)
    at Module._compile (node:internal/modules/cjs/loader:1257:14)
    at Module._extensions..js (node:internal/modules/cjs/loader:1311:10)
    at Module.load (node:internal/modules/cjs/loader:1115:32)
    at Module._load (node:internal/modules/cjs/loader:962:12)
    at Function.executeUserEntryPoint [as runMain] (node:internal/modules/run_main:83:12) {
  code: 'MODULE_NOT_FOUND',
  requireStack: [
    '/Users/nitsancohen/.bvm/versions/0.2.29/bit-0.2.29/node_modules/@teambit/legacy/bin/bit.js'
  ]
}

Node.js v20.3.1

    at checkExecSyncError (node:child_process:885:11)
    at Object.execSync (node:child_process:957:15)
    at CommandHelper.runCmd (src/e2e-helper/e2e-command-helper.ts:64:22)
    at ScopeHelper.initWorkspace (src/e2e-helper/e2e-scope-helper.ts:126:25)
    at ScopeHelper.reInitLocalScope (src/e2e-helper/e2e-scope-helper.ts:87:10)
    at ScopeHelper.setNewLocalAndRemoteScopes (src/e2e-helper/e2e-scope-helper.ts:141:10)
    at Context.<anonymous> (e2e/harmony/lanes/lanes.e2e.ts:1002:26)
    at processImmediate (node:internal/timers:478:21)]]></failure>
    </testcase>
  </testsuite>
  <testsuite name="multiple scopes - fork the lane, then original lane progresses and squashed to main" timestamp="2023-08-21T21:40:40" tests="3" file="/Users/nitsancohen/coding/my-bit/bit/e2e/harmony/lanes/lanes.e2e.ts" time="0.0590" failures="1">
    <testcase name="bit lane command multiple scopes - fork the lane, then original lane progresses and squashed to main &quot;before all&quot; hook for &quot;should not throw NoCommonSnap on bit status&quot;" time="0.0590" classname="&quot;before all&quot; hook for &quot;should not throw NoCommonSnap on bit status&quot;">
      <failure message="Command failed: bit init
node:internal/modules/cjs/loader:1075
  throw err;
  ^

Error: Cannot find module &apos;../node_modules/@teambit/bit/dist/app&apos;
Require stack:
- /Users/nitsancohen/.bvm/versions/0.2.29/bit-0.2.29/node_modules/@teambit/legacy/bin/bit.js
    at Module._resolveFilename (node:internal/modules/cjs/loader:1072:15)
    at Module._load (node:internal/modules/cjs/loader:925:27)
    at Module.require (node:internal/modules/cjs/loader:1139:19)
    at require (node:internal/modules/helpers:121:18)
    at Object.&lt;anonymous&gt; (/Users/nitsancohen/.bvm/versions/0.2.29/bit-0.2.29/node_modules/@teambit/legacy/bin/bit.js:3:1)
    at Module._compile (node:internal/modules/cjs/loader:1257:14)
    at Module._extensions..js (node:internal/modules/cjs/loader:1311:10)
    at Module.load (node:internal/modules/cjs/loader:1115:32)
    at Module._load (node:internal/modules/cjs/loader:962:12)
    at Function.executeUserEntryPoint [as runMain] (node:internal/modules/run_main:83:12) {
  code: &apos;MODULE_NOT_FOUND&apos;,
  requireStack: [
    &apos;/Users/nitsancohen/.bvm/versions/0.2.29/bit-0.2.29/node_modules/@teambit/legacy/bin/bit.js&apos;
  ]
}

Node.js v20.3.1
" type="Error"><![CDATA[Error: Command failed: bit init
node:internal/modules/cjs/loader:1075
  throw err;
  ^

Error: Cannot find module '../node_modules/@teambit/bit/dist/app'
Require stack:
- /Users/nitsancohen/.bvm/versions/0.2.29/bit-0.2.29/node_modules/@teambit/legacy/bin/bit.js
    at Module._resolveFilename (node:internal/modules/cjs/loader:1072:15)
    at Module._load (node:internal/modules/cjs/loader:925:27)
    at Module.require (node:internal/modules/cjs/loader:1139:19)
    at require (node:internal/modules/helpers:121:18)
    at Object.<anonymous> (/Users/nitsancohen/.bvm/versions/0.2.29/bit-0.2.29/node_modules/@teambit/legacy/bin/bit.js:3:1)
    at Module._compile (node:internal/modules/cjs/loader:1257:14)
    at Module._extensions..js (node:internal/modules/cjs/loader:1311:10)
    at Module.load (node:internal/modules/cjs/loader:1115:32)
    at Module._load (node:internal/modules/cjs/loader:962:12)
    at Function.executeUserEntryPoint [as runMain] (node:internal/modules/run_main:83:12) {
  code: 'MODULE_NOT_FOUND',
  requireStack: [
    '/Users/nitsancohen/.bvm/versions/0.2.29/bit-0.2.29/node_modules/@teambit/legacy/bin/bit.js'
  ]
}

Node.js v20.3.1

    at checkExecSyncError (node:child_process:885:11)
    at Object.execSync (node:child_process:957:15)
    at CommandHelper.runCmd (src/e2e-helper/e2e-command-helper.ts:64:22)
    at ScopeHelper.initWorkspace (src/e2e-helper/e2e-scope-helper.ts:126:25)
    at ScopeHelper.reInitLocalScope (src/e2e-helper/e2e-scope-helper.ts:87:10)
    at ScopeHelper.setNewLocalAndRemoteScopes (src/e2e-helper/e2e-scope-helper.ts:141:10)
    at Context.<anonymous> (e2e/harmony/lanes/lanes.e2e.ts:1032:26)
    at processImmediate (node:internal/timers:478:21)]]></failure>
    </testcase>
  </testsuite>
  <testsuite name="snapping and un-tagging on a lane" timestamp="2023-08-21T21:40:40" tests="2" file="/Users/nitsancohen/coding/my-bit/bit/e2e/harmony/lanes/lanes.e2e.ts" time="0.0590" failures="1">
    <testcase name="bit lane command snapping and un-tagging on a lane &quot;before all&quot; hook for &quot;bit lane show should not show the component as belong to the lane anymore&quot;" time="0.0590" classname="&quot;before all&quot; hook for &quot;bit lane show should not show the component as belong to the lane anymore&quot;">
      <failure message="Command failed: bit init
node:internal/modules/cjs/loader:1075
  throw err;
  ^

Error: Cannot find module &apos;../node_modules/@teambit/bit/dist/app&apos;
Require stack:
- /Users/nitsancohen/.bvm/versions/0.2.29/bit-0.2.29/node_modules/@teambit/legacy/bin/bit.js
    at Module._resolveFilename (node:internal/modules/cjs/loader:1072:15)
    at Module._load (node:internal/modules/cjs/loader:925:27)
    at Module.require (node:internal/modules/cjs/loader:1139:19)
    at require (node:internal/modules/helpers:121:18)
    at Object.&lt;anonymous&gt; (/Users/nitsancohen/.bvm/versions/0.2.29/bit-0.2.29/node_modules/@teambit/legacy/bin/bit.js:3:1)
    at Module._compile (node:internal/modules/cjs/loader:1257:14)
    at Module._extensions..js (node:internal/modules/cjs/loader:1311:10)
    at Module.load (node:internal/modules/cjs/loader:1115:32)
    at Module._load (node:internal/modules/cjs/loader:962:12)
    at Function.executeUserEntryPoint [as runMain] (node:internal/modules/run_main:83:12) {
  code: &apos;MODULE_NOT_FOUND&apos;,
  requireStack: [
    &apos;/Users/nitsancohen/.bvm/versions/0.2.29/bit-0.2.29/node_modules/@teambit/legacy/bin/bit.js&apos;
  ]
}

Node.js v20.3.1
" type="Error"><![CDATA[Error: Command failed: bit init
node:internal/modules/cjs/loader:1075
  throw err;
  ^

Error: Cannot find module '../node_modules/@teambit/bit/dist/app'
Require stack:
- /Users/nitsancohen/.bvm/versions/0.2.29/bit-0.2.29/node_modules/@teambit/legacy/bin/bit.js
    at Module._resolveFilename (node:internal/modules/cjs/loader:1072:15)
    at Module._load (node:internal/modules/cjs/loader:925:27)
    at Module.require (node:internal/modules/cjs/loader:1139:19)
    at require (node:internal/modules/helpers:121:18)
    at Object.<anonymous> (/Users/nitsancohen/.bvm/versions/0.2.29/bit-0.2.29/node_modules/@teambit/legacy/bin/bit.js:3:1)
    at Module._compile (node:internal/modules/cjs/loader:1257:14)
    at Module._extensions..js (node:internal/modules/cjs/loader:1311:10)
    at Module.load (node:internal/modules/cjs/loader:1115:32)
    at Module._load (node:internal/modules/cjs/loader:962:12)
    at Function.executeUserEntryPoint [as runMain] (node:internal/modules/run_main:83:12) {
  code: 'MODULE_NOT_FOUND',
  requireStack: [
    '/Users/nitsancohen/.bvm/versions/0.2.29/bit-0.2.29/node_modules/@teambit/legacy/bin/bit.js'
  ]
}

Node.js v20.3.1

    at checkExecSyncError (node:child_process:885:11)
    at Object.execSync (node:child_process:957:15)
    at CommandHelper.runCmd (src/e2e-helper/e2e-command-helper.ts:64:22)
    at ScopeHelper.initWorkspace (src/e2e-helper/e2e-scope-helper.ts:126:25)
    at ScopeHelper.reInitLocalScope (src/e2e-helper/e2e-scope-helper.ts:87:10)
    at ScopeHelper.setNewLocalAndRemoteScopes (src/e2e-helper/e2e-scope-helper.ts:141:10)
    at Context.<anonymous> (e2e/harmony/lanes/lanes.e2e.ts:1071:26)
    at processImmediate (node:internal/timers:478:21)]]></failure>
    </testcase>
  </testsuite>
  <testsuite name="bit checkout to a previous snap" timestamp="2023-08-21T21:40:40" tests="2" file="/Users/nitsancohen/coding/my-bit/bit/e2e/harmony/lanes/lanes.e2e.ts" time="0.0590" failures="1">
    <testcase name="bit lane command bit checkout to a previous snap &quot;before all&quot; hook for &quot;should not show the component as modified&quot;" time="0.0590" classname="&quot;before all&quot; hook for &quot;should not show the component as modified&quot;">
      <failure message="Command failed: bit init
node:internal/modules/cjs/loader:1075
  throw err;
  ^

Error: Cannot find module &apos;../node_modules/@teambit/bit/dist/app&apos;
Require stack:
- /Users/nitsancohen/.bvm/versions/0.2.29/bit-0.2.29/node_modules/@teambit/legacy/bin/bit.js
    at Module._resolveFilename (node:internal/modules/cjs/loader:1072:15)
    at Module._load (node:internal/modules/cjs/loader:925:27)
    at Module.require (node:internal/modules/cjs/loader:1139:19)
    at require (node:internal/modules/helpers:121:18)
    at Object.&lt;anonymous&gt; (/Users/nitsancohen/.bvm/versions/0.2.29/bit-0.2.29/node_modules/@teambit/legacy/bin/bit.js:3:1)
    at Module._compile (node:internal/modules/cjs/loader:1257:14)
    at Module._extensions..js (node:internal/modules/cjs/loader:1311:10)
    at Module.load (node:internal/modules/cjs/loader:1115:32)
    at Module._load (node:internal/modules/cjs/loader:962:12)
    at Function.executeUserEntryPoint [as runMain] (node:internal/modules/run_main:83:12) {
  code: &apos;MODULE_NOT_FOUND&apos;,
  requireStack: [
    &apos;/Users/nitsancohen/.bvm/versions/0.2.29/bit-0.2.29/node_modules/@teambit/legacy/bin/bit.js&apos;
  ]
}

Node.js v20.3.1
" type="Error"><![CDATA[Error: Command failed: bit init
node:internal/modules/cjs/loader:1075
  throw err;
  ^

Error: Cannot find module '../node_modules/@teambit/bit/dist/app'
Require stack:
- /Users/nitsancohen/.bvm/versions/0.2.29/bit-0.2.29/node_modules/@teambit/legacy/bin/bit.js
    at Module._resolveFilename (node:internal/modules/cjs/loader:1072:15)
    at Module._load (node:internal/modules/cjs/loader:925:27)
    at Module.require (node:internal/modules/cjs/loader:1139:19)
    at require (node:internal/modules/helpers:121:18)
    at Object.<anonymous> (/Users/nitsancohen/.bvm/versions/0.2.29/bit-0.2.29/node_modules/@teambit/legacy/bin/bit.js:3:1)
    at Module._compile (node:internal/modules/cjs/loader:1257:14)
    at Module._extensions..js (node:internal/modules/cjs/loader:1311:10)
    at Module.load (node:internal/modules/cjs/loader:1115:32)
    at Module._load (node:internal/modules/cjs/loader:962:12)
    at Function.executeUserEntryPoint [as runMain] (node:internal/modules/run_main:83:12) {
  code: 'MODULE_NOT_FOUND',
  requireStack: [
    '/Users/nitsancohen/.bvm/versions/0.2.29/bit-0.2.29/node_modules/@teambit/legacy/bin/bit.js'
  ]
}

Node.js v20.3.1

    at checkExecSyncError (node:child_process:885:11)
    at Object.execSync (node:child_process:957:15)
    at CommandHelper.runCmd (src/e2e-helper/e2e-command-helper.ts:64:22)
    at ScopeHelper.initWorkspace (src/e2e-helper/e2e-scope-helper.ts:126:25)
    at ScopeHelper.reInitLocalScope (src/e2e-helper/e2e-scope-helper.ts:87:10)
    at ScopeHelper.setNewLocalAndRemoteScopes (src/e2e-helper/e2e-scope-helper.ts:141:10)
    at Context.<anonymous> (e2e/harmony/lanes/lanes.e2e.ts:1122:26)
    at processImmediate (node:internal/timers:478:21)]]></failure>
    </testcase>
  </testsuite>
  <testsuite name="update components from remote lane" timestamp="2023-08-21T21:40:40" tests="0" file="/Users/nitsancohen/coding/my-bit/bit/e2e/harmony/lanes/lanes.e2e.ts" time="0.0600" failures="1">
    <testcase name="bit lane command update components from remote lane &quot;before all&quot; hook in &quot;update components from remote lane&quot;" time="0.0600" classname="&quot;before all&quot; hook in &quot;update components from remote lane&quot;">
      <failure message="Command failed: bit init
node:internal/modules/cjs/loader:1075
  throw err;
  ^

Error: Cannot find module &apos;../node_modules/@teambit/bit/dist/app&apos;
Require stack:
- /Users/nitsancohen/.bvm/versions/0.2.29/bit-0.2.29/node_modules/@teambit/legacy/bin/bit.js
    at Module._resolveFilename (node:internal/modules/cjs/loader:1072:15)
    at Module._load (node:internal/modules/cjs/loader:925:27)
    at Module.require (node:internal/modules/cjs/loader:1139:19)
    at require (node:internal/modules/helpers:121:18)
    at Object.&lt;anonymous&gt; (/Users/nitsancohen/.bvm/versions/0.2.29/bit-0.2.29/node_modules/@teambit/legacy/bin/bit.js:3:1)
    at Module._compile (node:internal/modules/cjs/loader:1257:14)
    at Module._extensions..js (node:internal/modules/cjs/loader:1311:10)
    at Module.load (node:internal/modules/cjs/loader:1115:32)
    at Module._load (node:internal/modules/cjs/loader:962:12)
    at Function.executeUserEntryPoint [as runMain] (node:internal/modules/run_main:83:12) {
  code: &apos;MODULE_NOT_FOUND&apos;,
  requireStack: [
    &apos;/Users/nitsancohen/.bvm/versions/0.2.29/bit-0.2.29/node_modules/@teambit/legacy/bin/bit.js&apos;
  ]
}

Node.js v20.3.1
" type="Error"><![CDATA[Error: Command failed: bit init
node:internal/modules/cjs/loader:1075
  throw err;
  ^

Error: Cannot find module '../node_modules/@teambit/bit/dist/app'
Require stack:
- /Users/nitsancohen/.bvm/versions/0.2.29/bit-0.2.29/node_modules/@teambit/legacy/bin/bit.js
    at Module._resolveFilename (node:internal/modules/cjs/loader:1072:15)
    at Module._load (node:internal/modules/cjs/loader:925:27)
    at Module.require (node:internal/modules/cjs/loader:1139:19)
    at require (node:internal/modules/helpers:121:18)
    at Object.<anonymous> (/Users/nitsancohen/.bvm/versions/0.2.29/bit-0.2.29/node_modules/@teambit/legacy/bin/bit.js:3:1)
    at Module._compile (node:internal/modules/cjs/loader:1257:14)
    at Module._extensions..js (node:internal/modules/cjs/loader:1311:10)
    at Module.load (node:internal/modules/cjs/loader:1115:32)
    at Module._load (node:internal/modules/cjs/loader:962:12)
    at Function.executeUserEntryPoint [as runMain] (node:internal/modules/run_main:83:12) {
  code: 'MODULE_NOT_FOUND',
  requireStack: [
    '/Users/nitsancohen/.bvm/versions/0.2.29/bit-0.2.29/node_modules/@teambit/legacy/bin/bit.js'
  ]
}

Node.js v20.3.1

    at checkExecSyncError (node:child_process:885:11)
    at Object.execSync (node:child_process:957:15)
    at CommandHelper.runCmd (src/e2e-helper/e2e-command-helper.ts:64:22)
    at ScopeHelper.initWorkspace (src/e2e-helper/e2e-scope-helper.ts:126:25)
    at ScopeHelper.reInitLocalScope (src/e2e-helper/e2e-scope-helper.ts:87:10)
    at ScopeHelper.setNewLocalAndRemoteScopes (src/e2e-helper/e2e-scope-helper.ts:141:10)
    at Context.<anonymous> (e2e/harmony/lanes/lanes.e2e.ts:1149:26)
    at processImmediate (node:internal/timers:478:21)]]></failure>
    </testcase>
  </testsuite>
  <testsuite name="rename an exported lane" timestamp="2023-08-21T21:40:40" tests="3" file="/Users/nitsancohen/coding/my-bit/bit/e2e/harmony/lanes/lanes.e2e.ts" time="0.0870" failures="1">
    <testcase name="bit lane command rename an exported lane &quot;before all&quot; hook for &quot;should rename the lane locally&quot;" time="0.0870" classname="&quot;before all&quot; hook for &quot;should rename the lane locally&quot;">
      <failure message="Command failed: bit init
node:internal/modules/cjs/loader:1075
  throw err;
  ^

Error: Cannot find module &apos;../node_modules/@teambit/bit/dist/app&apos;
Require stack:
- /Users/nitsancohen/.bvm/versions/0.2.29/bit-0.2.29/node_modules/@teambit/legacy/bin/bit.js
    at Module._resolveFilename (node:internal/modules/cjs/loader:1072:15)
    at Module._load (node:internal/modules/cjs/loader:925:27)
    at Module.require (node:internal/modules/cjs/loader:1139:19)
    at require (node:internal/modules/helpers:121:18)
    at Object.&lt;anonymous&gt; (/Users/nitsancohen/.bvm/versions/0.2.29/bit-0.2.29/node_modules/@teambit/legacy/bin/bit.js:3:1)
    at Module._compile (node:internal/modules/cjs/loader:1257:14)
    at Module._extensions..js (node:internal/modules/cjs/loader:1311:10)
    at Module.load (node:internal/modules/cjs/loader:1115:32)
    at Module._load (node:internal/modules/cjs/loader:962:12)
    at Function.executeUserEntryPoint [as runMain] (node:internal/modules/run_main:83:12) {
  code: &apos;MODULE_NOT_FOUND&apos;,
  requireStack: [
    &apos;/Users/nitsancohen/.bvm/versions/0.2.29/bit-0.2.29/node_modules/@teambit/legacy/bin/bit.js&apos;
  ]
}

Node.js v20.3.1
" type="Error"><![CDATA[Error: Command failed: bit init
node:internal/modules/cjs/loader:1075
  throw err;
  ^

Error: Cannot find module '../node_modules/@teambit/bit/dist/app'
Require stack:
- /Users/nitsancohen/.bvm/versions/0.2.29/bit-0.2.29/node_modules/@teambit/legacy/bin/bit.js
    at Module._resolveFilename (node:internal/modules/cjs/loader:1072:15)
    at Module._load (node:internal/modules/cjs/loader:925:27)
    at Module.require (node:internal/modules/cjs/loader:1139:19)
    at require (node:internal/modules/helpers:121:18)
    at Object.<anonymous> (/Users/nitsancohen/.bvm/versions/0.2.29/bit-0.2.29/node_modules/@teambit/legacy/bin/bit.js:3:1)
    at Module._compile (node:internal/modules/cjs/loader:1257:14)
    at Module._extensions..js (node:internal/modules/cjs/loader:1311:10)
    at Module.load (node:internal/modules/cjs/loader:1115:32)
    at Module._load (node:internal/modules/cjs/loader:962:12)
    at Function.executeUserEntryPoint [as runMain] (node:internal/modules/run_main:83:12) {
  code: 'MODULE_NOT_FOUND',
  requireStack: [
    '/Users/nitsancohen/.bvm/versions/0.2.29/bit-0.2.29/node_modules/@teambit/legacy/bin/bit.js'
  ]
}

Node.js v20.3.1

    at checkExecSyncError (node:child_process:885:11)
    at Object.execSync (node:child_process:957:15)
    at CommandHelper.runCmd (src/e2e-helper/e2e-command-helper.ts:64:22)
    at ScopeHelper.initWorkspace (src/e2e-helper/e2e-scope-helper.ts:126:25)
    at ScopeHelper.reInitLocalScope (src/e2e-helper/e2e-scope-helper.ts:87:10)
    at ScopeHelper.setNewLocalAndRemoteScopes (src/e2e-helper/e2e-scope-helper.ts:141:10)
    at Context.<anonymous> (e2e/harmony/lanes/lanes.e2e.ts:1225:26)
    at processImmediate (node:internal/timers:478:21)]]></failure>
    </testcase>
  </testsuite>
  <testsuite name="export on main then on a lane" timestamp="2023-08-21T21:40:40" tests="1" file="/Users/nitsancohen/coding/my-bit/bit/e2e/harmony/lanes/lanes.e2e.ts" time="0.0600" failures="1">
    <testcase name="bit lane command export on main then on a lane &quot;before all&quot; hook for &quot;bit status should not complain about outdated objects&quot;" time="0.0600" classname="&quot;before all&quot; hook for &quot;bit status should not complain about outdated objects&quot;">
      <failure message="Command failed: bit init
node:internal/modules/cjs/loader:1075
  throw err;
  ^

Error: Cannot find module &apos;../node_modules/@teambit/bit/dist/app&apos;
Require stack:
- /Users/nitsancohen/.bvm/versions/0.2.29/bit-0.2.29/node_modules/@teambit/legacy/bin/bit.js
    at Module._resolveFilename (node:internal/modules/cjs/loader:1072:15)
    at Module._load (node:internal/modules/cjs/loader:925:27)
    at Module.require (node:internal/modules/cjs/loader:1139:19)
    at require (node:internal/modules/helpers:121:18)
    at Object.&lt;anonymous&gt; (/Users/nitsancohen/.bvm/versions/0.2.29/bit-0.2.29/node_modules/@teambit/legacy/bin/bit.js:3:1)
    at Module._compile (node:internal/modules/cjs/loader:1257:14)
    at Module._extensions..js (node:internal/modules/cjs/loader:1311:10)
    at Module.load (node:internal/modules/cjs/loader:1115:32)
    at Module._load (node:internal/modules/cjs/loader:962:12)
    at Function.executeUserEntryPoint [as runMain] (node:internal/modules/run_main:83:12) {
  code: &apos;MODULE_NOT_FOUND&apos;,
  requireStack: [
    &apos;/Users/nitsancohen/.bvm/versions/0.2.29/bit-0.2.29/node_modules/@teambit/legacy/bin/bit.js&apos;
  ]
}

Node.js v20.3.1
" type="Error"><![CDATA[Error: Command failed: bit init
node:internal/modules/cjs/loader:1075
  throw err;
  ^

Error: Cannot find module '../node_modules/@teambit/bit/dist/app'
Require stack:
- /Users/nitsancohen/.bvm/versions/0.2.29/bit-0.2.29/node_modules/@teambit/legacy/bin/bit.js
    at Module._resolveFilename (node:internal/modules/cjs/loader:1072:15)
    at Module._load (node:internal/modules/cjs/loader:925:27)
    at Module.require (node:internal/modules/cjs/loader:1139:19)
    at require (node:internal/modules/helpers:121:18)
    at Object.<anonymous> (/Users/nitsancohen/.bvm/versions/0.2.29/bit-0.2.29/node_modules/@teambit/legacy/bin/bit.js:3:1)
    at Module._compile (node:internal/modules/cjs/loader:1257:14)
    at Module._extensions..js (node:internal/modules/cjs/loader:1311:10)
    at Module.load (node:internal/modules/cjs/loader:1115:32)
    at Module._load (node:internal/modules/cjs/loader:962:12)
    at Function.executeUserEntryPoint [as runMain] (node:internal/modules/run_main:83:12) {
  code: 'MODULE_NOT_FOUND',
  requireStack: [
    '/Users/nitsancohen/.bvm/versions/0.2.29/bit-0.2.29/node_modules/@teambit/legacy/bin/bit.js'
  ]
}

Node.js v20.3.1

    at checkExecSyncError (node:child_process:885:11)
    at Object.execSync (node:child_process:957:15)
    at CommandHelper.runCmd (src/e2e-helper/e2e-command-helper.ts:64:22)
    at ScopeHelper.initWorkspace (src/e2e-helper/e2e-scope-helper.ts:126:25)
    at ScopeHelper.reInitLocalScope (src/e2e-helper/e2e-scope-helper.ts:87:10)
    at ScopeHelper.setNewLocalAndRemoteScopes (src/e2e-helper/e2e-scope-helper.ts:141:10)
    at Context.<anonymous> (e2e/harmony/lanes/lanes.e2e.ts:1249:26)
    at processImmediate (node:internal/timers:478:21)]]></failure>
    </testcase>
  </testsuite>
  <testsuite name="deleting the local scope after exporting a lane" timestamp="2023-08-21T21:40:40" tests="2" file="/Users/nitsancohen/coding/my-bit/bit/e2e/harmony/lanes/lanes.e2e.ts" time="0.0630" failures="1">
    <testcase name="bit lane command deleting the local scope after exporting a lane &quot;before all&quot; hook for &quot;should re-create scope.json with checkout to the lane specified in the .bitmap file&quot;" time="0.0630" classname="&quot;before all&quot; hook for &quot;should re-create scope.json with checkout to the lane specified in the .bitmap file&quot;">
      <failure message="Command failed: bit init
node:internal/modules/cjs/loader:1075
  throw err;
  ^

Error: Cannot find module &apos;../node_modules/@teambit/bit/dist/app&apos;
Require stack:
- /Users/nitsancohen/.bvm/versions/0.2.29/bit-0.2.29/node_modules/@teambit/legacy/bin/bit.js
    at Module._resolveFilename (node:internal/modules/cjs/loader:1072:15)
    at Module._load (node:internal/modules/cjs/loader:925:27)
    at Module.require (node:internal/modules/cjs/loader:1139:19)
    at require (node:internal/modules/helpers:121:18)
    at Object.&lt;anonymous&gt; (/Users/nitsancohen/.bvm/versions/0.2.29/bit-0.2.29/node_modules/@teambit/legacy/bin/bit.js:3:1)
    at Module._compile (node:internal/modules/cjs/loader:1257:14)
    at Module._extensions..js (node:internal/modules/cjs/loader:1311:10)
    at Module.load (node:internal/modules/cjs/loader:1115:32)
    at Module._load (node:internal/modules/cjs/loader:962:12)
    at Function.executeUserEntryPoint [as runMain] (node:internal/modules/run_main:83:12) {
  code: &apos;MODULE_NOT_FOUND&apos;,
  requireStack: [
    &apos;/Users/nitsancohen/.bvm/versions/0.2.29/bit-0.2.29/node_modules/@teambit/legacy/bin/bit.js&apos;
  ]
}

Node.js v20.3.1
" type="Error"><![CDATA[Error: Command failed: bit init
node:internal/modules/cjs/loader:1075
  throw err;
  ^

Error: Cannot find module '../node_modules/@teambit/bit/dist/app'
Require stack:
- /Users/nitsancohen/.bvm/versions/0.2.29/bit-0.2.29/node_modules/@teambit/legacy/bin/bit.js
    at Module._resolveFilename (node:internal/modules/cjs/loader:1072:15)
    at Module._load (node:internal/modules/cjs/loader:925:27)
    at Module.require (node:internal/modules/cjs/loader:1139:19)
    at require (node:internal/modules/helpers:121:18)
    at Object.<anonymous> (/Users/nitsancohen/.bvm/versions/0.2.29/bit-0.2.29/node_modules/@teambit/legacy/bin/bit.js:3:1)
    at Module._compile (node:internal/modules/cjs/loader:1257:14)
    at Module._extensions..js (node:internal/modules/cjs/loader:1311:10)
    at Module.load (node:internal/modules/cjs/loader:1115:32)
    at Module._load (node:internal/modules/cjs/loader:962:12)
    at Function.executeUserEntryPoint [as runMain] (node:internal/modules/run_main:83:12) {
  code: 'MODULE_NOT_FOUND',
  requireStack: [
    '/Users/nitsancohen/.bvm/versions/0.2.29/bit-0.2.29/node_modules/@teambit/legacy/bin/bit.js'
  ]
}

Node.js v20.3.1

    at checkExecSyncError (node:child_process:885:11)
    at Object.execSync (node:child_process:957:15)
    at CommandHelper.runCmd (src/e2e-helper/e2e-command-helper.ts:64:22)
    at ScopeHelper.initWorkspace (src/e2e-helper/e2e-scope-helper.ts:126:25)
    at ScopeHelper.reInitLocalScope (src/e2e-helper/e2e-scope-helper.ts:87:10)
    at ScopeHelper.setNewLocalAndRemoteScopes (src/e2e-helper/e2e-scope-helper.ts:141:10)
    at Context.<anonymous> (e2e/harmony/lanes/lanes.e2e.ts:1274:26)
    at processImmediate (node:internal/timers:478:21)]]></failure>
    </testcase>
  </testsuite>
  <testsuite name="lane-a =&gt; lane-b" timestamp="2023-08-21T21:40:41" tests="1" file="/Users/nitsancohen/coding/my-bit/bit/e2e/harmony/lanes/lanes.e2e.ts" time="0.0610" failures="1">
    <testcase name="bit lane command lane-a =&gt; lane-b &quot;before all&quot; hook for &quot;bit status should be clean&quot;" time="0.0610" classname="&quot;before all&quot; hook for &quot;bit status should be clean&quot;">
      <failure message="Command failed: bit init
node:internal/modules/cjs/loader:1075
  throw err;
  ^

Error: Cannot find module &apos;../node_modules/@teambit/bit/dist/app&apos;
Require stack:
- /Users/nitsancohen/.bvm/versions/0.2.29/bit-0.2.29/node_modules/@teambit/legacy/bin/bit.js
    at Module._resolveFilename (node:internal/modules/cjs/loader:1072:15)
    at Module._load (node:internal/modules/cjs/loader:925:27)
    at Module.require (node:internal/modules/cjs/loader:1139:19)
    at require (node:internal/modules/helpers:121:18)
    at Object.&lt;anonymous&gt; (/Users/nitsancohen/.bvm/versions/0.2.29/bit-0.2.29/node_modules/@teambit/legacy/bin/bit.js:3:1)
    at Module._compile (node:internal/modules/cjs/loader:1257:14)
    at Module._extensions..js (node:internal/modules/cjs/loader:1311:10)
    at Module.load (node:internal/modules/cjs/loader:1115:32)
    at Module._load (node:internal/modules/cjs/loader:962:12)
    at Function.executeUserEntryPoint [as runMain] (node:internal/modules/run_main:83:12) {
  code: &apos;MODULE_NOT_FOUND&apos;,
  requireStack: [
    &apos;/Users/nitsancohen/.bvm/versions/0.2.29/bit-0.2.29/node_modules/@teambit/legacy/bin/bit.js&apos;
  ]
}

Node.js v20.3.1
" type="Error"><![CDATA[Error: Command failed: bit init
node:internal/modules/cjs/loader:1075
  throw err;
  ^

Error: Cannot find module '../node_modules/@teambit/bit/dist/app'
Require stack:
- /Users/nitsancohen/.bvm/versions/0.2.29/bit-0.2.29/node_modules/@teambit/legacy/bin/bit.js
    at Module._resolveFilename (node:internal/modules/cjs/loader:1072:15)
    at Module._load (node:internal/modules/cjs/loader:925:27)
    at Module.require (node:internal/modules/cjs/loader:1139:19)
    at require (node:internal/modules/helpers:121:18)
    at Object.<anonymous> (/Users/nitsancohen/.bvm/versions/0.2.29/bit-0.2.29/node_modules/@teambit/legacy/bin/bit.js:3:1)
    at Module._compile (node:internal/modules/cjs/loader:1257:14)
    at Module._extensions..js (node:internal/modules/cjs/loader:1311:10)
    at Module.load (node:internal/modules/cjs/loader:1115:32)
    at Module._load (node:internal/modules/cjs/loader:962:12)
    at Function.executeUserEntryPoint [as runMain] (node:internal/modules/run_main:83:12) {
  code: 'MODULE_NOT_FOUND',
  requireStack: [
    '/Users/nitsancohen/.bvm/versions/0.2.29/bit-0.2.29/node_modules/@teambit/legacy/bin/bit.js'
  ]
}

Node.js v20.3.1

    at checkExecSyncError (node:child_process:885:11)
    at Object.execSync (node:child_process:957:15)
    at CommandHelper.runCmd (src/e2e-helper/e2e-command-helper.ts:64:22)
    at ScopeHelper.initWorkspace (src/e2e-helper/e2e-scope-helper.ts:126:25)
    at ScopeHelper.reInitLocalScope (src/e2e-helper/e2e-scope-helper.ts:87:10)
    at ScopeHelper.setNewLocalAndRemoteScopes (src/e2e-helper/e2e-scope-helper.ts:141:10)
    at Context.<anonymous> (e2e/harmony/lanes/lanes.e2e.ts:1292:26)
    at processImmediate (node:internal/timers:478:21)]]></failure>
    </testcase>
  </testsuite>
  <testsuite name="head on the lane is not in the filesystem" timestamp="2023-08-21T21:40:41" tests="1" file="/Users/nitsancohen/coding/my-bit/bit/e2e/harmony/lanes/lanes.e2e.ts" time="0.0600" failures="1">
    <testcase name="bit lane command head on the lane is not in the filesystem &quot;before all&quot; hook for &quot;bit status should not throw&quot;" time="0.0600" classname="&quot;before all&quot; hook for &quot;bit status should not throw&quot;">
      <failure message="Command failed: bit init
node:internal/modules/cjs/loader:1075
  throw err;
  ^

Error: Cannot find module &apos;../node_modules/@teambit/bit/dist/app&apos;
Require stack:
- /Users/nitsancohen/.bvm/versions/0.2.29/bit-0.2.29/node_modules/@teambit/legacy/bin/bit.js
    at Module._resolveFilename (node:internal/modules/cjs/loader:1072:15)
    at Module._load (node:internal/modules/cjs/loader:925:27)
    at Module.require (node:internal/modules/cjs/loader:1139:19)
    at require (node:internal/modules/helpers:121:18)
    at Object.&lt;anonymous&gt; (/Users/nitsancohen/.bvm/versions/0.2.29/bit-0.2.29/node_modules/@teambit/legacy/bin/bit.js:3:1)
    at Module._compile (node:internal/modules/cjs/loader:1257:14)
    at Module._extensions..js (node:internal/modules/cjs/loader:1311:10)
    at Module.load (node:internal/modules/cjs/loader:1115:32)
    at Module._load (node:internal/modules/cjs/loader:962:12)
    at Function.executeUserEntryPoint [as runMain] (node:internal/modules/run_main:83:12) {
  code: &apos;MODULE_NOT_FOUND&apos;,
  requireStack: [
    &apos;/Users/nitsancohen/.bvm/versions/0.2.29/bit-0.2.29/node_modules/@teambit/legacy/bin/bit.js&apos;
  ]
}

Node.js v20.3.1
" type="Error"><![CDATA[Error: Command failed: bit init
node:internal/modules/cjs/loader:1075
  throw err;
  ^

Error: Cannot find module '../node_modules/@teambit/bit/dist/app'
Require stack:
- /Users/nitsancohen/.bvm/versions/0.2.29/bit-0.2.29/node_modules/@teambit/legacy/bin/bit.js
    at Module._resolveFilename (node:internal/modules/cjs/loader:1072:15)
    at Module._load (node:internal/modules/cjs/loader:925:27)
    at Module.require (node:internal/modules/cjs/loader:1139:19)
    at require (node:internal/modules/helpers:121:18)
    at Object.<anonymous> (/Users/nitsancohen/.bvm/versions/0.2.29/bit-0.2.29/node_modules/@teambit/legacy/bin/bit.js:3:1)
    at Module._compile (node:internal/modules/cjs/loader:1257:14)
    at Module._extensions..js (node:internal/modules/cjs/loader:1311:10)
    at Module.load (node:internal/modules/cjs/loader:1115:32)
    at Module._load (node:internal/modules/cjs/loader:962:12)
    at Function.executeUserEntryPoint [as runMain] (node:internal/modules/run_main:83:12) {
  code: 'MODULE_NOT_FOUND',
  requireStack: [
    '/Users/nitsancohen/.bvm/versions/0.2.29/bit-0.2.29/node_modules/@teambit/legacy/bin/bit.js'
  ]
}

Node.js v20.3.1

    at checkExecSyncError (node:child_process:885:11)
    at Object.execSync (node:child_process:957:15)
    at CommandHelper.runCmd (src/e2e-helper/e2e-command-helper.ts:64:22)
    at ScopeHelper.initWorkspace (src/e2e-helper/e2e-scope-helper.ts:126:25)
    at ScopeHelper.reInitLocalScope (src/e2e-helper/e2e-scope-helper.ts:87:10)
    at ScopeHelper.setNewLocalAndRemoteScopes (src/e2e-helper/e2e-scope-helper.ts:141:10)
    at Context.<anonymous> (e2e/harmony/lanes/lanes.e2e.ts:1328:26)
    at processImmediate (node:internal/timers:478:21)]]></failure>
    </testcase>
  </testsuite>
  <testsuite name="export when previous versions have deleted dependencies" timestamp="2023-08-21T21:40:41" tests="1" file="/Users/nitsancohen/coding/my-bit/bit/e2e/harmony/lanes/lanes.e2e.ts" time="0.0600" failures="1">
    <testcase name="bit lane command export when previous versions have deleted dependencies &quot;before all&quot; hook for &quot;should not throw ComponentNotFound on export&quot;" time="0.0600" classname="&quot;before all&quot; hook for &quot;should not throw ComponentNotFound on export&quot;">
      <failure message="Command failed: bit init
node:internal/modules/cjs/loader:1075
  throw err;
  ^

Error: Cannot find module &apos;../node_modules/@teambit/bit/dist/app&apos;
Require stack:
- /Users/nitsancohen/.bvm/versions/0.2.29/bit-0.2.29/node_modules/@teambit/legacy/bin/bit.js
    at Module._resolveFilename (node:internal/modules/cjs/loader:1072:15)
    at Module._load (node:internal/modules/cjs/loader:925:27)
    at Module.require (node:internal/modules/cjs/loader:1139:19)
    at require (node:internal/modules/helpers:121:18)
    at Object.&lt;anonymous&gt; (/Users/nitsancohen/.bvm/versions/0.2.29/bit-0.2.29/node_modules/@teambit/legacy/bin/bit.js:3:1)
    at Module._compile (node:internal/modules/cjs/loader:1257:14)
    at Module._extensions..js (node:internal/modules/cjs/loader:1311:10)
    at Module.load (node:internal/modules/cjs/loader:1115:32)
    at Module._load (node:internal/modules/cjs/loader:962:12)
    at Function.executeUserEntryPoint [as runMain] (node:internal/modules/run_main:83:12) {
  code: &apos;MODULE_NOT_FOUND&apos;,
  requireStack: [
    &apos;/Users/nitsancohen/.bvm/versions/0.2.29/bit-0.2.29/node_modules/@teambit/legacy/bin/bit.js&apos;
  ]
}

Node.js v20.3.1
" type="Error"><![CDATA[Error: Command failed: bit init
node:internal/modules/cjs/loader:1075
  throw err;
  ^

Error: Cannot find module '../node_modules/@teambit/bit/dist/app'
Require stack:
- /Users/nitsancohen/.bvm/versions/0.2.29/bit-0.2.29/node_modules/@teambit/legacy/bin/bit.js
    at Module._resolveFilename (node:internal/modules/cjs/loader:1072:15)
    at Module._load (node:internal/modules/cjs/loader:925:27)
    at Module.require (node:internal/modules/cjs/loader:1139:19)
    at require (node:internal/modules/helpers:121:18)
    at Object.<anonymous> (/Users/nitsancohen/.bvm/versions/0.2.29/bit-0.2.29/node_modules/@teambit/legacy/bin/bit.js:3:1)
    at Module._compile (node:internal/modules/cjs/loader:1257:14)
    at Module._extensions..js (node:internal/modules/cjs/loader:1311:10)
    at Module.load (node:internal/modules/cjs/loader:1115:32)
    at Module._load (node:internal/modules/cjs/loader:962:12)
    at Function.executeUserEntryPoint [as runMain] (node:internal/modules/run_main:83:12) {
  code: 'MODULE_NOT_FOUND',
  requireStack: [
    '/Users/nitsancohen/.bvm/versions/0.2.29/bit-0.2.29/node_modules/@teambit/legacy/bin/bit.js'
  ]
}

Node.js v20.3.1

    at checkExecSyncError (node:child_process:885:11)
    at Object.execSync (node:child_process:957:15)
    at CommandHelper.runCmd (src/e2e-helper/e2e-command-helper.ts:64:22)
    at ScopeHelper.initWorkspace (src/e2e-helper/e2e-scope-helper.ts:126:25)
    at ScopeHelper.reInitLocalScope (src/e2e-helper/e2e-scope-helper.ts:87:10)
    at ScopeHelper.setNewLocalAndRemoteScopes (src/e2e-helper/e2e-scope-helper.ts:141:10)
    at Context.<anonymous> (e2e/harmony/lanes/lanes.e2e.ts:1343:26)
    at processImmediate (node:internal/timers:478:21)]]></failure>
    </testcase>
  </testsuite>
  <testsuite name="some components are on a lane some are not" timestamp="2023-08-21T21:40:41" tests="2" file="/Users/nitsancohen/coding/my-bit/bit/e2e/harmony/lanes/lanes.e2e.ts" time="0.0600" failures="1">
    <testcase name="bit lane command some components are on a lane some are not &quot;before all&quot; hook for &quot;bit list should not show components from the lanes&quot;" time="0.0600" classname="&quot;before all&quot; hook for &quot;bit list should not show components from the lanes&quot;">
      <failure message="Command failed: bit init
node:internal/modules/cjs/loader:1075
  throw err;
  ^

Error: Cannot find module &apos;../node_modules/@teambit/bit/dist/app&apos;
Require stack:
- /Users/nitsancohen/.bvm/versions/0.2.29/bit-0.2.29/node_modules/@teambit/legacy/bin/bit.js
    at Module._resolveFilename (node:internal/modules/cjs/loader:1072:15)
    at Module._load (node:internal/modules/cjs/loader:925:27)
    at Module.require (node:internal/modules/cjs/loader:1139:19)
    at require (node:internal/modules/helpers:121:18)
    at Object.&lt;anonymous&gt; (/Users/nitsancohen/.bvm/versions/0.2.29/bit-0.2.29/node_modules/@teambit/legacy/bin/bit.js:3:1)
    at Module._compile (node:internal/modules/cjs/loader:1257:14)
    at Module._extensions..js (node:internal/modules/cjs/loader:1311:10)
    at Module.load (node:internal/modules/cjs/loader:1115:32)
    at Module._load (node:internal/modules/cjs/loader:962:12)
    at Function.executeUserEntryPoint [as runMain] (node:internal/modules/run_main:83:12) {
  code: &apos;MODULE_NOT_FOUND&apos;,
  requireStack: [
    &apos;/Users/nitsancohen/.bvm/versions/0.2.29/bit-0.2.29/node_modules/@teambit/legacy/bin/bit.js&apos;
  ]
}

Node.js v20.3.1
" type="Error"><![CDATA[Error: Command failed: bit init
node:internal/modules/cjs/loader:1075
  throw err;
  ^

Error: Cannot find module '../node_modules/@teambit/bit/dist/app'
Require stack:
- /Users/nitsancohen/.bvm/versions/0.2.29/bit-0.2.29/node_modules/@teambit/legacy/bin/bit.js
    at Module._resolveFilename (node:internal/modules/cjs/loader:1072:15)
    at Module._load (node:internal/modules/cjs/loader:925:27)
    at Module.require (node:internal/modules/cjs/loader:1139:19)
    at require (node:internal/modules/helpers:121:18)
    at Object.<anonymous> (/Users/nitsancohen/.bvm/versions/0.2.29/bit-0.2.29/node_modules/@teambit/legacy/bin/bit.js:3:1)
    at Module._compile (node:internal/modules/cjs/loader:1257:14)
    at Module._extensions..js (node:internal/modules/cjs/loader:1311:10)
    at Module.load (node:internal/modules/cjs/loader:1115:32)
    at Module._load (node:internal/modules/cjs/loader:962:12)
    at Function.executeUserEntryPoint [as runMain] (node:internal/modules/run_main:83:12) {
  code: 'MODULE_NOT_FOUND',
  requireStack: [
    '/Users/nitsancohen/.bvm/versions/0.2.29/bit-0.2.29/node_modules/@teambit/legacy/bin/bit.js'
  ]
}

Node.js v20.3.1

    at checkExecSyncError (node:child_process:885:11)
    at Object.execSync (node:child_process:957:15)
    at CommandHelper.runCmd (src/e2e-helper/e2e-command-helper.ts:64:22)
    at ScopeHelper.initWorkspace (src/e2e-helper/e2e-scope-helper.ts:126:25)
    at ScopeHelper.reInitLocalScope (src/e2e-helper/e2e-scope-helper.ts:87:10)
    at ScopeHelper.setNewLocalAndRemoteScopes (src/e2e-helper/e2e-scope-helper.ts:141:10)
    at Context.<anonymous> (e2e/harmony/lanes/lanes.e2e.ts:1361:26)
    at processImmediate (node:internal/timers:478:21)]]></failure>
    </testcase>
  </testsuite>
  <testsuite name="export on lane with tiny cache" timestamp="2023-08-21T21:40:41" tests="1" file="/Users/nitsancohen/coding/my-bit/bit/e2e/harmony/lanes/lanes.e2e.ts" time="0.1210" failures="2">
    <testcase name="bit lane command export on lane with tiny cache &quot;before all&quot; hook for &quot;should not throw&quot;" time="0.0610" classname="&quot;before all&quot; hook for &quot;should not throw&quot;">
      <failure message="Command failed: bit init
node:internal/modules/cjs/loader:1075
  throw err;
  ^

Error: Cannot find module &apos;../node_modules/@teambit/bit/dist/app&apos;
Require stack:
- /Users/nitsancohen/.bvm/versions/0.2.29/bit-0.2.29/node_modules/@teambit/legacy/bin/bit.js
    at Module._resolveFilename (node:internal/modules/cjs/loader:1072:15)
    at Module._load (node:internal/modules/cjs/loader:925:27)
    at Module.require (node:internal/modules/cjs/loader:1139:19)
    at require (node:internal/modules/helpers:121:18)
    at Object.&lt;anonymous&gt; (/Users/nitsancohen/.bvm/versions/0.2.29/bit-0.2.29/node_modules/@teambit/legacy/bin/bit.js:3:1)
    at Module._compile (node:internal/modules/cjs/loader:1257:14)
    at Module._extensions..js (node:internal/modules/cjs/loader:1311:10)
    at Module.load (node:internal/modules/cjs/loader:1115:32)
    at Module._load (node:internal/modules/cjs/loader:962:12)
    at Function.executeUserEntryPoint [as runMain] (node:internal/modules/run_main:83:12) {
  code: &apos;MODULE_NOT_FOUND&apos;,
  requireStack: [
    &apos;/Users/nitsancohen/.bvm/versions/0.2.29/bit-0.2.29/node_modules/@teambit/legacy/bin/bit.js&apos;
  ]
}

Node.js v20.3.1
" type="Error"><![CDATA[Error: Command failed: bit init
node:internal/modules/cjs/loader:1075
  throw err;
  ^

Error: Cannot find module '../node_modules/@teambit/bit/dist/app'
Require stack:
- /Users/nitsancohen/.bvm/versions/0.2.29/bit-0.2.29/node_modules/@teambit/legacy/bin/bit.js
    at Module._resolveFilename (node:internal/modules/cjs/loader:1072:15)
    at Module._load (node:internal/modules/cjs/loader:925:27)
    at Module.require (node:internal/modules/cjs/loader:1139:19)
    at require (node:internal/modules/helpers:121:18)
    at Object.<anonymous> (/Users/nitsancohen/.bvm/versions/0.2.29/bit-0.2.29/node_modules/@teambit/legacy/bin/bit.js:3:1)
    at Module._compile (node:internal/modules/cjs/loader:1257:14)
    at Module._extensions..js (node:internal/modules/cjs/loader:1311:10)
    at Module.load (node:internal/modules/cjs/loader:1115:32)
    at Module._load (node:internal/modules/cjs/loader:962:12)
    at Function.executeUserEntryPoint [as runMain] (node:internal/modules/run_main:83:12) {
  code: 'MODULE_NOT_FOUND',
  requireStack: [
    '/Users/nitsancohen/.bvm/versions/0.2.29/bit-0.2.29/node_modules/@teambit/legacy/bin/bit.js'
  ]
}

Node.js v20.3.1

    at checkExecSyncError (node:child_process:885:11)
    at Object.execSync (node:child_process:957:15)
    at CommandHelper.runCmd (src/e2e-helper/e2e-command-helper.ts:64:22)
    at ScopeHelper.initWorkspace (src/e2e-helper/e2e-scope-helper.ts:126:25)
    at ScopeHelper.reInitLocalScope (src/e2e-helper/e2e-scope-helper.ts:87:10)
    at ScopeHelper.setNewLocalAndRemoteScopes (src/e2e-helper/e2e-scope-helper.ts:141:10)
    at Context.<anonymous> (e2e/harmony/lanes/lanes.e2e.ts:1382:26)
    at processImmediate (node:internal/timers:478:21)]]></failure>
    </testcase>
    <testcase name="bit lane command export on lane with tiny cache &quot;after all&quot; hook for &quot;should not throw&quot;" time="0.0600" classname="&quot;after all&quot; hook for &quot;should not throw&quot;">
      <failure message="Command failed: bit config del cache.max.objects
node:internal/modules/cjs/loader:1075
  throw err;
  ^

Error: Cannot find module &apos;../node_modules/@teambit/bit/dist/app&apos;
Require stack:
- /Users/nitsancohen/.bvm/versions/0.2.29/bit-0.2.29/node_modules/@teambit/legacy/bin/bit.js
    at Module._resolveFilename (node:internal/modules/cjs/loader:1072:15)
    at Module._load (node:internal/modules/cjs/loader:925:27)
    at Module.require (node:internal/modules/cjs/loader:1139:19)
    at require (node:internal/modules/helpers:121:18)
    at Object.&lt;anonymous&gt; (/Users/nitsancohen/.bvm/versions/0.2.29/bit-0.2.29/node_modules/@teambit/legacy/bin/bit.js:3:1)
    at Module._compile (node:internal/modules/cjs/loader:1257:14)
    at Module._extensions..js (node:internal/modules/cjs/loader:1311:10)
    at Module.load (node:internal/modules/cjs/loader:1115:32)
    at Module._load (node:internal/modules/cjs/loader:962:12)
    at Function.executeUserEntryPoint [as runMain] (node:internal/modules/run_main:83:12) {
  code: &apos;MODULE_NOT_FOUND&apos;,
  requireStack: [
    &apos;/Users/nitsancohen/.bvm/versions/0.2.29/bit-0.2.29/node_modules/@teambit/legacy/bin/bit.js&apos;
  ]
}

Node.js v20.3.1
" type="Error"><![CDATA[Error: Command failed: bit config del cache.max.objects
node:internal/modules/cjs/loader:1075
  throw err;
  ^

Error: Cannot find module '../node_modules/@teambit/bit/dist/app'
Require stack:
- /Users/nitsancohen/.bvm/versions/0.2.29/bit-0.2.29/node_modules/@teambit/legacy/bin/bit.js
    at Module._resolveFilename (node:internal/modules/cjs/loader:1072:15)
    at Module._load (node:internal/modules/cjs/loader:925:27)
    at Module.require (node:internal/modules/cjs/loader:1139:19)
    at require (node:internal/modules/helpers:121:18)
    at Object.<anonymous> (/Users/nitsancohen/.bvm/versions/0.2.29/bit-0.2.29/node_modules/@teambit/legacy/bin/bit.js:3:1)
    at Module._compile (node:internal/modules/cjs/loader:1257:14)
    at Module._extensions..js (node:internal/modules/cjs/loader:1311:10)
    at Module.load (node:internal/modules/cjs/loader:1115:32)
    at Module._load (node:internal/modules/cjs/loader:962:12)
    at Function.executeUserEntryPoint [as runMain] (node:internal/modules/run_main:83:12) {
  code: 'MODULE_NOT_FOUND',
  requireStack: [
    '/Users/nitsancohen/.bvm/versions/0.2.29/bit-0.2.29/node_modules/@teambit/legacy/bin/bit.js'
  ]
}

Node.js v20.3.1

    at checkExecSyncError (node:child_process:885:11)
    at Object.execSync (node:child_process:957:15)
    at CommandHelper.runCmd (src/e2e-helper/e2e-command-helper.ts:64:22)
    at Context.<anonymous> (e2e/harmony/lanes/lanes.e2e.ts:1390:22)
    at processImmediate (node:internal/timers:478:21)]]></failure>
    </testcase>
  </testsuite>
  <testsuite name="export multiple snaps on lane when the remote has it already" timestamp="2023-08-21T21:40:41" tests="1" file="/Users/nitsancohen/coding/my-bit/bit/e2e/harmony/lanes/lanes.e2e.ts" time="0.0610" failures="1">
    <testcase name="bit lane command export multiple snaps on lane when the remote has it already &quot;before all&quot; hook for &quot;bit export should not throw ParentNotFound&quot;" time="0.0610" classname="&quot;before all&quot; hook for &quot;bit export should not throw ParentNotFound&quot;">
      <failure message="Command failed: bit init
node:internal/modules/cjs/loader:1075
  throw err;
  ^

Error: Cannot find module &apos;../node_modules/@teambit/bit/dist/app&apos;
Require stack:
- /Users/nitsancohen/.bvm/versions/0.2.29/bit-0.2.29/node_modules/@teambit/legacy/bin/bit.js
    at Module._resolveFilename (node:internal/modules/cjs/loader:1072:15)
    at Module._load (node:internal/modules/cjs/loader:925:27)
    at Module.require (node:internal/modules/cjs/loader:1139:19)
    at require (node:internal/modules/helpers:121:18)
    at Object.&lt;anonymous&gt; (/Users/nitsancohen/.bvm/versions/0.2.29/bit-0.2.29/node_modules/@teambit/legacy/bin/bit.js:3:1)
    at Module._compile (node:internal/modules/cjs/loader:1257:14)
    at Module._extensions..js (node:internal/modules/cjs/loader:1311:10)
    at Module.load (node:internal/modules/cjs/loader:1115:32)
    at Module._load (node:internal/modules/cjs/loader:962:12)
    at Function.executeUserEntryPoint [as runMain] (node:internal/modules/run_main:83:12) {
  code: &apos;MODULE_NOT_FOUND&apos;,
  requireStack: [
    &apos;/Users/nitsancohen/.bvm/versions/0.2.29/bit-0.2.29/node_modules/@teambit/legacy/bin/bit.js&apos;
  ]
}

Node.js v20.3.1
" type="Error"><![CDATA[Error: Command failed: bit init
node:internal/modules/cjs/loader:1075
  throw err;
  ^

Error: Cannot find module '../node_modules/@teambit/bit/dist/app'
Require stack:
- /Users/nitsancohen/.bvm/versions/0.2.29/bit-0.2.29/node_modules/@teambit/legacy/bin/bit.js
    at Module._resolveFilename (node:internal/modules/cjs/loader:1072:15)
    at Module._load (node:internal/modules/cjs/loader:925:27)
    at Module.require (node:internal/modules/cjs/loader:1139:19)
    at require (node:internal/modules/helpers:121:18)
    at Object.<anonymous> (/Users/nitsancohen/.bvm/versions/0.2.29/bit-0.2.29/node_modules/@teambit/legacy/bin/bit.js:3:1)
    at Module._compile (node:internal/modules/cjs/loader:1257:14)
    at Module._extensions..js (node:internal/modules/cjs/loader:1311:10)
    at Module.load (node:internal/modules/cjs/loader:1115:32)
    at Module._load (node:internal/modules/cjs/loader:962:12)
    at Function.executeUserEntryPoint [as runMain] (node:internal/modules/run_main:83:12) {
  code: 'MODULE_NOT_FOUND',
  requireStack: [
    '/Users/nitsancohen/.bvm/versions/0.2.29/bit-0.2.29/node_modules/@teambit/legacy/bin/bit.js'
  ]
}

Node.js v20.3.1

    at checkExecSyncError (node:child_process:885:11)
    at Object.execSync (node:child_process:957:15)
    at CommandHelper.runCmd (src/e2e-helper/e2e-command-helper.ts:64:22)
    at ScopeHelper.initWorkspace (src/e2e-helper/e2e-scope-helper.ts:126:25)
    at ScopeHelper.reInitLocalScope (src/e2e-helper/e2e-scope-helper.ts:87:10)
    at ScopeHelper.setNewLocalAndRemoteScopes (src/e2e-helper/e2e-scope-helper.ts:141:10)
    at Context.<anonymous> (e2e/harmony/lanes/lanes.e2e.ts:1399:26)
    at processImmediate (node:internal/timers:478:21)]]></failure>
    </testcase>
  </testsuite>
  <testsuite name="getting new components from the lane" timestamp="2023-08-21T21:40:41" tests="2" file="/Users/nitsancohen/coding/my-bit/bit/e2e/harmony/lanes/lanes.e2e.ts" time="0.0600" failures="1">
    <testcase name="bit lane command getting new components from the lane &quot;before all&quot; hook for &quot;bit checkout with --workspace-only flag should not add the component and should suggest omitting --workspace-only flag&quot;" time="0.0600" classname="&quot;before all&quot; hook for &quot;bit checkout with --workspace-only flag should not add the component and should suggest omitting --workspace-only flag&quot;">
      <failure message="Command failed: bit init
node:internal/modules/cjs/loader:1075
  throw err;
  ^

Error: Cannot find module &apos;../node_modules/@teambit/bit/dist/app&apos;
Require stack:
- /Users/nitsancohen/.bvm/versions/0.2.29/bit-0.2.29/node_modules/@teambit/legacy/bin/bit.js
    at Module._resolveFilename (node:internal/modules/cjs/loader:1072:15)
    at Module._load (node:internal/modules/cjs/loader:925:27)
    at Module.require (node:internal/modules/cjs/loader:1139:19)
    at require (node:internal/modules/helpers:121:18)
    at Object.&lt;anonymous&gt; (/Users/nitsancohen/.bvm/versions/0.2.29/bit-0.2.29/node_modules/@teambit/legacy/bin/bit.js:3:1)
    at Module._compile (node:internal/modules/cjs/loader:1257:14)
    at Module._extensions..js (node:internal/modules/cjs/loader:1311:10)
    at Module.load (node:internal/modules/cjs/loader:1115:32)
    at Module._load (node:internal/modules/cjs/loader:962:12)
    at Function.executeUserEntryPoint [as runMain] (node:internal/modules/run_main:83:12) {
  code: &apos;MODULE_NOT_FOUND&apos;,
  requireStack: [
    &apos;/Users/nitsancohen/.bvm/versions/0.2.29/bit-0.2.29/node_modules/@teambit/legacy/bin/bit.js&apos;
  ]
}

Node.js v20.3.1
" type="Error"><![CDATA[Error: Command failed: bit init
node:internal/modules/cjs/loader:1075
  throw err;
  ^

Error: Cannot find module '../node_modules/@teambit/bit/dist/app'
Require stack:
- /Users/nitsancohen/.bvm/versions/0.2.29/bit-0.2.29/node_modules/@teambit/legacy/bin/bit.js
    at Module._resolveFilename (node:internal/modules/cjs/loader:1072:15)
    at Module._load (node:internal/modules/cjs/loader:925:27)
    at Module.require (node:internal/modules/cjs/loader:1139:19)
    at require (node:internal/modules/helpers:121:18)
    at Object.<anonymous> (/Users/nitsancohen/.bvm/versions/0.2.29/bit-0.2.29/node_modules/@teambit/legacy/bin/bit.js:3:1)
    at Module._compile (node:internal/modules/cjs/loader:1257:14)
    at Module._extensions..js (node:internal/modules/cjs/loader:1311:10)
    at Module.load (node:internal/modules/cjs/loader:1115:32)
    at Module._load (node:internal/modules/cjs/loader:962:12)
    at Function.executeUserEntryPoint [as runMain] (node:internal/modules/run_main:83:12) {
  code: 'MODULE_NOT_FOUND',
  requireStack: [
    '/Users/nitsancohen/.bvm/versions/0.2.29/bit-0.2.29/node_modules/@teambit/legacy/bin/bit.js'
  ]
}

Node.js v20.3.1

    at checkExecSyncError (node:child_process:885:11)
    at Object.execSync (node:child_process:957:15)
    at CommandHelper.runCmd (src/e2e-helper/e2e-command-helper.ts:64:22)
    at ScopeHelper.initWorkspace (src/e2e-helper/e2e-scope-helper.ts:126:25)
    at ScopeHelper.reInitLocalScope (src/e2e-helper/e2e-scope-helper.ts:87:10)
    at ScopeHelper.setNewLocalAndRemoteScopes (src/e2e-helper/e2e-scope-helper.ts:141:10)
    at Context.<anonymous> (e2e/harmony/lanes/lanes.e2e.ts:1417:26)
    at processImmediate (node:internal/timers:478:21)]]></failure>
    </testcase>
  </testsuite>
  <testsuite name="exporting a component on a lane when the staged snaps exist already on the remote (from another lane)" timestamp="2023-08-21T21:40:41" tests="1" file="/Users/nitsancohen/coding/my-bit/bit/e2e/harmony/lanes/lanes.e2e.ts" time="0.0610" failures="1">
    <testcase name="bit lane command exporting a component on a lane when the staged snaps exist already on the remote (from another lane) &quot;before all&quot; hook for &quot;bit export should not throw&quot;" time="0.0610" classname="&quot;before all&quot; hook for &quot;bit export should not throw&quot;">
      <failure message="Command failed: bit init
node:internal/modules/cjs/loader:1075
  throw err;
  ^

Error: Cannot find module &apos;../node_modules/@teambit/bit/dist/app&apos;
Require stack:
- /Users/nitsancohen/.bvm/versions/0.2.29/bit-0.2.29/node_modules/@teambit/legacy/bin/bit.js
    at Module._resolveFilename (node:internal/modules/cjs/loader:1072:15)
    at Module._load (node:internal/modules/cjs/loader:925:27)
    at Module.require (node:internal/modules/cjs/loader:1139:19)
    at require (node:internal/modules/helpers:121:18)
    at Object.&lt;anonymous&gt; (/Users/nitsancohen/.bvm/versions/0.2.29/bit-0.2.29/node_modules/@teambit/legacy/bin/bit.js:3:1)
    at Module._compile (node:internal/modules/cjs/loader:1257:14)
    at Module._extensions..js (node:internal/modules/cjs/loader:1311:10)
    at Module.load (node:internal/modules/cjs/loader:1115:32)
    at Module._load (node:internal/modules/cjs/loader:962:12)
    at Function.executeUserEntryPoint [as runMain] (node:internal/modules/run_main:83:12) {
  code: &apos;MODULE_NOT_FOUND&apos;,
  requireStack: [
    &apos;/Users/nitsancohen/.bvm/versions/0.2.29/bit-0.2.29/node_modules/@teambit/legacy/bin/bit.js&apos;
  ]
}

Node.js v20.3.1
" type="Error"><![CDATA[Error: Command failed: bit init
node:internal/modules/cjs/loader:1075
  throw err;
  ^

Error: Cannot find module '../node_modules/@teambit/bit/dist/app'
Require stack:
- /Users/nitsancohen/.bvm/versions/0.2.29/bit-0.2.29/node_modules/@teambit/legacy/bin/bit.js
    at Module._resolveFilename (node:internal/modules/cjs/loader:1072:15)
    at Module._load (node:internal/modules/cjs/loader:925:27)
    at Module.require (node:internal/modules/cjs/loader:1139:19)
    at require (node:internal/modules/helpers:121:18)
    at Object.<anonymous> (/Users/nitsancohen/.bvm/versions/0.2.29/bit-0.2.29/node_modules/@teambit/legacy/bin/bit.js:3:1)
    at Module._compile (node:internal/modules/cjs/loader:1257:14)
    at Module._extensions..js (node:internal/modules/cjs/loader:1311:10)
    at Module.load (node:internal/modules/cjs/loader:1115:32)
    at Module._load (node:internal/modules/cjs/loader:962:12)
    at Function.executeUserEntryPoint [as runMain] (node:internal/modules/run_main:83:12) {
  code: 'MODULE_NOT_FOUND',
  requireStack: [
    '/Users/nitsancohen/.bvm/versions/0.2.29/bit-0.2.29/node_modules/@teambit/legacy/bin/bit.js'
  ]
}

Node.js v20.3.1

    at checkExecSyncError (node:child_process:885:11)
    at Object.execSync (node:child_process:957:15)
    at CommandHelper.runCmd (src/e2e-helper/e2e-command-helper.ts:64:22)
    at ScopeHelper.initWorkspace (src/e2e-helper/e2e-scope-helper.ts:126:25)
    at ScopeHelper.reInitLocalScope (src/e2e-helper/e2e-scope-helper.ts:87:10)
    at ScopeHelper.setNewLocalAndRemoteScopes (src/e2e-helper/e2e-scope-helper.ts:141:10)
    at Context.<anonymous> (e2e/harmony/lanes/lanes.e2e.ts:1478:26)
    at processImmediate (node:internal/timers:478:21)]]></failure>
    </testcase>
  </testsuite>
  <testsuite name="change-scope" timestamp="2023-08-21T21:40:41" tests="0" file="/Users/nitsancohen/coding/my-bit/bit/e2e/harmony/lanes/lanes.e2e.ts" time="0.0000" failures="0">
  </testsuite>
  <testsuite name="when the lane is exported" timestamp="2023-08-21T21:40:41" tests="1" file="/Users/nitsancohen/coding/my-bit/bit/e2e/harmony/lanes/lanes.e2e.ts" time="0.0600" failures="1">
    <testcase name="bit lane command change-scope when the lane is exported &quot;before all&quot; hook for &quot;should block the rename&quot;" time="0.0600" classname="&quot;before all&quot; hook for &quot;should block the rename&quot;">
      <failure message="Command failed: bit init
node:internal/modules/cjs/loader:1075
  throw err;
  ^

Error: Cannot find module &apos;../node_modules/@teambit/bit/dist/app&apos;
Require stack:
- /Users/nitsancohen/.bvm/versions/0.2.29/bit-0.2.29/node_modules/@teambit/legacy/bin/bit.js
    at Module._resolveFilename (node:internal/modules/cjs/loader:1072:15)
    at Module._load (node:internal/modules/cjs/loader:925:27)
    at Module.require (node:internal/modules/cjs/loader:1139:19)
    at require (node:internal/modules/helpers:121:18)
    at Object.&lt;anonymous&gt; (/Users/nitsancohen/.bvm/versions/0.2.29/bit-0.2.29/node_modules/@teambit/legacy/bin/bit.js:3:1)
    at Module._compile (node:internal/modules/cjs/loader:1257:14)
    at Module._extensions..js (node:internal/modules/cjs/loader:1311:10)
    at Module.load (node:internal/modules/cjs/loader:1115:32)
    at Module._load (node:internal/modules/cjs/loader:962:12)
    at Function.executeUserEntryPoint [as runMain] (node:internal/modules/run_main:83:12) {
  code: &apos;MODULE_NOT_FOUND&apos;,
  requireStack: [
    &apos;/Users/nitsancohen/.bvm/versions/0.2.29/bit-0.2.29/node_modules/@teambit/legacy/bin/bit.js&apos;
  ]
}

Node.js v20.3.1
" type="Error"><![CDATA[Error: Command failed: bit init
node:internal/modules/cjs/loader:1075
  throw err;
  ^

Error: Cannot find module '../node_modules/@teambit/bit/dist/app'
Require stack:
- /Users/nitsancohen/.bvm/versions/0.2.29/bit-0.2.29/node_modules/@teambit/legacy/bin/bit.js
    at Module._resolveFilename (node:internal/modules/cjs/loader:1072:15)
    at Module._load (node:internal/modules/cjs/loader:925:27)
    at Module.require (node:internal/modules/cjs/loader:1139:19)
    at require (node:internal/modules/helpers:121:18)
    at Object.<anonymous> (/Users/nitsancohen/.bvm/versions/0.2.29/bit-0.2.29/node_modules/@teambit/legacy/bin/bit.js:3:1)
    at Module._compile (node:internal/modules/cjs/loader:1257:14)
    at Module._extensions..js (node:internal/modules/cjs/loader:1311:10)
    at Module.load (node:internal/modules/cjs/loader:1115:32)
    at Module._load (node:internal/modules/cjs/loader:962:12)
    at Function.executeUserEntryPoint [as runMain] (node:internal/modules/run_main:83:12) {
  code: 'MODULE_NOT_FOUND',
  requireStack: [
    '/Users/nitsancohen/.bvm/versions/0.2.29/bit-0.2.29/node_modules/@teambit/legacy/bin/bit.js'
  ]
}

Node.js v20.3.1

    at checkExecSyncError (node:child_process:885:11)
    at Object.execSync (node:child_process:957:15)
    at CommandHelper.runCmd (src/e2e-helper/e2e-command-helper.ts:64:22)
    at ScopeHelper.initWorkspace (src/e2e-helper/e2e-scope-helper.ts:126:25)
    at ScopeHelper.reInitLocalScope (src/e2e-helper/e2e-scope-helper.ts:87:10)
    at ScopeHelper.setNewLocalAndRemoteScopes (src/e2e-helper/e2e-scope-helper.ts:141:10)
    at Context.<anonymous> (e2e/harmony/lanes/lanes.e2e.ts:1508:28)
    at processImmediate (node:internal/timers:478:21)]]></failure>
    </testcase>
  </testsuite>
  <testsuite name="when the scope-name is invalid" timestamp="2023-08-21T21:40:41" tests="1" file="/Users/nitsancohen/coding/my-bit/bit/e2e/harmony/lanes/lanes.e2e.ts" time="0.0610" failures="1">
    <testcase name="bit lane command change-scope when the scope-name is invalid &quot;before all&quot; hook for &quot;should throw InvalidScopeName error&quot;" time="0.0610" classname="&quot;before all&quot; hook for &quot;should throw InvalidScopeName error&quot;">
      <failure message="Command failed: bit init
node:internal/modules/cjs/loader:1075
  throw err;
  ^

Error: Cannot find module &apos;../node_modules/@teambit/bit/dist/app&apos;
Require stack:
- /Users/nitsancohen/.bvm/versions/0.2.29/bit-0.2.29/node_modules/@teambit/legacy/bin/bit.js
    at Module._resolveFilename (node:internal/modules/cjs/loader:1072:15)
    at Module._load (node:internal/modules/cjs/loader:925:27)
    at Module.require (node:internal/modules/cjs/loader:1139:19)
    at require (node:internal/modules/helpers:121:18)
    at Object.&lt;anonymous&gt; (/Users/nitsancohen/.bvm/versions/0.2.29/bit-0.2.29/node_modules/@teambit/legacy/bin/bit.js:3:1)
    at Module._compile (node:internal/modules/cjs/loader:1257:14)
    at Module._extensions..js (node:internal/modules/cjs/loader:1311:10)
    at Module.load (node:internal/modules/cjs/loader:1115:32)
    at Module._load (node:internal/modules/cjs/loader:962:12)
    at Function.executeUserEntryPoint [as runMain] (node:internal/modules/run_main:83:12) {
  code: &apos;MODULE_NOT_FOUND&apos;,
  requireStack: [
    &apos;/Users/nitsancohen/.bvm/versions/0.2.29/bit-0.2.29/node_modules/@teambit/legacy/bin/bit.js&apos;
  ]
}

Node.js v20.3.1
" type="Error"><![CDATA[Error: Command failed: bit init
node:internal/modules/cjs/loader:1075
  throw err;
  ^

Error: Cannot find module '../node_modules/@teambit/bit/dist/app'
Require stack:
- /Users/nitsancohen/.bvm/versions/0.2.29/bit-0.2.29/node_modules/@teambit/legacy/bin/bit.js
    at Module._resolveFilename (node:internal/modules/cjs/loader:1072:15)
    at Module._load (node:internal/modules/cjs/loader:925:27)
    at Module.require (node:internal/modules/cjs/loader:1139:19)
    at require (node:internal/modules/helpers:121:18)
    at Object.<anonymous> (/Users/nitsancohen/.bvm/versions/0.2.29/bit-0.2.29/node_modules/@teambit/legacy/bin/bit.js:3:1)
    at Module._compile (node:internal/modules/cjs/loader:1257:14)
    at Module._extensions..js (node:internal/modules/cjs/loader:1311:10)
    at Module.load (node:internal/modules/cjs/loader:1115:32)
    at Module._load (node:internal/modules/cjs/loader:962:12)
    at Function.executeUserEntryPoint [as runMain] (node:internal/modules/run_main:83:12) {
  code: 'MODULE_NOT_FOUND',
  requireStack: [
    '/Users/nitsancohen/.bvm/versions/0.2.29/bit-0.2.29/node_modules/@teambit/legacy/bin/bit.js'
  ]
}

Node.js v20.3.1

    at checkExecSyncError (node:child_process:885:11)
    at Object.execSync (node:child_process:957:15)
    at CommandHelper.runCmd (src/e2e-helper/e2e-command-helper.ts:64:22)
    at ScopeHelper.initWorkspace (src/e2e-helper/e2e-scope-helper.ts:126:25)
    at ScopeHelper.reInitLocalScope (src/e2e-helper/e2e-scope-helper.ts:87:10)
    at ScopeHelper.setNewLocalAndRemoteScopes (src/e2e-helper/e2e-scope-helper.ts:141:10)
    at Context.<anonymous> (e2e/harmony/lanes/lanes.e2e.ts:1522:28)
    at processImmediate (node:internal/timers:478:21)]]></failure>
    </testcase>
  </testsuite>
  <testsuite name="checking out to a different version from main" timestamp="2023-08-21T21:40:41" tests="2" file="/Users/nitsancohen/coding/my-bit/bit/e2e/harmony/lanes/lanes.e2e.ts" time="0.0600" failures="1">
    <testcase name="bit lane command checking out to a different version from main &quot;before all&quot; hook for &quot;bit import should bring the version in the bitmap&quot;" time="0.0600" classname="&quot;before all&quot; hook for &quot;bit import should bring the version in the bitmap&quot;">
      <failure message="Command failed: bit init
node:internal/modules/cjs/loader:1075
  throw err;
  ^

Error: Cannot find module &apos;../node_modules/@teambit/bit/dist/app&apos;
Require stack:
- /Users/nitsancohen/.bvm/versions/0.2.29/bit-0.2.29/node_modules/@teambit/legacy/bin/bit.js
    at Module._resolveFilename (node:internal/modules/cjs/loader:1072:15)
    at Module._load (node:internal/modules/cjs/loader:925:27)
    at Module.require (node:internal/modules/cjs/loader:1139:19)
    at require (node:internal/modules/helpers:121:18)
    at Object.&lt;anonymous&gt; (/Users/nitsancohen/.bvm/versions/0.2.29/bit-0.2.29/node_modules/@teambit/legacy/bin/bit.js:3:1)
    at Module._compile (node:internal/modules/cjs/loader:1257:14)
    at Module._extensions..js (node:internal/modules/cjs/loader:1311:10)
    at Module.load (node:internal/modules/cjs/loader:1115:32)
    at Module._load (node:internal/modules/cjs/loader:962:12)
    at Function.executeUserEntryPoint [as runMain] (node:internal/modules/run_main:83:12) {
  code: &apos;MODULE_NOT_FOUND&apos;,
  requireStack: [
    &apos;/Users/nitsancohen/.bvm/versions/0.2.29/bit-0.2.29/node_modules/@teambit/legacy/bin/bit.js&apos;
  ]
}

Node.js v20.3.1
" type="Error"><![CDATA[Error: Command failed: bit init
node:internal/modules/cjs/loader:1075
  throw err;
  ^

Error: Cannot find module '../node_modules/@teambit/bit/dist/app'
Require stack:
- /Users/nitsancohen/.bvm/versions/0.2.29/bit-0.2.29/node_modules/@teambit/legacy/bin/bit.js
    at Module._resolveFilename (node:internal/modules/cjs/loader:1072:15)
    at Module._load (node:internal/modules/cjs/loader:925:27)
    at Module.require (node:internal/modules/cjs/loader:1139:19)
    at require (node:internal/modules/helpers:121:18)
    at Object.<anonymous> (/Users/nitsancohen/.bvm/versions/0.2.29/bit-0.2.29/node_modules/@teambit/legacy/bin/bit.js:3:1)
    at Module._compile (node:internal/modules/cjs/loader:1257:14)
    at Module._extensions..js (node:internal/modules/cjs/loader:1311:10)
    at Module.load (node:internal/modules/cjs/loader:1115:32)
    at Module._load (node:internal/modules/cjs/loader:962:12)
    at Function.executeUserEntryPoint [as runMain] (node:internal/modules/run_main:83:12) {
  code: 'MODULE_NOT_FOUND',
  requireStack: [
    '/Users/nitsancohen/.bvm/versions/0.2.29/bit-0.2.29/node_modules/@teambit/legacy/bin/bit.js'
  ]
}

Node.js v20.3.1

    at checkExecSyncError (node:child_process:885:11)
    at Object.execSync (node:child_process:957:15)
    at CommandHelper.runCmd (src/e2e-helper/e2e-command-helper.ts:64:22)
    at ScopeHelper.initWorkspace (src/e2e-helper/e2e-scope-helper.ts:126:25)
    at ScopeHelper.reInitLocalScope (src/e2e-helper/e2e-scope-helper.ts:87:10)
    at ScopeHelper.setNewLocalAndRemoteScopes (src/e2e-helper/e2e-scope-helper.ts:141:10)
    at Context.<anonymous> (e2e/harmony/lanes/lanes.e2e.ts:1535:26)
    at processImmediate (node:internal/timers:478:21)]]></failure>
    </testcase>
  </testsuite>
  <testsuite name="create comp on a lane then same on main" timestamp="2023-08-21T21:40:41" tests="1" file="/Users/nitsancohen/coding/my-bit/bit/e2e/harmony/lanes/lanes.e2e.ts" time="0.0600" failures="1">
    <testcase name="bit lane command create comp on a lane then same on main &quot;before all&quot; hook for &quot;bit status should not throw&quot;" time="0.0600" classname="&quot;before all&quot; hook for &quot;bit status should not throw&quot;">
      <failure message="Command failed: bit init
node:internal/modules/cjs/loader:1075
  throw err;
  ^

Error: Cannot find module &apos;../node_modules/@teambit/bit/dist/app&apos;
Require stack:
- /Users/nitsancohen/.bvm/versions/0.2.29/bit-0.2.29/node_modules/@teambit/legacy/bin/bit.js
    at Module._resolveFilename (node:internal/modules/cjs/loader:1072:15)
    at Module._load (node:internal/modules/cjs/loader:925:27)
    at Module.require (node:internal/modules/cjs/loader:1139:19)
    at require (node:internal/modules/helpers:121:18)
    at Object.&lt;anonymous&gt; (/Users/nitsancohen/.bvm/versions/0.2.29/bit-0.2.29/node_modules/@teambit/legacy/bin/bit.js:3:1)
    at Module._compile (node:internal/modules/cjs/loader:1257:14)
    at Module._extensions..js (node:internal/modules/cjs/loader:1311:10)
    at Module.load (node:internal/modules/cjs/loader:1115:32)
    at Module._load (node:internal/modules/cjs/loader:962:12)
    at Function.executeUserEntryPoint [as runMain] (node:internal/modules/run_main:83:12) {
  code: &apos;MODULE_NOT_FOUND&apos;,
  requireStack: [
    &apos;/Users/nitsancohen/.bvm/versions/0.2.29/bit-0.2.29/node_modules/@teambit/legacy/bin/bit.js&apos;
  ]
}

Node.js v20.3.1
" type="Error"><![CDATA[Error: Command failed: bit init
node:internal/modules/cjs/loader:1075
  throw err;
  ^

Error: Cannot find module '../node_modules/@teambit/bit/dist/app'
Require stack:
- /Users/nitsancohen/.bvm/versions/0.2.29/bit-0.2.29/node_modules/@teambit/legacy/bin/bit.js
    at Module._resolveFilename (node:internal/modules/cjs/loader:1072:15)
    at Module._load (node:internal/modules/cjs/loader:925:27)
    at Module.require (node:internal/modules/cjs/loader:1139:19)
    at require (node:internal/modules/helpers:121:18)
    at Object.<anonymous> (/Users/nitsancohen/.bvm/versions/0.2.29/bit-0.2.29/node_modules/@teambit/legacy/bin/bit.js:3:1)
    at Module._compile (node:internal/modules/cjs/loader:1257:14)
    at Module._extensions..js (node:internal/modules/cjs/loader:1311:10)
    at Module.load (node:internal/modules/cjs/loader:1115:32)
    at Module._load (node:internal/modules/cjs/loader:962:12)
    at Function.executeUserEntryPoint [as runMain] (node:internal/modules/run_main:83:12) {
  code: 'MODULE_NOT_FOUND',
  requireStack: [
    '/Users/nitsancohen/.bvm/versions/0.2.29/bit-0.2.29/node_modules/@teambit/legacy/bin/bit.js'
  ]
}

Node.js v20.3.1

    at checkExecSyncError (node:child_process:885:11)
    at Object.execSync (node:child_process:957:15)
    at CommandHelper.runCmd (src/e2e-helper/e2e-command-helper.ts:64:22)
    at ScopeHelper.initWorkspace (src/e2e-helper/e2e-scope-helper.ts:126:25)
    at ScopeHelper.reInitLocalScope (src/e2e-helper/e2e-scope-helper.ts:87:10)
    at ScopeHelper.setNewLocalAndRemoteScopes (src/e2e-helper/e2e-scope-helper.ts:141:10)
    at Context.<anonymous> (e2e/harmony/lanes/lanes.e2e.ts:1566:26)
    at processImmediate (node:internal/timers:478:21)]]></failure>
    </testcase>
  </testsuite>
  <testsuite name="import from one lane to another directly" timestamp="2023-08-21T21:40:41" tests="1" file="/Users/nitsancohen/coding/my-bit/bit/e2e/harmony/lanes/lanes.e2e.ts" time="0.0600" failures="1">
    <testcase name="bit lane command import from one lane to another directly &quot;before all&quot; hook for &quot;should block the import&quot;" time="0.0600" classname="&quot;before all&quot; hook for &quot;should block the import&quot;">
      <failure message="Command failed: bit init
node:internal/modules/cjs/loader:1075
  throw err;
  ^

Error: Cannot find module &apos;../node_modules/@teambit/bit/dist/app&apos;
Require stack:
- /Users/nitsancohen/.bvm/versions/0.2.29/bit-0.2.29/node_modules/@teambit/legacy/bin/bit.js
    at Module._resolveFilename (node:internal/modules/cjs/loader:1072:15)
    at Module._load (node:internal/modules/cjs/loader:925:27)
    at Module.require (node:internal/modules/cjs/loader:1139:19)
    at require (node:internal/modules/helpers:121:18)
    at Object.&lt;anonymous&gt; (/Users/nitsancohen/.bvm/versions/0.2.29/bit-0.2.29/node_modules/@teambit/legacy/bin/bit.js:3:1)
    at Module._compile (node:internal/modules/cjs/loader:1257:14)
    at Module._extensions..js (node:internal/modules/cjs/loader:1311:10)
    at Module.load (node:internal/modules/cjs/loader:1115:32)
    at Module._load (node:internal/modules/cjs/loader:962:12)
    at Function.executeUserEntryPoint [as runMain] (node:internal/modules/run_main:83:12) {
  code: &apos;MODULE_NOT_FOUND&apos;,
  requireStack: [
    &apos;/Users/nitsancohen/.bvm/versions/0.2.29/bit-0.2.29/node_modules/@teambit/legacy/bin/bit.js&apos;
  ]
}

Node.js v20.3.1
" type="Error"><![CDATA[Error: Command failed: bit init
node:internal/modules/cjs/loader:1075
  throw err;
  ^

Error: Cannot find module '../node_modules/@teambit/bit/dist/app'
Require stack:
- /Users/nitsancohen/.bvm/versions/0.2.29/bit-0.2.29/node_modules/@teambit/legacy/bin/bit.js
    at Module._resolveFilename (node:internal/modules/cjs/loader:1072:15)
    at Module._load (node:internal/modules/cjs/loader:925:27)
    at Module.require (node:internal/modules/cjs/loader:1139:19)
    at require (node:internal/modules/helpers:121:18)
    at Object.<anonymous> (/Users/nitsancohen/.bvm/versions/0.2.29/bit-0.2.29/node_modules/@teambit/legacy/bin/bit.js:3:1)
    at Module._compile (node:internal/modules/cjs/loader:1257:14)
    at Module._extensions..js (node:internal/modules/cjs/loader:1311:10)
    at Module.load (node:internal/modules/cjs/loader:1115:32)
    at Module._load (node:internal/modules/cjs/loader:962:12)
    at Function.executeUserEntryPoint [as runMain] (node:internal/modules/run_main:83:12) {
  code: 'MODULE_NOT_FOUND',
  requireStack: [
    '/Users/nitsancohen/.bvm/versions/0.2.29/bit-0.2.29/node_modules/@teambit/legacy/bin/bit.js'
  ]
}

Node.js v20.3.1

    at checkExecSyncError (node:child_process:885:11)
    at Object.execSync (node:child_process:957:15)
    at CommandHelper.runCmd (src/e2e-helper/e2e-command-helper.ts:64:22)
    at ScopeHelper.initWorkspace (src/e2e-helper/e2e-scope-helper.ts:126:25)
    at ScopeHelper.reInitLocalScope (src/e2e-helper/e2e-scope-helper.ts:87:10)
    at ScopeHelper.setNewLocalAndRemoteScopes (src/e2e-helper/e2e-scope-helper.ts:141:10)
    at Context.<anonymous> (e2e/harmony/lanes/lanes.e2e.ts:1584:26)
    at processImmediate (node:internal/timers:478:21)]]></failure>
    </testcase>
  </testsuite>
  <testsuite name="import from a lane to main" timestamp="2023-08-21T21:40:41" tests="1" file="/Users/nitsancohen/coding/my-bit/bit/e2e/harmony/lanes/lanes.e2e.ts" time="0.0630" failures="1">
    <testcase name="bit lane command import from a lane to main &quot;before all&quot; hook for &quot;should block the import&quot;" time="0.0630" classname="&quot;before all&quot; hook for &quot;should block the import&quot;">
      <failure message="Command failed: bit init
node:internal/modules/cjs/loader:1075
  throw err;
  ^

Error: Cannot find module &apos;../node_modules/@teambit/bit/dist/app&apos;
Require stack:
- /Users/nitsancohen/.bvm/versions/0.2.29/bit-0.2.29/node_modules/@teambit/legacy/bin/bit.js
    at Module._resolveFilename (node:internal/modules/cjs/loader:1072:15)
    at Module._load (node:internal/modules/cjs/loader:925:27)
    at Module.require (node:internal/modules/cjs/loader:1139:19)
    at require (node:internal/modules/helpers:121:18)
    at Object.&lt;anonymous&gt; (/Users/nitsancohen/.bvm/versions/0.2.29/bit-0.2.29/node_modules/@teambit/legacy/bin/bit.js:3:1)
    at Module._compile (node:internal/modules/cjs/loader:1257:14)
    at Module._extensions..js (node:internal/modules/cjs/loader:1311:10)
    at Module.load (node:internal/modules/cjs/loader:1115:32)
    at Module._load (node:internal/modules/cjs/loader:962:12)
    at Function.executeUserEntryPoint [as runMain] (node:internal/modules/run_main:83:12) {
  code: &apos;MODULE_NOT_FOUND&apos;,
  requireStack: [
    &apos;/Users/nitsancohen/.bvm/versions/0.2.29/bit-0.2.29/node_modules/@teambit/legacy/bin/bit.js&apos;
  ]
}

Node.js v20.3.1
" type="Error"><![CDATA[Error: Command failed: bit init
node:internal/modules/cjs/loader:1075
  throw err;
  ^

Error: Cannot find module '../node_modules/@teambit/bit/dist/app'
Require stack:
- /Users/nitsancohen/.bvm/versions/0.2.29/bit-0.2.29/node_modules/@teambit/legacy/bin/bit.js
    at Module._resolveFilename (node:internal/modules/cjs/loader:1072:15)
    at Module._load (node:internal/modules/cjs/loader:925:27)
    at Module.require (node:internal/modules/cjs/loader:1139:19)
    at require (node:internal/modules/helpers:121:18)
    at Object.<anonymous> (/Users/nitsancohen/.bvm/versions/0.2.29/bit-0.2.29/node_modules/@teambit/legacy/bin/bit.js:3:1)
    at Module._compile (node:internal/modules/cjs/loader:1257:14)
    at Module._extensions..js (node:internal/modules/cjs/loader:1311:10)
    at Module.load (node:internal/modules/cjs/loader:1115:32)
    at Module._load (node:internal/modules/cjs/loader:962:12)
    at Function.executeUserEntryPoint [as runMain] (node:internal/modules/run_main:83:12) {
  code: 'MODULE_NOT_FOUND',
  requireStack: [
    '/Users/nitsancohen/.bvm/versions/0.2.29/bit-0.2.29/node_modules/@teambit/legacy/bin/bit.js'
  ]
}

Node.js v20.3.1

    at checkExecSyncError (node:child_process:885:11)
    at Object.execSync (node:child_process:957:15)
    at CommandHelper.runCmd (src/e2e-helper/e2e-command-helper.ts:64:22)
    at ScopeHelper.initWorkspace (src/e2e-helper/e2e-scope-helper.ts:126:25)
    at ScopeHelper.reInitLocalScope (src/e2e-helper/e2e-scope-helper.ts:87:10)
    at ScopeHelper.setNewLocalAndRemoteScopes (src/e2e-helper/e2e-scope-helper.ts:141:10)
    at Context.<anonymous> (e2e/harmony/lanes/lanes.e2e.ts:1608:26)
    at processImmediate (node:internal/timers:478:21)]]></failure>
    </testcase>
  </testsuite>
  <testsuite name="import from one lane to another directly when current lane does not have the component" timestamp="2023-08-21T21:40:41" tests="1" file="/Users/nitsancohen/coding/my-bit/bit/e2e/harmony/lanes/lanes.e2e.ts" time="0.0650" failures="1">
    <testcase name="bit lane command import from one lane to another directly when current lane does not have the component &quot;before all&quot; hook for &quot;should block the import&quot;" time="0.0650" classname="&quot;before all&quot; hook for &quot;should block the import&quot;">
      <failure message="Command failed: bit init
node:internal/modules/cjs/loader:1075
  throw err;
  ^

Error: Cannot find module &apos;../node_modules/@teambit/bit/dist/app&apos;
Require stack:
- /Users/nitsancohen/.bvm/versions/0.2.29/bit-0.2.29/node_modules/@teambit/legacy/bin/bit.js
    at Module._resolveFilename (node:internal/modules/cjs/loader:1072:15)
    at Module._load (node:internal/modules/cjs/loader:925:27)
    at Module.require (node:internal/modules/cjs/loader:1139:19)
    at require (node:internal/modules/helpers:121:18)
    at Object.&lt;anonymous&gt; (/Users/nitsancohen/.bvm/versions/0.2.29/bit-0.2.29/node_modules/@teambit/legacy/bin/bit.js:3:1)
    at Module._compile (node:internal/modules/cjs/loader:1257:14)
    at Module._extensions..js (node:internal/modules/cjs/loader:1311:10)
    at Module.load (node:internal/modules/cjs/loader:1115:32)
    at Module._load (node:internal/modules/cjs/loader:962:12)
    at Function.executeUserEntryPoint [as runMain] (node:internal/modules/run_main:83:12) {
  code: &apos;MODULE_NOT_FOUND&apos;,
  requireStack: [
    &apos;/Users/nitsancohen/.bvm/versions/0.2.29/bit-0.2.29/node_modules/@teambit/legacy/bin/bit.js&apos;
  ]
}

Node.js v20.3.1
" type="Error"><![CDATA[Error: Command failed: bit init
node:internal/modules/cjs/loader:1075
  throw err;
  ^

Error: Cannot find module '../node_modules/@teambit/bit/dist/app'
Require stack:
- /Users/nitsancohen/.bvm/versions/0.2.29/bit-0.2.29/node_modules/@teambit/legacy/bin/bit.js
    at Module._resolveFilename (node:internal/modules/cjs/loader:1072:15)
    at Module._load (node:internal/modules/cjs/loader:925:27)
    at Module.require (node:internal/modules/cjs/loader:1139:19)
    at require (node:internal/modules/helpers:121:18)
    at Object.<anonymous> (/Users/nitsancohen/.bvm/versions/0.2.29/bit-0.2.29/node_modules/@teambit/legacy/bin/bit.js:3:1)
    at Module._compile (node:internal/modules/cjs/loader:1257:14)
    at Module._extensions..js (node:internal/modules/cjs/loader:1311:10)
    at Module.load (node:internal/modules/cjs/loader:1115:32)
    at Module._load (node:internal/modules/cjs/loader:962:12)
    at Function.executeUserEntryPoint [as runMain] (node:internal/modules/run_main:83:12) {
  code: 'MODULE_NOT_FOUND',
  requireStack: [
    '/Users/nitsancohen/.bvm/versions/0.2.29/bit-0.2.29/node_modules/@teambit/legacy/bin/bit.js'
  ]
}

Node.js v20.3.1

    at checkExecSyncError (node:child_process:885:11)
    at Object.execSync (node:child_process:957:15)
    at CommandHelper.runCmd (src/e2e-helper/e2e-command-helper.ts:64:22)
    at ScopeHelper.initWorkspace (src/e2e-helper/e2e-scope-helper.ts:126:25)
    at ScopeHelper.reInitLocalScope (src/e2e-helper/e2e-scope-helper.ts:87:10)
    at ScopeHelper.setNewLocalAndRemoteScopes (src/e2e-helper/e2e-scope-helper.ts:141:10)
    at Context.<anonymous> (e2e/harmony/lanes/lanes.e2e.ts:1626:26)
    at processImmediate (node:internal/timers:478:21)]]></failure>
    </testcase>
  </testsuite>
  <testsuite name="import from one lane to another directly when current lane does have the component" timestamp="2023-08-21T21:40:42" tests="2" file="/Users/nitsancohen/coding/my-bit/bit/e2e/harmony/lanes/lanes.e2e.ts" time="0.0640" failures="1">
    <testcase name="bit lane command import from one lane to another directly when current lane does have the component &quot;before all&quot; hook for &quot;should not bring that snap&quot;" time="0.0640" classname="&quot;before all&quot; hook for &quot;should not bring that snap&quot;">
      <failure message="Command failed: bit init
node:internal/modules/cjs/loader:1075
  throw err;
  ^

Error: Cannot find module &apos;../node_modules/@teambit/bit/dist/app&apos;
Require stack:
- /Users/nitsancohen/.bvm/versions/0.2.29/bit-0.2.29/node_modules/@teambit/legacy/bin/bit.js
    at Module._resolveFilename (node:internal/modules/cjs/loader:1072:15)
    at Module._load (node:internal/modules/cjs/loader:925:27)
    at Module.require (node:internal/modules/cjs/loader:1139:19)
    at require (node:internal/modules/helpers:121:18)
    at Object.&lt;anonymous&gt; (/Users/nitsancohen/.bvm/versions/0.2.29/bit-0.2.29/node_modules/@teambit/legacy/bin/bit.js:3:1)
    at Module._compile (node:internal/modules/cjs/loader:1257:14)
    at Module._extensions..js (node:internal/modules/cjs/loader:1311:10)
    at Module.load (node:internal/modules/cjs/loader:1115:32)
    at Module._load (node:internal/modules/cjs/loader:962:12)
    at Function.executeUserEntryPoint [as runMain] (node:internal/modules/run_main:83:12) {
  code: &apos;MODULE_NOT_FOUND&apos;,
  requireStack: [
    &apos;/Users/nitsancohen/.bvm/versions/0.2.29/bit-0.2.29/node_modules/@teambit/legacy/bin/bit.js&apos;
  ]
}

Node.js v20.3.1
" type="Error"><![CDATA[Error: Command failed: bit init
node:internal/modules/cjs/loader:1075
  throw err;
  ^

Error: Cannot find module '../node_modules/@teambit/bit/dist/app'
Require stack:
- /Users/nitsancohen/.bvm/versions/0.2.29/bit-0.2.29/node_modules/@teambit/legacy/bin/bit.js
    at Module._resolveFilename (node:internal/modules/cjs/loader:1072:15)
    at Module._load (node:internal/modules/cjs/loader:925:27)
    at Module.require (node:internal/modules/cjs/loader:1139:19)
    at require (node:internal/modules/helpers:121:18)
    at Object.<anonymous> (/Users/nitsancohen/.bvm/versions/0.2.29/bit-0.2.29/node_modules/@teambit/legacy/bin/bit.js:3:1)
    at Module._compile (node:internal/modules/cjs/loader:1257:14)
    at Module._extensions..js (node:internal/modules/cjs/loader:1311:10)
    at Module.load (node:internal/modules/cjs/loader:1115:32)
    at Module._load (node:internal/modules/cjs/loader:962:12)
    at Function.executeUserEntryPoint [as runMain] (node:internal/modules/run_main:83:12) {
  code: 'MODULE_NOT_FOUND',
  requireStack: [
    '/Users/nitsancohen/.bvm/versions/0.2.29/bit-0.2.29/node_modules/@teambit/legacy/bin/bit.js'
  ]
}

Node.js v20.3.1

    at checkExecSyncError (node:child_process:885:11)
    at Object.execSync (node:child_process:957:15)
    at CommandHelper.runCmd (src/e2e-helper/e2e-command-helper.ts:64:22)
    at ScopeHelper.initWorkspace (src/e2e-helper/e2e-scope-helper.ts:126:25)
    at ScopeHelper.reInitLocalScope (src/e2e-helper/e2e-scope-helper.ts:87:10)
    at ScopeHelper.setNewLocalAndRemoteScopes (src/e2e-helper/e2e-scope-helper.ts:141:10)
    at Context.<anonymous> (e2e/harmony/lanes/lanes.e2e.ts:1646:26)
    at processImmediate (node:internal/timers:478:21)]]></failure>
    </testcase>
  </testsuite>
  <testsuite name="creating a new lane to a different scope than main" timestamp="2023-08-21T21:40:42" tests="1" file="/Users/nitsancohen/coding/my-bit/bit/e2e/harmony/lanes/lanes.e2e.ts" time="0.0610" failures="1">
    <testcase name="bit lane command creating a new lane to a different scope than main &quot;before all&quot; hook for &quot;should not throw even when --fork-lane-new-scope was not used&quot;" time="0.0610" classname="&quot;before all&quot; hook for &quot;should not throw even when --fork-lane-new-scope was not used&quot;">
      <failure message="Command failed: bit init
node:internal/modules/cjs/loader:1075
  throw err;
  ^

Error: Cannot find module &apos;../node_modules/@teambit/bit/dist/app&apos;
Require stack:
- /Users/nitsancohen/.bvm/versions/0.2.29/bit-0.2.29/node_modules/@teambit/legacy/bin/bit.js
    at Module._resolveFilename (node:internal/modules/cjs/loader:1072:15)
    at Module._load (node:internal/modules/cjs/loader:925:27)
    at Module.require (node:internal/modules/cjs/loader:1139:19)
    at require (node:internal/modules/helpers:121:18)
    at Object.&lt;anonymous&gt; (/Users/nitsancohen/.bvm/versions/0.2.29/bit-0.2.29/node_modules/@teambit/legacy/bin/bit.js:3:1)
    at Module._compile (node:internal/modules/cjs/loader:1257:14)
    at Module._extensions..js (node:internal/modules/cjs/loader:1311:10)
    at Module.load (node:internal/modules/cjs/loader:1115:32)
    at Module._load (node:internal/modules/cjs/loader:962:12)
    at Function.executeUserEntryPoint [as runMain] (node:internal/modules/run_main:83:12) {
  code: &apos;MODULE_NOT_FOUND&apos;,
  requireStack: [
    &apos;/Users/nitsancohen/.bvm/versions/0.2.29/bit-0.2.29/node_modules/@teambit/legacy/bin/bit.js&apos;
  ]
}

Node.js v20.3.1
" type="Error"><![CDATA[Error: Command failed: bit init
node:internal/modules/cjs/loader:1075
  throw err;
  ^

Error: Cannot find module '../node_modules/@teambit/bit/dist/app'
Require stack:
- /Users/nitsancohen/.bvm/versions/0.2.29/bit-0.2.29/node_modules/@teambit/legacy/bin/bit.js
    at Module._resolveFilename (node:internal/modules/cjs/loader:1072:15)
    at Module._load (node:internal/modules/cjs/loader:925:27)
    at Module.require (node:internal/modules/cjs/loader:1139:19)
    at require (node:internal/modules/helpers:121:18)
    at Object.<anonymous> (/Users/nitsancohen/.bvm/versions/0.2.29/bit-0.2.29/node_modules/@teambit/legacy/bin/bit.js:3:1)
    at Module._compile (node:internal/modules/cjs/loader:1257:14)
    at Module._extensions..js (node:internal/modules/cjs/loader:1311:10)
    at Module.load (node:internal/modules/cjs/loader:1115:32)
    at Module._load (node:internal/modules/cjs/loader:962:12)
    at Function.executeUserEntryPoint [as runMain] (node:internal/modules/run_main:83:12) {
  code: 'MODULE_NOT_FOUND',
  requireStack: [
    '/Users/nitsancohen/.bvm/versions/0.2.29/bit-0.2.29/node_modules/@teambit/legacy/bin/bit.js'
  ]
}

Node.js v20.3.1

    at checkExecSyncError (node:child_process:885:11)
    at Object.execSync (node:child_process:957:15)
    at CommandHelper.runCmd (src/e2e-helper/e2e-command-helper.ts:64:22)
    at ScopeHelper.initWorkspace (src/e2e-helper/e2e-scope-helper.ts:126:25)
    at ScopeHelper.reInitLocalScope (src/e2e-helper/e2e-scope-helper.ts:87:10)
    at ScopeHelper.setNewLocalAndRemoteScopes (src/e2e-helper/e2e-scope-helper.ts:141:10)
    at Context.<anonymous> (e2e/harmony/lanes/lanes.e2e.ts:1677:26)
    at processImmediate (node:internal/timers:478:21)]]></failure>
    </testcase>
  </testsuite>
  <testsuite name="creating components on lanes, that do not exist on main" timestamp="2023-08-21T21:40:42" tests="1" file="/Users/nitsancohen/coding/my-bit/bit/e2e/harmony/lanes/lanes.e2e.ts" time="0.0600" failures="1">
    <testcase name="bit lane command creating components on lanes, that do not exist on main &quot;before all&quot; hook for &quot;should add &quot;onLanesOnly&quot; prop&quot;" time="0.0600" classname="&quot;before all&quot; hook for &quot;should add &quot;onLanesOnly&quot; prop&quot;">
      <failure message="Command failed: bit init
node:internal/modules/cjs/loader:1075
  throw err;
  ^

Error: Cannot find module &apos;../node_modules/@teambit/bit/dist/app&apos;
Require stack:
- /Users/nitsancohen/.bvm/versions/0.2.29/bit-0.2.29/node_modules/@teambit/legacy/bin/bit.js
    at Module._resolveFilename (node:internal/modules/cjs/loader:1072:15)
    at Module._load (node:internal/modules/cjs/loader:925:27)
    at Module.require (node:internal/modules/cjs/loader:1139:19)
    at require (node:internal/modules/helpers:121:18)
    at Object.&lt;anonymous&gt; (/Users/nitsancohen/.bvm/versions/0.2.29/bit-0.2.29/node_modules/@teambit/legacy/bin/bit.js:3:1)
    at Module._compile (node:internal/modules/cjs/loader:1257:14)
    at Module._extensions..js (node:internal/modules/cjs/loader:1311:10)
    at Module.load (node:internal/modules/cjs/loader:1115:32)
    at Module._load (node:internal/modules/cjs/loader:962:12)
    at Function.executeUserEntryPoint [as runMain] (node:internal/modules/run_main:83:12) {
  code: &apos;MODULE_NOT_FOUND&apos;,
  requireStack: [
    &apos;/Users/nitsancohen/.bvm/versions/0.2.29/bit-0.2.29/node_modules/@teambit/legacy/bin/bit.js&apos;
  ]
}

Node.js v20.3.1
" type="Error"><![CDATA[Error: Command failed: bit init
node:internal/modules/cjs/loader:1075
  throw err;
  ^

Error: Cannot find module '../node_modules/@teambit/bit/dist/app'
Require stack:
- /Users/nitsancohen/.bvm/versions/0.2.29/bit-0.2.29/node_modules/@teambit/legacy/bin/bit.js
    at Module._resolveFilename (node:internal/modules/cjs/loader:1072:15)
    at Module._load (node:internal/modules/cjs/loader:925:27)
    at Module.require (node:internal/modules/cjs/loader:1139:19)
    at require (node:internal/modules/helpers:121:18)
    at Object.<anonymous> (/Users/nitsancohen/.bvm/versions/0.2.29/bit-0.2.29/node_modules/@teambit/legacy/bin/bit.js:3:1)
    at Module._compile (node:internal/modules/cjs/loader:1257:14)
    at Module._extensions..js (node:internal/modules/cjs/loader:1311:10)
    at Module.load (node:internal/modules/cjs/loader:1115:32)
    at Module._load (node:internal/modules/cjs/loader:962:12)
    at Function.executeUserEntryPoint [as runMain] (node:internal/modules/run_main:83:12) {
  code: 'MODULE_NOT_FOUND',
  requireStack: [
    '/Users/nitsancohen/.bvm/versions/0.2.29/bit-0.2.29/node_modules/@teambit/legacy/bin/bit.js'
  ]
}

Node.js v20.3.1

    at checkExecSyncError (node:child_process:885:11)
    at Object.execSync (node:child_process:957:15)
    at CommandHelper.runCmd (src/e2e-helper/e2e-command-helper.ts:64:22)
    at ScopeHelper.initWorkspace (src/e2e-helper/e2e-scope-helper.ts:126:25)
    at ScopeHelper.reInitLocalScope (src/e2e-helper/e2e-scope-helper.ts:87:10)
    at ScopeHelper.setNewLocalAndRemoteScopes (src/e2e-helper/e2e-scope-helper.ts:141:10)
    at Context.<anonymous> (e2e/harmony/lanes/lanes.e2e.ts:1686:26)
    at processImmediate (node:internal/timers:478:21)]]></failure>
    </testcase>
  </testsuite>
  <testsuite name="merge lanes" timestamp="2023-08-21T21:40:42" tests="0" file="/Users/nitsancohen/coding/my-bit/bit/e2e/harmony/lanes/merge-lanes.e2e.ts" time="0.0000" failures="0">
  </testsuite>
  <testsuite name="export a local lane into a remote scope" timestamp="2023-08-21T21:40:42" tests="0" file="/Users/nitsancohen/coding/my-bit/bit/e2e/harmony/lanes/merge-lanes.e2e.ts" time="0.0600" failures="1">
    <testcase name="merge lanes export a local lane into a remote scope &quot;before all&quot; hook in &quot;export a local lane into a remote scope&quot;" time="0.0600" classname="&quot;before all&quot; hook in &quot;export a local lane into a remote scope&quot;">
      <failure message="Command failed: bit init
node:internal/modules/cjs/loader:1075
  throw err;
  ^

Error: Cannot find module &apos;../node_modules/@teambit/bit/dist/app&apos;
Require stack:
- /Users/nitsancohen/.bvm/versions/0.2.29/bit-0.2.29/node_modules/@teambit/legacy/bin/bit.js
    at Module._resolveFilename (node:internal/modules/cjs/loader:1072:15)
    at Module._load (node:internal/modules/cjs/loader:925:27)
    at Module.require (node:internal/modules/cjs/loader:1139:19)
    at require (node:internal/modules/helpers:121:18)
    at Object.&lt;anonymous&gt; (/Users/nitsancohen/.bvm/versions/0.2.29/bit-0.2.29/node_modules/@teambit/legacy/bin/bit.js:3:1)
    at Module._compile (node:internal/modules/cjs/loader:1257:14)
    at Module._extensions..js (node:internal/modules/cjs/loader:1311:10)
    at Module.load (node:internal/modules/cjs/loader:1115:32)
    at Module._load (node:internal/modules/cjs/loader:962:12)
    at Function.executeUserEntryPoint [as runMain] (node:internal/modules/run_main:83:12) {
  code: &apos;MODULE_NOT_FOUND&apos;,
  requireStack: [
    &apos;/Users/nitsancohen/.bvm/versions/0.2.29/bit-0.2.29/node_modules/@teambit/legacy/bin/bit.js&apos;
  ]
}

Node.js v20.3.1
" type="Error"><![CDATA[Error: Command failed: bit init
node:internal/modules/cjs/loader:1075
  throw err;
  ^

Error: Cannot find module '../node_modules/@teambit/bit/dist/app'
Require stack:
- /Users/nitsancohen/.bvm/versions/0.2.29/bit-0.2.29/node_modules/@teambit/legacy/bin/bit.js
    at Module._resolveFilename (node:internal/modules/cjs/loader:1072:15)
    at Module._load (node:internal/modules/cjs/loader:925:27)
    at Module.require (node:internal/modules/cjs/loader:1139:19)
    at require (node:internal/modules/helpers:121:18)
    at Object.<anonymous> (/Users/nitsancohen/.bvm/versions/0.2.29/bit-0.2.29/node_modules/@teambit/legacy/bin/bit.js:3:1)
    at Module._compile (node:internal/modules/cjs/loader:1257:14)
    at Module._extensions..js (node:internal/modules/cjs/loader:1311:10)
    at Module.load (node:internal/modules/cjs/loader:1115:32)
    at Module._load (node:internal/modules/cjs/loader:962:12)
    at Function.executeUserEntryPoint [as runMain] (node:internal/modules/run_main:83:12) {
  code: 'MODULE_NOT_FOUND',
  requireStack: [
    '/Users/nitsancohen/.bvm/versions/0.2.29/bit-0.2.29/node_modules/@teambit/legacy/bin/bit.js'
  ]
}

Node.js v20.3.1

    at checkExecSyncError (node:child_process:885:11)
    at Object.execSync (node:child_process:957:15)
    at CommandHelper.runCmd (src/e2e-helper/e2e-command-helper.ts:64:22)
    at ScopeHelper.initWorkspace (src/e2e-helper/e2e-scope-helper.ts:126:25)
    at ScopeHelper.reInitLocalScope (src/e2e-helper/e2e-scope-helper.ts:87:10)
    at ScopeHelper.setNewLocalAndRemoteScopes (src/e2e-helper/e2e-scope-helper.ts:141:10)
    at Context.<anonymous> (e2e/harmony/lanes/merge-lanes.e2e.ts:25:26)
    at processImmediate (node:internal/timers:478:21)]]></failure>
    </testcase>
  </testsuite>
  <testsuite name="merging main into local lane" timestamp="2023-08-21T21:40:42" tests="1" file="/Users/nitsancohen/coding/my-bit/bit/e2e/harmony/lanes/merge-lanes.e2e.ts" time="0.0610" failures="1">
    <testcase name="merge lanes merging main into local lane &quot;before all&quot; hook for &quot;should not throw an error that main lane doesn&apos;t exist&quot;" time="0.0610" classname="&quot;before all&quot; hook for &quot;should not throw an error that main lane doesn&apos;t exist&quot;">
      <failure message="Command failed: bit init
node:internal/modules/cjs/loader:1075
  throw err;
  ^

Error: Cannot find module &apos;../node_modules/@teambit/bit/dist/app&apos;
Require stack:
- /Users/nitsancohen/.bvm/versions/0.2.29/bit-0.2.29/node_modules/@teambit/legacy/bin/bit.js
    at Module._resolveFilename (node:internal/modules/cjs/loader:1072:15)
    at Module._load (node:internal/modules/cjs/loader:925:27)
    at Module.require (node:internal/modules/cjs/loader:1139:19)
    at require (node:internal/modules/helpers:121:18)
    at Object.&lt;anonymous&gt; (/Users/nitsancohen/.bvm/versions/0.2.29/bit-0.2.29/node_modules/@teambit/legacy/bin/bit.js:3:1)
    at Module._compile (node:internal/modules/cjs/loader:1257:14)
    at Module._extensions..js (node:internal/modules/cjs/loader:1311:10)
    at Module.load (node:internal/modules/cjs/loader:1115:32)
    at Module._load (node:internal/modules/cjs/loader:962:12)
    at Function.executeUserEntryPoint [as runMain] (node:internal/modules/run_main:83:12) {
  code: &apos;MODULE_NOT_FOUND&apos;,
  requireStack: [
    &apos;/Users/nitsancohen/.bvm/versions/0.2.29/bit-0.2.29/node_modules/@teambit/legacy/bin/bit.js&apos;
  ]
}

Node.js v20.3.1
" type="Error"><![CDATA[Error: Command failed: bit init
node:internal/modules/cjs/loader:1075
  throw err;
  ^

Error: Cannot find module '../node_modules/@teambit/bit/dist/app'
Require stack:
- /Users/nitsancohen/.bvm/versions/0.2.29/bit-0.2.29/node_modules/@teambit/legacy/bin/bit.js
    at Module._resolveFilename (node:internal/modules/cjs/loader:1072:15)
    at Module._load (node:internal/modules/cjs/loader:925:27)
    at Module.require (node:internal/modules/cjs/loader:1139:19)
    at require (node:internal/modules/helpers:121:18)
    at Object.<anonymous> (/Users/nitsancohen/.bvm/versions/0.2.29/bit-0.2.29/node_modules/@teambit/legacy/bin/bit.js:3:1)
    at Module._compile (node:internal/modules/cjs/loader:1257:14)
    at Module._extensions..js (node:internal/modules/cjs/loader:1311:10)
    at Module.load (node:internal/modules/cjs/loader:1115:32)
    at Module._load (node:internal/modules/cjs/loader:962:12)
    at Function.executeUserEntryPoint [as runMain] (node:internal/modules/run_main:83:12) {
  code: 'MODULE_NOT_FOUND',
  requireStack: [
    '/Users/nitsancohen/.bvm/versions/0.2.29/bit-0.2.29/node_modules/@teambit/legacy/bin/bit.js'
  ]
}

Node.js v20.3.1

    at checkExecSyncError (node:child_process:885:11)
    at Object.execSync (node:child_process:957:15)
    at CommandHelper.runCmd (src/e2e-helper/e2e-command-helper.ts:64:22)
    at ScopeHelper.initWorkspace (src/e2e-helper/e2e-scope-helper.ts:126:25)
    at ScopeHelper.reInitLocalScope (src/e2e-helper/e2e-scope-helper.ts:87:10)
    at ScopeHelper.setNewLocalAndRemoteScopes (src/e2e-helper/e2e-scope-helper.ts:141:10)
    at Context.<anonymous> (e2e/harmony/lanes/merge-lanes.e2e.ts:165:26)
    at processImmediate (node:internal/timers:478:21)]]></failure>
    </testcase>
  </testsuite>
  <testsuite name="merging main into local lane when main has tagged versions" timestamp="2023-08-21T21:40:42" tests="1" file="/Users/nitsancohen/coding/my-bit/bit/e2e/harmony/lanes/merge-lanes.e2e.ts" time="0.0600" failures="1">
    <testcase name="merge lanes merging main into local lane when main has tagged versions &quot;before all&quot; hook for &quot;should not throw an error that main lane doesn&apos;t exist&quot;" time="0.0600" classname="&quot;before all&quot; hook for &quot;should not throw an error that main lane doesn&apos;t exist&quot;">
      <failure message="Command failed: bit init
node:internal/modules/cjs/loader:1075
  throw err;
  ^

Error: Cannot find module &apos;../node_modules/@teambit/bit/dist/app&apos;
Require stack:
- /Users/nitsancohen/.bvm/versions/0.2.29/bit-0.2.29/node_modules/@teambit/legacy/bin/bit.js
    at Module._resolveFilename (node:internal/modules/cjs/loader:1072:15)
    at Module._load (node:internal/modules/cjs/loader:925:27)
    at Module.require (node:internal/modules/cjs/loader:1139:19)
    at require (node:internal/modules/helpers:121:18)
    at Object.&lt;anonymous&gt; (/Users/nitsancohen/.bvm/versions/0.2.29/bit-0.2.29/node_modules/@teambit/legacy/bin/bit.js:3:1)
    at Module._compile (node:internal/modules/cjs/loader:1257:14)
    at Module._extensions..js (node:internal/modules/cjs/loader:1311:10)
    at Module.load (node:internal/modules/cjs/loader:1115:32)
    at Module._load (node:internal/modules/cjs/loader:962:12)
    at Function.executeUserEntryPoint [as runMain] (node:internal/modules/run_main:83:12) {
  code: &apos;MODULE_NOT_FOUND&apos;,
  requireStack: [
    &apos;/Users/nitsancohen/.bvm/versions/0.2.29/bit-0.2.29/node_modules/@teambit/legacy/bin/bit.js&apos;
  ]
}

Node.js v20.3.1
" type="Error"><![CDATA[Error: Command failed: bit init
node:internal/modules/cjs/loader:1075
  throw err;
  ^

Error: Cannot find module '../node_modules/@teambit/bit/dist/app'
Require stack:
- /Users/nitsancohen/.bvm/versions/0.2.29/bit-0.2.29/node_modules/@teambit/legacy/bin/bit.js
    at Module._resolveFilename (node:internal/modules/cjs/loader:1072:15)
    at Module._load (node:internal/modules/cjs/loader:925:27)
    at Module.require (node:internal/modules/cjs/loader:1139:19)
    at require (node:internal/modules/helpers:121:18)
    at Object.<anonymous> (/Users/nitsancohen/.bvm/versions/0.2.29/bit-0.2.29/node_modules/@teambit/legacy/bin/bit.js:3:1)
    at Module._compile (node:internal/modules/cjs/loader:1257:14)
    at Module._extensions..js (node:internal/modules/cjs/loader:1311:10)
    at Module.load (node:internal/modules/cjs/loader:1115:32)
    at Module._load (node:internal/modules/cjs/loader:962:12)
    at Function.executeUserEntryPoint [as runMain] (node:internal/modules/run_main:83:12) {
  code: 'MODULE_NOT_FOUND',
  requireStack: [
    '/Users/nitsancohen/.bvm/versions/0.2.29/bit-0.2.29/node_modules/@teambit/legacy/bin/bit.js'
  ]
}

Node.js v20.3.1

    at checkExecSyncError (node:child_process:885:11)
    at Object.execSync (node:child_process:957:15)
    at CommandHelper.runCmd (src/e2e-helper/e2e-command-helper.ts:64:22)
    at ScopeHelper.initWorkspace (src/e2e-helper/e2e-scope-helper.ts:126:25)
    at ScopeHelper.reInitLocalScope (src/e2e-helper/e2e-scope-helper.ts:87:10)
    at ScopeHelper.setNewLocalAndRemoteScopes (src/e2e-helper/e2e-scope-helper.ts:141:10)
    at Context.<anonymous> (e2e/harmony/lanes/merge-lanes.e2e.ts:178:26)
    at processImmediate (node:internal/timers:478:21)]]></failure>
    </testcase>
  </testsuite>
  <testsuite name="merging main into local lane when the lane does not have the main components" timestamp="2023-08-21T21:40:42" tests="1" file="/Users/nitsancohen/coding/my-bit/bit/e2e/harmony/lanes/merge-lanes.e2e.ts" time="0.0590" failures="1">
    <testcase name="merge lanes merging main into local lane when the lane does not have the main components &quot;before all&quot; hook for &quot;should not bring non-lane components from main&quot;" time="0.0590" classname="&quot;before all&quot; hook for &quot;should not bring non-lane components from main&quot;">
      <failure message="Command failed: bit init
node:internal/modules/cjs/loader:1075
  throw err;
  ^

Error: Cannot find module &apos;../node_modules/@teambit/bit/dist/app&apos;
Require stack:
- /Users/nitsancohen/.bvm/versions/0.2.29/bit-0.2.29/node_modules/@teambit/legacy/bin/bit.js
    at Module._resolveFilename (node:internal/modules/cjs/loader:1072:15)
    at Module._load (node:internal/modules/cjs/loader:925:27)
    at Module.require (node:internal/modules/cjs/loader:1139:19)
    at require (node:internal/modules/helpers:121:18)
    at Object.&lt;anonymous&gt; (/Users/nitsancohen/.bvm/versions/0.2.29/bit-0.2.29/node_modules/@teambit/legacy/bin/bit.js:3:1)
    at Module._compile (node:internal/modules/cjs/loader:1257:14)
    at Module._extensions..js (node:internal/modules/cjs/loader:1311:10)
    at Module.load (node:internal/modules/cjs/loader:1115:32)
    at Module._load (node:internal/modules/cjs/loader:962:12)
    at Function.executeUserEntryPoint [as runMain] (node:internal/modules/run_main:83:12) {
  code: &apos;MODULE_NOT_FOUND&apos;,
  requireStack: [
    &apos;/Users/nitsancohen/.bvm/versions/0.2.29/bit-0.2.29/node_modules/@teambit/legacy/bin/bit.js&apos;
  ]
}

Node.js v20.3.1
" type="Error"><![CDATA[Error: Command failed: bit init
node:internal/modules/cjs/loader:1075
  throw err;
  ^

Error: Cannot find module '../node_modules/@teambit/bit/dist/app'
Require stack:
- /Users/nitsancohen/.bvm/versions/0.2.29/bit-0.2.29/node_modules/@teambit/legacy/bin/bit.js
    at Module._resolveFilename (node:internal/modules/cjs/loader:1072:15)
    at Module._load (node:internal/modules/cjs/loader:925:27)
    at Module.require (node:internal/modules/cjs/loader:1139:19)
    at require (node:internal/modules/helpers:121:18)
    at Object.<anonymous> (/Users/nitsancohen/.bvm/versions/0.2.29/bit-0.2.29/node_modules/@teambit/legacy/bin/bit.js:3:1)
    at Module._compile (node:internal/modules/cjs/loader:1257:14)
    at Module._extensions..js (node:internal/modules/cjs/loader:1311:10)
    at Module.load (node:internal/modules/cjs/loader:1115:32)
    at Module._load (node:internal/modules/cjs/loader:962:12)
    at Function.executeUserEntryPoint [as runMain] (node:internal/modules/run_main:83:12) {
  code: 'MODULE_NOT_FOUND',
  requireStack: [
    '/Users/nitsancohen/.bvm/versions/0.2.29/bit-0.2.29/node_modules/@teambit/legacy/bin/bit.js'
  ]
}

Node.js v20.3.1

    at checkExecSyncError (node:child_process:885:11)
    at Object.execSync (node:child_process:957:15)
    at CommandHelper.runCmd (src/e2e-helper/e2e-command-helper.ts:64:22)
    at ScopeHelper.initWorkspace (src/e2e-helper/e2e-scope-helper.ts:126:25)
    at ScopeHelper.reInitLocalScope (src/e2e-helper/e2e-scope-helper.ts:87:10)
    at ScopeHelper.setNewLocalAndRemoteScopes (src/e2e-helper/e2e-scope-helper.ts:141:10)
    at Context.<anonymous> (e2e/harmony/lanes/merge-lanes.e2e.ts:193:26)
    at processImmediate (node:internal/timers:478:21)]]></failure>
    </testcase>
  </testsuite>
  <testsuite name="merging main lane with no snapped components" timestamp="2023-08-21T21:40:42" tests="1" file="/Users/nitsancohen/coding/my-bit/bit/e2e/harmony/lanes/merge-lanes.e2e.ts" time="0.0610" failures="1">
    <testcase name="merge lanes merging main lane with no snapped components &quot;before all&quot; hook for &quot;should not throw an error about missing objects&quot;" time="0.0610" classname="&quot;before all&quot; hook for &quot;should not throw an error about missing objects&quot;">
      <failure message="Command failed: bit init
node:internal/modules/cjs/loader:1075
  throw err;
  ^

Error: Cannot find module &apos;../node_modules/@teambit/bit/dist/app&apos;
Require stack:
- /Users/nitsancohen/.bvm/versions/0.2.29/bit-0.2.29/node_modules/@teambit/legacy/bin/bit.js
    at Module._resolveFilename (node:internal/modules/cjs/loader:1072:15)
    at Module._load (node:internal/modules/cjs/loader:925:27)
    at Module.require (node:internal/modules/cjs/loader:1139:19)
    at require (node:internal/modules/helpers:121:18)
    at Object.&lt;anonymous&gt; (/Users/nitsancohen/.bvm/versions/0.2.29/bit-0.2.29/node_modules/@teambit/legacy/bin/bit.js:3:1)
    at Module._compile (node:internal/modules/cjs/loader:1257:14)
    at Module._extensions..js (node:internal/modules/cjs/loader:1311:10)
    at Module.load (node:internal/modules/cjs/loader:1115:32)
    at Module._load (node:internal/modules/cjs/loader:962:12)
    at Function.executeUserEntryPoint [as runMain] (node:internal/modules/run_main:83:12) {
  code: &apos;MODULE_NOT_FOUND&apos;,
  requireStack: [
    &apos;/Users/nitsancohen/.bvm/versions/0.2.29/bit-0.2.29/node_modules/@teambit/legacy/bin/bit.js&apos;
  ]
}

Node.js v20.3.1
" type="Error"><![CDATA[Error: Command failed: bit init
node:internal/modules/cjs/loader:1075
  throw err;
  ^

Error: Cannot find module '../node_modules/@teambit/bit/dist/app'
Require stack:
- /Users/nitsancohen/.bvm/versions/0.2.29/bit-0.2.29/node_modules/@teambit/legacy/bin/bit.js
    at Module._resolveFilename (node:internal/modules/cjs/loader:1072:15)
    at Module._load (node:internal/modules/cjs/loader:925:27)
    at Module.require (node:internal/modules/cjs/loader:1139:19)
    at require (node:internal/modules/helpers:121:18)
    at Object.<anonymous> (/Users/nitsancohen/.bvm/versions/0.2.29/bit-0.2.29/node_modules/@teambit/legacy/bin/bit.js:3:1)
    at Module._compile (node:internal/modules/cjs/loader:1257:14)
    at Module._extensions..js (node:internal/modules/cjs/loader:1311:10)
    at Module.load (node:internal/modules/cjs/loader:1115:32)
    at Module._load (node:internal/modules/cjs/loader:962:12)
    at Function.executeUserEntryPoint [as runMain] (node:internal/modules/run_main:83:12) {
  code: 'MODULE_NOT_FOUND',
  requireStack: [
    '/Users/nitsancohen/.bvm/versions/0.2.29/bit-0.2.29/node_modules/@teambit/legacy/bin/bit.js'
  ]
}

Node.js v20.3.1

    at checkExecSyncError (node:child_process:885:11)
    at Object.execSync (node:child_process:957:15)
    at CommandHelper.runCmd (src/e2e-helper/e2e-command-helper.ts:64:22)
    at ScopeHelper.initWorkspace (src/e2e-helper/e2e-scope-helper.ts:126:25)
    at ScopeHelper.reInitLocalScope (src/e2e-helper/e2e-scope-helper.ts:87:10)
    at ScopeHelper.setNewLocalAndRemoteScopes (src/e2e-helper/e2e-scope-helper.ts:141:10)
    at Context.<anonymous> (e2e/harmony/lanes/merge-lanes.e2e.ts:208:26)
    at processImmediate (node:internal/timers:478:21)]]></failure>
    </testcase>
  </testsuite>
  <testsuite name="merging a lane into main when main is empty" timestamp="2023-08-21T21:40:42" tests="2" file="/Users/nitsancohen/coding/my-bit/bit/e2e/harmony/lanes/merge-lanes.e2e.ts" time="0.0610" failures="1">
    <testcase name="merge lanes merging a lane into main when main is empty &quot;before all&quot; hook for &quot;should not throw an error that head is empty&quot;" time="0.0610" classname="&quot;before all&quot; hook for &quot;should not throw an error that head is empty&quot;">
      <failure message="Command failed: bit init
node:internal/modules/cjs/loader:1075
  throw err;
  ^

Error: Cannot find module &apos;../node_modules/@teambit/bit/dist/app&apos;
Require stack:
- /Users/nitsancohen/.bvm/versions/0.2.29/bit-0.2.29/node_modules/@teambit/legacy/bin/bit.js
    at Module._resolveFilename (node:internal/modules/cjs/loader:1072:15)
    at Module._load (node:internal/modules/cjs/loader:925:27)
    at Module.require (node:internal/modules/cjs/loader:1139:19)
    at require (node:internal/modules/helpers:121:18)
    at Object.&lt;anonymous&gt; (/Users/nitsancohen/.bvm/versions/0.2.29/bit-0.2.29/node_modules/@teambit/legacy/bin/bit.js:3:1)
    at Module._compile (node:internal/modules/cjs/loader:1257:14)
    at Module._extensions..js (node:internal/modules/cjs/loader:1311:10)
    at Module.load (node:internal/modules/cjs/loader:1115:32)
    at Module._load (node:internal/modules/cjs/loader:962:12)
    at Function.executeUserEntryPoint [as runMain] (node:internal/modules/run_main:83:12) {
  code: &apos;MODULE_NOT_FOUND&apos;,
  requireStack: [
    &apos;/Users/nitsancohen/.bvm/versions/0.2.29/bit-0.2.29/node_modules/@teambit/legacy/bin/bit.js&apos;
  ]
}

Node.js v20.3.1
" type="Error"><![CDATA[Error: Command failed: bit init
node:internal/modules/cjs/loader:1075
  throw err;
  ^

Error: Cannot find module '../node_modules/@teambit/bit/dist/app'
Require stack:
- /Users/nitsancohen/.bvm/versions/0.2.29/bit-0.2.29/node_modules/@teambit/legacy/bin/bit.js
    at Module._resolveFilename (node:internal/modules/cjs/loader:1072:15)
    at Module._load (node:internal/modules/cjs/loader:925:27)
    at Module.require (node:internal/modules/cjs/loader:1139:19)
    at require (node:internal/modules/helpers:121:18)
    at Object.<anonymous> (/Users/nitsancohen/.bvm/versions/0.2.29/bit-0.2.29/node_modules/@teambit/legacy/bin/bit.js:3:1)
    at Module._compile (node:internal/modules/cjs/loader:1257:14)
    at Module._extensions..js (node:internal/modules/cjs/loader:1311:10)
    at Module.load (node:internal/modules/cjs/loader:1115:32)
    at Module._load (node:internal/modules/cjs/loader:962:12)
    at Function.executeUserEntryPoint [as runMain] (node:internal/modules/run_main:83:12) {
  code: 'MODULE_NOT_FOUND',
  requireStack: [
    '/Users/nitsancohen/.bvm/versions/0.2.29/bit-0.2.29/node_modules/@teambit/legacy/bin/bit.js'
  ]
}

Node.js v20.3.1

    at checkExecSyncError (node:child_process:885:11)
    at Object.execSync (node:child_process:957:15)
    at CommandHelper.runCmd (src/e2e-helper/e2e-command-helper.ts:64:22)
    at ScopeHelper.initWorkspace (src/e2e-helper/e2e-scope-helper.ts:126:25)
    at ScopeHelper.reInitLocalScope (src/e2e-helper/e2e-scope-helper.ts:87:10)
    at ScopeHelper.setNewLocalAndRemoteScopes (src/e2e-helper/e2e-scope-helper.ts:141:10)
    at Context.<anonymous> (e2e/harmony/lanes/merge-lanes.e2e.ts:222:26)
    at processImmediate (node:internal/timers:478:21)]]></failure>
    </testcase>
  </testsuite>
  <testsuite name="merge with squash" timestamp="2023-08-21T21:40:42" tests="1" file="/Users/nitsancohen/coding/my-bit/bit/e2e/harmony/lanes/merge-lanes.e2e.ts" time="0.0600" failures="1">
    <testcase name="merge lanes merge with squash &quot;before all&quot; hook for &quot;should squash the snaps and leave only the last one&quot;" time="0.0600" classname="&quot;before all&quot; hook for &quot;should squash the snaps and leave only the last one&quot;">
      <failure message="Command failed: bit init
node:internal/modules/cjs/loader:1075
  throw err;
  ^

Error: Cannot find module &apos;../node_modules/@teambit/bit/dist/app&apos;
Require stack:
- /Users/nitsancohen/.bvm/versions/0.2.29/bit-0.2.29/node_modules/@teambit/legacy/bin/bit.js
    at Module._resolveFilename (node:internal/modules/cjs/loader:1072:15)
    at Module._load (node:internal/modules/cjs/loader:925:27)
    at Module.require (node:internal/modules/cjs/loader:1139:19)
    at require (node:internal/modules/helpers:121:18)
    at Object.&lt;anonymous&gt; (/Users/nitsancohen/.bvm/versions/0.2.29/bit-0.2.29/node_modules/@teambit/legacy/bin/bit.js:3:1)
    at Module._compile (node:internal/modules/cjs/loader:1257:14)
    at Module._extensions..js (node:internal/modules/cjs/loader:1311:10)
    at Module.load (node:internal/modules/cjs/loader:1115:32)
    at Module._load (node:internal/modules/cjs/loader:962:12)
    at Function.executeUserEntryPoint [as runMain] (node:internal/modules/run_main:83:12) {
  code: &apos;MODULE_NOT_FOUND&apos;,
  requireStack: [
    &apos;/Users/nitsancohen/.bvm/versions/0.2.29/bit-0.2.29/node_modules/@teambit/legacy/bin/bit.js&apos;
  ]
}

Node.js v20.3.1
" type="Error"><![CDATA[Error: Command failed: bit init
node:internal/modules/cjs/loader:1075
  throw err;
  ^

Error: Cannot find module '../node_modules/@teambit/bit/dist/app'
Require stack:
- /Users/nitsancohen/.bvm/versions/0.2.29/bit-0.2.29/node_modules/@teambit/legacy/bin/bit.js
    at Module._resolveFilename (node:internal/modules/cjs/loader:1072:15)
    at Module._load (node:internal/modules/cjs/loader:925:27)
    at Module.require (node:internal/modules/cjs/loader:1139:19)
    at require (node:internal/modules/helpers:121:18)
    at Object.<anonymous> (/Users/nitsancohen/.bvm/versions/0.2.29/bit-0.2.29/node_modules/@teambit/legacy/bin/bit.js:3:1)
    at Module._compile (node:internal/modules/cjs/loader:1257:14)
    at Module._extensions..js (node:internal/modules/cjs/loader:1311:10)
    at Module.load (node:internal/modules/cjs/loader:1115:32)
    at Module._load (node:internal/modules/cjs/loader:962:12)
    at Function.executeUserEntryPoint [as runMain] (node:internal/modules/run_main:83:12) {
  code: 'MODULE_NOT_FOUND',
  requireStack: [
    '/Users/nitsancohen/.bvm/versions/0.2.29/bit-0.2.29/node_modules/@teambit/legacy/bin/bit.js'
  ]
}

Node.js v20.3.1

    at checkExecSyncError (node:child_process:885:11)
    at Object.execSync (node:child_process:957:15)
    at CommandHelper.runCmd (src/e2e-helper/e2e-command-helper.ts:64:22)
    at ScopeHelper.initWorkspace (src/e2e-helper/e2e-scope-helper.ts:126:25)
    at ScopeHelper.reInitLocalScope (src/e2e-helper/e2e-scope-helper.ts:87:10)
    at ScopeHelper.setNewLocalAndRemoteScopes (src/e2e-helper/e2e-scope-helper.ts:141:10)
    at Context.<anonymous> (e2e/harmony/lanes/merge-lanes.e2e.ts:241:26)
    at processImmediate (node:internal/timers:478:21)]]></failure>
    </testcase>
  </testsuite>
  <testsuite name="merge with squash when other lane is ahead by only 1 snap, so no need to squash" timestamp="2023-08-21T21:40:42" tests="1" file="/Users/nitsancohen/coding/my-bit/bit/e2e/harmony/lanes/merge-lanes.e2e.ts" time="0.0600" failures="1">
    <testcase name="merge lanes merge with squash when other lane is ahead by only 1 snap, so no need to squash &quot;before all&quot; hook for &quot;should not add the squashed prop into the version object&quot;" time="0.0600" classname="&quot;before all&quot; hook for &quot;should not add the squashed prop into the version object&quot;">
      <failure message="Command failed: bit init
node:internal/modules/cjs/loader:1075
  throw err;
  ^

Error: Cannot find module &apos;../node_modules/@teambit/bit/dist/app&apos;
Require stack:
- /Users/nitsancohen/.bvm/versions/0.2.29/bit-0.2.29/node_modules/@teambit/legacy/bin/bit.js
    at Module._resolveFilename (node:internal/modules/cjs/loader:1072:15)
    at Module._load (node:internal/modules/cjs/loader:925:27)
    at Module.require (node:internal/modules/cjs/loader:1139:19)
    at require (node:internal/modules/helpers:121:18)
    at Object.&lt;anonymous&gt; (/Users/nitsancohen/.bvm/versions/0.2.29/bit-0.2.29/node_modules/@teambit/legacy/bin/bit.js:3:1)
    at Module._compile (node:internal/modules/cjs/loader:1257:14)
    at Module._extensions..js (node:internal/modules/cjs/loader:1311:10)
    at Module.load (node:internal/modules/cjs/loader:1115:32)
    at Module._load (node:internal/modules/cjs/loader:962:12)
    at Function.executeUserEntryPoint [as runMain] (node:internal/modules/run_main:83:12) {
  code: &apos;MODULE_NOT_FOUND&apos;,
  requireStack: [
    &apos;/Users/nitsancohen/.bvm/versions/0.2.29/bit-0.2.29/node_modules/@teambit/legacy/bin/bit.js&apos;
  ]
}

Node.js v20.3.1
" type="Error"><![CDATA[Error: Command failed: bit init
node:internal/modules/cjs/loader:1075
  throw err;
  ^

Error: Cannot find module '../node_modules/@teambit/bit/dist/app'
Require stack:
- /Users/nitsancohen/.bvm/versions/0.2.29/bit-0.2.29/node_modules/@teambit/legacy/bin/bit.js
    at Module._resolveFilename (node:internal/modules/cjs/loader:1072:15)
    at Module._load (node:internal/modules/cjs/loader:925:27)
    at Module.require (node:internal/modules/cjs/loader:1139:19)
    at require (node:internal/modules/helpers:121:18)
    at Object.<anonymous> (/Users/nitsancohen/.bvm/versions/0.2.29/bit-0.2.29/node_modules/@teambit/legacy/bin/bit.js:3:1)
    at Module._compile (node:internal/modules/cjs/loader:1257:14)
    at Module._extensions..js (node:internal/modules/cjs/loader:1311:10)
    at Module.load (node:internal/modules/cjs/loader:1115:32)
    at Module._load (node:internal/modules/cjs/loader:962:12)
    at Function.executeUserEntryPoint [as runMain] (node:internal/modules/run_main:83:12) {
  code: 'MODULE_NOT_FOUND',
  requireStack: [
    '/Users/nitsancohen/.bvm/versions/0.2.29/bit-0.2.29/node_modules/@teambit/legacy/bin/bit.js'
  ]
}

Node.js v20.3.1

    at checkExecSyncError (node:child_process:885:11)
    at Object.execSync (node:child_process:957:15)
    at CommandHelper.runCmd (src/e2e-helper/e2e-command-helper.ts:64:22)
    at ScopeHelper.initWorkspace (src/e2e-helper/e2e-scope-helper.ts:126:25)
    at ScopeHelper.reInitLocalScope (src/e2e-helper/e2e-scope-helper.ts:87:10)
    at ScopeHelper.setNewLocalAndRemoteScopes (src/e2e-helper/e2e-scope-helper.ts:141:10)
    at Context.<anonymous> (e2e/harmony/lanes/merge-lanes.e2e.ts:270:26)
    at processImmediate (node:internal/timers:478:21)]]></failure>
    </testcase>
  </testsuite>
  <testsuite name="merge with squash after exporting and importing the lane to a new workspace" timestamp="2023-08-21T21:40:42" tests="2" file="/Users/nitsancohen/coding/my-bit/bit/e2e/harmony/lanes/merge-lanes.e2e.ts" time="0.0610" failures="1">
    <testcase name="merge lanes merge with squash after exporting and importing the lane to a new workspace &quot;before all&quot; hook for &quot;should be able to run bit-import&quot;" time="0.0610" classname="&quot;before all&quot; hook for &quot;should be able to run bit-import&quot;">
      <failure message="Command failed: bit init
node:internal/modules/cjs/loader:1075
  throw err;
  ^

Error: Cannot find module &apos;../node_modules/@teambit/bit/dist/app&apos;
Require stack:
- /Users/nitsancohen/.bvm/versions/0.2.29/bit-0.2.29/node_modules/@teambit/legacy/bin/bit.js
    at Module._resolveFilename (node:internal/modules/cjs/loader:1072:15)
    at Module._load (node:internal/modules/cjs/loader:925:27)
    at Module.require (node:internal/modules/cjs/loader:1139:19)
    at require (node:internal/modules/helpers:121:18)
    at Object.&lt;anonymous&gt; (/Users/nitsancohen/.bvm/versions/0.2.29/bit-0.2.29/node_modules/@teambit/legacy/bin/bit.js:3:1)
    at Module._compile (node:internal/modules/cjs/loader:1257:14)
    at Module._extensions..js (node:internal/modules/cjs/loader:1311:10)
    at Module.load (node:internal/modules/cjs/loader:1115:32)
    at Module._load (node:internal/modules/cjs/loader:962:12)
    at Function.executeUserEntryPoint [as runMain] (node:internal/modules/run_main:83:12) {
  code: &apos;MODULE_NOT_FOUND&apos;,
  requireStack: [
    &apos;/Users/nitsancohen/.bvm/versions/0.2.29/bit-0.2.29/node_modules/@teambit/legacy/bin/bit.js&apos;
  ]
}

Node.js v20.3.1
" type="Error"><![CDATA[Error: Command failed: bit init
node:internal/modules/cjs/loader:1075
  throw err;
  ^

Error: Cannot find module '../node_modules/@teambit/bit/dist/app'
Require stack:
- /Users/nitsancohen/.bvm/versions/0.2.29/bit-0.2.29/node_modules/@teambit/legacy/bin/bit.js
    at Module._resolveFilename (node:internal/modules/cjs/loader:1072:15)
    at Module._load (node:internal/modules/cjs/loader:925:27)
    at Module.require (node:internal/modules/cjs/loader:1139:19)
    at require (node:internal/modules/helpers:121:18)
    at Object.<anonymous> (/Users/nitsancohen/.bvm/versions/0.2.29/bit-0.2.29/node_modules/@teambit/legacy/bin/bit.js:3:1)
    at Module._compile (node:internal/modules/cjs/loader:1257:14)
    at Module._extensions..js (node:internal/modules/cjs/loader:1311:10)
    at Module.load (node:internal/modules/cjs/loader:1115:32)
    at Module._load (node:internal/modules/cjs/loader:962:12)
    at Function.executeUserEntryPoint [as runMain] (node:internal/modules/run_main:83:12) {
  code: 'MODULE_NOT_FOUND',
  requireStack: [
    '/Users/nitsancohen/.bvm/versions/0.2.29/bit-0.2.29/node_modules/@teambit/legacy/bin/bit.js'
  ]
}

Node.js v20.3.1

    at checkExecSyncError (node:child_process:885:11)
    at Object.execSync (node:child_process:957:15)
    at CommandHelper.runCmd (src/e2e-helper/e2e-command-helper.ts:64:22)
    at ScopeHelper.initWorkspace (src/e2e-helper/e2e-scope-helper.ts:126:25)
    at ScopeHelper.reInitLocalScope (src/e2e-helper/e2e-scope-helper.ts:87:10)
    at ScopeHelper.setNewLocalAndRemoteScopes (src/e2e-helper/e2e-scope-helper.ts:141:10)
    at Context.<anonymous> (e2e/harmony/lanes/merge-lanes.e2e.ts:288:26)
    at processImmediate (node:internal/timers:478:21)]]></failure>
    </testcase>
  </testsuite>
  <testsuite name="partial merge" timestamp="2023-08-21T21:40:42" tests="0" file="/Users/nitsancohen/coding/my-bit/bit/e2e/harmony/lanes/merge-lanes.e2e.ts" time="0.0000" failures="0">
  </testsuite>
  <testsuite name="from a lane to main" timestamp="2023-08-21T21:40:42" tests="0" file="/Users/nitsancohen/coding/my-bit/bit/e2e/harmony/lanes/merge-lanes.e2e.ts" time="0.0600" failures="1">
    <testcase name="merge lanes partial merge from a lane to main &quot;before all&quot; hook in &quot;from a lane to main&quot;" time="0.0600" classname="&quot;before all&quot; hook in &quot;from a lane to main&quot;">
      <failure message="Command failed: bit init
node:internal/modules/cjs/loader:1075
  throw err;
  ^

Error: Cannot find module &apos;../node_modules/@teambit/bit/dist/app&apos;
Require stack:
- /Users/nitsancohen/.bvm/versions/0.2.29/bit-0.2.29/node_modules/@teambit/legacy/bin/bit.js
    at Module._resolveFilename (node:internal/modules/cjs/loader:1072:15)
    at Module._load (node:internal/modules/cjs/loader:925:27)
    at Module.require (node:internal/modules/cjs/loader:1139:19)
    at require (node:internal/modules/helpers:121:18)
    at Object.&lt;anonymous&gt; (/Users/nitsancohen/.bvm/versions/0.2.29/bit-0.2.29/node_modules/@teambit/legacy/bin/bit.js:3:1)
    at Module._compile (node:internal/modules/cjs/loader:1257:14)
    at Module._extensions..js (node:internal/modules/cjs/loader:1311:10)
    at Module.load (node:internal/modules/cjs/loader:1115:32)
    at Module._load (node:internal/modules/cjs/loader:962:12)
    at Function.executeUserEntryPoint [as runMain] (node:internal/modules/run_main:83:12) {
  code: &apos;MODULE_NOT_FOUND&apos;,
  requireStack: [
    &apos;/Users/nitsancohen/.bvm/versions/0.2.29/bit-0.2.29/node_modules/@teambit/legacy/bin/bit.js&apos;
  ]
}

Node.js v20.3.1
" type="Error"><![CDATA[Error: Command failed: bit init
node:internal/modules/cjs/loader:1075
  throw err;
  ^

Error: Cannot find module '../node_modules/@teambit/bit/dist/app'
Require stack:
- /Users/nitsancohen/.bvm/versions/0.2.29/bit-0.2.29/node_modules/@teambit/legacy/bin/bit.js
    at Module._resolveFilename (node:internal/modules/cjs/loader:1072:15)
    at Module._load (node:internal/modules/cjs/loader:925:27)
    at Module.require (node:internal/modules/cjs/loader:1139:19)
    at require (node:internal/modules/helpers:121:18)
    at Object.<anonymous> (/Users/nitsancohen/.bvm/versions/0.2.29/bit-0.2.29/node_modules/@teambit/legacy/bin/bit.js:3:1)
    at Module._compile (node:internal/modules/cjs/loader:1257:14)
    at Module._extensions..js (node:internal/modules/cjs/loader:1311:10)
    at Module.load (node:internal/modules/cjs/loader:1115:32)
    at Module._load (node:internal/modules/cjs/loader:962:12)
    at Function.executeUserEntryPoint [as runMain] (node:internal/modules/run_main:83:12) {
  code: 'MODULE_NOT_FOUND',
  requireStack: [
    '/Users/nitsancohen/.bvm/versions/0.2.29/bit-0.2.29/node_modules/@teambit/legacy/bin/bit.js'
  ]
}

Node.js v20.3.1

    at checkExecSyncError (node:child_process:885:11)
    at Object.execSync (node:child_process:957:15)
    at CommandHelper.runCmd (src/e2e-helper/e2e-command-helper.ts:64:22)
    at ScopeHelper.initWorkspace (src/e2e-helper/e2e-scope-helper.ts:126:25)
    at ScopeHelper.reInitLocalScope (src/e2e-helper/e2e-scope-helper.ts:87:10)
    at ScopeHelper.setNewLocalAndRemoteScopes (src/e2e-helper/e2e-scope-helper.ts:141:10)
    at Context.<anonymous> (e2e/harmony/lanes/merge-lanes.e2e.ts:335:28)
    at processImmediate (node:internal/timers:478:21)]]></failure>
    </testcase>
  </testsuite>
  <testsuite name="getting updates from main when lane is diverge" timestamp="2023-08-21T21:40:42" tests="2" file="/Users/nitsancohen/coding/my-bit/bit/e2e/harmony/lanes/merge-lanes.e2e.ts" time="0.0600" failures="1">
    <testcase name="merge lanes getting updates from main when lane is diverge &quot;before all&quot; hook for &quot;bit import should not bring the latest main objects&quot;" time="0.0600" classname="&quot;before all&quot; hook for &quot;bit import should not bring the latest main objects&quot;">
      <failure message="Command failed: bit init
node:internal/modules/cjs/loader:1075
  throw err;
  ^

Error: Cannot find module &apos;../node_modules/@teambit/bit/dist/app&apos;
Require stack:
- /Users/nitsancohen/.bvm/versions/0.2.29/bit-0.2.29/node_modules/@teambit/legacy/bin/bit.js
    at Module._resolveFilename (node:internal/modules/cjs/loader:1072:15)
    at Module._load (node:internal/modules/cjs/loader:925:27)
    at Module.require (node:internal/modules/cjs/loader:1139:19)
    at require (node:internal/modules/helpers:121:18)
    at Object.&lt;anonymous&gt; (/Users/nitsancohen/.bvm/versions/0.2.29/bit-0.2.29/node_modules/@teambit/legacy/bin/bit.js:3:1)
    at Module._compile (node:internal/modules/cjs/loader:1257:14)
    at Module._extensions..js (node:internal/modules/cjs/loader:1311:10)
    at Module.load (node:internal/modules/cjs/loader:1115:32)
    at Module._load (node:internal/modules/cjs/loader:962:12)
    at Function.executeUserEntryPoint [as runMain] (node:internal/modules/run_main:83:12) {
  code: &apos;MODULE_NOT_FOUND&apos;,
  requireStack: [
    &apos;/Users/nitsancohen/.bvm/versions/0.2.29/bit-0.2.29/node_modules/@teambit/legacy/bin/bit.js&apos;
  ]
}

Node.js v20.3.1
" type="Error"><![CDATA[Error: Command failed: bit init
node:internal/modules/cjs/loader:1075
  throw err;
  ^

Error: Cannot find module '../node_modules/@teambit/bit/dist/app'
Require stack:
- /Users/nitsancohen/.bvm/versions/0.2.29/bit-0.2.29/node_modules/@teambit/legacy/bin/bit.js
    at Module._resolveFilename (node:internal/modules/cjs/loader:1072:15)
    at Module._load (node:internal/modules/cjs/loader:925:27)
    at Module.require (node:internal/modules/cjs/loader:1139:19)
    at require (node:internal/modules/helpers:121:18)
    at Object.<anonymous> (/Users/nitsancohen/.bvm/versions/0.2.29/bit-0.2.29/node_modules/@teambit/legacy/bin/bit.js:3:1)
    at Module._compile (node:internal/modules/cjs/loader:1257:14)
    at Module._extensions..js (node:internal/modules/cjs/loader:1311:10)
    at Module.load (node:internal/modules/cjs/loader:1115:32)
    at Module._load (node:internal/modules/cjs/loader:962:12)
    at Function.executeUserEntryPoint [as runMain] (node:internal/modules/run_main:83:12) {
  code: 'MODULE_NOT_FOUND',
  requireStack: [
    '/Users/nitsancohen/.bvm/versions/0.2.29/bit-0.2.29/node_modules/@teambit/legacy/bin/bit.js'
  ]
}

Node.js v20.3.1

    at checkExecSyncError (node:child_process:885:11)
    at Object.execSync (node:child_process:957:15)
    at CommandHelper.runCmd (src/e2e-helper/e2e-command-helper.ts:64:22)
    at ScopeHelper.initWorkspace (src/e2e-helper/e2e-scope-helper.ts:126:25)
    at ScopeHelper.reInitLocalScope (src/e2e-helper/e2e-scope-helper.ts:87:10)
    at ScopeHelper.setNewLocalAndRemoteScopes (src/e2e-helper/e2e-scope-helper.ts:141:10)
    at Context.<anonymous> (e2e/harmony/lanes/merge-lanes.e2e.ts:378:26)
    at processImmediate (node:internal/timers:478:21)]]></failure>
    </testcase>
  </testsuite>
  <testsuite name="getting new files when lane is diverge from another lane" timestamp="2023-08-21T21:40:42" tests="1" file="/Users/nitsancohen/coding/my-bit/bit/e2e/harmony/lanes/merge-lanes.e2e.ts" time="0.0600" failures="1">
    <testcase name="merge lanes getting new files when lane is diverge from another lane &quot;before all&quot; hook for &quot;should add the newly added file&quot;" time="0.0600" classname="&quot;before all&quot; hook for &quot;should add the newly added file&quot;">
      <failure message="Command failed: bit init
node:internal/modules/cjs/loader:1075
  throw err;
  ^

Error: Cannot find module &apos;../node_modules/@teambit/bit/dist/app&apos;
Require stack:
- /Users/nitsancohen/.bvm/versions/0.2.29/bit-0.2.29/node_modules/@teambit/legacy/bin/bit.js
    at Module._resolveFilename (node:internal/modules/cjs/loader:1072:15)
    at Module._load (node:internal/modules/cjs/loader:925:27)
    at Module.require (node:internal/modules/cjs/loader:1139:19)
    at require (node:internal/modules/helpers:121:18)
    at Object.&lt;anonymous&gt; (/Users/nitsancohen/.bvm/versions/0.2.29/bit-0.2.29/node_modules/@teambit/legacy/bin/bit.js:3:1)
    at Module._compile (node:internal/modules/cjs/loader:1257:14)
    at Module._extensions..js (node:internal/modules/cjs/loader:1311:10)
    at Module.load (node:internal/modules/cjs/loader:1115:32)
    at Module._load (node:internal/modules/cjs/loader:962:12)
    at Function.executeUserEntryPoint [as runMain] (node:internal/modules/run_main:83:12) {
  code: &apos;MODULE_NOT_FOUND&apos;,
  requireStack: [
    &apos;/Users/nitsancohen/.bvm/versions/0.2.29/bit-0.2.29/node_modules/@teambit/legacy/bin/bit.js&apos;
  ]
}

Node.js v20.3.1
" type="Error"><![CDATA[Error: Command failed: bit init
node:internal/modules/cjs/loader:1075
  throw err;
  ^

Error: Cannot find module '../node_modules/@teambit/bit/dist/app'
Require stack:
- /Users/nitsancohen/.bvm/versions/0.2.29/bit-0.2.29/node_modules/@teambit/legacy/bin/bit.js
    at Module._resolveFilename (node:internal/modules/cjs/loader:1072:15)
    at Module._load (node:internal/modules/cjs/loader:925:27)
    at Module.require (node:internal/modules/cjs/loader:1139:19)
    at require (node:internal/modules/helpers:121:18)
    at Object.<anonymous> (/Users/nitsancohen/.bvm/versions/0.2.29/bit-0.2.29/node_modules/@teambit/legacy/bin/bit.js:3:1)
    at Module._compile (node:internal/modules/cjs/loader:1257:14)
    at Module._extensions..js (node:internal/modules/cjs/loader:1311:10)
    at Module.load (node:internal/modules/cjs/loader:1115:32)
    at Module._load (node:internal/modules/cjs/loader:962:12)
    at Function.executeUserEntryPoint [as runMain] (node:internal/modules/run_main:83:12) {
  code: 'MODULE_NOT_FOUND',
  requireStack: [
    '/Users/nitsancohen/.bvm/versions/0.2.29/bit-0.2.29/node_modules/@teambit/legacy/bin/bit.js'
  ]
}

Node.js v20.3.1

    at checkExecSyncError (node:child_process:885:11)
    at Object.execSync (node:child_process:957:15)
    at CommandHelper.runCmd (src/e2e-helper/e2e-command-helper.ts:64:22)
    at ScopeHelper.initWorkspace (src/e2e-helper/e2e-scope-helper.ts:126:25)
    at ScopeHelper.reInitLocalScope (src/e2e-helper/e2e-scope-helper.ts:87:10)
    at ScopeHelper.setNewLocalAndRemoteScopes (src/e2e-helper/e2e-scope-helper.ts:141:10)
    at Context.<anonymous> (e2e/harmony/lanes/merge-lanes.e2e.ts:468:26)
    at processImmediate (node:internal/timers:478:21)]]></failure>
    </testcase>
  </testsuite>
  <testsuite name="merge file changes from one lane to another" timestamp="2023-08-21T21:40:42" tests="1" file="/Users/nitsancohen/coding/my-bit/bit/e2e/harmony/lanes/merge-lanes.e2e.ts" time="0.0600" failures="1">
    <testcase name="merge lanes merge file changes from one lane to another &quot;before all&quot; hook for &quot;should save the latest versions from that lane into the local lane&quot;" time="0.0600" classname="&quot;before all&quot; hook for &quot;should save the latest versions from that lane into the local lane&quot;">
      <failure message="Command failed: bit init
node:internal/modules/cjs/loader:1075
  throw err;
  ^

Error: Cannot find module &apos;../node_modules/@teambit/bit/dist/app&apos;
Require stack:
- /Users/nitsancohen/.bvm/versions/0.2.29/bit-0.2.29/node_modules/@teambit/legacy/bin/bit.js
    at Module._resolveFilename (node:internal/modules/cjs/loader:1072:15)
    at Module._load (node:internal/modules/cjs/loader:925:27)
    at Module.require (node:internal/modules/cjs/loader:1139:19)
    at require (node:internal/modules/helpers:121:18)
    at Object.&lt;anonymous&gt; (/Users/nitsancohen/.bvm/versions/0.2.29/bit-0.2.29/node_modules/@teambit/legacy/bin/bit.js:3:1)
    at Module._compile (node:internal/modules/cjs/loader:1257:14)
    at Module._extensions..js (node:internal/modules/cjs/loader:1311:10)
    at Module.load (node:internal/modules/cjs/loader:1115:32)
    at Module._load (node:internal/modules/cjs/loader:962:12)
    at Function.executeUserEntryPoint [as runMain] (node:internal/modules/run_main:83:12) {
  code: &apos;MODULE_NOT_FOUND&apos;,
  requireStack: [
    &apos;/Users/nitsancohen/.bvm/versions/0.2.29/bit-0.2.29/node_modules/@teambit/legacy/bin/bit.js&apos;
  ]
}

Node.js v20.3.1
" type="Error"><![CDATA[Error: Command failed: bit init
node:internal/modules/cjs/loader:1075
  throw err;
  ^

Error: Cannot find module '../node_modules/@teambit/bit/dist/app'
Require stack:
- /Users/nitsancohen/.bvm/versions/0.2.29/bit-0.2.29/node_modules/@teambit/legacy/bin/bit.js
    at Module._resolveFilename (node:internal/modules/cjs/loader:1072:15)
    at Module._load (node:internal/modules/cjs/loader:925:27)
    at Module.require (node:internal/modules/cjs/loader:1139:19)
    at require (node:internal/modules/helpers:121:18)
    at Object.<anonymous> (/Users/nitsancohen/.bvm/versions/0.2.29/bit-0.2.29/node_modules/@teambit/legacy/bin/bit.js:3:1)
    at Module._compile (node:internal/modules/cjs/loader:1257:14)
    at Module._extensions..js (node:internal/modules/cjs/loader:1311:10)
    at Module.load (node:internal/modules/cjs/loader:1115:32)
    at Module._load (node:internal/modules/cjs/loader:962:12)
    at Function.executeUserEntryPoint [as runMain] (node:internal/modules/run_main:83:12) {
  code: 'MODULE_NOT_FOUND',
  requireStack: [
    '/Users/nitsancohen/.bvm/versions/0.2.29/bit-0.2.29/node_modules/@teambit/legacy/bin/bit.js'
  ]
}

Node.js v20.3.1

    at checkExecSyncError (node:child_process:885:11)
    at Object.execSync (node:child_process:957:15)
    at CommandHelper.runCmd (src/e2e-helper/e2e-command-helper.ts:64:22)
    at ScopeHelper.initWorkspace (src/e2e-helper/e2e-scope-helper.ts:126:25)
    at ScopeHelper.reInitLocalScope (src/e2e-helper/e2e-scope-helper.ts:87:10)
    at ScopeHelper.setNewLocalAndRemoteScopes (src/e2e-helper/e2e-scope-helper.ts:141:10)
    at Context.<anonymous> (e2e/harmony/lanes/merge-lanes.e2e.ts:498:26)
    at processImmediate (node:internal/timers:478:21)]]></failure>
    </testcase>
  </testsuite>
  <testsuite name="multiple scopes when a component in the origin is different than on the lane" timestamp="2023-08-21T21:40:43" tests="1" file="/Users/nitsancohen/coding/my-bit/bit/e2e/harmony/lanes/merge-lanes.e2e.ts" time="0.0610" failures="1">
    <testcase name="merge lanes multiple scopes when a component in the origin is different than on the lane &quot;before all&quot; hook for &quot;bit status should have the component as pendingUpdatesFromMain with an noCommonSnap error&quot;" time="0.0610" classname="&quot;before all&quot; hook for &quot;bit status should have the component as pendingUpdatesFromMain with an noCommonSnap error&quot;">
      <failure message="Command failed: bit init
node:internal/modules/cjs/loader:1075
  throw err;
  ^

Error: Cannot find module &apos;../node_modules/@teambit/bit/dist/app&apos;
Require stack:
- /Users/nitsancohen/.bvm/versions/0.2.29/bit-0.2.29/node_modules/@teambit/legacy/bin/bit.js
    at Module._resolveFilename (node:internal/modules/cjs/loader:1072:15)
    at Module._load (node:internal/modules/cjs/loader:925:27)
    at Module.require (node:internal/modules/cjs/loader:1139:19)
    at require (node:internal/modules/helpers:121:18)
    at Object.&lt;anonymous&gt; (/Users/nitsancohen/.bvm/versions/0.2.29/bit-0.2.29/node_modules/@teambit/legacy/bin/bit.js:3:1)
    at Module._compile (node:internal/modules/cjs/loader:1257:14)
    at Module._extensions..js (node:internal/modules/cjs/loader:1311:10)
    at Module.load (node:internal/modules/cjs/loader:1115:32)
    at Module._load (node:internal/modules/cjs/loader:962:12)
    at Function.executeUserEntryPoint [as runMain] (node:internal/modules/run_main:83:12) {
  code: &apos;MODULE_NOT_FOUND&apos;,
  requireStack: [
    &apos;/Users/nitsancohen/.bvm/versions/0.2.29/bit-0.2.29/node_modules/@teambit/legacy/bin/bit.js&apos;
  ]
}

Node.js v20.3.1
" type="Error"><![CDATA[Error: Command failed: bit init
node:internal/modules/cjs/loader:1075
  throw err;
  ^

Error: Cannot find module '../node_modules/@teambit/bit/dist/app'
Require stack:
- /Users/nitsancohen/.bvm/versions/0.2.29/bit-0.2.29/node_modules/@teambit/legacy/bin/bit.js
    at Module._resolveFilename (node:internal/modules/cjs/loader:1072:15)
    at Module._load (node:internal/modules/cjs/loader:925:27)
    at Module.require (node:internal/modules/cjs/loader:1139:19)
    at require (node:internal/modules/helpers:121:18)
    at Object.<anonymous> (/Users/nitsancohen/.bvm/versions/0.2.29/bit-0.2.29/node_modules/@teambit/legacy/bin/bit.js:3:1)
    at Module._compile (node:internal/modules/cjs/loader:1257:14)
    at Module._extensions..js (node:internal/modules/cjs/loader:1311:10)
    at Module.load (node:internal/modules/cjs/loader:1115:32)
    at Module._load (node:internal/modules/cjs/loader:962:12)
    at Function.executeUserEntryPoint [as runMain] (node:internal/modules/run_main:83:12) {
  code: 'MODULE_NOT_FOUND',
  requireStack: [
    '/Users/nitsancohen/.bvm/versions/0.2.29/bit-0.2.29/node_modules/@teambit/legacy/bin/bit.js'
  ]
}

Node.js v20.3.1

    at checkExecSyncError (node:child_process:885:11)
    at Object.execSync (node:child_process:957:15)
    at CommandHelper.runCmd (src/e2e-helper/e2e-command-helper.ts:64:22)
    at ScopeHelper.initWorkspace (src/e2e-helper/e2e-scope-helper.ts:126:25)
    at ScopeHelper.reInitLocalScope (src/e2e-helper/e2e-scope-helper.ts:87:10)
    at ScopeHelper.setNewLocalAndRemoteScopes (src/e2e-helper/e2e-scope-helper.ts:141:10)
    at Context.<anonymous> (e2e/harmony/lanes/merge-lanes.e2e.ts:527:26)
    at processImmediate (node:internal/timers:478:21)]]></failure>
    </testcase>
  </testsuite>
  <testsuite name="merge lanes when local-lane has soft-removed components and the other lane is behind" timestamp="2023-08-21T21:40:43" tests="1" file="/Users/nitsancohen/coding/my-bit/bit/e2e/harmony/lanes/merge-lanes.e2e.ts" time="0.0600" failures="1">
    <testcase name="merge lanes merge lanes when local-lane has soft-removed components and the other lane is behind &quot;before all&quot; hook for &quot;should not bring the removed components&quot;" time="0.0600" classname="&quot;before all&quot; hook for &quot;should not bring the removed components&quot;">
      <failure message="Command failed: bit init
node:internal/modules/cjs/loader:1075
  throw err;
  ^

Error: Cannot find module &apos;../node_modules/@teambit/bit/dist/app&apos;
Require stack:
- /Users/nitsancohen/.bvm/versions/0.2.29/bit-0.2.29/node_modules/@teambit/legacy/bin/bit.js
    at Module._resolveFilename (node:internal/modules/cjs/loader:1072:15)
    at Module._load (node:internal/modules/cjs/loader:925:27)
    at Module.require (node:internal/modules/cjs/loader:1139:19)
    at require (node:internal/modules/helpers:121:18)
    at Object.&lt;anonymous&gt; (/Users/nitsancohen/.bvm/versions/0.2.29/bit-0.2.29/node_modules/@teambit/legacy/bin/bit.js:3:1)
    at Module._compile (node:internal/modules/cjs/loader:1257:14)
    at Module._extensions..js (node:internal/modules/cjs/loader:1311:10)
    at Module.load (node:internal/modules/cjs/loader:1115:32)
    at Module._load (node:internal/modules/cjs/loader:962:12)
    at Function.executeUserEntryPoint [as runMain] (node:internal/modules/run_main:83:12) {
  code: &apos;MODULE_NOT_FOUND&apos;,
  requireStack: [
    &apos;/Users/nitsancohen/.bvm/versions/0.2.29/bit-0.2.29/node_modules/@teambit/legacy/bin/bit.js&apos;
  ]
}

Node.js v20.3.1
" type="Error"><![CDATA[Error: Command failed: bit init
node:internal/modules/cjs/loader:1075
  throw err;
  ^

Error: Cannot find module '../node_modules/@teambit/bit/dist/app'
Require stack:
- /Users/nitsancohen/.bvm/versions/0.2.29/bit-0.2.29/node_modules/@teambit/legacy/bin/bit.js
    at Module._resolveFilename (node:internal/modules/cjs/loader:1072:15)
    at Module._load (node:internal/modules/cjs/loader:925:27)
    at Module.require (node:internal/modules/cjs/loader:1139:19)
    at require (node:internal/modules/helpers:121:18)
    at Object.<anonymous> (/Users/nitsancohen/.bvm/versions/0.2.29/bit-0.2.29/node_modules/@teambit/legacy/bin/bit.js:3:1)
    at Module._compile (node:internal/modules/cjs/loader:1257:14)
    at Module._extensions..js (node:internal/modules/cjs/loader:1311:10)
    at Module.load (node:internal/modules/cjs/loader:1115:32)
    at Module._load (node:internal/modules/cjs/loader:962:12)
    at Function.executeUserEntryPoint [as runMain] (node:internal/modules/run_main:83:12) {
  code: 'MODULE_NOT_FOUND',
  requireStack: [
    '/Users/nitsancohen/.bvm/versions/0.2.29/bit-0.2.29/node_modules/@teambit/legacy/bin/bit.js'
  ]
}

Node.js v20.3.1

    at checkExecSyncError (node:child_process:885:11)
    at Object.execSync (node:child_process:957:15)
    at CommandHelper.runCmd (src/e2e-helper/e2e-command-helper.ts:64:22)
    at ScopeHelper.initWorkspace (src/e2e-helper/e2e-scope-helper.ts:126:25)
    at ScopeHelper.reInitLocalScope (src/e2e-helper/e2e-scope-helper.ts:87:10)
    at ScopeHelper.setNewLocalAndRemoteScopes (src/e2e-helper/e2e-scope-helper.ts:141:10)
    at Context.<anonymous> (e2e/harmony/lanes/merge-lanes.e2e.ts:729:26)
    at processImmediate (node:internal/timers:478:21)]]></failure>
    </testcase>
  </testsuite>
  <testsuite name="merge lanes when local-lane has soft-removed components and the other lane is diverge" timestamp="2023-08-21T21:40:43" tests="3" file="/Users/nitsancohen/coding/my-bit/bit/e2e/harmony/lanes/merge-lanes.e2e.ts" time="0.0620" failures="1">
    <testcase name="merge lanes merge lanes when local-lane has soft-removed components and the other lane is diverge &quot;before all&quot; hook for &quot;should bring the removed component because it may have changed and these changes are needed for other components&quot;" time="0.0620" classname="&quot;before all&quot; hook for &quot;should bring the removed component because it may have changed and these changes are needed for other components&quot;">
      <failure message="Command failed: bit init
node:internal/modules/cjs/loader:1075
  throw err;
  ^

Error: Cannot find module &apos;../node_modules/@teambit/bit/dist/app&apos;
Require stack:
- /Users/nitsancohen/.bvm/versions/0.2.29/bit-0.2.29/node_modules/@teambit/legacy/bin/bit.js
    at Module._resolveFilename (node:internal/modules/cjs/loader:1072:15)
    at Module._load (node:internal/modules/cjs/loader:925:27)
    at Module.require (node:internal/modules/cjs/loader:1139:19)
    at require (node:internal/modules/helpers:121:18)
    at Object.&lt;anonymous&gt; (/Users/nitsancohen/.bvm/versions/0.2.29/bit-0.2.29/node_modules/@teambit/legacy/bin/bit.js:3:1)
    at Module._compile (node:internal/modules/cjs/loader:1257:14)
    at Module._extensions..js (node:internal/modules/cjs/loader:1311:10)
    at Module.load (node:internal/modules/cjs/loader:1115:32)
    at Module._load (node:internal/modules/cjs/loader:962:12)
    at Function.executeUserEntryPoint [as runMain] (node:internal/modules/run_main:83:12) {
  code: &apos;MODULE_NOT_FOUND&apos;,
  requireStack: [
    &apos;/Users/nitsancohen/.bvm/versions/0.2.29/bit-0.2.29/node_modules/@teambit/legacy/bin/bit.js&apos;
  ]
}

Node.js v20.3.1
" type="Error"><![CDATA[Error: Command failed: bit init
node:internal/modules/cjs/loader:1075
  throw err;
  ^

Error: Cannot find module '../node_modules/@teambit/bit/dist/app'
Require stack:
- /Users/nitsancohen/.bvm/versions/0.2.29/bit-0.2.29/node_modules/@teambit/legacy/bin/bit.js
    at Module._resolveFilename (node:internal/modules/cjs/loader:1072:15)
    at Module._load (node:internal/modules/cjs/loader:925:27)
    at Module.require (node:internal/modules/cjs/loader:1139:19)
    at require (node:internal/modules/helpers:121:18)
    at Object.<anonymous> (/Users/nitsancohen/.bvm/versions/0.2.29/bit-0.2.29/node_modules/@teambit/legacy/bin/bit.js:3:1)
    at Module._compile (node:internal/modules/cjs/loader:1257:14)
    at Module._extensions..js (node:internal/modules/cjs/loader:1311:10)
    at Module.load (node:internal/modules/cjs/loader:1115:32)
    at Module._load (node:internal/modules/cjs/loader:962:12)
    at Function.executeUserEntryPoint [as runMain] (node:internal/modules/run_main:83:12) {
  code: 'MODULE_NOT_FOUND',
  requireStack: [
    '/Users/nitsancohen/.bvm/versions/0.2.29/bit-0.2.29/node_modules/@teambit/legacy/bin/bit.js'
  ]
}

Node.js v20.3.1

    at checkExecSyncError (node:child_process:885:11)
    at Object.execSync (node:child_process:957:15)
    at CommandHelper.runCmd (src/e2e-helper/e2e-command-helper.ts:64:22)
    at ScopeHelper.initWorkspace (src/e2e-helper/e2e-scope-helper.ts:126:25)
    at ScopeHelper.reInitLocalScope (src/e2e-helper/e2e-scope-helper.ts:87:10)
    at ScopeHelper.setNewLocalAndRemoteScopes (src/e2e-helper/e2e-scope-helper.ts:141:10)
    at Context.<anonymous> (e2e/harmony/lanes/merge-lanes.e2e.ts:751:26)
    at processImmediate (node:internal/timers:478:21)]]></failure>
    </testcase>
  </testsuite>
  <testsuite name="merge a diverged lane into main with --tag" timestamp="2023-08-21T21:40:43" tests="2" file="/Users/nitsancohen/coding/my-bit/bit/e2e/harmony/lanes/merge-lanes.e2e.ts" time="0.0710" failures="1">
    <testcase name="merge lanes merge a diverged lane into main with --tag &quot;before all&quot; hook for &quot;should merge-tag instead of merge-snap&quot;" time="0.0710" classname="&quot;before all&quot; hook for &quot;should merge-tag instead of merge-snap&quot;">
      <failure message="Command failed: bit init
node:internal/modules/cjs/loader:1075
  throw err;
  ^

Error: Cannot find module &apos;../node_modules/@teambit/bit/dist/app&apos;
Require stack:
- /Users/nitsancohen/.bvm/versions/0.2.29/bit-0.2.29/node_modules/@teambit/legacy/bin/bit.js
    at Module._resolveFilename (node:internal/modules/cjs/loader:1072:15)
    at Module._load (node:internal/modules/cjs/loader:925:27)
    at Module.require (node:internal/modules/cjs/loader:1139:19)
    at require (node:internal/modules/helpers:121:18)
    at Object.&lt;anonymous&gt; (/Users/nitsancohen/.bvm/versions/0.2.29/bit-0.2.29/node_modules/@teambit/legacy/bin/bit.js:3:1)
    at Module._compile (node:internal/modules/cjs/loader:1257:14)
    at Module._extensions..js (node:internal/modules/cjs/loader:1311:10)
    at Module.load (node:internal/modules/cjs/loader:1115:32)
    at Module._load (node:internal/modules/cjs/loader:962:12)
    at Function.executeUserEntryPoint [as runMain] (node:internal/modules/run_main:83:12) {
  code: &apos;MODULE_NOT_FOUND&apos;,
  requireStack: [
    &apos;/Users/nitsancohen/.bvm/versions/0.2.29/bit-0.2.29/node_modules/@teambit/legacy/bin/bit.js&apos;
  ]
}

Node.js v20.3.1
" type="Error"><![CDATA[Error: Command failed: bit init
node:internal/modules/cjs/loader:1075
  throw err;
  ^

Error: Cannot find module '../node_modules/@teambit/bit/dist/app'
Require stack:
- /Users/nitsancohen/.bvm/versions/0.2.29/bit-0.2.29/node_modules/@teambit/legacy/bin/bit.js
    at Module._resolveFilename (node:internal/modules/cjs/loader:1072:15)
    at Module._load (node:internal/modules/cjs/loader:925:27)
    at Module.require (node:internal/modules/cjs/loader:1139:19)
    at require (node:internal/modules/helpers:121:18)
    at Object.<anonymous> (/Users/nitsancohen/.bvm/versions/0.2.29/bit-0.2.29/node_modules/@teambit/legacy/bin/bit.js:3:1)
    at Module._compile (node:internal/modules/cjs/loader:1257:14)
    at Module._extensions..js (node:internal/modules/cjs/loader:1311:10)
    at Module.load (node:internal/modules/cjs/loader:1115:32)
    at Module._load (node:internal/modules/cjs/loader:962:12)
    at Function.executeUserEntryPoint [as runMain] (node:internal/modules/run_main:83:12) {
  code: 'MODULE_NOT_FOUND',
  requireStack: [
    '/Users/nitsancohen/.bvm/versions/0.2.29/bit-0.2.29/node_modules/@teambit/legacy/bin/bit.js'
  ]
}

Node.js v20.3.1

    at checkExecSyncError (node:child_process:885:11)
    at Object.execSync (node:child_process:957:15)
    at CommandHelper.runCmd (src/e2e-helper/e2e-command-helper.ts:64:22)
    at ScopeHelper.initWorkspace (src/e2e-helper/e2e-scope-helper.ts:126:25)
    at ScopeHelper.reInitLocalScope (src/e2e-helper/e2e-scope-helper.ts:87:10)
    at ScopeHelper.setNewLocalAndRemoteScopes (src/e2e-helper/e2e-scope-helper.ts:141:10)
    at Context.<anonymous> (e2e/harmony/lanes/merge-lanes.e2e.ts:784:26)
    at processImmediate (node:internal/timers:478:21)]]></failure>
    </testcase>
  </testsuite>
  <testsuite name="auto-snap during merge when the snap is failing" timestamp="2023-08-21T21:40:43" tests="1" file="/Users/nitsancohen/coding/my-bit/bit/e2e/harmony/lanes/merge-lanes.e2e.ts" time="0.0610" failures="1">
    <testcase name="merge lanes auto-snap during merge when the snap is failing &quot;before all&quot; hook for &quot;should not change the .bitmap with the failed-snap version&quot;" time="0.0610" classname="&quot;before all&quot; hook for &quot;should not change the .bitmap with the failed-snap version&quot;">
      <failure message="Command failed: bit init
node:internal/modules/cjs/loader:1075
  throw err;
  ^

Error: Cannot find module &apos;../node_modules/@teambit/bit/dist/app&apos;
Require stack:
- /Users/nitsancohen/.bvm/versions/0.2.29/bit-0.2.29/node_modules/@teambit/legacy/bin/bit.js
    at Module._resolveFilename (node:internal/modules/cjs/loader:1072:15)
    at Module._load (node:internal/modules/cjs/loader:925:27)
    at Module.require (node:internal/modules/cjs/loader:1139:19)
    at require (node:internal/modules/helpers:121:18)
    at Object.&lt;anonymous&gt; (/Users/nitsancohen/.bvm/versions/0.2.29/bit-0.2.29/node_modules/@teambit/legacy/bin/bit.js:3:1)
    at Module._compile (node:internal/modules/cjs/loader:1257:14)
    at Module._extensions..js (node:internal/modules/cjs/loader:1311:10)
    at Module.load (node:internal/modules/cjs/loader:1115:32)
    at Module._load (node:internal/modules/cjs/loader:962:12)
    at Function.executeUserEntryPoint [as runMain] (node:internal/modules/run_main:83:12) {
  code: &apos;MODULE_NOT_FOUND&apos;,
  requireStack: [
    &apos;/Users/nitsancohen/.bvm/versions/0.2.29/bit-0.2.29/node_modules/@teambit/legacy/bin/bit.js&apos;
  ]
}

Node.js v20.3.1
" type="Error"><![CDATA[Error: Command failed: bit init
node:internal/modules/cjs/loader:1075
  throw err;
  ^

Error: Cannot find module '../node_modules/@teambit/bit/dist/app'
Require stack:
- /Users/nitsancohen/.bvm/versions/0.2.29/bit-0.2.29/node_modules/@teambit/legacy/bin/bit.js
    at Module._resolveFilename (node:internal/modules/cjs/loader:1072:15)
    at Module._load (node:internal/modules/cjs/loader:925:27)
    at Module.require (node:internal/modules/cjs/loader:1139:19)
    at require (node:internal/modules/helpers:121:18)
    at Object.<anonymous> (/Users/nitsancohen/.bvm/versions/0.2.29/bit-0.2.29/node_modules/@teambit/legacy/bin/bit.js:3:1)
    at Module._compile (node:internal/modules/cjs/loader:1257:14)
    at Module._extensions..js (node:internal/modules/cjs/loader:1311:10)
    at Module.load (node:internal/modules/cjs/loader:1115:32)
    at Module._load (node:internal/modules/cjs/loader:962:12)
    at Function.executeUserEntryPoint [as runMain] (node:internal/modules/run_main:83:12) {
  code: 'MODULE_NOT_FOUND',
  requireStack: [
    '/Users/nitsancohen/.bvm/versions/0.2.29/bit-0.2.29/node_modules/@teambit/legacy/bin/bit.js'
  ]
}

Node.js v20.3.1

    at checkExecSyncError (node:child_process:885:11)
    at Object.execSync (node:child_process:957:15)
    at CommandHelper.runCmd (src/e2e-helper/e2e-command-helper.ts:64:22)
    at ScopeHelper.initWorkspace (src/e2e-helper/e2e-scope-helper.ts:126:25)
    at ScopeHelper.reInitLocalScope (src/e2e-helper/e2e-scope-helper.ts:87:10)
    at ScopeHelper.setNewLocalAndRemoteScopes (src/e2e-helper/e2e-scope-helper.ts:141:10)
    at Context.<anonymous> (e2e/harmony/lanes/merge-lanes.e2e.ts:806:26)
    at processImmediate (node:internal/timers:478:21)]]></failure>
    </testcase>
  </testsuite>
  <testsuite name="merge from scope lane to main (squash)" timestamp="2023-08-21T21:40:43" tests="4" file="/Users/nitsancohen/coding/my-bit/bit/e2e/harmony/lanes/merge-lanes.e2e.ts" time="0.0600" failures="1">
    <testcase name="merge lanes merge from scope lane to main (squash) &quot;before all&quot; hook for &quot;should merge to main&quot;" time="0.0600" classname="&quot;before all&quot; hook for &quot;should merge to main&quot;">
      <failure message="Command failed: bit init
node:internal/modules/cjs/loader:1075
  throw err;
  ^

Error: Cannot find module &apos;../node_modules/@teambit/bit/dist/app&apos;
Require stack:
- /Users/nitsancohen/.bvm/versions/0.2.29/bit-0.2.29/node_modules/@teambit/legacy/bin/bit.js
    at Module._resolveFilename (node:internal/modules/cjs/loader:1072:15)
    at Module._load (node:internal/modules/cjs/loader:925:27)
    at Module.require (node:internal/modules/cjs/loader:1139:19)
    at require (node:internal/modules/helpers:121:18)
    at Object.&lt;anonymous&gt; (/Users/nitsancohen/.bvm/versions/0.2.29/bit-0.2.29/node_modules/@teambit/legacy/bin/bit.js:3:1)
    at Module._compile (node:internal/modules/cjs/loader:1257:14)
    at Module._extensions..js (node:internal/modules/cjs/loader:1311:10)
    at Module.load (node:internal/modules/cjs/loader:1115:32)
    at Module._load (node:internal/modules/cjs/loader:962:12)
    at Function.executeUserEntryPoint [as runMain] (node:internal/modules/run_main:83:12) {
  code: &apos;MODULE_NOT_FOUND&apos;,
  requireStack: [
    &apos;/Users/nitsancohen/.bvm/versions/0.2.29/bit-0.2.29/node_modules/@teambit/legacy/bin/bit.js&apos;
  ]
}

Node.js v20.3.1
" type="Error"><![CDATA[Error: Command failed: bit init
node:internal/modules/cjs/loader:1075
  throw err;
  ^

Error: Cannot find module '../node_modules/@teambit/bit/dist/app'
Require stack:
- /Users/nitsancohen/.bvm/versions/0.2.29/bit-0.2.29/node_modules/@teambit/legacy/bin/bit.js
    at Module._resolveFilename (node:internal/modules/cjs/loader:1072:15)
    at Module._load (node:internal/modules/cjs/loader:925:27)
    at Module.require (node:internal/modules/cjs/loader:1139:19)
    at require (node:internal/modules/helpers:121:18)
    at Object.<anonymous> (/Users/nitsancohen/.bvm/versions/0.2.29/bit-0.2.29/node_modules/@teambit/legacy/bin/bit.js:3:1)
    at Module._compile (node:internal/modules/cjs/loader:1257:14)
    at Module._extensions..js (node:internal/modules/cjs/loader:1311:10)
    at Module.load (node:internal/modules/cjs/loader:1115:32)
    at Module._load (node:internal/modules/cjs/loader:962:12)
    at Function.executeUserEntryPoint [as runMain] (node:internal/modules/run_main:83:12) {
  code: 'MODULE_NOT_FOUND',
  requireStack: [
    '/Users/nitsancohen/.bvm/versions/0.2.29/bit-0.2.29/node_modules/@teambit/legacy/bin/bit.js'
  ]
}

Node.js v20.3.1

    at checkExecSyncError (node:child_process:885:11)
    at Object.execSync (node:child_process:957:15)
    at CommandHelper.runCmd (src/e2e-helper/e2e-command-helper.ts:64:22)
    at ScopeHelper.initWorkspace (src/e2e-helper/e2e-scope-helper.ts:126:25)
    at ScopeHelper.reInitLocalScope (src/e2e-helper/e2e-scope-helper.ts:87:10)
    at ScopeHelper.setNewLocalAndRemoteScopes (src/e2e-helper/e2e-scope-helper.ts:141:10)
    at Context.<anonymous> (e2e/harmony/lanes/merge-lanes.e2e.ts:832:26)
    at processImmediate (node:internal/timers:478:21)]]></failure>
    </testcase>
  </testsuite>
  <testsuite name="merge from scope lane to another lane (no squash)" timestamp="2023-08-21T21:40:43" tests="2" file="/Users/nitsancohen/coding/my-bit/bit/e2e/harmony/lanes/merge-lanes.e2e.ts" time="0.0610" failures="1">
    <testcase name="merge lanes merge from scope lane to another lane (no squash) &quot;before all&quot; hook for &quot;should merge to lane-a&quot;" time="0.0610" classname="&quot;before all&quot; hook for &quot;should merge to lane-a&quot;">
      <failure message="Command failed: bit init
node:internal/modules/cjs/loader:1075
  throw err;
  ^

Error: Cannot find module &apos;../node_modules/@teambit/bit/dist/app&apos;
Require stack:
- /Users/nitsancohen/.bvm/versions/0.2.29/bit-0.2.29/node_modules/@teambit/legacy/bin/bit.js
    at Module._resolveFilename (node:internal/modules/cjs/loader:1072:15)
    at Module._load (node:internal/modules/cjs/loader:925:27)
    at Module.require (node:internal/modules/cjs/loader:1139:19)
    at require (node:internal/modules/helpers:121:18)
    at Object.&lt;anonymous&gt; (/Users/nitsancohen/.bvm/versions/0.2.29/bit-0.2.29/node_modules/@teambit/legacy/bin/bit.js:3:1)
    at Module._compile (node:internal/modules/cjs/loader:1257:14)
    at Module._extensions..js (node:internal/modules/cjs/loader:1311:10)
    at Module.load (node:internal/modules/cjs/loader:1115:32)
    at Module._load (node:internal/modules/cjs/loader:962:12)
    at Function.executeUserEntryPoint [as runMain] (node:internal/modules/run_main:83:12) {
  code: &apos;MODULE_NOT_FOUND&apos;,
  requireStack: [
    &apos;/Users/nitsancohen/.bvm/versions/0.2.29/bit-0.2.29/node_modules/@teambit/legacy/bin/bit.js&apos;
  ]
}

Node.js v20.3.1
" type="Error"><![CDATA[Error: Command failed: bit init
node:internal/modules/cjs/loader:1075
  throw err;
  ^

Error: Cannot find module '../node_modules/@teambit/bit/dist/app'
Require stack:
- /Users/nitsancohen/.bvm/versions/0.2.29/bit-0.2.29/node_modules/@teambit/legacy/bin/bit.js
    at Module._resolveFilename (node:internal/modules/cjs/loader:1072:15)
    at Module._load (node:internal/modules/cjs/loader:925:27)
    at Module.require (node:internal/modules/cjs/loader:1139:19)
    at require (node:internal/modules/helpers:121:18)
    at Object.<anonymous> (/Users/nitsancohen/.bvm/versions/0.2.29/bit-0.2.29/node_modules/@teambit/legacy/bin/bit.js:3:1)
    at Module._compile (node:internal/modules/cjs/loader:1257:14)
    at Module._extensions..js (node:internal/modules/cjs/loader:1311:10)
    at Module.load (node:internal/modules/cjs/loader:1115:32)
    at Module._load (node:internal/modules/cjs/loader:962:12)
    at Function.executeUserEntryPoint [as runMain] (node:internal/modules/run_main:83:12) {
  code: 'MODULE_NOT_FOUND',
  requireStack: [
    '/Users/nitsancohen/.bvm/versions/0.2.29/bit-0.2.29/node_modules/@teambit/legacy/bin/bit.js'
  ]
}

Node.js v20.3.1

    at checkExecSyncError (node:child_process:885:11)
    at Object.execSync (node:child_process:957:15)
    at CommandHelper.runCmd (src/e2e-helper/e2e-command-helper.ts:64:22)
    at ScopeHelper.initWorkspace (src/e2e-helper/e2e-scope-helper.ts:126:25)
    at ScopeHelper.reInitLocalScope (src/e2e-helper/e2e-scope-helper.ts:87:10)
    at ScopeHelper.setNewLocalAndRemoteScopes (src/e2e-helper/e2e-scope-helper.ts:141:10)
    at Context.<anonymous> (e2e/harmony/lanes/merge-lanes.e2e.ts:902:26)
    at processImmediate (node:internal/timers:478:21)]]></failure>
    </testcase>
  </testsuite>
  <testsuite name="merge from scope with multiple scopes and --push flag" timestamp="2023-08-21T21:40:43" tests="2" file="/Users/nitsancohen/coding/my-bit/bit/e2e/harmony/lanes/merge-lanes.e2e.ts" time="0.0600" failures="1">
    <testcase name="merge lanes merge from scope with multiple scopes and --push flag &quot;before all&quot; hook for &quot;should export the modified components to the remote&quot;" time="0.0600" classname="&quot;before all&quot; hook for &quot;should export the modified components to the remote&quot;">
      <failure message="Command failed: bit init
node:internal/modules/cjs/loader:1075
  throw err;
  ^

Error: Cannot find module &apos;../node_modules/@teambit/bit/dist/app&apos;
Require stack:
- /Users/nitsancohen/.bvm/versions/0.2.29/bit-0.2.29/node_modules/@teambit/legacy/bin/bit.js
    at Module._resolveFilename (node:internal/modules/cjs/loader:1072:15)
    at Module._load (node:internal/modules/cjs/loader:925:27)
    at Module.require (node:internal/modules/cjs/loader:1139:19)
    at require (node:internal/modules/helpers:121:18)
    at Object.&lt;anonymous&gt; (/Users/nitsancohen/.bvm/versions/0.2.29/bit-0.2.29/node_modules/@teambit/legacy/bin/bit.js:3:1)
    at Module._compile (node:internal/modules/cjs/loader:1257:14)
    at Module._extensions..js (node:internal/modules/cjs/loader:1311:10)
    at Module.load (node:internal/modules/cjs/loader:1115:32)
    at Module._load (node:internal/modules/cjs/loader:962:12)
    at Function.executeUserEntryPoint [as runMain] (node:internal/modules/run_main:83:12) {
  code: &apos;MODULE_NOT_FOUND&apos;,
  requireStack: [
    &apos;/Users/nitsancohen/.bvm/versions/0.2.29/bit-0.2.29/node_modules/@teambit/legacy/bin/bit.js&apos;
  ]
}

Node.js v20.3.1
" type="Error"><![CDATA[Error: Command failed: bit init
node:internal/modules/cjs/loader:1075
  throw err;
  ^

Error: Cannot find module '../node_modules/@teambit/bit/dist/app'
Require stack:
- /Users/nitsancohen/.bvm/versions/0.2.29/bit-0.2.29/node_modules/@teambit/legacy/bin/bit.js
    at Module._resolveFilename (node:internal/modules/cjs/loader:1072:15)
    at Module._load (node:internal/modules/cjs/loader:925:27)
    at Module.require (node:internal/modules/cjs/loader:1139:19)
    at require (node:internal/modules/helpers:121:18)
    at Object.<anonymous> (/Users/nitsancohen/.bvm/versions/0.2.29/bit-0.2.29/node_modules/@teambit/legacy/bin/bit.js:3:1)
    at Module._compile (node:internal/modules/cjs/loader:1257:14)
    at Module._extensions..js (node:internal/modules/cjs/loader:1311:10)
    at Module.load (node:internal/modules/cjs/loader:1115:32)
    at Module._load (node:internal/modules/cjs/loader:962:12)
    at Function.executeUserEntryPoint [as runMain] (node:internal/modules/run_main:83:12) {
  code: 'MODULE_NOT_FOUND',
  requireStack: [
    '/Users/nitsancohen/.bvm/versions/0.2.29/bit-0.2.29/node_modules/@teambit/legacy/bin/bit.js'
  ]
}

Node.js v20.3.1

    at checkExecSyncError (node:child_process:885:11)
    at Object.execSync (node:child_process:957:15)
    at CommandHelper.runCmd (src/e2e-helper/e2e-command-helper.ts:64:22)
    at ScopeHelper.initWorkspace (src/e2e-helper/e2e-scope-helper.ts:126:25)
    at ScopeHelper.reInitLocalScope (src/e2e-helper/e2e-scope-helper.ts:87:10)
    at ScopeHelper.setNewLocalAndRemoteScopes (src/e2e-helper/e2e-scope-helper.ts:141:10)
    at Context.<anonymous> (e2e/harmony/lanes/merge-lanes.e2e.ts:966:26)
    at processImmediate (node:internal/timers:478:21)]]></failure>
    </testcase>
  </testsuite>
  <testsuite name="merge from scope lane to main when it is not up to date" timestamp="2023-08-21T21:40:43" tests="1" file="/Users/nitsancohen/coding/my-bit/bit/e2e/harmony/lanes/merge-lanes.e2e.ts" time="0.0600" failures="1">
    <testcase name="merge lanes merge from scope lane to main when it is not up to date &quot;before all&quot; hook for &quot;should throw&quot;" time="0.0600" classname="&quot;before all&quot; hook for &quot;should throw&quot;">
      <failure message="Command failed: bit init
node:internal/modules/cjs/loader:1075
  throw err;
  ^

Error: Cannot find module &apos;../node_modules/@teambit/bit/dist/app&apos;
Require stack:
- /Users/nitsancohen/.bvm/versions/0.2.29/bit-0.2.29/node_modules/@teambit/legacy/bin/bit.js
    at Module._resolveFilename (node:internal/modules/cjs/loader:1072:15)
    at Module._load (node:internal/modules/cjs/loader:925:27)
    at Module.require (node:internal/modules/cjs/loader:1139:19)
    at require (node:internal/modules/helpers:121:18)
    at Object.&lt;anonymous&gt; (/Users/nitsancohen/.bvm/versions/0.2.29/bit-0.2.29/node_modules/@teambit/legacy/bin/bit.js:3:1)
    at Module._compile (node:internal/modules/cjs/loader:1257:14)
    at Module._extensions..js (node:internal/modules/cjs/loader:1311:10)
    at Module.load (node:internal/modules/cjs/loader:1115:32)
    at Module._load (node:internal/modules/cjs/loader:962:12)
    at Function.executeUserEntryPoint [as runMain] (node:internal/modules/run_main:83:12) {
  code: &apos;MODULE_NOT_FOUND&apos;,
  requireStack: [
    &apos;/Users/nitsancohen/.bvm/versions/0.2.29/bit-0.2.29/node_modules/@teambit/legacy/bin/bit.js&apos;
  ]
}

Node.js v20.3.1
" type="Error"><![CDATA[Error: Command failed: bit init
node:internal/modules/cjs/loader:1075
  throw err;
  ^

Error: Cannot find module '../node_modules/@teambit/bit/dist/app'
Require stack:
- /Users/nitsancohen/.bvm/versions/0.2.29/bit-0.2.29/node_modules/@teambit/legacy/bin/bit.js
    at Module._resolveFilename (node:internal/modules/cjs/loader:1072:15)
    at Module._load (node:internal/modules/cjs/loader:925:27)
    at Module.require (node:internal/modules/cjs/loader:1139:19)
    at require (node:internal/modules/helpers:121:18)
    at Object.<anonymous> (/Users/nitsancohen/.bvm/versions/0.2.29/bit-0.2.29/node_modules/@teambit/legacy/bin/bit.js:3:1)
    at Module._compile (node:internal/modules/cjs/loader:1257:14)
    at Module._extensions..js (node:internal/modules/cjs/loader:1311:10)
    at Module.load (node:internal/modules/cjs/loader:1115:32)
    at Module._load (node:internal/modules/cjs/loader:962:12)
    at Function.executeUserEntryPoint [as runMain] (node:internal/modules/run_main:83:12) {
  code: 'MODULE_NOT_FOUND',
  requireStack: [
    '/Users/nitsancohen/.bvm/versions/0.2.29/bit-0.2.29/node_modules/@teambit/legacy/bin/bit.js'
  ]
}

Node.js v20.3.1

    at checkExecSyncError (node:child_process:885:11)
    at Object.execSync (node:child_process:957:15)
    at CommandHelper.runCmd (src/e2e-helper/e2e-command-helper.ts:64:22)
    at ScopeHelper.initWorkspace (src/e2e-helper/e2e-scope-helper.ts:126:25)
    at ScopeHelper.reInitLocalScope (src/e2e-helper/e2e-scope-helper.ts:87:10)
    at ScopeHelper.setNewLocalAndRemoteScopes (src/e2e-helper/e2e-scope-helper.ts:141:10)
    at Context.<anonymous> (e2e/harmony/lanes/merge-lanes.e2e.ts:1005:26)
    at processImmediate (node:internal/timers:478:21)]]></failure>
    </testcase>
  </testsuite>
  <testsuite name="merge lane with comp-1 to an empty lane with .bitmap has the component" timestamp="2023-08-21T21:40:43" tests="1" file="/Users/nitsancohen/coding/my-bit/bit/e2e/harmony/lanes/merge-lanes.e2e.ts" time="0.0600" failures="1">
    <testcase name="merge lanes merge lane with comp-1 to an empty lane with .bitmap has the component &quot;before all&quot; hook for &quot;should merge&quot;" time="0.0600" classname="&quot;before all&quot; hook for &quot;should merge&quot;">
      <failure message="Command failed: bit init
node:internal/modules/cjs/loader:1075
  throw err;
  ^

Error: Cannot find module &apos;../node_modules/@teambit/bit/dist/app&apos;
Require stack:
- /Users/nitsancohen/.bvm/versions/0.2.29/bit-0.2.29/node_modules/@teambit/legacy/bin/bit.js
    at Module._resolveFilename (node:internal/modules/cjs/loader:1072:15)
    at Module._load (node:internal/modules/cjs/loader:925:27)
    at Module.require (node:internal/modules/cjs/loader:1139:19)
    at require (node:internal/modules/helpers:121:18)
    at Object.&lt;anonymous&gt; (/Users/nitsancohen/.bvm/versions/0.2.29/bit-0.2.29/node_modules/@teambit/legacy/bin/bit.js:3:1)
    at Module._compile (node:internal/modules/cjs/loader:1257:14)
    at Module._extensions..js (node:internal/modules/cjs/loader:1311:10)
    at Module.load (node:internal/modules/cjs/loader:1115:32)
    at Module._load (node:internal/modules/cjs/loader:962:12)
    at Function.executeUserEntryPoint [as runMain] (node:internal/modules/run_main:83:12) {
  code: &apos;MODULE_NOT_FOUND&apos;,
  requireStack: [
    &apos;/Users/nitsancohen/.bvm/versions/0.2.29/bit-0.2.29/node_modules/@teambit/legacy/bin/bit.js&apos;
  ]
}

Node.js v20.3.1
" type="Error"><![CDATA[Error: Command failed: bit init
node:internal/modules/cjs/loader:1075
  throw err;
  ^

Error: Cannot find module '../node_modules/@teambit/bit/dist/app'
Require stack:
- /Users/nitsancohen/.bvm/versions/0.2.29/bit-0.2.29/node_modules/@teambit/legacy/bin/bit.js
    at Module._resolveFilename (node:internal/modules/cjs/loader:1072:15)
    at Module._load (node:internal/modules/cjs/loader:925:27)
    at Module.require (node:internal/modules/cjs/loader:1139:19)
    at require (node:internal/modules/helpers:121:18)
    at Object.<anonymous> (/Users/nitsancohen/.bvm/versions/0.2.29/bit-0.2.29/node_modules/@teambit/legacy/bin/bit.js:3:1)
    at Module._compile (node:internal/modules/cjs/loader:1257:14)
    at Module._extensions..js (node:internal/modules/cjs/loader:1311:10)
    at Module.load (node:internal/modules/cjs/loader:1115:32)
    at Module._load (node:internal/modules/cjs/loader:962:12)
    at Function.executeUserEntryPoint [as runMain] (node:internal/modules/run_main:83:12) {
  code: 'MODULE_NOT_FOUND',
  requireStack: [
    '/Users/nitsancohen/.bvm/versions/0.2.29/bit-0.2.29/node_modules/@teambit/legacy/bin/bit.js'
  ]
}

Node.js v20.3.1

    at checkExecSyncError (node:child_process:885:11)
    at Object.execSync (node:child_process:957:15)
    at CommandHelper.runCmd (src/e2e-helper/e2e-command-helper.ts:64:22)
    at ScopeHelper.initWorkspace (src/e2e-helper/e2e-scope-helper.ts:126:25)
    at ScopeHelper.reInitLocalScope (src/e2e-helper/e2e-scope-helper.ts:87:10)
    at ScopeHelper.setNewLocalAndRemoteScopes (src/e2e-helper/e2e-scope-helper.ts:141:10)
    at Context.<anonymous> (e2e/harmony/lanes/merge-lanes.e2e.ts:1026:26)
    at processImmediate (node:internal/timers:478:21)]]></failure>
    </testcase>
  </testsuite>
  <testsuite name="merge from main when a component head is a tag on main and was not changed on lane" timestamp="2023-08-21T21:40:43" tests="1" file="/Users/nitsancohen/coding/my-bit/bit/e2e/harmony/lanes/merge-lanes.e2e.ts" time="0.0600" failures="1">
    <testcase name="merge lanes merge from main when a component head is a tag on main and was not changed on lane &quot;before all&quot; hook for &quot;bit status should not throw&quot;" time="0.0600" classname="&quot;before all&quot; hook for &quot;bit status should not throw&quot;">
      <failure message="Command failed: bit init
node:internal/modules/cjs/loader:1075
  throw err;
  ^

Error: Cannot find module &apos;../node_modules/@teambit/bit/dist/app&apos;
Require stack:
- /Users/nitsancohen/.bvm/versions/0.2.29/bit-0.2.29/node_modules/@teambit/legacy/bin/bit.js
    at Module._resolveFilename (node:internal/modules/cjs/loader:1072:15)
    at Module._load (node:internal/modules/cjs/loader:925:27)
    at Module.require (node:internal/modules/cjs/loader:1139:19)
    at require (node:internal/modules/helpers:121:18)
    at Object.&lt;anonymous&gt; (/Users/nitsancohen/.bvm/versions/0.2.29/bit-0.2.29/node_modules/@teambit/legacy/bin/bit.js:3:1)
    at Module._compile (node:internal/modules/cjs/loader:1257:14)
    at Module._extensions..js (node:internal/modules/cjs/loader:1311:10)
    at Module.load (node:internal/modules/cjs/loader:1115:32)
    at Module._load (node:internal/modules/cjs/loader:962:12)
    at Function.executeUserEntryPoint [as runMain] (node:internal/modules/run_main:83:12) {
  code: &apos;MODULE_NOT_FOUND&apos;,
  requireStack: [
    &apos;/Users/nitsancohen/.bvm/versions/0.2.29/bit-0.2.29/node_modules/@teambit/legacy/bin/bit.js&apos;
  ]
}

Node.js v20.3.1
" type="Error"><![CDATA[Error: Command failed: bit init
node:internal/modules/cjs/loader:1075
  throw err;
  ^

Error: Cannot find module '../node_modules/@teambit/bit/dist/app'
Require stack:
- /Users/nitsancohen/.bvm/versions/0.2.29/bit-0.2.29/node_modules/@teambit/legacy/bin/bit.js
    at Module._resolveFilename (node:internal/modules/cjs/loader:1072:15)
    at Module._load (node:internal/modules/cjs/loader:925:27)
    at Module.require (node:internal/modules/cjs/loader:1139:19)
    at require (node:internal/modules/helpers:121:18)
    at Object.<anonymous> (/Users/nitsancohen/.bvm/versions/0.2.29/bit-0.2.29/node_modules/@teambit/legacy/bin/bit.js:3:1)
    at Module._compile (node:internal/modules/cjs/loader:1257:14)
    at Module._extensions..js (node:internal/modules/cjs/loader:1311:10)
    at Module.load (node:internal/modules/cjs/loader:1115:32)
    at Module._load (node:internal/modules/cjs/loader:962:12)
    at Function.executeUserEntryPoint [as runMain] (node:internal/modules/run_main:83:12) {
  code: 'MODULE_NOT_FOUND',
  requireStack: [
    '/Users/nitsancohen/.bvm/versions/0.2.29/bit-0.2.29/node_modules/@teambit/legacy/bin/bit.js'
  ]
}

Node.js v20.3.1

    at checkExecSyncError (node:child_process:885:11)
    at Object.execSync (node:child_process:957:15)
    at CommandHelper.runCmd (src/e2e-helper/e2e-command-helper.ts:64:22)
    at ScopeHelper.initWorkspace (src/e2e-helper/e2e-scope-helper.ts:126:25)
    at ScopeHelper.reInitLocalScope (src/e2e-helper/e2e-scope-helper.ts:87:10)
    at ScopeHelper.setNewLocalAndRemoteScopes (src/e2e-helper/e2e-scope-helper.ts:141:10)
    at Context.<anonymous> (e2e/harmony/lanes/merge-lanes.e2e.ts:1042:26)
    at processImmediate (node:internal/timers:478:21)]]></failure>
    </testcase>
  </testsuite>
  <testsuite name="conflict when the same file exist in base, deleted on the lane and modified on main" timestamp="2023-08-21T21:40:43" tests="0" file="/Users/nitsancohen/coding/my-bit/bit/e2e/harmony/lanes/merge-lanes.e2e.ts" time="0.0600" failures="1">
    <testcase name="merge lanes conflict when the same file exist in base, deleted on the lane and modified on main &quot;before all&quot; hook in &quot;conflict when the same file exist in base, deleted on the lane and modified on main&quot;" time="0.0600" classname="&quot;before all&quot; hook in &quot;conflict when the same file exist in base, deleted on the lane and modified on main&quot;">
      <failure message="Command failed: bit init
node:internal/modules/cjs/loader:1075
  throw err;
  ^

Error: Cannot find module &apos;../node_modules/@teambit/bit/dist/app&apos;
Require stack:
- /Users/nitsancohen/.bvm/versions/0.2.29/bit-0.2.29/node_modules/@teambit/legacy/bin/bit.js
    at Module._resolveFilename (node:internal/modules/cjs/loader:1072:15)
    at Module._load (node:internal/modules/cjs/loader:925:27)
    at Module.require (node:internal/modules/cjs/loader:1139:19)
    at require (node:internal/modules/helpers:121:18)
    at Object.&lt;anonymous&gt; (/Users/nitsancohen/.bvm/versions/0.2.29/bit-0.2.29/node_modules/@teambit/legacy/bin/bit.js:3:1)
    at Module._compile (node:internal/modules/cjs/loader:1257:14)
    at Module._extensions..js (node:internal/modules/cjs/loader:1311:10)
    at Module.load (node:internal/modules/cjs/loader:1115:32)
    at Module._load (node:internal/modules/cjs/loader:962:12)
    at Function.executeUserEntryPoint [as runMain] (node:internal/modules/run_main:83:12) {
  code: &apos;MODULE_NOT_FOUND&apos;,
  requireStack: [
    &apos;/Users/nitsancohen/.bvm/versions/0.2.29/bit-0.2.29/node_modules/@teambit/legacy/bin/bit.js&apos;
  ]
}

Node.js v20.3.1
" type="Error"><![CDATA[Error: Command failed: bit init
node:internal/modules/cjs/loader:1075
  throw err;
  ^

Error: Cannot find module '../node_modules/@teambit/bit/dist/app'
Require stack:
- /Users/nitsancohen/.bvm/versions/0.2.29/bit-0.2.29/node_modules/@teambit/legacy/bin/bit.js
    at Module._resolveFilename (node:internal/modules/cjs/loader:1072:15)
    at Module._load (node:internal/modules/cjs/loader:925:27)
    at Module.require (node:internal/modules/cjs/loader:1139:19)
    at require (node:internal/modules/helpers:121:18)
    at Object.<anonymous> (/Users/nitsancohen/.bvm/versions/0.2.29/bit-0.2.29/node_modules/@teambit/legacy/bin/bit.js:3:1)
    at Module._compile (node:internal/modules/cjs/loader:1257:14)
    at Module._extensions..js (node:internal/modules/cjs/loader:1311:10)
    at Module.load (node:internal/modules/cjs/loader:1115:32)
    at Module._load (node:internal/modules/cjs/loader:962:12)
    at Function.executeUserEntryPoint [as runMain] (node:internal/modules/run_main:83:12) {
  code: 'MODULE_NOT_FOUND',
  requireStack: [
    '/Users/nitsancohen/.bvm/versions/0.2.29/bit-0.2.29/node_modules/@teambit/legacy/bin/bit.js'
  ]
}

Node.js v20.3.1

    at checkExecSyncError (node:child_process:885:11)
    at Object.execSync (node:child_process:957:15)
    at CommandHelper.runCmd (src/e2e-helper/e2e-command-helper.ts:64:22)
    at ScopeHelper.initWorkspace (src/e2e-helper/e2e-scope-helper.ts:126:25)
    at ScopeHelper.reInitLocalScope (src/e2e-helper/e2e-scope-helper.ts:87:10)
    at ScopeHelper.setNewLocalAndRemoteScopes (src/e2e-helper/e2e-scope-helper.ts:141:10)
    at Context.<anonymous> (e2e/harmony/lanes/merge-lanes.e2e.ts:1064:26)
    at processImmediate (node:internal/timers:478:21)]]></failure>
    </testcase>
  </testsuite>
  <testsuite name="merging from a lane to main when it changed Version object with squashed property and then re-imported it" timestamp="2023-08-21T21:40:43" tests="2" file="/Users/nitsancohen/coding/my-bit/bit/e2e/harmony/lanes/merge-lanes.e2e.ts" time="0.0600" failures="1">
    <testcase name="merge lanes merging from a lane to main when it changed Version object with squashed property and then re-imported it &quot;before all&quot; hook for &quot;should not override the squashed property&quot;" time="0.0600" classname="&quot;before all&quot; hook for &quot;should not override the squashed property&quot;">
      <failure message="Command failed: bit init
node:internal/modules/cjs/loader:1075
  throw err;
  ^

Error: Cannot find module &apos;../node_modules/@teambit/bit/dist/app&apos;
Require stack:
- /Users/nitsancohen/.bvm/versions/0.2.29/bit-0.2.29/node_modules/@teambit/legacy/bin/bit.js
    at Module._resolveFilename (node:internal/modules/cjs/loader:1072:15)
    at Module._load (node:internal/modules/cjs/loader:925:27)
    at Module.require (node:internal/modules/cjs/loader:1139:19)
    at require (node:internal/modules/helpers:121:18)
    at Object.&lt;anonymous&gt; (/Users/nitsancohen/.bvm/versions/0.2.29/bit-0.2.29/node_modules/@teambit/legacy/bin/bit.js:3:1)
    at Module._compile (node:internal/modules/cjs/loader:1257:14)
    at Module._extensions..js (node:internal/modules/cjs/loader:1311:10)
    at Module.load (node:internal/modules/cjs/loader:1115:32)
    at Module._load (node:internal/modules/cjs/loader:962:12)
    at Function.executeUserEntryPoint [as runMain] (node:internal/modules/run_main:83:12) {
  code: &apos;MODULE_NOT_FOUND&apos;,
  requireStack: [
    &apos;/Users/nitsancohen/.bvm/versions/0.2.29/bit-0.2.29/node_modules/@teambit/legacy/bin/bit.js&apos;
  ]
}

Node.js v20.3.1
" type="Error"><![CDATA[Error: Command failed: bit init
node:internal/modules/cjs/loader:1075
  throw err;
  ^

Error: Cannot find module '../node_modules/@teambit/bit/dist/app'
Require stack:
- /Users/nitsancohen/.bvm/versions/0.2.29/bit-0.2.29/node_modules/@teambit/legacy/bin/bit.js
    at Module._resolveFilename (node:internal/modules/cjs/loader:1072:15)
    at Module._load (node:internal/modules/cjs/loader:925:27)
    at Module.require (node:internal/modules/cjs/loader:1139:19)
    at require (node:internal/modules/helpers:121:18)
    at Object.<anonymous> (/Users/nitsancohen/.bvm/versions/0.2.29/bit-0.2.29/node_modules/@teambit/legacy/bin/bit.js:3:1)
    at Module._compile (node:internal/modules/cjs/loader:1257:14)
    at Module._extensions..js (node:internal/modules/cjs/loader:1311:10)
    at Module.load (node:internal/modules/cjs/loader:1115:32)
    at Module._load (node:internal/modules/cjs/loader:962:12)
    at Function.executeUserEntryPoint [as runMain] (node:internal/modules/run_main:83:12) {
  code: 'MODULE_NOT_FOUND',
  requireStack: [
    '/Users/nitsancohen/.bvm/versions/0.2.29/bit-0.2.29/node_modules/@teambit/legacy/bin/bit.js'
  ]
}

Node.js v20.3.1

    at checkExecSyncError (node:child_process:885:11)
    at Object.execSync (node:child_process:957:15)
    at CommandHelper.runCmd (src/e2e-helper/e2e-command-helper.ts:64:22)
    at ScopeHelper.initWorkspace (src/e2e-helper/e2e-scope-helper.ts:126:25)
    at ScopeHelper.reInitLocalScope (src/e2e-helper/e2e-scope-helper.ts:87:10)
    at ScopeHelper.setNewLocalAndRemoteScopes (src/e2e-helper/e2e-scope-helper.ts:141:10)
    at Context.<anonymous> (e2e/harmony/lanes/merge-lanes.e2e.ts:1106:26)
    at processImmediate (node:internal/timers:478:21)]]></failure>
    </testcase>
  </testsuite>
  <testsuite name="merging from a lane to main when it has a long history which does not exist locally" timestamp="2023-08-21T21:40:43" tests="0" file="/Users/nitsancohen/coding/my-bit/bit/e2e/harmony/lanes/merge-lanes.e2e.ts" time="0.0600" failures="1">
    <testcase name="merge lanes merging from a lane to main when it has a long history which does not exist locally &quot;before all&quot; hook in &quot;merging from a lane to main when it has a long history which does not exist locally&quot;" time="0.0600" classname="&quot;before all&quot; hook in &quot;merging from a lane to main when it has a long history which does not exist locally&quot;">
      <failure message="Command failed: bit init
node:internal/modules/cjs/loader:1075
  throw err;
  ^

Error: Cannot find module &apos;../node_modules/@teambit/bit/dist/app&apos;
Require stack:
- /Users/nitsancohen/.bvm/versions/0.2.29/bit-0.2.29/node_modules/@teambit/legacy/bin/bit.js
    at Module._resolveFilename (node:internal/modules/cjs/loader:1072:15)
    at Module._load (node:internal/modules/cjs/loader:925:27)
    at Module.require (node:internal/modules/cjs/loader:1139:19)
    at require (node:internal/modules/helpers:121:18)
    at Object.&lt;anonymous&gt; (/Users/nitsancohen/.bvm/versions/0.2.29/bit-0.2.29/node_modules/@teambit/legacy/bin/bit.js:3:1)
    at Module._compile (node:internal/modules/cjs/loader:1257:14)
    at Module._extensions..js (node:internal/modules/cjs/loader:1311:10)
    at Module.load (node:internal/modules/cjs/loader:1115:32)
    at Module._load (node:internal/modules/cjs/loader:962:12)
    at Function.executeUserEntryPoint [as runMain] (node:internal/modules/run_main:83:12) {
  code: &apos;MODULE_NOT_FOUND&apos;,
  requireStack: [
    &apos;/Users/nitsancohen/.bvm/versions/0.2.29/bit-0.2.29/node_modules/@teambit/legacy/bin/bit.js&apos;
  ]
}

Node.js v20.3.1
" type="Error"><![CDATA[Error: Command failed: bit init
node:internal/modules/cjs/loader:1075
  throw err;
  ^

Error: Cannot find module '../node_modules/@teambit/bit/dist/app'
Require stack:
- /Users/nitsancohen/.bvm/versions/0.2.29/bit-0.2.29/node_modules/@teambit/legacy/bin/bit.js
    at Module._resolveFilename (node:internal/modules/cjs/loader:1072:15)
    at Module._load (node:internal/modules/cjs/loader:925:27)
    at Module.require (node:internal/modules/cjs/loader:1139:19)
    at require (node:internal/modules/helpers:121:18)
    at Object.<anonymous> (/Users/nitsancohen/.bvm/versions/0.2.29/bit-0.2.29/node_modules/@teambit/legacy/bin/bit.js:3:1)
    at Module._compile (node:internal/modules/cjs/loader:1257:14)
    at Module._extensions..js (node:internal/modules/cjs/loader:1311:10)
    at Module.load (node:internal/modules/cjs/loader:1115:32)
    at Module._load (node:internal/modules/cjs/loader:962:12)
    at Function.executeUserEntryPoint [as runMain] (node:internal/modules/run_main:83:12) {
  code: 'MODULE_NOT_FOUND',
  requireStack: [
    '/Users/nitsancohen/.bvm/versions/0.2.29/bit-0.2.29/node_modules/@teambit/legacy/bin/bit.js'
  ]
}

Node.js v20.3.1

    at checkExecSyncError (node:child_process:885:11)
    at Object.execSync (node:child_process:957:15)
    at CommandHelper.runCmd (src/e2e-helper/e2e-command-helper.ts:64:22)
    at ScopeHelper.initWorkspace (src/e2e-helper/e2e-scope-helper.ts:126:25)
    at ScopeHelper.reInitLocalScope (src/e2e-helper/e2e-scope-helper.ts:87:10)
    at ScopeHelper.setNewLocalAndRemoteScopes (src/e2e-helper/e2e-scope-helper.ts:141:10)
    at Context.<anonymous> (e2e/harmony/lanes/merge-lanes.e2e.ts:1144:26)
    at processImmediate (node:internal/timers:478:21)]]></failure>
    </testcase>
  </testsuite>
  <testsuite name="merge introduces a new component to a lane" timestamp="2023-08-21T21:40:43" tests="1" file="/Users/nitsancohen/coding/my-bit/bit/e2e/harmony/lanes/merge-lanes.e2e.ts" time="0.0600" failures="1">
    <testcase name="merge lanes merge introduces a new component to a lane &quot;before all&quot; hook for &quot;should update the remote lane with the newly merged component&quot;" time="0.0600" classname="&quot;before all&quot; hook for &quot;should update the remote lane with the newly merged component&quot;">
      <failure message="Command failed: bit init
node:internal/modules/cjs/loader:1075
  throw err;
  ^

Error: Cannot find module &apos;../node_modules/@teambit/bit/dist/app&apos;
Require stack:
- /Users/nitsancohen/.bvm/versions/0.2.29/bit-0.2.29/node_modules/@teambit/legacy/bin/bit.js
    at Module._resolveFilename (node:internal/modules/cjs/loader:1072:15)
    at Module._load (node:internal/modules/cjs/loader:925:27)
    at Module.require (node:internal/modules/cjs/loader:1139:19)
    at require (node:internal/modules/helpers:121:18)
    at Object.&lt;anonymous&gt; (/Users/nitsancohen/.bvm/versions/0.2.29/bit-0.2.29/node_modules/@teambit/legacy/bin/bit.js:3:1)
    at Module._compile (node:internal/modules/cjs/loader:1257:14)
    at Module._extensions..js (node:internal/modules/cjs/loader:1311:10)
    at Module.load (node:internal/modules/cjs/loader:1115:32)
    at Module._load (node:internal/modules/cjs/loader:962:12)
    at Function.executeUserEntryPoint [as runMain] (node:internal/modules/run_main:83:12) {
  code: &apos;MODULE_NOT_FOUND&apos;,
  requireStack: [
    &apos;/Users/nitsancohen/.bvm/versions/0.2.29/bit-0.2.29/node_modules/@teambit/legacy/bin/bit.js&apos;
  ]
}

Node.js v20.3.1
" type="Error"><![CDATA[Error: Command failed: bit init
node:internal/modules/cjs/loader:1075
  throw err;
  ^

Error: Cannot find module '../node_modules/@teambit/bit/dist/app'
Require stack:
- /Users/nitsancohen/.bvm/versions/0.2.29/bit-0.2.29/node_modules/@teambit/legacy/bin/bit.js
    at Module._resolveFilename (node:internal/modules/cjs/loader:1072:15)
    at Module._load (node:internal/modules/cjs/loader:925:27)
    at Module.require (node:internal/modules/cjs/loader:1139:19)
    at require (node:internal/modules/helpers:121:18)
    at Object.<anonymous> (/Users/nitsancohen/.bvm/versions/0.2.29/bit-0.2.29/node_modules/@teambit/legacy/bin/bit.js:3:1)
    at Module._compile (node:internal/modules/cjs/loader:1257:14)
    at Module._extensions..js (node:internal/modules/cjs/loader:1311:10)
    at Module.load (node:internal/modules/cjs/loader:1115:32)
    at Module._load (node:internal/modules/cjs/loader:962:12)
    at Function.executeUserEntryPoint [as runMain] (node:internal/modules/run_main:83:12) {
  code: 'MODULE_NOT_FOUND',
  requireStack: [
    '/Users/nitsancohen/.bvm/versions/0.2.29/bit-0.2.29/node_modules/@teambit/legacy/bin/bit.js'
  ]
}

Node.js v20.3.1

    at checkExecSyncError (node:child_process:885:11)
    at Object.execSync (node:child_process:957:15)
    at CommandHelper.runCmd (src/e2e-helper/e2e-command-helper.ts:64:22)
    at ScopeHelper.initWorkspace (src/e2e-helper/e2e-scope-helper.ts:126:25)
    at ScopeHelper.reInitLocalScope (src/e2e-helper/e2e-scope-helper.ts:87:10)
    at ScopeHelper.setNewLocalAndRemoteScopes (src/e2e-helper/e2e-scope-helper.ts:141:10)
    at Context.<anonymous> (e2e/harmony/lanes/merge-lanes.e2e.ts:1180:26)
    at processImmediate (node:internal/timers:478:21)]]></failure>
    </testcase>
  </testsuite>
  <testsuite name="merge from main when on a forked-new-lane from another scope" timestamp="2023-08-21T21:40:43" tests="1" file="/Users/nitsancohen/coding/my-bit/bit/e2e/harmony/lanes/merge-lanes.e2e.ts" time="0.0600" failures="1">
    <testcase name="merge lanes merge from main when on a forked-new-lane from another scope &quot;before all&quot; hook for &quot;should not throw ComponentNotFound on export&quot;" time="0.0600" classname="&quot;before all&quot; hook for &quot;should not throw ComponentNotFound on export&quot;">
      <failure message="Command failed: bit init
node:internal/modules/cjs/loader:1075
  throw err;
  ^

Error: Cannot find module &apos;../node_modules/@teambit/bit/dist/app&apos;
Require stack:
- /Users/nitsancohen/.bvm/versions/0.2.29/bit-0.2.29/node_modules/@teambit/legacy/bin/bit.js
    at Module._resolveFilename (node:internal/modules/cjs/loader:1072:15)
    at Module._load (node:internal/modules/cjs/loader:925:27)
    at Module.require (node:internal/modules/cjs/loader:1139:19)
    at require (node:internal/modules/helpers:121:18)
    at Object.&lt;anonymous&gt; (/Users/nitsancohen/.bvm/versions/0.2.29/bit-0.2.29/node_modules/@teambit/legacy/bin/bit.js:3:1)
    at Module._compile (node:internal/modules/cjs/loader:1257:14)
    at Module._extensions..js (node:internal/modules/cjs/loader:1311:10)
    at Module.load (node:internal/modules/cjs/loader:1115:32)
    at Module._load (node:internal/modules/cjs/loader:962:12)
    at Function.executeUserEntryPoint [as runMain] (node:internal/modules/run_main:83:12) {
  code: &apos;MODULE_NOT_FOUND&apos;,
  requireStack: [
    &apos;/Users/nitsancohen/.bvm/versions/0.2.29/bit-0.2.29/node_modules/@teambit/legacy/bin/bit.js&apos;
  ]
}

Node.js v20.3.1
" type="Error"><![CDATA[Error: Command failed: bit init
node:internal/modules/cjs/loader:1075
  throw err;
  ^

Error: Cannot find module '../node_modules/@teambit/bit/dist/app'
Require stack:
- /Users/nitsancohen/.bvm/versions/0.2.29/bit-0.2.29/node_modules/@teambit/legacy/bin/bit.js
    at Module._resolveFilename (node:internal/modules/cjs/loader:1072:15)
    at Module._load (node:internal/modules/cjs/loader:925:27)
    at Module.require (node:internal/modules/cjs/loader:1139:19)
    at require (node:internal/modules/helpers:121:18)
    at Object.<anonymous> (/Users/nitsancohen/.bvm/versions/0.2.29/bit-0.2.29/node_modules/@teambit/legacy/bin/bit.js:3:1)
    at Module._compile (node:internal/modules/cjs/loader:1257:14)
    at Module._extensions..js (node:internal/modules/cjs/loader:1311:10)
    at Module.load (node:internal/modules/cjs/loader:1115:32)
    at Module._load (node:internal/modules/cjs/loader:962:12)
    at Function.executeUserEntryPoint [as runMain] (node:internal/modules/run_main:83:12) {
  code: 'MODULE_NOT_FOUND',
  requireStack: [
    '/Users/nitsancohen/.bvm/versions/0.2.29/bit-0.2.29/node_modules/@teambit/legacy/bin/bit.js'
  ]
}

Node.js v20.3.1

    at checkExecSyncError (node:child_process:885:11)
    at Object.execSync (node:child_process:957:15)
    at CommandHelper.runCmd (src/e2e-helper/e2e-command-helper.ts:64:22)
    at ScopeHelper.initWorkspace (src/e2e-helper/e2e-scope-helper.ts:126:25)
    at ScopeHelper.reInitLocalScope (src/e2e-helper/e2e-scope-helper.ts:87:10)
    at ScopeHelper.setNewLocalAndRemoteScopes (src/e2e-helper/e2e-scope-helper.ts:141:10)
    at Context.<anonymous> (e2e/harmony/lanes/merge-lanes.e2e.ts:1202:26)
    at processImmediate (node:internal/timers:478:21)]]></failure>
    </testcase>
  </testsuite>
  <testsuite name="merge an out-of-date component from another lane" timestamp="2023-08-21T21:40:44" tests="1" file="/Users/nitsancohen/coding/my-bit/bit/e2e/harmony/lanes/merge-lanes.e2e.ts" time="0.0590" failures="1">
    <testcase name="merge lanes merge an out-of-date component from another lane &quot;before all&quot; hook for &quot;should not show the component as pending-merge&quot;" time="0.0590" classname="&quot;before all&quot; hook for &quot;should not show the component as pending-merge&quot;">
      <failure message="Command failed: bit init
node:internal/modules/cjs/loader:1075
  throw err;
  ^

Error: Cannot find module &apos;../node_modules/@teambit/bit/dist/app&apos;
Require stack:
- /Users/nitsancohen/.bvm/versions/0.2.29/bit-0.2.29/node_modules/@teambit/legacy/bin/bit.js
    at Module._resolveFilename (node:internal/modules/cjs/loader:1072:15)
    at Module._load (node:internal/modules/cjs/loader:925:27)
    at Module.require (node:internal/modules/cjs/loader:1139:19)
    at require (node:internal/modules/helpers:121:18)
    at Object.&lt;anonymous&gt; (/Users/nitsancohen/.bvm/versions/0.2.29/bit-0.2.29/node_modules/@teambit/legacy/bin/bit.js:3:1)
    at Module._compile (node:internal/modules/cjs/loader:1257:14)
    at Module._extensions..js (node:internal/modules/cjs/loader:1311:10)
    at Module.load (node:internal/modules/cjs/loader:1115:32)
    at Module._load (node:internal/modules/cjs/loader:962:12)
    at Function.executeUserEntryPoint [as runMain] (node:internal/modules/run_main:83:12) {
  code: &apos;MODULE_NOT_FOUND&apos;,
  requireStack: [
    &apos;/Users/nitsancohen/.bvm/versions/0.2.29/bit-0.2.29/node_modules/@teambit/legacy/bin/bit.js&apos;
  ]
}

Node.js v20.3.1
" type="Error"><![CDATA[Error: Command failed: bit init
node:internal/modules/cjs/loader:1075
  throw err;
  ^

Error: Cannot find module '../node_modules/@teambit/bit/dist/app'
Require stack:
- /Users/nitsancohen/.bvm/versions/0.2.29/bit-0.2.29/node_modules/@teambit/legacy/bin/bit.js
    at Module._resolveFilename (node:internal/modules/cjs/loader:1072:15)
    at Module._load (node:internal/modules/cjs/loader:925:27)
    at Module.require (node:internal/modules/cjs/loader:1139:19)
    at require (node:internal/modules/helpers:121:18)
    at Object.<anonymous> (/Users/nitsancohen/.bvm/versions/0.2.29/bit-0.2.29/node_modules/@teambit/legacy/bin/bit.js:3:1)
    at Module._compile (node:internal/modules/cjs/loader:1257:14)
    at Module._extensions..js (node:internal/modules/cjs/loader:1311:10)
    at Module.load (node:internal/modules/cjs/loader:1115:32)
    at Module._load (node:internal/modules/cjs/loader:962:12)
    at Function.executeUserEntryPoint [as runMain] (node:internal/modules/run_main:83:12) {
  code: 'MODULE_NOT_FOUND',
  requireStack: [
    '/Users/nitsancohen/.bvm/versions/0.2.29/bit-0.2.29/node_modules/@teambit/legacy/bin/bit.js'
  ]
}

Node.js v20.3.1

    at checkExecSyncError (node:child_process:885:11)
    at Object.execSync (node:child_process:957:15)
    at CommandHelper.runCmd (src/e2e-helper/e2e-command-helper.ts:64:22)
    at ScopeHelper.initWorkspace (src/e2e-helper/e2e-scope-helper.ts:126:25)
    at ScopeHelper.reInitLocalScope (src/e2e-helper/e2e-scope-helper.ts:87:10)
    at ScopeHelper.setNewLocalAndRemoteScopes (src/e2e-helper/e2e-scope-helper.ts:141:10)
    at Context.<anonymous> (e2e/harmony/lanes/merge-lanes.e2e.ts:1238:26)
    at processImmediate (node:internal/timers:478:21)]]></failure>
    </testcase>
  </testsuite>
  <testsuite name="merge from one lane to another with --squash" timestamp="2023-08-21T21:40:44" tests="2" file="/Users/nitsancohen/coding/my-bit/bit/e2e/harmony/lanes/merge-lanes.e2e.ts" time="0.0600" failures="1">
    <testcase name="merge lanes merge from one lane to another with --squash &quot;before all&quot; hook for &quot;bit log should not include previous versions from lane-b&quot;" time="0.0600" classname="&quot;before all&quot; hook for &quot;bit log should not include previous versions from lane-b&quot;">
      <failure message="Command failed: bit init
node:internal/modules/cjs/loader:1075
  throw err;
  ^

Error: Cannot find module &apos;../node_modules/@teambit/bit/dist/app&apos;
Require stack:
- /Users/nitsancohen/.bvm/versions/0.2.29/bit-0.2.29/node_modules/@teambit/legacy/bin/bit.js
    at Module._resolveFilename (node:internal/modules/cjs/loader:1072:15)
    at Module._load (node:internal/modules/cjs/loader:925:27)
    at Module.require (node:internal/modules/cjs/loader:1139:19)
    at require (node:internal/modules/helpers:121:18)
    at Object.&lt;anonymous&gt; (/Users/nitsancohen/.bvm/versions/0.2.29/bit-0.2.29/node_modules/@teambit/legacy/bin/bit.js:3:1)
    at Module._compile (node:internal/modules/cjs/loader:1257:14)
    at Module._extensions..js (node:internal/modules/cjs/loader:1311:10)
    at Module.load (node:internal/modules/cjs/loader:1115:32)
    at Module._load (node:internal/modules/cjs/loader:962:12)
    at Function.executeUserEntryPoint [as runMain] (node:internal/modules/run_main:83:12) {
  code: &apos;MODULE_NOT_FOUND&apos;,
  requireStack: [
    &apos;/Users/nitsancohen/.bvm/versions/0.2.29/bit-0.2.29/node_modules/@teambit/legacy/bin/bit.js&apos;
  ]
}

Node.js v20.3.1
" type="Error"><![CDATA[Error: Command failed: bit init
node:internal/modules/cjs/loader:1075
  throw err;
  ^

Error: Cannot find module '../node_modules/@teambit/bit/dist/app'
Require stack:
- /Users/nitsancohen/.bvm/versions/0.2.29/bit-0.2.29/node_modules/@teambit/legacy/bin/bit.js
    at Module._resolveFilename (node:internal/modules/cjs/loader:1072:15)
    at Module._load (node:internal/modules/cjs/loader:925:27)
    at Module.require (node:internal/modules/cjs/loader:1139:19)
    at require (node:internal/modules/helpers:121:18)
    at Object.<anonymous> (/Users/nitsancohen/.bvm/versions/0.2.29/bit-0.2.29/node_modules/@teambit/legacy/bin/bit.js:3:1)
    at Module._compile (node:internal/modules/cjs/loader:1257:14)
    at Module._extensions..js (node:internal/modules/cjs/loader:1311:10)
    at Module.load (node:internal/modules/cjs/loader:1115:32)
    at Module._load (node:internal/modules/cjs/loader:962:12)
    at Function.executeUserEntryPoint [as runMain] (node:internal/modules/run_main:83:12) {
  code: 'MODULE_NOT_FOUND',
  requireStack: [
    '/Users/nitsancohen/.bvm/versions/0.2.29/bit-0.2.29/node_modules/@teambit/legacy/bin/bit.js'
  ]
}

Node.js v20.3.1

    at checkExecSyncError (node:child_process:885:11)
    at Object.execSync (node:child_process:957:15)
    at CommandHelper.runCmd (src/e2e-helper/e2e-command-helper.ts:64:22)
    at ScopeHelper.initWorkspace (src/e2e-helper/e2e-scope-helper.ts:126:25)
    at ScopeHelper.reInitLocalScope (src/e2e-helper/e2e-scope-helper.ts:87:10)
    at ScopeHelper.setNewLocalAndRemoteScopes (src/e2e-helper/e2e-scope-helper.ts:141:10)
    at Context.<anonymous> (e2e/harmony/lanes/merge-lanes.e2e.ts:1267:26)
    at processImmediate (node:internal/timers:478:21)]]></failure>
    </testcase>
  </testsuite>
  <testsuite name="merge from one lane to another with --squash when it has history in main" timestamp="2023-08-21T21:40:44" tests="3" file="/Users/nitsancohen/coding/my-bit/bit/e2e/harmony/lanes/merge-lanes.e2e.ts" time="0.0600" failures="1">
    <testcase name="merge lanes merge from one lane to another with --squash when it has history in main &quot;before all&quot; hook for &quot;bit status should not throw&quot;" time="0.0600" classname="&quot;before all&quot; hook for &quot;bit status should not throw&quot;">
      <failure message="Command failed: bit init
node:internal/modules/cjs/loader:1075
  throw err;
  ^

Error: Cannot find module &apos;../node_modules/@teambit/bit/dist/app&apos;
Require stack:
- /Users/nitsancohen/.bvm/versions/0.2.29/bit-0.2.29/node_modules/@teambit/legacy/bin/bit.js
    at Module._resolveFilename (node:internal/modules/cjs/loader:1072:15)
    at Module._load (node:internal/modules/cjs/loader:925:27)
    at Module.require (node:internal/modules/cjs/loader:1139:19)
    at require (node:internal/modules/helpers:121:18)
    at Object.&lt;anonymous&gt; (/Users/nitsancohen/.bvm/versions/0.2.29/bit-0.2.29/node_modules/@teambit/legacy/bin/bit.js:3:1)
    at Module._compile (node:internal/modules/cjs/loader:1257:14)
    at Module._extensions..js (node:internal/modules/cjs/loader:1311:10)
    at Module.load (node:internal/modules/cjs/loader:1115:32)
    at Module._load (node:internal/modules/cjs/loader:962:12)
    at Function.executeUserEntryPoint [as runMain] (node:internal/modules/run_main:83:12) {
  code: &apos;MODULE_NOT_FOUND&apos;,
  requireStack: [
    &apos;/Users/nitsancohen/.bvm/versions/0.2.29/bit-0.2.29/node_modules/@teambit/legacy/bin/bit.js&apos;
  ]
}

Node.js v20.3.1
" type="Error"><![CDATA[Error: Command failed: bit init
node:internal/modules/cjs/loader:1075
  throw err;
  ^

Error: Cannot find module '../node_modules/@teambit/bit/dist/app'
Require stack:
- /Users/nitsancohen/.bvm/versions/0.2.29/bit-0.2.29/node_modules/@teambit/legacy/bin/bit.js
    at Module._resolveFilename (node:internal/modules/cjs/loader:1072:15)
    at Module._load (node:internal/modules/cjs/loader:925:27)
    at Module.require (node:internal/modules/cjs/loader:1139:19)
    at require (node:internal/modules/helpers:121:18)
    at Object.<anonymous> (/Users/nitsancohen/.bvm/versions/0.2.29/bit-0.2.29/node_modules/@teambit/legacy/bin/bit.js:3:1)
    at Module._compile (node:internal/modules/cjs/loader:1257:14)
    at Module._extensions..js (node:internal/modules/cjs/loader:1311:10)
    at Module.load (node:internal/modules/cjs/loader:1115:32)
    at Module._load (node:internal/modules/cjs/loader:962:12)
    at Function.executeUserEntryPoint [as runMain] (node:internal/modules/run_main:83:12) {
  code: 'MODULE_NOT_FOUND',
  requireStack: [
    '/Users/nitsancohen/.bvm/versions/0.2.29/bit-0.2.29/node_modules/@teambit/legacy/bin/bit.js'
  ]
}

Node.js v20.3.1

    at checkExecSyncError (node:child_process:885:11)
    at Object.execSync (node:child_process:957:15)
    at CommandHelper.runCmd (src/e2e-helper/e2e-command-helper.ts:64:22)
    at ScopeHelper.initWorkspace (src/e2e-helper/e2e-scope-helper.ts:126:25)
    at ScopeHelper.reInitLocalScope (src/e2e-helper/e2e-scope-helper.ts:87:10)
    at ScopeHelper.setNewLocalAndRemoteScopes (src/e2e-helper/e2e-scope-helper.ts:141:10)
    at Context.<anonymous> (e2e/harmony/lanes/merge-lanes.e2e.ts:1300:26)
    at processImmediate (node:internal/timers:478:21)]]></failure>
    </testcase>
  </testsuite>
  <testsuite name="when a file was deleted on the other lane but exist current and on the base" timestamp="2023-08-21T21:40:44" tests="2" file="/Users/nitsancohen/coding/my-bit/bit/e2e/harmony/lanes/merge-lanes.e2e.ts" time="0.0600" failures="1">
    <testcase name="merge lanes when a file was deleted on the other lane but exist current and on the base &quot;before all&quot; hook for &quot;should indicate that this file was removed in the output&quot;" time="0.0600" classname="&quot;before all&quot; hook for &quot;should indicate that this file was removed in the output&quot;">
      <failure message="Command failed: bit init
node:internal/modules/cjs/loader:1075
  throw err;
  ^

Error: Cannot find module &apos;../node_modules/@teambit/bit/dist/app&apos;
Require stack:
- /Users/nitsancohen/.bvm/versions/0.2.29/bit-0.2.29/node_modules/@teambit/legacy/bin/bit.js
    at Module._resolveFilename (node:internal/modules/cjs/loader:1072:15)
    at Module._load (node:internal/modules/cjs/loader:925:27)
    at Module.require (node:internal/modules/cjs/loader:1139:19)
    at require (node:internal/modules/helpers:121:18)
    at Object.&lt;anonymous&gt; (/Users/nitsancohen/.bvm/versions/0.2.29/bit-0.2.29/node_modules/@teambit/legacy/bin/bit.js:3:1)
    at Module._compile (node:internal/modules/cjs/loader:1257:14)
    at Module._extensions..js (node:internal/modules/cjs/loader:1311:10)
    at Module.load (node:internal/modules/cjs/loader:1115:32)
    at Module._load (node:internal/modules/cjs/loader:962:12)
    at Function.executeUserEntryPoint [as runMain] (node:internal/modules/run_main:83:12) {
  code: &apos;MODULE_NOT_FOUND&apos;,
  requireStack: [
    &apos;/Users/nitsancohen/.bvm/versions/0.2.29/bit-0.2.29/node_modules/@teambit/legacy/bin/bit.js&apos;
  ]
}

Node.js v20.3.1
" type="Error"><![CDATA[Error: Command failed: bit init
node:internal/modules/cjs/loader:1075
  throw err;
  ^

Error: Cannot find module '../node_modules/@teambit/bit/dist/app'
Require stack:
- /Users/nitsancohen/.bvm/versions/0.2.29/bit-0.2.29/node_modules/@teambit/legacy/bin/bit.js
    at Module._resolveFilename (node:internal/modules/cjs/loader:1072:15)
    at Module._load (node:internal/modules/cjs/loader:925:27)
    at Module.require (node:internal/modules/cjs/loader:1139:19)
    at require (node:internal/modules/helpers:121:18)
    at Object.<anonymous> (/Users/nitsancohen/.bvm/versions/0.2.29/bit-0.2.29/node_modules/@teambit/legacy/bin/bit.js:3:1)
    at Module._compile (node:internal/modules/cjs/loader:1257:14)
    at Module._extensions..js (node:internal/modules/cjs/loader:1311:10)
    at Module.load (node:internal/modules/cjs/loader:1115:32)
    at Module._load (node:internal/modules/cjs/loader:962:12)
    at Function.executeUserEntryPoint [as runMain] (node:internal/modules/run_main:83:12) {
  code: 'MODULE_NOT_FOUND',
  requireStack: [
    '/Users/nitsancohen/.bvm/versions/0.2.29/bit-0.2.29/node_modules/@teambit/legacy/bin/bit.js'
  ]
}

Node.js v20.3.1

    at checkExecSyncError (node:child_process:885:11)
    at Object.execSync (node:child_process:957:15)
    at CommandHelper.runCmd (src/e2e-helper/e2e-command-helper.ts:64:22)
    at ScopeHelper.initWorkspace (src/e2e-helper/e2e-scope-helper.ts:126:25)
    at ScopeHelper.reInitLocalScope (src/e2e-helper/e2e-scope-helper.ts:87:10)
    at ScopeHelper.setNewLocalAndRemoteScopes (src/e2e-helper/e2e-scope-helper.ts:141:10)
    at Context.<anonymous> (e2e/harmony/lanes/merge-lanes.e2e.ts:1341:26)
    at processImmediate (node:internal/timers:478:21)]]></failure>
    </testcase>
  </testsuite>
  <testsuite name="naming conflict introduced during the merge" timestamp="2023-08-21T21:40:44" tests="1" file="/Users/nitsancohen/coding/my-bit/bit/e2e/harmony/lanes/merge-lanes.e2e.ts" time="0.0600" failures="1">
    <testcase name="merge lanes naming conflict introduced during the merge &quot;before all&quot; hook for &quot;should merge without error by prefix &quot;_1&quot; to the dir-name&quot;" time="0.0600" classname="&quot;before all&quot; hook for &quot;should merge without error by prefix &quot;_1&quot; to the dir-name&quot;">
      <failure message="Command failed: bit init
node:internal/modules/cjs/loader:1075
  throw err;
  ^

Error: Cannot find module &apos;../node_modules/@teambit/bit/dist/app&apos;
Require stack:
- /Users/nitsancohen/.bvm/versions/0.2.29/bit-0.2.29/node_modules/@teambit/legacy/bin/bit.js
    at Module._resolveFilename (node:internal/modules/cjs/loader:1072:15)
    at Module._load (node:internal/modules/cjs/loader:925:27)
    at Module.require (node:internal/modules/cjs/loader:1139:19)
    at require (node:internal/modules/helpers:121:18)
    at Object.&lt;anonymous&gt; (/Users/nitsancohen/.bvm/versions/0.2.29/bit-0.2.29/node_modules/@teambit/legacy/bin/bit.js:3:1)
    at Module._compile (node:internal/modules/cjs/loader:1257:14)
    at Module._extensions..js (node:internal/modules/cjs/loader:1311:10)
    at Module.load (node:internal/modules/cjs/loader:1115:32)
    at Module._load (node:internal/modules/cjs/loader:962:12)
    at Function.executeUserEntryPoint [as runMain] (node:internal/modules/run_main:83:12) {
  code: &apos;MODULE_NOT_FOUND&apos;,
  requireStack: [
    &apos;/Users/nitsancohen/.bvm/versions/0.2.29/bit-0.2.29/node_modules/@teambit/legacy/bin/bit.js&apos;
  ]
}

Node.js v20.3.1
" type="Error"><![CDATA[Error: Command failed: bit init
node:internal/modules/cjs/loader:1075
  throw err;
  ^

Error: Cannot find module '../node_modules/@teambit/bit/dist/app'
Require stack:
- /Users/nitsancohen/.bvm/versions/0.2.29/bit-0.2.29/node_modules/@teambit/legacy/bin/bit.js
    at Module._resolveFilename (node:internal/modules/cjs/loader:1072:15)
    at Module._load (node:internal/modules/cjs/loader:925:27)
    at Module.require (node:internal/modules/cjs/loader:1139:19)
    at require (node:internal/modules/helpers:121:18)
    at Object.<anonymous> (/Users/nitsancohen/.bvm/versions/0.2.29/bit-0.2.29/node_modules/@teambit/legacy/bin/bit.js:3:1)
    at Module._compile (node:internal/modules/cjs/loader:1257:14)
    at Module._extensions..js (node:internal/modules/cjs/loader:1311:10)
    at Module.load (node:internal/modules/cjs/loader:1115:32)
    at Module._load (node:internal/modules/cjs/loader:962:12)
    at Function.executeUserEntryPoint [as runMain] (node:internal/modules/run_main:83:12) {
  code: 'MODULE_NOT_FOUND',
  requireStack: [
    '/Users/nitsancohen/.bvm/versions/0.2.29/bit-0.2.29/node_modules/@teambit/legacy/bin/bit.js'
  ]
}

Node.js v20.3.1

    at checkExecSyncError (node:child_process:885:11)
    at Object.execSync (node:child_process:957:15)
    at CommandHelper.runCmd (src/e2e-helper/e2e-command-helper.ts:64:22)
    at ScopeHelper.initWorkspace (src/e2e-helper/e2e-scope-helper.ts:126:25)
    at ScopeHelper.reInitLocalScope (src/e2e-helper/e2e-scope-helper.ts:87:10)
    at ScopeHelper.setNewLocalAndRemoteScopes (src/e2e-helper/e2e-scope-helper.ts:141:10)
    at Context.<anonymous> (e2e/harmony/lanes/merge-lanes.e2e.ts:1362:26)
    at processImmediate (node:internal/timers:478:21)]]></failure>
    </testcase>
  </testsuite>
  <testsuite name="merge lane-a to main with squashing then from main to lane-b which forked from lane-a" timestamp="2023-08-21T21:40:44" tests="1" file="/Users/nitsancohen/coding/my-bit/bit/e2e/harmony/lanes/merge-lanes.e2e.ts" time="0.0590" failures="1">
    <testcase name="merge lanes merge lane-a to main with squashing then from main to lane-b which forked from lane-a &quot;before all&quot; hook for &quot;bit-lane-merge should not throw&quot;" time="0.0590" classname="&quot;before all&quot; hook for &quot;bit-lane-merge should not throw&quot;">
      <failure message="Command failed: bit init
node:internal/modules/cjs/loader:1075
  throw err;
  ^

Error: Cannot find module &apos;../node_modules/@teambit/bit/dist/app&apos;
Require stack:
- /Users/nitsancohen/.bvm/versions/0.2.29/bit-0.2.29/node_modules/@teambit/legacy/bin/bit.js
    at Module._resolveFilename (node:internal/modules/cjs/loader:1072:15)
    at Module._load (node:internal/modules/cjs/loader:925:27)
    at Module.require (node:internal/modules/cjs/loader:1139:19)
    at require (node:internal/modules/helpers:121:18)
    at Object.&lt;anonymous&gt; (/Users/nitsancohen/.bvm/versions/0.2.29/bit-0.2.29/node_modules/@teambit/legacy/bin/bit.js:3:1)
    at Module._compile (node:internal/modules/cjs/loader:1257:14)
    at Module._extensions..js (node:internal/modules/cjs/loader:1311:10)
    at Module.load (node:internal/modules/cjs/loader:1115:32)
    at Module._load (node:internal/modules/cjs/loader:962:12)
    at Function.executeUserEntryPoint [as runMain] (node:internal/modules/run_main:83:12) {
  code: &apos;MODULE_NOT_FOUND&apos;,
  requireStack: [
    &apos;/Users/nitsancohen/.bvm/versions/0.2.29/bit-0.2.29/node_modules/@teambit/legacy/bin/bit.js&apos;
  ]
}

Node.js v20.3.1
" type="Error"><![CDATA[Error: Command failed: bit init
node:internal/modules/cjs/loader:1075
  throw err;
  ^

Error: Cannot find module '../node_modules/@teambit/bit/dist/app'
Require stack:
- /Users/nitsancohen/.bvm/versions/0.2.29/bit-0.2.29/node_modules/@teambit/legacy/bin/bit.js
    at Module._resolveFilename (node:internal/modules/cjs/loader:1072:15)
    at Module._load (node:internal/modules/cjs/loader:925:27)
    at Module.require (node:internal/modules/cjs/loader:1139:19)
    at require (node:internal/modules/helpers:121:18)
    at Object.<anonymous> (/Users/nitsancohen/.bvm/versions/0.2.29/bit-0.2.29/node_modules/@teambit/legacy/bin/bit.js:3:1)
    at Module._compile (node:internal/modules/cjs/loader:1257:14)
    at Module._extensions..js (node:internal/modules/cjs/loader:1311:10)
    at Module.load (node:internal/modules/cjs/loader:1115:32)
    at Module._load (node:internal/modules/cjs/loader:962:12)
    at Function.executeUserEntryPoint [as runMain] (node:internal/modules/run_main:83:12) {
  code: 'MODULE_NOT_FOUND',
  requireStack: [
    '/Users/nitsancohen/.bvm/versions/0.2.29/bit-0.2.29/node_modules/@teambit/legacy/bin/bit.js'
  ]
}

Node.js v20.3.1

    at checkExecSyncError (node:child_process:885:11)
    at Object.execSync (node:child_process:957:15)
    at CommandHelper.runCmd (src/e2e-helper/e2e-command-helper.ts:64:22)
    at ScopeHelper.initWorkspace (src/e2e-helper/e2e-scope-helper.ts:126:25)
    at ScopeHelper.reInitLocalScope (src/e2e-helper/e2e-scope-helper.ts:87:10)
    at ScopeHelper.setNewLocalAndRemoteScopes (src/e2e-helper/e2e-scope-helper.ts:141:10)
    at Context.<anonymous> (e2e/harmony/lanes/merge-lanes.e2e.ts:1388:26)
    at processImmediate (node:internal/timers:478:21)]]></failure>
    </testcase>
  </testsuite>
  <testsuite name="lane with multiple components with the same name but different scope-name" timestamp="2023-08-21T21:40:44" tests="1" file="/Users/nitsancohen/coding/my-bit/bit/e2e/harmony/lanes/multiple-comps-same-name-on-lane.e2e.ts" time="0.0600" failures="1">
    <testcase name="lane with multiple components with the same name but different scope-name &quot;before all&quot; hook for &quot;should not replace the component in the remote-lane, but keep both of them&quot;" time="0.0600" classname="&quot;before all&quot; hook for &quot;should not replace the component in the remote-lane, but keep both of them&quot;">
      <failure message="Command failed: bit init
node:internal/modules/cjs/loader:1075
  throw err;
  ^

Error: Cannot find module &apos;../node_modules/@teambit/bit/dist/app&apos;
Require stack:
- /Users/nitsancohen/.bvm/versions/0.2.29/bit-0.2.29/node_modules/@teambit/legacy/bin/bit.js
    at Module._resolveFilename (node:internal/modules/cjs/loader:1072:15)
    at Module._load (node:internal/modules/cjs/loader:925:27)
    at Module.require (node:internal/modules/cjs/loader:1139:19)
    at require (node:internal/modules/helpers:121:18)
    at Object.&lt;anonymous&gt; (/Users/nitsancohen/.bvm/versions/0.2.29/bit-0.2.29/node_modules/@teambit/legacy/bin/bit.js:3:1)
    at Module._compile (node:internal/modules/cjs/loader:1257:14)
    at Module._extensions..js (node:internal/modules/cjs/loader:1311:10)
    at Module.load (node:internal/modules/cjs/loader:1115:32)
    at Module._load (node:internal/modules/cjs/loader:962:12)
    at Function.executeUserEntryPoint [as runMain] (node:internal/modules/run_main:83:12) {
  code: &apos;MODULE_NOT_FOUND&apos;,
  requireStack: [
    &apos;/Users/nitsancohen/.bvm/versions/0.2.29/bit-0.2.29/node_modules/@teambit/legacy/bin/bit.js&apos;
  ]
}

Node.js v20.3.1
" type="Error"><![CDATA[Error: Command failed: bit init
node:internal/modules/cjs/loader:1075
  throw err;
  ^

Error: Cannot find module '../node_modules/@teambit/bit/dist/app'
Require stack:
- /Users/nitsancohen/.bvm/versions/0.2.29/bit-0.2.29/node_modules/@teambit/legacy/bin/bit.js
    at Module._resolveFilename (node:internal/modules/cjs/loader:1072:15)
    at Module._load (node:internal/modules/cjs/loader:925:27)
    at Module.require (node:internal/modules/cjs/loader:1139:19)
    at require (node:internal/modules/helpers:121:18)
    at Object.<anonymous> (/Users/nitsancohen/.bvm/versions/0.2.29/bit-0.2.29/node_modules/@teambit/legacy/bin/bit.js:3:1)
    at Module._compile (node:internal/modules/cjs/loader:1257:14)
    at Module._extensions..js (node:internal/modules/cjs/loader:1311:10)
    at Module.load (node:internal/modules/cjs/loader:1115:32)
    at Module._load (node:internal/modules/cjs/loader:962:12)
    at Function.executeUserEntryPoint [as runMain] (node:internal/modules/run_main:83:12) {
  code: 'MODULE_NOT_FOUND',
  requireStack: [
    '/Users/nitsancohen/.bvm/versions/0.2.29/bit-0.2.29/node_modules/@teambit/legacy/bin/bit.js'
  ]
}

Node.js v20.3.1

    at checkExecSyncError (node:child_process:885:11)
    at Object.execSync (node:child_process:957:15)
    at CommandHelper.runCmd (src/e2e-helper/e2e-command-helper.ts:64:22)
    at ScopeHelper.initWorkspace (src/e2e-helper/e2e-scope-helper.ts:126:25)
    at ScopeHelper.reInitLocalScope (src/e2e-helper/e2e-scope-helper.ts:87:10)
    at ScopeHelper.setNewLocalAndRemoteScopes (src/e2e-helper/e2e-scope-helper.ts:141:10)
    at Context.<anonymous> (e2e/harmony/lanes/multiple-comps-same-name-on-lane.e2e.ts:13:24)
    at processImmediate (node:internal/timers:478:21)]]></failure>
    </testcase>
  </testsuite>
  <testsuite name="remove lanes" timestamp="2023-08-21T21:40:44" tests="0" file="/Users/nitsancohen/coding/my-bit/bit/e2e/harmony/lanes/remove-lanes.e2e.ts" time="0.0000" failures="0">
  </testsuite>
  <testsuite name="switching to a new lane and snapping" timestamp="2023-08-21T21:40:44" tests="3" file="/Users/nitsancohen/coding/my-bit/bit/e2e/harmony/lanes/remove-lanes.e2e.ts" time="0.0590" failures="1">
    <testcase name="remove lanes switching to a new lane and snapping &quot;before all&quot; hook for &quot;as an intermediate step, make sure the snapped components are part of the lane&quot;" time="0.0590" classname="&quot;before all&quot; hook for &quot;as an intermediate step, make sure the snapped components are part of the lane&quot;">
      <failure message="Command failed: bit init
node:internal/modules/cjs/loader:1075
  throw err;
  ^

Error: Cannot find module &apos;../node_modules/@teambit/bit/dist/app&apos;
Require stack:
- /Users/nitsancohen/.bvm/versions/0.2.29/bit-0.2.29/node_modules/@teambit/legacy/bin/bit.js
    at Module._resolveFilename (node:internal/modules/cjs/loader:1072:15)
    at Module._load (node:internal/modules/cjs/loader:925:27)
    at Module.require (node:internal/modules/cjs/loader:1139:19)
    at require (node:internal/modules/helpers:121:18)
    at Object.&lt;anonymous&gt; (/Users/nitsancohen/.bvm/versions/0.2.29/bit-0.2.29/node_modules/@teambit/legacy/bin/bit.js:3:1)
    at Module._compile (node:internal/modules/cjs/loader:1257:14)
    at Module._extensions..js (node:internal/modules/cjs/loader:1311:10)
    at Module.load (node:internal/modules/cjs/loader:1115:32)
    at Module._load (node:internal/modules/cjs/loader:962:12)
    at Function.executeUserEntryPoint [as runMain] (node:internal/modules/run_main:83:12) {
  code: &apos;MODULE_NOT_FOUND&apos;,
  requireStack: [
    &apos;/Users/nitsancohen/.bvm/versions/0.2.29/bit-0.2.29/node_modules/@teambit/legacy/bin/bit.js&apos;
  ]
}

Node.js v20.3.1
" type="Error"><![CDATA[Error: Command failed: bit init
node:internal/modules/cjs/loader:1075
  throw err;
  ^

Error: Cannot find module '../node_modules/@teambit/bit/dist/app'
Require stack:
- /Users/nitsancohen/.bvm/versions/0.2.29/bit-0.2.29/node_modules/@teambit/legacy/bin/bit.js
    at Module._resolveFilename (node:internal/modules/cjs/loader:1072:15)
    at Module._load (node:internal/modules/cjs/loader:925:27)
    at Module.require (node:internal/modules/cjs/loader:1139:19)
    at require (node:internal/modules/helpers:121:18)
    at Object.<anonymous> (/Users/nitsancohen/.bvm/versions/0.2.29/bit-0.2.29/node_modules/@teambit/legacy/bin/bit.js:3:1)
    at Module._compile (node:internal/modules/cjs/loader:1257:14)
    at Module._extensions..js (node:internal/modules/cjs/loader:1311:10)
    at Module.load (node:internal/modules/cjs/loader:1115:32)
    at Module._load (node:internal/modules/cjs/loader:962:12)
    at Function.executeUserEntryPoint [as runMain] (node:internal/modules/run_main:83:12) {
  code: 'MODULE_NOT_FOUND',
  requireStack: [
    '/Users/nitsancohen/.bvm/versions/0.2.29/bit-0.2.29/node_modules/@teambit/legacy/bin/bit.js'
  ]
}

Node.js v20.3.1

    at checkExecSyncError (node:child_process:885:11)
    at Object.execSync (node:child_process:957:15)
    at CommandHelper.runCmd (src/e2e-helper/e2e-command-helper.ts:64:22)
    at ScopeHelper.initWorkspace (src/e2e-helper/e2e-scope-helper.ts:126:25)
    at ScopeHelper.reInitLocalScope (src/e2e-helper/e2e-scope-helper.ts:87:10)
    at ScopeHelper.setNewLocalAndRemoteScopes (src/e2e-helper/e2e-scope-helper.ts:141:10)
    at Context.<anonymous> (e2e/harmony/lanes/remove-lanes.e2e.ts:20:26)
    at processImmediate (node:internal/timers:478:21)]]></failure>
    </testcase>
  </testsuite>
  <testsuite name="removing a remote lane" timestamp="2023-08-21T21:40:44" tests="2" file="/Users/nitsancohen/coding/my-bit/bit/e2e/harmony/lanes/remove-lanes.e2e.ts" time="0.0590" failures="1">
    <testcase name="remove lanes removing a remote lane &quot;before all&quot; hook for &quot;as an intermediate step, make sure the lane is on the remote&quot;" time="0.0590" classname="&quot;before all&quot; hook for &quot;as an intermediate step, make sure the lane is on the remote&quot;">
      <failure message="Command failed: bit init
node:internal/modules/cjs/loader:1075
  throw err;
  ^

Error: Cannot find module &apos;../node_modules/@teambit/bit/dist/app&apos;
Require stack:
- /Users/nitsancohen/.bvm/versions/0.2.29/bit-0.2.29/node_modules/@teambit/legacy/bin/bit.js
    at Module._resolveFilename (node:internal/modules/cjs/loader:1072:15)
    at Module._load (node:internal/modules/cjs/loader:925:27)
    at Module.require (node:internal/modules/cjs/loader:1139:19)
    at require (node:internal/modules/helpers:121:18)
    at Object.&lt;anonymous&gt; (/Users/nitsancohen/.bvm/versions/0.2.29/bit-0.2.29/node_modules/@teambit/legacy/bin/bit.js:3:1)
    at Module._compile (node:internal/modules/cjs/loader:1257:14)
    at Module._extensions..js (node:internal/modules/cjs/loader:1311:10)
    at Module.load (node:internal/modules/cjs/loader:1115:32)
    at Module._load (node:internal/modules/cjs/loader:962:12)
    at Function.executeUserEntryPoint [as runMain] (node:internal/modules/run_main:83:12) {
  code: &apos;MODULE_NOT_FOUND&apos;,
  requireStack: [
    &apos;/Users/nitsancohen/.bvm/versions/0.2.29/bit-0.2.29/node_modules/@teambit/legacy/bin/bit.js&apos;
  ]
}

Node.js v20.3.1
" type="Error"><![CDATA[Error: Command failed: bit init
node:internal/modules/cjs/loader:1075
  throw err;
  ^

Error: Cannot find module '../node_modules/@teambit/bit/dist/app'
Require stack:
- /Users/nitsancohen/.bvm/versions/0.2.29/bit-0.2.29/node_modules/@teambit/legacy/bin/bit.js
    at Module._resolveFilename (node:internal/modules/cjs/loader:1072:15)
    at Module._load (node:internal/modules/cjs/loader:925:27)
    at Module.require (node:internal/modules/cjs/loader:1139:19)
    at require (node:internal/modules/helpers:121:18)
    at Object.<anonymous> (/Users/nitsancohen/.bvm/versions/0.2.29/bit-0.2.29/node_modules/@teambit/legacy/bin/bit.js:3:1)
    at Module._compile (node:internal/modules/cjs/loader:1257:14)
    at Module._extensions..js (node:internal/modules/cjs/loader:1311:10)
    at Module.load (node:internal/modules/cjs/loader:1115:32)
    at Module._load (node:internal/modules/cjs/loader:962:12)
    at Function.executeUserEntryPoint [as runMain] (node:internal/modules/run_main:83:12) {
  code: 'MODULE_NOT_FOUND',
  requireStack: [
    '/Users/nitsancohen/.bvm/versions/0.2.29/bit-0.2.29/node_modules/@teambit/legacy/bin/bit.js'
  ]
}

Node.js v20.3.1

    at checkExecSyncError (node:child_process:885:11)
    at Object.execSync (node:child_process:957:15)
    at CommandHelper.runCmd (src/e2e-helper/e2e-command-helper.ts:64:22)
    at ScopeHelper.initWorkspace (src/e2e-helper/e2e-scope-helper.ts:126:25)
    at ScopeHelper.reInitLocalScope (src/e2e-helper/e2e-scope-helper.ts:87:10)
    at ScopeHelper.setNewLocalAndRemoteScopes (src/e2e-helper/e2e-scope-helper.ts:141:10)
    at Context.<anonymous> (e2e/harmony/lanes/remove-lanes.e2e.ts:93:26)
    at processImmediate (node:internal/timers:478:21)]]></failure>
    </testcase>
  </testsuite>
  <testsuite name="rename lanes" timestamp="2023-08-21T21:40:44" tests="0" file="/Users/nitsancohen/coding/my-bit/bit/e2e/harmony/lanes/rename-lane.e2e.ts" time="0.0000" failures="0">
  </testsuite>
  <testsuite name="rename lane using the alias" timestamp="2023-08-21T21:40:44" tests="2" file="/Users/nitsancohen/coding/my-bit/bit/e2e/harmony/lanes/rename-lane.e2e.ts" time="0.0600" failures="1">
    <testcase name="rename lanes rename lane using the alias &quot;before all&quot; hook for &quot;should not throw on any command&quot;" time="0.0600" classname="&quot;before all&quot; hook for &quot;should not throw on any command&quot;">
      <failure message="Command failed: bit init
node:internal/modules/cjs/loader:1075
  throw err;
  ^

Error: Cannot find module &apos;../node_modules/@teambit/bit/dist/app&apos;
Require stack:
- /Users/nitsancohen/.bvm/versions/0.2.29/bit-0.2.29/node_modules/@teambit/legacy/bin/bit.js
    at Module._resolveFilename (node:internal/modules/cjs/loader:1072:15)
    at Module._load (node:internal/modules/cjs/loader:925:27)
    at Module.require (node:internal/modules/cjs/loader:1139:19)
    at require (node:internal/modules/helpers:121:18)
    at Object.&lt;anonymous&gt; (/Users/nitsancohen/.bvm/versions/0.2.29/bit-0.2.29/node_modules/@teambit/legacy/bin/bit.js:3:1)
    at Module._compile (node:internal/modules/cjs/loader:1257:14)
    at Module._extensions..js (node:internal/modules/cjs/loader:1311:10)
    at Module.load (node:internal/modules/cjs/loader:1115:32)
    at Module._load (node:internal/modules/cjs/loader:962:12)
    at Function.executeUserEntryPoint [as runMain] (node:internal/modules/run_main:83:12) {
  code: &apos;MODULE_NOT_FOUND&apos;,
  requireStack: [
    &apos;/Users/nitsancohen/.bvm/versions/0.2.29/bit-0.2.29/node_modules/@teambit/legacy/bin/bit.js&apos;
  ]
}

Node.js v20.3.1
" type="Error"><![CDATA[Error: Command failed: bit init
node:internal/modules/cjs/loader:1075
  throw err;
  ^

Error: Cannot find module '../node_modules/@teambit/bit/dist/app'
Require stack:
- /Users/nitsancohen/.bvm/versions/0.2.29/bit-0.2.29/node_modules/@teambit/legacy/bin/bit.js
    at Module._resolveFilename (node:internal/modules/cjs/loader:1072:15)
    at Module._load (node:internal/modules/cjs/loader:925:27)
    at Module.require (node:internal/modules/cjs/loader:1139:19)
    at require (node:internal/modules/helpers:121:18)
    at Object.<anonymous> (/Users/nitsancohen/.bvm/versions/0.2.29/bit-0.2.29/node_modules/@teambit/legacy/bin/bit.js:3:1)
    at Module._compile (node:internal/modules/cjs/loader:1257:14)
    at Module._extensions..js (node:internal/modules/cjs/loader:1311:10)
    at Module.load (node:internal/modules/cjs/loader:1115:32)
    at Module._load (node:internal/modules/cjs/loader:962:12)
    at Function.executeUserEntryPoint [as runMain] (node:internal/modules/run_main:83:12) {
  code: 'MODULE_NOT_FOUND',
  requireStack: [
    '/Users/nitsancohen/.bvm/versions/0.2.29/bit-0.2.29/node_modules/@teambit/legacy/bin/bit.js'
  ]
}

Node.js v20.3.1

    at checkExecSyncError (node:child_process:885:11)
    at Object.execSync (node:child_process:957:15)
    at CommandHelper.runCmd (src/e2e-helper/e2e-command-helper.ts:64:22)
    at ScopeHelper.initWorkspace (src/e2e-helper/e2e-scope-helper.ts:126:25)
    at ScopeHelper.reInitLocalScope (src/e2e-helper/e2e-scope-helper.ts:87:10)
    at ScopeHelper.setNewLocalAndRemoteScopes (src/e2e-helper/e2e-scope-helper.ts:141:10)
    at Context.<anonymous> (e2e/harmony/lanes/rename-lane.e2e.ts:18:26)
    at processImmediate (node:internal/timers:478:21)]]></failure>
    </testcase>
  </testsuite>
  <testsuite name="bit lane command" timestamp="2023-08-21T21:40:44" tests="0" file="/Users/nitsancohen/coding/my-bit/bit/e2e/harmony/lanes/switch-lanes.e2e.ts" time="0.0000" failures="0">
  </testsuite>
  <testsuite name="switching lanes" timestamp="2023-08-21T21:40:44" tests="0" file="/Users/nitsancohen/coding/my-bit/bit/e2e/harmony/lanes/switch-lanes.e2e.ts" time="0.0000" failures="0">
  </testsuite>
  <testsuite name="importing the lane objects and switching to that lane" timestamp="2023-08-21T21:40:44" tests="6" file="/Users/nitsancohen/coding/my-bit/bit/e2e/harmony/lanes/switch-lanes.e2e.ts" time="0.0590" failures="1">
    <testcase name="bit lane command switching lanes importing the lane objects and switching to that lane &quot;before all&quot; hook for &quot;should write the component to the filesystem with the same version as the lane&quot;" time="0.0590" classname="&quot;before all&quot; hook for &quot;should write the component to the filesystem with the same version as the lane&quot;">
      <failure message="Command failed: bit init
node:internal/modules/cjs/loader:1075
  throw err;
  ^

Error: Cannot find module &apos;../node_modules/@teambit/bit/dist/app&apos;
Require stack:
- /Users/nitsancohen/.bvm/versions/0.2.29/bit-0.2.29/node_modules/@teambit/legacy/bin/bit.js
    at Module._resolveFilename (node:internal/modules/cjs/loader:1072:15)
    at Module._load (node:internal/modules/cjs/loader:925:27)
    at Module.require (node:internal/modules/cjs/loader:1139:19)
    at require (node:internal/modules/helpers:121:18)
    at Object.&lt;anonymous&gt; (/Users/nitsancohen/.bvm/versions/0.2.29/bit-0.2.29/node_modules/@teambit/legacy/bin/bit.js:3:1)
    at Module._compile (node:internal/modules/cjs/loader:1257:14)
    at Module._extensions..js (node:internal/modules/cjs/loader:1311:10)
    at Module.load (node:internal/modules/cjs/loader:1115:32)
    at Module._load (node:internal/modules/cjs/loader:962:12)
    at Function.executeUserEntryPoint [as runMain] (node:internal/modules/run_main:83:12) {
  code: &apos;MODULE_NOT_FOUND&apos;,
  requireStack: [
    &apos;/Users/nitsancohen/.bvm/versions/0.2.29/bit-0.2.29/node_modules/@teambit/legacy/bin/bit.js&apos;
  ]
}

Node.js v20.3.1
" type="Error"><![CDATA[Error: Command failed: bit init
node:internal/modules/cjs/loader:1075
  throw err;
  ^

Error: Cannot find module '../node_modules/@teambit/bit/dist/app'
Require stack:
- /Users/nitsancohen/.bvm/versions/0.2.29/bit-0.2.29/node_modules/@teambit/legacy/bin/bit.js
    at Module._resolveFilename (node:internal/modules/cjs/loader:1072:15)
    at Module._load (node:internal/modules/cjs/loader:925:27)
    at Module.require (node:internal/modules/cjs/loader:1139:19)
    at require (node:internal/modules/helpers:121:18)
    at Object.<anonymous> (/Users/nitsancohen/.bvm/versions/0.2.29/bit-0.2.29/node_modules/@teambit/legacy/bin/bit.js:3:1)
    at Module._compile (node:internal/modules/cjs/loader:1257:14)
    at Module._extensions..js (node:internal/modules/cjs/loader:1311:10)
    at Module.load (node:internal/modules/cjs/loader:1115:32)
    at Module._load (node:internal/modules/cjs/loader:962:12)
    at Function.executeUserEntryPoint [as runMain] (node:internal/modules/run_main:83:12) {
  code: 'MODULE_NOT_FOUND',
  requireStack: [
    '/Users/nitsancohen/.bvm/versions/0.2.29/bit-0.2.29/node_modules/@teambit/legacy/bin/bit.js'
  ]
}

Node.js v20.3.1

    at checkExecSyncError (node:child_process:885:11)
    at Object.execSync (node:child_process:957:15)
    at CommandHelper.runCmd (src/e2e-helper/e2e-command-helper.ts:64:22)
    at ScopeHelper.initWorkspace (src/e2e-helper/e2e-scope-helper.ts:126:25)
    at ScopeHelper.reInitLocalScope (src/e2e-helper/e2e-scope-helper.ts:87:10)
    at ScopeHelper.setNewLocalAndRemoteScopes (src/e2e-helper/e2e-scope-helper.ts:141:10)
    at Context.<anonymous> (e2e/harmony/lanes/switch-lanes.e2e.ts:24:28)
    at processImmediate (node:internal/timers:478:21)]]></failure>
    </testcase>
  </testsuite>
  <testsuite name="switching lanes with deleted files" timestamp="2023-08-21T21:40:44" tests="1" file="/Users/nitsancohen/coding/my-bit/bit/e2e/harmony/lanes/switch-lanes.e2e.ts" time="0.0610" failures="1">
    <testcase name="bit lane command switching lanes with deleted files &quot;before all&quot; hook for &quot;should delete the comp1/comp1.spec.js file&quot;" time="0.0610" classname="&quot;before all&quot; hook for &quot;should delete the comp1/comp1.spec.js file&quot;">
      <failure message="Command failed: bit init
node:internal/modules/cjs/loader:1075
  throw err;
  ^

Error: Cannot find module &apos;../node_modules/@teambit/bit/dist/app&apos;
Require stack:
- /Users/nitsancohen/.bvm/versions/0.2.29/bit-0.2.29/node_modules/@teambit/legacy/bin/bit.js
    at Module._resolveFilename (node:internal/modules/cjs/loader:1072:15)
    at Module._load (node:internal/modules/cjs/loader:925:27)
    at Module.require (node:internal/modules/cjs/loader:1139:19)
    at require (node:internal/modules/helpers:121:18)
    at Object.&lt;anonymous&gt; (/Users/nitsancohen/.bvm/versions/0.2.29/bit-0.2.29/node_modules/@teambit/legacy/bin/bit.js:3:1)
    at Module._compile (node:internal/modules/cjs/loader:1257:14)
    at Module._extensions..js (node:internal/modules/cjs/loader:1311:10)
    at Module.load (node:internal/modules/cjs/loader:1115:32)
    at Module._load (node:internal/modules/cjs/loader:962:12)
    at Function.executeUserEntryPoint [as runMain] (node:internal/modules/run_main:83:12) {
  code: &apos;MODULE_NOT_FOUND&apos;,
  requireStack: [
    &apos;/Users/nitsancohen/.bvm/versions/0.2.29/bit-0.2.29/node_modules/@teambit/legacy/bin/bit.js&apos;
  ]
}

Node.js v20.3.1
" type="Error"><![CDATA[Error: Command failed: bit init
node:internal/modules/cjs/loader:1075
  throw err;
  ^

Error: Cannot find module '../node_modules/@teambit/bit/dist/app'
Require stack:
- /Users/nitsancohen/.bvm/versions/0.2.29/bit-0.2.29/node_modules/@teambit/legacy/bin/bit.js
    at Module._resolveFilename (node:internal/modules/cjs/loader:1072:15)
    at Module._load (node:internal/modules/cjs/loader:925:27)
    at Module.require (node:internal/modules/cjs/loader:1139:19)
    at require (node:internal/modules/helpers:121:18)
    at Object.<anonymous> (/Users/nitsancohen/.bvm/versions/0.2.29/bit-0.2.29/node_modules/@teambit/legacy/bin/bit.js:3:1)
    at Module._compile (node:internal/modules/cjs/loader:1257:14)
    at Module._extensions..js (node:internal/modules/cjs/loader:1311:10)
    at Module.load (node:internal/modules/cjs/loader:1115:32)
    at Module._load (node:internal/modules/cjs/loader:962:12)
    at Function.executeUserEntryPoint [as runMain] (node:internal/modules/run_main:83:12) {
  code: 'MODULE_NOT_FOUND',
  requireStack: [
    '/Users/nitsancohen/.bvm/versions/0.2.29/bit-0.2.29/node_modules/@teambit/legacy/bin/bit.js'
  ]
}

Node.js v20.3.1

    at checkExecSyncError (node:child_process:885:11)
    at Object.execSync (node:child_process:957:15)
    at CommandHelper.runCmd (src/e2e-helper/e2e-command-helper.ts:64:22)
    at ScopeHelper.initWorkspace (src/e2e-helper/e2e-scope-helper.ts:126:25)
    at ScopeHelper.reInitLocalScope (src/e2e-helper/e2e-scope-helper.ts:87:10)
    at ScopeHelper.setNewLocalAndRemoteScopes (src/e2e-helper/e2e-scope-helper.ts:141:10)
    at Context.<anonymous> (e2e/harmony/lanes/switch-lanes.e2e.ts:128:26)
    at processImmediate (node:internal/timers:478:21)]]></failure>
    </testcase>
  </testsuite>
  <testsuite name="switching lanes and importing in a new scope from remote scope" timestamp="2023-08-21T21:40:44" tests="3" file="/Users/nitsancohen/coding/my-bit/bit/e2e/harmony/lanes/switch-lanes.e2e.ts" time="0.0610" failures="1">
    <testcase name="bit lane command switching lanes and importing in a new scope from remote scope &quot;before all&quot; hook for &quot;should import the latest from main when on main&quot;" time="0.0610" classname="&quot;before all&quot; hook for &quot;should import the latest from main when on main&quot;">
      <failure message="Command failed: bit init
node:internal/modules/cjs/loader:1075
  throw err;
  ^

Error: Cannot find module &apos;../node_modules/@teambit/bit/dist/app&apos;
Require stack:
- /Users/nitsancohen/.bvm/versions/0.2.29/bit-0.2.29/node_modules/@teambit/legacy/bin/bit.js
    at Module._resolveFilename (node:internal/modules/cjs/loader:1072:15)
    at Module._load (node:internal/modules/cjs/loader:925:27)
    at Module.require (node:internal/modules/cjs/loader:1139:19)
    at require (node:internal/modules/helpers:121:18)
    at Object.&lt;anonymous&gt; (/Users/nitsancohen/.bvm/versions/0.2.29/bit-0.2.29/node_modules/@teambit/legacy/bin/bit.js:3:1)
    at Module._compile (node:internal/modules/cjs/loader:1257:14)
    at Module._extensions..js (node:internal/modules/cjs/loader:1311:10)
    at Module.load (node:internal/modules/cjs/loader:1115:32)
    at Module._load (node:internal/modules/cjs/loader:962:12)
    at Function.executeUserEntryPoint [as runMain] (node:internal/modules/run_main:83:12) {
  code: &apos;MODULE_NOT_FOUND&apos;,
  requireStack: [
    &apos;/Users/nitsancohen/.bvm/versions/0.2.29/bit-0.2.29/node_modules/@teambit/legacy/bin/bit.js&apos;
  ]
}

Node.js v20.3.1
" type="Error"><![CDATA[Error: Command failed: bit init
node:internal/modules/cjs/loader:1075
  throw err;
  ^

Error: Cannot find module '../node_modules/@teambit/bit/dist/app'
Require stack:
- /Users/nitsancohen/.bvm/versions/0.2.29/bit-0.2.29/node_modules/@teambit/legacy/bin/bit.js
    at Module._resolveFilename (node:internal/modules/cjs/loader:1072:15)
    at Module._load (node:internal/modules/cjs/loader:925:27)
    at Module.require (node:internal/modules/cjs/loader:1139:19)
    at require (node:internal/modules/helpers:121:18)
    at Object.<anonymous> (/Users/nitsancohen/.bvm/versions/0.2.29/bit-0.2.29/node_modules/@teambit/legacy/bin/bit.js:3:1)
    at Module._compile (node:internal/modules/cjs/loader:1257:14)
    at Module._extensions..js (node:internal/modules/cjs/loader:1311:10)
    at Module.load (node:internal/modules/cjs/loader:1115:32)
    at Module._load (node:internal/modules/cjs/loader:962:12)
    at Function.executeUserEntryPoint [as runMain] (node:internal/modules/run_main:83:12) {
  code: 'MODULE_NOT_FOUND',
  requireStack: [
    '/Users/nitsancohen/.bvm/versions/0.2.29/bit-0.2.29/node_modules/@teambit/legacy/bin/bit.js'
  ]
}

Node.js v20.3.1

    at checkExecSyncError (node:child_process:885:11)
    at Object.execSync (node:child_process:957:15)
    at CommandHelper.runCmd (src/e2e-helper/e2e-command-helper.ts:64:22)
    at ScopeHelper.initWorkspace (src/e2e-helper/e2e-scope-helper.ts:126:25)
    at ScopeHelper.reInitLocalScope (src/e2e-helper/e2e-scope-helper.ts:87:10)
    at ScopeHelper.setNewLocalAndRemoteScopes (src/e2e-helper/e2e-scope-helper.ts:141:10)
    at Context.<anonymous> (e2e/harmony/lanes/switch-lanes.e2e.ts:148:26)
    at processImmediate (node:internal/timers:478:21)]]></failure>
    </testcase>
  </testsuite>
  <testsuite name="switch to main after importing a lane" timestamp="2023-08-21T21:40:44" tests="2" file="/Users/nitsancohen/coding/my-bit/bit/e2e/harmony/lanes/switch-lanes.e2e.ts" time="0.0600" failures="1">
    <testcase name="bit lane command switch to main after importing a lane &quot;before all&quot; hook for &quot;.bitmap should have the component with the main version&quot;" time="0.0600" classname="&quot;before all&quot; hook for &quot;.bitmap should have the component with the main version&quot;">
      <failure message="Command failed: bit init
node:internal/modules/cjs/loader:1075
  throw err;
  ^

Error: Cannot find module &apos;../node_modules/@teambit/bit/dist/app&apos;
Require stack:
- /Users/nitsancohen/.bvm/versions/0.2.29/bit-0.2.29/node_modules/@teambit/legacy/bin/bit.js
    at Module._resolveFilename (node:internal/modules/cjs/loader:1072:15)
    at Module._load (node:internal/modules/cjs/loader:925:27)
    at Module.require (node:internal/modules/cjs/loader:1139:19)
    at require (node:internal/modules/helpers:121:18)
    at Object.&lt;anonymous&gt; (/Users/nitsancohen/.bvm/versions/0.2.29/bit-0.2.29/node_modules/@teambit/legacy/bin/bit.js:3:1)
    at Module._compile (node:internal/modules/cjs/loader:1257:14)
    at Module._extensions..js (node:internal/modules/cjs/loader:1311:10)
    at Module.load (node:internal/modules/cjs/loader:1115:32)
    at Module._load (node:internal/modules/cjs/loader:962:12)
    at Function.executeUserEntryPoint [as runMain] (node:internal/modules/run_main:83:12) {
  code: &apos;MODULE_NOT_FOUND&apos;,
  requireStack: [
    &apos;/Users/nitsancohen/.bvm/versions/0.2.29/bit-0.2.29/node_modules/@teambit/legacy/bin/bit.js&apos;
  ]
}

Node.js v20.3.1
" type="Error"><![CDATA[Error: Command failed: bit init
node:internal/modules/cjs/loader:1075
  throw err;
  ^

Error: Cannot find module '../node_modules/@teambit/bit/dist/app'
Require stack:
- /Users/nitsancohen/.bvm/versions/0.2.29/bit-0.2.29/node_modules/@teambit/legacy/bin/bit.js
    at Module._resolveFilename (node:internal/modules/cjs/loader:1072:15)
    at Module._load (node:internal/modules/cjs/loader:925:27)
    at Module.require (node:internal/modules/cjs/loader:1139:19)
    at require (node:internal/modules/helpers:121:18)
    at Object.<anonymous> (/Users/nitsancohen/.bvm/versions/0.2.29/bit-0.2.29/node_modules/@teambit/legacy/bin/bit.js:3:1)
    at Module._compile (node:internal/modules/cjs/loader:1257:14)
    at Module._extensions..js (node:internal/modules/cjs/loader:1311:10)
    at Module.load (node:internal/modules/cjs/loader:1115:32)
    at Module._load (node:internal/modules/cjs/loader:962:12)
    at Function.executeUserEntryPoint [as runMain] (node:internal/modules/run_main:83:12) {
  code: 'MODULE_NOT_FOUND',
  requireStack: [
    '/Users/nitsancohen/.bvm/versions/0.2.29/bit-0.2.29/node_modules/@teambit/legacy/bin/bit.js'
  ]
}

Node.js v20.3.1

    at checkExecSyncError (node:child_process:885:11)
    at Object.execSync (node:child_process:957:15)
    at CommandHelper.runCmd (src/e2e-helper/e2e-command-helper.ts:64:22)
    at ScopeHelper.initWorkspace (src/e2e-helper/e2e-scope-helper.ts:126:25)
    at ScopeHelper.reInitLocalScope (src/e2e-helper/e2e-scope-helper.ts:87:10)
    at ScopeHelper.setNewLocalAndRemoteScopes (src/e2e-helper/e2e-scope-helper.ts:141:10)
    at Context.<anonymous> (e2e/harmony/lanes/switch-lanes.e2e.ts:194:26)
    at processImmediate (node:internal/timers:478:21)]]></failure>
    </testcase>
  </testsuite>
  <testsuite name="switch to main after merging the lane somewhere else" timestamp="2023-08-21T21:40:44" tests="3" file="/Users/nitsancohen/coding/my-bit/bit/e2e/harmony/lanes/switch-lanes.e2e.ts" time="0.0610" failures="1">
    <testcase name="bit lane command switch to main after merging the lane somewhere else &quot;before all&quot; hook for &quot;should not make the component available on main&quot;" time="0.0610" classname="&quot;before all&quot; hook for &quot;should not make the component available on main&quot;">
      <failure message="Command failed: bit init
node:internal/modules/cjs/loader:1075
  throw err;
  ^

Error: Cannot find module &apos;../node_modules/@teambit/bit/dist/app&apos;
Require stack:
- /Users/nitsancohen/.bvm/versions/0.2.29/bit-0.2.29/node_modules/@teambit/legacy/bin/bit.js
    at Module._resolveFilename (node:internal/modules/cjs/loader:1072:15)
    at Module._load (node:internal/modules/cjs/loader:925:27)
    at Module.require (node:internal/modules/cjs/loader:1139:19)
    at require (node:internal/modules/helpers:121:18)
    at Object.&lt;anonymous&gt; (/Users/nitsancohen/.bvm/versions/0.2.29/bit-0.2.29/node_modules/@teambit/legacy/bin/bit.js:3:1)
    at Module._compile (node:internal/modules/cjs/loader:1257:14)
    at Module._extensions..js (node:internal/modules/cjs/loader:1311:10)
    at Module.load (node:internal/modules/cjs/loader:1115:32)
    at Module._load (node:internal/modules/cjs/loader:962:12)
    at Function.executeUserEntryPoint [as runMain] (node:internal/modules/run_main:83:12) {
  code: &apos;MODULE_NOT_FOUND&apos;,
  requireStack: [
    &apos;/Users/nitsancohen/.bvm/versions/0.2.29/bit-0.2.29/node_modules/@teambit/legacy/bin/bit.js&apos;
  ]
}

Node.js v20.3.1
" type="Error"><![CDATA[Error: Command failed: bit init
node:internal/modules/cjs/loader:1075
  throw err;
  ^

Error: Cannot find module '../node_modules/@teambit/bit/dist/app'
Require stack:
- /Users/nitsancohen/.bvm/versions/0.2.29/bit-0.2.29/node_modules/@teambit/legacy/bin/bit.js
    at Module._resolveFilename (node:internal/modules/cjs/loader:1072:15)
    at Module._load (node:internal/modules/cjs/loader:925:27)
    at Module.require (node:internal/modules/cjs/loader:1139:19)
    at require (node:internal/modules/helpers:121:18)
    at Object.<anonymous> (/Users/nitsancohen/.bvm/versions/0.2.29/bit-0.2.29/node_modules/@teambit/legacy/bin/bit.js:3:1)
    at Module._compile (node:internal/modules/cjs/loader:1257:14)
    at Module._extensions..js (node:internal/modules/cjs/loader:1311:10)
    at Module.load (node:internal/modules/cjs/loader:1115:32)
    at Module._load (node:internal/modules/cjs/loader:962:12)
    at Function.executeUserEntryPoint [as runMain] (node:internal/modules/run_main:83:12) {
  code: 'MODULE_NOT_FOUND',
  requireStack: [
    '/Users/nitsancohen/.bvm/versions/0.2.29/bit-0.2.29/node_modules/@teambit/legacy/bin/bit.js'
  ]
}

Node.js v20.3.1

    at checkExecSyncError (node:child_process:885:11)
    at Object.execSync (node:child_process:957:15)
    at CommandHelper.runCmd (src/e2e-helper/e2e-command-helper.ts:64:22)
    at ScopeHelper.initWorkspace (src/e2e-helper/e2e-scope-helper.ts:126:25)
    at ScopeHelper.reInitLocalScope (src/e2e-helper/e2e-scope-helper.ts:87:10)
    at ScopeHelper.setNewLocalAndRemoteScopes (src/e2e-helper/e2e-scope-helper.ts:141:10)
    at Context.<anonymous> (e2e/harmony/lanes/switch-lanes.e2e.ts:225:26)
    at processImmediate (node:internal/timers:478:21)]]></failure>
    </testcase>
  </testsuite>
  <testsuite name="switch from main to a lane when main has staged components" timestamp="2023-08-21T21:40:44" tests="1" file="/Users/nitsancohen/coding/my-bit/bit/e2e/harmony/lanes/switch-lanes.e2e.ts" time="0.0600" failures="1">
    <testcase name="bit lane command switch from main to a lane when main has staged components &quot;before all&quot; hook for &quot;should block the switch and suggest to export or reset&quot;" time="0.0600" classname="&quot;before all&quot; hook for &quot;should block the switch and suggest to export or reset&quot;">
      <failure message="Command failed: bit init
node:internal/modules/cjs/loader:1075
  throw err;
  ^

Error: Cannot find module &apos;../node_modules/@teambit/bit/dist/app&apos;
Require stack:
- /Users/nitsancohen/.bvm/versions/0.2.29/bit-0.2.29/node_modules/@teambit/legacy/bin/bit.js
    at Module._resolveFilename (node:internal/modules/cjs/loader:1072:15)
    at Module._load (node:internal/modules/cjs/loader:925:27)
    at Module.require (node:internal/modules/cjs/loader:1139:19)
    at require (node:internal/modules/helpers:121:18)
    at Object.&lt;anonymous&gt; (/Users/nitsancohen/.bvm/versions/0.2.29/bit-0.2.29/node_modules/@teambit/legacy/bin/bit.js:3:1)
    at Module._compile (node:internal/modules/cjs/loader:1257:14)
    at Module._extensions..js (node:internal/modules/cjs/loader:1311:10)
    at Module.load (node:internal/modules/cjs/loader:1115:32)
    at Module._load (node:internal/modules/cjs/loader:962:12)
    at Function.executeUserEntryPoint [as runMain] (node:internal/modules/run_main:83:12) {
  code: &apos;MODULE_NOT_FOUND&apos;,
  requireStack: [
    &apos;/Users/nitsancohen/.bvm/versions/0.2.29/bit-0.2.29/node_modules/@teambit/legacy/bin/bit.js&apos;
  ]
}

Node.js v20.3.1
" type="Error"><![CDATA[Error: Command failed: bit init
node:internal/modules/cjs/loader:1075
  throw err;
  ^

Error: Cannot find module '../node_modules/@teambit/bit/dist/app'
Require stack:
- /Users/nitsancohen/.bvm/versions/0.2.29/bit-0.2.29/node_modules/@teambit/legacy/bin/bit.js
    at Module._resolveFilename (node:internal/modules/cjs/loader:1072:15)
    at Module._load (node:internal/modules/cjs/loader:925:27)
    at Module.require (node:internal/modules/cjs/loader:1139:19)
    at require (node:internal/modules/helpers:121:18)
    at Object.<anonymous> (/Users/nitsancohen/.bvm/versions/0.2.29/bit-0.2.29/node_modules/@teambit/legacy/bin/bit.js:3:1)
    at Module._compile (node:internal/modules/cjs/loader:1257:14)
    at Module._extensions..js (node:internal/modules/cjs/loader:1311:10)
    at Module.load (node:internal/modules/cjs/loader:1115:32)
    at Module._load (node:internal/modules/cjs/loader:962:12)
    at Function.executeUserEntryPoint [as runMain] (node:internal/modules/run_main:83:12) {
  code: 'MODULE_NOT_FOUND',
  requireStack: [
    '/Users/nitsancohen/.bvm/versions/0.2.29/bit-0.2.29/node_modules/@teambit/legacy/bin/bit.js'
  ]
}

Node.js v20.3.1

    at checkExecSyncError (node:child_process:885:11)
    at Object.execSync (node:child_process:957:15)
    at CommandHelper.runCmd (src/e2e-helper/e2e-command-helper.ts:64:22)
    at ScopeHelper.initWorkspace (src/e2e-helper/e2e-scope-helper.ts:126:25)
    at ScopeHelper.reInitLocalScope (src/e2e-helper/e2e-scope-helper.ts:87:10)
    at ScopeHelper.setNewLocalAndRemoteScopes (src/e2e-helper/e2e-scope-helper.ts:141:10)
    at Context.<anonymous> (e2e/harmony/lanes/switch-lanes.e2e.ts:255:26)
    at processImmediate (node:internal/timers:478:21)]]></failure>
    </testcase>
  </testsuite>
  <testsuite name="lane-b has dep as a component, switch to lane-a where the dep is a pkg" timestamp="2023-08-21T21:40:44" tests="2" file="/Users/nitsancohen/coding/my-bit/bit/e2e/harmony/lanes/switch-lanes.e2e.ts" time="0.0610" failures="2">
    <testcase name="bit lane command lane-b has dep as a component, switch to lane-a where the dep is a pkg &quot;before all&quot; hook for &quot;bit snap should throw an error saying a dependency is from another lane&quot;" time="0.0600" classname="&quot;before all&quot; hook for &quot;bit snap should throw an error saying a dependency is from another lane&quot;">
      <failure message="Command failed: bit init
node:internal/modules/cjs/loader:1075
  throw err;
  ^

Error: Cannot find module &apos;../node_modules/@teambit/bit/dist/app&apos;
Require stack:
- /Users/nitsancohen/.bvm/versions/0.2.29/bit-0.2.29/node_modules/@teambit/legacy/bin/bit.js
    at Module._resolveFilename (node:internal/modules/cjs/loader:1072:15)
    at Module._load (node:internal/modules/cjs/loader:925:27)
    at Module.require (node:internal/modules/cjs/loader:1139:19)
    at require (node:internal/modules/helpers:121:18)
    at Object.&lt;anonymous&gt; (/Users/nitsancohen/.bvm/versions/0.2.29/bit-0.2.29/node_modules/@teambit/legacy/bin/bit.js:3:1)
    at Module._compile (node:internal/modules/cjs/loader:1257:14)
    at Module._extensions..js (node:internal/modules/cjs/loader:1311:10)
    at Module.load (node:internal/modules/cjs/loader:1115:32)
    at Module._load (node:internal/modules/cjs/loader:962:12)
    at Function.executeUserEntryPoint [as runMain] (node:internal/modules/run_main:83:12) {
  code: &apos;MODULE_NOT_FOUND&apos;,
  requireStack: [
    &apos;/Users/nitsancohen/.bvm/versions/0.2.29/bit-0.2.29/node_modules/@teambit/legacy/bin/bit.js&apos;
  ]
}

Node.js v20.3.1
" type="Error"><![CDATA[Error: Command failed: bit init
node:internal/modules/cjs/loader:1075
  throw err;
  ^

Error: Cannot find module '../node_modules/@teambit/bit/dist/app'
Require stack:
- /Users/nitsancohen/.bvm/versions/0.2.29/bit-0.2.29/node_modules/@teambit/legacy/bin/bit.js
    at Module._resolveFilename (node:internal/modules/cjs/loader:1072:15)
    at Module._load (node:internal/modules/cjs/loader:925:27)
    at Module.require (node:internal/modules/cjs/loader:1139:19)
    at require (node:internal/modules/helpers:121:18)
    at Object.<anonymous> (/Users/nitsancohen/.bvm/versions/0.2.29/bit-0.2.29/node_modules/@teambit/legacy/bin/bit.js:3:1)
    at Module._compile (node:internal/modules/cjs/loader:1257:14)
    at Module._extensions..js (node:internal/modules/cjs/loader:1311:10)
    at Module.load (node:internal/modules/cjs/loader:1115:32)
    at Module._load (node:internal/modules/cjs/loader:962:12)
    at Function.executeUserEntryPoint [as runMain] (node:internal/modules/run_main:83:12) {
  code: 'MODULE_NOT_FOUND',
  requireStack: [
    '/Users/nitsancohen/.bvm/versions/0.2.29/bit-0.2.29/node_modules/@teambit/legacy/bin/bit.js'
  ]
}

Node.js v20.3.1

    at checkExecSyncError (node:child_process:885:11)
    at Object.execSync (node:child_process:957:15)
    at CommandHelper.runCmd (src/e2e-helper/e2e-command-helper.ts:64:22)
    at ScopeHelper.initWorkspace (src/e2e-helper/e2e-scope-helper.ts:126:25)
    at ScopeHelper.reInitLocalScope (src/e2e-helper/e2e-scope-helper.ts:87:10)
    at ScopeHelper.setNewLocalAndRemoteScopes (src/e2e-helper/e2e-scope-helper.ts:141:10)
    at Context.<anonymous> (e2e/harmony/lanes/switch-lanes.e2e.ts:277:28)
    at processImmediate (node:internal/timers:478:21)]]></failure>
    </testcase>
    <testcase name="bit lane command lane-b has dep as a component, switch to lane-a where the dep is a pkg &quot;after all&quot; hook for &quot;should use the dep from main and not from the previous lane&quot;" time="0.0010" classname="&quot;after all&quot; hook for &quot;should use the dep from main and not from the previous lane&quot;">
      <failure message="Cannot read properties of undefined (reading &apos;destroy&apos;)" type="TypeError"><![CDATA[TypeError: Cannot read properties of undefined (reading 'destroy')
    at Context.<anonymous> (e2e/harmony/lanes/switch-lanes.e2e.ts:307:23)
    at processImmediate (node:internal/timers:478:21)]]></failure>
    </testcase>
  </testsuite>
  <testsuite name="linking to a target" timestamp="2023-08-21T21:40:45" tests="1" file="/Users/nitsancohen/coding/my-bit/bit/e2e/harmony/link.e2e.ts" time="0.0600" failures="1">
    <testcase name="linking to a target &quot;before all&quot; hook for &quot;should link the components to the target directory&quot;" time="0.0600" classname="&quot;before all&quot; hook for &quot;should link the components to the target directory&quot;">
      <failure message="Command failed: bit init
node:internal/modules/cjs/loader:1075
  throw err;
  ^

Error: Cannot find module &apos;../node_modules/@teambit/bit/dist/app&apos;
Require stack:
- /Users/nitsancohen/.bvm/versions/0.2.29/bit-0.2.29/node_modules/@teambit/legacy/bin/bit.js
    at Module._resolveFilename (node:internal/modules/cjs/loader:1072:15)
    at Module._load (node:internal/modules/cjs/loader:925:27)
    at Module.require (node:internal/modules/cjs/loader:1139:19)
    at require (node:internal/modules/helpers:121:18)
    at Object.&lt;anonymous&gt; (/Users/nitsancohen/.bvm/versions/0.2.29/bit-0.2.29/node_modules/@teambit/legacy/bin/bit.js:3:1)
    at Module._compile (node:internal/modules/cjs/loader:1257:14)
    at Module._extensions..js (node:internal/modules/cjs/loader:1311:10)
    at Module.load (node:internal/modules/cjs/loader:1115:32)
    at Module._load (node:internal/modules/cjs/loader:962:12)
    at Function.executeUserEntryPoint [as runMain] (node:internal/modules/run_main:83:12) {
  code: &apos;MODULE_NOT_FOUND&apos;,
  requireStack: [
    &apos;/Users/nitsancohen/.bvm/versions/0.2.29/bit-0.2.29/node_modules/@teambit/legacy/bin/bit.js&apos;
  ]
}

Node.js v20.3.1
" type="Error"><![CDATA[Error: Command failed: bit init
node:internal/modules/cjs/loader:1075
  throw err;
  ^

Error: Cannot find module '../node_modules/@teambit/bit/dist/app'
Require stack:
- /Users/nitsancohen/.bvm/versions/0.2.29/bit-0.2.29/node_modules/@teambit/legacy/bin/bit.js
    at Module._resolveFilename (node:internal/modules/cjs/loader:1072:15)
    at Module._load (node:internal/modules/cjs/loader:925:27)
    at Module.require (node:internal/modules/cjs/loader:1139:19)
    at require (node:internal/modules/helpers:121:18)
    at Object.<anonymous> (/Users/nitsancohen/.bvm/versions/0.2.29/bit-0.2.29/node_modules/@teambit/legacy/bin/bit.js:3:1)
    at Module._compile (node:internal/modules/cjs/loader:1257:14)
    at Module._extensions..js (node:internal/modules/cjs/loader:1311:10)
    at Module.load (node:internal/modules/cjs/loader:1115:32)
    at Module._load (node:internal/modules/cjs/loader:962:12)
    at Function.executeUserEntryPoint [as runMain] (node:internal/modules/run_main:83:12) {
  code: 'MODULE_NOT_FOUND',
  requireStack: [
    '/Users/nitsancohen/.bvm/versions/0.2.29/bit-0.2.29/node_modules/@teambit/legacy/bin/bit.js'
  ]
}

Node.js v20.3.1

    at checkExecSyncError (node:child_process:885:11)
    at Object.execSync (node:child_process:957:15)
    at CommandHelper.runCmd (src/e2e-helper/e2e-command-helper.ts:64:22)
    at ScopeHelper.initWorkspace (src/e2e-helper/e2e-scope-helper.ts:126:25)
    at ScopeHelper.reInitLocalScope (src/e2e-helper/e2e-scope-helper.ts:87:10)
    at ScopeHelper.setNewLocalAndRemoteScopes (src/e2e-helper/e2e-scope-helper.ts:141:10)
    at Context.<anonymous> (e2e/harmony/link.e2e.ts:14:24)
    at processImmediate (node:internal/timers:478:21)]]></failure>
    </testcase>
  </testsuite>
  <testsuite name="loadBit()" timestamp="2023-08-21T21:40:45" tests="3" file="/Users/nitsancohen/coding/my-bit/bit/e2e/harmony/load-bit.e2e.ts" time="0.0610" failures="1">
    <testcase name="loadBit() &quot;before all&quot; hook for &quot;should return a valid workspace instance&quot;" time="0.0610" classname="&quot;before all&quot; hook for &quot;should return a valid workspace instance&quot;">
      <failure message="Command failed: bit init
node:internal/modules/cjs/loader:1075
  throw err;
  ^

Error: Cannot find module &apos;../node_modules/@teambit/bit/dist/app&apos;
Require stack:
- /Users/nitsancohen/.bvm/versions/0.2.29/bit-0.2.29/node_modules/@teambit/legacy/bin/bit.js
    at Module._resolveFilename (node:internal/modules/cjs/loader:1072:15)
    at Module._load (node:internal/modules/cjs/loader:925:27)
    at Module.require (node:internal/modules/cjs/loader:1139:19)
    at require (node:internal/modules/helpers:121:18)
    at Object.&lt;anonymous&gt; (/Users/nitsancohen/.bvm/versions/0.2.29/bit-0.2.29/node_modules/@teambit/legacy/bin/bit.js:3:1)
    at Module._compile (node:internal/modules/cjs/loader:1257:14)
    at Module._extensions..js (node:internal/modules/cjs/loader:1311:10)
    at Module.load (node:internal/modules/cjs/loader:1115:32)
    at Module._load (node:internal/modules/cjs/loader:962:12)
    at Function.executeUserEntryPoint [as runMain] (node:internal/modules/run_main:83:12) {
  code: &apos;MODULE_NOT_FOUND&apos;,
  requireStack: [
    &apos;/Users/nitsancohen/.bvm/versions/0.2.29/bit-0.2.29/node_modules/@teambit/legacy/bin/bit.js&apos;
  ]
}

Node.js v20.3.1
" type="Error"><![CDATA[Error: Command failed: bit init
node:internal/modules/cjs/loader:1075
  throw err;
  ^

Error: Cannot find module '../node_modules/@teambit/bit/dist/app'
Require stack:
- /Users/nitsancohen/.bvm/versions/0.2.29/bit-0.2.29/node_modules/@teambit/legacy/bin/bit.js
    at Module._resolveFilename (node:internal/modules/cjs/loader:1072:15)
    at Module._load (node:internal/modules/cjs/loader:925:27)
    at Module.require (node:internal/modules/cjs/loader:1139:19)
    at require (node:internal/modules/helpers:121:18)
    at Object.<anonymous> (/Users/nitsancohen/.bvm/versions/0.2.29/bit-0.2.29/node_modules/@teambit/legacy/bin/bit.js:3:1)
    at Module._compile (node:internal/modules/cjs/loader:1257:14)
    at Module._extensions..js (node:internal/modules/cjs/loader:1311:10)
    at Module.load (node:internal/modules/cjs/loader:1115:32)
    at Module._load (node:internal/modules/cjs/loader:962:12)
    at Function.executeUserEntryPoint [as runMain] (node:internal/modules/run_main:83:12) {
  code: 'MODULE_NOT_FOUND',
  requireStack: [
    '/Users/nitsancohen/.bvm/versions/0.2.29/bit-0.2.29/node_modules/@teambit/legacy/bin/bit.js'
  ]
}

Node.js v20.3.1

    at checkExecSyncError (node:child_process:885:11)
    at Object.execSync (node:child_process:957:15)
    at CommandHelper.runCmd (src/e2e-helper/e2e-command-helper.ts:64:22)
    at ScopeHelper.initWorkspace (src/e2e-helper/e2e-scope-helper.ts:126:25)
    at ScopeHelper.reInitLocalScope (src/e2e-helper/e2e-scope-helper.ts:87:10)
    at ScopeHelper.setNewLocalAndRemoteScopes (src/e2e-helper/e2e-scope-helper.ts:141:10)
    at Context.<anonymous> (e2e/harmony/load-bit.e2e.ts:12:24)
    at processImmediate (node:internal/timers:478:21)]]></failure>
    </testcase>
  </testsuite>
  <testsuite name="load extensions" timestamp="2023-08-21T21:40:45" tests="0" file="/Users/nitsancohen/coding/my-bit/bit/e2e/harmony/load-extensions.e2e.4.ts" time="0.0000" failures="0">
  </testsuite>
  <testsuite name="workspace extensions" timestamp="2023-08-21T21:40:45" tests="0" file="/Users/nitsancohen/coding/my-bit/bit/e2e/harmony/load-extensions.e2e.4.ts" time="0.0000" failures="0">
  </testsuite>
  <testsuite name="loading simple extension" timestamp="2023-08-21T21:40:45" tests="1" file="/Users/nitsancohen/coding/my-bit/bit/e2e/harmony/load-extensions.e2e.4.ts" time="0.0610" failures="1">
    <testcase name="load extensions workspace extensions loading simple extension &quot;before all&quot; hook for &quot;should load the extension when loading the workspace&quot;" time="0.0610" classname="&quot;before all&quot; hook for &quot;should load the extension when loading the workspace&quot;">
      <failure message="Command failed: bit init
node:internal/modules/cjs/loader:1075
  throw err;
  ^

Error: Cannot find module &apos;../node_modules/@teambit/bit/dist/app&apos;
Require stack:
- /Users/nitsancohen/.bvm/versions/0.2.29/bit-0.2.29/node_modules/@teambit/legacy/bin/bit.js
    at Module._resolveFilename (node:internal/modules/cjs/loader:1072:15)
    at Module._load (node:internal/modules/cjs/loader:925:27)
    at Module.require (node:internal/modules/cjs/loader:1139:19)
    at require (node:internal/modules/helpers:121:18)
    at Object.&lt;anonymous&gt; (/Users/nitsancohen/.bvm/versions/0.2.29/bit-0.2.29/node_modules/@teambit/legacy/bin/bit.js:3:1)
    at Module._compile (node:internal/modules/cjs/loader:1257:14)
    at Module._extensions..js (node:internal/modules/cjs/loader:1311:10)
    at Module.load (node:internal/modules/cjs/loader:1115:32)
    at Module._load (node:internal/modules/cjs/loader:962:12)
    at Function.executeUserEntryPoint [as runMain] (node:internal/modules/run_main:83:12) {
  code: &apos;MODULE_NOT_FOUND&apos;,
  requireStack: [
    &apos;/Users/nitsancohen/.bvm/versions/0.2.29/bit-0.2.29/node_modules/@teambit/legacy/bin/bit.js&apos;
  ]
}

Node.js v20.3.1
" type="Error"><![CDATA[Error: Command failed: bit init
node:internal/modules/cjs/loader:1075
  throw err;
  ^

Error: Cannot find module '../node_modules/@teambit/bit/dist/app'
Require stack:
- /Users/nitsancohen/.bvm/versions/0.2.29/bit-0.2.29/node_modules/@teambit/legacy/bin/bit.js
    at Module._resolveFilename (node:internal/modules/cjs/loader:1072:15)
    at Module._load (node:internal/modules/cjs/loader:925:27)
    at Module.require (node:internal/modules/cjs/loader:1139:19)
    at require (node:internal/modules/helpers:121:18)
    at Object.<anonymous> (/Users/nitsancohen/.bvm/versions/0.2.29/bit-0.2.29/node_modules/@teambit/legacy/bin/bit.js:3:1)
    at Module._compile (node:internal/modules/cjs/loader:1257:14)
    at Module._extensions..js (node:internal/modules/cjs/loader:1311:10)
    at Module.load (node:internal/modules/cjs/loader:1115:32)
    at Module._load (node:internal/modules/cjs/loader:962:12)
    at Function.executeUserEntryPoint [as runMain] (node:internal/modules/run_main:83:12) {
  code: 'MODULE_NOT_FOUND',
  requireStack: [
    '/Users/nitsancohen/.bvm/versions/0.2.29/bit-0.2.29/node_modules/@teambit/legacy/bin/bit.js'
  ]
}

Node.js v20.3.1

    at checkExecSyncError (node:child_process:885:11)
    at Object.execSync (node:child_process:957:15)
    at CommandHelper.runCmd (src/e2e-helper/e2e-command-helper.ts:64:22)
    at ScopeHelper.initWorkspace (src/e2e-helper/e2e-scope-helper.ts:126:25)
    at ScopeHelper.reInitLocalScope (src/e2e-helper/e2e-scope-helper.ts:87:10)
    at Context.<anonymous> (e2e/harmony/load-extensions.e2e.4.ts:33:28)
    at processImmediate (node:internal/timers:478:21)]]></failure>
    </testcase>
  </testsuite>
  <testsuite name="non requireable extension" timestamp="2023-08-21T21:40:45" tests="1" file="/Users/nitsancohen/coding/my-bit/bit/e2e/harmony/load-extensions.e2e.4.ts" time="0.0600" failures="1">
    <testcase name="load extensions workspace extensions non requireable extension &quot;before all&quot; hook for &quot;when config set to throw error on failed extensions&quot;" time="0.0600" classname="&quot;before all&quot; hook for &quot;when config set to throw error on failed extensions&quot;">
      <failure message="Command failed: bit init
node:internal/modules/cjs/loader:1075
  throw err;
  ^

Error: Cannot find module &apos;../node_modules/@teambit/bit/dist/app&apos;
Require stack:
- /Users/nitsancohen/.bvm/versions/0.2.29/bit-0.2.29/node_modules/@teambit/legacy/bin/bit.js
    at Module._resolveFilename (node:internal/modules/cjs/loader:1072:15)
    at Module._load (node:internal/modules/cjs/loader:925:27)
    at Module.require (node:internal/modules/cjs/loader:1139:19)
    at require (node:internal/modules/helpers:121:18)
    at Object.&lt;anonymous&gt; (/Users/nitsancohen/.bvm/versions/0.2.29/bit-0.2.29/node_modules/@teambit/legacy/bin/bit.js:3:1)
    at Module._compile (node:internal/modules/cjs/loader:1257:14)
    at Module._extensions..js (node:internal/modules/cjs/loader:1311:10)
    at Module.load (node:internal/modules/cjs/loader:1115:32)
    at Module._load (node:internal/modules/cjs/loader:962:12)
    at Function.executeUserEntryPoint [as runMain] (node:internal/modules/run_main:83:12) {
  code: &apos;MODULE_NOT_FOUND&apos;,
  requireStack: [
    &apos;/Users/nitsancohen/.bvm/versions/0.2.29/bit-0.2.29/node_modules/@teambit/legacy/bin/bit.js&apos;
  ]
}

Node.js v20.3.1
" type="Error"><![CDATA[Error: Command failed: bit init
node:internal/modules/cjs/loader:1075
  throw err;
  ^

Error: Cannot find module '../node_modules/@teambit/bit/dist/app'
Require stack:
- /Users/nitsancohen/.bvm/versions/0.2.29/bit-0.2.29/node_modules/@teambit/legacy/bin/bit.js
    at Module._resolveFilename (node:internal/modules/cjs/loader:1072:15)
    at Module._load (node:internal/modules/cjs/loader:925:27)
    at Module.require (node:internal/modules/cjs/loader:1139:19)
    at require (node:internal/modules/helpers:121:18)
    at Object.<anonymous> (/Users/nitsancohen/.bvm/versions/0.2.29/bit-0.2.29/node_modules/@teambit/legacy/bin/bit.js:3:1)
    at Module._compile (node:internal/modules/cjs/loader:1257:14)
    at Module._extensions..js (node:internal/modules/cjs/loader:1311:10)
    at Module.load (node:internal/modules/cjs/loader:1115:32)
    at Module._load (node:internal/modules/cjs/loader:962:12)
    at Function.executeUserEntryPoint [as runMain] (node:internal/modules/run_main:83:12) {
  code: 'MODULE_NOT_FOUND',
  requireStack: [
    '/Users/nitsancohen/.bvm/versions/0.2.29/bit-0.2.29/node_modules/@teambit/legacy/bin/bit.js'
  ]
}

Node.js v20.3.1

    at checkExecSyncError (node:child_process:885:11)
    at Object.execSync (node:child_process:957:15)
    at CommandHelper.runCmd (src/e2e-helper/e2e-command-helper.ts:64:22)
    at ScopeHelper.initWorkspace (src/e2e-helper/e2e-scope-helper.ts:126:25)
    at ScopeHelper.reInitLocalScope (src/e2e-helper/e2e-scope-helper.ts:87:10)
    at Context.<anonymous> (e2e/harmony/load-extensions.e2e.4.ts:48:28)
    at processImmediate (node:internal/timers:478:21)]]></failure>
    </testcase>
  </testsuite>
  <testsuite name="extension with provider error" timestamp="2023-08-21T21:40:45" tests="1" file="/Users/nitsancohen/coding/my-bit/bit/e2e/harmony/load-extensions.e2e.4.ts" time="0.0590" failures="1">
    <testcase name="load extensions workspace extensions extension with provider error &quot;before all&quot; hook for &quot;when config set to throw error on failed extensions&quot;" time="0.0590" classname="&quot;before all&quot; hook for &quot;when config set to throw error on failed extensions&quot;">
      <failure message="Command failed: bit init
node:internal/modules/cjs/loader:1075
  throw err;
  ^

Error: Cannot find module &apos;../node_modules/@teambit/bit/dist/app&apos;
Require stack:
- /Users/nitsancohen/.bvm/versions/0.2.29/bit-0.2.29/node_modules/@teambit/legacy/bin/bit.js
    at Module._resolveFilename (node:internal/modules/cjs/loader:1072:15)
    at Module._load (node:internal/modules/cjs/loader:925:27)
    at Module.require (node:internal/modules/cjs/loader:1139:19)
    at require (node:internal/modules/helpers:121:18)
    at Object.&lt;anonymous&gt; (/Users/nitsancohen/.bvm/versions/0.2.29/bit-0.2.29/node_modules/@teambit/legacy/bin/bit.js:3:1)
    at Module._compile (node:internal/modules/cjs/loader:1257:14)
    at Module._extensions..js (node:internal/modules/cjs/loader:1311:10)
    at Module.load (node:internal/modules/cjs/loader:1115:32)
    at Module._load (node:internal/modules/cjs/loader:962:12)
    at Function.executeUserEntryPoint [as runMain] (node:internal/modules/run_main:83:12) {
  code: &apos;MODULE_NOT_FOUND&apos;,
  requireStack: [
    &apos;/Users/nitsancohen/.bvm/versions/0.2.29/bit-0.2.29/node_modules/@teambit/legacy/bin/bit.js&apos;
  ]
}

Node.js v20.3.1
" type="Error"><![CDATA[Error: Command failed: bit init
node:internal/modules/cjs/loader:1075
  throw err;
  ^

Error: Cannot find module '../node_modules/@teambit/bit/dist/app'
Require stack:
- /Users/nitsancohen/.bvm/versions/0.2.29/bit-0.2.29/node_modules/@teambit/legacy/bin/bit.js
    at Module._resolveFilename (node:internal/modules/cjs/loader:1072:15)
    at Module._load (node:internal/modules/cjs/loader:925:27)
    at Module.require (node:internal/modules/cjs/loader:1139:19)
    at require (node:internal/modules/helpers:121:18)
    at Object.<anonymous> (/Users/nitsancohen/.bvm/versions/0.2.29/bit-0.2.29/node_modules/@teambit/legacy/bin/bit.js:3:1)
    at Module._compile (node:internal/modules/cjs/loader:1257:14)
    at Module._extensions..js (node:internal/modules/cjs/loader:1311:10)
    at Module.load (node:internal/modules/cjs/loader:1115:32)
    at Module._load (node:internal/modules/cjs/loader:962:12)
    at Function.executeUserEntryPoint [as runMain] (node:internal/modules/run_main:83:12) {
  code: 'MODULE_NOT_FOUND',
  requireStack: [
    '/Users/nitsancohen/.bvm/versions/0.2.29/bit-0.2.29/node_modules/@teambit/legacy/bin/bit.js'
  ]
}

Node.js v20.3.1

    at checkExecSyncError (node:child_process:885:11)
    at Object.execSync (node:child_process:957:15)
    at CommandHelper.runCmd (src/e2e-helper/e2e-command-helper.ts:64:22)
    at ScopeHelper.initWorkspace (src/e2e-helper/e2e-scope-helper.ts:126:25)
    at ScopeHelper.reInitLocalScope (src/e2e-helper/e2e-scope-helper.ts:87:10)
    at Context.<anonymous> (e2e/harmony/load-extensions.e2e.4.ts:80:28)
    at processImmediate (node:internal/timers:478:21)]]></failure>
    </testcase>
  </testsuite>
  <testsuite name="variants extensions" timestamp="2023-08-21T21:40:45" tests="0" file="/Users/nitsancohen/coding/my-bit/bit/e2e/harmony/load-extensions.e2e.4.ts" time="0.0590" failures="1">
    <testcase name="load extensions variants extensions &quot;before all&quot; hook in &quot;variants extensions&quot;" time="0.0590" classname="&quot;before all&quot; hook in &quot;variants extensions&quot;">
      <failure message="Command failed: bit init
node:internal/modules/cjs/loader:1075
  throw err;
  ^

Error: Cannot find module &apos;../node_modules/@teambit/bit/dist/app&apos;
Require stack:
- /Users/nitsancohen/.bvm/versions/0.2.29/bit-0.2.29/node_modules/@teambit/legacy/bin/bit.js
    at Module._resolveFilename (node:internal/modules/cjs/loader:1072:15)
    at Module._load (node:internal/modules/cjs/loader:925:27)
    at Module.require (node:internal/modules/cjs/loader:1139:19)
    at require (node:internal/modules/helpers:121:18)
    at Object.&lt;anonymous&gt; (/Users/nitsancohen/.bvm/versions/0.2.29/bit-0.2.29/node_modules/@teambit/legacy/bin/bit.js:3:1)
    at Module._compile (node:internal/modules/cjs/loader:1257:14)
    at Module._extensions..js (node:internal/modules/cjs/loader:1311:10)
    at Module.load (node:internal/modules/cjs/loader:1115:32)
    at Module._load (node:internal/modules/cjs/loader:962:12)
    at Function.executeUserEntryPoint [as runMain] (node:internal/modules/run_main:83:12) {
  code: &apos;MODULE_NOT_FOUND&apos;,
  requireStack: [
    &apos;/Users/nitsancohen/.bvm/versions/0.2.29/bit-0.2.29/node_modules/@teambit/legacy/bin/bit.js&apos;
  ]
}

Node.js v20.3.1
" type="Error"><![CDATA[Error: Command failed: bit init
node:internal/modules/cjs/loader:1075
  throw err;
  ^

Error: Cannot find module '../node_modules/@teambit/bit/dist/app'
Require stack:
- /Users/nitsancohen/.bvm/versions/0.2.29/bit-0.2.29/node_modules/@teambit/legacy/bin/bit.js
    at Module._resolveFilename (node:internal/modules/cjs/loader:1072:15)
    at Module._load (node:internal/modules/cjs/loader:925:27)
    at Module.require (node:internal/modules/cjs/loader:1139:19)
    at require (node:internal/modules/helpers:121:18)
    at Object.<anonymous> (/Users/nitsancohen/.bvm/versions/0.2.29/bit-0.2.29/node_modules/@teambit/legacy/bin/bit.js:3:1)
    at Module._compile (node:internal/modules/cjs/loader:1257:14)
    at Module._extensions..js (node:internal/modules/cjs/loader:1311:10)
    at Module.load (node:internal/modules/cjs/loader:1115:32)
    at Module._load (node:internal/modules/cjs/loader:962:12)
    at Function.executeUserEntryPoint [as runMain] (node:internal/modules/run_main:83:12) {
  code: 'MODULE_NOT_FOUND',
  requireStack: [
    '/Users/nitsancohen/.bvm/versions/0.2.29/bit-0.2.29/node_modules/@teambit/legacy/bin/bit.js'
  ]
}

Node.js v20.3.1

    at checkExecSyncError (node:child_process:885:11)
    at Object.execSync (node:child_process:957:15)
    at CommandHelper.runCmd (src/e2e-helper/e2e-command-helper.ts:64:22)
    at ScopeHelper.initWorkspace (src/e2e-helper/e2e-scope-helper.ts:126:25)
    at ScopeHelper.reInitLocalScope (src/e2e-helper/e2e-scope-helper.ts:87:10)
    at Context.<anonymous> (e2e/harmony/load-extensions.e2e.4.ts:121:26)
    at processImmediate (node:internal/timers:478:21)]]></failure>
    </testcase>
  </testsuite>
  <testsuite name="log" timestamp="2023-08-21T21:40:45" tests="0" file="/Users/nitsancohen/coding/my-bit/bit/e2e/harmony/log.e2e.ts" time="0.0000" failures="0">
  </testsuite>
  <testsuite name="logging with global --log flag" timestamp="2023-08-21T21:40:45" tests="1" file="/Users/nitsancohen/coding/my-bit/bit/e2e/harmony/log.e2e.ts" time="0.0600" failures="1">
    <testcase name="log logging with global --log flag &quot;before all&quot; hook for &quot;should log successfully&quot;" time="0.0600" classname="&quot;before all&quot; hook for &quot;should log successfully&quot;">
      <failure message="Command failed: bit init
node:internal/modules/cjs/loader:1075
  throw err;
  ^

Error: Cannot find module &apos;../node_modules/@teambit/bit/dist/app&apos;
Require stack:
- /Users/nitsancohen/.bvm/versions/0.2.29/bit-0.2.29/node_modules/@teambit/legacy/bin/bit.js
    at Module._resolveFilename (node:internal/modules/cjs/loader:1072:15)
    at Module._load (node:internal/modules/cjs/loader:925:27)
    at Module.require (node:internal/modules/cjs/loader:1139:19)
    at require (node:internal/modules/helpers:121:18)
    at Object.&lt;anonymous&gt; (/Users/nitsancohen/.bvm/versions/0.2.29/bit-0.2.29/node_modules/@teambit/legacy/bin/bit.js:3:1)
    at Module._compile (node:internal/modules/cjs/loader:1257:14)
    at Module._extensions..js (node:internal/modules/cjs/loader:1311:10)
    at Module.load (node:internal/modules/cjs/loader:1115:32)
    at Module._load (node:internal/modules/cjs/loader:962:12)
    at Function.executeUserEntryPoint [as runMain] (node:internal/modules/run_main:83:12) {
  code: &apos;MODULE_NOT_FOUND&apos;,
  requireStack: [
    &apos;/Users/nitsancohen/.bvm/versions/0.2.29/bit-0.2.29/node_modules/@teambit/legacy/bin/bit.js&apos;
  ]
}

Node.js v20.3.1
" type="Error"><![CDATA[Error: Command failed: bit init
node:internal/modules/cjs/loader:1075
  throw err;
  ^

Error: Cannot find module '../node_modules/@teambit/bit/dist/app'
Require stack:
- /Users/nitsancohen/.bvm/versions/0.2.29/bit-0.2.29/node_modules/@teambit/legacy/bin/bit.js
    at Module._resolveFilename (node:internal/modules/cjs/loader:1072:15)
    at Module._load (node:internal/modules/cjs/loader:925:27)
    at Module.require (node:internal/modules/cjs/loader:1139:19)
    at require (node:internal/modules/helpers:121:18)
    at Object.<anonymous> (/Users/nitsancohen/.bvm/versions/0.2.29/bit-0.2.29/node_modules/@teambit/legacy/bin/bit.js:3:1)
    at Module._compile (node:internal/modules/cjs/loader:1257:14)
    at Module._extensions..js (node:internal/modules/cjs/loader:1311:10)
    at Module.load (node:internal/modules/cjs/loader:1115:32)
    at Module._load (node:internal/modules/cjs/loader:962:12)
    at Function.executeUserEntryPoint [as runMain] (node:internal/modules/run_main:83:12) {
  code: 'MODULE_NOT_FOUND',
  requireStack: [
    '/Users/nitsancohen/.bvm/versions/0.2.29/bit-0.2.29/node_modules/@teambit/legacy/bin/bit.js'
  ]
}

Node.js v20.3.1

    at checkExecSyncError (node:child_process:885:11)
    at Object.execSync (node:child_process:957:15)
    at CommandHelper.runCmd (src/e2e-helper/e2e-command-helper.ts:64:22)
    at ScopeHelper.initWorkspace (src/e2e-helper/e2e-scope-helper.ts:126:25)
    at ScopeHelper.reInitLocalScope (src/e2e-helper/e2e-scope-helper.ts:87:10)
    at Context.<anonymous> (e2e/harmony/log.e2e.ts:15:26)
    at processImmediate (node:internal/timers:478:21)]]></failure>
    </testcase>
  </testsuite>
  <testsuite name="merge config scenarios" timestamp="2023-08-21T21:40:45" tests="0" file="/Users/nitsancohen/coding/my-bit/bit/e2e/harmony/merge-config.e2e.ts" time="0.0000" failures="0">
  </testsuite>
  <testsuite name="diverge with different component versions" timestamp="2023-08-21T21:40:45" tests="0" file="/Users/nitsancohen/coding/my-bit/bit/e2e/harmony/merge-config.e2e.ts" time="0.0610" failures="2">
    <testcase name="merge config scenarios diverge with different component versions &quot;before all&quot; hook in &quot;diverge with different component versions&quot;" time="0.0610" classname="&quot;before all&quot; hook in &quot;diverge with different component versions&quot;">
      <failure message="Command failed: bit init
node:internal/modules/cjs/loader:1075
  throw err;
  ^

Error: Cannot find module &apos;../node_modules/@teambit/bit/dist/app&apos;
Require stack:
- /Users/nitsancohen/.bvm/versions/0.2.29/bit-0.2.29/node_modules/@teambit/legacy/bin/bit.js
    at Module._resolveFilename (node:internal/modules/cjs/loader:1072:15)
    at Module._load (node:internal/modules/cjs/loader:925:27)
    at Module.require (node:internal/modules/cjs/loader:1139:19)
    at require (node:internal/modules/helpers:121:18)
    at Object.&lt;anonymous&gt; (/Users/nitsancohen/.bvm/versions/0.2.29/bit-0.2.29/node_modules/@teambit/legacy/bin/bit.js:3:1)
    at Module._compile (node:internal/modules/cjs/loader:1257:14)
    at Module._extensions..js (node:internal/modules/cjs/loader:1311:10)
    at Module.load (node:internal/modules/cjs/loader:1115:32)
    at Module._load (node:internal/modules/cjs/loader:962:12)
    at Function.executeUserEntryPoint [as runMain] (node:internal/modules/run_main:83:12) {
  code: &apos;MODULE_NOT_FOUND&apos;,
  requireStack: [
    &apos;/Users/nitsancohen/.bvm/versions/0.2.29/bit-0.2.29/node_modules/@teambit/legacy/bin/bit.js&apos;
  ]
}

Node.js v20.3.1
" type="Error"><![CDATA[Error: Command failed: bit init
node:internal/modules/cjs/loader:1075
  throw err;
  ^

Error: Cannot find module '../node_modules/@teambit/bit/dist/app'
Require stack:
- /Users/nitsancohen/.bvm/versions/0.2.29/bit-0.2.29/node_modules/@teambit/legacy/bin/bit.js
    at Module._resolveFilename (node:internal/modules/cjs/loader:1072:15)
    at Module._load (node:internal/modules/cjs/loader:925:27)
    at Module.require (node:internal/modules/cjs/loader:1139:19)
    at require (node:internal/modules/helpers:121:18)
    at Object.<anonymous> (/Users/nitsancohen/.bvm/versions/0.2.29/bit-0.2.29/node_modules/@teambit/legacy/bin/bit.js:3:1)
    at Module._compile (node:internal/modules/cjs/loader:1257:14)
    at Module._extensions..js (node:internal/modules/cjs/loader:1311:10)
    at Module.load (node:internal/modules/cjs/loader:1115:32)
    at Module._load (node:internal/modules/cjs/loader:962:12)
    at Function.executeUserEntryPoint [as runMain] (node:internal/modules/run_main:83:12) {
  code: 'MODULE_NOT_FOUND',
  requireStack: [
    '/Users/nitsancohen/.bvm/versions/0.2.29/bit-0.2.29/node_modules/@teambit/legacy/bin/bit.js'
  ]
}

Node.js v20.3.1

    at checkExecSyncError (node:child_process:885:11)
    at Object.execSync (node:child_process:957:15)
    at CommandHelper.runCmd (src/e2e-helper/e2e-command-helper.ts:64:22)
    at ScopeHelper.initWorkspace (src/e2e-helper/e2e-scope-helper.ts:126:25)
    at ScopeHelper.reInitLocalScope (src/e2e-helper/e2e-scope-helper.ts:87:10)
    at ScopeHelper.setNewLocalAndRemoteScopes (src/e2e-helper/e2e-scope-helper.ts:141:10)
    at Context.<anonymous> (e2e/harmony/merge-config.e2e.ts:25:26)
    at processImmediate (node:internal/timers:478:21)]]></failure>
    </testcase>
    <testcase name="merge config scenarios diverge with different component versions &quot;after all&quot; hook in &quot;diverge with different component versions&quot;" time="0.0000" classname="&quot;after all&quot; hook in &quot;diverge with different component versions&quot;">
      <failure message="Cannot read properties of undefined (reading &apos;destroy&apos;)" type="TypeError"><![CDATA[TypeError: Cannot read properties of undefined (reading 'destroy')
    at Context.<anonymous> (e2e/harmony/merge-config.e2e.ts:51:21)
    at processImmediate (node:internal/timers:478:21)]]></failure>
    </testcase>
  </testsuite>
  <testsuite name="diverge with config that is possible to merge" timestamp="2023-08-21T21:40:45" tests="3" file="/Users/nitsancohen/coding/my-bit/bit/e2e/harmony/merge-config.e2e.ts" time="0.0600" failures="1">
    <testcase name="merge config scenarios diverge with config that is possible to merge &quot;before all&quot; hook for &quot;bit status should not show the component with an issue of MergeConfigHasConflict&quot;" time="0.0600" classname="&quot;before all&quot; hook for &quot;bit status should not show the component with an issue of MergeConfigHasConflict&quot;">
      <failure message="Command failed: bit init
node:internal/modules/cjs/loader:1075
  throw err;
  ^

Error: Cannot find module &apos;../node_modules/@teambit/bit/dist/app&apos;
Require stack:
- /Users/nitsancohen/.bvm/versions/0.2.29/bit-0.2.29/node_modules/@teambit/legacy/bin/bit.js
    at Module._resolveFilename (node:internal/modules/cjs/loader:1072:15)
    at Module._load (node:internal/modules/cjs/loader:925:27)
    at Module.require (node:internal/modules/cjs/loader:1139:19)
    at require (node:internal/modules/helpers:121:18)
    at Object.&lt;anonymous&gt; (/Users/nitsancohen/.bvm/versions/0.2.29/bit-0.2.29/node_modules/@teambit/legacy/bin/bit.js:3:1)
    at Module._compile (node:internal/modules/cjs/loader:1257:14)
    at Module._extensions..js (node:internal/modules/cjs/loader:1311:10)
    at Module.load (node:internal/modules/cjs/loader:1115:32)
    at Module._load (node:internal/modules/cjs/loader:962:12)
    at Function.executeUserEntryPoint [as runMain] (node:internal/modules/run_main:83:12) {
  code: &apos;MODULE_NOT_FOUND&apos;,
  requireStack: [
    &apos;/Users/nitsancohen/.bvm/versions/0.2.29/bit-0.2.29/node_modules/@teambit/legacy/bin/bit.js&apos;
  ]
}

Node.js v20.3.1
" type="Error"><![CDATA[Error: Command failed: bit init
node:internal/modules/cjs/loader:1075
  throw err;
  ^

Error: Cannot find module '../node_modules/@teambit/bit/dist/app'
Require stack:
- /Users/nitsancohen/.bvm/versions/0.2.29/bit-0.2.29/node_modules/@teambit/legacy/bin/bit.js
    at Module._resolveFilename (node:internal/modules/cjs/loader:1072:15)
    at Module._load (node:internal/modules/cjs/loader:925:27)
    at Module.require (node:internal/modules/cjs/loader:1139:19)
    at require (node:internal/modules/helpers:121:18)
    at Object.<anonymous> (/Users/nitsancohen/.bvm/versions/0.2.29/bit-0.2.29/node_modules/@teambit/legacy/bin/bit.js:3:1)
    at Module._compile (node:internal/modules/cjs/loader:1257:14)
    at Module._extensions..js (node:internal/modules/cjs/loader:1311:10)
    at Module.load (node:internal/modules/cjs/loader:1115:32)
    at Module._load (node:internal/modules/cjs/loader:962:12)
    at Function.executeUserEntryPoint [as runMain] (node:internal/modules/run_main:83:12) {
  code: 'MODULE_NOT_FOUND',
  requireStack: [
    '/Users/nitsancohen/.bvm/versions/0.2.29/bit-0.2.29/node_modules/@teambit/legacy/bin/bit.js'
  ]
}

Node.js v20.3.1

    at checkExecSyncError (node:child_process:885:11)
    at Object.execSync (node:child_process:957:15)
    at CommandHelper.runCmd (src/e2e-helper/e2e-command-helper.ts:64:22)
    at ScopeHelper.initWorkspace (src/e2e-helper/e2e-scope-helper.ts:126:25)
    at ScopeHelper.reInitLocalScope (src/e2e-helper/e2e-scope-helper.ts:87:10)
    at ScopeHelper.setNewLocalAndRemoteScopes (src/e2e-helper/e2e-scope-helper.ts:141:10)
    at Context.<anonymous> (e2e/harmony/merge-config.e2e.ts:112:26)
    at processImmediate (node:internal/timers:478:21)]]></failure>
    </testcase>
  </testsuite>
  <testsuite name="diverge with conflicted config" timestamp="2023-08-21T21:40:45" tests="1" file="/Users/nitsancohen/coding/my-bit/bit/e2e/harmony/merge-config.e2e.ts" time="0.0590" failures="1">
    <testcase name="merge config scenarios diverge with conflicted config &quot;before all&quot; hook for &quot;bit status should show the component with an issue of MergeConfigHasConflict&quot;" time="0.0590" classname="&quot;before all&quot; hook for &quot;bit status should show the component with an issue of MergeConfigHasConflict&quot;">
      <failure message="Command failed: bit init
node:internal/modules/cjs/loader:1075
  throw err;
  ^

Error: Cannot find module &apos;../node_modules/@teambit/bit/dist/app&apos;
Require stack:
- /Users/nitsancohen/.bvm/versions/0.2.29/bit-0.2.29/node_modules/@teambit/legacy/bin/bit.js
    at Module._resolveFilename (node:internal/modules/cjs/loader:1072:15)
    at Module._load (node:internal/modules/cjs/loader:925:27)
    at Module.require (node:internal/modules/cjs/loader:1139:19)
    at require (node:internal/modules/helpers:121:18)
    at Object.&lt;anonymous&gt; (/Users/nitsancohen/.bvm/versions/0.2.29/bit-0.2.29/node_modules/@teambit/legacy/bin/bit.js:3:1)
    at Module._compile (node:internal/modules/cjs/loader:1257:14)
    at Module._extensions..js (node:internal/modules/cjs/loader:1311:10)
    at Module.load (node:internal/modules/cjs/loader:1115:32)
    at Module._load (node:internal/modules/cjs/loader:962:12)
    at Function.executeUserEntryPoint [as runMain] (node:internal/modules/run_main:83:12) {
  code: &apos;MODULE_NOT_FOUND&apos;,
  requireStack: [
    &apos;/Users/nitsancohen/.bvm/versions/0.2.29/bit-0.2.29/node_modules/@teambit/legacy/bin/bit.js&apos;
  ]
}

Node.js v20.3.1
" type="Error"><![CDATA[Error: Command failed: bit init
node:internal/modules/cjs/loader:1075
  throw err;
  ^

Error: Cannot find module '../node_modules/@teambit/bit/dist/app'
Require stack:
- /Users/nitsancohen/.bvm/versions/0.2.29/bit-0.2.29/node_modules/@teambit/legacy/bin/bit.js
    at Module._resolveFilename (node:internal/modules/cjs/loader:1072:15)
    at Module._load (node:internal/modules/cjs/loader:925:27)
    at Module.require (node:internal/modules/cjs/loader:1139:19)
    at require (node:internal/modules/helpers:121:18)
    at Object.<anonymous> (/Users/nitsancohen/.bvm/versions/0.2.29/bit-0.2.29/node_modules/@teambit/legacy/bin/bit.js:3:1)
    at Module._compile (node:internal/modules/cjs/loader:1257:14)
    at Module._extensions..js (node:internal/modules/cjs/loader:1311:10)
    at Module.load (node:internal/modules/cjs/loader:1115:32)
    at Module._load (node:internal/modules/cjs/loader:962:12)
    at Function.executeUserEntryPoint [as runMain] (node:internal/modules/run_main:83:12) {
  code: 'MODULE_NOT_FOUND',
  requireStack: [
    '/Users/nitsancohen/.bvm/versions/0.2.29/bit-0.2.29/node_modules/@teambit/legacy/bin/bit.js'
  ]
}

Node.js v20.3.1

    at checkExecSyncError (node:child_process:885:11)
    at Object.execSync (node:child_process:957:15)
    at CommandHelper.runCmd (src/e2e-helper/e2e-command-helper.ts:64:22)
    at ScopeHelper.initWorkspace (src/e2e-helper/e2e-scope-helper.ts:126:25)
    at ScopeHelper.reInitLocalScope (src/e2e-helper/e2e-scope-helper.ts:87:10)
    at ScopeHelper.setNewLocalAndRemoteScopes (src/e2e-helper/e2e-scope-helper.ts:141:10)
    at Context.<anonymous> (e2e/harmony/merge-config.e2e.ts:145:26)
    at processImmediate (node:internal/timers:478:21)]]></failure>
    </testcase>
  </testsuite>
  <testsuite name="diverge with different dependencies config" timestamp="2023-08-21T21:40:45" tests="1" file="/Users/nitsancohen/coding/my-bit/bit/e2e/harmony/merge-config.e2e.ts" time="0.0590" failures="1">
    <testcase name="merge config scenarios diverge with different dependencies config &quot;before all&quot; hook for &quot;bit status should show the component with an issue of MergeConfigHasConflict&quot;" time="0.0590" classname="&quot;before all&quot; hook for &quot;bit status should show the component with an issue of MergeConfigHasConflict&quot;">
      <failure message="Command failed: bit init
node:internal/modules/cjs/loader:1075
  throw err;
  ^

Error: Cannot find module &apos;../node_modules/@teambit/bit/dist/app&apos;
Require stack:
- /Users/nitsancohen/.bvm/versions/0.2.29/bit-0.2.29/node_modules/@teambit/legacy/bin/bit.js
    at Module._resolveFilename (node:internal/modules/cjs/loader:1072:15)
    at Module._load (node:internal/modules/cjs/loader:925:27)
    at Module.require (node:internal/modules/cjs/loader:1139:19)
    at require (node:internal/modules/helpers:121:18)
    at Object.&lt;anonymous&gt; (/Users/nitsancohen/.bvm/versions/0.2.29/bit-0.2.29/node_modules/@teambit/legacy/bin/bit.js:3:1)
    at Module._compile (node:internal/modules/cjs/loader:1257:14)
    at Module._extensions..js (node:internal/modules/cjs/loader:1311:10)
    at Module.load (node:internal/modules/cjs/loader:1115:32)
    at Module._load (node:internal/modules/cjs/loader:962:12)
    at Function.executeUserEntryPoint [as runMain] (node:internal/modules/run_main:83:12) {
  code: &apos;MODULE_NOT_FOUND&apos;,
  requireStack: [
    &apos;/Users/nitsancohen/.bvm/versions/0.2.29/bit-0.2.29/node_modules/@teambit/legacy/bin/bit.js&apos;
  ]
}

Node.js v20.3.1
" type="Error"><![CDATA[Error: Command failed: bit init
node:internal/modules/cjs/loader:1075
  throw err;
  ^

Error: Cannot find module '../node_modules/@teambit/bit/dist/app'
Require stack:
- /Users/nitsancohen/.bvm/versions/0.2.29/bit-0.2.29/node_modules/@teambit/legacy/bin/bit.js
    at Module._resolveFilename (node:internal/modules/cjs/loader:1072:15)
    at Module._load (node:internal/modules/cjs/loader:925:27)
    at Module.require (node:internal/modules/cjs/loader:1139:19)
    at require (node:internal/modules/helpers:121:18)
    at Object.<anonymous> (/Users/nitsancohen/.bvm/versions/0.2.29/bit-0.2.29/node_modules/@teambit/legacy/bin/bit.js:3:1)
    at Module._compile (node:internal/modules/cjs/loader:1257:14)
    at Module._extensions..js (node:internal/modules/cjs/loader:1311:10)
    at Module.load (node:internal/modules/cjs/loader:1115:32)
    at Module._load (node:internal/modules/cjs/loader:962:12)
    at Function.executeUserEntryPoint [as runMain] (node:internal/modules/run_main:83:12) {
  code: 'MODULE_NOT_FOUND',
  requireStack: [
    '/Users/nitsancohen/.bvm/versions/0.2.29/bit-0.2.29/node_modules/@teambit/legacy/bin/bit.js'
  ]
}

Node.js v20.3.1

    at checkExecSyncError (node:child_process:885:11)
    at Object.execSync (node:child_process:957:15)
    at CommandHelper.runCmd (src/e2e-helper/e2e-command-helper.ts:64:22)
    at ScopeHelper.initWorkspace (src/e2e-helper/e2e-scope-helper.ts:126:25)
    at ScopeHelper.reInitLocalScope (src/e2e-helper/e2e-scope-helper.ts:87:10)
    at ScopeHelper.setNewLocalAndRemoteScopes (src/e2e-helper/e2e-scope-helper.ts:141:10)
    at Context.<anonymous> (e2e/harmony/merge-config.e2e.ts:207:26)
    at processImmediate (node:internal/timers:478:21)]]></failure>
    </testcase>
  </testsuite>
  <testsuite name="diverge with different auto-detected dependencies config" timestamp="2023-08-21T21:40:45" tests="1" file="/Users/nitsancohen/coding/my-bit/bit/e2e/harmony/merge-config.e2e.ts" time="0.0600" failures="1">
    <testcase name="merge config scenarios diverge with different auto-detected dependencies config &quot;before all&quot; hook for &quot;bit status should show the component with an issue of MergeConfigHasConflict&quot;" time="0.0600" classname="&quot;before all&quot; hook for &quot;bit status should show the component with an issue of MergeConfigHasConflict&quot;">
      <failure message="Command failed: bit init
node:internal/modules/cjs/loader:1075
  throw err;
  ^

Error: Cannot find module &apos;../node_modules/@teambit/bit/dist/app&apos;
Require stack:
- /Users/nitsancohen/.bvm/versions/0.2.29/bit-0.2.29/node_modules/@teambit/legacy/bin/bit.js
    at Module._resolveFilename (node:internal/modules/cjs/loader:1072:15)
    at Module._load (node:internal/modules/cjs/loader:925:27)
    at Module.require (node:internal/modules/cjs/loader:1139:19)
    at require (node:internal/modules/helpers:121:18)
    at Object.&lt;anonymous&gt; (/Users/nitsancohen/.bvm/versions/0.2.29/bit-0.2.29/node_modules/@teambit/legacy/bin/bit.js:3:1)
    at Module._compile (node:internal/modules/cjs/loader:1257:14)
    at Module._extensions..js (node:internal/modules/cjs/loader:1311:10)
    at Module.load (node:internal/modules/cjs/loader:1115:32)
    at Module._load (node:internal/modules/cjs/loader:962:12)
    at Function.executeUserEntryPoint [as runMain] (node:internal/modules/run_main:83:12) {
  code: &apos;MODULE_NOT_FOUND&apos;,
  requireStack: [
    &apos;/Users/nitsancohen/.bvm/versions/0.2.29/bit-0.2.29/node_modules/@teambit/legacy/bin/bit.js&apos;
  ]
}

Node.js v20.3.1
" type="Error"><![CDATA[Error: Command failed: bit init
node:internal/modules/cjs/loader:1075
  throw err;
  ^

Error: Cannot find module '../node_modules/@teambit/bit/dist/app'
Require stack:
- /Users/nitsancohen/.bvm/versions/0.2.29/bit-0.2.29/node_modules/@teambit/legacy/bin/bit.js
    at Module._resolveFilename (node:internal/modules/cjs/loader:1072:15)
    at Module._load (node:internal/modules/cjs/loader:925:27)
    at Module.require (node:internal/modules/cjs/loader:1139:19)
    at require (node:internal/modules/helpers:121:18)
    at Object.<anonymous> (/Users/nitsancohen/.bvm/versions/0.2.29/bit-0.2.29/node_modules/@teambit/legacy/bin/bit.js:3:1)
    at Module._compile (node:internal/modules/cjs/loader:1257:14)
    at Module._extensions..js (node:internal/modules/cjs/loader:1311:10)
    at Module.load (node:internal/modules/cjs/loader:1115:32)
    at Module._load (node:internal/modules/cjs/loader:962:12)
    at Function.executeUserEntryPoint [as runMain] (node:internal/modules/run_main:83:12) {
  code: 'MODULE_NOT_FOUND',
  requireStack: [
    '/Users/nitsancohen/.bvm/versions/0.2.29/bit-0.2.29/node_modules/@teambit/legacy/bin/bit.js'
  ]
}

Node.js v20.3.1

    at checkExecSyncError (node:child_process:885:11)
    at Object.execSync (node:child_process:957:15)
    at CommandHelper.runCmd (src/e2e-helper/e2e-command-helper.ts:64:22)
    at ScopeHelper.initWorkspace (src/e2e-helper/e2e-scope-helper.ts:126:25)
    at ScopeHelper.reInitLocalScope (src/e2e-helper/e2e-scope-helper.ts:87:10)
    at ScopeHelper.setNewLocalAndRemoteScopes (src/e2e-helper/e2e-scope-helper.ts:141:10)
    at Context.<anonymous> (e2e/harmony/merge-config.e2e.ts:270:26)
    at processImmediate (node:internal/timers:478:21)]]></failure>
    </testcase>
  </testsuite>
  <testsuite name="diverge with envs changes" timestamp="2023-08-21T21:40:45" tests="2" file="/Users/nitsancohen/coding/my-bit/bit/e2e/harmony/merge-config.e2e.ts" time="0.0610" failures="1">
    <testcase name="merge config scenarios diverge with envs changes &quot;before all&quot; hook for &quot;bit status should show the component with an issue of MergeConfigHasConflict&quot;" time="0.0610" classname="&quot;before all&quot; hook for &quot;bit status should show the component with an issue of MergeConfigHasConflict&quot;">
      <failure message="Command failed: bit init
node:internal/modules/cjs/loader:1075
  throw err;
  ^

Error: Cannot find module &apos;../node_modules/@teambit/bit/dist/app&apos;
Require stack:
- /Users/nitsancohen/.bvm/versions/0.2.29/bit-0.2.29/node_modules/@teambit/legacy/bin/bit.js
    at Module._resolveFilename (node:internal/modules/cjs/loader:1072:15)
    at Module._load (node:internal/modules/cjs/loader:925:27)
    at Module.require (node:internal/modules/cjs/loader:1139:19)
    at require (node:internal/modules/helpers:121:18)
    at Object.&lt;anonymous&gt; (/Users/nitsancohen/.bvm/versions/0.2.29/bit-0.2.29/node_modules/@teambit/legacy/bin/bit.js:3:1)
    at Module._compile (node:internal/modules/cjs/loader:1257:14)
    at Module._extensions..js (node:internal/modules/cjs/loader:1311:10)
    at Module.load (node:internal/modules/cjs/loader:1115:32)
    at Module._load (node:internal/modules/cjs/loader:962:12)
    at Function.executeUserEntryPoint [as runMain] (node:internal/modules/run_main:83:12) {
  code: &apos;MODULE_NOT_FOUND&apos;,
  requireStack: [
    &apos;/Users/nitsancohen/.bvm/versions/0.2.29/bit-0.2.29/node_modules/@teambit/legacy/bin/bit.js&apos;
  ]
}

Node.js v20.3.1
" type="Error"><![CDATA[Error: Command failed: bit init
node:internal/modules/cjs/loader:1075
  throw err;
  ^

Error: Cannot find module '../node_modules/@teambit/bit/dist/app'
Require stack:
- /Users/nitsancohen/.bvm/versions/0.2.29/bit-0.2.29/node_modules/@teambit/legacy/bin/bit.js
    at Module._resolveFilename (node:internal/modules/cjs/loader:1072:15)
    at Module._load (node:internal/modules/cjs/loader:925:27)
    at Module.require (node:internal/modules/cjs/loader:1139:19)
    at require (node:internal/modules/helpers:121:18)
    at Object.<anonymous> (/Users/nitsancohen/.bvm/versions/0.2.29/bit-0.2.29/node_modules/@teambit/legacy/bin/bit.js:3:1)
    at Module._compile (node:internal/modules/cjs/loader:1257:14)
    at Module._extensions..js (node:internal/modules/cjs/loader:1311:10)
    at Module.load (node:internal/modules/cjs/loader:1115:32)
    at Module._load (node:internal/modules/cjs/loader:962:12)
    at Function.executeUserEntryPoint [as runMain] (node:internal/modules/run_main:83:12) {
  code: 'MODULE_NOT_FOUND',
  requireStack: [
    '/Users/nitsancohen/.bvm/versions/0.2.29/bit-0.2.29/node_modules/@teambit/legacy/bin/bit.js'
  ]
}

Node.js v20.3.1

    at checkExecSyncError (node:child_process:885:11)
    at Object.execSync (node:child_process:957:15)
    at CommandHelper.runCmd (src/e2e-helper/e2e-command-helper.ts:64:22)
    at ScopeHelper.initWorkspace (src/e2e-helper/e2e-scope-helper.ts:126:25)
    at ScopeHelper.reInitLocalScope (src/e2e-helper/e2e-scope-helper.ts:87:10)
    at ScopeHelper.setNewLocalAndRemoteScopes (src/e2e-helper/e2e-scope-helper.ts:141:10)
    at Context.<anonymous> (e2e/harmony/merge-config.e2e.ts:334:26)
    at processImmediate (node:internal/timers:478:21)]]></failure>
    </testcase>
  </testsuite>
  <testsuite name="diverge with different component dependencies versions" timestamp="2023-08-21T21:40:45" tests="0" file="/Users/nitsancohen/coding/my-bit/bit/e2e/harmony/merge-config.e2e.ts" time="0.0650" failures="2">
    <testcase name="merge config scenarios diverge with different component dependencies versions &quot;before all&quot; hook in &quot;diverge with different component dependencies versions&quot;" time="0.0650" classname="&quot;before all&quot; hook in &quot;diverge with different component dependencies versions&quot;">
      <failure message="Command failed: bit init
node:internal/modules/cjs/loader:1075
  throw err;
  ^

Error: Cannot find module &apos;../node_modules/@teambit/bit/dist/app&apos;
Require stack:
- /Users/nitsancohen/.bvm/versions/0.2.29/bit-0.2.29/node_modules/@teambit/legacy/bin/bit.js
    at Module._resolveFilename (node:internal/modules/cjs/loader:1072:15)
    at Module._load (node:internal/modules/cjs/loader:925:27)
    at Module.require (node:internal/modules/cjs/loader:1139:19)
    at require (node:internal/modules/helpers:121:18)
    at Object.&lt;anonymous&gt; (/Users/nitsancohen/.bvm/versions/0.2.29/bit-0.2.29/node_modules/@teambit/legacy/bin/bit.js:3:1)
    at Module._compile (node:internal/modules/cjs/loader:1257:14)
    at Module._extensions..js (node:internal/modules/cjs/loader:1311:10)
    at Module.load (node:internal/modules/cjs/loader:1115:32)
    at Module._load (node:internal/modules/cjs/loader:962:12)
    at Function.executeUserEntryPoint [as runMain] (node:internal/modules/run_main:83:12) {
  code: &apos;MODULE_NOT_FOUND&apos;,
  requireStack: [
    &apos;/Users/nitsancohen/.bvm/versions/0.2.29/bit-0.2.29/node_modules/@teambit/legacy/bin/bit.js&apos;
  ]
}

Node.js v20.3.1
" type="Error"><![CDATA[Error: Command failed: bit init
node:internal/modules/cjs/loader:1075
  throw err;
  ^

Error: Cannot find module '../node_modules/@teambit/bit/dist/app'
Require stack:
- /Users/nitsancohen/.bvm/versions/0.2.29/bit-0.2.29/node_modules/@teambit/legacy/bin/bit.js
    at Module._resolveFilename (node:internal/modules/cjs/loader:1072:15)
    at Module._load (node:internal/modules/cjs/loader:925:27)
    at Module.require (node:internal/modules/cjs/loader:1139:19)
    at require (node:internal/modules/helpers:121:18)
    at Object.<anonymous> (/Users/nitsancohen/.bvm/versions/0.2.29/bit-0.2.29/node_modules/@teambit/legacy/bin/bit.js:3:1)
    at Module._compile (node:internal/modules/cjs/loader:1257:14)
    at Module._extensions..js (node:internal/modules/cjs/loader:1311:10)
    at Module.load (node:internal/modules/cjs/loader:1115:32)
    at Module._load (node:internal/modules/cjs/loader:962:12)
    at Function.executeUserEntryPoint [as runMain] (node:internal/modules/run_main:83:12) {
  code: 'MODULE_NOT_FOUND',
  requireStack: [
    '/Users/nitsancohen/.bvm/versions/0.2.29/bit-0.2.29/node_modules/@teambit/legacy/bin/bit.js'
  ]
}

Node.js v20.3.1

    at checkExecSyncError (node:child_process:885:11)
    at Object.execSync (node:child_process:957:15)
    at CommandHelper.runCmd (src/e2e-helper/e2e-command-helper.ts:64:22)
    at ScopeHelper.initWorkspace (src/e2e-helper/e2e-scope-helper.ts:126:25)
    at ScopeHelper.reInitLocalScope (src/e2e-helper/e2e-scope-helper.ts:87:10)
    at ScopeHelper.setNewLocalAndRemoteScopes (src/e2e-helper/e2e-scope-helper.ts:141:10)
    at Context.<anonymous> (e2e/harmony/merge-config.e2e.ts:439:31)
    at processImmediate (node:internal/timers:478:21)]]></failure>
    </testcase>
    <testcase name="merge config scenarios diverge with different component dependencies versions &quot;after all&quot; hook in &quot;diverge with different component dependencies versions&quot;" time="0.0000" classname="&quot;after all&quot; hook in &quot;diverge with different component dependencies versions&quot;">
      <failure message="Cannot read properties of undefined (reading &apos;destroy&apos;)" type="TypeError"><![CDATA[TypeError: Cannot read properties of undefined (reading 'destroy')
    at Context.<anonymous> (e2e/harmony/merge-config.e2e.ts:475:23)
    at processImmediate (node:internal/timers:478:21)]]></failure>
    </testcase>
  </testsuite>
  <testsuite name="mix use of Legacy and Harmony" timestamp="2023-08-21T21:40:45" tests="0" file="/Users/nitsancohen/coding/my-bit/bit/e2e/harmony/mix-harmony-legacy.e2e.ts" time="0.0000" failures="0">
  </testsuite>
  <testsuite name="legacy component into Harmony workspace" timestamp="2023-08-21T21:40:45" tests="1" file="/Users/nitsancohen/coding/my-bit/bit/e2e/harmony/mix-harmony-legacy.e2e.ts" time="0.0600" failures="1">
    <testcase name="mix use of Legacy and Harmony legacy component into Harmony workspace &quot;before all&quot; hook for &quot;should block importing the component&quot;" time="0.0600" classname="&quot;before all&quot; hook for &quot;should block importing the component&quot;">
      <failure message="Command failed: bit init
node:internal/modules/cjs/loader:1075
  throw err;
  ^

Error: Cannot find module &apos;../node_modules/@teambit/bit/dist/app&apos;
Require stack:
- /Users/nitsancohen/.bvm/versions/0.2.29/bit-0.2.29/node_modules/@teambit/legacy/bin/bit.js
    at Module._resolveFilename (node:internal/modules/cjs/loader:1072:15)
    at Module._load (node:internal/modules/cjs/loader:925:27)
    at Module.require (node:internal/modules/cjs/loader:1139:19)
    at require (node:internal/modules/helpers:121:18)
    at Object.&lt;anonymous&gt; (/Users/nitsancohen/.bvm/versions/0.2.29/bit-0.2.29/node_modules/@teambit/legacy/bin/bit.js:3:1)
    at Module._compile (node:internal/modules/cjs/loader:1257:14)
    at Module._extensions..js (node:internal/modules/cjs/loader:1311:10)
    at Module.load (node:internal/modules/cjs/loader:1115:32)
    at Module._load (node:internal/modules/cjs/loader:962:12)
    at Function.executeUserEntryPoint [as runMain] (node:internal/modules/run_main:83:12) {
  code: &apos;MODULE_NOT_FOUND&apos;,
  requireStack: [
    &apos;/Users/nitsancohen/.bvm/versions/0.2.29/bit-0.2.29/node_modules/@teambit/legacy/bin/bit.js&apos;
  ]
}

Node.js v20.3.1
" type="Error"><![CDATA[Error: Command failed: bit init
node:internal/modules/cjs/loader:1075
  throw err;
  ^

Error: Cannot find module '../node_modules/@teambit/bit/dist/app'
Require stack:
- /Users/nitsancohen/.bvm/versions/0.2.29/bit-0.2.29/node_modules/@teambit/legacy/bin/bit.js
    at Module._resolveFilename (node:internal/modules/cjs/loader:1072:15)
    at Module._load (node:internal/modules/cjs/loader:925:27)
    at Module.require (node:internal/modules/cjs/loader:1139:19)
    at require (node:internal/modules/helpers:121:18)
    at Object.<anonymous> (/Users/nitsancohen/.bvm/versions/0.2.29/bit-0.2.29/node_modules/@teambit/legacy/bin/bit.js:3:1)
    at Module._compile (node:internal/modules/cjs/loader:1257:14)
    at Module._extensions..js (node:internal/modules/cjs/loader:1311:10)
    at Module.load (node:internal/modules/cjs/loader:1115:32)
    at Module._load (node:internal/modules/cjs/loader:962:12)
    at Function.executeUserEntryPoint [as runMain] (node:internal/modules/run_main:83:12) {
  code: 'MODULE_NOT_FOUND',
  requireStack: [
    '/Users/nitsancohen/.bvm/versions/0.2.29/bit-0.2.29/node_modules/@teambit/legacy/bin/bit.js'
  ]
}

Node.js v20.3.1

    at checkExecSyncError (node:child_process:885:11)
    at Object.execSync (node:child_process:957:15)
    at CommandHelper.runCmd (src/e2e-helper/e2e-command-helper.ts:64:22)
    at ScopeHelper.initWorkspace (src/e2e-helper/e2e-scope-helper.ts:126:25)
    at ScopeHelper.reInitLocalScope (src/e2e-helper/e2e-scope-helper.ts:87:10)
    at Context.<anonymous> (e2e/harmony/mix-harmony-legacy.e2e.ts:17:26)
    at processImmediate (node:internal/timers:478:21)]]></failure>
    </testcase>
  </testsuite>
  <testsuite name="Mocha Tester" timestamp="2023-08-21T21:40:45" tests="0" file="/Users/nitsancohen/coding/my-bit/bit/e2e/harmony/mocha-tester.e2e.ts" time="0.0000" failures="0">
  </testsuite>
  <testsuite name="component that use Mocha as a tester" timestamp="2023-08-21T21:40:45" tests="0" file="/Users/nitsancohen/coding/my-bit/bit/e2e/harmony/mocha-tester.e2e.ts" time="0.0600" failures="1">
    <testcase name="Mocha Tester component that use Mocha as a tester &quot;before all&quot; hook in &quot;component that use Mocha as a tester&quot;" time="0.0600" classname="&quot;before all&quot; hook in &quot;component that use Mocha as a tester&quot;">
      <failure message="Command failed: bit init
node:internal/modules/cjs/loader:1075
  throw err;
  ^

Error: Cannot find module &apos;../node_modules/@teambit/bit/dist/app&apos;
Require stack:
- /Users/nitsancohen/.bvm/versions/0.2.29/bit-0.2.29/node_modules/@teambit/legacy/bin/bit.js
    at Module._resolveFilename (node:internal/modules/cjs/loader:1072:15)
    at Module._load (node:internal/modules/cjs/loader:925:27)
    at Module.require (node:internal/modules/cjs/loader:1139:19)
    at require (node:internal/modules/helpers:121:18)
    at Object.&lt;anonymous&gt; (/Users/nitsancohen/.bvm/versions/0.2.29/bit-0.2.29/node_modules/@teambit/legacy/bin/bit.js:3:1)
    at Module._compile (node:internal/modules/cjs/loader:1257:14)
    at Module._extensions..js (node:internal/modules/cjs/loader:1311:10)
    at Module.load (node:internal/modules/cjs/loader:1115:32)
    at Module._load (node:internal/modules/cjs/loader:962:12)
    at Function.executeUserEntryPoint [as runMain] (node:internal/modules/run_main:83:12) {
  code: &apos;MODULE_NOT_FOUND&apos;,
  requireStack: [
    &apos;/Users/nitsancohen/.bvm/versions/0.2.29/bit-0.2.29/node_modules/@teambit/legacy/bin/bit.js&apos;
  ]
}

Node.js v20.3.1
" type="Error"><![CDATA[Error: Command failed: bit init
node:internal/modules/cjs/loader:1075
  throw err;
  ^

Error: Cannot find module '../node_modules/@teambit/bit/dist/app'
Require stack:
- /Users/nitsancohen/.bvm/versions/0.2.29/bit-0.2.29/node_modules/@teambit/legacy/bin/bit.js
    at Module._resolveFilename (node:internal/modules/cjs/loader:1072:15)
    at Module._load (node:internal/modules/cjs/loader:925:27)
    at Module.require (node:internal/modules/cjs/loader:1139:19)
    at require (node:internal/modules/helpers:121:18)
    at Object.<anonymous> (/Users/nitsancohen/.bvm/versions/0.2.29/bit-0.2.29/node_modules/@teambit/legacy/bin/bit.js:3:1)
    at Module._compile (node:internal/modules/cjs/loader:1257:14)
    at Module._extensions..js (node:internal/modules/cjs/loader:1311:10)
    at Module.load (node:internal/modules/cjs/loader:1115:32)
    at Module._load (node:internal/modules/cjs/loader:962:12)
    at Function.executeUserEntryPoint [as runMain] (node:internal/modules/run_main:83:12) {
  code: 'MODULE_NOT_FOUND',
  requireStack: [
    '/Users/nitsancohen/.bvm/versions/0.2.29/bit-0.2.29/node_modules/@teambit/legacy/bin/bit.js'
  ]
}

Node.js v20.3.1

    at checkExecSyncError (node:child_process:885:11)
    at Object.execSync (node:child_process:957:15)
    at CommandHelper.runCmd (src/e2e-helper/e2e-command-helper.ts:64:22)
    at ScopeHelper.initWorkspace (src/e2e-helper/e2e-scope-helper.ts:126:25)
    at ScopeHelper.reInitLocalScope (src/e2e-helper/e2e-scope-helper.ts:87:10)
    at ScopeHelper.setNewLocalAndRemoteScopes (src/e2e-helper/e2e-scope-helper.ts:141:10)
    at Context.<anonymous> (e2e/harmony/mocha-tester.e2e.ts:17:26)
    at processImmediate (node:internal/timers:478:21)]]></failure>
    </testcase>
  </testsuite>
  <testsuite name="typescript component" timestamp="2023-08-21T21:40:46" tests="1" file="/Users/nitsancohen/coding/my-bit/bit/e2e/harmony/mocha-tester.e2e.ts" time="0.0600" failures="1">
    <testcase name="Mocha Tester typescript component &quot;before all&quot; hook for &quot;should not throw an error compilation errors&quot;" time="0.0600" classname="&quot;before all&quot; hook for &quot;should not throw an error compilation errors&quot;">
      <failure message="Command failed: bit init
node:internal/modules/cjs/loader:1075
  throw err;
  ^

Error: Cannot find module &apos;../node_modules/@teambit/bit/dist/app&apos;
Require stack:
- /Users/nitsancohen/.bvm/versions/0.2.29/bit-0.2.29/node_modules/@teambit/legacy/bin/bit.js
    at Module._resolveFilename (node:internal/modules/cjs/loader:1072:15)
    at Module._load (node:internal/modules/cjs/loader:925:27)
    at Module.require (node:internal/modules/cjs/loader:1139:19)
    at require (node:internal/modules/helpers:121:18)
    at Object.&lt;anonymous&gt; (/Users/nitsancohen/.bvm/versions/0.2.29/bit-0.2.29/node_modules/@teambit/legacy/bin/bit.js:3:1)
    at Module._compile (node:internal/modules/cjs/loader:1257:14)
    at Module._extensions..js (node:internal/modules/cjs/loader:1311:10)
    at Module.load (node:internal/modules/cjs/loader:1115:32)
    at Module._load (node:internal/modules/cjs/loader:962:12)
    at Function.executeUserEntryPoint [as runMain] (node:internal/modules/run_main:83:12) {
  code: &apos;MODULE_NOT_FOUND&apos;,
  requireStack: [
    &apos;/Users/nitsancohen/.bvm/versions/0.2.29/bit-0.2.29/node_modules/@teambit/legacy/bin/bit.js&apos;
  ]
}

Node.js v20.3.1
" type="Error"><![CDATA[Error: Command failed: bit init
node:internal/modules/cjs/loader:1075
  throw err;
  ^

Error: Cannot find module '../node_modules/@teambit/bit/dist/app'
Require stack:
- /Users/nitsancohen/.bvm/versions/0.2.29/bit-0.2.29/node_modules/@teambit/legacy/bin/bit.js
    at Module._resolveFilename (node:internal/modules/cjs/loader:1072:15)
    at Module._load (node:internal/modules/cjs/loader:925:27)
    at Module.require (node:internal/modules/cjs/loader:1139:19)
    at require (node:internal/modules/helpers:121:18)
    at Object.<anonymous> (/Users/nitsancohen/.bvm/versions/0.2.29/bit-0.2.29/node_modules/@teambit/legacy/bin/bit.js:3:1)
    at Module._compile (node:internal/modules/cjs/loader:1257:14)
    at Module._extensions..js (node:internal/modules/cjs/loader:1311:10)
    at Module.load (node:internal/modules/cjs/loader:1115:32)
    at Module._load (node:internal/modules/cjs/loader:962:12)
    at Function.executeUserEntryPoint [as runMain] (node:internal/modules/run_main:83:12) {
  code: 'MODULE_NOT_FOUND',
  requireStack: [
    '/Users/nitsancohen/.bvm/versions/0.2.29/bit-0.2.29/node_modules/@teambit/legacy/bin/bit.js'
  ]
}

Node.js v20.3.1

    at checkExecSyncError (node:child_process:885:11)
    at Object.execSync (node:child_process:957:15)
    at CommandHelper.runCmd (src/e2e-helper/e2e-command-helper.ts:64:22)
    at ScopeHelper.initWorkspace (src/e2e-helper/e2e-scope-helper.ts:126:25)
    at ScopeHelper.reInitLocalScope (src/e2e-helper/e2e-scope-helper.ts:87:10)
    at Context.<anonymous> (e2e/harmony/mocha-tester.e2e.ts:98:26)
    at processImmediate (node:internal/timers:478:21)]]></failure>
    </testcase>
  </testsuite>
  <testsuite name="multiple compilers - babel and typescript" timestamp="2023-08-21T21:40:46" tests="0" file="/Users/nitsancohen/coding/my-bit/bit/e2e/harmony/multiple-compilers.e2e.ts" time="0.0000" failures="0">
  </testsuite>
  <testsuite name="compile with babel and ts" timestamp="2023-08-21T21:40:46" tests="0" file="/Users/nitsancohen/coding/my-bit/bit/e2e/harmony/multiple-compilers.e2e.ts" time="0.0000" failures="0">
  </testsuite>
  <testsuite name="compile simple ts component" timestamp="2023-08-21T21:40:46" tests="2" file="/Users/nitsancohen/coding/my-bit/bit/e2e/harmony/multiple-compilers.e2e.ts" time="0.0590" failures="1">
    <testcase name="multiple compilers - babel and typescript compile with babel and ts compile simple ts component &quot;before all&quot; hook for &quot;should generate dists on the workspace&quot;" time="0.0590" classname="&quot;before all&quot; hook for &quot;should generate dists on the workspace&quot;">
      <failure message="Command failed: bit init
node:internal/modules/cjs/loader:1075
  throw err;
  ^

Error: Cannot find module &apos;../node_modules/@teambit/bit/dist/app&apos;
Require stack:
- /Users/nitsancohen/.bvm/versions/0.2.29/bit-0.2.29/node_modules/@teambit/legacy/bin/bit.js
    at Module._resolveFilename (node:internal/modules/cjs/loader:1072:15)
    at Module._load (node:internal/modules/cjs/loader:925:27)
    at Module.require (node:internal/modules/cjs/loader:1139:19)
    at require (node:internal/modules/helpers:121:18)
    at Object.&lt;anonymous&gt; (/Users/nitsancohen/.bvm/versions/0.2.29/bit-0.2.29/node_modules/@teambit/legacy/bin/bit.js:3:1)
    at Module._compile (node:internal/modules/cjs/loader:1257:14)
    at Module._extensions..js (node:internal/modules/cjs/loader:1311:10)
    at Module.load (node:internal/modules/cjs/loader:1115:32)
    at Module._load (node:internal/modules/cjs/loader:962:12)
    at Function.executeUserEntryPoint [as runMain] (node:internal/modules/run_main:83:12) {
  code: &apos;MODULE_NOT_FOUND&apos;,
  requireStack: [
    &apos;/Users/nitsancohen/.bvm/versions/0.2.29/bit-0.2.29/node_modules/@teambit/legacy/bin/bit.js&apos;
  ]
}

Node.js v20.3.1
" type="Error"><![CDATA[Error: Command failed: bit init
node:internal/modules/cjs/loader:1075
  throw err;
  ^

Error: Cannot find module '../node_modules/@teambit/bit/dist/app'
Require stack:
- /Users/nitsancohen/.bvm/versions/0.2.29/bit-0.2.29/node_modules/@teambit/legacy/bin/bit.js
    at Module._resolveFilename (node:internal/modules/cjs/loader:1072:15)
    at Module._load (node:internal/modules/cjs/loader:925:27)
    at Module.require (node:internal/modules/cjs/loader:1139:19)
    at require (node:internal/modules/helpers:121:18)
    at Object.<anonymous> (/Users/nitsancohen/.bvm/versions/0.2.29/bit-0.2.29/node_modules/@teambit/legacy/bin/bit.js:3:1)
    at Module._compile (node:internal/modules/cjs/loader:1257:14)
    at Module._extensions..js (node:internal/modules/cjs/loader:1311:10)
    at Module.load (node:internal/modules/cjs/loader:1115:32)
    at Module._load (node:internal/modules/cjs/loader:962:12)
    at Function.executeUserEntryPoint [as runMain] (node:internal/modules/run_main:83:12) {
  code: 'MODULE_NOT_FOUND',
  requireStack: [
    '/Users/nitsancohen/.bvm/versions/0.2.29/bit-0.2.29/node_modules/@teambit/legacy/bin/bit.js'
  ]
}

Node.js v20.3.1

    at checkExecSyncError (node:child_process:885:11)
    at Object.execSync (node:child_process:957:15)
    at CommandHelper.runCmd (src/e2e-helper/e2e-command-helper.ts:64:22)
    at ScopeHelper.initWorkspace (src/e2e-helper/e2e-scope-helper.ts:126:25)
    at ScopeHelper.reInitLocalScope (src/e2e-helper/e2e-scope-helper.ts:87:10)
    at ScopeHelper.setNewLocalAndRemoteScopes (src/e2e-helper/e2e-scope-helper.ts:141:10)
    at Context.<anonymous> (e2e/harmony/multiple-compilers.e2e.ts:23:28)
    at processImmediate (node:internal/timers:478:21)]]></failure>
    </testcase>
  </testsuite>
  <testsuite name="different envs in the dependency graph" timestamp="2023-08-21T21:40:46" tests="5" file="/Users/nitsancohen/coding/my-bit/bit/e2e/harmony/multiple-compilers.e2e.ts" time="0.0590" failures="1">
    <testcase name="multiple compilers - babel and typescript different envs in the dependency graph &quot;before all&quot; hook for &quot;should successfully build&quot;" time="0.0590" classname="&quot;before all&quot; hook for &quot;should successfully build&quot;">
      <failure message="Command failed: bit init
node:internal/modules/cjs/loader:1075
  throw err;
  ^

Error: Cannot find module &apos;../node_modules/@teambit/bit/dist/app&apos;
Require stack:
- /Users/nitsancohen/.bvm/versions/0.2.29/bit-0.2.29/node_modules/@teambit/legacy/bin/bit.js
    at Module._resolveFilename (node:internal/modules/cjs/loader:1072:15)
    at Module._load (node:internal/modules/cjs/loader:925:27)
    at Module.require (node:internal/modules/cjs/loader:1139:19)
    at require (node:internal/modules/helpers:121:18)
    at Object.&lt;anonymous&gt; (/Users/nitsancohen/.bvm/versions/0.2.29/bit-0.2.29/node_modules/@teambit/legacy/bin/bit.js:3:1)
    at Module._compile (node:internal/modules/cjs/loader:1257:14)
    at Module._extensions..js (node:internal/modules/cjs/loader:1311:10)
    at Module.load (node:internal/modules/cjs/loader:1115:32)
    at Module._load (node:internal/modules/cjs/loader:962:12)
    at Function.executeUserEntryPoint [as runMain] (node:internal/modules/run_main:83:12) {
  code: &apos;MODULE_NOT_FOUND&apos;,
  requireStack: [
    &apos;/Users/nitsancohen/.bvm/versions/0.2.29/bit-0.2.29/node_modules/@teambit/legacy/bin/bit.js&apos;
  ]
}

Node.js v20.3.1
" type="Error"><![CDATA[Error: Command failed: bit init
node:internal/modules/cjs/loader:1075
  throw err;
  ^

Error: Cannot find module '../node_modules/@teambit/bit/dist/app'
Require stack:
- /Users/nitsancohen/.bvm/versions/0.2.29/bit-0.2.29/node_modules/@teambit/legacy/bin/bit.js
    at Module._resolveFilename (node:internal/modules/cjs/loader:1072:15)
    at Module._load (node:internal/modules/cjs/loader:925:27)
    at Module.require (node:internal/modules/cjs/loader:1139:19)
    at require (node:internal/modules/helpers:121:18)
    at Object.<anonymous> (/Users/nitsancohen/.bvm/versions/0.2.29/bit-0.2.29/node_modules/@teambit/legacy/bin/bit.js:3:1)
    at Module._compile (node:internal/modules/cjs/loader:1257:14)
    at Module._extensions..js (node:internal/modules/cjs/loader:1311:10)
    at Module.load (node:internal/modules/cjs/loader:1115:32)
    at Module._load (node:internal/modules/cjs/loader:962:12)
    at Function.executeUserEntryPoint [as runMain] (node:internal/modules/run_main:83:12) {
  code: 'MODULE_NOT_FOUND',
  requireStack: [
    '/Users/nitsancohen/.bvm/versions/0.2.29/bit-0.2.29/node_modules/@teambit/legacy/bin/bit.js'
  ]
}

Node.js v20.3.1

    at checkExecSyncError (node:child_process:885:11)
    at Object.execSync (node:child_process:957:15)
    at CommandHelper.runCmd (src/e2e-helper/e2e-command-helper.ts:64:22)
    at ScopeHelper.initWorkspace (src/e2e-helper/e2e-scope-helper.ts:126:25)
    at ScopeHelper.reInitLocalScope (src/e2e-helper/e2e-scope-helper.ts:87:10)
    at ScopeHelper.setNewLocalAndRemoteScopes (src/e2e-helper/e2e-scope-helper.ts:141:10)
    at Context.<anonymous> (e2e/harmony/multiple-compilers.e2e.ts:89:26)
    at processImmediate (node:internal/timers:478:21)]]></failure>
    </testcase>
  </testsuite>
  <testsuite name="multiple envs" timestamp="2023-08-21T21:40:46" tests="0" file="/Users/nitsancohen/coding/my-bit/bit/e2e/harmony/multiple-envs.e2e.ts" time="0.0000" failures="0">
  </testsuite>
  <testsuite name="env in the variants and env in the .bitmap" timestamp="2023-08-21T21:40:46" tests="2" file="/Users/nitsancohen/coding/my-bit/bit/e2e/harmony/multiple-envs.e2e.ts" time="0.0590" failures="1">
    <testcase name="multiple envs env in the variants and env in the .bitmap &quot;before all&quot; hook for &quot;bit status should not show it as an issue because the previous env was removed&quot;" time="0.0590" classname="&quot;before all&quot; hook for &quot;bit status should not show it as an issue because the previous env was removed&quot;">
      <failure message="Command failed: bit init
node:internal/modules/cjs/loader:1075
  throw err;
  ^

Error: Cannot find module &apos;../node_modules/@teambit/bit/dist/app&apos;
Require stack:
- /Users/nitsancohen/.bvm/versions/0.2.29/bit-0.2.29/node_modules/@teambit/legacy/bin/bit.js
    at Module._resolveFilename (node:internal/modules/cjs/loader:1072:15)
    at Module._load (node:internal/modules/cjs/loader:925:27)
    at Module.require (node:internal/modules/cjs/loader:1139:19)
    at require (node:internal/modules/helpers:121:18)
    at Object.&lt;anonymous&gt; (/Users/nitsancohen/.bvm/versions/0.2.29/bit-0.2.29/node_modules/@teambit/legacy/bin/bit.js:3:1)
    at Module._compile (node:internal/modules/cjs/loader:1257:14)
    at Module._extensions..js (node:internal/modules/cjs/loader:1311:10)
    at Module.load (node:internal/modules/cjs/loader:1115:32)
    at Module._load (node:internal/modules/cjs/loader:962:12)
    at Function.executeUserEntryPoint [as runMain] (node:internal/modules/run_main:83:12) {
  code: &apos;MODULE_NOT_FOUND&apos;,
  requireStack: [
    &apos;/Users/nitsancohen/.bvm/versions/0.2.29/bit-0.2.29/node_modules/@teambit/legacy/bin/bit.js&apos;
  ]
}

Node.js v20.3.1
" type="Error"><![CDATA[Error: Command failed: bit init
node:internal/modules/cjs/loader:1075
  throw err;
  ^

Error: Cannot find module '../node_modules/@teambit/bit/dist/app'
Require stack:
- /Users/nitsancohen/.bvm/versions/0.2.29/bit-0.2.29/node_modules/@teambit/legacy/bin/bit.js
    at Module._resolveFilename (node:internal/modules/cjs/loader:1072:15)
    at Module._load (node:internal/modules/cjs/loader:925:27)
    at Module.require (node:internal/modules/cjs/loader:1139:19)
    at require (node:internal/modules/helpers:121:18)
    at Object.<anonymous> (/Users/nitsancohen/.bvm/versions/0.2.29/bit-0.2.29/node_modules/@teambit/legacy/bin/bit.js:3:1)
    at Module._compile (node:internal/modules/cjs/loader:1257:14)
    at Module._extensions..js (node:internal/modules/cjs/loader:1311:10)
    at Module.load (node:internal/modules/cjs/loader:1115:32)
    at Module._load (node:internal/modules/cjs/loader:962:12)
    at Function.executeUserEntryPoint [as runMain] (node:internal/modules/run_main:83:12) {
  code: 'MODULE_NOT_FOUND',
  requireStack: [
    '/Users/nitsancohen/.bvm/versions/0.2.29/bit-0.2.29/node_modules/@teambit/legacy/bin/bit.js'
  ]
}

Node.js v20.3.1

    at checkExecSyncError (node:child_process:885:11)
    at Object.execSync (node:child_process:957:15)
    at CommandHelper.runCmd (src/e2e-helper/e2e-command-helper.ts:64:22)
    at ScopeHelper.initWorkspace (src/e2e-helper/e2e-scope-helper.ts:126:25)
    at ScopeHelper.reInitLocalScope (src/e2e-helper/e2e-scope-helper.ts:87:10)
    at ScopeHelper.setNewLocalAndRemoteScopes (src/e2e-helper/e2e-scope-helper.ts:141:10)
    at Context.<anonymous> (e2e/harmony/multiple-envs.e2e.ts:20:26)
    at processImmediate (node:internal/timers:478:21)]]></failure>
    </testcase>
  </testsuite>
  <testsuite name="env in the variants global (*) and env in the variants more specific" timestamp="2023-08-21T21:40:46" tests="2" file="/Users/nitsancohen/coding/my-bit/bit/e2e/harmony/multiple-envs.e2e.ts" time="0.0600" failures="1">
    <testcase name="multiple envs env in the variants global (*) and env in the variants more specific &quot;before all&quot; hook for &quot;bit status should show it as an issue&quot;" time="0.0600" classname="&quot;before all&quot; hook for &quot;bit status should show it as an issue&quot;">
      <failure message="Command failed: bit init
node:internal/modules/cjs/loader:1075
  throw err;
  ^

Error: Cannot find module &apos;../node_modules/@teambit/bit/dist/app&apos;
Require stack:
- /Users/nitsancohen/.bvm/versions/0.2.29/bit-0.2.29/node_modules/@teambit/legacy/bin/bit.js
    at Module._resolveFilename (node:internal/modules/cjs/loader:1072:15)
    at Module._load (node:internal/modules/cjs/loader:925:27)
    at Module.require (node:internal/modules/cjs/loader:1139:19)
    at require (node:internal/modules/helpers:121:18)
    at Object.&lt;anonymous&gt; (/Users/nitsancohen/.bvm/versions/0.2.29/bit-0.2.29/node_modules/@teambit/legacy/bin/bit.js:3:1)
    at Module._compile (node:internal/modules/cjs/loader:1257:14)
    at Module._extensions..js (node:internal/modules/cjs/loader:1311:10)
    at Module.load (node:internal/modules/cjs/loader:1115:32)
    at Module._load (node:internal/modules/cjs/loader:962:12)
    at Function.executeUserEntryPoint [as runMain] (node:internal/modules/run_main:83:12) {
  code: &apos;MODULE_NOT_FOUND&apos;,
  requireStack: [
    &apos;/Users/nitsancohen/.bvm/versions/0.2.29/bit-0.2.29/node_modules/@teambit/legacy/bin/bit.js&apos;
  ]
}

Node.js v20.3.1
" type="Error"><![CDATA[Error: Command failed: bit init
node:internal/modules/cjs/loader:1075
  throw err;
  ^

Error: Cannot find module '../node_modules/@teambit/bit/dist/app'
Require stack:
- /Users/nitsancohen/.bvm/versions/0.2.29/bit-0.2.29/node_modules/@teambit/legacy/bin/bit.js
    at Module._resolveFilename (node:internal/modules/cjs/loader:1072:15)
    at Module._load (node:internal/modules/cjs/loader:925:27)
    at Module.require (node:internal/modules/cjs/loader:1139:19)
    at require (node:internal/modules/helpers:121:18)
    at Object.<anonymous> (/Users/nitsancohen/.bvm/versions/0.2.29/bit-0.2.29/node_modules/@teambit/legacy/bin/bit.js:3:1)
    at Module._compile (node:internal/modules/cjs/loader:1257:14)
    at Module._extensions..js (node:internal/modules/cjs/loader:1311:10)
    at Module.load (node:internal/modules/cjs/loader:1115:32)
    at Module._load (node:internal/modules/cjs/loader:962:12)
    at Function.executeUserEntryPoint [as runMain] (node:internal/modules/run_main:83:12) {
  code: 'MODULE_NOT_FOUND',
  requireStack: [
    '/Users/nitsancohen/.bvm/versions/0.2.29/bit-0.2.29/node_modules/@teambit/legacy/bin/bit.js'
  ]
}

Node.js v20.3.1

    at checkExecSyncError (node:child_process:885:11)
    at Object.execSync (node:child_process:957:15)
    at CommandHelper.runCmd (src/e2e-helper/e2e-command-helper.ts:64:22)
    at ScopeHelper.initWorkspace (src/e2e-helper/e2e-scope-helper.ts:126:25)
    at ScopeHelper.reInitLocalScope (src/e2e-helper/e2e-scope-helper.ts:87:10)
    at ScopeHelper.setNewLocalAndRemoteScopes (src/e2e-helper/e2e-scope-helper.ts:141:10)
    at Context.<anonymous> (e2e/harmony/multiple-envs.e2e.ts:40:26)
    at processImmediate (node:internal/timers:478:21)]]></failure>
    </testcase>
  </testsuite>
  <testsuite name="multi testers" timestamp="2023-08-21T21:40:46" tests="0" file="/Users/nitsancohen/coding/my-bit/bit/e2e/harmony/multiple-testers.e2e.ts" time="0.0000" failures="0">
  </testsuite>
  <testsuite name="2 jest testers with different resolve pattern" timestamp="2023-08-21T21:40:46" tests="0" file="/Users/nitsancohen/coding/my-bit/bit/e2e/harmony/multiple-testers.e2e.ts" time="0.0600" failures="1">
    <testcase name="multi testers 2 jest testers with different resolve pattern &quot;before all&quot; hook in &quot;2 jest testers with different resolve pattern&quot;" time="0.0600" classname="&quot;before all&quot; hook in &quot;2 jest testers with different resolve pattern&quot;">
      <failure message="Command failed: bit init
node:internal/modules/cjs/loader:1075
  throw err;
  ^

Error: Cannot find module &apos;../node_modules/@teambit/bit/dist/app&apos;
Require stack:
- /Users/nitsancohen/.bvm/versions/0.2.29/bit-0.2.29/node_modules/@teambit/legacy/bin/bit.js
    at Module._resolveFilename (node:internal/modules/cjs/loader:1072:15)
    at Module._load (node:internal/modules/cjs/loader:925:27)
    at Module.require (node:internal/modules/cjs/loader:1139:19)
    at require (node:internal/modules/helpers:121:18)
    at Object.&lt;anonymous&gt; (/Users/nitsancohen/.bvm/versions/0.2.29/bit-0.2.29/node_modules/@teambit/legacy/bin/bit.js:3:1)
    at Module._compile (node:internal/modules/cjs/loader:1257:14)
    at Module._extensions..js (node:internal/modules/cjs/loader:1311:10)
    at Module.load (node:internal/modules/cjs/loader:1115:32)
    at Module._load (node:internal/modules/cjs/loader:962:12)
    at Function.executeUserEntryPoint [as runMain] (node:internal/modules/run_main:83:12) {
  code: &apos;MODULE_NOT_FOUND&apos;,
  requireStack: [
    &apos;/Users/nitsancohen/.bvm/versions/0.2.29/bit-0.2.29/node_modules/@teambit/legacy/bin/bit.js&apos;
  ]
}

Node.js v20.3.1
" type="Error"><![CDATA[Error: Command failed: bit init
node:internal/modules/cjs/loader:1075
  throw err;
  ^

Error: Cannot find module '../node_modules/@teambit/bit/dist/app'
Require stack:
- /Users/nitsancohen/.bvm/versions/0.2.29/bit-0.2.29/node_modules/@teambit/legacy/bin/bit.js
    at Module._resolveFilename (node:internal/modules/cjs/loader:1072:15)
    at Module._load (node:internal/modules/cjs/loader:925:27)
    at Module.require (node:internal/modules/cjs/loader:1139:19)
    at require (node:internal/modules/helpers:121:18)
    at Object.<anonymous> (/Users/nitsancohen/.bvm/versions/0.2.29/bit-0.2.29/node_modules/@teambit/legacy/bin/bit.js:3:1)
    at Module._compile (node:internal/modules/cjs/loader:1257:14)
    at Module._extensions..js (node:internal/modules/cjs/loader:1311:10)
    at Module.load (node:internal/modules/cjs/loader:1115:32)
    at Module._load (node:internal/modules/cjs/loader:962:12)
    at Function.executeUserEntryPoint [as runMain] (node:internal/modules/run_main:83:12) {
  code: 'MODULE_NOT_FOUND',
  requireStack: [
    '/Users/nitsancohen/.bvm/versions/0.2.29/bit-0.2.29/node_modules/@teambit/legacy/bin/bit.js'
  ]
}

Node.js v20.3.1

    at checkExecSyncError (node:child_process:885:11)
    at Object.execSync (node:child_process:957:15)
    at CommandHelper.runCmd (src/e2e-helper/e2e-command-helper.ts:64:22)
    at ScopeHelper.initWorkspace (src/e2e-helper/e2e-scope-helper.ts:126:25)
    at ScopeHelper.reInitLocalScope (src/e2e-helper/e2e-scope-helper.ts:87:10)
    at Context.<anonymous> (e2e/harmony/multiple-testers.e2e.ts:20:26)
    at processImmediate (node:internal/timers:478:21)]]></failure>
    </testcase>
  </testsuite>
  <testsuite name="new command" timestamp="2023-08-21T21:40:46" tests="1" file="/Users/nitsancohen/coding/my-bit/bit/e2e/harmony/new.e2e.ts" time="0.0590" failures="1">
    <testcase name="new command entering a non-exist workspace, should throw a descriptive error" time="0.0590" classname="entering a non-exist workspace, should throw a descriptive error">
      <failure message="Command failed: bit init
node:internal/modules/cjs/loader:1075
  throw err;
  ^

Error: Cannot find module &apos;../node_modules/@teambit/bit/dist/app&apos;
Require stack:
- /Users/nitsancohen/.bvm/versions/0.2.29/bit-0.2.29/node_modules/@teambit/legacy/bin/bit.js
    at Module._resolveFilename (node:internal/modules/cjs/loader:1072:15)
    at Module._load (node:internal/modules/cjs/loader:925:27)
    at Module.require (node:internal/modules/cjs/loader:1139:19)
    at require (node:internal/modules/helpers:121:18)
    at Object.&lt;anonymous&gt; (/Users/nitsancohen/.bvm/versions/0.2.29/bit-0.2.29/node_modules/@teambit/legacy/bin/bit.js:3:1)
    at Module._compile (node:internal/modules/cjs/loader:1257:14)
    at Module._extensions..js (node:internal/modules/cjs/loader:1311:10)
    at Module.load (node:internal/modules/cjs/loader:1115:32)
    at Module._load (node:internal/modules/cjs/loader:962:12)
    at Function.executeUserEntryPoint [as runMain] (node:internal/modules/run_main:83:12) {
  code: &apos;MODULE_NOT_FOUND&apos;,
  requireStack: [
    &apos;/Users/nitsancohen/.bvm/versions/0.2.29/bit-0.2.29/node_modules/@teambit/legacy/bin/bit.js&apos;
  ]
}

Node.js v20.3.1
" type="Error"><![CDATA[Error: Command failed: bit init
node:internal/modules/cjs/loader:1075
  throw err;
  ^

Error: Cannot find module '../node_modules/@teambit/bit/dist/app'
Require stack:
- /Users/nitsancohen/.bvm/versions/0.2.29/bit-0.2.29/node_modules/@teambit/legacy/bin/bit.js
    at Module._resolveFilename (node:internal/modules/cjs/loader:1072:15)
    at Module._load (node:internal/modules/cjs/loader:925:27)
    at Module.require (node:internal/modules/cjs/loader:1139:19)
    at require (node:internal/modules/helpers:121:18)
    at Object.<anonymous> (/Users/nitsancohen/.bvm/versions/0.2.29/bit-0.2.29/node_modules/@teambit/legacy/bin/bit.js:3:1)
    at Module._compile (node:internal/modules/cjs/loader:1257:14)
    at Module._extensions..js (node:internal/modules/cjs/loader:1311:10)
    at Module.load (node:internal/modules/cjs/loader:1115:32)
    at Module._load (node:internal/modules/cjs/loader:962:12)
    at Function.executeUserEntryPoint [as runMain] (node:internal/modules/run_main:83:12) {
  code: 'MODULE_NOT_FOUND',
  requireStack: [
    '/Users/nitsancohen/.bvm/versions/0.2.29/bit-0.2.29/node_modules/@teambit/legacy/bin/bit.js'
  ]
}

Node.js v20.3.1

    at checkExecSyncError (node:child_process:885:11)
    at Object.execSync (node:child_process:957:15)
    at CommandHelper.runCmd (src/e2e-helper/e2e-command-helper.ts:64:22)
    at ScopeHelper.initWorkspace (src/e2e-helper/e2e-scope-helper.ts:126:25)
    at ScopeHelper.reInitLocalScope (src/e2e-helper/e2e-scope-helper.ts:87:10)
    at ScopeHelper.setNewLocalAndRemoteScopes (src/e2e-helper/e2e-scope-helper.ts:141:10)
    at Context.<anonymous> (e2e/harmony/new.e2e.ts:15:24)
    at processImmediate (node:internal/timers:478:21)]]></failure>
    </testcase>
  </testsuite>
  <testsuite name="export a workspace-template aspect" timestamp="2023-08-21T21:40:46" tests="2" file="/Users/nitsancohen/coding/my-bit/bit/e2e/harmony/new.e2e.ts" time="0.1200" failures="2">
    <testcase name="new command export a workspace-template aspect &quot;before all&quot; hook for &quot;should generate a new workspace, import components and add them as new with no issues&quot;" time="0.0610" classname="&quot;before all&quot; hook for &quot;should generate a new workspace, import components and add them as new with no issues&quot;">
      <failure message="Command failed: bit init
node:internal/modules/cjs/loader:1075
  throw err;
  ^

Error: Cannot find module &apos;../node_modules/@teambit/bit/dist/app&apos;
Require stack:
- /Users/nitsancohen/.bvm/versions/0.2.29/bit-0.2.29/node_modules/@teambit/legacy/bin/bit.js
    at Module._resolveFilename (node:internal/modules/cjs/loader:1072:15)
    at Module._load (node:internal/modules/cjs/loader:925:27)
    at Module.require (node:internal/modules/cjs/loader:1139:19)
    at require (node:internal/modules/helpers:121:18)
    at Object.&lt;anonymous&gt; (/Users/nitsancohen/.bvm/versions/0.2.29/bit-0.2.29/node_modules/@teambit/legacy/bin/bit.js:3:1)
    at Module._compile (node:internal/modules/cjs/loader:1257:14)
    at Module._extensions..js (node:internal/modules/cjs/loader:1311:10)
    at Module.load (node:internal/modules/cjs/loader:1115:32)
    at Module._load (node:internal/modules/cjs/loader:962:12)
    at Function.executeUserEntryPoint [as runMain] (node:internal/modules/run_main:83:12) {
  code: &apos;MODULE_NOT_FOUND&apos;,
  requireStack: [
    &apos;/Users/nitsancohen/.bvm/versions/0.2.29/bit-0.2.29/node_modules/@teambit/legacy/bin/bit.js&apos;
  ]
}

Node.js v20.3.1
" type="Error"><![CDATA[Error: Command failed: bit init
node:internal/modules/cjs/loader:1075
  throw err;
  ^

Error: Cannot find module '../node_modules/@teambit/bit/dist/app'
Require stack:
- /Users/nitsancohen/.bvm/versions/0.2.29/bit-0.2.29/node_modules/@teambit/legacy/bin/bit.js
    at Module._resolveFilename (node:internal/modules/cjs/loader:1072:15)
    at Module._load (node:internal/modules/cjs/loader:925:27)
    at Module.require (node:internal/modules/cjs/loader:1139:19)
    at require (node:internal/modules/helpers:121:18)
    at Object.<anonymous> (/Users/nitsancohen/.bvm/versions/0.2.29/bit-0.2.29/node_modules/@teambit/legacy/bin/bit.js:3:1)
    at Module._compile (node:internal/modules/cjs/loader:1257:14)
    at Module._extensions..js (node:internal/modules/cjs/loader:1311:10)
    at Module.load (node:internal/modules/cjs/loader:1115:32)
    at Module._load (node:internal/modules/cjs/loader:962:12)
    at Function.executeUserEntryPoint [as runMain] (node:internal/modules/run_main:83:12) {
  code: 'MODULE_NOT_FOUND',
  requireStack: [
    '/Users/nitsancohen/.bvm/versions/0.2.29/bit-0.2.29/node_modules/@teambit/legacy/bin/bit.js'
  ]
}

Node.js v20.3.1

    at checkExecSyncError (node:child_process:885:11)
    at Object.execSync (node:child_process:957:15)
    at CommandHelper.runCmd (src/e2e-helper/e2e-command-helper.ts:64:22)
    at ScopeHelper.initWorkspace (src/e2e-helper/e2e-scope-helper.ts:126:25)
    at ScopeHelper.reInitLocalScope (src/e2e-helper/e2e-scope-helper.ts:87:10)
    at ScopeHelper.setNewLocalAndRemoteScopes (src/e2e-helper/e2e-scope-helper.ts:141:10)
    at Context.<anonymous> (e2e/harmony/new.e2e.ts:23:26)
    at processImmediate (node:internal/timers:478:21)]]></failure>
    </testcase>
    <testcase name="new command export a workspace-template aspect &quot;after all&quot; hook for &quot;should not add env dependencies to the workspace.jsonc&quot;" time="0.0590" classname="&quot;after all&quot; hook for &quot;should not add env dependencies to the workspace.jsonc&quot;">
      <failure message="Command failed: bit remote del yel84jse-remote -g
node:internal/modules/cjs/loader:1075
  throw err;
  ^

Error: Cannot find module &apos;../node_modules/@teambit/bit/dist/app&apos;
Require stack:
- /Users/nitsancohen/.bvm/versions/0.2.29/bit-0.2.29/node_modules/@teambit/legacy/bin/bit.js
    at Module._resolveFilename (node:internal/modules/cjs/loader:1072:15)
    at Module._load (node:internal/modules/cjs/loader:925:27)
    at Module.require (node:internal/modules/cjs/loader:1139:19)
    at require (node:internal/modules/helpers:121:18)
    at Object.&lt;anonymous&gt; (/Users/nitsancohen/.bvm/versions/0.2.29/bit-0.2.29/node_modules/@teambit/legacy/bin/bit.js:3:1)
    at Module._compile (node:internal/modules/cjs/loader:1257:14)
    at Module._extensions..js (node:internal/modules/cjs/loader:1311:10)
    at Module.load (node:internal/modules/cjs/loader:1115:32)
    at Module._load (node:internal/modules/cjs/loader:962:12)
    at Function.executeUserEntryPoint [as runMain] (node:internal/modules/run_main:83:12) {
  code: &apos;MODULE_NOT_FOUND&apos;,
  requireStack: [
    &apos;/Users/nitsancohen/.bvm/versions/0.2.29/bit-0.2.29/node_modules/@teambit/legacy/bin/bit.js&apos;
  ]
}

Node.js v20.3.1
" type="Error"><![CDATA[Error: Command failed: bit remote del yel84jse-remote -g
node:internal/modules/cjs/loader:1075
  throw err;
  ^

Error: Cannot find module '../node_modules/@teambit/bit/dist/app'
Require stack:
- /Users/nitsancohen/.bvm/versions/0.2.29/bit-0.2.29/node_modules/@teambit/legacy/bin/bit.js
    at Module._resolveFilename (node:internal/modules/cjs/loader:1072:15)
    at Module._load (node:internal/modules/cjs/loader:925:27)
    at Module.require (node:internal/modules/cjs/loader:1139:19)
    at require (node:internal/modules/helpers:121:18)
    at Object.<anonymous> (/Users/nitsancohen/.bvm/versions/0.2.29/bit-0.2.29/node_modules/@teambit/legacy/bin/bit.js:3:1)
    at Module._compile (node:internal/modules/cjs/loader:1257:14)
    at Module._extensions..js (node:internal/modules/cjs/loader:1311:10)
    at Module.load (node:internal/modules/cjs/loader:1115:32)
    at Module._load (node:internal/modules/cjs/loader:962:12)
    at Function.executeUserEntryPoint [as runMain] (node:internal/modules/run_main:83:12) {
  code: 'MODULE_NOT_FOUND',
  requireStack: [
    '/Users/nitsancohen/.bvm/versions/0.2.29/bit-0.2.29/node_modules/@teambit/legacy/bin/bit.js'
  ]
}

Node.js v20.3.1

    at checkExecSyncError (node:child_process:885:11)
    at Object.execSync (node:child_process:957:15)
    at CommandHelper.runCmd (src/e2e-helper/e2e-command-helper.ts:64:22)
    at ScopeHelper.removeRemoteScope (src/e2e-helper/e2e-scope-helper.ts:176:25)
    at Context.<anonymous> (e2e/harmony/new.e2e.ts:50:26)
    at processImmediate (node:internal/timers:478:21)]]></failure>
    </testcase>
  </testsuite>
  <testsuite name="running inside workspace" timestamp="2023-08-21T21:40:46" tests="1" file="/Users/nitsancohen/coding/my-bit/bit/e2e/harmony/new.e2e.ts" time="0.0650" failures="1">
    <testcase name="new command running inside workspace &quot;before all&quot; hook for &quot;should throw an error&quot;" time="0.0650" classname="&quot;before all&quot; hook for &quot;should throw an error&quot;">
      <failure message="Command failed: bit init
node:internal/modules/cjs/loader:1075
  throw err;
  ^

Error: Cannot find module &apos;../node_modules/@teambit/bit/dist/app&apos;
Require stack:
- /Users/nitsancohen/.bvm/versions/0.2.29/bit-0.2.29/node_modules/@teambit/legacy/bin/bit.js
    at Module._resolveFilename (node:internal/modules/cjs/loader:1072:15)
    at Module._load (node:internal/modules/cjs/loader:925:27)
    at Module.require (node:internal/modules/cjs/loader:1139:19)
    at require (node:internal/modules/helpers:121:18)
    at Object.&lt;anonymous&gt; (/Users/nitsancohen/.bvm/versions/0.2.29/bit-0.2.29/node_modules/@teambit/legacy/bin/bit.js:3:1)
    at Module._compile (node:internal/modules/cjs/loader:1257:14)
    at Module._extensions..js (node:internal/modules/cjs/loader:1311:10)
    at Module.load (node:internal/modules/cjs/loader:1115:32)
    at Module._load (node:internal/modules/cjs/loader:962:12)
    at Function.executeUserEntryPoint [as runMain] (node:internal/modules/run_main:83:12) {
  code: &apos;MODULE_NOT_FOUND&apos;,
  requireStack: [
    &apos;/Users/nitsancohen/.bvm/versions/0.2.29/bit-0.2.29/node_modules/@teambit/legacy/bin/bit.js&apos;
  ]
}

Node.js v20.3.1
" type="Error"><![CDATA[Error: Command failed: bit init
node:internal/modules/cjs/loader:1075
  throw err;
  ^

Error: Cannot find module '../node_modules/@teambit/bit/dist/app'
Require stack:
- /Users/nitsancohen/.bvm/versions/0.2.29/bit-0.2.29/node_modules/@teambit/legacy/bin/bit.js
    at Module._resolveFilename (node:internal/modules/cjs/loader:1072:15)
    at Module._load (node:internal/modules/cjs/loader:925:27)
    at Module.require (node:internal/modules/cjs/loader:1139:19)
    at require (node:internal/modules/helpers:121:18)
    at Object.<anonymous> (/Users/nitsancohen/.bvm/versions/0.2.29/bit-0.2.29/node_modules/@teambit/legacy/bin/bit.js:3:1)
    at Module._compile (node:internal/modules/cjs/loader:1257:14)
    at Module._extensions..js (node:internal/modules/cjs/loader:1311:10)
    at Module.load (node:internal/modules/cjs/loader:1115:32)
    at Module._load (node:internal/modules/cjs/loader:962:12)
    at Function.executeUserEntryPoint [as runMain] (node:internal/modules/run_main:83:12) {
  code: 'MODULE_NOT_FOUND',
  requireStack: [
    '/Users/nitsancohen/.bvm/versions/0.2.29/bit-0.2.29/node_modules/@teambit/legacy/bin/bit.js'
  ]
}

Node.js v20.3.1

    at checkExecSyncError (node:child_process:885:11)
    at Object.execSync (node:child_process:957:15)
    at CommandHelper.runCmd (src/e2e-helper/e2e-command-helper.ts:64:22)
    at ScopeHelper.initWorkspace (src/e2e-helper/e2e-scope-helper.ts:126:25)
    at ScopeHelper.reInitLocalScope (src/e2e-helper/e2e-scope-helper.ts:87:10)
    at Context.<anonymous> (e2e/harmony/new.e2e.ts:69:26)
    at processImmediate (node:internal/timers:478:21)]]></failure>
    </testcase>
  </testsuite>
  <testsuite name="creating a new react workspace" timestamp="2023-08-21T21:40:46" tests="1" file="/Users/nitsancohen/coding/my-bit/bit/e2e/harmony/new.e2e.ts" time="0.0610" failures="1">
    <testcase name="new command creating a new react workspace &quot;before all&quot; hook for &quot;bit status should be clean&quot;" time="0.0610" classname="&quot;before all&quot; hook for &quot;bit status should be clean&quot;">
      <failure message="Command failed: bit new react dxgxka2o-local --aspect teambit.react/react-env
node:internal/modules/cjs/loader:1075
  throw err;
  ^

Error: Cannot find module &apos;../node_modules/@teambit/bit/dist/app&apos;
Require stack:
- /Users/nitsancohen/.bvm/versions/0.2.29/bit-0.2.29/node_modules/@teambit/legacy/bin/bit.js
    at Module._resolveFilename (node:internal/modules/cjs/loader:1072:15)
    at Module._load (node:internal/modules/cjs/loader:925:27)
    at Module.require (node:internal/modules/cjs/loader:1139:19)
    at require (node:internal/modules/helpers:121:18)
    at Object.&lt;anonymous&gt; (/Users/nitsancohen/.bvm/versions/0.2.29/bit-0.2.29/node_modules/@teambit/legacy/bin/bit.js:3:1)
    at Module._compile (node:internal/modules/cjs/loader:1257:14)
    at Module._extensions..js (node:internal/modules/cjs/loader:1311:10)
    at Module.load (node:internal/modules/cjs/loader:1115:32)
    at Module._load (node:internal/modules/cjs/loader:962:12)
    at Function.executeUserEntryPoint [as runMain] (node:internal/modules/run_main:83:12) {
  code: &apos;MODULE_NOT_FOUND&apos;,
  requireStack: [
    &apos;/Users/nitsancohen/.bvm/versions/0.2.29/bit-0.2.29/node_modules/@teambit/legacy/bin/bit.js&apos;
  ]
}

Node.js v20.3.1
" type="Error"><![CDATA[Error: Command failed: bit new react dxgxka2o-local --aspect teambit.react/react-env
node:internal/modules/cjs/loader:1075
  throw err;
  ^

Error: Cannot find module '../node_modules/@teambit/bit/dist/app'
Require stack:
- /Users/nitsancohen/.bvm/versions/0.2.29/bit-0.2.29/node_modules/@teambit/legacy/bin/bit.js
    at Module._resolveFilename (node:internal/modules/cjs/loader:1072:15)
    at Module._load (node:internal/modules/cjs/loader:925:27)
    at Module.require (node:internal/modules/cjs/loader:1139:19)
    at require (node:internal/modules/helpers:121:18)
    at Object.<anonymous> (/Users/nitsancohen/.bvm/versions/0.2.29/bit-0.2.29/node_modules/@teambit/legacy/bin/bit.js:3:1)
    at Module._compile (node:internal/modules/cjs/loader:1257:14)
    at Module._extensions..js (node:internal/modules/cjs/loader:1311:10)
    at Module.load (node:internal/modules/cjs/loader:1115:32)
    at Module._load (node:internal/modules/cjs/loader:962:12)
    at Function.executeUserEntryPoint [as runMain] (node:internal/modules/run_main:83:12) {
  code: 'MODULE_NOT_FOUND',
  requireStack: [
    '/Users/nitsancohen/.bvm/versions/0.2.29/bit-0.2.29/node_modules/@teambit/legacy/bin/bit.js'
  ]
}

Node.js v20.3.1

    at checkExecSyncError (node:child_process:885:11)
    at Object.execSync (node:child_process:957:15)
    at CommandHelper.runCmd (src/e2e-helper/e2e-command-helper.ts:64:22)
    at CommandHelper.new (src/e2e-helper/e2e-command-helper.ts:708:17)
    at ScopeHelper.newLocalScope (src/e2e-helper/e2e-scope-helper.ts:122:21)
    at Context.<anonymous> (e2e/harmony/new.e2e.ts:77:26)
    at processImmediate (node:internal/timers:478:21)]]></failure>
    </testcase>
  </testsuite>
  <testsuite name="component files are missing" timestamp="2023-08-21T21:40:46" tests="0" file="/Users/nitsancohen/coding/my-bit/bit/e2e/harmony/no-files.e2e.ts" time="0.0000" failures="0">
  </testsuite>
  <testsuite name="component directory were deleted" timestamp="2023-08-21T21:40:46" tests="2" file="/Users/nitsancohen/coding/my-bit/bit/e2e/harmony/no-files.e2e.ts" time="0.0620" failures="1">
    <testcase name="component files are missing component directory were deleted &quot;before all&quot; hook for &quot;bit list should not throw an error&quot;" time="0.0620" classname="&quot;before all&quot; hook for &quot;bit list should not throw an error&quot;">
      <failure message="Command failed: bit init
node:internal/modules/cjs/loader:1075
  throw err;
  ^

Error: Cannot find module &apos;../node_modules/@teambit/bit/dist/app&apos;
Require stack:
- /Users/nitsancohen/.bvm/versions/0.2.29/bit-0.2.29/node_modules/@teambit/legacy/bin/bit.js
    at Module._resolveFilename (node:internal/modules/cjs/loader:1072:15)
    at Module._load (node:internal/modules/cjs/loader:925:27)
    at Module.require (node:internal/modules/cjs/loader:1139:19)
    at require (node:internal/modules/helpers:121:18)
    at Object.&lt;anonymous&gt; (/Users/nitsancohen/.bvm/versions/0.2.29/bit-0.2.29/node_modules/@teambit/legacy/bin/bit.js:3:1)
    at Module._compile (node:internal/modules/cjs/loader:1257:14)
    at Module._extensions..js (node:internal/modules/cjs/loader:1311:10)
    at Module.load (node:internal/modules/cjs/loader:1115:32)
    at Module._load (node:internal/modules/cjs/loader:962:12)
    at Function.executeUserEntryPoint [as runMain] (node:internal/modules/run_main:83:12) {
  code: &apos;MODULE_NOT_FOUND&apos;,
  requireStack: [
    &apos;/Users/nitsancohen/.bvm/versions/0.2.29/bit-0.2.29/node_modules/@teambit/legacy/bin/bit.js&apos;
  ]
}

Node.js v20.3.1
" type="Error"><![CDATA[Error: Command failed: bit init
node:internal/modules/cjs/loader:1075
  throw err;
  ^

Error: Cannot find module '../node_modules/@teambit/bit/dist/app'
Require stack:
- /Users/nitsancohen/.bvm/versions/0.2.29/bit-0.2.29/node_modules/@teambit/legacy/bin/bit.js
    at Module._resolveFilename (node:internal/modules/cjs/loader:1072:15)
    at Module._load (node:internal/modules/cjs/loader:925:27)
    at Module.require (node:internal/modules/cjs/loader:1139:19)
    at require (node:internal/modules/helpers:121:18)
    at Object.<anonymous> (/Users/nitsancohen/.bvm/versions/0.2.29/bit-0.2.29/node_modules/@teambit/legacy/bin/bit.js:3:1)
    at Module._compile (node:internal/modules/cjs/loader:1257:14)
    at Module._extensions..js (node:internal/modules/cjs/loader:1311:10)
    at Module.load (node:internal/modules/cjs/loader:1115:32)
    at Module._load (node:internal/modules/cjs/loader:962:12)
    at Function.executeUserEntryPoint [as runMain] (node:internal/modules/run_main:83:12) {
  code: 'MODULE_NOT_FOUND',
  requireStack: [
    '/Users/nitsancohen/.bvm/versions/0.2.29/bit-0.2.29/node_modules/@teambit/legacy/bin/bit.js'
  ]
}

Node.js v20.3.1

    at checkExecSyncError (node:child_process:885:11)
    at Object.execSync (node:child_process:957:15)
    at CommandHelper.runCmd (src/e2e-helper/e2e-command-helper.ts:64:22)
    at ScopeHelper.initWorkspace (src/e2e-helper/e2e-scope-helper.ts:126:25)
    at ScopeHelper.reInitLocalScope (src/e2e-helper/e2e-scope-helper.ts:87:10)
    at ScopeHelper.setNewLocalAndRemoteScopes (src/e2e-helper/e2e-scope-helper.ts:141:10)
    at Context.<anonymous> (e2e/harmony/no-files.e2e.ts:20:26)
    at processImmediate (node:internal/timers:478:21)]]></failure>
    </testcase>
  </testsuite>
  <testsuite name="component files were deleted" timestamp="2023-08-21T21:40:46" tests="2" file="/Users/nitsancohen/coding/my-bit/bit/e2e/harmony/no-files.e2e.ts" time="0.0610" failures="1">
    <testcase name="component files are missing component files were deleted &quot;before all&quot; hook for &quot;bit list should not throw an error&quot;" time="0.0610" classname="&quot;before all&quot; hook for &quot;bit list should not throw an error&quot;">
      <failure message="Command failed: bit init
node:internal/modules/cjs/loader:1075
  throw err;
  ^

Error: Cannot find module &apos;../node_modules/@teambit/bit/dist/app&apos;
Require stack:
- /Users/nitsancohen/.bvm/versions/0.2.29/bit-0.2.29/node_modules/@teambit/legacy/bin/bit.js
    at Module._resolveFilename (node:internal/modules/cjs/loader:1072:15)
    at Module._load (node:internal/modules/cjs/loader:925:27)
    at Module.require (node:internal/modules/cjs/loader:1139:19)
    at require (node:internal/modules/helpers:121:18)
    at Object.&lt;anonymous&gt; (/Users/nitsancohen/.bvm/versions/0.2.29/bit-0.2.29/node_modules/@teambit/legacy/bin/bit.js:3:1)
    at Module._compile (node:internal/modules/cjs/loader:1257:14)
    at Module._extensions..js (node:internal/modules/cjs/loader:1311:10)
    at Module.load (node:internal/modules/cjs/loader:1115:32)
    at Module._load (node:internal/modules/cjs/loader:962:12)
    at Function.executeUserEntryPoint [as runMain] (node:internal/modules/run_main:83:12) {
  code: &apos;MODULE_NOT_FOUND&apos;,
  requireStack: [
    &apos;/Users/nitsancohen/.bvm/versions/0.2.29/bit-0.2.29/node_modules/@teambit/legacy/bin/bit.js&apos;
  ]
}

Node.js v20.3.1
" type="Error"><![CDATA[Error: Command failed: bit init
node:internal/modules/cjs/loader:1075
  throw err;
  ^

Error: Cannot find module '../node_modules/@teambit/bit/dist/app'
Require stack:
- /Users/nitsancohen/.bvm/versions/0.2.29/bit-0.2.29/node_modules/@teambit/legacy/bin/bit.js
    at Module._resolveFilename (node:internal/modules/cjs/loader:1072:15)
    at Module._load (node:internal/modules/cjs/loader:925:27)
    at Module.require (node:internal/modules/cjs/loader:1139:19)
    at require (node:internal/modules/helpers:121:18)
    at Object.<anonymous> (/Users/nitsancohen/.bvm/versions/0.2.29/bit-0.2.29/node_modules/@teambit/legacy/bin/bit.js:3:1)
    at Module._compile (node:internal/modules/cjs/loader:1257:14)
    at Module._extensions..js (node:internal/modules/cjs/loader:1311:10)
    at Module.load (node:internal/modules/cjs/loader:1115:32)
    at Module._load (node:internal/modules/cjs/loader:962:12)
    at Function.executeUserEntryPoint [as runMain] (node:internal/modules/run_main:83:12) {
  code: 'MODULE_NOT_FOUND',
  requireStack: [
    '/Users/nitsancohen/.bvm/versions/0.2.29/bit-0.2.29/node_modules/@teambit/legacy/bin/bit.js'
  ]
}

Node.js v20.3.1

    at checkExecSyncError (node:child_process:885:11)
    at Object.execSync (node:child_process:957:15)
    at CommandHelper.runCmd (src/e2e-helper/e2e-command-helper.ts:64:22)
    at ScopeHelper.initWorkspace (src/e2e-helper/e2e-scope-helper.ts:126:25)
    at ScopeHelper.reInitLocalScope (src/e2e-helper/e2e-scope-helper.ts:87:10)
    at ScopeHelper.setNewLocalAndRemoteScopes (src/e2e-helper/e2e-scope-helper.ts:141:10)
    at Context.<anonymous> (e2e/harmony/no-files.e2e.ts:41:26)
    at processImmediate (node:internal/timers:478:21)]]></failure>
    </testcase>
  </testsuite>
  <testsuite name="component directory is ignored by .gitignore" timestamp="2023-08-21T21:40:46" tests="2" file="/Users/nitsancohen/coding/my-bit/bit/e2e/harmony/no-files.e2e.ts" time="0.0570" failures="1">
    <testcase name="component files are missing component directory is ignored by .gitignore &quot;before all&quot; hook for &quot;bit list should not throw an error&quot;" time="0.0570" classname="&quot;before all&quot; hook for &quot;bit list should not throw an error&quot;">
      <failure message="Command failed: bit init
node:internal/modules/cjs/loader:1075
  throw err;
  ^

Error: Cannot find module &apos;../node_modules/@teambit/bit/dist/app&apos;
Require stack:
- /Users/nitsancohen/.bvm/versions/0.2.29/bit-0.2.29/node_modules/@teambit/legacy/bin/bit.js
    at Module._resolveFilename (node:internal/modules/cjs/loader:1072:15)
    at Module._load (node:internal/modules/cjs/loader:925:27)
    at Module.require (node:internal/modules/cjs/loader:1139:19)
    at require (node:internal/modules/helpers:121:18)
    at Object.&lt;anonymous&gt; (/Users/nitsancohen/.bvm/versions/0.2.29/bit-0.2.29/node_modules/@teambit/legacy/bin/bit.js:3:1)
    at Module._compile (node:internal/modules/cjs/loader:1257:14)
    at Module._extensions..js (node:internal/modules/cjs/loader:1311:10)
    at Module.load (node:internal/modules/cjs/loader:1115:32)
    at Module._load (node:internal/modules/cjs/loader:962:12)
    at Function.executeUserEntryPoint [as runMain] (node:internal/modules/run_main:83:12) {
  code: &apos;MODULE_NOT_FOUND&apos;,
  requireStack: [
    &apos;/Users/nitsancohen/.bvm/versions/0.2.29/bit-0.2.29/node_modules/@teambit/legacy/bin/bit.js&apos;
  ]
}

Node.js v20.3.1
" type="Error"><![CDATA[Error: Command failed: bit init
node:internal/modules/cjs/loader:1075
  throw err;
  ^

Error: Cannot find module '../node_modules/@teambit/bit/dist/app'
Require stack:
- /Users/nitsancohen/.bvm/versions/0.2.29/bit-0.2.29/node_modules/@teambit/legacy/bin/bit.js
    at Module._resolveFilename (node:internal/modules/cjs/loader:1072:15)
    at Module._load (node:internal/modules/cjs/loader:925:27)
    at Module.require (node:internal/modules/cjs/loader:1139:19)
    at require (node:internal/modules/helpers:121:18)
    at Object.<anonymous> (/Users/nitsancohen/.bvm/versions/0.2.29/bit-0.2.29/node_modules/@teambit/legacy/bin/bit.js:3:1)
    at Module._compile (node:internal/modules/cjs/loader:1257:14)
    at Module._extensions..js (node:internal/modules/cjs/loader:1311:10)
    at Module.load (node:internal/modules/cjs/loader:1115:32)
    at Module._load (node:internal/modules/cjs/loader:962:12)
    at Function.executeUserEntryPoint [as runMain] (node:internal/modules/run_main:83:12) {
  code: 'MODULE_NOT_FOUND',
  requireStack: [
    '/Users/nitsancohen/.bvm/versions/0.2.29/bit-0.2.29/node_modules/@teambit/legacy/bin/bit.js'
  ]
}

Node.js v20.3.1

    at checkExecSyncError (node:child_process:885:11)
    at Object.execSync (node:child_process:957:15)
    at CommandHelper.runCmd (src/e2e-helper/e2e-command-helper.ts:64:22)
    at ScopeHelper.initWorkspace (src/e2e-helper/e2e-scope-helper.ts:126:25)
    at ScopeHelper.reInitLocalScope (src/e2e-helper/e2e-scope-helper.ts:87:10)
    at ScopeHelper.setNewLocalAndRemoteScopes (src/e2e-helper/e2e-scope-helper.ts:141:10)
    at Context.<anonymous> (e2e/harmony/no-files.e2e.ts:62:26)
    at processImmediate (node:internal/timers:478:21)]]></failure>
    </testcase>
  </testsuite>
  <testsuite name="installing with non-default nodeLinker" timestamp="2023-08-21T21:40:46" tests="0" file="/Users/nitsancohen/coding/my-bit/bit/e2e/harmony/node-linker.e2e.ts" time="0.0000" failures="0">
  </testsuite>
  <testsuite name="using pnpm as a package manager" timestamp="2023-08-21T21:40:46" tests="0" file="/Users/nitsancohen/coding/my-bit/bit/e2e/harmony/node-linker.e2e.ts" time="0.0000" failures="0">
  </testsuite>
  <testsuite name="setting nodeLinker to &quot;hoisted&quot;" timestamp="2023-08-21T21:40:46" tests="1" file="/Users/nitsancohen/coding/my-bit/bit/e2e/harmony/node-linker.e2e.ts" time="0.0620" failures="1">
    <testcase name="installing with non-default nodeLinker using pnpm as a package manager setting nodeLinker to &quot;hoisted&quot; &quot;before all&quot; hook for &quot;should create a hoisted node_modules&quot;" time="0.0620" classname="&quot;before all&quot; hook for &quot;should create a hoisted node_modules&quot;">
      <failure message="Command failed: bit init
node:internal/modules/cjs/loader:1075
  throw err;
  ^

Error: Cannot find module &apos;../node_modules/@teambit/bit/dist/app&apos;
Require stack:
- /Users/nitsancohen/.bvm/versions/0.2.29/bit-0.2.29/node_modules/@teambit/legacy/bin/bit.js
    at Module._resolveFilename (node:internal/modules/cjs/loader:1072:15)
    at Module._load (node:internal/modules/cjs/loader:925:27)
    at Module.require (node:internal/modules/cjs/loader:1139:19)
    at require (node:internal/modules/helpers:121:18)
    at Object.&lt;anonymous&gt; (/Users/nitsancohen/.bvm/versions/0.2.29/bit-0.2.29/node_modules/@teambit/legacy/bin/bit.js:3:1)
    at Module._compile (node:internal/modules/cjs/loader:1257:14)
    at Module._extensions..js (node:internal/modules/cjs/loader:1311:10)
    at Module.load (node:internal/modules/cjs/loader:1115:32)
    at Module._load (node:internal/modules/cjs/loader:962:12)
    at Function.executeUserEntryPoint [as runMain] (node:internal/modules/run_main:83:12) {
  code: &apos;MODULE_NOT_FOUND&apos;,
  requireStack: [
    &apos;/Users/nitsancohen/.bvm/versions/0.2.29/bit-0.2.29/node_modules/@teambit/legacy/bin/bit.js&apos;
  ]
}

Node.js v20.3.1
" type="Error"><![CDATA[Error: Command failed: bit init
node:internal/modules/cjs/loader:1075
  throw err;
  ^

Error: Cannot find module '../node_modules/@teambit/bit/dist/app'
Require stack:
- /Users/nitsancohen/.bvm/versions/0.2.29/bit-0.2.29/node_modules/@teambit/legacy/bin/bit.js
    at Module._resolveFilename (node:internal/modules/cjs/loader:1072:15)
    at Module._load (node:internal/modules/cjs/loader:925:27)
    at Module.require (node:internal/modules/cjs/loader:1139:19)
    at require (node:internal/modules/helpers:121:18)
    at Object.<anonymous> (/Users/nitsancohen/.bvm/versions/0.2.29/bit-0.2.29/node_modules/@teambit/legacy/bin/bit.js:3:1)
    at Module._compile (node:internal/modules/cjs/loader:1257:14)
    at Module._extensions..js (node:internal/modules/cjs/loader:1311:10)
    at Module.load (node:internal/modules/cjs/loader:1115:32)
    at Module._load (node:internal/modules/cjs/loader:962:12)
    at Function.executeUserEntryPoint [as runMain] (node:internal/modules/run_main:83:12) {
  code: 'MODULE_NOT_FOUND',
  requireStack: [
    '/Users/nitsancohen/.bvm/versions/0.2.29/bit-0.2.29/node_modules/@teambit/legacy/bin/bit.js'
  ]
}

Node.js v20.3.1

    at checkExecSyncError (node:child_process:885:11)
    at Object.execSync (node:child_process:957:15)
    at CommandHelper.runCmd (src/e2e-helper/e2e-command-helper.ts:64:22)
    at ScopeHelper.initWorkspace (src/e2e-helper/e2e-scope-helper.ts:126:25)
    at ScopeHelper.reInitLocalScope (src/e2e-helper/e2e-scope-helper.ts:87:10)
    at Context.<anonymous> (e2e/harmony/node-linker.e2e.ts:18:28)
    at processImmediate (node:internal/timers:478:21)]]></failure>
    </testcase>
  </testsuite>
  <testsuite name="setting nodeLinker to &quot;isolated&quot;" timestamp="2023-08-21T21:40:46" tests="1" file="/Users/nitsancohen/coding/my-bit/bit/e2e/harmony/node-linker.e2e.ts" time="0.0580" failures="1">
    <testcase name="installing with non-default nodeLinker using pnpm as a package manager setting nodeLinker to &quot;isolated&quot; &quot;before all&quot; hook for &quot;should create a hoisted node_modules&quot;" time="0.0580" classname="&quot;before all&quot; hook for &quot;should create a hoisted node_modules&quot;">
      <failure message="Command failed: bit init
node:internal/modules/cjs/loader:1075
  throw err;
  ^

Error: Cannot find module &apos;../node_modules/@teambit/bit/dist/app&apos;
Require stack:
- /Users/nitsancohen/.bvm/versions/0.2.29/bit-0.2.29/node_modules/@teambit/legacy/bin/bit.js
    at Module._resolveFilename (node:internal/modules/cjs/loader:1072:15)
    at Module._load (node:internal/modules/cjs/loader:925:27)
    at Module.require (node:internal/modules/cjs/loader:1139:19)
    at require (node:internal/modules/helpers:121:18)
    at Object.&lt;anonymous&gt; (/Users/nitsancohen/.bvm/versions/0.2.29/bit-0.2.29/node_modules/@teambit/legacy/bin/bit.js:3:1)
    at Module._compile (node:internal/modules/cjs/loader:1257:14)
    at Module._extensions..js (node:internal/modules/cjs/loader:1311:10)
    at Module.load (node:internal/modules/cjs/loader:1115:32)
    at Module._load (node:internal/modules/cjs/loader:962:12)
    at Function.executeUserEntryPoint [as runMain] (node:internal/modules/run_main:83:12) {
  code: &apos;MODULE_NOT_FOUND&apos;,
  requireStack: [
    &apos;/Users/nitsancohen/.bvm/versions/0.2.29/bit-0.2.29/node_modules/@teambit/legacy/bin/bit.js&apos;
  ]
}

Node.js v20.3.1
" type="Error"><![CDATA[Error: Command failed: bit init
node:internal/modules/cjs/loader:1075
  throw err;
  ^

Error: Cannot find module '../node_modules/@teambit/bit/dist/app'
Require stack:
- /Users/nitsancohen/.bvm/versions/0.2.29/bit-0.2.29/node_modules/@teambit/legacy/bin/bit.js
    at Module._resolveFilename (node:internal/modules/cjs/loader:1072:15)
    at Module._load (node:internal/modules/cjs/loader:925:27)
    at Module.require (node:internal/modules/cjs/loader:1139:19)
    at require (node:internal/modules/helpers:121:18)
    at Object.<anonymous> (/Users/nitsancohen/.bvm/versions/0.2.29/bit-0.2.29/node_modules/@teambit/legacy/bin/bit.js:3:1)
    at Module._compile (node:internal/modules/cjs/loader:1257:14)
    at Module._extensions..js (node:internal/modules/cjs/loader:1311:10)
    at Module.load (node:internal/modules/cjs/loader:1115:32)
    at Module._load (node:internal/modules/cjs/loader:962:12)
    at Function.executeUserEntryPoint [as runMain] (node:internal/modules/run_main:83:12) {
  code: 'MODULE_NOT_FOUND',
  requireStack: [
    '/Users/nitsancohen/.bvm/versions/0.2.29/bit-0.2.29/node_modules/@teambit/legacy/bin/bit.js'
  ]
}

Node.js v20.3.1

    at checkExecSyncError (node:child_process:885:11)
    at Object.execSync (node:child_process:957:15)
    at CommandHelper.runCmd (src/e2e-helper/e2e-command-helper.ts:64:22)
    at ScopeHelper.initWorkspace (src/e2e-helper/e2e-scope-helper.ts:126:25)
    at ScopeHelper.reInitLocalScope (src/e2e-helper/e2e-scope-helper.ts:87:10)
    at Context.<anonymous> (e2e/harmony/node-linker.e2e.ts:29:28)
    at processImmediate (node:internal/timers:478:21)]]></failure>
    </testcase>
  </testsuite>
  <testsuite name="using Yarn as a package manager" timestamp="2023-08-21T21:40:47" tests="0" file="/Users/nitsancohen/coding/my-bit/bit/e2e/harmony/node-linker.e2e.ts" time="0.0000" failures="0">
  </testsuite>
  <testsuite name="setting nodeLinker to &quot;hoisted&quot;" timestamp="2023-08-21T21:40:47" tests="1" file="/Users/nitsancohen/coding/my-bit/bit/e2e/harmony/node-linker.e2e.ts" time="0.0560" failures="1">
    <testcase name="installing with non-default nodeLinker using Yarn as a package manager setting nodeLinker to &quot;hoisted&quot; &quot;before all&quot; hook for &quot;should create a hoisted node_modules&quot;" time="0.0560" classname="&quot;before all&quot; hook for &quot;should create a hoisted node_modules&quot;">
      <failure message="Command failed: bit init
node:internal/modules/cjs/loader:1075
  throw err;
  ^

Error: Cannot find module &apos;../node_modules/@teambit/bit/dist/app&apos;
Require stack:
- /Users/nitsancohen/.bvm/versions/0.2.29/bit-0.2.29/node_modules/@teambit/legacy/bin/bit.js
    at Module._resolveFilename (node:internal/modules/cjs/loader:1072:15)
    at Module._load (node:internal/modules/cjs/loader:925:27)
    at Module.require (node:internal/modules/cjs/loader:1139:19)
    at require (node:internal/modules/helpers:121:18)
    at Object.&lt;anonymous&gt; (/Users/nitsancohen/.bvm/versions/0.2.29/bit-0.2.29/node_modules/@teambit/legacy/bin/bit.js:3:1)
    at Module._compile (node:internal/modules/cjs/loader:1257:14)
    at Module._extensions..js (node:internal/modules/cjs/loader:1311:10)
    at Module.load (node:internal/modules/cjs/loader:1115:32)
    at Module._load (node:internal/modules/cjs/loader:962:12)
    at Function.executeUserEntryPoint [as runMain] (node:internal/modules/run_main:83:12) {
  code: &apos;MODULE_NOT_FOUND&apos;,
  requireStack: [
    &apos;/Users/nitsancohen/.bvm/versions/0.2.29/bit-0.2.29/node_modules/@teambit/legacy/bin/bit.js&apos;
  ]
}

Node.js v20.3.1
" type="Error"><![CDATA[Error: Command failed: bit init
node:internal/modules/cjs/loader:1075
  throw err;
  ^

Error: Cannot find module '../node_modules/@teambit/bit/dist/app'
Require stack:
- /Users/nitsancohen/.bvm/versions/0.2.29/bit-0.2.29/node_modules/@teambit/legacy/bin/bit.js
    at Module._resolveFilename (node:internal/modules/cjs/loader:1072:15)
    at Module._load (node:internal/modules/cjs/loader:925:27)
    at Module.require (node:internal/modules/cjs/loader:1139:19)
    at require (node:internal/modules/helpers:121:18)
    at Object.<anonymous> (/Users/nitsancohen/.bvm/versions/0.2.29/bit-0.2.29/node_modules/@teambit/legacy/bin/bit.js:3:1)
    at Module._compile (node:internal/modules/cjs/loader:1257:14)
    at Module._extensions..js (node:internal/modules/cjs/loader:1311:10)
    at Module.load (node:internal/modules/cjs/loader:1115:32)
    at Module._load (node:internal/modules/cjs/loader:962:12)
    at Function.executeUserEntryPoint [as runMain] (node:internal/modules/run_main:83:12) {
  code: 'MODULE_NOT_FOUND',
  requireStack: [
    '/Users/nitsancohen/.bvm/versions/0.2.29/bit-0.2.29/node_modules/@teambit/legacy/bin/bit.js'
  ]
}

Node.js v20.3.1

    at checkExecSyncError (node:child_process:885:11)
    at Object.execSync (node:child_process:957:15)
    at CommandHelper.runCmd (src/e2e-helper/e2e-command-helper.ts:64:22)
    at ScopeHelper.initWorkspace (src/e2e-helper/e2e-scope-helper.ts:126:25)
    at ScopeHelper.reInitLocalScope (src/e2e-helper/e2e-scope-helper.ts:87:10)
    at Context.<anonymous> (e2e/harmony/node-linker.e2e.ts:42:28)
    at processImmediate (node:internal/timers:478:21)]]></failure>
    </testcase>
  </testsuite>
  <testsuite name="setting nodeLinker to &quot;isolated&quot;" timestamp="2023-08-21T21:40:47" tests="1" file="/Users/nitsancohen/coding/my-bit/bit/e2e/harmony/node-linker.e2e.ts" time="0.0000" failures="0">
  </testsuite>
  <testsuite name="components that are not synced between the scope and the consumer" timestamp="2023-08-21T21:40:47" tests="0" file="/Users/nitsancohen/coding/my-bit/bit/e2e/harmony/out-of-sync-components-harmony.e2e.ts" time="0.0000" failures="0">
  </testsuite>
  <testsuite name="consumer with a new component and scope with the same component as exported with defaultScope configured" timestamp="2023-08-21T21:40:47" tests="0" file="/Users/nitsancohen/coding/my-bit/bit/e2e/harmony/out-of-sync-components-harmony.e2e.ts" time="0.0580" failures="1">
    <testcase name="components that are not synced between the scope and the consumer consumer with a new component and scope with the same component as exported with defaultScope configured &quot;before all&quot; hook in &quot;consumer with a new component and scope with the same component as exported with defaultScope configured&quot;" time="0.0580" classname="&quot;before all&quot; hook in &quot;consumer with a new component and scope with the same component as exported with defaultScope configured&quot;">
      <failure message="Command failed: bit init
node:internal/modules/cjs/loader:1075
  throw err;
  ^

Error: Cannot find module &apos;../node_modules/@teambit/bit/dist/app&apos;
Require stack:
- /Users/nitsancohen/.bvm/versions/0.2.29/bit-0.2.29/node_modules/@teambit/legacy/bin/bit.js
    at Module._resolveFilename (node:internal/modules/cjs/loader:1072:15)
    at Module._load (node:internal/modules/cjs/loader:925:27)
    at Module.require (node:internal/modules/cjs/loader:1139:19)
    at require (node:internal/modules/helpers:121:18)
    at Object.&lt;anonymous&gt; (/Users/nitsancohen/.bvm/versions/0.2.29/bit-0.2.29/node_modules/@teambit/legacy/bin/bit.js:3:1)
    at Module._compile (node:internal/modules/cjs/loader:1257:14)
    at Module._extensions..js (node:internal/modules/cjs/loader:1311:10)
    at Module.load (node:internal/modules/cjs/loader:1115:32)
    at Module._load (node:internal/modules/cjs/loader:962:12)
    at Function.executeUserEntryPoint [as runMain] (node:internal/modules/run_main:83:12) {
  code: &apos;MODULE_NOT_FOUND&apos;,
  requireStack: [
    &apos;/Users/nitsancohen/.bvm/versions/0.2.29/bit-0.2.29/node_modules/@teambit/legacy/bin/bit.js&apos;
  ]
}

Node.js v20.3.1
" type="Error"><![CDATA[Error: Command failed: bit init
node:internal/modules/cjs/loader:1075
  throw err;
  ^

Error: Cannot find module '../node_modules/@teambit/bit/dist/app'
Require stack:
- /Users/nitsancohen/.bvm/versions/0.2.29/bit-0.2.29/node_modules/@teambit/legacy/bin/bit.js
    at Module._resolveFilename (node:internal/modules/cjs/loader:1072:15)
    at Module._load (node:internal/modules/cjs/loader:925:27)
    at Module.require (node:internal/modules/cjs/loader:1139:19)
    at require (node:internal/modules/helpers:121:18)
    at Object.<anonymous> (/Users/nitsancohen/.bvm/versions/0.2.29/bit-0.2.29/node_modules/@teambit/legacy/bin/bit.js:3:1)
    at Module._compile (node:internal/modules/cjs/loader:1257:14)
    at Module._extensions..js (node:internal/modules/cjs/loader:1311:10)
    at Module.load (node:internal/modules/cjs/loader:1115:32)
    at Module._load (node:internal/modules/cjs/loader:962:12)
    at Function.executeUserEntryPoint [as runMain] (node:internal/modules/run_main:83:12) {
  code: 'MODULE_NOT_FOUND',
  requireStack: [
    '/Users/nitsancohen/.bvm/versions/0.2.29/bit-0.2.29/node_modules/@teambit/legacy/bin/bit.js'
  ]
}

Node.js v20.3.1

    at checkExecSyncError (node:child_process:885:11)
    at Object.execSync (node:child_process:957:15)
    at CommandHelper.runCmd (src/e2e-helper/e2e-command-helper.ts:64:22)
    at ScopeHelper.initWorkspace (src/e2e-helper/e2e-scope-helper.ts:126:25)
    at ScopeHelper.reInitLocalScope (src/e2e-helper/e2e-scope-helper.ts:87:10)
    at ScopeHelper.setNewLocalAndRemoteScopes (src/e2e-helper/e2e-scope-helper.ts:141:10)
    at Context.<anonymous> (e2e/harmony/out-of-sync-components-harmony.e2e.ts:18:26)
    at processImmediate (node:internal/timers:478:21)]]></failure>
    </testcase>
  </testsuite>
  <testsuite name="consumer with a tagged component and scope with no components" timestamp="2023-08-21T21:40:47" tests="0" file="/Users/nitsancohen/coding/my-bit/bit/e2e/harmony/out-of-sync-components-harmony.e2e.ts" time="0.0600" failures="1">
    <testcase name="components that are not synced between the scope and the consumer consumer with a tagged component and scope with no components &quot;before all&quot; hook in &quot;consumer with a tagged component and scope with no components&quot;" time="0.0600" classname="&quot;before all&quot; hook in &quot;consumer with a tagged component and scope with no components&quot;">
      <failure message="Command failed: bit init
node:internal/modules/cjs/loader:1075
  throw err;
  ^

Error: Cannot find module &apos;../node_modules/@teambit/bit/dist/app&apos;
Require stack:
- /Users/nitsancohen/.bvm/versions/0.2.29/bit-0.2.29/node_modules/@teambit/legacy/bin/bit.js
    at Module._resolveFilename (node:internal/modules/cjs/loader:1072:15)
    at Module._load (node:internal/modules/cjs/loader:925:27)
    at Module.require (node:internal/modules/cjs/loader:1139:19)
    at require (node:internal/modules/helpers:121:18)
    at Object.&lt;anonymous&gt; (/Users/nitsancohen/.bvm/versions/0.2.29/bit-0.2.29/node_modules/@teambit/legacy/bin/bit.js:3:1)
    at Module._compile (node:internal/modules/cjs/loader:1257:14)
    at Module._extensions..js (node:internal/modules/cjs/loader:1311:10)
    at Module.load (node:internal/modules/cjs/loader:1115:32)
    at Module._load (node:internal/modules/cjs/loader:962:12)
    at Function.executeUserEntryPoint [as runMain] (node:internal/modules/run_main:83:12) {
  code: &apos;MODULE_NOT_FOUND&apos;,
  requireStack: [
    &apos;/Users/nitsancohen/.bvm/versions/0.2.29/bit-0.2.29/node_modules/@teambit/legacy/bin/bit.js&apos;
  ]
}

Node.js v20.3.1
" type="Error"><![CDATA[Error: Command failed: bit init
node:internal/modules/cjs/loader:1075
  throw err;
  ^

Error: Cannot find module '../node_modules/@teambit/bit/dist/app'
Require stack:
- /Users/nitsancohen/.bvm/versions/0.2.29/bit-0.2.29/node_modules/@teambit/legacy/bin/bit.js
    at Module._resolveFilename (node:internal/modules/cjs/loader:1072:15)
    at Module._load (node:internal/modules/cjs/loader:925:27)
    at Module.require (node:internal/modules/cjs/loader:1139:19)
    at require (node:internal/modules/helpers:121:18)
    at Object.<anonymous> (/Users/nitsancohen/.bvm/versions/0.2.29/bit-0.2.29/node_modules/@teambit/legacy/bin/bit.js:3:1)
    at Module._compile (node:internal/modules/cjs/loader:1257:14)
    at Module._extensions..js (node:internal/modules/cjs/loader:1311:10)
    at Module.load (node:internal/modules/cjs/loader:1115:32)
    at Module._load (node:internal/modules/cjs/loader:962:12)
    at Function.executeUserEntryPoint [as runMain] (node:internal/modules/run_main:83:12) {
  code: 'MODULE_NOT_FOUND',
  requireStack: [
    '/Users/nitsancohen/.bvm/versions/0.2.29/bit-0.2.29/node_modules/@teambit/legacy/bin/bit.js'
  ]
}

Node.js v20.3.1

    at checkExecSyncError (node:child_process:885:11)
    at Object.execSync (node:child_process:957:15)
    at CommandHelper.runCmd (src/e2e-helper/e2e-command-helper.ts:64:22)
    at ScopeHelper.initWorkspace (src/e2e-helper/e2e-scope-helper.ts:126:25)
    at ScopeHelper.reInitLocalScope (src/e2e-helper/e2e-scope-helper.ts:87:10)
    at Context.<anonymous> (e2e/harmony/out-of-sync-components-harmony.e2e.ts:51:26)
    at processImmediate (node:internal/timers:478:21)]]></failure>
    </testcase>
  </testsuite>
  <testsuite name="consumer with a tagged exported component and scope with no components" timestamp="2023-08-21T21:40:47" tests="2" file="/Users/nitsancohen/coding/my-bit/bit/e2e/harmony/out-of-sync-components-harmony.e2e.ts" time="0.0590" failures="1">
    <testcase name="components that are not synced between the scope and the consumer consumer with a tagged exported component and scope with no components &quot;before all&quot; hook for &quot;bit import should not throw&quot;" time="0.0590" classname="&quot;before all&quot; hook for &quot;bit import should not throw&quot;">
      <failure message="Command failed: bit init
node:internal/modules/cjs/loader:1075
  throw err;
  ^

Error: Cannot find module &apos;../node_modules/@teambit/bit/dist/app&apos;
Require stack:
- /Users/nitsancohen/.bvm/versions/0.2.29/bit-0.2.29/node_modules/@teambit/legacy/bin/bit.js
    at Module._resolveFilename (node:internal/modules/cjs/loader:1072:15)
    at Module._load (node:internal/modules/cjs/loader:925:27)
    at Module.require (node:internal/modules/cjs/loader:1139:19)
    at require (node:internal/modules/helpers:121:18)
    at Object.&lt;anonymous&gt; (/Users/nitsancohen/.bvm/versions/0.2.29/bit-0.2.29/node_modules/@teambit/legacy/bin/bit.js:3:1)
    at Module._compile (node:internal/modules/cjs/loader:1257:14)
    at Module._extensions..js (node:internal/modules/cjs/loader:1311:10)
    at Module.load (node:internal/modules/cjs/loader:1115:32)
    at Module._load (node:internal/modules/cjs/loader:962:12)
    at Function.executeUserEntryPoint [as runMain] (node:internal/modules/run_main:83:12) {
  code: &apos;MODULE_NOT_FOUND&apos;,
  requireStack: [
    &apos;/Users/nitsancohen/.bvm/versions/0.2.29/bit-0.2.29/node_modules/@teambit/legacy/bin/bit.js&apos;
  ]
}

Node.js v20.3.1
" type="Error"><![CDATA[Error: Command failed: bit init
node:internal/modules/cjs/loader:1075
  throw err;
  ^

Error: Cannot find module '../node_modules/@teambit/bit/dist/app'
Require stack:
- /Users/nitsancohen/.bvm/versions/0.2.29/bit-0.2.29/node_modules/@teambit/legacy/bin/bit.js
    at Module._resolveFilename (node:internal/modules/cjs/loader:1072:15)
    at Module._load (node:internal/modules/cjs/loader:925:27)
    at Module.require (node:internal/modules/cjs/loader:1139:19)
    at require (node:internal/modules/helpers:121:18)
    at Object.<anonymous> (/Users/nitsancohen/.bvm/versions/0.2.29/bit-0.2.29/node_modules/@teambit/legacy/bin/bit.js:3:1)
    at Module._compile (node:internal/modules/cjs/loader:1257:14)
    at Module._extensions..js (node:internal/modules/cjs/loader:1311:10)
    at Module.load (node:internal/modules/cjs/loader:1115:32)
    at Module._load (node:internal/modules/cjs/loader:962:12)
    at Function.executeUserEntryPoint [as runMain] (node:internal/modules/run_main:83:12) {
  code: 'MODULE_NOT_FOUND',
  requireStack: [
    '/Users/nitsancohen/.bvm/versions/0.2.29/bit-0.2.29/node_modules/@teambit/legacy/bin/bit.js'
  ]
}

Node.js v20.3.1

    at checkExecSyncError (node:child_process:885:11)
    at Object.execSync (node:child_process:957:15)
    at CommandHelper.runCmd (src/e2e-helper/e2e-command-helper.ts:64:22)
    at ScopeHelper.initWorkspace (src/e2e-helper/e2e-scope-helper.ts:126:25)
    at ScopeHelper.reInitLocalScope (src/e2e-helper/e2e-scope-helper.ts:87:10)
    at ScopeHelper.setNewLocalAndRemoteScopes (src/e2e-helper/e2e-scope-helper.ts:141:10)
    at Context.<anonymous> (e2e/harmony/out-of-sync-components-harmony.e2e.ts:88:26)
    at processImmediate (node:internal/timers:478:21)]]></failure>
    </testcase>
  </testsuite>
  <testsuite name="new lane got deleted" timestamp="2023-08-21T21:40:47" tests="1" file="/Users/nitsancohen/coding/my-bit/bit/e2e/harmony/out-of-sync-components-harmony.e2e.ts" time="0.0600" failures="1">
    <testcase name="components that are not synced between the scope and the consumer new lane got deleted &quot;before all&quot; hook for &quot;should recrate the lane&quot;" time="0.0600" classname="&quot;before all&quot; hook for &quot;should recrate the lane&quot;">
      <failure message="Command failed: bit init
node:internal/modules/cjs/loader:1075
  throw err;
  ^

Error: Cannot find module &apos;../node_modules/@teambit/bit/dist/app&apos;
Require stack:
- /Users/nitsancohen/.bvm/versions/0.2.29/bit-0.2.29/node_modules/@teambit/legacy/bin/bit.js
    at Module._resolveFilename (node:internal/modules/cjs/loader:1072:15)
    at Module._load (node:internal/modules/cjs/loader:925:27)
    at Module.require (node:internal/modules/cjs/loader:1139:19)
    at require (node:internal/modules/helpers:121:18)
    at Object.&lt;anonymous&gt; (/Users/nitsancohen/.bvm/versions/0.2.29/bit-0.2.29/node_modules/@teambit/legacy/bin/bit.js:3:1)
    at Module._compile (node:internal/modules/cjs/loader:1257:14)
    at Module._extensions..js (node:internal/modules/cjs/loader:1311:10)
    at Module.load (node:internal/modules/cjs/loader:1115:32)
    at Module._load (node:internal/modules/cjs/loader:962:12)
    at Function.executeUserEntryPoint [as runMain] (node:internal/modules/run_main:83:12) {
  code: &apos;MODULE_NOT_FOUND&apos;,
  requireStack: [
    &apos;/Users/nitsancohen/.bvm/versions/0.2.29/bit-0.2.29/node_modules/@teambit/legacy/bin/bit.js&apos;
  ]
}

Node.js v20.3.1
" type="Error"><![CDATA[Error: Command failed: bit init
node:internal/modules/cjs/loader:1075
  throw err;
  ^

Error: Cannot find module '../node_modules/@teambit/bit/dist/app'
Require stack:
- /Users/nitsancohen/.bvm/versions/0.2.29/bit-0.2.29/node_modules/@teambit/legacy/bin/bit.js
    at Module._resolveFilename (node:internal/modules/cjs/loader:1072:15)
    at Module._load (node:internal/modules/cjs/loader:925:27)
    at Module.require (node:internal/modules/cjs/loader:1139:19)
    at require (node:internal/modules/helpers:121:18)
    at Object.<anonymous> (/Users/nitsancohen/.bvm/versions/0.2.29/bit-0.2.29/node_modules/@teambit/legacy/bin/bit.js:3:1)
    at Module._compile (node:internal/modules/cjs/loader:1257:14)
    at Module._extensions..js (node:internal/modules/cjs/loader:1311:10)
    at Module.load (node:internal/modules/cjs/loader:1115:32)
    at Module._load (node:internal/modules/cjs/loader:962:12)
    at Function.executeUserEntryPoint [as runMain] (node:internal/modules/run_main:83:12) {
  code: 'MODULE_NOT_FOUND',
  requireStack: [
    '/Users/nitsancohen/.bvm/versions/0.2.29/bit-0.2.29/node_modules/@teambit/legacy/bin/bit.js'
  ]
}

Node.js v20.3.1

    at checkExecSyncError (node:child_process:885:11)
    at Object.execSync (node:child_process:957:15)
    at CommandHelper.runCmd (src/e2e-helper/e2e-command-helper.ts:64:22)
    at ScopeHelper.initWorkspace (src/e2e-helper/e2e-scope-helper.ts:126:25)
    at ScopeHelper.reInitLocalScope (src/e2e-helper/e2e-scope-helper.ts:87:10)
    at ScopeHelper.setNewLocalAndRemoteScopes (src/e2e-helper/e2e-scope-helper.ts:141:10)
    at Context.<anonymous> (e2e/harmony/out-of-sync-components-harmony.e2e.ts:108:26)
    at processImmediate (node:internal/timers:478:21)]]></failure>
    </testcase>
  </testsuite>
  <testsuite name="package manager rc file is read from the workspace directory when installation is in a capsule" timestamp="2023-08-21T21:40:47" tests="0" file="/Users/nitsancohen/coding/my-bit/bit/e2e/harmony/pkg-manager-config.e2e.ts" time="0.0610" failures="2">
    <testcase name="package manager rc file is read from the workspace directory when installation is in a capsule &quot;before all&quot; hook in &quot;package manager rc file is read from the workspace directory when installation is in a capsule&quot;" time="0.0610" classname="&quot;before all&quot; hook in &quot;package manager rc file is read from the workspace directory when installation is in a capsule&quot;">
      <failure message="Command failed: bit init
node:internal/modules/cjs/loader:1075
  throw err;
  ^

Error: Cannot find module &apos;../node_modules/@teambit/bit/dist/app&apos;
Require stack:
- /Users/nitsancohen/.bvm/versions/0.2.29/bit-0.2.29/node_modules/@teambit/legacy/bin/bit.js
    at Module._resolveFilename (node:internal/modules/cjs/loader:1072:15)
    at Module._load (node:internal/modules/cjs/loader:925:27)
    at Module.require (node:internal/modules/cjs/loader:1139:19)
    at require (node:internal/modules/helpers:121:18)
    at Object.&lt;anonymous&gt; (/Users/nitsancohen/.bvm/versions/0.2.29/bit-0.2.29/node_modules/@teambit/legacy/bin/bit.js:3:1)
    at Module._compile (node:internal/modules/cjs/loader:1257:14)
    at Module._extensions..js (node:internal/modules/cjs/loader:1311:10)
    at Module.load (node:internal/modules/cjs/loader:1115:32)
    at Module._load (node:internal/modules/cjs/loader:962:12)
    at Function.executeUserEntryPoint [as runMain] (node:internal/modules/run_main:83:12) {
  code: &apos;MODULE_NOT_FOUND&apos;,
  requireStack: [
    &apos;/Users/nitsancohen/.bvm/versions/0.2.29/bit-0.2.29/node_modules/@teambit/legacy/bin/bit.js&apos;
  ]
}

Node.js v20.3.1
" type="Error"><![CDATA[Error: Command failed: bit init
node:internal/modules/cjs/loader:1075
  throw err;
  ^

Error: Cannot find module '../node_modules/@teambit/bit/dist/app'
Require stack:
- /Users/nitsancohen/.bvm/versions/0.2.29/bit-0.2.29/node_modules/@teambit/legacy/bin/bit.js
    at Module._resolveFilename (node:internal/modules/cjs/loader:1072:15)
    at Module._load (node:internal/modules/cjs/loader:925:27)
    at Module.require (node:internal/modules/cjs/loader:1139:19)
    at require (node:internal/modules/helpers:121:18)
    at Object.<anonymous> (/Users/nitsancohen/.bvm/versions/0.2.29/bit-0.2.29/node_modules/@teambit/legacy/bin/bit.js:3:1)
    at Module._compile (node:internal/modules/cjs/loader:1257:14)
    at Module._extensions..js (node:internal/modules/cjs/loader:1311:10)
    at Module.load (node:internal/modules/cjs/loader:1115:32)
    at Module._load (node:internal/modules/cjs/loader:962:12)
    at Function.executeUserEntryPoint [as runMain] (node:internal/modules/run_main:83:12) {
  code: 'MODULE_NOT_FOUND',
  requireStack: [
    '/Users/nitsancohen/.bvm/versions/0.2.29/bit-0.2.29/node_modules/@teambit/legacy/bin/bit.js'
  ]
}

Node.js v20.3.1

    at checkExecSyncError (node:child_process:885:11)
    at Object.execSync (node:child_process:957:15)
    at CommandHelper.runCmd (src/e2e-helper/e2e-command-helper.ts:64:22)
    at ScopeHelper.initWorkspace (src/e2e-helper/e2e-scope-helper.ts:126:25)
    at ScopeHelper.reInitLocalScope (src/e2e-helper/e2e-scope-helper.ts:87:10)
    at ScopeHelper.setNewLocalAndRemoteScopes (src/e2e-helper/e2e-scope-helper.ts:141:10)
    at Context.<anonymous> (e2e/harmony/pkg-manager-config.e2e.ts:21:26)
    at processImmediate (node:internal/timers:478:21)]]></failure>
    </testcase>
    <testcase name="package manager rc file is read from the workspace directory when installation is in a capsule &quot;after all&quot; hook in &quot;package manager rc file is read from the workspace directory when installation is in a capsule&quot;" time="0.0000" classname="&quot;after all&quot; hook in &quot;package manager rc file is read from the workspace directory when installation is in a capsule&quot;">
      <failure message="Cannot read properties of undefined (reading &apos;destroy&apos;)" type="TypeError"><![CDATA[TypeError: Cannot read properties of undefined (reading 'destroy')
    at Context.<anonymous> (e2e/harmony/pkg-manager-config.e2e.ts:89:21)
    at processImmediate (node:internal/timers:478:21)]]></failure>
    </testcase>
  </testsuite>
  <testsuite name="bit checkout command" timestamp="2023-08-21T21:40:47" tests="0" file="/Users/nitsancohen/coding/my-bit/bit/e2e/harmony/pkg-manager-errors.e2e.ts" time="0.0600" failures="1">
    <testcase name="bit checkout command &quot;before all&quot; hook in &quot;bit checkout command&quot;" time="0.0600" classname="&quot;before all&quot; hook in &quot;bit checkout command&quot;">
      <failure message="Command failed: bit init
node:internal/modules/cjs/loader:1075
  throw err;
  ^

Error: Cannot find module &apos;../node_modules/@teambit/bit/dist/app&apos;
Require stack:
- /Users/nitsancohen/.bvm/versions/0.2.29/bit-0.2.29/node_modules/@teambit/legacy/bin/bit.js
    at Module._resolveFilename (node:internal/modules/cjs/loader:1072:15)
    at Module._load (node:internal/modules/cjs/loader:925:27)
    at Module.require (node:internal/modules/cjs/loader:1139:19)
    at require (node:internal/modules/helpers:121:18)
    at Object.&lt;anonymous&gt; (/Users/nitsancohen/.bvm/versions/0.2.29/bit-0.2.29/node_modules/@teambit/legacy/bin/bit.js:3:1)
    at Module._compile (node:internal/modules/cjs/loader:1257:14)
    at Module._extensions..js (node:internal/modules/cjs/loader:1311:10)
    at Module.load (node:internal/modules/cjs/loader:1115:32)
    at Module._load (node:internal/modules/cjs/loader:962:12)
    at Function.executeUserEntryPoint [as runMain] (node:internal/modules/run_main:83:12) {
  code: &apos;MODULE_NOT_FOUND&apos;,
  requireStack: [
    &apos;/Users/nitsancohen/.bvm/versions/0.2.29/bit-0.2.29/node_modules/@teambit/legacy/bin/bit.js&apos;
  ]
}

Node.js v20.3.1
" type="Error"><![CDATA[Error: Command failed: bit init
node:internal/modules/cjs/loader:1075
  throw err;
  ^

Error: Cannot find module '../node_modules/@teambit/bit/dist/app'
Require stack:
- /Users/nitsancohen/.bvm/versions/0.2.29/bit-0.2.29/node_modules/@teambit/legacy/bin/bit.js
    at Module._resolveFilename (node:internal/modules/cjs/loader:1072:15)
    at Module._load (node:internal/modules/cjs/loader:925:27)
    at Module.require (node:internal/modules/cjs/loader:1139:19)
    at require (node:internal/modules/helpers:121:18)
    at Object.<anonymous> (/Users/nitsancohen/.bvm/versions/0.2.29/bit-0.2.29/node_modules/@teambit/legacy/bin/bit.js:3:1)
    at Module._compile (node:internal/modules/cjs/loader:1257:14)
    at Module._extensions..js (node:internal/modules/cjs/loader:1311:10)
    at Module.load (node:internal/modules/cjs/loader:1115:32)
    at Module._load (node:internal/modules/cjs/loader:962:12)
    at Function.executeUserEntryPoint [as runMain] (node:internal/modules/run_main:83:12) {
  code: 'MODULE_NOT_FOUND',
  requireStack: [
    '/Users/nitsancohen/.bvm/versions/0.2.29/bit-0.2.29/node_modules/@teambit/legacy/bin/bit.js'
  ]
}

Node.js v20.3.1

    at checkExecSyncError (node:child_process:885:11)
    at Object.execSync (node:child_process:957:15)
    at CommandHelper.runCmd (src/e2e-helper/e2e-command-helper.ts:64:22)
    at ScopeHelper.initWorkspace (src/e2e-helper/e2e-scope-helper.ts:126:25)
    at ScopeHelper.reInitLocalScope (src/e2e-helper/e2e-scope-helper.ts:87:10)
    at Context.<anonymous> (e2e/harmony/pkg-manager-errors.e2e.ts:11:24)
    at processImmediate (node:internal/timers:478:21)]]></failure>
    </testcase>
  </testsuite>
  <testsuite name="pkg extension" timestamp="2023-08-21T21:40:47" tests="0" file="/Users/nitsancohen/coding/my-bit/bit/e2e/harmony/pkg.e2e.ts" time="0.0000" failures="0">
  </testsuite>
  <testsuite name="config added by the user" timestamp="2023-08-21T21:40:47" tests="2" file="/Users/nitsancohen/coding/my-bit/bit/e2e/harmony/pkg.e2e.ts" time="0.0600" failures="1">
    <testcase name="pkg extension config added by the user &quot;before all&quot; hook for &quot;should have the updated config in the package.json of the configured component in capsule&quot;" time="0.0600" classname="&quot;before all&quot; hook for &quot;should have the updated config in the package.json of the configured component in capsule&quot;">
      <failure message="Command failed: bit init
node:internal/modules/cjs/loader:1075
  throw err;
  ^

Error: Cannot find module &apos;../node_modules/@teambit/bit/dist/app&apos;
Require stack:
- /Users/nitsancohen/.bvm/versions/0.2.29/bit-0.2.29/node_modules/@teambit/legacy/bin/bit.js
    at Module._resolveFilename (node:internal/modules/cjs/loader:1072:15)
    at Module._load (node:internal/modules/cjs/loader:925:27)
    at Module.require (node:internal/modules/cjs/loader:1139:19)
    at require (node:internal/modules/helpers:121:18)
    at Object.&lt;anonymous&gt; (/Users/nitsancohen/.bvm/versions/0.2.29/bit-0.2.29/node_modules/@teambit/legacy/bin/bit.js:3:1)
    at Module._compile (node:internal/modules/cjs/loader:1257:14)
    at Module._extensions..js (node:internal/modules/cjs/loader:1311:10)
    at Module.load (node:internal/modules/cjs/loader:1115:32)
    at Module._load (node:internal/modules/cjs/loader:962:12)
    at Function.executeUserEntryPoint [as runMain] (node:internal/modules/run_main:83:12) {
  code: &apos;MODULE_NOT_FOUND&apos;,
  requireStack: [
    &apos;/Users/nitsancohen/.bvm/versions/0.2.29/bit-0.2.29/node_modules/@teambit/legacy/bin/bit.js&apos;
  ]
}

Node.js v20.3.1
" type="Error"><![CDATA[Error: Command failed: bit init
node:internal/modules/cjs/loader:1075
  throw err;
  ^

Error: Cannot find module '../node_modules/@teambit/bit/dist/app'
Require stack:
- /Users/nitsancohen/.bvm/versions/0.2.29/bit-0.2.29/node_modules/@teambit/legacy/bin/bit.js
    at Module._resolveFilename (node:internal/modules/cjs/loader:1072:15)
    at Module._load (node:internal/modules/cjs/loader:925:27)
    at Module.require (node:internal/modules/cjs/loader:1139:19)
    at require (node:internal/modules/helpers:121:18)
    at Object.<anonymous> (/Users/nitsancohen/.bvm/versions/0.2.29/bit-0.2.29/node_modules/@teambit/legacy/bin/bit.js:3:1)
    at Module._compile (node:internal/modules/cjs/loader:1257:14)
    at Module._extensions..js (node:internal/modules/cjs/loader:1311:10)
    at Module.load (node:internal/modules/cjs/loader:1115:32)
    at Module._load (node:internal/modules/cjs/loader:962:12)
    at Function.executeUserEntryPoint [as runMain] (node:internal/modules/run_main:83:12) {
  code: 'MODULE_NOT_FOUND',
  requireStack: [
    '/Users/nitsancohen/.bvm/versions/0.2.29/bit-0.2.29/node_modules/@teambit/legacy/bin/bit.js'
  ]
}

Node.js v20.3.1

    at checkExecSyncError (node:child_process:885:11)
    at Object.execSync (node:child_process:957:15)
    at CommandHelper.runCmd (src/e2e-helper/e2e-command-helper.ts:64:22)
    at ScopeHelper.initWorkspace (src/e2e-helper/e2e-scope-helper.ts:126:25)
    at ScopeHelper.reInitLocalScope (src/e2e-helper/e2e-scope-helper.ts:87:10)
    at ScopeHelper.setNewLocalAndRemoteScopes (src/e2e-helper/e2e-scope-helper.ts:141:10)
    at Context.<anonymous> (e2e/harmony/pkg.e2e.ts:27:26)
    at processImmediate (node:internal/timers:478:21)]]></failure>
    </testcase>
  </testsuite>
  <testsuite name="config added by extension" timestamp="2023-08-21T21:40:47" tests="0" file="/Users/nitsancohen/coding/my-bit/bit/e2e/harmony/pkg.e2e.ts" time="0.0600" failures="1">
    <testcase name="pkg extension config added by extension &quot;before all&quot; hook in &quot;config added by extension&quot;" time="0.0600" classname="&quot;before all&quot; hook in &quot;config added by extension&quot;">
      <failure message="Command failed: bit init
node:internal/modules/cjs/loader:1075
  throw err;
  ^

Error: Cannot find module &apos;../node_modules/@teambit/bit/dist/app&apos;
Require stack:
- /Users/nitsancohen/.bvm/versions/0.2.29/bit-0.2.29/node_modules/@teambit/legacy/bin/bit.js
    at Module._resolveFilename (node:internal/modules/cjs/loader:1072:15)
    at Module._load (node:internal/modules/cjs/loader:925:27)
    at Module.require (node:internal/modules/cjs/loader:1139:19)
    at require (node:internal/modules/helpers:121:18)
    at Object.&lt;anonymous&gt; (/Users/nitsancohen/.bvm/versions/0.2.29/bit-0.2.29/node_modules/@teambit/legacy/bin/bit.js:3:1)
    at Module._compile (node:internal/modules/cjs/loader:1257:14)
    at Module._extensions..js (node:internal/modules/cjs/loader:1311:10)
    at Module.load (node:internal/modules/cjs/loader:1115:32)
    at Module._load (node:internal/modules/cjs/loader:962:12)
    at Function.executeUserEntryPoint [as runMain] (node:internal/modules/run_main:83:12) {
  code: &apos;MODULE_NOT_FOUND&apos;,
  requireStack: [
    &apos;/Users/nitsancohen/.bvm/versions/0.2.29/bit-0.2.29/node_modules/@teambit/legacy/bin/bit.js&apos;
  ]
}

Node.js v20.3.1
" type="Error"><![CDATA[Error: Command failed: bit init
node:internal/modules/cjs/loader:1075
  throw err;
  ^

Error: Cannot find module '../node_modules/@teambit/bit/dist/app'
Require stack:
- /Users/nitsancohen/.bvm/versions/0.2.29/bit-0.2.29/node_modules/@teambit/legacy/bin/bit.js
    at Module._resolveFilename (node:internal/modules/cjs/loader:1072:15)
    at Module._load (node:internal/modules/cjs/loader:925:27)
    at Module.require (node:internal/modules/cjs/loader:1139:19)
    at require (node:internal/modules/helpers:121:18)
    at Object.<anonymous> (/Users/nitsancohen/.bvm/versions/0.2.29/bit-0.2.29/node_modules/@teambit/legacy/bin/bit.js:3:1)
    at Module._compile (node:internal/modules/cjs/loader:1257:14)
    at Module._extensions..js (node:internal/modules/cjs/loader:1311:10)
    at Module.load (node:internal/modules/cjs/loader:1115:32)
    at Module._load (node:internal/modules/cjs/loader:962:12)
    at Function.executeUserEntryPoint [as runMain] (node:internal/modules/run_main:83:12) {
  code: 'MODULE_NOT_FOUND',
  requireStack: [
    '/Users/nitsancohen/.bvm/versions/0.2.29/bit-0.2.29/node_modules/@teambit/legacy/bin/bit.js'
  ]
}

Node.js v20.3.1

    at checkExecSyncError (node:child_process:885:11)
    at Object.execSync (node:child_process:957:15)
    at CommandHelper.runCmd (src/e2e-helper/e2e-command-helper.ts:64:22)
    at ScopeHelper.initWorkspace (src/e2e-helper/e2e-scope-helper.ts:126:25)
    at ScopeHelper.reInitLocalScope (src/e2e-helper/e2e-scope-helper.ts:87:10)
    at Context.<anonymous> (e2e/harmony/pkg.e2e.ts:77:26)
    at processImmediate (node:internal/timers:478:21)]]></failure>
    </testcase>
  </testsuite>
  <testsuite name="pnpm install with default settings" timestamp="2023-08-21T21:40:47" tests="2" file="/Users/nitsancohen/coding/my-bit/bit/e2e/harmony/pnpm-default-hoisting.e2e.ts" time="0.0610" failures="1">
    <testcase name="pnpm install with default settings &quot;before all&quot; hook for &quot;should run pnpm with hoist-pattern=*&quot;" time="0.0610" classname="&quot;before all&quot; hook for &quot;should run pnpm with hoist-pattern=*&quot;">
      <failure message="Command failed: bit init
node:internal/modules/cjs/loader:1075
  throw err;
  ^

Error: Cannot find module &apos;../node_modules/@teambit/bit/dist/app&apos;
Require stack:
- /Users/nitsancohen/.bvm/versions/0.2.29/bit-0.2.29/node_modules/@teambit/legacy/bin/bit.js
    at Module._resolveFilename (node:internal/modules/cjs/loader:1072:15)
    at Module._load (node:internal/modules/cjs/loader:925:27)
    at Module.require (node:internal/modules/cjs/loader:1139:19)
    at require (node:internal/modules/helpers:121:18)
    at Object.&lt;anonymous&gt; (/Users/nitsancohen/.bvm/versions/0.2.29/bit-0.2.29/node_modules/@teambit/legacy/bin/bit.js:3:1)
    at Module._compile (node:internal/modules/cjs/loader:1257:14)
    at Module._extensions..js (node:internal/modules/cjs/loader:1311:10)
    at Module.load (node:internal/modules/cjs/loader:1115:32)
    at Module._load (node:internal/modules/cjs/loader:962:12)
    at Function.executeUserEntryPoint [as runMain] (node:internal/modules/run_main:83:12) {
  code: &apos;MODULE_NOT_FOUND&apos;,
  requireStack: [
    &apos;/Users/nitsancohen/.bvm/versions/0.2.29/bit-0.2.29/node_modules/@teambit/legacy/bin/bit.js&apos;
  ]
}

Node.js v20.3.1
" type="Error"><![CDATA[Error: Command failed: bit init
node:internal/modules/cjs/loader:1075
  throw err;
  ^

Error: Cannot find module '../node_modules/@teambit/bit/dist/app'
Require stack:
- /Users/nitsancohen/.bvm/versions/0.2.29/bit-0.2.29/node_modules/@teambit/legacy/bin/bit.js
    at Module._resolveFilename (node:internal/modules/cjs/loader:1072:15)
    at Module._load (node:internal/modules/cjs/loader:925:27)
    at Module.require (node:internal/modules/cjs/loader:1139:19)
    at require (node:internal/modules/helpers:121:18)
    at Object.<anonymous> (/Users/nitsancohen/.bvm/versions/0.2.29/bit-0.2.29/node_modules/@teambit/legacy/bin/bit.js:3:1)
    at Module._compile (node:internal/modules/cjs/loader:1257:14)
    at Module._extensions..js (node:internal/modules/cjs/loader:1311:10)
    at Module.load (node:internal/modules/cjs/loader:1115:32)
    at Module._load (node:internal/modules/cjs/loader:962:12)
    at Function.executeUserEntryPoint [as runMain] (node:internal/modules/run_main:83:12) {
  code: 'MODULE_NOT_FOUND',
  requireStack: [
    '/Users/nitsancohen/.bvm/versions/0.2.29/bit-0.2.29/node_modules/@teambit/legacy/bin/bit.js'
  ]
}

Node.js v20.3.1

    at checkExecSyncError (node:child_process:885:11)
    at Object.execSync (node:child_process:957:15)
    at CommandHelper.runCmd (src/e2e-helper/e2e-command-helper.ts:64:22)
    at ScopeHelper.initWorkspace (src/e2e-helper/e2e-scope-helper.ts:126:25)
    at ScopeHelper.reInitLocalScope (src/e2e-helper/e2e-scope-helper.ts:87:10)
    at Context.<anonymous> (e2e/harmony/pnpm-default-hoisting.e2e.ts:12:24)
    at processImmediate (node:internal/timers:478:21)]]></failure>
    </testcase>
  </testsuite>
  <testsuite name="preview feature (during build)" timestamp="2023-08-21T21:40:47" tests="0" file="/Users/nitsancohen/coding/my-bit/bit/e2e/harmony/preview.e2e.ts" time="0.0000" failures="0">
  </testsuite>
  <testsuite name="jsx component" timestamp="2023-08-21T21:40:47" tests="1" file="/Users/nitsancohen/coding/my-bit/bit/e2e/harmony/preview.e2e.ts" time="0.0600" failures="1">
    <testcase name="preview feature (during build) jsx component &quot;before all&quot; hook for &quot;bit build should run successfully without preview errors&quot;" time="0.0600" classname="&quot;before all&quot; hook for &quot;bit build should run successfully without preview errors&quot;">
      <failure message="Command failed: bit init
node:internal/modules/cjs/loader:1075
  throw err;
  ^

Error: Cannot find module &apos;../node_modules/@teambit/bit/dist/app&apos;
Require stack:
- /Users/nitsancohen/.bvm/versions/0.2.29/bit-0.2.29/node_modules/@teambit/legacy/bin/bit.js
    at Module._resolveFilename (node:internal/modules/cjs/loader:1072:15)
    at Module._load (node:internal/modules/cjs/loader:925:27)
    at Module.require (node:internal/modules/cjs/loader:1139:19)
    at require (node:internal/modules/helpers:121:18)
    at Object.&lt;anonymous&gt; (/Users/nitsancohen/.bvm/versions/0.2.29/bit-0.2.29/node_modules/@teambit/legacy/bin/bit.js:3:1)
    at Module._compile (node:internal/modules/cjs/loader:1257:14)
    at Module._extensions..js (node:internal/modules/cjs/loader:1311:10)
    at Module.load (node:internal/modules/cjs/loader:1115:32)
    at Module._load (node:internal/modules/cjs/loader:962:12)
    at Function.executeUserEntryPoint [as runMain] (node:internal/modules/run_main:83:12) {
  code: &apos;MODULE_NOT_FOUND&apos;,
  requireStack: [
    &apos;/Users/nitsancohen/.bvm/versions/0.2.29/bit-0.2.29/node_modules/@teambit/legacy/bin/bit.js&apos;
  ]
}

Node.js v20.3.1
" type="Error"><![CDATA[Error: Command failed: bit init
node:internal/modules/cjs/loader:1075
  throw err;
  ^

Error: Cannot find module '../node_modules/@teambit/bit/dist/app'
Require stack:
- /Users/nitsancohen/.bvm/versions/0.2.29/bit-0.2.29/node_modules/@teambit/legacy/bin/bit.js
    at Module._resolveFilename (node:internal/modules/cjs/loader:1072:15)
    at Module._load (node:internal/modules/cjs/loader:925:27)
    at Module.require (node:internal/modules/cjs/loader:1139:19)
    at require (node:internal/modules/helpers:121:18)
    at Object.<anonymous> (/Users/nitsancohen/.bvm/versions/0.2.29/bit-0.2.29/node_modules/@teambit/legacy/bin/bit.js:3:1)
    at Module._compile (node:internal/modules/cjs/loader:1257:14)
    at Module._extensions..js (node:internal/modules/cjs/loader:1311:10)
    at Module.load (node:internal/modules/cjs/loader:1115:32)
    at Module._load (node:internal/modules/cjs/loader:962:12)
    at Function.executeUserEntryPoint [as runMain] (node:internal/modules/run_main:83:12) {
  code: 'MODULE_NOT_FOUND',
  requireStack: [
    '/Users/nitsancohen/.bvm/versions/0.2.29/bit-0.2.29/node_modules/@teambit/legacy/bin/bit.js'
  ]
}

Node.js v20.3.1

    at checkExecSyncError (node:child_process:885:11)
    at Object.execSync (node:child_process:957:15)
    at CommandHelper.runCmd (src/e2e-helper/e2e-command-helper.ts:64:22)
    at ScopeHelper.initWorkspace (src/e2e-helper/e2e-scope-helper.ts:126:25)
    at ScopeHelper.reInitLocalScope (src/e2e-helper/e2e-scope-helper.ts:87:10)
    at ScopeHelper.setNewLocalAndRemoteScopes (src/e2e-helper/e2e-scope-helper.ts:141:10)
    at Context.<anonymous> (e2e/harmony/preview.e2e.ts:19:26)
    at processImmediate (node:internal/timers:478:21)]]></failure>
    </testcase>
  </testsuite>
  <testsuite name="publish functionality" timestamp="2023-08-21T21:40:47" tests="0" file="/Users/nitsancohen/coding/my-bit/bit/e2e/harmony/publish.e2e.4.ts" time="0.0000" failures="0">
  </testsuite>
  <testsuite name="workspace with TS components" timestamp="2023-08-21T21:40:47" tests="0" file="/Users/nitsancohen/coding/my-bit/bit/e2e/harmony/publish.e2e.4.ts" time="0.0590" failures="1">
    <testcase name="publish functionality workspace with TS components &quot;before all&quot; hook in &quot;workspace with TS components&quot;" time="0.0590" classname="&quot;before all&quot; hook in &quot;workspace with TS components&quot;">
      <failure message="Command failed: bit init
node:internal/modules/cjs/loader:1075
  throw err;
  ^

Error: Cannot find module &apos;../node_modules/@teambit/bit/dist/app&apos;
Require stack:
- /Users/nitsancohen/.bvm/versions/0.2.29/bit-0.2.29/node_modules/@teambit/legacy/bin/bit.js
    at Module._resolveFilename (node:internal/modules/cjs/loader:1072:15)
    at Module._load (node:internal/modules/cjs/loader:925:27)
    at Module.require (node:internal/modules/cjs/loader:1139:19)
    at require (node:internal/modules/helpers:121:18)
    at Object.&lt;anonymous&gt; (/Users/nitsancohen/.bvm/versions/0.2.29/bit-0.2.29/node_modules/@teambit/legacy/bin/bit.js:3:1)
    at Module._compile (node:internal/modules/cjs/loader:1257:14)
    at Module._extensions..js (node:internal/modules/cjs/loader:1311:10)
    at Module.load (node:internal/modules/cjs/loader:1115:32)
    at Module._load (node:internal/modules/cjs/loader:962:12)
    at Function.executeUserEntryPoint [as runMain] (node:internal/modules/run_main:83:12) {
  code: &apos;MODULE_NOT_FOUND&apos;,
  requireStack: [
    &apos;/Users/nitsancohen/.bvm/versions/0.2.29/bit-0.2.29/node_modules/@teambit/legacy/bin/bit.js&apos;
  ]
}

Node.js v20.3.1
" type="Error"><![CDATA[Error: Command failed: bit init
node:internal/modules/cjs/loader:1075
  throw err;
  ^

Error: Cannot find module '../node_modules/@teambit/bit/dist/app'
Require stack:
- /Users/nitsancohen/.bvm/versions/0.2.29/bit-0.2.29/node_modules/@teambit/legacy/bin/bit.js
    at Module._resolveFilename (node:internal/modules/cjs/loader:1072:15)
    at Module._load (node:internal/modules/cjs/loader:925:27)
    at Module.require (node:internal/modules/cjs/loader:1139:19)
    at require (node:internal/modules/helpers:121:18)
    at Object.<anonymous> (/Users/nitsancohen/.bvm/versions/0.2.29/bit-0.2.29/node_modules/@teambit/legacy/bin/bit.js:3:1)
    at Module._compile (node:internal/modules/cjs/loader:1257:14)
    at Module._extensions..js (node:internal/modules/cjs/loader:1311:10)
    at Module.load (node:internal/modules/cjs/loader:1115:32)
    at Module._load (node:internal/modules/cjs/loader:962:12)
    at Function.executeUserEntryPoint [as runMain] (node:internal/modules/run_main:83:12) {
  code: 'MODULE_NOT_FOUND',
  requireStack: [
    '/Users/nitsancohen/.bvm/versions/0.2.29/bit-0.2.29/node_modules/@teambit/legacy/bin/bit.js'
  ]
}

Node.js v20.3.1

    at checkExecSyncError (node:child_process:885:11)
    at Object.execSync (node:child_process:957:15)
    at CommandHelper.runCmd (src/e2e-helper/e2e-command-helper.ts:64:22)
    at ScopeHelper.initWorkspace (src/e2e-helper/e2e-scope-helper.ts:126:25)
    at ScopeHelper.reInitLocalScope (src/e2e-helper/e2e-scope-helper.ts:87:10)
    at ScopeHelper.setNewLocalAndRemoteScopes (src/e2e-helper/e2e-scope-helper.ts:141:10)
    at Context.<anonymous> (e2e/harmony/publish.e2e.4.ts:25:26)
    at processImmediate (node:internal/timers:478:21)]]></failure>
    </testcase>
  </testsuite>
  <testsuite name="with custom package name" timestamp="2023-08-21T21:40:47" tests="1" file="/Users/nitsancohen/coding/my-bit/bit/e2e/harmony/publish.e2e.4.ts" time="0.5050" failures="2">
    <testcase name="publish functionality with custom package name &quot;before all&quot; hook for &quot;should publish them successfully&quot;" time="0.5050" classname="&quot;before all&quot; hook for &quot;should publish them successfully&quot;">
      <failure message="Command failed: bit init
node:internal/modules/cjs/loader:1075
  throw err;
  ^

Error: Cannot find module &apos;../node_modules/@teambit/bit/dist/app&apos;
Require stack:
- /Users/nitsancohen/.bvm/versions/0.2.29/bit-0.2.29/node_modules/@teambit/legacy/bin/bit.js
    at Module._resolveFilename (node:internal/modules/cjs/loader:1072:15)
    at Module._load (node:internal/modules/cjs/loader:925:27)
    at Module.require (node:internal/modules/cjs/loader:1139:19)
    at require (node:internal/modules/helpers:121:18)
    at Object.&lt;anonymous&gt; (/Users/nitsancohen/.bvm/versions/0.2.29/bit-0.2.29/node_modules/@teambit/legacy/bin/bit.js:3:1)
    at Module._compile (node:internal/modules/cjs/loader:1257:14)
    at Module._extensions..js (node:internal/modules/cjs/loader:1311:10)
    at Module.load (node:internal/modules/cjs/loader:1115:32)
    at Module._load (node:internal/modules/cjs/loader:962:12)
    at Function.executeUserEntryPoint [as runMain] (node:internal/modules/run_main:83:12) {
  code: &apos;MODULE_NOT_FOUND&apos;,
  requireStack: [
    &apos;/Users/nitsancohen/.bvm/versions/0.2.29/bit-0.2.29/node_modules/@teambit/legacy/bin/bit.js&apos;
  ]
}

Node.js v20.3.1
" type="Error"><![CDATA[Error: Command failed: bit init
node:internal/modules/cjs/loader:1075
  throw err;
  ^

Error: Cannot find module '../node_modules/@teambit/bit/dist/app'
Require stack:
- /Users/nitsancohen/.bvm/versions/0.2.29/bit-0.2.29/node_modules/@teambit/legacy/bin/bit.js
    at Module._resolveFilename (node:internal/modules/cjs/loader:1072:15)
    at Module._load (node:internal/modules/cjs/loader:925:27)
    at Module.require (node:internal/modules/cjs/loader:1139:19)
    at require (node:internal/modules/helpers:121:18)
    at Object.<anonymous> (/Users/nitsancohen/.bvm/versions/0.2.29/bit-0.2.29/node_modules/@teambit/legacy/bin/bit.js:3:1)
    at Module._compile (node:internal/modules/cjs/loader:1257:14)
    at Module._extensions..js (node:internal/modules/cjs/loader:1311:10)
    at Module.load (node:internal/modules/cjs/loader:1115:32)
    at Module._load (node:internal/modules/cjs/loader:962:12)
    at Function.executeUserEntryPoint [as runMain] (node:internal/modules/run_main:83:12) {
  code: 'MODULE_NOT_FOUND',
  requireStack: [
    '/Users/nitsancohen/.bvm/versions/0.2.29/bit-0.2.29/node_modules/@teambit/legacy/bin/bit.js'
  ]
}

Node.js v20.3.1

    at checkExecSyncError (node:child_process:885:11)
    at Object.execSync (node:child_process:957:15)
    at CommandHelper.runCmd (src/e2e-helper/e2e-command-helper.ts:64:22)
    at ScopeHelper.initWorkspace (src/e2e-helper/e2e-scope-helper.ts:126:25)
    at ScopeHelper.reInitLocalScope (src/e2e-helper/e2e-scope-helper.ts:87:10)
    at ScopeHelper.setNewLocalAndRemoteScopes (src/e2e-helper/e2e-scope-helper.ts:141:10)
    at Context.<anonymous> (e2e/harmony/publish.e2e.4.ts:112:26)
    at processImmediate (node:internal/timers:478:21)]]></failure>
    </testcase>
    <testcase name="publish functionality with custom package name &quot;after all&quot; hook for &quot;should publish them successfully&quot;" time="0.0000" classname="&quot;after all&quot; hook for &quot;should publish them successfully&quot;">
      <failure message="Cannot read properties of undefined (reading &apos;kill&apos;)" type="TypeError"><![CDATA[TypeError: Cannot read properties of undefined (reading 'kill')
    at NpmCiRegistry.destroy (e2e/npm-ci-registry.ts:55:25)
    at Context.<anonymous> (e2e/harmony/publish.e2e.4.ts:125:21)
    at processImmediate (node:internal/timers:478:21)]]></failure>
    </testcase>
  </testsuite>
  <testsuite name="prevent publishing to npm when custom-package-name is needed" timestamp="2023-08-21T21:40:48" tests="1" file="/Users/nitsancohen/coding/my-bit/bit/e2e/harmony/publish.e2e.4.ts" time="0.0600" failures="1">
    <testcase name="publish functionality prevent publishing to npm when custom-package-name is needed &quot;before all&quot; hook for &quot;should not publish to npm&quot;" time="0.0600" classname="&quot;before all&quot; hook for &quot;should not publish to npm&quot;">
      <failure message="Command failed: bit init
node:internal/modules/cjs/loader:1075
  throw err;
  ^

Error: Cannot find module &apos;../node_modules/@teambit/bit/dist/app&apos;
Require stack:
- /Users/nitsancohen/.bvm/versions/0.2.29/bit-0.2.29/node_modules/@teambit/legacy/bin/bit.js
    at Module._resolveFilename (node:internal/modules/cjs/loader:1072:15)
    at Module._load (node:internal/modules/cjs/loader:925:27)
    at Module.require (node:internal/modules/cjs/loader:1139:19)
    at require (node:internal/modules/helpers:121:18)
    at Object.&lt;anonymous&gt; (/Users/nitsancohen/.bvm/versions/0.2.29/bit-0.2.29/node_modules/@teambit/legacy/bin/bit.js:3:1)
    at Module._compile (node:internal/modules/cjs/loader:1257:14)
    at Module._extensions..js (node:internal/modules/cjs/loader:1311:10)
    at Module.load (node:internal/modules/cjs/loader:1115:32)
    at Module._load (node:internal/modules/cjs/loader:962:12)
    at Function.executeUserEntryPoint [as runMain] (node:internal/modules/run_main:83:12) {
  code: &apos;MODULE_NOT_FOUND&apos;,
  requireStack: [
    &apos;/Users/nitsancohen/.bvm/versions/0.2.29/bit-0.2.29/node_modules/@teambit/legacy/bin/bit.js&apos;
  ]
}

Node.js v20.3.1
" type="Error"><![CDATA[Error: Command failed: bit init
node:internal/modules/cjs/loader:1075
  throw err;
  ^

Error: Cannot find module '../node_modules/@teambit/bit/dist/app'
Require stack:
- /Users/nitsancohen/.bvm/versions/0.2.29/bit-0.2.29/node_modules/@teambit/legacy/bin/bit.js
    at Module._resolveFilename (node:internal/modules/cjs/loader:1072:15)
    at Module._load (node:internal/modules/cjs/loader:925:27)
    at Module.require (node:internal/modules/cjs/loader:1139:19)
    at require (node:internal/modules/helpers:121:18)
    at Object.<anonymous> (/Users/nitsancohen/.bvm/versions/0.2.29/bit-0.2.29/node_modules/@teambit/legacy/bin/bit.js:3:1)
    at Module._compile (node:internal/modules/cjs/loader:1257:14)
    at Module._extensions..js (node:internal/modules/cjs/loader:1311:10)
    at Module.load (node:internal/modules/cjs/loader:1115:32)
    at Module._load (node:internal/modules/cjs/loader:962:12)
    at Function.executeUserEntryPoint [as runMain] (node:internal/modules/run_main:83:12) {
  code: 'MODULE_NOT_FOUND',
  requireStack: [
    '/Users/nitsancohen/.bvm/versions/0.2.29/bit-0.2.29/node_modules/@teambit/legacy/bin/bit.js'
  ]
}

Node.js v20.3.1

    at checkExecSyncError (node:child_process:885:11)
    at Object.execSync (node:child_process:957:15)
    at CommandHelper.runCmd (src/e2e-helper/e2e-command-helper.ts:64:22)
    at ScopeHelper.initWorkspace (src/e2e-helper/e2e-scope-helper.ts:126:25)
    at ScopeHelper.reInitLocalScope (src/e2e-helper/e2e-scope-helper.ts:87:10)
    at ScopeHelper.setNewLocalAndRemoteScopes (src/e2e-helper/e2e-scope-helper.ts:141:10)
    at Context.<anonymous> (e2e/harmony/publish.e2e.4.ts:156:26)
    at processImmediate (node:internal/timers:478:21)]]></failure>
    </testcase>
  </testsuite>
  <testsuite name="readme env" timestamp="2023-08-21T21:40:48" tests="0" file="/Users/nitsancohen/coding/my-bit/bit/e2e/harmony/readme-env.e2e.ts" time="0.0000" failures="0">
  </testsuite>
  <testsuite name="set readme env" timestamp="2023-08-21T21:40:48" tests="2" file="/Users/nitsancohen/coding/my-bit/bit/e2e/harmony/readme-env.e2e.ts" time="0.0600" failures="1">
    <testcase name="readme env set readme env &quot;before all&quot; hook for &quot;should not identify the .docs. file as the docs file&quot;" time="0.0600" classname="&quot;before all&quot; hook for &quot;should not identify the .docs. file as the docs file&quot;">
      <failure message="Command failed: bit init
node:internal/modules/cjs/loader:1075
  throw err;
  ^

Error: Cannot find module &apos;../node_modules/@teambit/bit/dist/app&apos;
Require stack:
- /Users/nitsancohen/.bvm/versions/0.2.29/bit-0.2.29/node_modules/@teambit/legacy/bin/bit.js
    at Module._resolveFilename (node:internal/modules/cjs/loader:1072:15)
    at Module._load (node:internal/modules/cjs/loader:925:27)
    at Module.require (node:internal/modules/cjs/loader:1139:19)
    at require (node:internal/modules/helpers:121:18)
    at Object.&lt;anonymous&gt; (/Users/nitsancohen/.bvm/versions/0.2.29/bit-0.2.29/node_modules/@teambit/legacy/bin/bit.js:3:1)
    at Module._compile (node:internal/modules/cjs/loader:1257:14)
    at Module._extensions..js (node:internal/modules/cjs/loader:1311:10)
    at Module.load (node:internal/modules/cjs/loader:1115:32)
    at Module._load (node:internal/modules/cjs/loader:962:12)
    at Function.executeUserEntryPoint [as runMain] (node:internal/modules/run_main:83:12) {
  code: &apos;MODULE_NOT_FOUND&apos;,
  requireStack: [
    &apos;/Users/nitsancohen/.bvm/versions/0.2.29/bit-0.2.29/node_modules/@teambit/legacy/bin/bit.js&apos;
  ]
}

Node.js v20.3.1
" type="Error"><![CDATA[Error: Command failed: bit init
node:internal/modules/cjs/loader:1075
  throw err;
  ^

Error: Cannot find module '../node_modules/@teambit/bit/dist/app'
Require stack:
- /Users/nitsancohen/.bvm/versions/0.2.29/bit-0.2.29/node_modules/@teambit/legacy/bin/bit.js
    at Module._resolveFilename (node:internal/modules/cjs/loader:1072:15)
    at Module._load (node:internal/modules/cjs/loader:925:27)
    at Module.require (node:internal/modules/cjs/loader:1139:19)
    at require (node:internal/modules/helpers:121:18)
    at Object.<anonymous> (/Users/nitsancohen/.bvm/versions/0.2.29/bit-0.2.29/node_modules/@teambit/legacy/bin/bit.js:3:1)
    at Module._compile (node:internal/modules/cjs/loader:1257:14)
    at Module._extensions..js (node:internal/modules/cjs/loader:1311:10)
    at Module.load (node:internal/modules/cjs/loader:1115:32)
    at Module._load (node:internal/modules/cjs/loader:962:12)
    at Function.executeUserEntryPoint [as runMain] (node:internal/modules/run_main:83:12) {
  code: 'MODULE_NOT_FOUND',
  requireStack: [
    '/Users/nitsancohen/.bvm/versions/0.2.29/bit-0.2.29/node_modules/@teambit/legacy/bin/bit.js'
  ]
}

Node.js v20.3.1

    at checkExecSyncError (node:child_process:885:11)
    at Object.execSync (node:child_process:957:15)
    at CommandHelper.runCmd (src/e2e-helper/e2e-command-helper.ts:64:22)
    at ScopeHelper.initWorkspace (src/e2e-helper/e2e-scope-helper.ts:126:25)
    at ScopeHelper.reInitLocalScope (src/e2e-helper/e2e-scope-helper.ts:87:10)
    at ScopeHelper.setNewLocalAndRemoteScopes (src/e2e-helper/e2e-scope-helper.ts:141:10)
    at Context.<anonymous> (e2e/harmony/readme-env.e2e.ts:19:26)
    at processImmediate (node:internal/timers:478:21)]]></failure>
    </testcase>
  </testsuite>
  <testsuite name="bit recover command" timestamp="2023-08-21T21:40:48" tests="0" file="/Users/nitsancohen/coding/my-bit/bit/e2e/harmony/recover.e2e.ts" time="0.0000" failures="0">
  </testsuite>
  <testsuite name="recover before snapping" timestamp="2023-08-21T21:40:48" tests="3" file="/Users/nitsancohen/coding/my-bit/bit/e2e/harmony/recover.e2e.ts" time="0.0610" failures="1">
    <testcase name="bit recover command recover before snapping &quot;before all&quot; hook for &quot;bit status should not show a section of removed components&quot;" time="0.0610" classname="&quot;before all&quot; hook for &quot;bit status should not show a section of removed components&quot;">
      <failure message="Command failed: bit init
node:internal/modules/cjs/loader:1075
  throw err;
  ^

Error: Cannot find module &apos;../node_modules/@teambit/bit/dist/app&apos;
Require stack:
- /Users/nitsancohen/.bvm/versions/0.2.29/bit-0.2.29/node_modules/@teambit/legacy/bin/bit.js
    at Module._resolveFilename (node:internal/modules/cjs/loader:1072:15)
    at Module._load (node:internal/modules/cjs/loader:925:27)
    at Module.require (node:internal/modules/cjs/loader:1139:19)
    at require (node:internal/modules/helpers:121:18)
    at Object.&lt;anonymous&gt; (/Users/nitsancohen/.bvm/versions/0.2.29/bit-0.2.29/node_modules/@teambit/legacy/bin/bit.js:3:1)
    at Module._compile (node:internal/modules/cjs/loader:1257:14)
    at Module._extensions..js (node:internal/modules/cjs/loader:1311:10)
    at Module.load (node:internal/modules/cjs/loader:1115:32)
    at Module._load (node:internal/modules/cjs/loader:962:12)
    at Function.executeUserEntryPoint [as runMain] (node:internal/modules/run_main:83:12) {
  code: &apos;MODULE_NOT_FOUND&apos;,
  requireStack: [
    &apos;/Users/nitsancohen/.bvm/versions/0.2.29/bit-0.2.29/node_modules/@teambit/legacy/bin/bit.js&apos;
  ]
}

Node.js v20.3.1
" type="Error"><![CDATA[Error: Command failed: bit init
node:internal/modules/cjs/loader:1075
  throw err;
  ^

Error: Cannot find module '../node_modules/@teambit/bit/dist/app'
Require stack:
- /Users/nitsancohen/.bvm/versions/0.2.29/bit-0.2.29/node_modules/@teambit/legacy/bin/bit.js
    at Module._resolveFilename (node:internal/modules/cjs/loader:1072:15)
    at Module._load (node:internal/modules/cjs/loader:925:27)
    at Module.require (node:internal/modules/cjs/loader:1139:19)
    at require (node:internal/modules/helpers:121:18)
    at Object.<anonymous> (/Users/nitsancohen/.bvm/versions/0.2.29/bit-0.2.29/node_modules/@teambit/legacy/bin/bit.js:3:1)
    at Module._compile (node:internal/modules/cjs/loader:1257:14)
    at Module._extensions..js (node:internal/modules/cjs/loader:1311:10)
    at Module.load (node:internal/modules/cjs/loader:1115:32)
    at Module._load (node:internal/modules/cjs/loader:962:12)
    at Function.executeUserEntryPoint [as runMain] (node:internal/modules/run_main:83:12) {
  code: 'MODULE_NOT_FOUND',
  requireStack: [
    '/Users/nitsancohen/.bvm/versions/0.2.29/bit-0.2.29/node_modules/@teambit/legacy/bin/bit.js'
  ]
}

Node.js v20.3.1

    at checkExecSyncError (node:child_process:885:11)
    at Object.execSync (node:child_process:957:15)
    at CommandHelper.runCmd (src/e2e-helper/e2e-command-helper.ts:64:22)
    at ScopeHelper.initWorkspace (src/e2e-helper/e2e-scope-helper.ts:126:25)
    at ScopeHelper.reInitLocalScope (src/e2e-helper/e2e-scope-helper.ts:87:10)
    at ScopeHelper.setNewLocalAndRemoteScopes (src/e2e-helper/e2e-scope-helper.ts:141:10)
    at Context.<anonymous> (e2e/harmony/recover.e2e.ts:19:26)
    at processImmediate (node:internal/timers:478:21)]]></failure>
    </testcase>
  </testsuite>
  <testsuite name="recover after snapping" timestamp="2023-08-21T21:40:48" tests="4" file="/Users/nitsancohen/coding/my-bit/bit/e2e/harmony/recover.e2e.ts" time="0.0600" failures="1">
    <testcase name="bit recover command recover after snapping &quot;before all&quot; hook for &quot;should put it back in .bitmap file&quot;" time="0.0600" classname="&quot;before all&quot; hook for &quot;should put it back in .bitmap file&quot;">
      <failure message="Command failed: bit init
node:internal/modules/cjs/loader:1075
  throw err;
  ^

Error: Cannot find module &apos;../node_modules/@teambit/bit/dist/app&apos;
Require stack:
- /Users/nitsancohen/.bvm/versions/0.2.29/bit-0.2.29/node_modules/@teambit/legacy/bin/bit.js
    at Module._resolveFilename (node:internal/modules/cjs/loader:1072:15)
    at Module._load (node:internal/modules/cjs/loader:925:27)
    at Module.require (node:internal/modules/cjs/loader:1139:19)
    at require (node:internal/modules/helpers:121:18)
    at Object.&lt;anonymous&gt; (/Users/nitsancohen/.bvm/versions/0.2.29/bit-0.2.29/node_modules/@teambit/legacy/bin/bit.js:3:1)
    at Module._compile (node:internal/modules/cjs/loader:1257:14)
    at Module._extensions..js (node:internal/modules/cjs/loader:1311:10)
    at Module.load (node:internal/modules/cjs/loader:1115:32)
    at Module._load (node:internal/modules/cjs/loader:962:12)
    at Function.executeUserEntryPoint [as runMain] (node:internal/modules/run_main:83:12) {
  code: &apos;MODULE_NOT_FOUND&apos;,
  requireStack: [
    &apos;/Users/nitsancohen/.bvm/versions/0.2.29/bit-0.2.29/node_modules/@teambit/legacy/bin/bit.js&apos;
  ]
}

Node.js v20.3.1
" type="Error"><![CDATA[Error: Command failed: bit init
node:internal/modules/cjs/loader:1075
  throw err;
  ^

Error: Cannot find module '../node_modules/@teambit/bit/dist/app'
Require stack:
- /Users/nitsancohen/.bvm/versions/0.2.29/bit-0.2.29/node_modules/@teambit/legacy/bin/bit.js
    at Module._resolveFilename (node:internal/modules/cjs/loader:1072:15)
    at Module._load (node:internal/modules/cjs/loader:925:27)
    at Module.require (node:internal/modules/cjs/loader:1139:19)
    at require (node:internal/modules/helpers:121:18)
    at Object.<anonymous> (/Users/nitsancohen/.bvm/versions/0.2.29/bit-0.2.29/node_modules/@teambit/legacy/bin/bit.js:3:1)
    at Module._compile (node:internal/modules/cjs/loader:1257:14)
    at Module._extensions..js (node:internal/modules/cjs/loader:1311:10)
    at Module.load (node:internal/modules/cjs/loader:1115:32)
    at Module._load (node:internal/modules/cjs/loader:962:12)
    at Function.executeUserEntryPoint [as runMain] (node:internal/modules/run_main:83:12) {
  code: 'MODULE_NOT_FOUND',
  requireStack: [
    '/Users/nitsancohen/.bvm/versions/0.2.29/bit-0.2.29/node_modules/@teambit/legacy/bin/bit.js'
  ]
}

Node.js v20.3.1

    at checkExecSyncError (node:child_process:885:11)
    at Object.execSync (node:child_process:957:15)
    at CommandHelper.runCmd (src/e2e-helper/e2e-command-helper.ts:64:22)
    at ScopeHelper.initWorkspace (src/e2e-helper/e2e-scope-helper.ts:126:25)
    at ScopeHelper.reInitLocalScope (src/e2e-helper/e2e-scope-helper.ts:87:10)
    at ScopeHelper.setNewLocalAndRemoteScopes (src/e2e-helper/e2e-scope-helper.ts:141:10)
    at Context.<anonymous> (e2e/harmony/recover.e2e.ts:42:26)
    at processImmediate (node:internal/timers:478:21)]]></failure>
    </testcase>
  </testsuite>
  <testsuite name="export the soft-remove component, start a new workspace and recover from there" timestamp="2023-08-21T21:40:48" tests="2" file="/Users/nitsancohen/coding/my-bit/bit/e2e/harmony/recover.e2e.ts" time="0.0600" failures="1">
    <testcase name="bit recover command export the soft-remove component, start a new workspace and recover from there &quot;before all&quot; hook for &quot;should import the component&quot;" time="0.0600" classname="&quot;before all&quot; hook for &quot;should import the component&quot;">
      <failure message="Command failed: bit init
node:internal/modules/cjs/loader:1075
  throw err;
  ^

Error: Cannot find module &apos;../node_modules/@teambit/bit/dist/app&apos;
Require stack:
- /Users/nitsancohen/.bvm/versions/0.2.29/bit-0.2.29/node_modules/@teambit/legacy/bin/bit.js
    at Module._resolveFilename (node:internal/modules/cjs/loader:1072:15)
    at Module._load (node:internal/modules/cjs/loader:925:27)
    at Module.require (node:internal/modules/cjs/loader:1139:19)
    at require (node:internal/modules/helpers:121:18)
    at Object.&lt;anonymous&gt; (/Users/nitsancohen/.bvm/versions/0.2.29/bit-0.2.29/node_modules/@teambit/legacy/bin/bit.js:3:1)
    at Module._compile (node:internal/modules/cjs/loader:1257:14)
    at Module._extensions..js (node:internal/modules/cjs/loader:1311:10)
    at Module.load (node:internal/modules/cjs/loader:1115:32)
    at Module._load (node:internal/modules/cjs/loader:962:12)
    at Function.executeUserEntryPoint [as runMain] (node:internal/modules/run_main:83:12) {
  code: &apos;MODULE_NOT_FOUND&apos;,
  requireStack: [
    &apos;/Users/nitsancohen/.bvm/versions/0.2.29/bit-0.2.29/node_modules/@teambit/legacy/bin/bit.js&apos;
  ]
}

Node.js v20.3.1
" type="Error"><![CDATA[Error: Command failed: bit init
node:internal/modules/cjs/loader:1075
  throw err;
  ^

Error: Cannot find module '../node_modules/@teambit/bit/dist/app'
Require stack:
- /Users/nitsancohen/.bvm/versions/0.2.29/bit-0.2.29/node_modules/@teambit/legacy/bin/bit.js
    at Module._resolveFilename (node:internal/modules/cjs/loader:1072:15)
    at Module._load (node:internal/modules/cjs/loader:925:27)
    at Module.require (node:internal/modules/cjs/loader:1139:19)
    at require (node:internal/modules/helpers:121:18)
    at Object.<anonymous> (/Users/nitsancohen/.bvm/versions/0.2.29/bit-0.2.29/node_modules/@teambit/legacy/bin/bit.js:3:1)
    at Module._compile (node:internal/modules/cjs/loader:1257:14)
    at Module._extensions..js (node:internal/modules/cjs/loader:1311:10)
    at Module.load (node:internal/modules/cjs/loader:1115:32)
    at Module._load (node:internal/modules/cjs/loader:962:12)
    at Function.executeUserEntryPoint [as runMain] (node:internal/modules/run_main:83:12) {
  code: 'MODULE_NOT_FOUND',
  requireStack: [
    '/Users/nitsancohen/.bvm/versions/0.2.29/bit-0.2.29/node_modules/@teambit/legacy/bin/bit.js'
  ]
}

Node.js v20.3.1

    at checkExecSyncError (node:child_process:885:11)
    at Object.execSync (node:child_process:957:15)
    at CommandHelper.runCmd (src/e2e-helper/e2e-command-helper.ts:64:22)
    at ScopeHelper.initWorkspace (src/e2e-helper/e2e-scope-helper.ts:126:25)
    at ScopeHelper.reInitLocalScope (src/e2e-helper/e2e-scope-helper.ts:87:10)
    at ScopeHelper.setNewLocalAndRemoteScopes (src/e2e-helper/e2e-scope-helper.ts:141:10)
    at Context.<anonymous> (e2e/harmony/recover.e2e.ts:71:26)
    at processImmediate (node:internal/timers:478:21)]]></failure>
    </testcase>
  </testsuite>
  <testsuite name="import soft-removed component" timestamp="2023-08-21T21:40:48" tests="2" file="/Users/nitsancohen/coding/my-bit/bit/e2e/harmony/recover.e2e.ts" time="0.0600" failures="1">
    <testcase name="bit recover command import soft-removed component &quot;before all&quot; hook for &quot;bit status should show the component as soft-removed&quot;" time="0.0600" classname="&quot;before all&quot; hook for &quot;bit status should show the component as soft-removed&quot;">
      <failure message="Command failed: bit init
node:internal/modules/cjs/loader:1075
  throw err;
  ^

Error: Cannot find module &apos;../node_modules/@teambit/bit/dist/app&apos;
Require stack:
- /Users/nitsancohen/.bvm/versions/0.2.29/bit-0.2.29/node_modules/@teambit/legacy/bin/bit.js
    at Module._resolveFilename (node:internal/modules/cjs/loader:1072:15)
    at Module._load (node:internal/modules/cjs/loader:925:27)
    at Module.require (node:internal/modules/cjs/loader:1139:19)
    at require (node:internal/modules/helpers:121:18)
    at Object.&lt;anonymous&gt; (/Users/nitsancohen/.bvm/versions/0.2.29/bit-0.2.29/node_modules/@teambit/legacy/bin/bit.js:3:1)
    at Module._compile (node:internal/modules/cjs/loader:1257:14)
    at Module._extensions..js (node:internal/modules/cjs/loader:1311:10)
    at Module.load (node:internal/modules/cjs/loader:1115:32)
    at Module._load (node:internal/modules/cjs/loader:962:12)
    at Function.executeUserEntryPoint [as runMain] (node:internal/modules/run_main:83:12) {
  code: &apos;MODULE_NOT_FOUND&apos;,
  requireStack: [
    &apos;/Users/nitsancohen/.bvm/versions/0.2.29/bit-0.2.29/node_modules/@teambit/legacy/bin/bit.js&apos;
  ]
}

Node.js v20.3.1
" type="Error"><![CDATA[Error: Command failed: bit init
node:internal/modules/cjs/loader:1075
  throw err;
  ^

Error: Cannot find module '../node_modules/@teambit/bit/dist/app'
Require stack:
- /Users/nitsancohen/.bvm/versions/0.2.29/bit-0.2.29/node_modules/@teambit/legacy/bin/bit.js
    at Module._resolveFilename (node:internal/modules/cjs/loader:1072:15)
    at Module._load (node:internal/modules/cjs/loader:925:27)
    at Module.require (node:internal/modules/cjs/loader:1139:19)
    at require (node:internal/modules/helpers:121:18)
    at Object.<anonymous> (/Users/nitsancohen/.bvm/versions/0.2.29/bit-0.2.29/node_modules/@teambit/legacy/bin/bit.js:3:1)
    at Module._compile (node:internal/modules/cjs/loader:1257:14)
    at Module._extensions..js (node:internal/modules/cjs/loader:1311:10)
    at Module.load (node:internal/modules/cjs/loader:1115:32)
    at Module._load (node:internal/modules/cjs/loader:962:12)
    at Function.executeUserEntryPoint [as runMain] (node:internal/modules/run_main:83:12) {
  code: 'MODULE_NOT_FOUND',
  requireStack: [
    '/Users/nitsancohen/.bvm/versions/0.2.29/bit-0.2.29/node_modules/@teambit/legacy/bin/bit.js'
  ]
}

Node.js v20.3.1

    at checkExecSyncError (node:child_process:885:11)
    at Object.execSync (node:child_process:957:15)
    at CommandHelper.runCmd (src/e2e-helper/e2e-command-helper.ts:64:22)
    at ScopeHelper.initWorkspace (src/e2e-helper/e2e-scope-helper.ts:126:25)
    at ScopeHelper.reInitLocalScope (src/e2e-helper/e2e-scope-helper.ts:87:10)
    at ScopeHelper.setNewLocalAndRemoteScopes (src/e2e-helper/e2e-scope-helper.ts:141:10)
    at Context.<anonymous> (e2e/harmony/recover.e2e.ts:98:26)
    at processImmediate (node:internal/timers:478:21)]]></failure>
    </testcase>
  </testsuite>
  <testsuite name="recover on a lane" timestamp="2023-08-21T21:40:48" tests="0" file="/Users/nitsancohen/coding/my-bit/bit/e2e/harmony/recover.e2e.ts" time="0.0000" failures="0">
  </testsuite>
  <testsuite name="recover before snapping" timestamp="2023-08-21T21:40:48" tests="3" file="/Users/nitsancohen/coding/my-bit/bit/e2e/harmony/recover.e2e.ts" time="0.0600" failures="1">
    <testcase name="bit recover command recover on a lane recover before snapping &quot;before all&quot; hook for &quot;bit status should not show a section of removed components&quot;" time="0.0600" classname="&quot;before all&quot; hook for &quot;bit status should not show a section of removed components&quot;">
      <failure message="Command failed: bit init
node:internal/modules/cjs/loader:1075
  throw err;
  ^

Error: Cannot find module &apos;../node_modules/@teambit/bit/dist/app&apos;
Require stack:
- /Users/nitsancohen/.bvm/versions/0.2.29/bit-0.2.29/node_modules/@teambit/legacy/bin/bit.js
    at Module._resolveFilename (node:internal/modules/cjs/loader:1072:15)
    at Module._load (node:internal/modules/cjs/loader:925:27)
    at Module.require (node:internal/modules/cjs/loader:1139:19)
    at require (node:internal/modules/helpers:121:18)
    at Object.&lt;anonymous&gt; (/Users/nitsancohen/.bvm/versions/0.2.29/bit-0.2.29/node_modules/@teambit/legacy/bin/bit.js:3:1)
    at Module._compile (node:internal/modules/cjs/loader:1257:14)
    at Module._extensions..js (node:internal/modules/cjs/loader:1311:10)
    at Module.load (node:internal/modules/cjs/loader:1115:32)
    at Module._load (node:internal/modules/cjs/loader:962:12)
    at Function.executeUserEntryPoint [as runMain] (node:internal/modules/run_main:83:12) {
  code: &apos;MODULE_NOT_FOUND&apos;,
  requireStack: [
    &apos;/Users/nitsancohen/.bvm/versions/0.2.29/bit-0.2.29/node_modules/@teambit/legacy/bin/bit.js&apos;
  ]
}

Node.js v20.3.1
" type="Error"><![CDATA[Error: Command failed: bit init
node:internal/modules/cjs/loader:1075
  throw err;
  ^

Error: Cannot find module '../node_modules/@teambit/bit/dist/app'
Require stack:
- /Users/nitsancohen/.bvm/versions/0.2.29/bit-0.2.29/node_modules/@teambit/legacy/bin/bit.js
    at Module._resolveFilename (node:internal/modules/cjs/loader:1072:15)
    at Module._load (node:internal/modules/cjs/loader:925:27)
    at Module.require (node:internal/modules/cjs/loader:1139:19)
    at require (node:internal/modules/helpers:121:18)
    at Object.<anonymous> (/Users/nitsancohen/.bvm/versions/0.2.29/bit-0.2.29/node_modules/@teambit/legacy/bin/bit.js:3:1)
    at Module._compile (node:internal/modules/cjs/loader:1257:14)
    at Module._extensions..js (node:internal/modules/cjs/loader:1311:10)
    at Module.load (node:internal/modules/cjs/loader:1115:32)
    at Module._load (node:internal/modules/cjs/loader:962:12)
    at Function.executeUserEntryPoint [as runMain] (node:internal/modules/run_main:83:12) {
  code: 'MODULE_NOT_FOUND',
  requireStack: [
    '/Users/nitsancohen/.bvm/versions/0.2.29/bit-0.2.29/node_modules/@teambit/legacy/bin/bit.js'
  ]
}

Node.js v20.3.1

    at checkExecSyncError (node:child_process:885:11)
    at Object.execSync (node:child_process:957:15)
    at CommandHelper.runCmd (src/e2e-helper/e2e-command-helper.ts:64:22)
    at ScopeHelper.initWorkspace (src/e2e-helper/e2e-scope-helper.ts:126:25)
    at ScopeHelper.reInitLocalScope (src/e2e-helper/e2e-scope-helper.ts:87:10)
    at ScopeHelper.setNewLocalAndRemoteScopes (src/e2e-helper/e2e-scope-helper.ts:141:10)
    at Context.<anonymous> (e2e/harmony/recover.e2e.ts:137:28)
    at processImmediate (node:internal/timers:478:21)]]></failure>
    </testcase>
  </testsuite>
  <testsuite name="recover after snapping" timestamp="2023-08-21T21:40:48" tests="4" file="/Users/nitsancohen/coding/my-bit/bit/e2e/harmony/recover.e2e.ts" time="0.0600" failures="1">
    <testcase name="bit recover command recover on a lane recover after snapping &quot;before all&quot; hook for &quot;should put it back in .bitmap file&quot;" time="0.0600" classname="&quot;before all&quot; hook for &quot;should put it back in .bitmap file&quot;">
      <failure message="Command failed: bit init
node:internal/modules/cjs/loader:1075
  throw err;
  ^

Error: Cannot find module &apos;../node_modules/@teambit/bit/dist/app&apos;
Require stack:
- /Users/nitsancohen/.bvm/versions/0.2.29/bit-0.2.29/node_modules/@teambit/legacy/bin/bit.js
    at Module._resolveFilename (node:internal/modules/cjs/loader:1072:15)
    at Module._load (node:internal/modules/cjs/loader:925:27)
    at Module.require (node:internal/modules/cjs/loader:1139:19)
    at require (node:internal/modules/helpers:121:18)
    at Object.&lt;anonymous&gt; (/Users/nitsancohen/.bvm/versions/0.2.29/bit-0.2.29/node_modules/@teambit/legacy/bin/bit.js:3:1)
    at Module._compile (node:internal/modules/cjs/loader:1257:14)
    at Module._extensions..js (node:internal/modules/cjs/loader:1311:10)
    at Module.load (node:internal/modules/cjs/loader:1115:32)
    at Module._load (node:internal/modules/cjs/loader:962:12)
    at Function.executeUserEntryPoint [as runMain] (node:internal/modules/run_main:83:12) {
  code: &apos;MODULE_NOT_FOUND&apos;,
  requireStack: [
    &apos;/Users/nitsancohen/.bvm/versions/0.2.29/bit-0.2.29/node_modules/@teambit/legacy/bin/bit.js&apos;
  ]
}

Node.js v20.3.1
" type="Error"><![CDATA[Error: Command failed: bit init
node:internal/modules/cjs/loader:1075
  throw err;
  ^

Error: Cannot find module '../node_modules/@teambit/bit/dist/app'
Require stack:
- /Users/nitsancohen/.bvm/versions/0.2.29/bit-0.2.29/node_modules/@teambit/legacy/bin/bit.js
    at Module._resolveFilename (node:internal/modules/cjs/loader:1072:15)
    at Module._load (node:internal/modules/cjs/loader:925:27)
    at Module.require (node:internal/modules/cjs/loader:1139:19)
    at require (node:internal/modules/helpers:121:18)
    at Object.<anonymous> (/Users/nitsancohen/.bvm/versions/0.2.29/bit-0.2.29/node_modules/@teambit/legacy/bin/bit.js:3:1)
    at Module._compile (node:internal/modules/cjs/loader:1257:14)
    at Module._extensions..js (node:internal/modules/cjs/loader:1311:10)
    at Module.load (node:internal/modules/cjs/loader:1115:32)
    at Module._load (node:internal/modules/cjs/loader:962:12)
    at Function.executeUserEntryPoint [as runMain] (node:internal/modules/run_main:83:12) {
  code: 'MODULE_NOT_FOUND',
  requireStack: [
    '/Users/nitsancohen/.bvm/versions/0.2.29/bit-0.2.29/node_modules/@teambit/legacy/bin/bit.js'
  ]
}

Node.js v20.3.1

    at checkExecSyncError (node:child_process:885:11)
    at Object.execSync (node:child_process:957:15)
    at CommandHelper.runCmd (src/e2e-helper/e2e-command-helper.ts:64:22)
    at ScopeHelper.initWorkspace (src/e2e-helper/e2e-scope-helper.ts:126:25)
    at ScopeHelper.reInitLocalScope (src/e2e-helper/e2e-scope-helper.ts:87:10)
    at ScopeHelper.setNewLocalAndRemoteScopes (src/e2e-helper/e2e-scope-helper.ts:141:10)
    at Context.<anonymous> (e2e/harmony/recover.e2e.ts:163:28)
    at processImmediate (node:internal/timers:478:21)]]></failure>
    </testcase>
  </testsuite>
  <testsuite name="export the soft-remove component, start a new workspace and recover from there" timestamp="2023-08-21T21:40:48" tests="2" file="/Users/nitsancohen/coding/my-bit/bit/e2e/harmony/recover.e2e.ts" time="0.0600" failures="1">
    <testcase name="bit recover command recover on a lane export the soft-remove component, start a new workspace and recover from there &quot;before all&quot; hook for &quot;should import the component&quot;" time="0.0600" classname="&quot;before all&quot; hook for &quot;should import the component&quot;">
      <failure message="Command failed: bit init
node:internal/modules/cjs/loader:1075
  throw err;
  ^

Error: Cannot find module &apos;../node_modules/@teambit/bit/dist/app&apos;
Require stack:
- /Users/nitsancohen/.bvm/versions/0.2.29/bit-0.2.29/node_modules/@teambit/legacy/bin/bit.js
    at Module._resolveFilename (node:internal/modules/cjs/loader:1072:15)
    at Module._load (node:internal/modules/cjs/loader:925:27)
    at Module.require (node:internal/modules/cjs/loader:1139:19)
    at require (node:internal/modules/helpers:121:18)
    at Object.&lt;anonymous&gt; (/Users/nitsancohen/.bvm/versions/0.2.29/bit-0.2.29/node_modules/@teambit/legacy/bin/bit.js:3:1)
    at Module._compile (node:internal/modules/cjs/loader:1257:14)
    at Module._extensions..js (node:internal/modules/cjs/loader:1311:10)
    at Module.load (node:internal/modules/cjs/loader:1115:32)
    at Module._load (node:internal/modules/cjs/loader:962:12)
    at Function.executeUserEntryPoint [as runMain] (node:internal/modules/run_main:83:12) {
  code: &apos;MODULE_NOT_FOUND&apos;,
  requireStack: [
    &apos;/Users/nitsancohen/.bvm/versions/0.2.29/bit-0.2.29/node_modules/@teambit/legacy/bin/bit.js&apos;
  ]
}

Node.js v20.3.1
" type="Error"><![CDATA[Error: Command failed: bit init
node:internal/modules/cjs/loader:1075
  throw err;
  ^

Error: Cannot find module '../node_modules/@teambit/bit/dist/app'
Require stack:
- /Users/nitsancohen/.bvm/versions/0.2.29/bit-0.2.29/node_modules/@teambit/legacy/bin/bit.js
    at Module._resolveFilename (node:internal/modules/cjs/loader:1072:15)
    at Module._load (node:internal/modules/cjs/loader:925:27)
    at Module.require (node:internal/modules/cjs/loader:1139:19)
    at require (node:internal/modules/helpers:121:18)
    at Object.<anonymous> (/Users/nitsancohen/.bvm/versions/0.2.29/bit-0.2.29/node_modules/@teambit/legacy/bin/bit.js:3:1)
    at Module._compile (node:internal/modules/cjs/loader:1257:14)
    at Module._extensions..js (node:internal/modules/cjs/loader:1311:10)
    at Module.load (node:internal/modules/cjs/loader:1115:32)
    at Module._load (node:internal/modules/cjs/loader:962:12)
    at Function.executeUserEntryPoint [as runMain] (node:internal/modules/run_main:83:12) {
  code: 'MODULE_NOT_FOUND',
  requireStack: [
    '/Users/nitsancohen/.bvm/versions/0.2.29/bit-0.2.29/node_modules/@teambit/legacy/bin/bit.js'
  ]
}

Node.js v20.3.1

    at checkExecSyncError (node:child_process:885:11)
    at Object.execSync (node:child_process:957:15)
    at CommandHelper.runCmd (src/e2e-helper/e2e-command-helper.ts:64:22)
    at ScopeHelper.initWorkspace (src/e2e-helper/e2e-scope-helper.ts:126:25)
    at ScopeHelper.reInitLocalScope (src/e2e-helper/e2e-scope-helper.ts:87:10)
    at ScopeHelper.setNewLocalAndRemoteScopes (src/e2e-helper/e2e-scope-helper.ts:141:10)
    at Context.<anonymous> (e2e/harmony/recover.e2e.ts:193:28)
    at processImmediate (node:internal/timers:478:21)]]></failure>
    </testcase>
  </testsuite>
  <testsuite name="remove after recovering" timestamp="2023-08-21T21:40:48" tests="1" file="/Users/nitsancohen/coding/my-bit/bit/e2e/harmony/recover.e2e.ts" time="0.0600" failures="1">
    <testcase name="bit recover command remove after recovering &quot;before all&quot; hook for &quot;bit show should show the component as removed&quot;" time="0.0600" classname="&quot;before all&quot; hook for &quot;bit show should show the component as removed&quot;">
      <failure message="Command failed: bit init
node:internal/modules/cjs/loader:1075
  throw err;
  ^

Error: Cannot find module &apos;../node_modules/@teambit/bit/dist/app&apos;
Require stack:
- /Users/nitsancohen/.bvm/versions/0.2.29/bit-0.2.29/node_modules/@teambit/legacy/bin/bit.js
    at Module._resolveFilename (node:internal/modules/cjs/loader:1072:15)
    at Module._load (node:internal/modules/cjs/loader:925:27)
    at Module.require (node:internal/modules/cjs/loader:1139:19)
    at require (node:internal/modules/helpers:121:18)
    at Object.&lt;anonymous&gt; (/Users/nitsancohen/.bvm/versions/0.2.29/bit-0.2.29/node_modules/@teambit/legacy/bin/bit.js:3:1)
    at Module._compile (node:internal/modules/cjs/loader:1257:14)
    at Module._extensions..js (node:internal/modules/cjs/loader:1311:10)
    at Module.load (node:internal/modules/cjs/loader:1115:32)
    at Module._load (node:internal/modules/cjs/loader:962:12)
    at Function.executeUserEntryPoint [as runMain] (node:internal/modules/run_main:83:12) {
  code: &apos;MODULE_NOT_FOUND&apos;,
  requireStack: [
    &apos;/Users/nitsancohen/.bvm/versions/0.2.29/bit-0.2.29/node_modules/@teambit/legacy/bin/bit.js&apos;
  ]
}

Node.js v20.3.1
" type="Error"><![CDATA[Error: Command failed: bit init
node:internal/modules/cjs/loader:1075
  throw err;
  ^

Error: Cannot find module '../node_modules/@teambit/bit/dist/app'
Require stack:
- /Users/nitsancohen/.bvm/versions/0.2.29/bit-0.2.29/node_modules/@teambit/legacy/bin/bit.js
    at Module._resolveFilename (node:internal/modules/cjs/loader:1072:15)
    at Module._load (node:internal/modules/cjs/loader:925:27)
    at Module.require (node:internal/modules/cjs/loader:1139:19)
    at require (node:internal/modules/helpers:121:18)
    at Object.<anonymous> (/Users/nitsancohen/.bvm/versions/0.2.29/bit-0.2.29/node_modules/@teambit/legacy/bin/bit.js:3:1)
    at Module._compile (node:internal/modules/cjs/loader:1257:14)
    at Module._extensions..js (node:internal/modules/cjs/loader:1311:10)
    at Module.load (node:internal/modules/cjs/loader:1115:32)
    at Module._load (node:internal/modules/cjs/loader:962:12)
    at Function.executeUserEntryPoint [as runMain] (node:internal/modules/run_main:83:12) {
  code: 'MODULE_NOT_FOUND',
  requireStack: [
    '/Users/nitsancohen/.bvm/versions/0.2.29/bit-0.2.29/node_modules/@teambit/legacy/bin/bit.js'
  ]
}

Node.js v20.3.1

    at checkExecSyncError (node:child_process:885:11)
    at Object.execSync (node:child_process:957:15)
    at CommandHelper.runCmd (src/e2e-helper/e2e-command-helper.ts:64:22)
    at ScopeHelper.initWorkspace (src/e2e-helper/e2e-scope-helper.ts:126:25)
    at ScopeHelper.reInitLocalScope (src/e2e-helper/e2e-scope-helper.ts:87:10)
    at ScopeHelper.setNewLocalAndRemoteScopes (src/e2e-helper/e2e-scope-helper.ts:141:10)
    at Context.<anonymous> (e2e/harmony/recover.e2e.ts:223:26)
    at processImmediate (node:internal/timers:478:21)]]></failure>
    </testcase>
  </testsuite>
  <testsuite name="remove in one lane, recover in other lane, then merged to the first lane" timestamp="2023-08-21T21:40:48" tests="1" file="/Users/nitsancohen/coding/my-bit/bit/e2e/harmony/recover.e2e.ts" time="0.0600" failures="1">
    <testcase name="bit recover command remove in one lane, recover in other lane, then merged to the first lane &quot;before all&quot; hook for &quot;should bring back the previously removed component&quot;" time="0.0600" classname="&quot;before all&quot; hook for &quot;should bring back the previously removed component&quot;">
      <failure message="Command failed: bit init
node:internal/modules/cjs/loader:1075
  throw err;
  ^

Error: Cannot find module &apos;../node_modules/@teambit/bit/dist/app&apos;
Require stack:
- /Users/nitsancohen/.bvm/versions/0.2.29/bit-0.2.29/node_modules/@teambit/legacy/bin/bit.js
    at Module._resolveFilename (node:internal/modules/cjs/loader:1072:15)
    at Module._load (node:internal/modules/cjs/loader:925:27)
    at Module.require (node:internal/modules/cjs/loader:1139:19)
    at require (node:internal/modules/helpers:121:18)
    at Object.&lt;anonymous&gt; (/Users/nitsancohen/.bvm/versions/0.2.29/bit-0.2.29/node_modules/@teambit/legacy/bin/bit.js:3:1)
    at Module._compile (node:internal/modules/cjs/loader:1257:14)
    at Module._extensions..js (node:internal/modules/cjs/loader:1311:10)
    at Module.load (node:internal/modules/cjs/loader:1115:32)
    at Module._load (node:internal/modules/cjs/loader:962:12)
    at Function.executeUserEntryPoint [as runMain] (node:internal/modules/run_main:83:12) {
  code: &apos;MODULE_NOT_FOUND&apos;,
  requireStack: [
    &apos;/Users/nitsancohen/.bvm/versions/0.2.29/bit-0.2.29/node_modules/@teambit/legacy/bin/bit.js&apos;
  ]
}

Node.js v20.3.1
" type="Error"><![CDATA[Error: Command failed: bit init
node:internal/modules/cjs/loader:1075
  throw err;
  ^

Error: Cannot find module '../node_modules/@teambit/bit/dist/app'
Require stack:
- /Users/nitsancohen/.bvm/versions/0.2.29/bit-0.2.29/node_modules/@teambit/legacy/bin/bit.js
    at Module._resolveFilename (node:internal/modules/cjs/loader:1072:15)
    at Module._load (node:internal/modules/cjs/loader:925:27)
    at Module.require (node:internal/modules/cjs/loader:1139:19)
    at require (node:internal/modules/helpers:121:18)
    at Object.<anonymous> (/Users/nitsancohen/.bvm/versions/0.2.29/bit-0.2.29/node_modules/@teambit/legacy/bin/bit.js:3:1)
    at Module._compile (node:internal/modules/cjs/loader:1257:14)
    at Module._extensions..js (node:internal/modules/cjs/loader:1311:10)
    at Module.load (node:internal/modules/cjs/loader:1115:32)
    at Module._load (node:internal/modules/cjs/loader:962:12)
    at Function.executeUserEntryPoint [as runMain] (node:internal/modules/run_main:83:12) {
  code: 'MODULE_NOT_FOUND',
  requireStack: [
    '/Users/nitsancohen/.bvm/versions/0.2.29/bit-0.2.29/node_modules/@teambit/legacy/bin/bit.js'
  ]
}

Node.js v20.3.1

    at checkExecSyncError (node:child_process:885:11)
    at Object.execSync (node:child_process:957:15)
    at CommandHelper.runCmd (src/e2e-helper/e2e-command-helper.ts:64:22)
    at ScopeHelper.initWorkspace (src/e2e-helper/e2e-scope-helper.ts:126:25)
    at ScopeHelper.reInitLocalScope (src/e2e-helper/e2e-scope-helper.ts:87:10)
    at ScopeHelper.setNewLocalAndRemoteScopes (src/e2e-helper/e2e-scope-helper.ts:141:10)
    at Context.<anonymous> (e2e/harmony/recover.e2e.ts:244:26)
    at processImmediate (node:internal/timers:478:21)]]></failure>
    </testcase>
  </testsuite>
  <testsuite name="remove in one lane, recover in an empty lane" timestamp="2023-08-21T21:40:48" tests="1" file="/Users/nitsancohen/coding/my-bit/bit/e2e/harmony/recover.e2e.ts" time="0.0590" failures="1">
    <testcase name="bit recover command remove in one lane, recover in an empty lane &quot;before all&quot; hook for &quot;should show a descriptive error&quot;" time="0.0590" classname="&quot;before all&quot; hook for &quot;should show a descriptive error&quot;">
      <failure message="Command failed: bit init
node:internal/modules/cjs/loader:1075
  throw err;
  ^

Error: Cannot find module &apos;../node_modules/@teambit/bit/dist/app&apos;
Require stack:
- /Users/nitsancohen/.bvm/versions/0.2.29/bit-0.2.29/node_modules/@teambit/legacy/bin/bit.js
    at Module._resolveFilename (node:internal/modules/cjs/loader:1072:15)
    at Module._load (node:internal/modules/cjs/loader:925:27)
    at Module.require (node:internal/modules/cjs/loader:1139:19)
    at require (node:internal/modules/helpers:121:18)
    at Object.&lt;anonymous&gt; (/Users/nitsancohen/.bvm/versions/0.2.29/bit-0.2.29/node_modules/@teambit/legacy/bin/bit.js:3:1)
    at Module._compile (node:internal/modules/cjs/loader:1257:14)
    at Module._extensions..js (node:internal/modules/cjs/loader:1311:10)
    at Module.load (node:internal/modules/cjs/loader:1115:32)
    at Module._load (node:internal/modules/cjs/loader:962:12)
    at Function.executeUserEntryPoint [as runMain] (node:internal/modules/run_main:83:12) {
  code: &apos;MODULE_NOT_FOUND&apos;,
  requireStack: [
    &apos;/Users/nitsancohen/.bvm/versions/0.2.29/bit-0.2.29/node_modules/@teambit/legacy/bin/bit.js&apos;
  ]
}

Node.js v20.3.1
" type="Error"><![CDATA[Error: Command failed: bit init
node:internal/modules/cjs/loader:1075
  throw err;
  ^

Error: Cannot find module '../node_modules/@teambit/bit/dist/app'
Require stack:
- /Users/nitsancohen/.bvm/versions/0.2.29/bit-0.2.29/node_modules/@teambit/legacy/bin/bit.js
    at Module._resolveFilename (node:internal/modules/cjs/loader:1072:15)
    at Module._load (node:internal/modules/cjs/loader:925:27)
    at Module.require (node:internal/modules/cjs/loader:1139:19)
    at require (node:internal/modules/helpers:121:18)
    at Object.<anonymous> (/Users/nitsancohen/.bvm/versions/0.2.29/bit-0.2.29/node_modules/@teambit/legacy/bin/bit.js:3:1)
    at Module._compile (node:internal/modules/cjs/loader:1257:14)
    at Module._extensions..js (node:internal/modules/cjs/loader:1311:10)
    at Module.load (node:internal/modules/cjs/loader:1115:32)
    at Module._load (node:internal/modules/cjs/loader:962:12)
    at Function.executeUserEntryPoint [as runMain] (node:internal/modules/run_main:83:12) {
  code: 'MODULE_NOT_FOUND',
  requireStack: [
    '/Users/nitsancohen/.bvm/versions/0.2.29/bit-0.2.29/node_modules/@teambit/legacy/bin/bit.js'
  ]
}

Node.js v20.3.1

    at checkExecSyncError (node:child_process:885:11)
    at Object.execSync (node:child_process:957:15)
    at CommandHelper.runCmd (src/e2e-helper/e2e-command-helper.ts:64:22)
    at ScopeHelper.initWorkspace (src/e2e-helper/e2e-scope-helper.ts:126:25)
    at ScopeHelper.reInitLocalScope (src/e2e-helper/e2e-scope-helper.ts:87:10)
    at ScopeHelper.setNewLocalAndRemoteScopes (src/e2e-helper/e2e-scope-helper.ts:141:10)
    at Context.<anonymous> (e2e/harmony/recover.e2e.ts:276:26)
    at processImmediate (node:internal/timers:478:21)]]></failure>
    </testcase>
  </testsuite>
  <testsuite name="recovery after component/scope deletion" timestamp="2023-08-21T21:40:48" tests="0" file="/Users/nitsancohen/coding/my-bit/bit/e2e/harmony/recovery-after-deletion.e2e.ts" time="0.0000" failures="0">
  </testsuite>
  <testsuite name="remote/comp1-&gt; remote/comp2-&gt; remote2/comp3. indirect-dep scope (remote2) has re-initiated" timestamp="2023-08-21T21:40:48" tests="0" file="/Users/nitsancohen/coding/my-bit/bit/e2e/harmony/recovery-after-deletion.e2e.ts" time="0.0590" failures="2">
    <testcase name="recovery after component/scope deletion remote/comp1-&gt; remote/comp2-&gt; remote2/comp3. indirect-dep scope (remote2) has re-initiated &quot;before all&quot; hook in &quot;remote/comp1-&gt; remote/comp2-&gt; remote2/comp3. indirect-dep scope (remote2) has re-initiated&quot;" time="0.0590" classname="&quot;before all&quot; hook in &quot;remote/comp1-&gt; remote/comp2-&gt; remote2/comp3. indirect-dep scope (remote2) has re-initiated&quot;">
      <failure message="Command failed: bit init
node:internal/modules/cjs/loader:1075
  throw err;
  ^

Error: Cannot find module &apos;../node_modules/@teambit/bit/dist/app&apos;
Require stack:
- /Users/nitsancohen/.bvm/versions/0.2.29/bit-0.2.29/node_modules/@teambit/legacy/bin/bit.js
    at Module._resolveFilename (node:internal/modules/cjs/loader:1072:15)
    at Module._load (node:internal/modules/cjs/loader:925:27)
    at Module.require (node:internal/modules/cjs/loader:1139:19)
    at require (node:internal/modules/helpers:121:18)
    at Object.&lt;anonymous&gt; (/Users/nitsancohen/.bvm/versions/0.2.29/bit-0.2.29/node_modules/@teambit/legacy/bin/bit.js:3:1)
    at Module._compile (node:internal/modules/cjs/loader:1257:14)
    at Module._extensions..js (node:internal/modules/cjs/loader:1311:10)
    at Module.load (node:internal/modules/cjs/loader:1115:32)
    at Module._load (node:internal/modules/cjs/loader:962:12)
    at Function.executeUserEntryPoint [as runMain] (node:internal/modules/run_main:83:12) {
  code: &apos;MODULE_NOT_FOUND&apos;,
  requireStack: [
    &apos;/Users/nitsancohen/.bvm/versions/0.2.29/bit-0.2.29/node_modules/@teambit/legacy/bin/bit.js&apos;
  ]
}

Node.js v20.3.1
" type="Error"><![CDATA[Error: Command failed: bit init
node:internal/modules/cjs/loader:1075
  throw err;
  ^

Error: Cannot find module '../node_modules/@teambit/bit/dist/app'
Require stack:
- /Users/nitsancohen/.bvm/versions/0.2.29/bit-0.2.29/node_modules/@teambit/legacy/bin/bit.js
    at Module._resolveFilename (node:internal/modules/cjs/loader:1072:15)
    at Module._load (node:internal/modules/cjs/loader:925:27)
    at Module.require (node:internal/modules/cjs/loader:1139:19)
    at require (node:internal/modules/helpers:121:18)
    at Object.<anonymous> (/Users/nitsancohen/.bvm/versions/0.2.29/bit-0.2.29/node_modules/@teambit/legacy/bin/bit.js:3:1)
    at Module._compile (node:internal/modules/cjs/loader:1257:14)
    at Module._extensions..js (node:internal/modules/cjs/loader:1311:10)
    at Module.load (node:internal/modules/cjs/loader:1115:32)
    at Module._load (node:internal/modules/cjs/loader:962:12)
    at Function.executeUserEntryPoint [as runMain] (node:internal/modules/run_main:83:12) {
  code: 'MODULE_NOT_FOUND',
  requireStack: [
    '/Users/nitsancohen/.bvm/versions/0.2.29/bit-0.2.29/node_modules/@teambit/legacy/bin/bit.js'
  ]
}

Node.js v20.3.1

    at checkExecSyncError (node:child_process:885:11)
    at Object.execSync (node:child_process:957:15)
    at CommandHelper.runCmd (src/e2e-helper/e2e-command-helper.ts:64:22)
    at ScopeHelper.initWorkspace (src/e2e-helper/e2e-scope-helper.ts:126:25)
    at ScopeHelper.reInitLocalScope (src/e2e-helper/e2e-scope-helper.ts:87:10)
    at ScopeHelper.setNewLocalAndRemoteScopes (src/e2e-helper/e2e-scope-helper.ts:141:10)
    at Context.<anonymous> (e2e/harmony/recovery-after-deletion.e2e.ts:42:28)
    at processImmediate (node:internal/timers:478:21)]]></failure>
    </testcase>
    <testcase name="recovery after component/scope deletion remote/comp1-&gt; remote/comp2-&gt; remote2/comp3. indirect-dep scope (remote2) has re-initiated &quot;after all&quot; hook in &quot;remote/comp1-&gt; remote/comp2-&gt; remote2/comp3. indirect-dep scope (remote2) has re-initiated&quot;" time="0.0000" classname="&quot;after all&quot; hook in &quot;remote/comp1-&gt; remote/comp2-&gt; remote2/comp3. indirect-dep scope (remote2) has re-initiated&quot;">
      <failure message="Cannot read properties of undefined (reading &apos;destroy&apos;)" type="TypeError"><![CDATA[TypeError: Cannot read properties of undefined (reading 'destroy')
    at Context.<anonymous> (e2e/harmony/recovery-after-deletion.e2e.ts:74:23)
    at processImmediate (node:internal/timers:478:21)]]></failure>
    </testcase>
  </testsuite>
  <testsuite name="bit refactor command and flag" timestamp="2023-08-21T21:40:49" tests="0" file="/Users/nitsancohen/coding/my-bit/bit/e2e/harmony/refactor.e2e.ts" time="0.0000" failures="0">
  </testsuite>
  <testsuite name="refactoring with refactor command" timestamp="2023-08-21T21:40:49" tests="2" file="/Users/nitsancohen/coding/my-bit/bit/e2e/harmony/refactor.e2e.ts" time="0.0770" failures="1">
    <testcase name="bit refactor command and flag refactoring with refactor command &quot;before all&quot; hook for &quot;should throw when specifying the non-exist component-id&quot;" time="0.0770" classname="&quot;before all&quot; hook for &quot;should throw when specifying the non-exist component-id&quot;">
      <failure message="Command failed: bit init
node:internal/modules/cjs/loader:1075
  throw err;
  ^

Error: Cannot find module &apos;../node_modules/@teambit/bit/dist/app&apos;
Require stack:
- /Users/nitsancohen/.bvm/versions/0.2.29/bit-0.2.29/node_modules/@teambit/legacy/bin/bit.js
    at Module._resolveFilename (node:internal/modules/cjs/loader:1072:15)
    at Module._load (node:internal/modules/cjs/loader:925:27)
    at Module.require (node:internal/modules/cjs/loader:1139:19)
    at require (node:internal/modules/helpers:121:18)
    at Object.&lt;anonymous&gt; (/Users/nitsancohen/.bvm/versions/0.2.29/bit-0.2.29/node_modules/@teambit/legacy/bin/bit.js:3:1)
    at Module._compile (node:internal/modules/cjs/loader:1257:14)
    at Module._extensions..js (node:internal/modules/cjs/loader:1311:10)
    at Module.load (node:internal/modules/cjs/loader:1115:32)
    at Module._load (node:internal/modules/cjs/loader:962:12)
    at Function.executeUserEntryPoint [as runMain] (node:internal/modules/run_main:83:12) {
  code: &apos;MODULE_NOT_FOUND&apos;,
  requireStack: [
    &apos;/Users/nitsancohen/.bvm/versions/0.2.29/bit-0.2.29/node_modules/@teambit/legacy/bin/bit.js&apos;
  ]
}

Node.js v20.3.1
" type="Error"><![CDATA[Error: Command failed: bit init
node:internal/modules/cjs/loader:1075
  throw err;
  ^

Error: Cannot find module '../node_modules/@teambit/bit/dist/app'
Require stack:
- /Users/nitsancohen/.bvm/versions/0.2.29/bit-0.2.29/node_modules/@teambit/legacy/bin/bit.js
    at Module._resolveFilename (node:internal/modules/cjs/loader:1072:15)
    at Module._load (node:internal/modules/cjs/loader:925:27)
    at Module.require (node:internal/modules/cjs/loader:1139:19)
    at require (node:internal/modules/helpers:121:18)
    at Object.<anonymous> (/Users/nitsancohen/.bvm/versions/0.2.29/bit-0.2.29/node_modules/@teambit/legacy/bin/bit.js:3:1)
    at Module._compile (node:internal/modules/cjs/loader:1257:14)
    at Module._extensions..js (node:internal/modules/cjs/loader:1311:10)
    at Module.load (node:internal/modules/cjs/loader:1115:32)
    at Module._load (node:internal/modules/cjs/loader:962:12)
    at Function.executeUserEntryPoint [as runMain] (node:internal/modules/run_main:83:12) {
  code: 'MODULE_NOT_FOUND',
  requireStack: [
    '/Users/nitsancohen/.bvm/versions/0.2.29/bit-0.2.29/node_modules/@teambit/legacy/bin/bit.js'
  ]
}

Node.js v20.3.1

    at checkExecSyncError (node:child_process:885:11)
    at Object.execSync (node:child_process:957:15)
    at CommandHelper.runCmd (src/e2e-helper/e2e-command-helper.ts:64:22)
    at ScopeHelper.initWorkspace (src/e2e-helper/e2e-scope-helper.ts:126:25)
    at ScopeHelper.reInitLocalScope (src/e2e-helper/e2e-scope-helper.ts:87:10)
    at ScopeHelper.setNewLocalAndRemoteScopes (src/e2e-helper/e2e-scope-helper.ts:141:10)
    at Context.<anonymous> (e2e/harmony/refactor.e2e.ts:17:26)
    at processImmediate (node:internal/timers:478:21)]]></failure>
    </testcase>
  </testsuite>
  <testsuite name="rename a new component with --refactor flag" timestamp="2023-08-21T21:40:49" tests="1" file="/Users/nitsancohen/coding/my-bit/bit/e2e/harmony/refactor.e2e.ts" time="0.0610" failures="1">
    <testcase name="bit refactor command and flag rename a new component with --refactor flag &quot;before all&quot; hook for &quot;should change the dependency in the source code to the new package-name&quot;" time="0.0610" classname="&quot;before all&quot; hook for &quot;should change the dependency in the source code to the new package-name&quot;">
      <failure message="Command failed: bit init
node:internal/modules/cjs/loader:1075
  throw err;
  ^

Error: Cannot find module &apos;../node_modules/@teambit/bit/dist/app&apos;
Require stack:
- /Users/nitsancohen/.bvm/versions/0.2.29/bit-0.2.29/node_modules/@teambit/legacy/bin/bit.js
    at Module._resolveFilename (node:internal/modules/cjs/loader:1072:15)
    at Module._load (node:internal/modules/cjs/loader:925:27)
    at Module.require (node:internal/modules/cjs/loader:1139:19)
    at require (node:internal/modules/helpers:121:18)
    at Object.&lt;anonymous&gt; (/Users/nitsancohen/.bvm/versions/0.2.29/bit-0.2.29/node_modules/@teambit/legacy/bin/bit.js:3:1)
    at Module._compile (node:internal/modules/cjs/loader:1257:14)
    at Module._extensions..js (node:internal/modules/cjs/loader:1311:10)
    at Module.load (node:internal/modules/cjs/loader:1115:32)
    at Module._load (node:internal/modules/cjs/loader:962:12)
    at Function.executeUserEntryPoint [as runMain] (node:internal/modules/run_main:83:12) {
  code: &apos;MODULE_NOT_FOUND&apos;,
  requireStack: [
    &apos;/Users/nitsancohen/.bvm/versions/0.2.29/bit-0.2.29/node_modules/@teambit/legacy/bin/bit.js&apos;
  ]
}

Node.js v20.3.1
" type="Error"><![CDATA[Error: Command failed: bit init
node:internal/modules/cjs/loader:1075
  throw err;
  ^

Error: Cannot find module '../node_modules/@teambit/bit/dist/app'
Require stack:
- /Users/nitsancohen/.bvm/versions/0.2.29/bit-0.2.29/node_modules/@teambit/legacy/bin/bit.js
    at Module._resolveFilename (node:internal/modules/cjs/loader:1072:15)
    at Module._load (node:internal/modules/cjs/loader:925:27)
    at Module.require (node:internal/modules/cjs/loader:1139:19)
    at require (node:internal/modules/helpers:121:18)
    at Object.<anonymous> (/Users/nitsancohen/.bvm/versions/0.2.29/bit-0.2.29/node_modules/@teambit/legacy/bin/bit.js:3:1)
    at Module._compile (node:internal/modules/cjs/loader:1257:14)
    at Module._extensions..js (node:internal/modules/cjs/loader:1311:10)
    at Module.load (node:internal/modules/cjs/loader:1115:32)
    at Module._load (node:internal/modules/cjs/loader:962:12)
    at Function.executeUserEntryPoint [as runMain] (node:internal/modules/run_main:83:12) {
  code: 'MODULE_NOT_FOUND',
  requireStack: [
    '/Users/nitsancohen/.bvm/versions/0.2.29/bit-0.2.29/node_modules/@teambit/legacy/bin/bit.js'
  ]
}

Node.js v20.3.1

    at checkExecSyncError (node:child_process:885:11)
    at Object.execSync (node:child_process:957:15)
    at CommandHelper.runCmd (src/e2e-helper/e2e-command-helper.ts:64:22)
    at ScopeHelper.initWorkspace (src/e2e-helper/e2e-scope-helper.ts:126:25)
    at ScopeHelper.reInitLocalScope (src/e2e-helper/e2e-scope-helper.ts:87:10)
    at ScopeHelper.setNewLocalAndRemoteScopes (src/e2e-helper/e2e-scope-helper.ts:141:10)
    at Context.<anonymous> (e2e/harmony/refactor.e2e.ts:34:26)
    at processImmediate (node:internal/timers:478:21)]]></failure>
    </testcase>
  </testsuite>
  <testsuite name="rename an exported component with --refactor flag" timestamp="2023-08-21T21:40:49" tests="1" file="/Users/nitsancohen/coding/my-bit/bit/e2e/harmony/refactor.e2e.ts" time="0.0600" failures="1">
    <testcase name="bit refactor command and flag rename an exported component with --refactor flag &quot;before all&quot; hook for &quot;should change the dependency in the source code to the new package-name&quot;" time="0.0600" classname="&quot;before all&quot; hook for &quot;should change the dependency in the source code to the new package-name&quot;">
      <failure message="Command failed: bit init
node:internal/modules/cjs/loader:1075
  throw err;
  ^

Error: Cannot find module &apos;../node_modules/@teambit/bit/dist/app&apos;
Require stack:
- /Users/nitsancohen/.bvm/versions/0.2.29/bit-0.2.29/node_modules/@teambit/legacy/bin/bit.js
    at Module._resolveFilename (node:internal/modules/cjs/loader:1072:15)
    at Module._load (node:internal/modules/cjs/loader:925:27)
    at Module.require (node:internal/modules/cjs/loader:1139:19)
    at require (node:internal/modules/helpers:121:18)
    at Object.&lt;anonymous&gt; (/Users/nitsancohen/.bvm/versions/0.2.29/bit-0.2.29/node_modules/@teambit/legacy/bin/bit.js:3:1)
    at Module._compile (node:internal/modules/cjs/loader:1257:14)
    at Module._extensions..js (node:internal/modules/cjs/loader:1311:10)
    at Module.load (node:internal/modules/cjs/loader:1115:32)
    at Module._load (node:internal/modules/cjs/loader:962:12)
    at Function.executeUserEntryPoint [as runMain] (node:internal/modules/run_main:83:12) {
  code: &apos;MODULE_NOT_FOUND&apos;,
  requireStack: [
    &apos;/Users/nitsancohen/.bvm/versions/0.2.29/bit-0.2.29/node_modules/@teambit/legacy/bin/bit.js&apos;
  ]
}

Node.js v20.3.1
" type="Error"><![CDATA[Error: Command failed: bit init
node:internal/modules/cjs/loader:1075
  throw err;
  ^

Error: Cannot find module '../node_modules/@teambit/bit/dist/app'
Require stack:
- /Users/nitsancohen/.bvm/versions/0.2.29/bit-0.2.29/node_modules/@teambit/legacy/bin/bit.js
    at Module._resolveFilename (node:internal/modules/cjs/loader:1072:15)
    at Module._load (node:internal/modules/cjs/loader:925:27)
    at Module.require (node:internal/modules/cjs/loader:1139:19)
    at require (node:internal/modules/helpers:121:18)
    at Object.<anonymous> (/Users/nitsancohen/.bvm/versions/0.2.29/bit-0.2.29/node_modules/@teambit/legacy/bin/bit.js:3:1)
    at Module._compile (node:internal/modules/cjs/loader:1257:14)
    at Module._extensions..js (node:internal/modules/cjs/loader:1311:10)
    at Module.load (node:internal/modules/cjs/loader:1115:32)
    at Module._load (node:internal/modules/cjs/loader:962:12)
    at Function.executeUserEntryPoint [as runMain] (node:internal/modules/run_main:83:12) {
  code: 'MODULE_NOT_FOUND',
  requireStack: [
    '/Users/nitsancohen/.bvm/versions/0.2.29/bit-0.2.29/node_modules/@teambit/legacy/bin/bit.js'
  ]
}

Node.js v20.3.1

    at checkExecSyncError (node:child_process:885:11)
    at Object.execSync (node:child_process:957:15)
    at CommandHelper.runCmd (src/e2e-helper/e2e-command-helper.ts:64:22)
    at ScopeHelper.initWorkspace (src/e2e-helper/e2e-scope-helper.ts:126:25)
    at ScopeHelper.reInitLocalScope (src/e2e-helper/e2e-scope-helper.ts:87:10)
    at ScopeHelper.setNewLocalAndRemoteScopes (src/e2e-helper/e2e-scope-helper.ts:141:10)
    at Context.<anonymous> (e2e/harmony/refactor.e2e.ts:45:26)
    at processImmediate (node:internal/timers:478:21)]]></failure>
    </testcase>
  </testsuite>
  <testsuite name="fork command with --refactor flag" timestamp="2023-08-21T21:40:49" tests="0" file="/Users/nitsancohen/coding/my-bit/bit/e2e/harmony/refactor.e2e.ts" time="0.0610" failures="1">
    <testcase name="bit refactor command and flag fork command with --refactor flag &quot;before all&quot; hook in &quot;fork command with --refactor flag&quot;" time="0.0610" classname="&quot;before all&quot; hook in &quot;fork command with --refactor flag&quot;">
      <failure message="Command failed: bit init
node:internal/modules/cjs/loader:1075
  throw err;
  ^

Error: Cannot find module &apos;../node_modules/@teambit/bit/dist/app&apos;
Require stack:
- /Users/nitsancohen/.bvm/versions/0.2.29/bit-0.2.29/node_modules/@teambit/legacy/bin/bit.js
    at Module._resolveFilename (node:internal/modules/cjs/loader:1072:15)
    at Module._load (node:internal/modules/cjs/loader:925:27)
    at Module.require (node:internal/modules/cjs/loader:1139:19)
    at require (node:internal/modules/helpers:121:18)
    at Object.&lt;anonymous&gt; (/Users/nitsancohen/.bvm/versions/0.2.29/bit-0.2.29/node_modules/@teambit/legacy/bin/bit.js:3:1)
    at Module._compile (node:internal/modules/cjs/loader:1257:14)
    at Module._extensions..js (node:internal/modules/cjs/loader:1311:10)
    at Module.load (node:internal/modules/cjs/loader:1115:32)
    at Module._load (node:internal/modules/cjs/loader:962:12)
    at Function.executeUserEntryPoint [as runMain] (node:internal/modules/run_main:83:12) {
  code: &apos;MODULE_NOT_FOUND&apos;,
  requireStack: [
    &apos;/Users/nitsancohen/.bvm/versions/0.2.29/bit-0.2.29/node_modules/@teambit/legacy/bin/bit.js&apos;
  ]
}

Node.js v20.3.1
" type="Error"><![CDATA[Error: Command failed: bit init
node:internal/modules/cjs/loader:1075
  throw err;
  ^

Error: Cannot find module '../node_modules/@teambit/bit/dist/app'
Require stack:
- /Users/nitsancohen/.bvm/versions/0.2.29/bit-0.2.29/node_modules/@teambit/legacy/bin/bit.js
    at Module._resolveFilename (node:internal/modules/cjs/loader:1072:15)
    at Module._load (node:internal/modules/cjs/loader:925:27)
    at Module.require (node:internal/modules/cjs/loader:1139:19)
    at require (node:internal/modules/helpers:121:18)
    at Object.<anonymous> (/Users/nitsancohen/.bvm/versions/0.2.29/bit-0.2.29/node_modules/@teambit/legacy/bin/bit.js:3:1)
    at Module._compile (node:internal/modules/cjs/loader:1257:14)
    at Module._extensions..js (node:internal/modules/cjs/loader:1311:10)
    at Module.load (node:internal/modules/cjs/loader:1115:32)
    at Module._load (node:internal/modules/cjs/loader:962:12)
    at Function.executeUserEntryPoint [as runMain] (node:internal/modules/run_main:83:12) {
  code: 'MODULE_NOT_FOUND',
  requireStack: [
    '/Users/nitsancohen/.bvm/versions/0.2.29/bit-0.2.29/node_modules/@teambit/legacy/bin/bit.js'
  ]
}

Node.js v20.3.1

    at checkExecSyncError (node:child_process:885:11)
    at Object.execSync (node:child_process:957:15)
    at CommandHelper.runCmd (src/e2e-helper/e2e-command-helper.ts:64:22)
    at ScopeHelper.initWorkspace (src/e2e-helper/e2e-scope-helper.ts:126:25)
    at ScopeHelper.reInitLocalScope (src/e2e-helper/e2e-scope-helper.ts:87:10)
    at ScopeHelper.setNewLocalAndRemoteScopes (src/e2e-helper/e2e-scope-helper.ts:141:10)
    at Context.<anonymous> (e2e/harmony/refactor.e2e.ts:58:26)
    at processImmediate (node:internal/timers:478:21)]]></failure>
    </testcase>
  </testsuite>
  <testsuite name="relative paths flow (components requiring each other by relative paths)" timestamp="2023-08-21T21:40:49" tests="0" file="/Users/nitsancohen/coding/my-bit/bit/e2e/harmony/relative-paths.e2e.3.ts" time="0.0000" failures="0">
  </testsuite>
  <testsuite name="adding directories and using relative-paths" timestamp="2023-08-21T21:40:49" tests="2" file="/Users/nitsancohen/coding/my-bit/bit/e2e/harmony/relative-paths.e2e.3.ts" time="0.0600" failures="1">
    <testcase name="relative paths flow (components requiring each other by relative paths) adding directories and using relative-paths &quot;before all&quot; hook for &quot;bit status should show it as an invalid component&quot;" time="0.0600" classname="&quot;before all&quot; hook for &quot;bit status should show it as an invalid component&quot;">
      <failure message="Command failed: bit init
node:internal/modules/cjs/loader:1075
  throw err;
  ^

Error: Cannot find module &apos;../node_modules/@teambit/bit/dist/app&apos;
Require stack:
- /Users/nitsancohen/.bvm/versions/0.2.29/bit-0.2.29/node_modules/@teambit/legacy/bin/bit.js
    at Module._resolveFilename (node:internal/modules/cjs/loader:1072:15)
    at Module._load (node:internal/modules/cjs/loader:925:27)
    at Module.require (node:internal/modules/cjs/loader:1139:19)
    at require (node:internal/modules/helpers:121:18)
    at Object.&lt;anonymous&gt; (/Users/nitsancohen/.bvm/versions/0.2.29/bit-0.2.29/node_modules/@teambit/legacy/bin/bit.js:3:1)
    at Module._compile (node:internal/modules/cjs/loader:1257:14)
    at Module._extensions..js (node:internal/modules/cjs/loader:1311:10)
    at Module.load (node:internal/modules/cjs/loader:1115:32)
    at Module._load (node:internal/modules/cjs/loader:962:12)
    at Function.executeUserEntryPoint [as runMain] (node:internal/modules/run_main:83:12) {
  code: &apos;MODULE_NOT_FOUND&apos;,
  requireStack: [
    &apos;/Users/nitsancohen/.bvm/versions/0.2.29/bit-0.2.29/node_modules/@teambit/legacy/bin/bit.js&apos;
  ]
}

Node.js v20.3.1
" type="Error"><![CDATA[Error: Command failed: bit init
node:internal/modules/cjs/loader:1075
  throw err;
  ^

Error: Cannot find module '../node_modules/@teambit/bit/dist/app'
Require stack:
- /Users/nitsancohen/.bvm/versions/0.2.29/bit-0.2.29/node_modules/@teambit/legacy/bin/bit.js
    at Module._resolveFilename (node:internal/modules/cjs/loader:1072:15)
    at Module._load (node:internal/modules/cjs/loader:925:27)
    at Module.require (node:internal/modules/cjs/loader:1139:19)
    at require (node:internal/modules/helpers:121:18)
    at Object.<anonymous> (/Users/nitsancohen/.bvm/versions/0.2.29/bit-0.2.29/node_modules/@teambit/legacy/bin/bit.js:3:1)
    at Module._compile (node:internal/modules/cjs/loader:1257:14)
    at Module._extensions..js (node:internal/modules/cjs/loader:1311:10)
    at Module.load (node:internal/modules/cjs/loader:1115:32)
    at Module._load (node:internal/modules/cjs/loader:962:12)
    at Function.executeUserEntryPoint [as runMain] (node:internal/modules/run_main:83:12) {
  code: 'MODULE_NOT_FOUND',
  requireStack: [
    '/Users/nitsancohen/.bvm/versions/0.2.29/bit-0.2.29/node_modules/@teambit/legacy/bin/bit.js'
  ]
}

Node.js v20.3.1

    at checkExecSyncError (node:child_process:885:11)
    at Object.execSync (node:child_process:957:15)
    at CommandHelper.runCmd (src/e2e-helper/e2e-command-helper.ts:64:22)
    at ScopeHelper.initWorkspace (src/e2e-helper/e2e-scope-helper.ts:126:25)
    at ScopeHelper.reInitLocalScope (src/e2e-helper/e2e-scope-helper.ts:87:10)
    at ScopeHelper.setNewLocalAndRemoteScopes (src/e2e-helper/e2e-scope-helper.ts:141:10)
    at Context.<anonymous> (e2e/harmony/relative-paths.e2e.3.ts:20:26)
    at processImmediate (node:internal/timers:478:21)]]></failure>
    </testcase>
  </testsuite>
  <testsuite name="bit rename command" timestamp="2023-08-21T21:40:49" tests="0" file="/Users/nitsancohen/coding/my-bit/bit/e2e/harmony/rename.e2e.ts" time="0.0000" failures="0">
  </testsuite>
  <testsuite name="rename an exported component" timestamp="2023-08-21T21:40:49" tests="0" file="/Users/nitsancohen/coding/my-bit/bit/e2e/harmony/rename.e2e.ts" time="0.0600" failures="1">
    <testcase name="bit rename command rename an exported component &quot;before all&quot; hook in &quot;rename an exported component&quot;" time="0.0600" classname="&quot;before all&quot; hook in &quot;rename an exported component&quot;">
      <failure message="Command failed: bit init
node:internal/modules/cjs/loader:1075
  throw err;
  ^

Error: Cannot find module &apos;../node_modules/@teambit/bit/dist/app&apos;
Require stack:
- /Users/nitsancohen/.bvm/versions/0.2.29/bit-0.2.29/node_modules/@teambit/legacy/bin/bit.js
    at Module._resolveFilename (node:internal/modules/cjs/loader:1072:15)
    at Module._load (node:internal/modules/cjs/loader:925:27)
    at Module.require (node:internal/modules/cjs/loader:1139:19)
    at require (node:internal/modules/helpers:121:18)
    at Object.&lt;anonymous&gt; (/Users/nitsancohen/.bvm/versions/0.2.29/bit-0.2.29/node_modules/@teambit/legacy/bin/bit.js:3:1)
    at Module._compile (node:internal/modules/cjs/loader:1257:14)
    at Module._extensions..js (node:internal/modules/cjs/loader:1311:10)
    at Module.load (node:internal/modules/cjs/loader:1115:32)
    at Module._load (node:internal/modules/cjs/loader:962:12)
    at Function.executeUserEntryPoint [as runMain] (node:internal/modules/run_main:83:12) {
  code: &apos;MODULE_NOT_FOUND&apos;,
  requireStack: [
    &apos;/Users/nitsancohen/.bvm/versions/0.2.29/bit-0.2.29/node_modules/@teambit/legacy/bin/bit.js&apos;
  ]
}

Node.js v20.3.1
" type="Error"><![CDATA[Error: Command failed: bit init
node:internal/modules/cjs/loader:1075
  throw err;
  ^

Error: Cannot find module '../node_modules/@teambit/bit/dist/app'
Require stack:
- /Users/nitsancohen/.bvm/versions/0.2.29/bit-0.2.29/node_modules/@teambit/legacy/bin/bit.js
    at Module._resolveFilename (node:internal/modules/cjs/loader:1072:15)
    at Module._load (node:internal/modules/cjs/loader:925:27)
    at Module.require (node:internal/modules/cjs/loader:1139:19)
    at require (node:internal/modules/helpers:121:18)
    at Object.<anonymous> (/Users/nitsancohen/.bvm/versions/0.2.29/bit-0.2.29/node_modules/@teambit/legacy/bin/bit.js:3:1)
    at Module._compile (node:internal/modules/cjs/loader:1257:14)
    at Module._extensions..js (node:internal/modules/cjs/loader:1311:10)
    at Module.load (node:internal/modules/cjs/loader:1115:32)
    at Module._load (node:internal/modules/cjs/loader:962:12)
    at Function.executeUserEntryPoint [as runMain] (node:internal/modules/run_main:83:12) {
  code: 'MODULE_NOT_FOUND',
  requireStack: [
    '/Users/nitsancohen/.bvm/versions/0.2.29/bit-0.2.29/node_modules/@teambit/legacy/bin/bit.js'
  ]
}

Node.js v20.3.1

    at checkExecSyncError (node:child_process:885:11)
    at Object.execSync (node:child_process:957:15)
    at CommandHelper.runCmd (src/e2e-helper/e2e-command-helper.ts:64:22)
    at ScopeHelper.initWorkspace (src/e2e-helper/e2e-scope-helper.ts:126:25)
    at ScopeHelper.reInitLocalScope (src/e2e-helper/e2e-scope-helper.ts:87:10)
    at ScopeHelper.setNewLocalAndRemoteScopes (src/e2e-helper/e2e-scope-helper.ts:141:10)
    at Context.<anonymous> (e2e/harmony/rename.e2e.ts:21:26)
    at processImmediate (node:internal/timers:478:21)]]></failure>
    </testcase>
  </testsuite>
  <testsuite name="rename a new component" timestamp="2023-08-21T21:40:49" tests="3" file="/Users/nitsancohen/coding/my-bit/bit/e2e/harmony/rename.e2e.ts" time="0.0640" failures="1">
    <testcase name="bit rename command rename a new component &quot;before all&quot; hook for &quot;should remove the source component&quot;" time="0.0640" classname="&quot;before all&quot; hook for &quot;should remove the source component&quot;">
      <failure message="Command failed: bit init
node:internal/modules/cjs/loader:1075
  throw err;
  ^

Error: Cannot find module &apos;../node_modules/@teambit/bit/dist/app&apos;
Require stack:
- /Users/nitsancohen/.bvm/versions/0.2.29/bit-0.2.29/node_modules/@teambit/legacy/bin/bit.js
    at Module._resolveFilename (node:internal/modules/cjs/loader:1072:15)
    at Module._load (node:internal/modules/cjs/loader:925:27)
    at Module.require (node:internal/modules/cjs/loader:1139:19)
    at require (node:internal/modules/helpers:121:18)
    at Object.&lt;anonymous&gt; (/Users/nitsancohen/.bvm/versions/0.2.29/bit-0.2.29/node_modules/@teambit/legacy/bin/bit.js:3:1)
    at Module._compile (node:internal/modules/cjs/loader:1257:14)
    at Module._extensions..js (node:internal/modules/cjs/loader:1311:10)
    at Module.load (node:internal/modules/cjs/loader:1115:32)
    at Module._load (node:internal/modules/cjs/loader:962:12)
    at Function.executeUserEntryPoint [as runMain] (node:internal/modules/run_main:83:12) {
  code: &apos;MODULE_NOT_FOUND&apos;,
  requireStack: [
    &apos;/Users/nitsancohen/.bvm/versions/0.2.29/bit-0.2.29/node_modules/@teambit/legacy/bin/bit.js&apos;
  ]
}

Node.js v20.3.1
" type="Error"><![CDATA[Error: Command failed: bit init
node:internal/modules/cjs/loader:1075
  throw err;
  ^

Error: Cannot find module '../node_modules/@teambit/bit/dist/app'
Require stack:
- /Users/nitsancohen/.bvm/versions/0.2.29/bit-0.2.29/node_modules/@teambit/legacy/bin/bit.js
    at Module._resolveFilename (node:internal/modules/cjs/loader:1072:15)
    at Module._load (node:internal/modules/cjs/loader:925:27)
    at Module.require (node:internal/modules/cjs/loader:1139:19)
    at require (node:internal/modules/helpers:121:18)
    at Object.<anonymous> (/Users/nitsancohen/.bvm/versions/0.2.29/bit-0.2.29/node_modules/@teambit/legacy/bin/bit.js:3:1)
    at Module._compile (node:internal/modules/cjs/loader:1257:14)
    at Module._extensions..js (node:internal/modules/cjs/loader:1311:10)
    at Module.load (node:internal/modules/cjs/loader:1115:32)
    at Module._load (node:internal/modules/cjs/loader:962:12)
    at Function.executeUserEntryPoint [as runMain] (node:internal/modules/run_main:83:12) {
  code: 'MODULE_NOT_FOUND',
  requireStack: [
    '/Users/nitsancohen/.bvm/versions/0.2.29/bit-0.2.29/node_modules/@teambit/legacy/bin/bit.js'
  ]
}

Node.js v20.3.1

    at checkExecSyncError (node:child_process:885:11)
    at Object.execSync (node:child_process:957:15)
    at CommandHelper.runCmd (src/e2e-helper/e2e-command-helper.ts:64:22)
    at ScopeHelper.initWorkspace (src/e2e-helper/e2e-scope-helper.ts:126:25)
    at ScopeHelper.reInitLocalScope (src/e2e-helper/e2e-scope-helper.ts:87:10)
    at ScopeHelper.setNewLocalAndRemoteScopes (src/e2e-helper/e2e-scope-helper.ts:141:10)
    at Context.<anonymous> (e2e/harmony/rename.e2e.ts:87:26)
    at processImmediate (node:internal/timers:478:21)]]></failure>
    </testcase>
  </testsuite>
  <testsuite name="rename a new component scope-name" timestamp="2023-08-21T21:40:49" tests="1" file="/Users/nitsancohen/coding/my-bit/bit/e2e/harmony/rename.e2e.ts" time="0.0590" failures="1">
    <testcase name="bit rename command rename a new component scope-name &quot;before all&quot; hook for &quot;should change the defaultScope of the component&quot;" time="0.0590" classname="&quot;before all&quot; hook for &quot;should change the defaultScope of the component&quot;">
      <failure message="Command failed: bit init
node:internal/modules/cjs/loader:1075
  throw err;
  ^

Error: Cannot find module &apos;../node_modules/@teambit/bit/dist/app&apos;
Require stack:
- /Users/nitsancohen/.bvm/versions/0.2.29/bit-0.2.29/node_modules/@teambit/legacy/bin/bit.js
    at Module._resolveFilename (node:internal/modules/cjs/loader:1072:15)
    at Module._load (node:internal/modules/cjs/loader:925:27)
    at Module.require (node:internal/modules/cjs/loader:1139:19)
    at require (node:internal/modules/helpers:121:18)
    at Object.&lt;anonymous&gt; (/Users/nitsancohen/.bvm/versions/0.2.29/bit-0.2.29/node_modules/@teambit/legacy/bin/bit.js:3:1)
    at Module._compile (node:internal/modules/cjs/loader:1257:14)
    at Module._extensions..js (node:internal/modules/cjs/loader:1311:10)
    at Module.load (node:internal/modules/cjs/loader:1115:32)
    at Module._load (node:internal/modules/cjs/loader:962:12)
    at Function.executeUserEntryPoint [as runMain] (node:internal/modules/run_main:83:12) {
  code: &apos;MODULE_NOT_FOUND&apos;,
  requireStack: [
    &apos;/Users/nitsancohen/.bvm/versions/0.2.29/bit-0.2.29/node_modules/@teambit/legacy/bin/bit.js&apos;
  ]
}

Node.js v20.3.1
" type="Error"><![CDATA[Error: Command failed: bit init
node:internal/modules/cjs/loader:1075
  throw err;
  ^

Error: Cannot find module '../node_modules/@teambit/bit/dist/app'
Require stack:
- /Users/nitsancohen/.bvm/versions/0.2.29/bit-0.2.29/node_modules/@teambit/legacy/bin/bit.js
    at Module._resolveFilename (node:internal/modules/cjs/loader:1072:15)
    at Module._load (node:internal/modules/cjs/loader:925:27)
    at Module.require (node:internal/modules/cjs/loader:1139:19)
    at require (node:internal/modules/helpers:121:18)
    at Object.<anonymous> (/Users/nitsancohen/.bvm/versions/0.2.29/bit-0.2.29/node_modules/@teambit/legacy/bin/bit.js:3:1)
    at Module._compile (node:internal/modules/cjs/loader:1257:14)
    at Module._extensions..js (node:internal/modules/cjs/loader:1311:10)
    at Module.load (node:internal/modules/cjs/loader:1115:32)
    at Module._load (node:internal/modules/cjs/loader:962:12)
    at Function.executeUserEntryPoint [as runMain] (node:internal/modules/run_main:83:12) {
  code: 'MODULE_NOT_FOUND',
  requireStack: [
    '/Users/nitsancohen/.bvm/versions/0.2.29/bit-0.2.29/node_modules/@teambit/legacy/bin/bit.js'
  ]
}

Node.js v20.3.1

    at checkExecSyncError (node:child_process:885:11)
    at Object.execSync (node:child_process:957:15)
    at CommandHelper.runCmd (src/e2e-helper/e2e-command-helper.ts:64:22)
    at ScopeHelper.initWorkspace (src/e2e-helper/e2e-scope-helper.ts:126:25)
    at ScopeHelper.reInitLocalScope (src/e2e-helper/e2e-scope-helper.ts:87:10)
    at Context.<anonymous> (e2e/harmony/rename.e2e.ts:106:26)
    at processImmediate (node:internal/timers:478:21)]]></failure>
    </testcase>
  </testsuite>
  <testsuite name="rename with refactoring when the code has other non-import occurrences" timestamp="2023-08-21T21:40:49" tests="1" file="/Users/nitsancohen/coding/my-bit/bit/e2e/harmony/rename.e2e.ts" time="0.0590" failures="1">
    <testcase name="bit rename command rename with refactoring when the code has other non-import occurrences &quot;before all&quot; hook for &quot;should only replace the exact occurrence of the import statement, not others&quot;" time="0.0590" classname="&quot;before all&quot; hook for &quot;should only replace the exact occurrence of the import statement, not others&quot;">
      <failure message="Command failed: bit init
node:internal/modules/cjs/loader:1075
  throw err;
  ^

Error: Cannot find module &apos;../node_modules/@teambit/bit/dist/app&apos;
Require stack:
- /Users/nitsancohen/.bvm/versions/0.2.29/bit-0.2.29/node_modules/@teambit/legacy/bin/bit.js
    at Module._resolveFilename (node:internal/modules/cjs/loader:1072:15)
    at Module._load (node:internal/modules/cjs/loader:925:27)
    at Module.require (node:internal/modules/cjs/loader:1139:19)
    at require (node:internal/modules/helpers:121:18)
    at Object.&lt;anonymous&gt; (/Users/nitsancohen/.bvm/versions/0.2.29/bit-0.2.29/node_modules/@teambit/legacy/bin/bit.js:3:1)
    at Module._compile (node:internal/modules/cjs/loader:1257:14)
    at Module._extensions..js (node:internal/modules/cjs/loader:1311:10)
    at Module.load (node:internal/modules/cjs/loader:1115:32)
    at Module._load (node:internal/modules/cjs/loader:962:12)
    at Function.executeUserEntryPoint [as runMain] (node:internal/modules/run_main:83:12) {
  code: &apos;MODULE_NOT_FOUND&apos;,
  requireStack: [
    &apos;/Users/nitsancohen/.bvm/versions/0.2.29/bit-0.2.29/node_modules/@teambit/legacy/bin/bit.js&apos;
  ]
}

Node.js v20.3.1
" type="Error"><![CDATA[Error: Command failed: bit init
node:internal/modules/cjs/loader:1075
  throw err;
  ^

Error: Cannot find module '../node_modules/@teambit/bit/dist/app'
Require stack:
- /Users/nitsancohen/.bvm/versions/0.2.29/bit-0.2.29/node_modules/@teambit/legacy/bin/bit.js
    at Module._resolveFilename (node:internal/modules/cjs/loader:1072:15)
    at Module._load (node:internal/modules/cjs/loader:925:27)
    at Module.require (node:internal/modules/cjs/loader:1139:19)
    at require (node:internal/modules/helpers:121:18)
    at Object.<anonymous> (/Users/nitsancohen/.bvm/versions/0.2.29/bit-0.2.29/node_modules/@teambit/legacy/bin/bit.js:3:1)
    at Module._compile (node:internal/modules/cjs/loader:1257:14)
    at Module._extensions..js (node:internal/modules/cjs/loader:1311:10)
    at Module.load (node:internal/modules/cjs/loader:1115:32)
    at Module._load (node:internal/modules/cjs/loader:962:12)
    at Function.executeUserEntryPoint [as runMain] (node:internal/modules/run_main:83:12) {
  code: 'MODULE_NOT_FOUND',
  requireStack: [
    '/Users/nitsancohen/.bvm/versions/0.2.29/bit-0.2.29/node_modules/@teambit/legacy/bin/bit.js'
  ]
}

Node.js v20.3.1

    at checkExecSyncError (node:child_process:885:11)
    at Object.execSync (node:child_process:957:15)
    at CommandHelper.runCmd (src/e2e-helper/e2e-command-helper.ts:64:22)
    at ScopeHelper.initWorkspace (src/e2e-helper/e2e-scope-helper.ts:126:25)
    at ScopeHelper.reInitLocalScope (src/e2e-helper/e2e-scope-helper.ts:87:10)
    at Context.<anonymous> (e2e/harmony/rename.e2e.ts:117:26)
    at processImmediate (node:internal/timers:478:21)]]></failure>
    </testcase>
  </testsuite>
  <testsuite name="wrong rename with scope-name inside the name" timestamp="2023-08-21T21:40:49" tests="1" file="/Users/nitsancohen/coding/my-bit/bit/e2e/harmony/rename.e2e.ts" time="0.0590" failures="1">
    <testcase name="bit rename command wrong rename with scope-name inside the name &quot;before all&quot; hook for &quot;bit rename should throw&quot;" time="0.0590" classname="&quot;before all&quot; hook for &quot;bit rename should throw&quot;">
      <failure message="Command failed: bit init
node:internal/modules/cjs/loader:1075
  throw err;
  ^

Error: Cannot find module &apos;../node_modules/@teambit/bit/dist/app&apos;
Require stack:
- /Users/nitsancohen/.bvm/versions/0.2.29/bit-0.2.29/node_modules/@teambit/legacy/bin/bit.js
    at Module._resolveFilename (node:internal/modules/cjs/loader:1072:15)
    at Module._load (node:internal/modules/cjs/loader:925:27)
    at Module.require (node:internal/modules/cjs/loader:1139:19)
    at require (node:internal/modules/helpers:121:18)
    at Object.&lt;anonymous&gt; (/Users/nitsancohen/.bvm/versions/0.2.29/bit-0.2.29/node_modules/@teambit/legacy/bin/bit.js:3:1)
    at Module._compile (node:internal/modules/cjs/loader:1257:14)
    at Module._extensions..js (node:internal/modules/cjs/loader:1311:10)
    at Module.load (node:internal/modules/cjs/loader:1115:32)
    at Module._load (node:internal/modules/cjs/loader:962:12)
    at Function.executeUserEntryPoint [as runMain] (node:internal/modules/run_main:83:12) {
  code: &apos;MODULE_NOT_FOUND&apos;,
  requireStack: [
    &apos;/Users/nitsancohen/.bvm/versions/0.2.29/bit-0.2.29/node_modules/@teambit/legacy/bin/bit.js&apos;
  ]
}

Node.js v20.3.1
" type="Error"><![CDATA[Error: Command failed: bit init
node:internal/modules/cjs/loader:1075
  throw err;
  ^

Error: Cannot find module '../node_modules/@teambit/bit/dist/app'
Require stack:
- /Users/nitsancohen/.bvm/versions/0.2.29/bit-0.2.29/node_modules/@teambit/legacy/bin/bit.js
    at Module._resolveFilename (node:internal/modules/cjs/loader:1072:15)
    at Module._load (node:internal/modules/cjs/loader:925:27)
    at Module.require (node:internal/modules/cjs/loader:1139:19)
    at require (node:internal/modules/helpers:121:18)
    at Object.<anonymous> (/Users/nitsancohen/.bvm/versions/0.2.29/bit-0.2.29/node_modules/@teambit/legacy/bin/bit.js:3:1)
    at Module._compile (node:internal/modules/cjs/loader:1257:14)
    at Module._extensions..js (node:internal/modules/cjs/loader:1311:10)
    at Module.load (node:internal/modules/cjs/loader:1115:32)
    at Module._load (node:internal/modules/cjs/loader:962:12)
    at Function.executeUserEntryPoint [as runMain] (node:internal/modules/run_main:83:12) {
  code: 'MODULE_NOT_FOUND',
  requireStack: [
    '/Users/nitsancohen/.bvm/versions/0.2.29/bit-0.2.29/node_modules/@teambit/legacy/bin/bit.js'
  ]
}

Node.js v20.3.1

    at checkExecSyncError (node:child_process:885:11)
    at Object.execSync (node:child_process:957:15)
    at CommandHelper.runCmd (src/e2e-helper/e2e-command-helper.ts:64:22)
    at ScopeHelper.initWorkspace (src/e2e-helper/e2e-scope-helper.ts:126:25)
    at ScopeHelper.reInitLocalScope (src/e2e-helper/e2e-scope-helper.ts:87:10)
    at ScopeHelper.setNewLocalAndRemoteScopes (src/e2e-helper/e2e-scope-helper.ts:141:10)
    at Context.<anonymous> (e2e/harmony/rename.e2e.ts:136:26)
    at processImmediate (node:internal/timers:478:21)]]></failure>
    </testcase>
  </testsuite>
  <testsuite name="rename scope-name without refactoring" timestamp="2023-08-21T21:40:49" tests="1" file="/Users/nitsancohen/coding/my-bit/bit/e2e/harmony/rename.e2e.ts" time="0.0600" failures="1">
    <testcase name="bit rename command rename scope-name without refactoring &quot;before all&quot; hook for &quot;bit status should show an issue because the code points to the renamed component&quot;" time="0.0600" classname="&quot;before all&quot; hook for &quot;bit status should show an issue because the code points to the renamed component&quot;">
      <failure message="Command failed: bit init
node:internal/modules/cjs/loader:1075
  throw err;
  ^

Error: Cannot find module &apos;../node_modules/@teambit/bit/dist/app&apos;
Require stack:
- /Users/nitsancohen/.bvm/versions/0.2.29/bit-0.2.29/node_modules/@teambit/legacy/bin/bit.js
    at Module._resolveFilename (node:internal/modules/cjs/loader:1072:15)
    at Module._load (node:internal/modules/cjs/loader:925:27)
    at Module.require (node:internal/modules/cjs/loader:1139:19)
    at require (node:internal/modules/helpers:121:18)
    at Object.&lt;anonymous&gt; (/Users/nitsancohen/.bvm/versions/0.2.29/bit-0.2.29/node_modules/@teambit/legacy/bin/bit.js:3:1)
    at Module._compile (node:internal/modules/cjs/loader:1257:14)
    at Module._extensions..js (node:internal/modules/cjs/loader:1311:10)
    at Module.load (node:internal/modules/cjs/loader:1115:32)
    at Module._load (node:internal/modules/cjs/loader:962:12)
    at Function.executeUserEntryPoint [as runMain] (node:internal/modules/run_main:83:12) {
  code: &apos;MODULE_NOT_FOUND&apos;,
  requireStack: [
    &apos;/Users/nitsancohen/.bvm/versions/0.2.29/bit-0.2.29/node_modules/@teambit/legacy/bin/bit.js&apos;
  ]
}

Node.js v20.3.1
" type="Error"><![CDATA[Error: Command failed: bit init
node:internal/modules/cjs/loader:1075
  throw err;
  ^

Error: Cannot find module '../node_modules/@teambit/bit/dist/app'
Require stack:
- /Users/nitsancohen/.bvm/versions/0.2.29/bit-0.2.29/node_modules/@teambit/legacy/bin/bit.js
    at Module._resolveFilename (node:internal/modules/cjs/loader:1072:15)
    at Module._load (node:internal/modules/cjs/loader:925:27)
    at Module.require (node:internal/modules/cjs/loader:1139:19)
    at require (node:internal/modules/helpers:121:18)
    at Object.<anonymous> (/Users/nitsancohen/.bvm/versions/0.2.29/bit-0.2.29/node_modules/@teambit/legacy/bin/bit.js:3:1)
    at Module._compile (node:internal/modules/cjs/loader:1257:14)
    at Module._extensions..js (node:internal/modules/cjs/loader:1311:10)
    at Module.load (node:internal/modules/cjs/loader:1115:32)
    at Module._load (node:internal/modules/cjs/loader:962:12)
    at Function.executeUserEntryPoint [as runMain] (node:internal/modules/run_main:83:12) {
  code: 'MODULE_NOT_FOUND',
  requireStack: [
    '/Users/nitsancohen/.bvm/versions/0.2.29/bit-0.2.29/node_modules/@teambit/legacy/bin/bit.js'
  ]
}

Node.js v20.3.1

    at checkExecSyncError (node:child_process:885:11)
    at Object.execSync (node:child_process:957:15)
    at CommandHelper.runCmd (src/e2e-helper/e2e-command-helper.ts:64:22)
    at ScopeHelper.initWorkspace (src/e2e-helper/e2e-scope-helper.ts:126:25)
    at ScopeHelper.reInitLocalScope (src/e2e-helper/e2e-scope-helper.ts:87:10)
    at ScopeHelper.setNewLocalAndRemoteScopes (src/e2e-helper/e2e-scope-helper.ts:141:10)
    at Context.<anonymous> (e2e/harmony/rename.e2e.ts:148:26)
    at processImmediate (node:internal/timers:478:21)]]></failure>
    </testcase>
  </testsuite>
  <testsuite name="rename scope-name with refactoring" timestamp="2023-08-21T21:40:49" tests="1" file="/Users/nitsancohen/coding/my-bit/bit/e2e/harmony/rename.e2e.ts" time="0.0620" failures="1">
    <testcase name="bit rename command rename scope-name with refactoring &quot;before all&quot; hook for &quot;bit status should not show an issue because the source code has changed to the new package-name&quot;" time="0.0620" classname="&quot;before all&quot; hook for &quot;bit status should not show an issue because the source code has changed to the new package-name&quot;">
      <failure message="Command failed: bit init
node:internal/modules/cjs/loader:1075
  throw err;
  ^

Error: Cannot find module &apos;../node_modules/@teambit/bit/dist/app&apos;
Require stack:
- /Users/nitsancohen/.bvm/versions/0.2.29/bit-0.2.29/node_modules/@teambit/legacy/bin/bit.js
    at Module._resolveFilename (node:internal/modules/cjs/loader:1072:15)
    at Module._load (node:internal/modules/cjs/loader:925:27)
    at Module.require (node:internal/modules/cjs/loader:1139:19)
    at require (node:internal/modules/helpers:121:18)
    at Object.&lt;anonymous&gt; (/Users/nitsancohen/.bvm/versions/0.2.29/bit-0.2.29/node_modules/@teambit/legacy/bin/bit.js:3:1)
    at Module._compile (node:internal/modules/cjs/loader:1257:14)
    at Module._extensions..js (node:internal/modules/cjs/loader:1311:10)
    at Module.load (node:internal/modules/cjs/loader:1115:32)
    at Module._load (node:internal/modules/cjs/loader:962:12)
    at Function.executeUserEntryPoint [as runMain] (node:internal/modules/run_main:83:12) {
  code: &apos;MODULE_NOT_FOUND&apos;,
  requireStack: [
    &apos;/Users/nitsancohen/.bvm/versions/0.2.29/bit-0.2.29/node_modules/@teambit/legacy/bin/bit.js&apos;
  ]
}

Node.js v20.3.1
" type="Error"><![CDATA[Error: Command failed: bit init
node:internal/modules/cjs/loader:1075
  throw err;
  ^

Error: Cannot find module '../node_modules/@teambit/bit/dist/app'
Require stack:
- /Users/nitsancohen/.bvm/versions/0.2.29/bit-0.2.29/node_modules/@teambit/legacy/bin/bit.js
    at Module._resolveFilename (node:internal/modules/cjs/loader:1072:15)
    at Module._load (node:internal/modules/cjs/loader:925:27)
    at Module.require (node:internal/modules/cjs/loader:1139:19)
    at require (node:internal/modules/helpers:121:18)
    at Object.<anonymous> (/Users/nitsancohen/.bvm/versions/0.2.29/bit-0.2.29/node_modules/@teambit/legacy/bin/bit.js:3:1)
    at Module._compile (node:internal/modules/cjs/loader:1257:14)
    at Module._extensions..js (node:internal/modules/cjs/loader:1311:10)
    at Module.load (node:internal/modules/cjs/loader:1115:32)
    at Module._load (node:internal/modules/cjs/loader:962:12)
    at Function.executeUserEntryPoint [as runMain] (node:internal/modules/run_main:83:12) {
  code: 'MODULE_NOT_FOUND',
  requireStack: [
    '/Users/nitsancohen/.bvm/versions/0.2.29/bit-0.2.29/node_modules/@teambit/legacy/bin/bit.js'
  ]
}

Node.js v20.3.1

    at checkExecSyncError (node:child_process:885:11)
    at Object.execSync (node:child_process:957:15)
    at CommandHelper.runCmd (src/e2e-helper/e2e-command-helper.ts:64:22)
    at ScopeHelper.initWorkspace (src/e2e-helper/e2e-scope-helper.ts:126:25)
    at ScopeHelper.reInitLocalScope (src/e2e-helper/e2e-scope-helper.ts:87:10)
    at ScopeHelper.setNewLocalAndRemoteScopes (src/e2e-helper/e2e-scope-helper.ts:141:10)
    at Context.<anonymous> (e2e/harmony/rename.e2e.ts:159:26)
    at processImmediate (node:internal/timers:478:21)]]></failure>
    </testcase>
  </testsuite>
  <testsuite name="rename a new aspect without --preserve flag" timestamp="2023-08-21T21:40:49" tests="3" file="/Users/nitsancohen/coding/my-bit/bit/e2e/harmony/rename.e2e.ts" time="0.0600" failures="1">
    <testcase name="bit rename command rename a new aspect without --preserve flag &quot;before all&quot; hook for &quot;should rename the root-dir&quot;" time="0.0600" classname="&quot;before all&quot; hook for &quot;should rename the root-dir&quot;">
      <failure message="Command failed: bit init
node:internal/modules/cjs/loader:1075
  throw err;
  ^

Error: Cannot find module &apos;../node_modules/@teambit/bit/dist/app&apos;
Require stack:
- /Users/nitsancohen/.bvm/versions/0.2.29/bit-0.2.29/node_modules/@teambit/legacy/bin/bit.js
    at Module._resolveFilename (node:internal/modules/cjs/loader:1072:15)
    at Module._load (node:internal/modules/cjs/loader:925:27)
    at Module.require (node:internal/modules/cjs/loader:1139:19)
    at require (node:internal/modules/helpers:121:18)
    at Object.&lt;anonymous&gt; (/Users/nitsancohen/.bvm/versions/0.2.29/bit-0.2.29/node_modules/@teambit/legacy/bin/bit.js:3:1)
    at Module._compile (node:internal/modules/cjs/loader:1257:14)
    at Module._extensions..js (node:internal/modules/cjs/loader:1311:10)
    at Module.load (node:internal/modules/cjs/loader:1115:32)
    at Module._load (node:internal/modules/cjs/loader:962:12)
    at Function.executeUserEntryPoint [as runMain] (node:internal/modules/run_main:83:12) {
  code: &apos;MODULE_NOT_FOUND&apos;,
  requireStack: [
    &apos;/Users/nitsancohen/.bvm/versions/0.2.29/bit-0.2.29/node_modules/@teambit/legacy/bin/bit.js&apos;
  ]
}

Node.js v20.3.1
" type="Error"><![CDATA[Error: Command failed: bit init
node:internal/modules/cjs/loader:1075
  throw err;
  ^

Error: Cannot find module '../node_modules/@teambit/bit/dist/app'
Require stack:
- /Users/nitsancohen/.bvm/versions/0.2.29/bit-0.2.29/node_modules/@teambit/legacy/bin/bit.js
    at Module._resolveFilename (node:internal/modules/cjs/loader:1072:15)
    at Module._load (node:internal/modules/cjs/loader:925:27)
    at Module.require (node:internal/modules/cjs/loader:1139:19)
    at require (node:internal/modules/helpers:121:18)
    at Object.<anonymous> (/Users/nitsancohen/.bvm/versions/0.2.29/bit-0.2.29/node_modules/@teambit/legacy/bin/bit.js:3:1)
    at Module._compile (node:internal/modules/cjs/loader:1257:14)
    at Module._extensions..js (node:internal/modules/cjs/loader:1311:10)
    at Module.load (node:internal/modules/cjs/loader:1115:32)
    at Module._load (node:internal/modules/cjs/loader:962:12)
    at Function.executeUserEntryPoint [as runMain] (node:internal/modules/run_main:83:12) {
  code: 'MODULE_NOT_FOUND',
  requireStack: [
    '/Users/nitsancohen/.bvm/versions/0.2.29/bit-0.2.29/node_modules/@teambit/legacy/bin/bit.js'
  ]
}

Node.js v20.3.1

    at checkExecSyncError (node:child_process:885:11)
    at Object.execSync (node:child_process:957:15)
    at CommandHelper.runCmd (src/e2e-helper/e2e-command-helper.ts:64:22)
    at ScopeHelper.initWorkspace (src/e2e-helper/e2e-scope-helper.ts:126:25)
    at ScopeHelper.reInitLocalScope (src/e2e-helper/e2e-scope-helper.ts:87:10)
    at ScopeHelper.setNewLocalAndRemoteScopes (src/e2e-helper/e2e-scope-helper.ts:141:10)
    at Context.<anonymous> (e2e/harmony/rename.e2e.ts:171:26)
    at processImmediate (node:internal/timers:478:21)]]></failure>
    </testcase>
  </testsuite>
  <testsuite name="rename a new aspect with --preserve flag" timestamp="2023-08-21T21:40:49" tests="3" file="/Users/nitsancohen/coding/my-bit/bit/e2e/harmony/rename.e2e.ts" time="0.0630" failures="1">
    <testcase name="bit rename command rename a new aspect with --preserve flag &quot;before all&quot; hook for &quot;should not rename the root-dir&quot;" time="0.0630" classname="&quot;before all&quot; hook for &quot;should not rename the root-dir&quot;">
      <failure message="Command failed: bit init
node:internal/modules/cjs/loader:1075
  throw err;
  ^

Error: Cannot find module &apos;../node_modules/@teambit/bit/dist/app&apos;
Require stack:
- /Users/nitsancohen/.bvm/versions/0.2.29/bit-0.2.29/node_modules/@teambit/legacy/bin/bit.js
    at Module._resolveFilename (node:internal/modules/cjs/loader:1072:15)
    at Module._load (node:internal/modules/cjs/loader:925:27)
    at Module.require (node:internal/modules/cjs/loader:1139:19)
    at require (node:internal/modules/helpers:121:18)
    at Object.&lt;anonymous&gt; (/Users/nitsancohen/.bvm/versions/0.2.29/bit-0.2.29/node_modules/@teambit/legacy/bin/bit.js:3:1)
    at Module._compile (node:internal/modules/cjs/loader:1257:14)
    at Module._extensions..js (node:internal/modules/cjs/loader:1311:10)
    at Module.load (node:internal/modules/cjs/loader:1115:32)
    at Module._load (node:internal/modules/cjs/loader:962:12)
    at Function.executeUserEntryPoint [as runMain] (node:internal/modules/run_main:83:12) {
  code: &apos;MODULE_NOT_FOUND&apos;,
  requireStack: [
    &apos;/Users/nitsancohen/.bvm/versions/0.2.29/bit-0.2.29/node_modules/@teambit/legacy/bin/bit.js&apos;
  ]
}

Node.js v20.3.1
" type="Error"><![CDATA[Error: Command failed: bit init
node:internal/modules/cjs/loader:1075
  throw err;
  ^

Error: Cannot find module '../node_modules/@teambit/bit/dist/app'
Require stack:
- /Users/nitsancohen/.bvm/versions/0.2.29/bit-0.2.29/node_modules/@teambit/legacy/bin/bit.js
    at Module._resolveFilename (node:internal/modules/cjs/loader:1072:15)
    at Module._load (node:internal/modules/cjs/loader:925:27)
    at Module.require (node:internal/modules/cjs/loader:1139:19)
    at require (node:internal/modules/helpers:121:18)
    at Object.<anonymous> (/Users/nitsancohen/.bvm/versions/0.2.29/bit-0.2.29/node_modules/@teambit/legacy/bin/bit.js:3:1)
    at Module._compile (node:internal/modules/cjs/loader:1257:14)
    at Module._extensions..js (node:internal/modules/cjs/loader:1311:10)
    at Module.load (node:internal/modules/cjs/loader:1115:32)
    at Module._load (node:internal/modules/cjs/loader:962:12)
    at Function.executeUserEntryPoint [as runMain] (node:internal/modules/run_main:83:12) {
  code: 'MODULE_NOT_FOUND',
  requireStack: [
    '/Users/nitsancohen/.bvm/versions/0.2.29/bit-0.2.29/node_modules/@teambit/legacy/bin/bit.js'
  ]
}

Node.js v20.3.1

    at checkExecSyncError (node:child_process:885:11)
    at Object.execSync (node:child_process:957:15)
    at CommandHelper.runCmd (src/e2e-helper/e2e-command-helper.ts:64:22)
    at ScopeHelper.initWorkspace (src/e2e-helper/e2e-scope-helper.ts:126:25)
    at ScopeHelper.reInitLocalScope (src/e2e-helper/e2e-scope-helper.ts:87:10)
    at ScopeHelper.setNewLocalAndRemoteScopes (src/e2e-helper/e2e-scope-helper.ts:141:10)
    at Context.<anonymous> (e2e/harmony/rename.e2e.ts:193:26)
    at processImmediate (node:internal/timers:478:21)]]></failure>
    </testcase>
  </testsuite>
  <testsuite name="rename an exported aspect" timestamp="2023-08-21T21:40:49" tests="3" file="/Users/nitsancohen/coding/my-bit/bit/e2e/harmony/rename.e2e.ts" time="0.0610" failures="1">
    <testcase name="bit rename command rename an exported aspect &quot;before all&quot; hook for &quot;should rename the files&quot;" time="0.0610" classname="&quot;before all&quot; hook for &quot;should rename the files&quot;">
      <failure message="Command failed: bit init
node:internal/modules/cjs/loader:1075
  throw err;
  ^

Error: Cannot find module &apos;../node_modules/@teambit/bit/dist/app&apos;
Require stack:
- /Users/nitsancohen/.bvm/versions/0.2.29/bit-0.2.29/node_modules/@teambit/legacy/bin/bit.js
    at Module._resolveFilename (node:internal/modules/cjs/loader:1072:15)
    at Module._load (node:internal/modules/cjs/loader:925:27)
    at Module.require (node:internal/modules/cjs/loader:1139:19)
    at require (node:internal/modules/helpers:121:18)
    at Object.&lt;anonymous&gt; (/Users/nitsancohen/.bvm/versions/0.2.29/bit-0.2.29/node_modules/@teambit/legacy/bin/bit.js:3:1)
    at Module._compile (node:internal/modules/cjs/loader:1257:14)
    at Module._extensions..js (node:internal/modules/cjs/loader:1311:10)
    at Module.load (node:internal/modules/cjs/loader:1115:32)
    at Module._load (node:internal/modules/cjs/loader:962:12)
    at Function.executeUserEntryPoint [as runMain] (node:internal/modules/run_main:83:12) {
  code: &apos;MODULE_NOT_FOUND&apos;,
  requireStack: [
    &apos;/Users/nitsancohen/.bvm/versions/0.2.29/bit-0.2.29/node_modules/@teambit/legacy/bin/bit.js&apos;
  ]
}

Node.js v20.3.1
" type="Error"><![CDATA[Error: Command failed: bit init
node:internal/modules/cjs/loader:1075
  throw err;
  ^

Error: Cannot find module '../node_modules/@teambit/bit/dist/app'
Require stack:
- /Users/nitsancohen/.bvm/versions/0.2.29/bit-0.2.29/node_modules/@teambit/legacy/bin/bit.js
    at Module._resolveFilename (node:internal/modules/cjs/loader:1072:15)
    at Module._load (node:internal/modules/cjs/loader:925:27)
    at Module.require (node:internal/modules/cjs/loader:1139:19)
    at require (node:internal/modules/helpers:121:18)
    at Object.<anonymous> (/Users/nitsancohen/.bvm/versions/0.2.29/bit-0.2.29/node_modules/@teambit/legacy/bin/bit.js:3:1)
    at Module._compile (node:internal/modules/cjs/loader:1257:14)
    at Module._extensions..js (node:internal/modules/cjs/loader:1311:10)
    at Module.load (node:internal/modules/cjs/loader:1115:32)
    at Module._load (node:internal/modules/cjs/loader:962:12)
    at Function.executeUserEntryPoint [as runMain] (node:internal/modules/run_main:83:12) {
  code: 'MODULE_NOT_FOUND',
  requireStack: [
    '/Users/nitsancohen/.bvm/versions/0.2.29/bit-0.2.29/node_modules/@teambit/legacy/bin/bit.js'
  ]
}

Node.js v20.3.1

    at checkExecSyncError (node:child_process:885:11)
    at Object.execSync (node:child_process:957:15)
    at CommandHelper.runCmd (src/e2e-helper/e2e-command-helper.ts:64:22)
    at ScopeHelper.initWorkspace (src/e2e-helper/e2e-scope-helper.ts:126:25)
    at ScopeHelper.reInitLocalScope (src/e2e-helper/e2e-scope-helper.ts:87:10)
    at ScopeHelper.setNewLocalAndRemoteScopes (src/e2e-helper/e2e-scope-helper.ts:141:10)
    at Context.<anonymous> (e2e/harmony/rename.e2e.ts:217:26)
    at processImmediate (node:internal/timers:478:21)]]></failure>
    </testcase>
  </testsuite>
  <testsuite name="bit revert command" timestamp="2023-08-21T21:40:49" tests="0" file="/Users/nitsancohen/coding/my-bit/bit/e2e/harmony/revert.e2e.ts" time="0.0000" failures="0">
  </testsuite>
  <testsuite name="basic revert" timestamp="2023-08-21T21:40:49" tests="2" file="/Users/nitsancohen/coding/my-bit/bit/e2e/harmony/revert.e2e.ts" time="0.0590" failures="1">
    <testcase name="bit revert command basic revert &quot;before all&quot; hook for &quot;should change the code to the specified version&quot;" time="0.0590" classname="&quot;before all&quot; hook for &quot;should change the code to the specified version&quot;">
      <failure message="Command failed: bit init
node:internal/modules/cjs/loader:1075
  throw err;
  ^

Error: Cannot find module &apos;../node_modules/@teambit/bit/dist/app&apos;
Require stack:
- /Users/nitsancohen/.bvm/versions/0.2.29/bit-0.2.29/node_modules/@teambit/legacy/bin/bit.js
    at Module._resolveFilename (node:internal/modules/cjs/loader:1072:15)
    at Module._load (node:internal/modules/cjs/loader:925:27)
    at Module.require (node:internal/modules/cjs/loader:1139:19)
    at require (node:internal/modules/helpers:121:18)
    at Object.&lt;anonymous&gt; (/Users/nitsancohen/.bvm/versions/0.2.29/bit-0.2.29/node_modules/@teambit/legacy/bin/bit.js:3:1)
    at Module._compile (node:internal/modules/cjs/loader:1257:14)
    at Module._extensions..js (node:internal/modules/cjs/loader:1311:10)
    at Module.load (node:internal/modules/cjs/loader:1115:32)
    at Module._load (node:internal/modules/cjs/loader:962:12)
    at Function.executeUserEntryPoint [as runMain] (node:internal/modules/run_main:83:12) {
  code: &apos;MODULE_NOT_FOUND&apos;,
  requireStack: [
    &apos;/Users/nitsancohen/.bvm/versions/0.2.29/bit-0.2.29/node_modules/@teambit/legacy/bin/bit.js&apos;
  ]
}

Node.js v20.3.1
" type="Error"><![CDATA[Error: Command failed: bit init
node:internal/modules/cjs/loader:1075
  throw err;
  ^

Error: Cannot find module '../node_modules/@teambit/bit/dist/app'
Require stack:
- /Users/nitsancohen/.bvm/versions/0.2.29/bit-0.2.29/node_modules/@teambit/legacy/bin/bit.js
    at Module._resolveFilename (node:internal/modules/cjs/loader:1072:15)
    at Module._load (node:internal/modules/cjs/loader:925:27)
    at Module.require (node:internal/modules/cjs/loader:1139:19)
    at require (node:internal/modules/helpers:121:18)
    at Object.<anonymous> (/Users/nitsancohen/.bvm/versions/0.2.29/bit-0.2.29/node_modules/@teambit/legacy/bin/bit.js:3:1)
    at Module._compile (node:internal/modules/cjs/loader:1257:14)
    at Module._extensions..js (node:internal/modules/cjs/loader:1311:10)
    at Module.load (node:internal/modules/cjs/loader:1115:32)
    at Module._load (node:internal/modules/cjs/loader:962:12)
    at Function.executeUserEntryPoint [as runMain] (node:internal/modules/run_main:83:12) {
  code: 'MODULE_NOT_FOUND',
  requireStack: [
    '/Users/nitsancohen/.bvm/versions/0.2.29/bit-0.2.29/node_modules/@teambit/legacy/bin/bit.js'
  ]
}

Node.js v20.3.1

    at checkExecSyncError (node:child_process:885:11)
    at Object.execSync (node:child_process:957:15)
    at CommandHelper.runCmd (src/e2e-helper/e2e-command-helper.ts:64:22)
    at ScopeHelper.initWorkspace (src/e2e-helper/e2e-scope-helper.ts:126:25)
    at ScopeHelper.reInitLocalScope (src/e2e-helper/e2e-scope-helper.ts:87:10)
    at ScopeHelper.setNewLocalAndRemoteScopes (src/e2e-helper/e2e-scope-helper.ts:141:10)
    at Context.<anonymous> (e2e/harmony/revert.e2e.ts:18:26)
    at processImmediate (node:internal/timers:478:21)]]></failure>
    </testcase>
  </testsuite>
  <testsuite name="revert from lane to main" timestamp="2023-08-21T21:40:50" tests="2" file="/Users/nitsancohen/coding/my-bit/bit/e2e/harmony/revert.e2e.ts" time="0.0620" failures="1">
    <testcase name="bit revert command revert from lane to main &quot;before all&quot; hook for &quot;should change the code according to main&quot;" time="0.0620" classname="&quot;before all&quot; hook for &quot;should change the code according to main&quot;">
      <failure message="Command failed: bit init
node:internal/modules/cjs/loader:1075
  throw err;
  ^

Error: Cannot find module &apos;../node_modules/@teambit/bit/dist/app&apos;
Require stack:
- /Users/nitsancohen/.bvm/versions/0.2.29/bit-0.2.29/node_modules/@teambit/legacy/bin/bit.js
    at Module._resolveFilename (node:internal/modules/cjs/loader:1072:15)
    at Module._load (node:internal/modules/cjs/loader:925:27)
    at Module.require (node:internal/modules/cjs/loader:1139:19)
    at require (node:internal/modules/helpers:121:18)
    at Object.&lt;anonymous&gt; (/Users/nitsancohen/.bvm/versions/0.2.29/bit-0.2.29/node_modules/@teambit/legacy/bin/bit.js:3:1)
    at Module._compile (node:internal/modules/cjs/loader:1257:14)
    at Module._extensions..js (node:internal/modules/cjs/loader:1311:10)
    at Module.load (node:internal/modules/cjs/loader:1115:32)
    at Module._load (node:internal/modules/cjs/loader:962:12)
    at Function.executeUserEntryPoint [as runMain] (node:internal/modules/run_main:83:12) {
  code: &apos;MODULE_NOT_FOUND&apos;,
  requireStack: [
    &apos;/Users/nitsancohen/.bvm/versions/0.2.29/bit-0.2.29/node_modules/@teambit/legacy/bin/bit.js&apos;
  ]
}

Node.js v20.3.1
" type="Error"><![CDATA[Error: Command failed: bit init
node:internal/modules/cjs/loader:1075
  throw err;
  ^

Error: Cannot find module '../node_modules/@teambit/bit/dist/app'
Require stack:
- /Users/nitsancohen/.bvm/versions/0.2.29/bit-0.2.29/node_modules/@teambit/legacy/bin/bit.js
    at Module._resolveFilename (node:internal/modules/cjs/loader:1072:15)
    at Module._load (node:internal/modules/cjs/loader:925:27)
    at Module.require (node:internal/modules/cjs/loader:1139:19)
    at require (node:internal/modules/helpers:121:18)
    at Object.<anonymous> (/Users/nitsancohen/.bvm/versions/0.2.29/bit-0.2.29/node_modules/@teambit/legacy/bin/bit.js:3:1)
    at Module._compile (node:internal/modules/cjs/loader:1257:14)
    at Module._extensions..js (node:internal/modules/cjs/loader:1311:10)
    at Module.load (node:internal/modules/cjs/loader:1115:32)
    at Module._load (node:internal/modules/cjs/loader:962:12)
    at Function.executeUserEntryPoint [as runMain] (node:internal/modules/run_main:83:12) {
  code: 'MODULE_NOT_FOUND',
  requireStack: [
    '/Users/nitsancohen/.bvm/versions/0.2.29/bit-0.2.29/node_modules/@teambit/legacy/bin/bit.js'
  ]
}

Node.js v20.3.1

    at checkExecSyncError (node:child_process:885:11)
    at Object.execSync (node:child_process:957:15)
    at CommandHelper.runCmd (src/e2e-helper/e2e-command-helper.ts:64:22)
    at ScopeHelper.initWorkspace (src/e2e-helper/e2e-scope-helper.ts:126:25)
    at ScopeHelper.reInitLocalScope (src/e2e-helper/e2e-scope-helper.ts:87:10)
    at ScopeHelper.setNewLocalAndRemoteScopes (src/e2e-helper/e2e-scope-helper.ts:141:10)
    at Context.<anonymous> (e2e/harmony/revert.e2e.ts:49:26)
    at processImmediate (node:internal/timers:478:21)]]></failure>
    </testcase>
  </testsuite>
  <testsuite name="app root components" timestamp="2023-08-21T21:40:50" tests="0" file="/Users/nitsancohen/coding/my-bit/bit/e2e/harmony/root-components.e2e.ts" time="0.0000" failures="0">
  </testsuite>
  <testsuite name="pnpm isolated linker" timestamp="2023-08-21T21:40:50" tests="8" file="/Users/nitsancohen/coding/my-bit/bit/e2e/harmony/root-components.e2e.ts" time="0.0600" failures="1">
    <testcase name="app root components pnpm isolated linker &quot;before all&quot; hook for &quot;should install root components&quot;" time="0.0600" classname="&quot;before all&quot; hook for &quot;should install root components&quot;">
      <failure message="Command failed: bit init
node:internal/modules/cjs/loader:1075
  throw err;
  ^

Error: Cannot find module &apos;../node_modules/@teambit/bit/dist/app&apos;
Require stack:
- /Users/nitsancohen/.bvm/versions/0.2.29/bit-0.2.29/node_modules/@teambit/legacy/bin/bit.js
    at Module._resolveFilename (node:internal/modules/cjs/loader:1072:15)
    at Module._load (node:internal/modules/cjs/loader:925:27)
    at Module.require (node:internal/modules/cjs/loader:1139:19)
    at require (node:internal/modules/helpers:121:18)
    at Object.&lt;anonymous&gt; (/Users/nitsancohen/.bvm/versions/0.2.29/bit-0.2.29/node_modules/@teambit/legacy/bin/bit.js:3:1)
    at Module._compile (node:internal/modules/cjs/loader:1257:14)
    at Module._extensions..js (node:internal/modules/cjs/loader:1311:10)
    at Module.load (node:internal/modules/cjs/loader:1115:32)
    at Module._load (node:internal/modules/cjs/loader:962:12)
    at Function.executeUserEntryPoint [as runMain] (node:internal/modules/run_main:83:12) {
  code: &apos;MODULE_NOT_FOUND&apos;,
  requireStack: [
    &apos;/Users/nitsancohen/.bvm/versions/0.2.29/bit-0.2.29/node_modules/@teambit/legacy/bin/bit.js&apos;
  ]
}

Node.js v20.3.1
" type="Error"><![CDATA[Error: Command failed: bit init
node:internal/modules/cjs/loader:1075
  throw err;
  ^

Error: Cannot find module '../node_modules/@teambit/bit/dist/app'
Require stack:
- /Users/nitsancohen/.bvm/versions/0.2.29/bit-0.2.29/node_modules/@teambit/legacy/bin/bit.js
    at Module._resolveFilename (node:internal/modules/cjs/loader:1072:15)
    at Module._load (node:internal/modules/cjs/loader:925:27)
    at Module.require (node:internal/modules/cjs/loader:1139:19)
    at require (node:internal/modules/helpers:121:18)
    at Object.<anonymous> (/Users/nitsancohen/.bvm/versions/0.2.29/bit-0.2.29/node_modules/@teambit/legacy/bin/bit.js:3:1)
    at Module._compile (node:internal/modules/cjs/loader:1257:14)
    at Module._extensions..js (node:internal/modules/cjs/loader:1311:10)
    at Module.load (node:internal/modules/cjs/loader:1115:32)
    at Module._load (node:internal/modules/cjs/loader:962:12)
    at Function.executeUserEntryPoint [as runMain] (node:internal/modules/run_main:83:12) {
  code: 'MODULE_NOT_FOUND',
  requireStack: [
    '/Users/nitsancohen/.bvm/versions/0.2.29/bit-0.2.29/node_modules/@teambit/legacy/bin/bit.js'
  ]
}

Node.js v20.3.1

    at checkExecSyncError (node:child_process:885:11)
    at Object.execSync (node:child_process:957:15)
    at CommandHelper.runCmd (src/e2e-helper/e2e-command-helper.ts:64:22)
    at ScopeHelper.initWorkspace (src/e2e-helper/e2e-scope-helper.ts:126:25)
    at ScopeHelper.reInitLocalScope (src/e2e-helper/e2e-scope-helper.ts:87:10)
    at ScopeHelper.setNewLocalAndRemoteScopes (src/e2e-helper/e2e-scope-helper.ts:141:10)
    at Context.<anonymous> (e2e/harmony/root-components.e2e.ts:19:26)
    at processImmediate (node:internal/timers:478:21)]]></failure>
    </testcase>
  </testsuite>
  <testsuite name="pnpm hoisted linker" timestamp="2023-08-21T21:40:50" tests="5" file="/Users/nitsancohen/coding/my-bit/bit/e2e/harmony/root-components.e2e.ts" time="0.0600" failures="1">
    <testcase name="app root components pnpm hoisted linker &quot;before all&quot; hook for &quot;should install root components&quot;" time="0.0600" classname="&quot;before all&quot; hook for &quot;should install root components&quot;">
      <failure message="Command failed: bit init
node:internal/modules/cjs/loader:1075
  throw err;
  ^

Error: Cannot find module &apos;../node_modules/@teambit/bit/dist/app&apos;
Require stack:
- /Users/nitsancohen/.bvm/versions/0.2.29/bit-0.2.29/node_modules/@teambit/legacy/bin/bit.js
    at Module._resolveFilename (node:internal/modules/cjs/loader:1072:15)
    at Module._load (node:internal/modules/cjs/loader:925:27)
    at Module.require (node:internal/modules/cjs/loader:1139:19)
    at require (node:internal/modules/helpers:121:18)
    at Object.&lt;anonymous&gt; (/Users/nitsancohen/.bvm/versions/0.2.29/bit-0.2.29/node_modules/@teambit/legacy/bin/bit.js:3:1)
    at Module._compile (node:internal/modules/cjs/loader:1257:14)
    at Module._extensions..js (node:internal/modules/cjs/loader:1311:10)
    at Module.load (node:internal/modules/cjs/loader:1115:32)
    at Module._load (node:internal/modules/cjs/loader:962:12)
    at Function.executeUserEntryPoint [as runMain] (node:internal/modules/run_main:83:12) {
  code: &apos;MODULE_NOT_FOUND&apos;,
  requireStack: [
    &apos;/Users/nitsancohen/.bvm/versions/0.2.29/bit-0.2.29/node_modules/@teambit/legacy/bin/bit.js&apos;
  ]
}

Node.js v20.3.1
" type="Error"><![CDATA[Error: Command failed: bit init
node:internal/modules/cjs/loader:1075
  throw err;
  ^

Error: Cannot find module '../node_modules/@teambit/bit/dist/app'
Require stack:
- /Users/nitsancohen/.bvm/versions/0.2.29/bit-0.2.29/node_modules/@teambit/legacy/bin/bit.js
    at Module._resolveFilename (node:internal/modules/cjs/loader:1072:15)
    at Module._load (node:internal/modules/cjs/loader:925:27)
    at Module.require (node:internal/modules/cjs/loader:1139:19)
    at require (node:internal/modules/helpers:121:18)
    at Object.<anonymous> (/Users/nitsancohen/.bvm/versions/0.2.29/bit-0.2.29/node_modules/@teambit/legacy/bin/bit.js:3:1)
    at Module._compile (node:internal/modules/cjs/loader:1257:14)
    at Module._extensions..js (node:internal/modules/cjs/loader:1311:10)
    at Module.load (node:internal/modules/cjs/loader:1115:32)
    at Module._load (node:internal/modules/cjs/loader:962:12)
    at Function.executeUserEntryPoint [as runMain] (node:internal/modules/run_main:83:12) {
  code: 'MODULE_NOT_FOUND',
  requireStack: [
    '/Users/nitsancohen/.bvm/versions/0.2.29/bit-0.2.29/node_modules/@teambit/legacy/bin/bit.js'
  ]
}

Node.js v20.3.1

    at checkExecSyncError (node:child_process:885:11)
    at Object.execSync (node:child_process:957:15)
    at CommandHelper.runCmd (src/e2e-helper/e2e-command-helper.ts:64:22)
    at ScopeHelper.initWorkspace (src/e2e-helper/e2e-scope-helper.ts:126:25)
    at ScopeHelper.reInitLocalScope (src/e2e-helper/e2e-scope-helper.ts:87:10)
    at ScopeHelper.setNewLocalAndRemoteScopes (src/e2e-helper/e2e-scope-helper.ts:141:10)
    at Context.<anonymous> (e2e/harmony/root-components.e2e.ts:439:26)
    at processImmediate (node:internal/timers:478:21)]]></failure>
    </testcase>
  </testsuite>
  <testsuite name="yarn hoisted linker" timestamp="2023-08-21T21:40:50" tests="5" file="/Users/nitsancohen/coding/my-bit/bit/e2e/harmony/root-components.e2e.ts" time="0.0600" failures="1">
    <testcase name="app root components yarn hoisted linker &quot;before all&quot; hook for &quot;should install root components&quot;" time="0.0600" classname="&quot;before all&quot; hook for &quot;should install root components&quot;">
      <failure message="Command failed: bit init
node:internal/modules/cjs/loader:1075
  throw err;
  ^

Error: Cannot find module &apos;../node_modules/@teambit/bit/dist/app&apos;
Require stack:
- /Users/nitsancohen/.bvm/versions/0.2.29/bit-0.2.29/node_modules/@teambit/legacy/bin/bit.js
    at Module._resolveFilename (node:internal/modules/cjs/loader:1072:15)
    at Module._load (node:internal/modules/cjs/loader:925:27)
    at Module.require (node:internal/modules/cjs/loader:1139:19)
    at require (node:internal/modules/helpers:121:18)
    at Object.&lt;anonymous&gt; (/Users/nitsancohen/.bvm/versions/0.2.29/bit-0.2.29/node_modules/@teambit/legacy/bin/bit.js:3:1)
    at Module._compile (node:internal/modules/cjs/loader:1257:14)
    at Module._extensions..js (node:internal/modules/cjs/loader:1311:10)
    at Module.load (node:internal/modules/cjs/loader:1115:32)
    at Module._load (node:internal/modules/cjs/loader:962:12)
    at Function.executeUserEntryPoint [as runMain] (node:internal/modules/run_main:83:12) {
  code: &apos;MODULE_NOT_FOUND&apos;,
  requireStack: [
    &apos;/Users/nitsancohen/.bvm/versions/0.2.29/bit-0.2.29/node_modules/@teambit/legacy/bin/bit.js&apos;
  ]
}

Node.js v20.3.1
" type="Error"><![CDATA[Error: Command failed: bit init
node:internal/modules/cjs/loader:1075
  throw err;
  ^

Error: Cannot find module '../node_modules/@teambit/bit/dist/app'
Require stack:
- /Users/nitsancohen/.bvm/versions/0.2.29/bit-0.2.29/node_modules/@teambit/legacy/bin/bit.js
    at Module._resolveFilename (node:internal/modules/cjs/loader:1072:15)
    at Module._load (node:internal/modules/cjs/loader:925:27)
    at Module.require (node:internal/modules/cjs/loader:1139:19)
    at require (node:internal/modules/helpers:121:18)
    at Object.<anonymous> (/Users/nitsancohen/.bvm/versions/0.2.29/bit-0.2.29/node_modules/@teambit/legacy/bin/bit.js:3:1)
    at Module._compile (node:internal/modules/cjs/loader:1257:14)
    at Module._extensions..js (node:internal/modules/cjs/loader:1311:10)
    at Module.load (node:internal/modules/cjs/loader:1115:32)
    at Module._load (node:internal/modules/cjs/loader:962:12)
    at Function.executeUserEntryPoint [as runMain] (node:internal/modules/run_main:83:12) {
  code: 'MODULE_NOT_FOUND',
  requireStack: [
    '/Users/nitsancohen/.bvm/versions/0.2.29/bit-0.2.29/node_modules/@teambit/legacy/bin/bit.js'
  ]
}

Node.js v20.3.1

    at checkExecSyncError (node:child_process:885:11)
    at Object.execSync (node:child_process:957:15)
    at CommandHelper.runCmd (src/e2e-helper/e2e-command-helper.ts:64:22)
    at ScopeHelper.initWorkspace (src/e2e-helper/e2e-scope-helper.ts:126:25)
    at ScopeHelper.reInitLocalScope (src/e2e-helper/e2e-scope-helper.ts:87:10)
    at ScopeHelper.setNewLocalAndRemoteScopes (src/e2e-helper/e2e-scope-helper.ts:141:10)
    at Context.<anonymous> (e2e/harmony/root-components.e2e.ts:838:26)
    at processImmediate (node:internal/timers:478:21)]]></failure>
    </testcase>
  </testsuite>
  <testsuite name="env root components" timestamp="2023-08-21T21:40:50" tests="0" file="/Users/nitsancohen/coding/my-bit/bit/e2e/harmony/root-components.e2e.ts" time="0.0000" failures="0">
  </testsuite>
  <testsuite name="pnpm isolated linker" timestamp="2023-08-21T21:40:50" tests="3" file="/Users/nitsancohen/coding/my-bit/bit/e2e/harmony/root-components.e2e.ts" time="0.0600" failures="1">
    <testcase name="env root components pnpm isolated linker &quot;before all&quot; hook for &quot;should install root components&quot;" time="0.0600" classname="&quot;before all&quot; hook for &quot;should install root components&quot;">
      <failure message="Command failed: bit init
node:internal/modules/cjs/loader:1075
  throw err;
  ^

Error: Cannot find module &apos;../node_modules/@teambit/bit/dist/app&apos;
Require stack:
- /Users/nitsancohen/.bvm/versions/0.2.29/bit-0.2.29/node_modules/@teambit/legacy/bin/bit.js
    at Module._resolveFilename (node:internal/modules/cjs/loader:1072:15)
    at Module._load (node:internal/modules/cjs/loader:925:27)
    at Module.require (node:internal/modules/cjs/loader:1139:19)
    at require (node:internal/modules/helpers:121:18)
    at Object.&lt;anonymous&gt; (/Users/nitsancohen/.bvm/versions/0.2.29/bit-0.2.29/node_modules/@teambit/legacy/bin/bit.js:3:1)
    at Module._compile (node:internal/modules/cjs/loader:1257:14)
    at Module._extensions..js (node:internal/modules/cjs/loader:1311:10)
    at Module.load (node:internal/modules/cjs/loader:1115:32)
    at Module._load (node:internal/modules/cjs/loader:962:12)
    at Function.executeUserEntryPoint [as runMain] (node:internal/modules/run_main:83:12) {
  code: &apos;MODULE_NOT_FOUND&apos;,
  requireStack: [
    &apos;/Users/nitsancohen/.bvm/versions/0.2.29/bit-0.2.29/node_modules/@teambit/legacy/bin/bit.js&apos;
  ]
}

Node.js v20.3.1
" type="Error"><![CDATA[Error: Command failed: bit init
node:internal/modules/cjs/loader:1075
  throw err;
  ^

Error: Cannot find module '../node_modules/@teambit/bit/dist/app'
Require stack:
- /Users/nitsancohen/.bvm/versions/0.2.29/bit-0.2.29/node_modules/@teambit/legacy/bin/bit.js
    at Module._resolveFilename (node:internal/modules/cjs/loader:1072:15)
    at Module._load (node:internal/modules/cjs/loader:925:27)
    at Module.require (node:internal/modules/cjs/loader:1139:19)
    at require (node:internal/modules/helpers:121:18)
    at Object.<anonymous> (/Users/nitsancohen/.bvm/versions/0.2.29/bit-0.2.29/node_modules/@teambit/legacy/bin/bit.js:3:1)
    at Module._compile (node:internal/modules/cjs/loader:1257:14)
    at Module._extensions..js (node:internal/modules/cjs/loader:1311:10)
    at Module.load (node:internal/modules/cjs/loader:1115:32)
    at Module._load (node:internal/modules/cjs/loader:962:12)
    at Function.executeUserEntryPoint [as runMain] (node:internal/modules/run_main:83:12) {
  code: 'MODULE_NOT_FOUND',
  requireStack: [
    '/Users/nitsancohen/.bvm/versions/0.2.29/bit-0.2.29/node_modules/@teambit/legacy/bin/bit.js'
  ]
}

Node.js v20.3.1

    at checkExecSyncError (node:child_process:885:11)
    at Object.execSync (node:child_process:957:15)
    at CommandHelper.runCmd (src/e2e-helper/e2e-command-helper.ts:64:22)
    at ScopeHelper.initWorkspace (src/e2e-helper/e2e-scope-helper.ts:126:25)
    at ScopeHelper.reInitLocalScope (src/e2e-helper/e2e-scope-helper.ts:87:10)
    at ScopeHelper.setNewLocalAndRemoteScopes (src/e2e-helper/e2e-scope-helper.ts:141:10)
    at Context.<anonymous> (e2e/harmony/root-components.e2e.ts:1201:26)
    at processImmediate (node:internal/timers:478:21)]]></failure>
    </testcase>
  </testsuite>
  <testsuite name="root components for scope aspect capsules" timestamp="2023-08-21T21:40:50" tests="0" file="/Users/nitsancohen/coding/my-bit/bit/e2e/harmony/root-components.e2e.ts" time="0.0620" failures="2">
    <testcase name="root components for scope aspect capsules &quot;before all&quot; hook in &quot;root components for scope aspect capsules&quot;" time="0.0610" classname="&quot;before all&quot; hook in &quot;root components for scope aspect capsules&quot;">
      <failure message="Command failed: bit init
node:internal/modules/cjs/loader:1075
  throw err;
  ^

Error: Cannot find module &apos;../node_modules/@teambit/bit/dist/app&apos;
Require stack:
- /Users/nitsancohen/.bvm/versions/0.2.29/bit-0.2.29/node_modules/@teambit/legacy/bin/bit.js
    at Module._resolveFilename (node:internal/modules/cjs/loader:1072:15)
    at Module._load (node:internal/modules/cjs/loader:925:27)
    at Module.require (node:internal/modules/cjs/loader:1139:19)
    at require (node:internal/modules/helpers:121:18)
    at Object.&lt;anonymous&gt; (/Users/nitsancohen/.bvm/versions/0.2.29/bit-0.2.29/node_modules/@teambit/legacy/bin/bit.js:3:1)
    at Module._compile (node:internal/modules/cjs/loader:1257:14)
    at Module._extensions..js (node:internal/modules/cjs/loader:1311:10)
    at Module.load (node:internal/modules/cjs/loader:1115:32)
    at Module._load (node:internal/modules/cjs/loader:962:12)
    at Function.executeUserEntryPoint [as runMain] (node:internal/modules/run_main:83:12) {
  code: &apos;MODULE_NOT_FOUND&apos;,
  requireStack: [
    &apos;/Users/nitsancohen/.bvm/versions/0.2.29/bit-0.2.29/node_modules/@teambit/legacy/bin/bit.js&apos;
  ]
}

Node.js v20.3.1
" type="Error"><![CDATA[Error: Command failed: bit init
node:internal/modules/cjs/loader:1075
  throw err;
  ^

Error: Cannot find module '../node_modules/@teambit/bit/dist/app'
Require stack:
- /Users/nitsancohen/.bvm/versions/0.2.29/bit-0.2.29/node_modules/@teambit/legacy/bin/bit.js
    at Module._resolveFilename (node:internal/modules/cjs/loader:1072:15)
    at Module._load (node:internal/modules/cjs/loader:925:27)
    at Module.require (node:internal/modules/cjs/loader:1139:19)
    at require (node:internal/modules/helpers:121:18)
    at Object.<anonymous> (/Users/nitsancohen/.bvm/versions/0.2.29/bit-0.2.29/node_modules/@teambit/legacy/bin/bit.js:3:1)
    at Module._compile (node:internal/modules/cjs/loader:1257:14)
    at Module._extensions..js (node:internal/modules/cjs/loader:1311:10)
    at Module.load (node:internal/modules/cjs/loader:1115:32)
    at Module._load (node:internal/modules/cjs/loader:962:12)
    at Function.executeUserEntryPoint [as runMain] (node:internal/modules/run_main:83:12) {
  code: 'MODULE_NOT_FOUND',
  requireStack: [
    '/Users/nitsancohen/.bvm/versions/0.2.29/bit-0.2.29/node_modules/@teambit/legacy/bin/bit.js'
  ]
}

Node.js v20.3.1

    at checkExecSyncError (node:child_process:885:11)
    at Object.execSync (node:child_process:957:15)
    at CommandHelper.runCmd (src/e2e-helper/e2e-command-helper.ts:64:22)
    at ScopeHelper.initWorkspace (src/e2e-helper/e2e-scope-helper.ts:126:25)
    at ScopeHelper.reInitLocalScope (src/e2e-helper/e2e-scope-helper.ts:87:10)
    at ScopeHelper.setNewLocalAndRemoteScopes (src/e2e-helper/e2e-scope-helper.ts:141:10)
    at Context.<anonymous> (e2e/harmony/root-components.e2e.ts:1379:24)
    at processImmediate (node:internal/timers:478:21)]]></failure>
    </testcase>
    <testcase name="root components for scope aspect capsules &quot;after all&quot; hook in &quot;root components for scope aspect capsules&quot;" time="0.0010" classname="&quot;after all&quot; hook in &quot;root components for scope aspect capsules&quot;">
      <failure message="Cannot read properties of undefined (reading &apos;destroy&apos;)" type="TypeError"><![CDATA[TypeError: Cannot read properties of undefined (reading 'destroy')
    at Context.<anonymous> (e2e/harmony/root-components.e2e.ts:1510:19)
    at processImmediate (node:internal/timers:478:21)]]></failure>
    </testcase>
  </testsuite>
  <testsuite name="env peer dependencies hoisting" timestamp="2023-08-21T21:40:50" tests="0" file="/Users/nitsancohen/coding/my-bit/bit/e2e/harmony/root-components.e2e.ts" time="0.0000" failures="0">
  </testsuite>
  <testsuite name="pnpm isolated linker" timestamp="2023-08-21T21:40:50" tests="1" file="/Users/nitsancohen/coding/my-bit/bit/e2e/harmony/root-components.e2e.ts" time="0.0590" failures="1">
    <testcase name="env peer dependencies hoisting pnpm isolated linker &quot;before all&quot; hook for &quot;should hoist react to the root of the workspace&quot;" time="0.0590" classname="&quot;before all&quot; hook for &quot;should hoist react to the root of the workspace&quot;">
      <failure message="Command failed: bit init
node:internal/modules/cjs/loader:1075
  throw err;
  ^

Error: Cannot find module &apos;../node_modules/@teambit/bit/dist/app&apos;
Require stack:
- /Users/nitsancohen/.bvm/versions/0.2.29/bit-0.2.29/node_modules/@teambit/legacy/bin/bit.js
    at Module._resolveFilename (node:internal/modules/cjs/loader:1072:15)
    at Module._load (node:internal/modules/cjs/loader:925:27)
    at Module.require (node:internal/modules/cjs/loader:1139:19)
    at require (node:internal/modules/helpers:121:18)
    at Object.&lt;anonymous&gt; (/Users/nitsancohen/.bvm/versions/0.2.29/bit-0.2.29/node_modules/@teambit/legacy/bin/bit.js:3:1)
    at Module._compile (node:internal/modules/cjs/loader:1257:14)
    at Module._extensions..js (node:internal/modules/cjs/loader:1311:10)
    at Module.load (node:internal/modules/cjs/loader:1115:32)
    at Module._load (node:internal/modules/cjs/loader:962:12)
    at Function.executeUserEntryPoint [as runMain] (node:internal/modules/run_main:83:12) {
  code: &apos;MODULE_NOT_FOUND&apos;,
  requireStack: [
    &apos;/Users/nitsancohen/.bvm/versions/0.2.29/bit-0.2.29/node_modules/@teambit/legacy/bin/bit.js&apos;
  ]
}

Node.js v20.3.1
" type="Error"><![CDATA[Error: Command failed: bit init
node:internal/modules/cjs/loader:1075
  throw err;
  ^

Error: Cannot find module '../node_modules/@teambit/bit/dist/app'
Require stack:
- /Users/nitsancohen/.bvm/versions/0.2.29/bit-0.2.29/node_modules/@teambit/legacy/bin/bit.js
    at Module._resolveFilename (node:internal/modules/cjs/loader:1072:15)
    at Module._load (node:internal/modules/cjs/loader:925:27)
    at Module.require (node:internal/modules/cjs/loader:1139:19)
    at require (node:internal/modules/helpers:121:18)
    at Object.<anonymous> (/Users/nitsancohen/.bvm/versions/0.2.29/bit-0.2.29/node_modules/@teambit/legacy/bin/bit.js:3:1)
    at Module._compile (node:internal/modules/cjs/loader:1257:14)
    at Module._extensions..js (node:internal/modules/cjs/loader:1311:10)
    at Module.load (node:internal/modules/cjs/loader:1115:32)
    at Module._load (node:internal/modules/cjs/loader:962:12)
    at Function.executeUserEntryPoint [as runMain] (node:internal/modules/run_main:83:12) {
  code: 'MODULE_NOT_FOUND',
  requireStack: [
    '/Users/nitsancohen/.bvm/versions/0.2.29/bit-0.2.29/node_modules/@teambit/legacy/bin/bit.js'
  ]
}

Node.js v20.3.1

    at checkExecSyncError (node:child_process:885:11)
    at Object.execSync (node:child_process:957:15)
    at CommandHelper.runCmd (src/e2e-helper/e2e-command-helper.ts:64:22)
    at ScopeHelper.initWorkspace (src/e2e-helper/e2e-scope-helper.ts:126:25)
    at ScopeHelper.reInitLocalScope (src/e2e-helper/e2e-scope-helper.ts:87:10)
    at ScopeHelper.setNewLocalAndRemoteScopes (src/e2e-helper/e2e-scope-helper.ts:141:10)
    at Context.<anonymous> (e2e/harmony/root-components.e2e.ts:1565:26)
    at processImmediate (node:internal/timers:478:21)]]></failure>
    </testcase>
  </testsuite>
  <testsuite name="env peer dependencies hoisting when the env is in the workspace" timestamp="2023-08-21T21:40:50" tests="0" file="/Users/nitsancohen/coding/my-bit/bit/e2e/harmony/root-components.e2e.ts" time="0.0000" failures="0">
  </testsuite>
  <testsuite name="pnpm isolated linker" timestamp="2023-08-21T21:40:50" tests="1" file="/Users/nitsancohen/coding/my-bit/bit/e2e/harmony/root-components.e2e.ts" time="0.0610" failures="1">
    <testcase name="env peer dependencies hoisting when the env is in the workspace pnpm isolated linker &quot;before all&quot; hook for &quot;should install react to the root of the component&quot;" time="0.0610" classname="&quot;before all&quot; hook for &quot;should install react to the root of the component&quot;">
      <failure message="Command failed: bit init
node:internal/modules/cjs/loader:1075
  throw err;
  ^

Error: Cannot find module &apos;../node_modules/@teambit/bit/dist/app&apos;
Require stack:
- /Users/nitsancohen/.bvm/versions/0.2.29/bit-0.2.29/node_modules/@teambit/legacy/bin/bit.js
    at Module._resolveFilename (node:internal/modules/cjs/loader:1072:15)
    at Module._load (node:internal/modules/cjs/loader:925:27)
    at Module.require (node:internal/modules/cjs/loader:1139:19)
    at require (node:internal/modules/helpers:121:18)
    at Object.&lt;anonymous&gt; (/Users/nitsancohen/.bvm/versions/0.2.29/bit-0.2.29/node_modules/@teambit/legacy/bin/bit.js:3:1)
    at Module._compile (node:internal/modules/cjs/loader:1257:14)
    at Module._extensions..js (node:internal/modules/cjs/loader:1311:10)
    at Module.load (node:internal/modules/cjs/loader:1115:32)
    at Module._load (node:internal/modules/cjs/loader:962:12)
    at Function.executeUserEntryPoint [as runMain] (node:internal/modules/run_main:83:12) {
  code: &apos;MODULE_NOT_FOUND&apos;,
  requireStack: [
    &apos;/Users/nitsancohen/.bvm/versions/0.2.29/bit-0.2.29/node_modules/@teambit/legacy/bin/bit.js&apos;
  ]
}

Node.js v20.3.1
" type="Error"><![CDATA[Error: Command failed: bit init
node:internal/modules/cjs/loader:1075
  throw err;
  ^

Error: Cannot find module '../node_modules/@teambit/bit/dist/app'
Require stack:
- /Users/nitsancohen/.bvm/versions/0.2.29/bit-0.2.29/node_modules/@teambit/legacy/bin/bit.js
    at Module._resolveFilename (node:internal/modules/cjs/loader:1072:15)
    at Module._load (node:internal/modules/cjs/loader:925:27)
    at Module.require (node:internal/modules/cjs/loader:1139:19)
    at require (node:internal/modules/helpers:121:18)
    at Object.<anonymous> (/Users/nitsancohen/.bvm/versions/0.2.29/bit-0.2.29/node_modules/@teambit/legacy/bin/bit.js:3:1)
    at Module._compile (node:internal/modules/cjs/loader:1257:14)
    at Module._extensions..js (node:internal/modules/cjs/loader:1311:10)
    at Module.load (node:internal/modules/cjs/loader:1115:32)
    at Module._load (node:internal/modules/cjs/loader:962:12)
    at Function.executeUserEntryPoint [as runMain] (node:internal/modules/run_main:83:12) {
  code: 'MODULE_NOT_FOUND',
  requireStack: [
    '/Users/nitsancohen/.bvm/versions/0.2.29/bit-0.2.29/node_modules/@teambit/legacy/bin/bit.js'
  ]
}

Node.js v20.3.1

    at checkExecSyncError (node:child_process:885:11)
    at Object.execSync (node:child_process:957:15)
    at CommandHelper.runCmd (src/e2e-helper/e2e-command-helper.ts:64:22)
    at ScopeHelper.initWorkspace (src/e2e-helper/e2e-scope-helper.ts:126:25)
    at ScopeHelper.reInitLocalScope (src/e2e-helper/e2e-scope-helper.ts:87:10)
    at ScopeHelper.setNewLocalAndRemoteScopes (src/e2e-helper/e2e-scope-helper.ts:141:10)
    at prepare (e2e/harmony/root-components.e2e.ts:1619:24)
    at Context.<anonymous> (e2e/harmony/root-components.e2e.ts:1584:18)
    at processImmediate (node:internal/timers:478:21)]]></failure>
    </testcase>
  </testsuite>
  <testsuite name="yarn hoisted linker" timestamp="2023-08-21T21:40:50" tests="1" file="/Users/nitsancohen/coding/my-bit/bit/e2e/harmony/root-components.e2e.ts" time="0.0600" failures="1">
    <testcase name="env peer dependencies hoisting when the env is in the workspace yarn hoisted linker &quot;before all&quot; hook for &quot;should install react to the root of the component&quot;" time="0.0600" classname="&quot;before all&quot; hook for &quot;should install react to the root of the component&quot;">
      <failure message="Command failed: bit init
node:internal/modules/cjs/loader:1075
  throw err;
  ^

Error: Cannot find module &apos;../node_modules/@teambit/bit/dist/app&apos;
Require stack:
- /Users/nitsancohen/.bvm/versions/0.2.29/bit-0.2.29/node_modules/@teambit/legacy/bin/bit.js
    at Module._resolveFilename (node:internal/modules/cjs/loader:1072:15)
    at Module._load (node:internal/modules/cjs/loader:925:27)
    at Module.require (node:internal/modules/cjs/loader:1139:19)
    at require (node:internal/modules/helpers:121:18)
    at Object.&lt;anonymous&gt; (/Users/nitsancohen/.bvm/versions/0.2.29/bit-0.2.29/node_modules/@teambit/legacy/bin/bit.js:3:1)
    at Module._compile (node:internal/modules/cjs/loader:1257:14)
    at Module._extensions..js (node:internal/modules/cjs/loader:1311:10)
    at Module.load (node:internal/modules/cjs/loader:1115:32)
    at Module._load (node:internal/modules/cjs/loader:962:12)
    at Function.executeUserEntryPoint [as runMain] (node:internal/modules/run_main:83:12) {
  code: &apos;MODULE_NOT_FOUND&apos;,
  requireStack: [
    &apos;/Users/nitsancohen/.bvm/versions/0.2.29/bit-0.2.29/node_modules/@teambit/legacy/bin/bit.js&apos;
  ]
}

Node.js v20.3.1
" type="Error"><![CDATA[Error: Command failed: bit init
node:internal/modules/cjs/loader:1075
  throw err;
  ^

Error: Cannot find module '../node_modules/@teambit/bit/dist/app'
Require stack:
- /Users/nitsancohen/.bvm/versions/0.2.29/bit-0.2.29/node_modules/@teambit/legacy/bin/bit.js
    at Module._resolveFilename (node:internal/modules/cjs/loader:1072:15)
    at Module._load (node:internal/modules/cjs/loader:925:27)
    at Module.require (node:internal/modules/cjs/loader:1139:19)
    at require (node:internal/modules/helpers:121:18)
    at Object.<anonymous> (/Users/nitsancohen/.bvm/versions/0.2.29/bit-0.2.29/node_modules/@teambit/legacy/bin/bit.js:3:1)
    at Module._compile (node:internal/modules/cjs/loader:1257:14)
    at Module._extensions..js (node:internal/modules/cjs/loader:1311:10)
    at Module.load (node:internal/modules/cjs/loader:1115:32)
    at Module._load (node:internal/modules/cjs/loader:962:12)
    at Function.executeUserEntryPoint [as runMain] (node:internal/modules/run_main:83:12) {
  code: 'MODULE_NOT_FOUND',
  requireStack: [
    '/Users/nitsancohen/.bvm/versions/0.2.29/bit-0.2.29/node_modules/@teambit/legacy/bin/bit.js'
  ]
}

Node.js v20.3.1

    at checkExecSyncError (node:child_process:885:11)
    at Object.execSync (node:child_process:957:15)
    at CommandHelper.runCmd (src/e2e-helper/e2e-command-helper.ts:64:22)
    at ScopeHelper.initWorkspace (src/e2e-helper/e2e-scope-helper.ts:126:25)
    at ScopeHelper.reInitLocalScope (src/e2e-helper/e2e-scope-helper.ts:87:10)
    at ScopeHelper.setNewLocalAndRemoteScopes (src/e2e-helper/e2e-scope-helper.ts:141:10)
    at prepare (e2e/harmony/root-components.e2e.ts:1619:24)
    at Context.<anonymous> (e2e/harmony/root-components.e2e.ts:1601:18)
    at processImmediate (node:internal/timers:478:21)]]></failure>
    </testcase>
  </testsuite>
  <testsuite name="create with root components on" timestamp="2023-08-21T21:40:50" tests="1" file="/Users/nitsancohen/coding/my-bit/bit/e2e/harmony/root-components.e2e.ts" time="0.0610" failures="1">
    <testcase name="create with root components on &quot;before all&quot; hook for &quot;should create the runtime component directory for the created component&quot;" time="0.0610" classname="&quot;before all&quot; hook for &quot;should create the runtime component directory for the created component&quot;">
      <failure message="Command failed: bit init
node:internal/modules/cjs/loader:1075
  throw err;
  ^

Error: Cannot find module &apos;../node_modules/@teambit/bit/dist/app&apos;
Require stack:
- /Users/nitsancohen/.bvm/versions/0.2.29/bit-0.2.29/node_modules/@teambit/legacy/bin/bit.js
    at Module._resolveFilename (node:internal/modules/cjs/loader:1072:15)
    at Module._load (node:internal/modules/cjs/loader:925:27)
    at Module.require (node:internal/modules/cjs/loader:1139:19)
    at require (node:internal/modules/helpers:121:18)
    at Object.&lt;anonymous&gt; (/Users/nitsancohen/.bvm/versions/0.2.29/bit-0.2.29/node_modules/@teambit/legacy/bin/bit.js:3:1)
    at Module._compile (node:internal/modules/cjs/loader:1257:14)
    at Module._extensions..js (node:internal/modules/cjs/loader:1311:10)
    at Module.load (node:internal/modules/cjs/loader:1115:32)
    at Module._load (node:internal/modules/cjs/loader:962:12)
    at Function.executeUserEntryPoint [as runMain] (node:internal/modules/run_main:83:12) {
  code: &apos;MODULE_NOT_FOUND&apos;,
  requireStack: [
    &apos;/Users/nitsancohen/.bvm/versions/0.2.29/bit-0.2.29/node_modules/@teambit/legacy/bin/bit.js&apos;
  ]
}

Node.js v20.3.1
" type="Error"><![CDATA[Error: Command failed: bit init
node:internal/modules/cjs/loader:1075
  throw err;
  ^

Error: Cannot find module '../node_modules/@teambit/bit/dist/app'
Require stack:
- /Users/nitsancohen/.bvm/versions/0.2.29/bit-0.2.29/node_modules/@teambit/legacy/bin/bit.js
    at Module._resolveFilename (node:internal/modules/cjs/loader:1072:15)
    at Module._load (node:internal/modules/cjs/loader:925:27)
    at Module.require (node:internal/modules/cjs/loader:1139:19)
    at require (node:internal/modules/helpers:121:18)
    at Object.<anonymous> (/Users/nitsancohen/.bvm/versions/0.2.29/bit-0.2.29/node_modules/@teambit/legacy/bin/bit.js:3:1)
    at Module._compile (node:internal/modules/cjs/loader:1257:14)
    at Module._extensions..js (node:internal/modules/cjs/loader:1311:10)
    at Module.load (node:internal/modules/cjs/loader:1115:32)
    at Module._load (node:internal/modules/cjs/loader:962:12)
    at Function.executeUserEntryPoint [as runMain] (node:internal/modules/run_main:83:12) {
  code: 'MODULE_NOT_FOUND',
  requireStack: [
    '/Users/nitsancohen/.bvm/versions/0.2.29/bit-0.2.29/node_modules/@teambit/legacy/bin/bit.js'
  ]
}

Node.js v20.3.1

    at checkExecSyncError (node:child_process:885:11)
    at Object.execSync (node:child_process:957:15)
    at CommandHelper.runCmd (src/e2e-helper/e2e-command-helper.ts:64:22)
    at ScopeHelper.initWorkspace (src/e2e-helper/e2e-scope-helper.ts:126:25)
    at ScopeHelper.reInitLocalScope (src/e2e-helper/e2e-scope-helper.ts:87:10)
    at ScopeHelper.setNewLocalAndRemoteScopes (src/e2e-helper/e2e-scope-helper.ts:141:10)
    at Context.<anonymous> (e2e/harmony/root-components.e2e.ts:1667:24)
    at processImmediate (node:internal/timers:478:21)]]></failure>
    </testcase>
  </testsuite>
  <testsuite name="bit scope command" timestamp="2023-08-21T21:40:50" tests="0" file="/Users/nitsancohen/coding/my-bit/bit/e2e/harmony/scope-cmd.e2e.ts" time="0.0000" failures="0">
  </testsuite>
  <testsuite name="bit scope fork" timestamp="2023-08-21T21:40:50" tests="2" file="/Users/nitsancohen/coding/my-bit/bit/e2e/harmony/scope-cmd.e2e.ts" time="0.0590" failures="1">
    <testcase name="bit scope command bit scope fork &quot;before all&quot; hook for &quot;should show the forked components from the scope&quot;" time="0.0590" classname="&quot;before all&quot; hook for &quot;should show the forked components from the scope&quot;">
      <failure message="Command failed: bit init
node:internal/modules/cjs/loader:1075
  throw err;
  ^

Error: Cannot find module &apos;../node_modules/@teambit/bit/dist/app&apos;
Require stack:
- /Users/nitsancohen/.bvm/versions/0.2.29/bit-0.2.29/node_modules/@teambit/legacy/bin/bit.js
    at Module._resolveFilename (node:internal/modules/cjs/loader:1072:15)
    at Module._load (node:internal/modules/cjs/loader:925:27)
    at Module.require (node:internal/modules/cjs/loader:1139:19)
    at require (node:internal/modules/helpers:121:18)
    at Object.&lt;anonymous&gt; (/Users/nitsancohen/.bvm/versions/0.2.29/bit-0.2.29/node_modules/@teambit/legacy/bin/bit.js:3:1)
    at Module._compile (node:internal/modules/cjs/loader:1257:14)
    at Module._extensions..js (node:internal/modules/cjs/loader:1311:10)
    at Module.load (node:internal/modules/cjs/loader:1115:32)
    at Module._load (node:internal/modules/cjs/loader:962:12)
    at Function.executeUserEntryPoint [as runMain] (node:internal/modules/run_main:83:12) {
  code: &apos;MODULE_NOT_FOUND&apos;,
  requireStack: [
    &apos;/Users/nitsancohen/.bvm/versions/0.2.29/bit-0.2.29/node_modules/@teambit/legacy/bin/bit.js&apos;
  ]
}

Node.js v20.3.1
" type="Error"><![CDATA[Error: Command failed: bit init
node:internal/modules/cjs/loader:1075
  throw err;
  ^

Error: Cannot find module '../node_modules/@teambit/bit/dist/app'
Require stack:
- /Users/nitsancohen/.bvm/versions/0.2.29/bit-0.2.29/node_modules/@teambit/legacy/bin/bit.js
    at Module._resolveFilename (node:internal/modules/cjs/loader:1072:15)
    at Module._load (node:internal/modules/cjs/loader:925:27)
    at Module.require (node:internal/modules/cjs/loader:1139:19)
    at require (node:internal/modules/helpers:121:18)
    at Object.<anonymous> (/Users/nitsancohen/.bvm/versions/0.2.29/bit-0.2.29/node_modules/@teambit/legacy/bin/bit.js:3:1)
    at Module._compile (node:internal/modules/cjs/loader:1257:14)
    at Module._extensions..js (node:internal/modules/cjs/loader:1311:10)
    at Module.load (node:internal/modules/cjs/loader:1115:32)
    at Module._load (node:internal/modules/cjs/loader:962:12)
    at Function.executeUserEntryPoint [as runMain] (node:internal/modules/run_main:83:12) {
  code: 'MODULE_NOT_FOUND',
  requireStack: [
    '/Users/nitsancohen/.bvm/versions/0.2.29/bit-0.2.29/node_modules/@teambit/legacy/bin/bit.js'
  ]
}

Node.js v20.3.1

    at checkExecSyncError (node:child_process:885:11)
    at Object.execSync (node:child_process:957:15)
    at CommandHelper.runCmd (src/e2e-helper/e2e-command-helper.ts:64:22)
    at ScopeHelper.initWorkspace (src/e2e-helper/e2e-scope-helper.ts:126:25)
    at ScopeHelper.reInitLocalScope (src/e2e-helper/e2e-scope-helper.ts:87:10)
    at ScopeHelper.setNewLocalAndRemoteScopes (src/e2e-helper/e2e-scope-helper.ts:141:10)
    at Context.<anonymous> (e2e/harmony/scope-cmd.e2e.ts:20:26)
    at processImmediate (node:internal/timers:478:21)]]></failure>
    </testcase>
  </testsuite>
  <testsuite name="bit scope rename" timestamp="2023-08-21T21:40:50" tests="4" file="/Users/nitsancohen/coding/my-bit/bit/e2e/harmony/scope-cmd.e2e.ts" time="0.0610" failures="1">
    <testcase name="bit scope command bit scope rename &quot;before all&quot; hook for &quot;should rename the scope&quot;" time="0.0610" classname="&quot;before all&quot; hook for &quot;should rename the scope&quot;">
      <failure message="Command failed: bit init
node:internal/modules/cjs/loader:1075
  throw err;
  ^

Error: Cannot find module &apos;../node_modules/@teambit/bit/dist/app&apos;
Require stack:
- /Users/nitsancohen/.bvm/versions/0.2.29/bit-0.2.29/node_modules/@teambit/legacy/bin/bit.js
    at Module._resolveFilename (node:internal/modules/cjs/loader:1072:15)
    at Module._load (node:internal/modules/cjs/loader:925:27)
    at Module.require (node:internal/modules/cjs/loader:1139:19)
    at require (node:internal/modules/helpers:121:18)
    at Object.&lt;anonymous&gt; (/Users/nitsancohen/.bvm/versions/0.2.29/bit-0.2.29/node_modules/@teambit/legacy/bin/bit.js:3:1)
    at Module._compile (node:internal/modules/cjs/loader:1257:14)
    at Module._extensions..js (node:internal/modules/cjs/loader:1311:10)
    at Module.load (node:internal/modules/cjs/loader:1115:32)
    at Module._load (node:internal/modules/cjs/loader:962:12)
    at Function.executeUserEntryPoint [as runMain] (node:internal/modules/run_main:83:12) {
  code: &apos;MODULE_NOT_FOUND&apos;,
  requireStack: [
    &apos;/Users/nitsancohen/.bvm/versions/0.2.29/bit-0.2.29/node_modules/@teambit/legacy/bin/bit.js&apos;
  ]
}

Node.js v20.3.1
" type="Error"><![CDATA[Error: Command failed: bit init
node:internal/modules/cjs/loader:1075
  throw err;
  ^

Error: Cannot find module '../node_modules/@teambit/bit/dist/app'
Require stack:
- /Users/nitsancohen/.bvm/versions/0.2.29/bit-0.2.29/node_modules/@teambit/legacy/bin/bit.js
    at Module._resolveFilename (node:internal/modules/cjs/loader:1072:15)
    at Module._load (node:internal/modules/cjs/loader:925:27)
    at Module.require (node:internal/modules/cjs/loader:1139:19)
    at require (node:internal/modules/helpers:121:18)
    at Object.<anonymous> (/Users/nitsancohen/.bvm/versions/0.2.29/bit-0.2.29/node_modules/@teambit/legacy/bin/bit.js:3:1)
    at Module._compile (node:internal/modules/cjs/loader:1257:14)
    at Module._extensions..js (node:internal/modules/cjs/loader:1311:10)
    at Module.load (node:internal/modules/cjs/loader:1115:32)
    at Module._load (node:internal/modules/cjs/loader:962:12)
    at Function.executeUserEntryPoint [as runMain] (node:internal/modules/run_main:83:12) {
  code: 'MODULE_NOT_FOUND',
  requireStack: [
    '/Users/nitsancohen/.bvm/versions/0.2.29/bit-0.2.29/node_modules/@teambit/legacy/bin/bit.js'
  ]
}

Node.js v20.3.1

    at checkExecSyncError (node:child_process:885:11)
    at Object.execSync (node:child_process:957:15)
    at CommandHelper.runCmd (src/e2e-helper/e2e-command-helper.ts:64:22)
    at ScopeHelper.initWorkspace (src/e2e-helper/e2e-scope-helper.ts:126:25)
    at ScopeHelper.reInitLocalScope (src/e2e-helper/e2e-scope-helper.ts:87:10)
    at ScopeHelper.setNewLocalAndRemoteScopes (src/e2e-helper/e2e-scope-helper.ts:141:10)
    at Context.<anonymous> (e2e/harmony/scope-cmd.e2e.ts:42:26)
    at processImmediate (node:internal/timers:478:21)]]></failure>
    </testcase>
  </testsuite>
  <testsuite name="bit scope rename --refactor" timestamp="2023-08-21T21:40:50" tests="2" file="/Users/nitsancohen/coding/my-bit/bit/e2e/harmony/scope-cmd.e2e.ts" time="0.0620" failures="1">
    <testcase name="bit scope command bit scope rename --refactor &quot;before all&quot; hook for &quot;should change the package name in the component files&quot;" time="0.0620" classname="&quot;before all&quot; hook for &quot;should change the package name in the component files&quot;">
      <failure message="Command failed: bit init
node:internal/modules/cjs/loader:1075
  throw err;
  ^

Error: Cannot find module &apos;../node_modules/@teambit/bit/dist/app&apos;
Require stack:
- /Users/nitsancohen/.bvm/versions/0.2.29/bit-0.2.29/node_modules/@teambit/legacy/bin/bit.js
    at Module._resolveFilename (node:internal/modules/cjs/loader:1072:15)
    at Module._load (node:internal/modules/cjs/loader:925:27)
    at Module.require (node:internal/modules/cjs/loader:1139:19)
    at require (node:internal/modules/helpers:121:18)
    at Object.&lt;anonymous&gt; (/Users/nitsancohen/.bvm/versions/0.2.29/bit-0.2.29/node_modules/@teambit/legacy/bin/bit.js:3:1)
    at Module._compile (node:internal/modules/cjs/loader:1257:14)
    at Module._extensions..js (node:internal/modules/cjs/loader:1311:10)
    at Module.load (node:internal/modules/cjs/loader:1115:32)
    at Module._load (node:internal/modules/cjs/loader:962:12)
    at Function.executeUserEntryPoint [as runMain] (node:internal/modules/run_main:83:12) {
  code: &apos;MODULE_NOT_FOUND&apos;,
  requireStack: [
    &apos;/Users/nitsancohen/.bvm/versions/0.2.29/bit-0.2.29/node_modules/@teambit/legacy/bin/bit.js&apos;
  ]
}

Node.js v20.3.1
" type="Error"><![CDATA[Error: Command failed: bit init
node:internal/modules/cjs/loader:1075
  throw err;
  ^

Error: Cannot find module '../node_modules/@teambit/bit/dist/app'
Require stack:
- /Users/nitsancohen/.bvm/versions/0.2.29/bit-0.2.29/node_modules/@teambit/legacy/bin/bit.js
    at Module._resolveFilename (node:internal/modules/cjs/loader:1072:15)
    at Module._load (node:internal/modules/cjs/loader:925:27)
    at Module.require (node:internal/modules/cjs/loader:1139:19)
    at require (node:internal/modules/helpers:121:18)
    at Object.<anonymous> (/Users/nitsancohen/.bvm/versions/0.2.29/bit-0.2.29/node_modules/@teambit/legacy/bin/bit.js:3:1)
    at Module._compile (node:internal/modules/cjs/loader:1257:14)
    at Module._extensions..js (node:internal/modules/cjs/loader:1311:10)
    at Module.load (node:internal/modules/cjs/loader:1115:32)
    at Module._load (node:internal/modules/cjs/loader:962:12)
    at Function.executeUserEntryPoint [as runMain] (node:internal/modules/run_main:83:12) {
  code: 'MODULE_NOT_FOUND',
  requireStack: [
    '/Users/nitsancohen/.bvm/versions/0.2.29/bit-0.2.29/node_modules/@teambit/legacy/bin/bit.js'
  ]
}

Node.js v20.3.1

    at checkExecSyncError (node:child_process:885:11)
    at Object.execSync (node:child_process:957:15)
    at CommandHelper.runCmd (src/e2e-helper/e2e-command-helper.ts:64:22)
    at ScopeHelper.initWorkspace (src/e2e-helper/e2e-scope-helper.ts:126:25)
    at ScopeHelper.reInitLocalScope (src/e2e-helper/e2e-scope-helper.ts:87:10)
    at ScopeHelper.setNewLocalAndRemoteScopes (src/e2e-helper/e2e-scope-helper.ts:141:10)
    at Context.<anonymous> (e2e/harmony/scope-cmd.e2e.ts:66:26)
    at processImmediate (node:internal/timers:478:21)]]></failure>
    </testcase>
  </testsuite>
  <testsuite name="bit scope rename-owner" timestamp="2023-08-21T21:40:50" tests="5" file="/Users/nitsancohen/coding/my-bit/bit/e2e/harmony/scope-cmd.e2e.ts" time="0.0610" failures="1">
    <testcase name="bit scope command bit scope rename-owner &quot;before all&quot; hook for &quot;should rename the default-scope in workspace.jsonc&quot;" time="0.0610" classname="&quot;before all&quot; hook for &quot;should rename the default-scope in workspace.jsonc&quot;">
      <failure message="Command failed: bit init
node:internal/modules/cjs/loader:1075
  throw err;
  ^

Error: Cannot find module &apos;../node_modules/@teambit/bit/dist/app&apos;
Require stack:
- /Users/nitsancohen/.bvm/versions/0.2.29/bit-0.2.29/node_modules/@teambit/legacy/bin/bit.js
    at Module._resolveFilename (node:internal/modules/cjs/loader:1072:15)
    at Module._load (node:internal/modules/cjs/loader:925:27)
    at Module.require (node:internal/modules/cjs/loader:1139:19)
    at require (node:internal/modules/helpers:121:18)
    at Object.&lt;anonymous&gt; (/Users/nitsancohen/.bvm/versions/0.2.29/bit-0.2.29/node_modules/@teambit/legacy/bin/bit.js:3:1)
    at Module._compile (node:internal/modules/cjs/loader:1257:14)
    at Module._extensions..js (node:internal/modules/cjs/loader:1311:10)
    at Module.load (node:internal/modules/cjs/loader:1115:32)
    at Module._load (node:internal/modules/cjs/loader:962:12)
    at Function.executeUserEntryPoint [as runMain] (node:internal/modules/run_main:83:12) {
  code: &apos;MODULE_NOT_FOUND&apos;,
  requireStack: [
    &apos;/Users/nitsancohen/.bvm/versions/0.2.29/bit-0.2.29/node_modules/@teambit/legacy/bin/bit.js&apos;
  ]
}

Node.js v20.3.1
" type="Error"><![CDATA[Error: Command failed: bit init
node:internal/modules/cjs/loader:1075
  throw err;
  ^

Error: Cannot find module '../node_modules/@teambit/bit/dist/app'
Require stack:
- /Users/nitsancohen/.bvm/versions/0.2.29/bit-0.2.29/node_modules/@teambit/legacy/bin/bit.js
    at Module._resolveFilename (node:internal/modules/cjs/loader:1072:15)
    at Module._load (node:internal/modules/cjs/loader:925:27)
    at Module.require (node:internal/modules/cjs/loader:1139:19)
    at require (node:internal/modules/helpers:121:18)
    at Object.<anonymous> (/Users/nitsancohen/.bvm/versions/0.2.29/bit-0.2.29/node_modules/@teambit/legacy/bin/bit.js:3:1)
    at Module._compile (node:internal/modules/cjs/loader:1257:14)
    at Module._extensions..js (node:internal/modules/cjs/loader:1311:10)
    at Module.load (node:internal/modules/cjs/loader:1115:32)
    at Module._load (node:internal/modules/cjs/loader:962:12)
    at Function.executeUserEntryPoint [as runMain] (node:internal/modules/run_main:83:12) {
  code: 'MODULE_NOT_FOUND',
  requireStack: [
    '/Users/nitsancohen/.bvm/versions/0.2.29/bit-0.2.29/node_modules/@teambit/legacy/bin/bit.js'
  ]
}

Node.js v20.3.1

    at checkExecSyncError (node:child_process:885:11)
    at Object.execSync (node:child_process:957:15)
    at CommandHelper.runCmd (src/e2e-helper/e2e-command-helper.ts:64:22)
    at ScopeHelper.initWorkspace (src/e2e-helper/e2e-scope-helper.ts:126:25)
    at ScopeHelper.reInitLocalScope (src/e2e-helper/e2e-scope-helper.ts:87:10)
    at ScopeHelper.setNewLocalAndRemoteScopes (src/e2e-helper/e2e-scope-helper.ts:141:10)
    at Context.<anonymous> (e2e/harmony/scope-cmd.e2e.ts:84:26)
    at processImmediate (node:internal/timers:478:21)]]></failure>
    </testcase>
  </testsuite>
  <testsuite name="set default owner and scope" timestamp="2023-08-21T21:40:50" tests="0" file="/Users/nitsancohen/coding/my-bit/bit/e2e/harmony/set-default-owner-and-scope.e2e.4.ts" time="0.0000" failures="0">
  </testsuite>
  <testsuite name="author components" timestamp="2023-08-21T21:40:50" tests="1" file="/Users/nitsancohen/coding/my-bit/bit/e2e/harmony/set-default-owner-and-scope.e2e.4.ts" time="0.0590" failures="1">
    <testcase name="set default owner and scope author components &quot;before all&quot; hook for &quot;should create link with default owner as prefix&quot;" time="0.0590" classname="&quot;before all&quot; hook for &quot;should create link with default owner as prefix&quot;">
      <failure message="Command failed: bit init
node:internal/modules/cjs/loader:1075
  throw err;
  ^

Error: Cannot find module &apos;../node_modules/@teambit/bit/dist/app&apos;
Require stack:
- /Users/nitsancohen/.bvm/versions/0.2.29/bit-0.2.29/node_modules/@teambit/legacy/bin/bit.js
    at Module._resolveFilename (node:internal/modules/cjs/loader:1072:15)
    at Module._load (node:internal/modules/cjs/loader:925:27)
    at Module.require (node:internal/modules/cjs/loader:1139:19)
    at require (node:internal/modules/helpers:121:18)
    at Object.&lt;anonymous&gt; (/Users/nitsancohen/.bvm/versions/0.2.29/bit-0.2.29/node_modules/@teambit/legacy/bin/bit.js:3:1)
    at Module._compile (node:internal/modules/cjs/loader:1257:14)
    at Module._extensions..js (node:internal/modules/cjs/loader:1311:10)
    at Module.load (node:internal/modules/cjs/loader:1115:32)
    at Module._load (node:internal/modules/cjs/loader:962:12)
    at Function.executeUserEntryPoint [as runMain] (node:internal/modules/run_main:83:12) {
  code: &apos;MODULE_NOT_FOUND&apos;,
  requireStack: [
    &apos;/Users/nitsancohen/.bvm/versions/0.2.29/bit-0.2.29/node_modules/@teambit/legacy/bin/bit.js&apos;
  ]
}

Node.js v20.3.1
" type="Error"><![CDATA[Error: Command failed: bit init
node:internal/modules/cjs/loader:1075
  throw err;
  ^

Error: Cannot find module '../node_modules/@teambit/bit/dist/app'
Require stack:
- /Users/nitsancohen/.bvm/versions/0.2.29/bit-0.2.29/node_modules/@teambit/legacy/bin/bit.js
    at Module._resolveFilename (node:internal/modules/cjs/loader:1072:15)
    at Module._load (node:internal/modules/cjs/loader:925:27)
    at Module.require (node:internal/modules/cjs/loader:1139:19)
    at require (node:internal/modules/helpers:121:18)
    at Object.<anonymous> (/Users/nitsancohen/.bvm/versions/0.2.29/bit-0.2.29/node_modules/@teambit/legacy/bin/bit.js:3:1)
    at Module._compile (node:internal/modules/cjs/loader:1257:14)
    at Module._extensions..js (node:internal/modules/cjs/loader:1311:10)
    at Module.load (node:internal/modules/cjs/loader:1115:32)
    at Module._load (node:internal/modules/cjs/loader:962:12)
    at Function.executeUserEntryPoint [as runMain] (node:internal/modules/run_main:83:12) {
  code: 'MODULE_NOT_FOUND',
  requireStack: [
    '/Users/nitsancohen/.bvm/versions/0.2.29/bit-0.2.29/node_modules/@teambit/legacy/bin/bit.js'
  ]
}

Node.js v20.3.1

    at checkExecSyncError (node:child_process:885:11)
    at Object.execSync (node:child_process:957:15)
    at CommandHelper.runCmd (src/e2e-helper/e2e-command-helper.ts:64:22)
    at ScopeHelper.initWorkspace (src/e2e-helper/e2e-scope-helper.ts:126:25)
    at ScopeHelper.reInitLocalScope (src/e2e-helper/e2e-scope-helper.ts:87:10)
    at ScopeHelper.setNewLocalAndRemoteScopes (src/e2e-helper/e2e-scope-helper.ts:141:10)
    at Context.<anonymous> (e2e/harmony/set-default-owner-and-scope.e2e.4.ts:27:26)
    at processImmediate (node:internal/timers:478:21)]]></failure>
    </testcase>
  </testsuite>
  <testsuite name="bit show command" timestamp="2023-08-21T21:40:50" tests="0" file="/Users/nitsancohen/coding/my-bit/bit/e2e/harmony/show-harmony.e2e.ts" time="0.0000" failures="0">
  </testsuite>
  <testsuite name="running bit show --remote on an empty workspace" timestamp="2023-08-21T21:40:50" tests="3" file="/Users/nitsancohen/coding/my-bit/bit/e2e/harmony/show-harmony.e2e.ts" time="0.0600" failures="1">
    <testcase name="bit show command running bit show --remote on an empty workspace &quot;before all&quot; hook for &quot;should show the remote component successfully&quot;" time="0.0600" classname="&quot;before all&quot; hook for &quot;should show the remote component successfully&quot;">
      <failure message="Command failed: bit init
node:internal/modules/cjs/loader:1075
  throw err;
  ^

Error: Cannot find module &apos;../node_modules/@teambit/bit/dist/app&apos;
Require stack:
- /Users/nitsancohen/.bvm/versions/0.2.29/bit-0.2.29/node_modules/@teambit/legacy/bin/bit.js
    at Module._resolveFilename (node:internal/modules/cjs/loader:1072:15)
    at Module._load (node:internal/modules/cjs/loader:925:27)
    at Module.require (node:internal/modules/cjs/loader:1139:19)
    at require (node:internal/modules/helpers:121:18)
    at Object.&lt;anonymous&gt; (/Users/nitsancohen/.bvm/versions/0.2.29/bit-0.2.29/node_modules/@teambit/legacy/bin/bit.js:3:1)
    at Module._compile (node:internal/modules/cjs/loader:1257:14)
    at Module._extensions..js (node:internal/modules/cjs/loader:1311:10)
    at Module.load (node:internal/modules/cjs/loader:1115:32)
    at Module._load (node:internal/modules/cjs/loader:962:12)
    at Function.executeUserEntryPoint [as runMain] (node:internal/modules/run_main:83:12) {
  code: &apos;MODULE_NOT_FOUND&apos;,
  requireStack: [
    &apos;/Users/nitsancohen/.bvm/versions/0.2.29/bit-0.2.29/node_modules/@teambit/legacy/bin/bit.js&apos;
  ]
}

Node.js v20.3.1
" type="Error"><![CDATA[Error: Command failed: bit init
node:internal/modules/cjs/loader:1075
  throw err;
  ^

Error: Cannot find module '../node_modules/@teambit/bit/dist/app'
Require stack:
- /Users/nitsancohen/.bvm/versions/0.2.29/bit-0.2.29/node_modules/@teambit/legacy/bin/bit.js
    at Module._resolveFilename (node:internal/modules/cjs/loader:1072:15)
    at Module._load (node:internal/modules/cjs/loader:925:27)
    at Module.require (node:internal/modules/cjs/loader:1139:19)
    at require (node:internal/modules/helpers:121:18)
    at Object.<anonymous> (/Users/nitsancohen/.bvm/versions/0.2.29/bit-0.2.29/node_modules/@teambit/legacy/bin/bit.js:3:1)
    at Module._compile (node:internal/modules/cjs/loader:1257:14)
    at Module._extensions..js (node:internal/modules/cjs/loader:1311:10)
    at Module.load (node:internal/modules/cjs/loader:1115:32)
    at Module._load (node:internal/modules/cjs/loader:962:12)
    at Function.executeUserEntryPoint [as runMain] (node:internal/modules/run_main:83:12) {
  code: 'MODULE_NOT_FOUND',
  requireStack: [
    '/Users/nitsancohen/.bvm/versions/0.2.29/bit-0.2.29/node_modules/@teambit/legacy/bin/bit.js'
  ]
}

Node.js v20.3.1

    at checkExecSyncError (node:child_process:885:11)
    at Object.execSync (node:child_process:957:15)
    at CommandHelper.runCmd (src/e2e-helper/e2e-command-helper.ts:64:22)
    at ScopeHelper.initWorkspace (src/e2e-helper/e2e-scope-helper.ts:126:25)
    at ScopeHelper.reInitLocalScope (src/e2e-helper/e2e-scope-helper.ts:87:10)
    at ScopeHelper.setNewLocalAndRemoteScopes (src/e2e-helper/e2e-scope-helper.ts:141:10)
    at Context.<anonymous> (e2e/harmony/show-harmony.e2e.ts:16:26)
    at processImmediate (node:internal/timers:478:21)]]></failure>
    </testcase>
  </testsuite>
  <testsuite name="sign command" timestamp="2023-08-21T21:40:51" tests="0" file="/Users/nitsancohen/coding/my-bit/bit/e2e/harmony/sign.e2e.ts" time="0.0000" failures="0">
  </testsuite>
  <testsuite name="simple case with one scope with --push flag" timestamp="2023-08-21T21:40:51" tests="4" file="/Users/nitsancohen/coding/my-bit/bit/e2e/harmony/sign.e2e.ts" time="0.0600" failures="1">
    <testcase name="sign command simple case with one scope with --push flag &quot;before all&quot; hook for &quot;on the workspace, the build status should be pending&quot;" time="0.0600" classname="&quot;before all&quot; hook for &quot;on the workspace, the build status should be pending&quot;">
      <failure message="Command failed: BIT_FEATURES=build-on-ci bit init
node:internal/modules/cjs/loader:1075
  throw err;
  ^

Error: Cannot find module &apos;../node_modules/@teambit/bit/dist/app&apos;
Require stack:
- /Users/nitsancohen/.bvm/versions/0.2.29/bit-0.2.29/node_modules/@teambit/legacy/bin/bit.js
    at Module._resolveFilename (node:internal/modules/cjs/loader:1072:15)
    at Module._load (node:internal/modules/cjs/loader:925:27)
    at Module.require (node:internal/modules/cjs/loader:1139:19)
    at require (node:internal/modules/helpers:121:18)
    at Object.&lt;anonymous&gt; (/Users/nitsancohen/.bvm/versions/0.2.29/bit-0.2.29/node_modules/@teambit/legacy/bin/bit.js:3:1)
    at Module._compile (node:internal/modules/cjs/loader:1257:14)
    at Module._extensions..js (node:internal/modules/cjs/loader:1311:10)
    at Module.load (node:internal/modules/cjs/loader:1115:32)
    at Module._load (node:internal/modules/cjs/loader:962:12)
    at Function.executeUserEntryPoint [as runMain] (node:internal/modules/run_main:83:12) {
  code: &apos;MODULE_NOT_FOUND&apos;,
  requireStack: [
    &apos;/Users/nitsancohen/.bvm/versions/0.2.29/bit-0.2.29/node_modules/@teambit/legacy/bin/bit.js&apos;
  ]
}

Node.js v20.3.1
" type="Error"><![CDATA[Error: Command failed: BIT_FEATURES=build-on-ci bit init
node:internal/modules/cjs/loader:1075
  throw err;
  ^

Error: Cannot find module '../node_modules/@teambit/bit/dist/app'
Require stack:
- /Users/nitsancohen/.bvm/versions/0.2.29/bit-0.2.29/node_modules/@teambit/legacy/bin/bit.js
    at Module._resolveFilename (node:internal/modules/cjs/loader:1072:15)
    at Module._load (node:internal/modules/cjs/loader:925:27)
    at Module.require (node:internal/modules/cjs/loader:1139:19)
    at require (node:internal/modules/helpers:121:18)
    at Object.<anonymous> (/Users/nitsancohen/.bvm/versions/0.2.29/bit-0.2.29/node_modules/@teambit/legacy/bin/bit.js:3:1)
    at Module._compile (node:internal/modules/cjs/loader:1257:14)
    at Module._extensions..js (node:internal/modules/cjs/loader:1311:10)
    at Module.load (node:internal/modules/cjs/loader:1115:32)
    at Module._load (node:internal/modules/cjs/loader:962:12)
    at Function.executeUserEntryPoint [as runMain] (node:internal/modules/run_main:83:12) {
  code: 'MODULE_NOT_FOUND',
  requireStack: [
    '/Users/nitsancohen/.bvm/versions/0.2.29/bit-0.2.29/node_modules/@teambit/legacy/bin/bit.js'
  ]
}

Node.js v20.3.1

    at checkExecSyncError (node:child_process:885:11)
    at Object.execSync (node:child_process:957:15)
    at CommandHelper.runCmd (src/e2e-helper/e2e-command-helper.ts:64:22)
    at ScopeHelper.initWorkspace (src/e2e-helper/e2e-scope-helper.ts:126:25)
    at ScopeHelper.reInitLocalScope (src/e2e-helper/e2e-scope-helper.ts:87:10)
    at ScopeHelper.setNewLocalAndRemoteScopes (src/e2e-helper/e2e-scope-helper.ts:141:10)
    at Context.<anonymous> (e2e/harmony/sign.e2e.ts:21:26)
    at processImmediate (node:internal/timers:478:21)]]></failure>
    </testcase>
  </testsuite>
  <testsuite name="simple case with one scope without --push flag" timestamp="2023-08-21T21:40:51" tests="2" file="/Users/nitsancohen/coding/my-bit/bit/e2e/harmony/sign.e2e.ts" time="0.0600" failures="1">
    <testcase name="sign command simple case with one scope without --push flag &quot;before all&quot; hook for &quot;on the workspace, the build status should be pending&quot;" time="0.0600" classname="&quot;before all&quot; hook for &quot;on the workspace, the build status should be pending&quot;">
      <failure message="Command failed: BIT_FEATURES=build-on-ci bit init
node:internal/modules/cjs/loader:1075
  throw err;
  ^

Error: Cannot find module &apos;../node_modules/@teambit/bit/dist/app&apos;
Require stack:
- /Users/nitsancohen/.bvm/versions/0.2.29/bit-0.2.29/node_modules/@teambit/legacy/bin/bit.js
    at Module._resolveFilename (node:internal/modules/cjs/loader:1072:15)
    at Module._load (node:internal/modules/cjs/loader:925:27)
    at Module.require (node:internal/modules/cjs/loader:1139:19)
    at require (node:internal/modules/helpers:121:18)
    at Object.&lt;anonymous&gt; (/Users/nitsancohen/.bvm/versions/0.2.29/bit-0.2.29/node_modules/@teambit/legacy/bin/bit.js:3:1)
    at Module._compile (node:internal/modules/cjs/loader:1257:14)
    at Module._extensions..js (node:internal/modules/cjs/loader:1311:10)
    at Module.load (node:internal/modules/cjs/loader:1115:32)
    at Module._load (node:internal/modules/cjs/loader:962:12)
    at Function.executeUserEntryPoint [as runMain] (node:internal/modules/run_main:83:12) {
  code: &apos;MODULE_NOT_FOUND&apos;,
  requireStack: [
    &apos;/Users/nitsancohen/.bvm/versions/0.2.29/bit-0.2.29/node_modules/@teambit/legacy/bin/bit.js&apos;
  ]
}

Node.js v20.3.1
" type="Error"><![CDATA[Error: Command failed: BIT_FEATURES=build-on-ci bit init
node:internal/modules/cjs/loader:1075
  throw err;
  ^

Error: Cannot find module '../node_modules/@teambit/bit/dist/app'
Require stack:
- /Users/nitsancohen/.bvm/versions/0.2.29/bit-0.2.29/node_modules/@teambit/legacy/bin/bit.js
    at Module._resolveFilename (node:internal/modules/cjs/loader:1072:15)
    at Module._load (node:internal/modules/cjs/loader:925:27)
    at Module.require (node:internal/modules/cjs/loader:1139:19)
    at require (node:internal/modules/helpers:121:18)
    at Object.<anonymous> (/Users/nitsancohen/.bvm/versions/0.2.29/bit-0.2.29/node_modules/@teambit/legacy/bin/bit.js:3:1)
    at Module._compile (node:internal/modules/cjs/loader:1257:14)
    at Module._extensions..js (node:internal/modules/cjs/loader:1311:10)
    at Module.load (node:internal/modules/cjs/loader:1115:32)
    at Module._load (node:internal/modules/cjs/loader:962:12)
    at Function.executeUserEntryPoint [as runMain] (node:internal/modules/run_main:83:12) {
  code: 'MODULE_NOT_FOUND',
  requireStack: [
    '/Users/nitsancohen/.bvm/versions/0.2.29/bit-0.2.29/node_modules/@teambit/legacy/bin/bit.js'
  ]
}

Node.js v20.3.1

    at checkExecSyncError (node:child_process:885:11)
    at Object.execSync (node:child_process:957:15)
    at CommandHelper.runCmd (src/e2e-helper/e2e-command-helper.ts:64:22)
    at ScopeHelper.initWorkspace (src/e2e-helper/e2e-scope-helper.ts:126:25)
    at ScopeHelper.reInitLocalScope (src/e2e-helper/e2e-scope-helper.ts:87:10)
    at ScopeHelper.setNewLocalAndRemoteScopes (src/e2e-helper/e2e-scope-helper.ts:141:10)
    at Context.<anonymous> (e2e/harmony/sign.e2e.ts:66:26)
    at processImmediate (node:internal/timers:478:21)]]></failure>
    </testcase>
  </testsuite>
  <testsuite name="sign a built component" timestamp="2023-08-21T21:40:51" tests="1" file="/Users/nitsancohen/coding/my-bit/bit/e2e/harmony/sign.e2e.ts" time="0.0770" failures="1">
    <testcase name="sign command sign a built component &quot;before all&quot; hook for &quot;should sign the last successfully&quot;" time="0.0770" classname="&quot;before all&quot; hook for &quot;should sign the last successfully&quot;">
      <failure message="Command failed: BIT_FEATURES=build-on-ci bit init
node:internal/modules/cjs/loader:1075
  throw err;
  ^

Error: Cannot find module &apos;../node_modules/@teambit/bit/dist/app&apos;
Require stack:
- /Users/nitsancohen/.bvm/versions/0.2.29/bit-0.2.29/node_modules/@teambit/legacy/bin/bit.js
    at Module._resolveFilename (node:internal/modules/cjs/loader:1072:15)
    at Module._load (node:internal/modules/cjs/loader:925:27)
    at Module.require (node:internal/modules/cjs/loader:1139:19)
    at require (node:internal/modules/helpers:121:18)
    at Object.&lt;anonymous&gt; (/Users/nitsancohen/.bvm/versions/0.2.29/bit-0.2.29/node_modules/@teambit/legacy/bin/bit.js:3:1)
    at Module._compile (node:internal/modules/cjs/loader:1257:14)
    at Module._extensions..js (node:internal/modules/cjs/loader:1311:10)
    at Module.load (node:internal/modules/cjs/loader:1115:32)
    at Module._load (node:internal/modules/cjs/loader:962:12)
    at Function.executeUserEntryPoint [as runMain] (node:internal/modules/run_main:83:12) {
  code: &apos;MODULE_NOT_FOUND&apos;,
  requireStack: [
    &apos;/Users/nitsancohen/.bvm/versions/0.2.29/bit-0.2.29/node_modules/@teambit/legacy/bin/bit.js&apos;
  ]
}

Node.js v20.3.1
" type="Error"><![CDATA[Error: Command failed: BIT_FEATURES=build-on-ci bit init
node:internal/modules/cjs/loader:1075
  throw err;
  ^

Error: Cannot find module '../node_modules/@teambit/bit/dist/app'
Require stack:
- /Users/nitsancohen/.bvm/versions/0.2.29/bit-0.2.29/node_modules/@teambit/legacy/bin/bit.js
    at Module._resolveFilename (node:internal/modules/cjs/loader:1072:15)
    at Module._load (node:internal/modules/cjs/loader:925:27)
    at Module.require (node:internal/modules/cjs/loader:1139:19)
    at require (node:internal/modules/helpers:121:18)
    at Object.<anonymous> (/Users/nitsancohen/.bvm/versions/0.2.29/bit-0.2.29/node_modules/@teambit/legacy/bin/bit.js:3:1)
    at Module._compile (node:internal/modules/cjs/loader:1257:14)
    at Module._extensions..js (node:internal/modules/cjs/loader:1311:10)
    at Module.load (node:internal/modules/cjs/loader:1115:32)
    at Module._load (node:internal/modules/cjs/loader:962:12)
    at Function.executeUserEntryPoint [as runMain] (node:internal/modules/run_main:83:12) {
  code: 'MODULE_NOT_FOUND',
  requireStack: [
    '/Users/nitsancohen/.bvm/versions/0.2.29/bit-0.2.29/node_modules/@teambit/legacy/bin/bit.js'
  ]
}

Node.js v20.3.1

    at checkExecSyncError (node:child_process:885:11)
    at Object.execSync (node:child_process:957:15)
    at CommandHelper.runCmd (src/e2e-helper/e2e-command-helper.ts:64:22)
    at ScopeHelper.initWorkspace (src/e2e-helper/e2e-scope-helper.ts:126:25)
    at ScopeHelper.reInitLocalScope (src/e2e-helper/e2e-scope-helper.ts:87:10)
    at ScopeHelper.setNewLocalAndRemoteScopes (src/e2e-helper/e2e-scope-helper.ts:141:10)
    at Context.<anonymous> (e2e/harmony/sign.e2e.ts:86:26)
    at processImmediate (node:internal/timers:478:21)]]></failure>
    </testcase>
  </testsuite>
  <testsuite name="without specifying the ids" timestamp="2023-08-21T21:40:51" tests="1" file="/Users/nitsancohen/coding/my-bit/bit/e2e/harmony/sign.e2e.ts" time="0.0600" failures="1">
    <testcase name="sign command without specifying the ids &quot;before all&quot; hook for &quot;should sign successfully&quot;" time="0.0600" classname="&quot;before all&quot; hook for &quot;should sign successfully&quot;">
      <failure message="Command failed: BIT_FEATURES=build-on-ci bit init
node:internal/modules/cjs/loader:1075
  throw err;
  ^

Error: Cannot find module &apos;../node_modules/@teambit/bit/dist/app&apos;
Require stack:
- /Users/nitsancohen/.bvm/versions/0.2.29/bit-0.2.29/node_modules/@teambit/legacy/bin/bit.js
    at Module._resolveFilename (node:internal/modules/cjs/loader:1072:15)
    at Module._load (node:internal/modules/cjs/loader:925:27)
    at Module.require (node:internal/modules/cjs/loader:1139:19)
    at require (node:internal/modules/helpers:121:18)
    at Object.&lt;anonymous&gt; (/Users/nitsancohen/.bvm/versions/0.2.29/bit-0.2.29/node_modules/@teambit/legacy/bin/bit.js:3:1)
    at Module._compile (node:internal/modules/cjs/loader:1257:14)
    at Module._extensions..js (node:internal/modules/cjs/loader:1311:10)
    at Module.load (node:internal/modules/cjs/loader:1115:32)
    at Module._load (node:internal/modules/cjs/loader:962:12)
    at Function.executeUserEntryPoint [as runMain] (node:internal/modules/run_main:83:12) {
  code: &apos;MODULE_NOT_FOUND&apos;,
  requireStack: [
    &apos;/Users/nitsancohen/.bvm/versions/0.2.29/bit-0.2.29/node_modules/@teambit/legacy/bin/bit.js&apos;
  ]
}

Node.js v20.3.1
" type="Error"><![CDATA[Error: Command failed: BIT_FEATURES=build-on-ci bit init
node:internal/modules/cjs/loader:1075
  throw err;
  ^

Error: Cannot find module '../node_modules/@teambit/bit/dist/app'
Require stack:
- /Users/nitsancohen/.bvm/versions/0.2.29/bit-0.2.29/node_modules/@teambit/legacy/bin/bit.js
    at Module._resolveFilename (node:internal/modules/cjs/loader:1072:15)
    at Module._load (node:internal/modules/cjs/loader:925:27)
    at Module.require (node:internal/modules/cjs/loader:1139:19)
    at require (node:internal/modules/helpers:121:18)
    at Object.<anonymous> (/Users/nitsancohen/.bvm/versions/0.2.29/bit-0.2.29/node_modules/@teambit/legacy/bin/bit.js:3:1)
    at Module._compile (node:internal/modules/cjs/loader:1257:14)
    at Module._extensions..js (node:internal/modules/cjs/loader:1311:10)
    at Module.load (node:internal/modules/cjs/loader:1115:32)
    at Module._load (node:internal/modules/cjs/loader:962:12)
    at Function.executeUserEntryPoint [as runMain] (node:internal/modules/run_main:83:12) {
  code: 'MODULE_NOT_FOUND',
  requireStack: [
    '/Users/nitsancohen/.bvm/versions/0.2.29/bit-0.2.29/node_modules/@teambit/legacy/bin/bit.js'
  ]
}

Node.js v20.3.1

    at checkExecSyncError (node:child_process:885:11)
    at Object.execSync (node:child_process:957:15)
    at CommandHelper.runCmd (src/e2e-helper/e2e-command-helper.ts:64:22)
    at ScopeHelper.initWorkspace (src/e2e-helper/e2e-scope-helper.ts:126:25)
    at ScopeHelper.reInitLocalScope (src/e2e-helper/e2e-scope-helper.ts:87:10)
    at ScopeHelper.setNewLocalAndRemoteScopes (src/e2e-helper/e2e-scope-helper.ts:141:10)
    at Context.<anonymous> (e2e/harmony/sign.e2e.ts:107:26)
    at processImmediate (node:internal/timers:478:21)]]></failure>
    </testcase>
  </testsuite>
  <testsuite name="failure case" timestamp="2023-08-21T21:40:51" tests="3" file="/Users/nitsancohen/coding/my-bit/bit/e2e/harmony/sign.e2e.ts" time="0.0600" failures="1">
    <testcase name="sign command failure case &quot;before all&quot; hook for &quot;on the workspace, the build status should be pending&quot;" time="0.0600" classname="&quot;before all&quot; hook for &quot;on the workspace, the build status should be pending&quot;">
      <failure message="Command failed: BIT_FEATURES=build-on-ci bit init
node:internal/modules/cjs/loader:1075
  throw err;
  ^

Error: Cannot find module &apos;../node_modules/@teambit/bit/dist/app&apos;
Require stack:
- /Users/nitsancohen/.bvm/versions/0.2.29/bit-0.2.29/node_modules/@teambit/legacy/bin/bit.js
    at Module._resolveFilename (node:internal/modules/cjs/loader:1072:15)
    at Module._load (node:internal/modules/cjs/loader:925:27)
    at Module.require (node:internal/modules/cjs/loader:1139:19)
    at require (node:internal/modules/helpers:121:18)
    at Object.&lt;anonymous&gt; (/Users/nitsancohen/.bvm/versions/0.2.29/bit-0.2.29/node_modules/@teambit/legacy/bin/bit.js:3:1)
    at Module._compile (node:internal/modules/cjs/loader:1257:14)
    at Module._extensions..js (node:internal/modules/cjs/loader:1311:10)
    at Module.load (node:internal/modules/cjs/loader:1115:32)
    at Module._load (node:internal/modules/cjs/loader:962:12)
    at Function.executeUserEntryPoint [as runMain] (node:internal/modules/run_main:83:12) {
  code: &apos;MODULE_NOT_FOUND&apos;,
  requireStack: [
    &apos;/Users/nitsancohen/.bvm/versions/0.2.29/bit-0.2.29/node_modules/@teambit/legacy/bin/bit.js&apos;
  ]
}

Node.js v20.3.1
" type="Error"><![CDATA[Error: Command failed: BIT_FEATURES=build-on-ci bit init
node:internal/modules/cjs/loader:1075
  throw err;
  ^

Error: Cannot find module '../node_modules/@teambit/bit/dist/app'
Require stack:
- /Users/nitsancohen/.bvm/versions/0.2.29/bit-0.2.29/node_modules/@teambit/legacy/bin/bit.js
    at Module._resolveFilename (node:internal/modules/cjs/loader:1072:15)
    at Module._load (node:internal/modules/cjs/loader:925:27)
    at Module.require (node:internal/modules/cjs/loader:1139:19)
    at require (node:internal/modules/helpers:121:18)
    at Object.<anonymous> (/Users/nitsancohen/.bvm/versions/0.2.29/bit-0.2.29/node_modules/@teambit/legacy/bin/bit.js:3:1)
    at Module._compile (node:internal/modules/cjs/loader:1257:14)
    at Module._extensions..js (node:internal/modules/cjs/loader:1311:10)
    at Module.load (node:internal/modules/cjs/loader:1115:32)
    at Module._load (node:internal/modules/cjs/loader:962:12)
    at Function.executeUserEntryPoint [as runMain] (node:internal/modules/run_main:83:12) {
  code: 'MODULE_NOT_FOUND',
  requireStack: [
    '/Users/nitsancohen/.bvm/versions/0.2.29/bit-0.2.29/node_modules/@teambit/legacy/bin/bit.js'
  ]
}

Node.js v20.3.1

    at checkExecSyncError (node:child_process:885:11)
    at Object.execSync (node:child_process:957:15)
    at CommandHelper.runCmd (src/e2e-helper/e2e-command-helper.ts:64:22)
    at ScopeHelper.initWorkspace (src/e2e-helper/e2e-scope-helper.ts:126:25)
    at ScopeHelper.reInitLocalScope (src/e2e-helper/e2e-scope-helper.ts:87:10)
    at ScopeHelper.setNewLocalAndRemoteScopes (src/e2e-helper/e2e-scope-helper.ts:141:10)
    at Context.<anonymous> (e2e/harmony/sign.e2e.ts:121:26)
    at processImmediate (node:internal/timers:478:21)]]></failure>
    </testcase>
  </testsuite>
  <testsuite name="sign components from lanes" timestamp="2023-08-21T21:40:51" tests="3" file="/Users/nitsancohen/coding/my-bit/bit/e2e/harmony/sign.e2e.ts" time="0.0590" failures="1">
    <testcase name="sign command sign components from lanes &quot;before all&quot; hook for &quot;should sign the last successfully&quot;" time="0.0590" classname="&quot;before all&quot; hook for &quot;should sign the last successfully&quot;">
      <failure message="Command failed: BIT_FEATURES=build-on-ci bit init
node:internal/modules/cjs/loader:1075
  throw err;
  ^

Error: Cannot find module &apos;../node_modules/@teambit/bit/dist/app&apos;
Require stack:
- /Users/nitsancohen/.bvm/versions/0.2.29/bit-0.2.29/node_modules/@teambit/legacy/bin/bit.js
    at Module._resolveFilename (node:internal/modules/cjs/loader:1072:15)
    at Module._load (node:internal/modules/cjs/loader:925:27)
    at Module.require (node:internal/modules/cjs/loader:1139:19)
    at require (node:internal/modules/helpers:121:18)
    at Object.&lt;anonymous&gt; (/Users/nitsancohen/.bvm/versions/0.2.29/bit-0.2.29/node_modules/@teambit/legacy/bin/bit.js:3:1)
    at Module._compile (node:internal/modules/cjs/loader:1257:14)
    at Module._extensions..js (node:internal/modules/cjs/loader:1311:10)
    at Module.load (node:internal/modules/cjs/loader:1115:32)
    at Module._load (node:internal/modules/cjs/loader:962:12)
    at Function.executeUserEntryPoint [as runMain] (node:internal/modules/run_main:83:12) {
  code: &apos;MODULE_NOT_FOUND&apos;,
  requireStack: [
    &apos;/Users/nitsancohen/.bvm/versions/0.2.29/bit-0.2.29/node_modules/@teambit/legacy/bin/bit.js&apos;
  ]
}

Node.js v20.3.1
" type="Error"><![CDATA[Error: Command failed: BIT_FEATURES=build-on-ci bit init
node:internal/modules/cjs/loader:1075
  throw err;
  ^

Error: Cannot find module '../node_modules/@teambit/bit/dist/app'
Require stack:
- /Users/nitsancohen/.bvm/versions/0.2.29/bit-0.2.29/node_modules/@teambit/legacy/bin/bit.js
    at Module._resolveFilename (node:internal/modules/cjs/loader:1072:15)
    at Module._load (node:internal/modules/cjs/loader:925:27)
    at Module.require (node:internal/modules/cjs/loader:1139:19)
    at require (node:internal/modules/helpers:121:18)
    at Object.<anonymous> (/Users/nitsancohen/.bvm/versions/0.2.29/bit-0.2.29/node_modules/@teambit/legacy/bin/bit.js:3:1)
    at Module._compile (node:internal/modules/cjs/loader:1257:14)
    at Module._extensions..js (node:internal/modules/cjs/loader:1311:10)
    at Module.load (node:internal/modules/cjs/loader:1115:32)
    at Module._load (node:internal/modules/cjs/loader:962:12)
    at Function.executeUserEntryPoint [as runMain] (node:internal/modules/run_main:83:12) {
  code: 'MODULE_NOT_FOUND',
  requireStack: [
    '/Users/nitsancohen/.bvm/versions/0.2.29/bit-0.2.29/node_modules/@teambit/legacy/bin/bit.js'
  ]
}

Node.js v20.3.1

    at checkExecSyncError (node:child_process:885:11)
    at Object.execSync (node:child_process:957:15)
    at CommandHelper.runCmd (src/e2e-helper/e2e-command-helper.ts:64:22)
    at ScopeHelper.initWorkspace (src/e2e-helper/e2e-scope-helper.ts:126:25)
    at ScopeHelper.reInitLocalScope (src/e2e-helper/e2e-scope-helper.ts:87:10)
    at ScopeHelper.setNewLocalAndRemoteScopes (src/e2e-helper/e2e-scope-helper.ts:141:10)
    at Context.<anonymous> (e2e/harmony/sign.e2e.ts:163:26)
    at processImmediate (node:internal/timers:478:21)]]></failure>
    </testcase>
  </testsuite>
  <testsuite name="circular dependencies between two scopes" timestamp="2023-08-21T21:40:51" tests="3" file="/Users/nitsancohen/coding/my-bit/bit/e2e/harmony/sign.e2e.ts" time="0.0000" failures="0">
  </testsuite>
  <testsuite name="snap components from scope" timestamp="2023-08-21T21:40:51" tests="0" file="/Users/nitsancohen/coding/my-bit/bit/e2e/harmony/snap-from-scope.e2e.ts" time="0.0000" failures="0">
  </testsuite>
  <testsuite name="snap from scope" timestamp="2023-08-21T21:40:51" tests="0" file="/Users/nitsancohen/coding/my-bit/bit/e2e/harmony/snap-from-scope.e2e.ts" time="0.0600" failures="1">
    <testcase name="snap components from scope snap from scope &quot;before all&quot; hook in &quot;snap from scope&quot;" time="0.0600" classname="&quot;before all&quot; hook in &quot;snap from scope&quot;">
      <failure message="Command failed: bit init
node:internal/modules/cjs/loader:1075
  throw err;
  ^

Error: Cannot find module &apos;../node_modules/@teambit/bit/dist/app&apos;
Require stack:
- /Users/nitsancohen/.bvm/versions/0.2.29/bit-0.2.29/node_modules/@teambit/legacy/bin/bit.js
    at Module._resolveFilename (node:internal/modules/cjs/loader:1072:15)
    at Module._load (node:internal/modules/cjs/loader:925:27)
    at Module.require (node:internal/modules/cjs/loader:1139:19)
    at require (node:internal/modules/helpers:121:18)
    at Object.&lt;anonymous&gt; (/Users/nitsancohen/.bvm/versions/0.2.29/bit-0.2.29/node_modules/@teambit/legacy/bin/bit.js:3:1)
    at Module._compile (node:internal/modules/cjs/loader:1257:14)
    at Module._extensions..js (node:internal/modules/cjs/loader:1311:10)
    at Module.load (node:internal/modules/cjs/loader:1115:32)
    at Module._load (node:internal/modules/cjs/loader:962:12)
    at Function.executeUserEntryPoint [as runMain] (node:internal/modules/run_main:83:12) {
  code: &apos;MODULE_NOT_FOUND&apos;,
  requireStack: [
    &apos;/Users/nitsancohen/.bvm/versions/0.2.29/bit-0.2.29/node_modules/@teambit/legacy/bin/bit.js&apos;
  ]
}

Node.js v20.3.1
" type="Error"><![CDATA[Error: Command failed: bit init
node:internal/modules/cjs/loader:1075
  throw err;
  ^

Error: Cannot find module '../node_modules/@teambit/bit/dist/app'
Require stack:
- /Users/nitsancohen/.bvm/versions/0.2.29/bit-0.2.29/node_modules/@teambit/legacy/bin/bit.js
    at Module._resolveFilename (node:internal/modules/cjs/loader:1072:15)
    at Module._load (node:internal/modules/cjs/loader:925:27)
    at Module.require (node:internal/modules/cjs/loader:1139:19)
    at require (node:internal/modules/helpers:121:18)
    at Object.<anonymous> (/Users/nitsancohen/.bvm/versions/0.2.29/bit-0.2.29/node_modules/@teambit/legacy/bin/bit.js:3:1)
    at Module._compile (node:internal/modules/cjs/loader:1257:14)
    at Module._extensions..js (node:internal/modules/cjs/loader:1311:10)
    at Module.load (node:internal/modules/cjs/loader:1115:32)
    at Module._load (node:internal/modules/cjs/loader:962:12)
    at Function.executeUserEntryPoint [as runMain] (node:internal/modules/run_main:83:12) {
  code: 'MODULE_NOT_FOUND',
  requireStack: [
    '/Users/nitsancohen/.bvm/versions/0.2.29/bit-0.2.29/node_modules/@teambit/legacy/bin/bit.js'
  ]
}

Node.js v20.3.1

    at checkExecSyncError (node:child_process:885:11)
    at Object.execSync (node:child_process:957:15)
    at CommandHelper.runCmd (src/e2e-helper/e2e-command-helper.ts:64:22)
    at ScopeHelper.initWorkspace (src/e2e-helper/e2e-scope-helper.ts:126:25)
    at ScopeHelper.reInitLocalScope (src/e2e-helper/e2e-scope-helper.ts:87:10)
    at ScopeHelper.setNewLocalAndRemoteScopes (src/e2e-helper/e2e-scope-helper.ts:141:10)
    at Context.<anonymous> (e2e/harmony/snap-from-scope.e2e.ts:20:26)
    at processImmediate (node:internal/timers:478:21)]]></failure>
    </testcase>
  </testsuite>
  <testsuite name="snap on lane" timestamp="2023-08-21T21:40:51" tests="0" file="/Users/nitsancohen/coding/my-bit/bit/e2e/harmony/snap-from-scope.e2e.ts" time="0.0590" failures="1">
    <testcase name="snap components from scope snap on lane &quot;before all&quot; hook in &quot;snap on lane&quot;" time="0.0590" classname="&quot;before all&quot; hook in &quot;snap on lane&quot;">
      <failure message="Command failed: bit init
node:internal/modules/cjs/loader:1075
  throw err;
  ^

Error: Cannot find module &apos;../node_modules/@teambit/bit/dist/app&apos;
Require stack:
- /Users/nitsancohen/.bvm/versions/0.2.29/bit-0.2.29/node_modules/@teambit/legacy/bin/bit.js
    at Module._resolveFilename (node:internal/modules/cjs/loader:1072:15)
    at Module._load (node:internal/modules/cjs/loader:925:27)
    at Module.require (node:internal/modules/cjs/loader:1139:19)
    at require (node:internal/modules/helpers:121:18)
    at Object.&lt;anonymous&gt; (/Users/nitsancohen/.bvm/versions/0.2.29/bit-0.2.29/node_modules/@teambit/legacy/bin/bit.js:3:1)
    at Module._compile (node:internal/modules/cjs/loader:1257:14)
    at Module._extensions..js (node:internal/modules/cjs/loader:1311:10)
    at Module.load (node:internal/modules/cjs/loader:1115:32)
    at Module._load (node:internal/modules/cjs/loader:962:12)
    at Function.executeUserEntryPoint [as runMain] (node:internal/modules/run_main:83:12) {
  code: &apos;MODULE_NOT_FOUND&apos;,
  requireStack: [
    &apos;/Users/nitsancohen/.bvm/versions/0.2.29/bit-0.2.29/node_modules/@teambit/legacy/bin/bit.js&apos;
  ]
}

Node.js v20.3.1
" type="Error"><![CDATA[Error: Command failed: bit init
node:internal/modules/cjs/loader:1075
  throw err;
  ^

Error: Cannot find module '../node_modules/@teambit/bit/dist/app'
Require stack:
- /Users/nitsancohen/.bvm/versions/0.2.29/bit-0.2.29/node_modules/@teambit/legacy/bin/bit.js
    at Module._resolveFilename (node:internal/modules/cjs/loader:1072:15)
    at Module._load (node:internal/modules/cjs/loader:925:27)
    at Module.require (node:internal/modules/cjs/loader:1139:19)
    at require (node:internal/modules/helpers:121:18)
    at Object.<anonymous> (/Users/nitsancohen/.bvm/versions/0.2.29/bit-0.2.29/node_modules/@teambit/legacy/bin/bit.js:3:1)
    at Module._compile (node:internal/modules/cjs/loader:1257:14)
    at Module._extensions..js (node:internal/modules/cjs/loader:1311:10)
    at Module.load (node:internal/modules/cjs/loader:1115:32)
    at Module._load (node:internal/modules/cjs/loader:962:12)
    at Function.executeUserEntryPoint [as runMain] (node:internal/modules/run_main:83:12) {
  code: 'MODULE_NOT_FOUND',
  requireStack: [
    '/Users/nitsancohen/.bvm/versions/0.2.29/bit-0.2.29/node_modules/@teambit/legacy/bin/bit.js'
  ]
}

Node.js v20.3.1

    at checkExecSyncError (node:child_process:885:11)
    at Object.execSync (node:child_process:957:15)
    at CommandHelper.runCmd (src/e2e-helper/e2e-command-helper.ts:64:22)
    at ScopeHelper.initWorkspace (src/e2e-helper/e2e-scope-helper.ts:126:25)
    at ScopeHelper.reInitLocalScope (src/e2e-helper/e2e-scope-helper.ts:87:10)
    at ScopeHelper.setNewLocalAndRemoteScopes (src/e2e-helper/e2e-scope-helper.ts:141:10)
    at Context.<anonymous> (e2e/harmony/snap-from-scope.e2e.ts:115:26)
    at processImmediate (node:internal/timers:478:21)]]></failure>
    </testcase>
  </testsuite>
  <testsuite name="snap on a lane when the component is new to the lane and the scope" timestamp="2023-08-21T21:40:51" tests="0" file="/Users/nitsancohen/coding/my-bit/bit/e2e/harmony/snap-from-scope.e2e.ts" time="0.0600" failures="1">
    <testcase name="snap components from scope snap on a lane when the component is new to the lane and the scope &quot;before all&quot; hook in &quot;snap on a lane when the component is new to the lane and the scope&quot;" time="0.0600" classname="&quot;before all&quot; hook in &quot;snap on a lane when the component is new to the lane and the scope&quot;">
      <failure message="Command failed: bit init
node:internal/modules/cjs/loader:1075
  throw err;
  ^

Error: Cannot find module &apos;../node_modules/@teambit/bit/dist/app&apos;
Require stack:
- /Users/nitsancohen/.bvm/versions/0.2.29/bit-0.2.29/node_modules/@teambit/legacy/bin/bit.js
    at Module._resolveFilename (node:internal/modules/cjs/loader:1072:15)
    at Module._load (node:internal/modules/cjs/loader:925:27)
    at Module.require (node:internal/modules/cjs/loader:1139:19)
    at require (node:internal/modules/helpers:121:18)
    at Object.&lt;anonymous&gt; (/Users/nitsancohen/.bvm/versions/0.2.29/bit-0.2.29/node_modules/@teambit/legacy/bin/bit.js:3:1)
    at Module._compile (node:internal/modules/cjs/loader:1257:14)
    at Module._extensions..js (node:internal/modules/cjs/loader:1311:10)
    at Module.load (node:internal/modules/cjs/loader:1115:32)
    at Module._load (node:internal/modules/cjs/loader:962:12)
    at Function.executeUserEntryPoint [as runMain] (node:internal/modules/run_main:83:12) {
  code: &apos;MODULE_NOT_FOUND&apos;,
  requireStack: [
    &apos;/Users/nitsancohen/.bvm/versions/0.2.29/bit-0.2.29/node_modules/@teambit/legacy/bin/bit.js&apos;
  ]
}

Node.js v20.3.1
" type="Error"><![CDATA[Error: Command failed: bit init
node:internal/modules/cjs/loader:1075
  throw err;
  ^

Error: Cannot find module '../node_modules/@teambit/bit/dist/app'
Require stack:
- /Users/nitsancohen/.bvm/versions/0.2.29/bit-0.2.29/node_modules/@teambit/legacy/bin/bit.js
    at Module._resolveFilename (node:internal/modules/cjs/loader:1072:15)
    at Module._load (node:internal/modules/cjs/loader:925:27)
    at Module.require (node:internal/modules/cjs/loader:1139:19)
    at require (node:internal/modules/helpers:121:18)
    at Object.<anonymous> (/Users/nitsancohen/.bvm/versions/0.2.29/bit-0.2.29/node_modules/@teambit/legacy/bin/bit.js:3:1)
    at Module._compile (node:internal/modules/cjs/loader:1257:14)
    at Module._extensions..js (node:internal/modules/cjs/loader:1311:10)
    at Module.load (node:internal/modules/cjs/loader:1115:32)
    at Module._load (node:internal/modules/cjs/loader:962:12)
    at Function.executeUserEntryPoint [as runMain] (node:internal/modules/run_main:83:12) {
  code: 'MODULE_NOT_FOUND',
  requireStack: [
    '/Users/nitsancohen/.bvm/versions/0.2.29/bit-0.2.29/node_modules/@teambit/legacy/bin/bit.js'
  ]
}

Node.js v20.3.1

    at checkExecSyncError (node:child_process:885:11)
    at Object.execSync (node:child_process:957:15)
    at CommandHelper.runCmd (src/e2e-helper/e2e-command-helper.ts:64:22)
    at ScopeHelper.initWorkspace (src/e2e-helper/e2e-scope-helper.ts:126:25)
    at ScopeHelper.reInitLocalScope (src/e2e-helper/e2e-scope-helper.ts:87:10)
    at ScopeHelper.setNewLocalAndRemoteScopes (src/e2e-helper/e2e-scope-helper.ts:141:10)
    at Context.<anonymous> (e2e/harmony/snap-from-scope.e2e.ts:174:26)
    at processImmediate (node:internal/timers:478:21)]]></failure>
    </testcase>
  </testsuite>
  <testsuite name="bit snap command" timestamp="2023-08-21T21:40:51" tests="0" file="/Users/nitsancohen/coding/my-bit/bit/e2e/harmony/snap.e2e.2.ts" time="0.0000" failures="0">
  </testsuite>
  <testsuite name="snap before tag" timestamp="2023-08-21T21:40:51" tests="4" file="/Users/nitsancohen/coding/my-bit/bit/e2e/harmony/snap.e2e.2.ts" time="0.0590" failures="1">
    <testcase name="bit snap command snap before tag &quot;before all&quot; hook for &quot;should snap successfully&quot;" time="0.0590" classname="&quot;before all&quot; hook for &quot;should snap successfully&quot;">
      <failure message="Command failed: bit init
node:internal/modules/cjs/loader:1075
  throw err;
  ^

Error: Cannot find module &apos;../node_modules/@teambit/bit/dist/app&apos;
Require stack:
- /Users/nitsancohen/.bvm/versions/0.2.29/bit-0.2.29/node_modules/@teambit/legacy/bin/bit.js
    at Module._resolveFilename (node:internal/modules/cjs/loader:1072:15)
    at Module._load (node:internal/modules/cjs/loader:925:27)
    at Module.require (node:internal/modules/cjs/loader:1139:19)
    at require (node:internal/modules/helpers:121:18)
    at Object.&lt;anonymous&gt; (/Users/nitsancohen/.bvm/versions/0.2.29/bit-0.2.29/node_modules/@teambit/legacy/bin/bit.js:3:1)
    at Module._compile (node:internal/modules/cjs/loader:1257:14)
    at Module._extensions..js (node:internal/modules/cjs/loader:1311:10)
    at Module.load (node:internal/modules/cjs/loader:1115:32)
    at Module._load (node:internal/modules/cjs/loader:962:12)
    at Function.executeUserEntryPoint [as runMain] (node:internal/modules/run_main:83:12) {
  code: &apos;MODULE_NOT_FOUND&apos;,
  requireStack: [
    &apos;/Users/nitsancohen/.bvm/versions/0.2.29/bit-0.2.29/node_modules/@teambit/legacy/bin/bit.js&apos;
  ]
}

Node.js v20.3.1
" type="Error"><![CDATA[Error: Command failed: bit init
node:internal/modules/cjs/loader:1075
  throw err;
  ^

Error: Cannot find module '../node_modules/@teambit/bit/dist/app'
Require stack:
- /Users/nitsancohen/.bvm/versions/0.2.29/bit-0.2.29/node_modules/@teambit/legacy/bin/bit.js
    at Module._resolveFilename (node:internal/modules/cjs/loader:1072:15)
    at Module._load (node:internal/modules/cjs/loader:925:27)
    at Module.require (node:internal/modules/cjs/loader:1139:19)
    at require (node:internal/modules/helpers:121:18)
    at Object.<anonymous> (/Users/nitsancohen/.bvm/versions/0.2.29/bit-0.2.29/node_modules/@teambit/legacy/bin/bit.js:3:1)
    at Module._compile (node:internal/modules/cjs/loader:1257:14)
    at Module._extensions..js (node:internal/modules/cjs/loader:1311:10)
    at Module.load (node:internal/modules/cjs/loader:1115:32)
    at Module._load (node:internal/modules/cjs/loader:962:12)
    at Function.executeUserEntryPoint [as runMain] (node:internal/modules/run_main:83:12) {
  code: 'MODULE_NOT_FOUND',
  requireStack: [
    '/Users/nitsancohen/.bvm/versions/0.2.29/bit-0.2.29/node_modules/@teambit/legacy/bin/bit.js'
  ]
}

Node.js v20.3.1

    at checkExecSyncError (node:child_process:885:11)
    at Object.execSync (node:child_process:957:15)
    at CommandHelper.runCmd (src/e2e-helper/e2e-command-helper.ts:64:22)
    at ScopeHelper.initWorkspace (src/e2e-helper/e2e-scope-helper.ts:126:25)
    at ScopeHelper.reInitLocalScope (src/e2e-helper/e2e-scope-helper.ts:87:10)
    at Context.<anonymous> (e2e/harmony/snap.e2e.2.ts:24:26)
    at processImmediate (node:internal/timers:478:21)]]></failure>
    </testcase>
  </testsuite>
  <testsuite name="components with dependencies" timestamp="2023-08-21T21:40:51" tests="2" file="/Users/nitsancohen/coding/my-bit/bit/e2e/harmony/snap.e2e.2.ts" time="0.0620" failures="1">
    <testcase name="bit snap command components with dependencies &quot;before all&quot; hook for &quot;should save the dependencies successfully with their snaps as versions&quot;" time="0.0620" classname="&quot;before all&quot; hook for &quot;should save the dependencies successfully with their snaps as versions&quot;">
      <failure message="Command failed: bit init
node:internal/modules/cjs/loader:1075
  throw err;
  ^

Error: Cannot find module &apos;../node_modules/@teambit/bit/dist/app&apos;
Require stack:
- /Users/nitsancohen/.bvm/versions/0.2.29/bit-0.2.29/node_modules/@teambit/legacy/bin/bit.js
    at Module._resolveFilename (node:internal/modules/cjs/loader:1072:15)
    at Module._load (node:internal/modules/cjs/loader:925:27)
    at Module.require (node:internal/modules/cjs/loader:1139:19)
    at require (node:internal/modules/helpers:121:18)
    at Object.&lt;anonymous&gt; (/Users/nitsancohen/.bvm/versions/0.2.29/bit-0.2.29/node_modules/@teambit/legacy/bin/bit.js:3:1)
    at Module._compile (node:internal/modules/cjs/loader:1257:14)
    at Module._extensions..js (node:internal/modules/cjs/loader:1311:10)
    at Module.load (node:internal/modules/cjs/loader:1115:32)
    at Module._load (node:internal/modules/cjs/loader:962:12)
    at Function.executeUserEntryPoint [as runMain] (node:internal/modules/run_main:83:12) {
  code: &apos;MODULE_NOT_FOUND&apos;,
  requireStack: [
    &apos;/Users/nitsancohen/.bvm/versions/0.2.29/bit-0.2.29/node_modules/@teambit/legacy/bin/bit.js&apos;
  ]
}

Node.js v20.3.1
" type="Error"><![CDATA[Error: Command failed: bit init
node:internal/modules/cjs/loader:1075
  throw err;
  ^

Error: Cannot find module '../node_modules/@teambit/bit/dist/app'
Require stack:
- /Users/nitsancohen/.bvm/versions/0.2.29/bit-0.2.29/node_modules/@teambit/legacy/bin/bit.js
    at Module._resolveFilename (node:internal/modules/cjs/loader:1072:15)
    at Module._load (node:internal/modules/cjs/loader:925:27)
    at Module.require (node:internal/modules/cjs/loader:1139:19)
    at require (node:internal/modules/helpers:121:18)
    at Object.<anonymous> (/Users/nitsancohen/.bvm/versions/0.2.29/bit-0.2.29/node_modules/@teambit/legacy/bin/bit.js:3:1)
    at Module._compile (node:internal/modules/cjs/loader:1257:14)
    at Module._extensions..js (node:internal/modules/cjs/loader:1311:10)
    at Module.load (node:internal/modules/cjs/loader:1115:32)
    at Module._load (node:internal/modules/cjs/loader:962:12)
    at Function.executeUserEntryPoint [as runMain] (node:internal/modules/run_main:83:12) {
  code: 'MODULE_NOT_FOUND',
  requireStack: [
    '/Users/nitsancohen/.bvm/versions/0.2.29/bit-0.2.29/node_modules/@teambit/legacy/bin/bit.js'
  ]
}

Node.js v20.3.1

    at checkExecSyncError (node:child_process:885:11)
    at Object.execSync (node:child_process:957:15)
    at CommandHelper.runCmd (src/e2e-helper/e2e-command-helper.ts:64:22)
    at ScopeHelper.initWorkspace (src/e2e-helper/e2e-scope-helper.ts:126:25)
    at ScopeHelper.reInitLocalScope (src/e2e-helper/e2e-scope-helper.ts:87:10)
    at ScopeHelper.setNewLocalAndRemoteScopes (src/e2e-helper/e2e-scope-helper.ts:141:10)
    at Context.<anonymous> (e2e/harmony/snap.e2e.2.ts:80:26)
    at processImmediate (node:internal/timers:478:21)]]></failure>
    </testcase>
  </testsuite>
  <testsuite name="untag a snap" timestamp="2023-08-21T21:40:51" tests="0" file="/Users/nitsancohen/coding/my-bit/bit/e2e/harmony/snap.e2e.2.ts" time="0.0590" failures="1">
    <testcase name="bit snap command untag a snap &quot;before all&quot; hook in &quot;untag a snap&quot;" time="0.0590" classname="&quot;before all&quot; hook in &quot;untag a snap&quot;">
      <failure message="Command failed: bit init
node:internal/modules/cjs/loader:1075
  throw err;
  ^

Error: Cannot find module &apos;../node_modules/@teambit/bit/dist/app&apos;
Require stack:
- /Users/nitsancohen/.bvm/versions/0.2.29/bit-0.2.29/node_modules/@teambit/legacy/bin/bit.js
    at Module._resolveFilename (node:internal/modules/cjs/loader:1072:15)
    at Module._load (node:internal/modules/cjs/loader:925:27)
    at Module.require (node:internal/modules/cjs/loader:1139:19)
    at require (node:internal/modules/helpers:121:18)
    at Object.&lt;anonymous&gt; (/Users/nitsancohen/.bvm/versions/0.2.29/bit-0.2.29/node_modules/@teambit/legacy/bin/bit.js:3:1)
    at Module._compile (node:internal/modules/cjs/loader:1257:14)
    at Module._extensions..js (node:internal/modules/cjs/loader:1311:10)
    at Module.load (node:internal/modules/cjs/loader:1115:32)
    at Module._load (node:internal/modules/cjs/loader:962:12)
    at Function.executeUserEntryPoint [as runMain] (node:internal/modules/run_main:83:12) {
  code: &apos;MODULE_NOT_FOUND&apos;,
  requireStack: [
    &apos;/Users/nitsancohen/.bvm/versions/0.2.29/bit-0.2.29/node_modules/@teambit/legacy/bin/bit.js&apos;
  ]
}

Node.js v20.3.1
" type="Error"><![CDATA[Error: Command failed: bit init
node:internal/modules/cjs/loader:1075
  throw err;
  ^

Error: Cannot find module '../node_modules/@teambit/bit/dist/app'
Require stack:
- /Users/nitsancohen/.bvm/versions/0.2.29/bit-0.2.29/node_modules/@teambit/legacy/bin/bit.js
    at Module._resolveFilename (node:internal/modules/cjs/loader:1072:15)
    at Module._load (node:internal/modules/cjs/loader:925:27)
    at Module.require (node:internal/modules/cjs/loader:1139:19)
    at require (node:internal/modules/helpers:121:18)
    at Object.<anonymous> (/Users/nitsancohen/.bvm/versions/0.2.29/bit-0.2.29/node_modules/@teambit/legacy/bin/bit.js:3:1)
    at Module._compile (node:internal/modules/cjs/loader:1257:14)
    at Module._extensions..js (node:internal/modules/cjs/loader:1311:10)
    at Module.load (node:internal/modules/cjs/loader:1115:32)
    at Module._load (node:internal/modules/cjs/loader:962:12)
    at Function.executeUserEntryPoint [as runMain] (node:internal/modules/run_main:83:12) {
  code: 'MODULE_NOT_FOUND',
  requireStack: [
    '/Users/nitsancohen/.bvm/versions/0.2.29/bit-0.2.29/node_modules/@teambit/legacy/bin/bit.js'
  ]
}

Node.js v20.3.1

    at checkExecSyncError (node:child_process:885:11)
    at Object.execSync (node:child_process:957:15)
    at CommandHelper.runCmd (src/e2e-helper/e2e-command-helper.ts:64:22)
    at ScopeHelper.initWorkspace (src/e2e-helper/e2e-scope-helper.ts:126:25)
    at ScopeHelper.reInitLocalScope (src/e2e-helper/e2e-scope-helper.ts:87:10)
    at Context.<anonymous> (e2e/harmony/snap.e2e.2.ts:112:26)
    at processImmediate (node:internal/timers:478:21)]]></failure>
    </testcase>
  </testsuite>
  <testsuite name="local and remote do not have the same head" timestamp="2023-08-21T21:40:51" tests="0" file="/Users/nitsancohen/coding/my-bit/bit/e2e/harmony/snap.e2e.2.ts" time="0.0600" failures="1">
    <testcase name="bit snap command local and remote do not have the same head &quot;before all&quot; hook in &quot;local and remote do not have the same head&quot;" time="0.0600" classname="&quot;before all&quot; hook in &quot;local and remote do not have the same head&quot;">
      <failure message="Command failed: bit init
node:internal/modules/cjs/loader:1075
  throw err;
  ^

Error: Cannot find module &apos;../node_modules/@teambit/bit/dist/app&apos;
Require stack:
- /Users/nitsancohen/.bvm/versions/0.2.29/bit-0.2.29/node_modules/@teambit/legacy/bin/bit.js
    at Module._resolveFilename (node:internal/modules/cjs/loader:1072:15)
    at Module._load (node:internal/modules/cjs/loader:925:27)
    at Module.require (node:internal/modules/cjs/loader:1139:19)
    at require (node:internal/modules/helpers:121:18)
    at Object.&lt;anonymous&gt; (/Users/nitsancohen/.bvm/versions/0.2.29/bit-0.2.29/node_modules/@teambit/legacy/bin/bit.js:3:1)
    at Module._compile (node:internal/modules/cjs/loader:1257:14)
    at Module._extensions..js (node:internal/modules/cjs/loader:1311:10)
    at Module.load (node:internal/modules/cjs/loader:1115:32)
    at Module._load (node:internal/modules/cjs/loader:962:12)
    at Function.executeUserEntryPoint [as runMain] (node:internal/modules/run_main:83:12) {
  code: &apos;MODULE_NOT_FOUND&apos;,
  requireStack: [
    &apos;/Users/nitsancohen/.bvm/versions/0.2.29/bit-0.2.29/node_modules/@teambit/legacy/bin/bit.js&apos;
  ]
}

Node.js v20.3.1
" type="Error"><![CDATA[Error: Command failed: bit init
node:internal/modules/cjs/loader:1075
  throw err;
  ^

Error: Cannot find module '../node_modules/@teambit/bit/dist/app'
Require stack:
- /Users/nitsancohen/.bvm/versions/0.2.29/bit-0.2.29/node_modules/@teambit/legacy/bin/bit.js
    at Module._resolveFilename (node:internal/modules/cjs/loader:1072:15)
    at Module._load (node:internal/modules/cjs/loader:925:27)
    at Module.require (node:internal/modules/cjs/loader:1139:19)
    at require (node:internal/modules/helpers:121:18)
    at Object.<anonymous> (/Users/nitsancohen/.bvm/versions/0.2.29/bit-0.2.29/node_modules/@teambit/legacy/bin/bit.js:3:1)
    at Module._compile (node:internal/modules/cjs/loader:1257:14)
    at Module._extensions..js (node:internal/modules/cjs/loader:1311:10)
    at Module.load (node:internal/modules/cjs/loader:1115:32)
    at Module._load (node:internal/modules/cjs/loader:962:12)
    at Function.executeUserEntryPoint [as runMain] (node:internal/modules/run_main:83:12) {
  code: 'MODULE_NOT_FOUND',
  requireStack: [
    '/Users/nitsancohen/.bvm/versions/0.2.29/bit-0.2.29/node_modules/@teambit/legacy/bin/bit.js'
  ]
}

Node.js v20.3.1

    at checkExecSyncError (node:child_process:885:11)
    at Object.execSync (node:child_process:957:15)
    at CommandHelper.runCmd (src/e2e-helper/e2e-command-helper.ts:64:22)
    at ScopeHelper.initWorkspace (src/e2e-helper/e2e-scope-helper.ts:126:25)
    at ScopeHelper.reInitLocalScope (src/e2e-helper/e2e-scope-helper.ts:87:10)
    at ScopeHelper.setNewLocalAndRemoteScopes (src/e2e-helper/e2e-scope-helper.ts:141:10)
    at Context.<anonymous> (e2e/harmony/snap.e2e.2.ts:140:26)
    at processImmediate (node:internal/timers:478:21)]]></failure>
    </testcase>
  </testsuite>
  <testsuite name="bit checkout and bit diff for snaps" timestamp="2023-08-21T21:40:51" tests="0" file="/Users/nitsancohen/coding/my-bit/bit/e2e/harmony/snap.e2e.2.ts" time="0.0000" failures="0">
  </testsuite>
  <testsuite name="snap, change and then snap" timestamp="2023-08-21T21:40:51" tests="1" file="/Users/nitsancohen/coding/my-bit/bit/e2e/harmony/snap.e2e.2.ts" time="0.0610" failures="1">
    <testcase name="bit snap command bit checkout and bit diff for snaps snap, change and then snap &quot;before all&quot; hook for &quot;bit diff should show the differences&quot;" time="0.0610" classname="&quot;before all&quot; hook for &quot;bit diff should show the differences&quot;">
      <failure message="Command failed: bit init
node:internal/modules/cjs/loader:1075
  throw err;
  ^

Error: Cannot find module &apos;../node_modules/@teambit/bit/dist/app&apos;
Require stack:
- /Users/nitsancohen/.bvm/versions/0.2.29/bit-0.2.29/node_modules/@teambit/legacy/bin/bit.js
    at Module._resolveFilename (node:internal/modules/cjs/loader:1072:15)
    at Module._load (node:internal/modules/cjs/loader:925:27)
    at Module.require (node:internal/modules/cjs/loader:1139:19)
    at require (node:internal/modules/helpers:121:18)
    at Object.&lt;anonymous&gt; (/Users/nitsancohen/.bvm/versions/0.2.29/bit-0.2.29/node_modules/@teambit/legacy/bin/bit.js:3:1)
    at Module._compile (node:internal/modules/cjs/loader:1257:14)
    at Module._extensions..js (node:internal/modules/cjs/loader:1311:10)
    at Module.load (node:internal/modules/cjs/loader:1115:32)
    at Module._load (node:internal/modules/cjs/loader:962:12)
    at Function.executeUserEntryPoint [as runMain] (node:internal/modules/run_main:83:12) {
  code: &apos;MODULE_NOT_FOUND&apos;,
  requireStack: [
    &apos;/Users/nitsancohen/.bvm/versions/0.2.29/bit-0.2.29/node_modules/@teambit/legacy/bin/bit.js&apos;
  ]
}

Node.js v20.3.1
" type="Error"><![CDATA[Error: Command failed: bit init
node:internal/modules/cjs/loader:1075
  throw err;
  ^

Error: Cannot find module '../node_modules/@teambit/bit/dist/app'
Require stack:
- /Users/nitsancohen/.bvm/versions/0.2.29/bit-0.2.29/node_modules/@teambit/legacy/bin/bit.js
    at Module._resolveFilename (node:internal/modules/cjs/loader:1072:15)
    at Module._load (node:internal/modules/cjs/loader:925:27)
    at Module.require (node:internal/modules/cjs/loader:1139:19)
    at require (node:internal/modules/helpers:121:18)
    at Object.<anonymous> (/Users/nitsancohen/.bvm/versions/0.2.29/bit-0.2.29/node_modules/@teambit/legacy/bin/bit.js:3:1)
    at Module._compile (node:internal/modules/cjs/loader:1257:14)
    at Module._extensions..js (node:internal/modules/cjs/loader:1311:10)
    at Module.load (node:internal/modules/cjs/loader:1115:32)
    at Module._load (node:internal/modules/cjs/loader:962:12)
    at Function.executeUserEntryPoint [as runMain] (node:internal/modules/run_main:83:12) {
  code: 'MODULE_NOT_FOUND',
  requireStack: [
    '/Users/nitsancohen/.bvm/versions/0.2.29/bit-0.2.29/node_modules/@teambit/legacy/bin/bit.js'
  ]
}

Node.js v20.3.1

    at checkExecSyncError (node:child_process:885:11)
    at Object.execSync (node:child_process:957:15)
    at CommandHelper.runCmd (src/e2e-helper/e2e-command-helper.ts:64:22)
    at ScopeHelper.initWorkspace (src/e2e-helper/e2e-scope-helper.ts:126:25)
    at ScopeHelper.reInitLocalScope (src/e2e-helper/e2e-scope-helper.ts:87:10)
    at Context.<anonymous> (e2e/harmony/snap.e2e.2.ts:539:28)
    at processImmediate (node:internal/timers:478:21)]]></failure>
    </testcase>
  </testsuite>
  <testsuite name="auto snap" timestamp="2023-08-21T21:40:51" tests="4" file="/Users/nitsancohen/coding/my-bit/bit/e2e/harmony/snap.e2e.2.ts" time="0.0600" failures="1">
    <testcase name="bit snap command auto snap &quot;before all&quot; hook for &quot;should auto snap the dependencies and the nested dependencies&quot;" time="0.0600" classname="&quot;before all&quot; hook for &quot;should auto snap the dependencies and the nested dependencies&quot;">
      <failure message="Command failed: bit init
node:internal/modules/cjs/loader:1075
  throw err;
  ^

Error: Cannot find module &apos;../node_modules/@teambit/bit/dist/app&apos;
Require stack:
- /Users/nitsancohen/.bvm/versions/0.2.29/bit-0.2.29/node_modules/@teambit/legacy/bin/bit.js
    at Module._resolveFilename (node:internal/modules/cjs/loader:1072:15)
    at Module._load (node:internal/modules/cjs/loader:925:27)
    at Module.require (node:internal/modules/cjs/loader:1139:19)
    at require (node:internal/modules/helpers:121:18)
    at Object.&lt;anonymous&gt; (/Users/nitsancohen/.bvm/versions/0.2.29/bit-0.2.29/node_modules/@teambit/legacy/bin/bit.js:3:1)
    at Module._compile (node:internal/modules/cjs/loader:1257:14)
    at Module._extensions..js (node:internal/modules/cjs/loader:1311:10)
    at Module.load (node:internal/modules/cjs/loader:1115:32)
    at Module._load (node:internal/modules/cjs/loader:962:12)
    at Function.executeUserEntryPoint [as runMain] (node:internal/modules/run_main:83:12) {
  code: &apos;MODULE_NOT_FOUND&apos;,
  requireStack: [
    &apos;/Users/nitsancohen/.bvm/versions/0.2.29/bit-0.2.29/node_modules/@teambit/legacy/bin/bit.js&apos;
  ]
}

Node.js v20.3.1
" type="Error"><![CDATA[Error: Command failed: bit init
node:internal/modules/cjs/loader:1075
  throw err;
  ^

Error: Cannot find module '../node_modules/@teambit/bit/dist/app'
Require stack:
- /Users/nitsancohen/.bvm/versions/0.2.29/bit-0.2.29/node_modules/@teambit/legacy/bin/bit.js
    at Module._resolveFilename (node:internal/modules/cjs/loader:1072:15)
    at Module._load (node:internal/modules/cjs/loader:925:27)
    at Module.require (node:internal/modules/cjs/loader:1139:19)
    at require (node:internal/modules/helpers:121:18)
    at Object.<anonymous> (/Users/nitsancohen/.bvm/versions/0.2.29/bit-0.2.29/node_modules/@teambit/legacy/bin/bit.js:3:1)
    at Module._compile (node:internal/modules/cjs/loader:1257:14)
    at Module._extensions..js (node:internal/modules/cjs/loader:1311:10)
    at Module.load (node:internal/modules/cjs/loader:1115:32)
    at Module._load (node:internal/modules/cjs/loader:962:12)
    at Function.executeUserEntryPoint [as runMain] (node:internal/modules/run_main:83:12) {
  code: 'MODULE_NOT_FOUND',
  requireStack: [
    '/Users/nitsancohen/.bvm/versions/0.2.29/bit-0.2.29/node_modules/@teambit/legacy/bin/bit.js'
  ]
}

Node.js v20.3.1

    at checkExecSyncError (node:child_process:885:11)
    at Object.execSync (node:child_process:957:15)
    at CommandHelper.runCmd (src/e2e-helper/e2e-command-helper.ts:64:22)
    at ScopeHelper.initWorkspace (src/e2e-helper/e2e-scope-helper.ts:126:25)
    at ScopeHelper.reInitLocalScope (src/e2e-helper/e2e-scope-helper.ts:87:10)
    at ScopeHelper.setNewLocalAndRemoteScopes (src/e2e-helper/e2e-scope-helper.ts:141:10)
    at Context.<anonymous> (e2e/harmony/snap.e2e.2.ts:584:26)
    at processImmediate (node:internal/timers:478:21)]]></failure>
    </testcase>
  </testsuite>
  <testsuite name="tag after tag" timestamp="2023-08-21T21:40:51" tests="1" file="/Users/nitsancohen/coding/my-bit/bit/e2e/harmony/snap.e2e.2.ts" time="0.0610" failures="1">
    <testcase name="bit snap command tag after tag &quot;before all&quot; hook for &quot;should not fetch previous version files for performance reasons, only the latest&quot;" time="0.0610" classname="&quot;before all&quot; hook for &quot;should not fetch previous version files for performance reasons, only the latest&quot;">
      <failure message="Command failed: bit init
node:internal/modules/cjs/loader:1075
  throw err;
  ^

Error: Cannot find module &apos;../node_modules/@teambit/bit/dist/app&apos;
Require stack:
- /Users/nitsancohen/.bvm/versions/0.2.29/bit-0.2.29/node_modules/@teambit/legacy/bin/bit.js
    at Module._resolveFilename (node:internal/modules/cjs/loader:1072:15)
    at Module._load (node:internal/modules/cjs/loader:925:27)
    at Module.require (node:internal/modules/cjs/loader:1139:19)
    at require (node:internal/modules/helpers:121:18)
    at Object.&lt;anonymous&gt; (/Users/nitsancohen/.bvm/versions/0.2.29/bit-0.2.29/node_modules/@teambit/legacy/bin/bit.js:3:1)
    at Module._compile (node:internal/modules/cjs/loader:1257:14)
    at Module._extensions..js (node:internal/modules/cjs/loader:1311:10)
    at Module.load (node:internal/modules/cjs/loader:1115:32)
    at Module._load (node:internal/modules/cjs/loader:962:12)
    at Function.executeUserEntryPoint [as runMain] (node:internal/modules/run_main:83:12) {
  code: &apos;MODULE_NOT_FOUND&apos;,
  requireStack: [
    &apos;/Users/nitsancohen/.bvm/versions/0.2.29/bit-0.2.29/node_modules/@teambit/legacy/bin/bit.js&apos;
  ]
}

Node.js v20.3.1
" type="Error"><![CDATA[Error: Command failed: bit init
node:internal/modules/cjs/loader:1075
  throw err;
  ^

Error: Cannot find module '../node_modules/@teambit/bit/dist/app'
Require stack:
- /Users/nitsancohen/.bvm/versions/0.2.29/bit-0.2.29/node_modules/@teambit/legacy/bin/bit.js
    at Module._resolveFilename (node:internal/modules/cjs/loader:1072:15)
    at Module._load (node:internal/modules/cjs/loader:925:27)
    at Module.require (node:internal/modules/cjs/loader:1139:19)
    at require (node:internal/modules/helpers:121:18)
    at Object.<anonymous> (/Users/nitsancohen/.bvm/versions/0.2.29/bit-0.2.29/node_modules/@teambit/legacy/bin/bit.js:3:1)
    at Module._compile (node:internal/modules/cjs/loader:1257:14)
    at Module._extensions..js (node:internal/modules/cjs/loader:1311:10)
    at Module.load (node:internal/modules/cjs/loader:1115:32)
    at Module._load (node:internal/modules/cjs/loader:962:12)
    at Function.executeUserEntryPoint [as runMain] (node:internal/modules/run_main:83:12) {
  code: 'MODULE_NOT_FOUND',
  requireStack: [
    '/Users/nitsancohen/.bvm/versions/0.2.29/bit-0.2.29/node_modules/@teambit/legacy/bin/bit.js'
  ]
}

Node.js v20.3.1

    at checkExecSyncError (node:child_process:885:11)
    at Object.execSync (node:child_process:957:15)
    at CommandHelper.runCmd (src/e2e-helper/e2e-command-helper.ts:64:22)
    at ScopeHelper.initWorkspace (src/e2e-helper/e2e-scope-helper.ts:126:25)
    at ScopeHelper.reInitLocalScope (src/e2e-helper/e2e-scope-helper.ts:87:10)
    at ScopeHelper.setNewLocalAndRemoteScopes (src/e2e-helper/e2e-scope-helper.ts:141:10)
    at Context.<anonymous> (e2e/harmony/snap.e2e.2.ts:646:26)
    at processImmediate (node:internal/timers:478:21)]]></failure>
    </testcase>
  </testsuite>
  <testsuite name="merge tags" timestamp="2023-08-21T21:40:52" tests="2" file="/Users/nitsancohen/coding/my-bit/bit/e2e/harmony/snap.e2e.2.ts" time="0.0600" failures="1">
    <testcase name="bit snap command merge tags &quot;before all&quot; hook for &quot;should prevent exporting the component&quot;" time="0.0600" classname="&quot;before all&quot; hook for &quot;should prevent exporting the component&quot;">
      <failure message="Command failed: bit init
node:internal/modules/cjs/loader:1075
  throw err;
  ^

Error: Cannot find module &apos;../node_modules/@teambit/bit/dist/app&apos;
Require stack:
- /Users/nitsancohen/.bvm/versions/0.2.29/bit-0.2.29/node_modules/@teambit/legacy/bin/bit.js
    at Module._resolveFilename (node:internal/modules/cjs/loader:1072:15)
    at Module._load (node:internal/modules/cjs/loader:925:27)
    at Module.require (node:internal/modules/cjs/loader:1139:19)
    at require (node:internal/modules/helpers:121:18)
    at Object.&lt;anonymous&gt; (/Users/nitsancohen/.bvm/versions/0.2.29/bit-0.2.29/node_modules/@teambit/legacy/bin/bit.js:3:1)
    at Module._compile (node:internal/modules/cjs/loader:1257:14)
    at Module._extensions..js (node:internal/modules/cjs/loader:1311:10)
    at Module.load (node:internal/modules/cjs/loader:1115:32)
    at Module._load (node:internal/modules/cjs/loader:962:12)
    at Function.executeUserEntryPoint [as runMain] (node:internal/modules/run_main:83:12) {
  code: &apos;MODULE_NOT_FOUND&apos;,
  requireStack: [
    &apos;/Users/nitsancohen/.bvm/versions/0.2.29/bit-0.2.29/node_modules/@teambit/legacy/bin/bit.js&apos;
  ]
}

Node.js v20.3.1
" type="Error"><![CDATA[Error: Command failed: bit init
node:internal/modules/cjs/loader:1075
  throw err;
  ^

Error: Cannot find module '../node_modules/@teambit/bit/dist/app'
Require stack:
- /Users/nitsancohen/.bvm/versions/0.2.29/bit-0.2.29/node_modules/@teambit/legacy/bin/bit.js
    at Module._resolveFilename (node:internal/modules/cjs/loader:1072:15)
    at Module._load (node:internal/modules/cjs/loader:925:27)
    at Module.require (node:internal/modules/cjs/loader:1139:19)
    at require (node:internal/modules/helpers:121:18)
    at Object.<anonymous> (/Users/nitsancohen/.bvm/versions/0.2.29/bit-0.2.29/node_modules/@teambit/legacy/bin/bit.js:3:1)
    at Module._compile (node:internal/modules/cjs/loader:1257:14)
    at Module._extensions..js (node:internal/modules/cjs/loader:1311:10)
    at Module.load (node:internal/modules/cjs/loader:1115:32)
    at Module._load (node:internal/modules/cjs/loader:962:12)
    at Function.executeUserEntryPoint [as runMain] (node:internal/modules/run_main:83:12) {
  code: 'MODULE_NOT_FOUND',
  requireStack: [
    '/Users/nitsancohen/.bvm/versions/0.2.29/bit-0.2.29/node_modules/@teambit/legacy/bin/bit.js'
  ]
}

Node.js v20.3.1

    at checkExecSyncError (node:child_process:885:11)
    at Object.execSync (node:child_process:957:15)
    at CommandHelper.runCmd (src/e2e-helper/e2e-command-helper.ts:64:22)
    at ScopeHelper.initWorkspace (src/e2e-helper/e2e-scope-helper.ts:126:25)
    at ScopeHelper.reInitLocalScope (src/e2e-helper/e2e-scope-helper.ts:87:10)
    at ScopeHelper.setNewLocalAndRemoteScopes (src/e2e-helper/e2e-scope-helper.ts:141:10)
    at Context.<anonymous> (e2e/harmony/snap.e2e.2.ts:667:26)
    at processImmediate (node:internal/timers:478:21)]]></failure>
    </testcase>
  </testsuite>
  <testsuite name="snap with --unmodified after soft-remove" timestamp="2023-08-21T21:40:52" tests="1" file="/Users/nitsancohen/coding/my-bit/bit/e2e/harmony/snap.e2e.2.ts" time="0.0590" failures="1">
    <testcase name="bit snap command snap with --unmodified after soft-remove &quot;before all&quot; hook for &quot;should indicate that the component was snapped successfully&quot;" time="0.0590" classname="&quot;before all&quot; hook for &quot;should indicate that the component was snapped successfully&quot;">
      <failure message="Command failed: bit init
node:internal/modules/cjs/loader:1075
  throw err;
  ^

Error: Cannot find module &apos;../node_modules/@teambit/bit/dist/app&apos;
Require stack:
- /Users/nitsancohen/.bvm/versions/0.2.29/bit-0.2.29/node_modules/@teambit/legacy/bin/bit.js
    at Module._resolveFilename (node:internal/modules/cjs/loader:1072:15)
    at Module._load (node:internal/modules/cjs/loader:925:27)
    at Module.require (node:internal/modules/cjs/loader:1139:19)
    at require (node:internal/modules/helpers:121:18)
    at Object.&lt;anonymous&gt; (/Users/nitsancohen/.bvm/versions/0.2.29/bit-0.2.29/node_modules/@teambit/legacy/bin/bit.js:3:1)
    at Module._compile (node:internal/modules/cjs/loader:1257:14)
    at Module._extensions..js (node:internal/modules/cjs/loader:1311:10)
    at Module.load (node:internal/modules/cjs/loader:1115:32)
    at Module._load (node:internal/modules/cjs/loader:962:12)
    at Function.executeUserEntryPoint [as runMain] (node:internal/modules/run_main:83:12) {
  code: &apos;MODULE_NOT_FOUND&apos;,
  requireStack: [
    &apos;/Users/nitsancohen/.bvm/versions/0.2.29/bit-0.2.29/node_modules/@teambit/legacy/bin/bit.js&apos;
  ]
}

Node.js v20.3.1
" type="Error"><![CDATA[Error: Command failed: bit init
node:internal/modules/cjs/loader:1075
  throw err;
  ^

Error: Cannot find module '../node_modules/@teambit/bit/dist/app'
Require stack:
- /Users/nitsancohen/.bvm/versions/0.2.29/bit-0.2.29/node_modules/@teambit/legacy/bin/bit.js
    at Module._resolveFilename (node:internal/modules/cjs/loader:1072:15)
    at Module._load (node:internal/modules/cjs/loader:925:27)
    at Module.require (node:internal/modules/cjs/loader:1139:19)
    at require (node:internal/modules/helpers:121:18)
    at Object.<anonymous> (/Users/nitsancohen/.bvm/versions/0.2.29/bit-0.2.29/node_modules/@teambit/legacy/bin/bit.js:3:1)
    at Module._compile (node:internal/modules/cjs/loader:1257:14)
    at Module._extensions..js (node:internal/modules/cjs/loader:1311:10)
    at Module.load (node:internal/modules/cjs/loader:1115:32)
    at Module._load (node:internal/modules/cjs/loader:962:12)
    at Function.executeUserEntryPoint [as runMain] (node:internal/modules/run_main:83:12) {
  code: 'MODULE_NOT_FOUND',
  requireStack: [
    '/Users/nitsancohen/.bvm/versions/0.2.29/bit-0.2.29/node_modules/@teambit/legacy/bin/bit.js'
  ]
}

Node.js v20.3.1

    at checkExecSyncError (node:child_process:885:11)
    at Object.execSync (node:child_process:957:15)
    at CommandHelper.runCmd (src/e2e-helper/e2e-command-helper.ts:64:22)
    at ScopeHelper.initWorkspace (src/e2e-helper/e2e-scope-helper.ts:126:25)
    at ScopeHelper.reInitLocalScope (src/e2e-helper/e2e-scope-helper.ts:87:10)
    at ScopeHelper.setNewLocalAndRemoteScopes (src/e2e-helper/e2e-scope-helper.ts:141:10)
    at Context.<anonymous> (e2e/harmony/snap.e2e.2.ts:739:26)
    at processImmediate (node:internal/timers:478:21)]]></failure>
    </testcase>
  </testsuite>
  <testsuite name="bit stash command" timestamp="2023-08-21T21:40:52" tests="0" file="/Users/nitsancohen/coding/my-bit/bit/e2e/harmony/stash.e2e.ts" time="0.0000" failures="0">
  </testsuite>
  <testsuite name="basic stash" timestamp="2023-08-21T21:40:52" tests="3" file="/Users/nitsancohen/coding/my-bit/bit/e2e/harmony/stash.e2e.ts" time="0.0600" failures="1">
    <testcase name="bit stash command basic stash &quot;before all&quot; hook for &quot;should change the code to the last tag&quot;" time="0.0600" classname="&quot;before all&quot; hook for &quot;should change the code to the last tag&quot;">
      <failure message="Command failed: bit init
node:internal/modules/cjs/loader:1075
  throw err;
  ^

Error: Cannot find module &apos;../node_modules/@teambit/bit/dist/app&apos;
Require stack:
- /Users/nitsancohen/.bvm/versions/0.2.29/bit-0.2.29/node_modules/@teambit/legacy/bin/bit.js
    at Module._resolveFilename (node:internal/modules/cjs/loader:1072:15)
    at Module._load (node:internal/modules/cjs/loader:925:27)
    at Module.require (node:internal/modules/cjs/loader:1139:19)
    at require (node:internal/modules/helpers:121:18)
    at Object.&lt;anonymous&gt; (/Users/nitsancohen/.bvm/versions/0.2.29/bit-0.2.29/node_modules/@teambit/legacy/bin/bit.js:3:1)
    at Module._compile (node:internal/modules/cjs/loader:1257:14)
    at Module._extensions..js (node:internal/modules/cjs/loader:1311:10)
    at Module.load (node:internal/modules/cjs/loader:1115:32)
    at Module._load (node:internal/modules/cjs/loader:962:12)
    at Function.executeUserEntryPoint [as runMain] (node:internal/modules/run_main:83:12) {
  code: &apos;MODULE_NOT_FOUND&apos;,
  requireStack: [
    &apos;/Users/nitsancohen/.bvm/versions/0.2.29/bit-0.2.29/node_modules/@teambit/legacy/bin/bit.js&apos;
  ]
}

Node.js v20.3.1
" type="Error"><![CDATA[Error: Command failed: bit init
node:internal/modules/cjs/loader:1075
  throw err;
  ^

Error: Cannot find module '../node_modules/@teambit/bit/dist/app'
Require stack:
- /Users/nitsancohen/.bvm/versions/0.2.29/bit-0.2.29/node_modules/@teambit/legacy/bin/bit.js
    at Module._resolveFilename (node:internal/modules/cjs/loader:1072:15)
    at Module._load (node:internal/modules/cjs/loader:925:27)
    at Module.require (node:internal/modules/cjs/loader:1139:19)
    at require (node:internal/modules/helpers:121:18)
    at Object.<anonymous> (/Users/nitsancohen/.bvm/versions/0.2.29/bit-0.2.29/node_modules/@teambit/legacy/bin/bit.js:3:1)
    at Module._compile (node:internal/modules/cjs/loader:1257:14)
    at Module._extensions..js (node:internal/modules/cjs/loader:1311:10)
    at Module.load (node:internal/modules/cjs/loader:1115:32)
    at Module._load (node:internal/modules/cjs/loader:962:12)
    at Function.executeUserEntryPoint [as runMain] (node:internal/modules/run_main:83:12) {
  code: 'MODULE_NOT_FOUND',
  requireStack: [
    '/Users/nitsancohen/.bvm/versions/0.2.29/bit-0.2.29/node_modules/@teambit/legacy/bin/bit.js'
  ]
}

Node.js v20.3.1

    at checkExecSyncError (node:child_process:885:11)
    at Object.execSync (node:child_process:957:15)
    at CommandHelper.runCmd (src/e2e-helper/e2e-command-helper.ts:64:22)
    at ScopeHelper.initWorkspace (src/e2e-helper/e2e-scope-helper.ts:126:25)
    at ScopeHelper.reInitLocalScope (src/e2e-helper/e2e-scope-helper.ts:87:10)
    at ScopeHelper.setNewLocalAndRemoteScopes (src/e2e-helper/e2e-scope-helper.ts:141:10)
    at Context.<anonymous> (e2e/harmony/stash.e2e.ts:18:26)
    at processImmediate (node:internal/timers:478:21)]]></failure>
    </testcase>
  </testsuite>
  <testsuite name="status command on Harmony" timestamp="2023-08-21T21:40:52" tests="0" file="/Users/nitsancohen/coding/my-bit/bit/e2e/harmony/status-harmony.e2e.ts" time="0.0000" failures="0">
  </testsuite>
  <testsuite name="main filename is not index and dists are missing" timestamp="2023-08-21T21:40:52" tests="1" file="/Users/nitsancohen/coding/my-bit/bit/e2e/harmony/status-harmony.e2e.ts" time="0.0600" failures="1">
    <testcase name="status command on Harmony main filename is not index and dists are missing &quot;before all&quot; hook for &quot;should not show an issue of missing-packages&quot;" time="0.0600" classname="&quot;before all&quot; hook for &quot;should not show an issue of missing-packages&quot;">
      <failure message="Command failed: bit init
node:internal/modules/cjs/loader:1075
  throw err;
  ^

Error: Cannot find module &apos;../node_modules/@teambit/bit/dist/app&apos;
Require stack:
- /Users/nitsancohen/.bvm/versions/0.2.29/bit-0.2.29/node_modules/@teambit/legacy/bin/bit.js
    at Module._resolveFilename (node:internal/modules/cjs/loader:1072:15)
    at Module._load (node:internal/modules/cjs/loader:925:27)
    at Module.require (node:internal/modules/cjs/loader:1139:19)
    at require (node:internal/modules/helpers:121:18)
    at Object.&lt;anonymous&gt; (/Users/nitsancohen/.bvm/versions/0.2.29/bit-0.2.29/node_modules/@teambit/legacy/bin/bit.js:3:1)
    at Module._compile (node:internal/modules/cjs/loader:1257:14)
    at Module._extensions..js (node:internal/modules/cjs/loader:1311:10)
    at Module.load (node:internal/modules/cjs/loader:1115:32)
    at Module._load (node:internal/modules/cjs/loader:962:12)
    at Function.executeUserEntryPoint [as runMain] (node:internal/modules/run_main:83:12) {
  code: &apos;MODULE_NOT_FOUND&apos;,
  requireStack: [
    &apos;/Users/nitsancohen/.bvm/versions/0.2.29/bit-0.2.29/node_modules/@teambit/legacy/bin/bit.js&apos;
  ]
}

Node.js v20.3.1
" type="Error"><![CDATA[Error: Command failed: bit init
node:internal/modules/cjs/loader:1075
  throw err;
  ^

Error: Cannot find module '../node_modules/@teambit/bit/dist/app'
Require stack:
- /Users/nitsancohen/.bvm/versions/0.2.29/bit-0.2.29/node_modules/@teambit/legacy/bin/bit.js
    at Module._resolveFilename (node:internal/modules/cjs/loader:1072:15)
    at Module._load (node:internal/modules/cjs/loader:925:27)
    at Module.require (node:internal/modules/cjs/loader:1139:19)
    at require (node:internal/modules/helpers:121:18)
    at Object.<anonymous> (/Users/nitsancohen/.bvm/versions/0.2.29/bit-0.2.29/node_modules/@teambit/legacy/bin/bit.js:3:1)
    at Module._compile (node:internal/modules/cjs/loader:1257:14)
    at Module._extensions..js (node:internal/modules/cjs/loader:1311:10)
    at Module.load (node:internal/modules/cjs/loader:1115:32)
    at Module._load (node:internal/modules/cjs/loader:962:12)
    at Function.executeUserEntryPoint [as runMain] (node:internal/modules/run_main:83:12) {
  code: 'MODULE_NOT_FOUND',
  requireStack: [
    '/Users/nitsancohen/.bvm/versions/0.2.29/bit-0.2.29/node_modules/@teambit/legacy/bin/bit.js'
  ]
}

Node.js v20.3.1

    at checkExecSyncError (node:child_process:885:11)
    at Object.execSync (node:child_process:957:15)
    at CommandHelper.runCmd (src/e2e-helper/e2e-command-helper.ts:64:22)
    at ScopeHelper.initWorkspace (src/e2e-helper/e2e-scope-helper.ts:126:25)
    at ScopeHelper.reInitLocalScope (src/e2e-helper/e2e-scope-helper.ts:87:10)
    at Context.<anonymous> (e2e/harmony/status-harmony.e2e.ts:16:26)
    at processImmediate (node:internal/timers:478:21)]]></failure>
    </testcase>
  </testsuite>
  <testsuite name="dists dir is deleted after caching the components" timestamp="2023-08-21T21:40:52" tests="2" file="/Users/nitsancohen/coding/my-bit/bit/e2e/harmony/status-harmony.e2e.ts" time="0.0620" failures="1">
    <testcase name="status command on Harmony dists dir is deleted after caching the components &quot;before all&quot; hook for &quot;should show an issue of missing-dists&quot;" time="0.0620" classname="&quot;before all&quot; hook for &quot;should show an issue of missing-dists&quot;">
      <failure message="Command failed: bit init
node:internal/modules/cjs/loader:1075
  throw err;
  ^

Error: Cannot find module &apos;../node_modules/@teambit/bit/dist/app&apos;
Require stack:
- /Users/nitsancohen/.bvm/versions/0.2.29/bit-0.2.29/node_modules/@teambit/legacy/bin/bit.js
    at Module._resolveFilename (node:internal/modules/cjs/loader:1072:15)
    at Module._load (node:internal/modules/cjs/loader:925:27)
    at Module.require (node:internal/modules/cjs/loader:1139:19)
    at require (node:internal/modules/helpers:121:18)
    at Object.&lt;anonymous&gt; (/Users/nitsancohen/.bvm/versions/0.2.29/bit-0.2.29/node_modules/@teambit/legacy/bin/bit.js:3:1)
    at Module._compile (node:internal/modules/cjs/loader:1257:14)
    at Module._extensions..js (node:internal/modules/cjs/loader:1311:10)
    at Module.load (node:internal/modules/cjs/loader:1115:32)
    at Module._load (node:internal/modules/cjs/loader:962:12)
    at Function.executeUserEntryPoint [as runMain] (node:internal/modules/run_main:83:12) {
  code: &apos;MODULE_NOT_FOUND&apos;,
  requireStack: [
    &apos;/Users/nitsancohen/.bvm/versions/0.2.29/bit-0.2.29/node_modules/@teambit/legacy/bin/bit.js&apos;
  ]
}

Node.js v20.3.1
" type="Error"><![CDATA[Error: Command failed: bit init
node:internal/modules/cjs/loader:1075
  throw err;
  ^

Error: Cannot find module '../node_modules/@teambit/bit/dist/app'
Require stack:
- /Users/nitsancohen/.bvm/versions/0.2.29/bit-0.2.29/node_modules/@teambit/legacy/bin/bit.js
    at Module._resolveFilename (node:internal/modules/cjs/loader:1072:15)
    at Module._load (node:internal/modules/cjs/loader:925:27)
    at Module.require (node:internal/modules/cjs/loader:1139:19)
    at require (node:internal/modules/helpers:121:18)
    at Object.<anonymous> (/Users/nitsancohen/.bvm/versions/0.2.29/bit-0.2.29/node_modules/@teambit/legacy/bin/bit.js:3:1)
    at Module._compile (node:internal/modules/cjs/loader:1257:14)
    at Module._extensions..js (node:internal/modules/cjs/loader:1311:10)
    at Module.load (node:internal/modules/cjs/loader:1115:32)
    at Module._load (node:internal/modules/cjs/loader:962:12)
    at Function.executeUserEntryPoint [as runMain] (node:internal/modules/run_main:83:12) {
  code: 'MODULE_NOT_FOUND',
  requireStack: [
    '/Users/nitsancohen/.bvm/versions/0.2.29/bit-0.2.29/node_modules/@teambit/legacy/bin/bit.js'
  ]
}

Node.js v20.3.1

    at checkExecSyncError (node:child_process:885:11)
    at Object.execSync (node:child_process:957:15)
    at CommandHelper.runCmd (src/e2e-helper/e2e-command-helper.ts:64:22)
    at ScopeHelper.initWorkspace (src/e2e-helper/e2e-scope-helper.ts:126:25)
    at ScopeHelper.reInitLocalScope (src/e2e-helper/e2e-scope-helper.ts:87:10)
    at Context.<anonymous> (e2e/harmony/status-harmony.e2e.ts:29:26)
    at processImmediate (node:internal/timers:478:21)]]></failure>
    </testcase>
  </testsuite>
  <testsuite name="package dir is deleted from node-modules" timestamp="2023-08-21T21:40:52" tests="1" file="/Users/nitsancohen/coding/my-bit/bit/e2e/harmony/status-harmony.e2e.ts" time="0.0620" failures="1">
    <testcase name="status command on Harmony package dir is deleted from node-modules &quot;before all&quot; hook for &quot;should show an issue of missing-links-from-node-modules-to-src&quot;" time="0.0620" classname="&quot;before all&quot; hook for &quot;should show an issue of missing-links-from-node-modules-to-src&quot;">
      <failure message="Command failed: bit init
node:internal/modules/cjs/loader:1075
  throw err;
  ^

Error: Cannot find module &apos;../node_modules/@teambit/bit/dist/app&apos;
Require stack:
- /Users/nitsancohen/.bvm/versions/0.2.29/bit-0.2.29/node_modules/@teambit/legacy/bin/bit.js
    at Module._resolveFilename (node:internal/modules/cjs/loader:1072:15)
    at Module._load (node:internal/modules/cjs/loader:925:27)
    at Module.require (node:internal/modules/cjs/loader:1139:19)
    at require (node:internal/modules/helpers:121:18)
    at Object.&lt;anonymous&gt; (/Users/nitsancohen/.bvm/versions/0.2.29/bit-0.2.29/node_modules/@teambit/legacy/bin/bit.js:3:1)
    at Module._compile (node:internal/modules/cjs/loader:1257:14)
    at Module._extensions..js (node:internal/modules/cjs/loader:1311:10)
    at Module.load (node:internal/modules/cjs/loader:1115:32)
    at Module._load (node:internal/modules/cjs/loader:962:12)
    at Function.executeUserEntryPoint [as runMain] (node:internal/modules/run_main:83:12) {
  code: &apos;MODULE_NOT_FOUND&apos;,
  requireStack: [
    &apos;/Users/nitsancohen/.bvm/versions/0.2.29/bit-0.2.29/node_modules/@teambit/legacy/bin/bit.js&apos;
  ]
}

Node.js v20.3.1
" type="Error"><![CDATA[Error: Command failed: bit init
node:internal/modules/cjs/loader:1075
  throw err;
  ^

Error: Cannot find module '../node_modules/@teambit/bit/dist/app'
Require stack:
- /Users/nitsancohen/.bvm/versions/0.2.29/bit-0.2.29/node_modules/@teambit/legacy/bin/bit.js
    at Module._resolveFilename (node:internal/modules/cjs/loader:1072:15)
    at Module._load (node:internal/modules/cjs/loader:925:27)
    at Module.require (node:internal/modules/cjs/loader:1139:19)
    at require (node:internal/modules/helpers:121:18)
    at Object.<anonymous> (/Users/nitsancohen/.bvm/versions/0.2.29/bit-0.2.29/node_modules/@teambit/legacy/bin/bit.js:3:1)
    at Module._compile (node:internal/modules/cjs/loader:1257:14)
    at Module._extensions..js (node:internal/modules/cjs/loader:1311:10)
    at Module.load (node:internal/modules/cjs/loader:1115:32)
    at Module._load (node:internal/modules/cjs/loader:962:12)
    at Function.executeUserEntryPoint [as runMain] (node:internal/modules/run_main:83:12) {
  code: 'MODULE_NOT_FOUND',
  requireStack: [
    '/Users/nitsancohen/.bvm/versions/0.2.29/bit-0.2.29/node_modules/@teambit/legacy/bin/bit.js'
  ]
}

Node.js v20.3.1

    at checkExecSyncError (node:child_process:885:11)
    at Object.execSync (node:child_process:957:15)
    at CommandHelper.runCmd (src/e2e-helper/e2e-command-helper.ts:64:22)
    at ScopeHelper.initWorkspace (src/e2e-helper/e2e-scope-helper.ts:126:25)
    at ScopeHelper.reInitLocalScope (src/e2e-helper/e2e-scope-helper.ts:87:10)
    at Context.<anonymous> (e2e/harmony/status-harmony.e2e.ts:54:26)
    at processImmediate (node:internal/timers:478:21)]]></failure>
    </testcase>
  </testsuite>
  <testsuite name="components that are both: new and auto-tag-pending" timestamp="2023-08-21T21:40:52" tests="1" file="/Users/nitsancohen/coding/my-bit/bit/e2e/harmony/status-harmony.e2e.ts" time="0.0610" failures="1">
    <testcase name="status command on Harmony components that are both: new and auto-tag-pending &quot;before all&quot; hook for &quot;should be shown in the newComponents section only and not in the autoTagPendingComponents&quot;" time="0.0610" classname="&quot;before all&quot; hook for &quot;should be shown in the newComponents section only and not in the autoTagPendingComponents&quot;">
      <failure message="Command failed: bit init
node:internal/modules/cjs/loader:1075
  throw err;
  ^

Error: Cannot find module &apos;../node_modules/@teambit/bit/dist/app&apos;
Require stack:
- /Users/nitsancohen/.bvm/versions/0.2.29/bit-0.2.29/node_modules/@teambit/legacy/bin/bit.js
    at Module._resolveFilename (node:internal/modules/cjs/loader:1072:15)
    at Module._load (node:internal/modules/cjs/loader:925:27)
    at Module.require (node:internal/modules/cjs/loader:1139:19)
    at require (node:internal/modules/helpers:121:18)
    at Object.&lt;anonymous&gt; (/Users/nitsancohen/.bvm/versions/0.2.29/bit-0.2.29/node_modules/@teambit/legacy/bin/bit.js:3:1)
    at Module._compile (node:internal/modules/cjs/loader:1257:14)
    at Module._extensions..js (node:internal/modules/cjs/loader:1311:10)
    at Module.load (node:internal/modules/cjs/loader:1115:32)
    at Module._load (node:internal/modules/cjs/loader:962:12)
    at Function.executeUserEntryPoint [as runMain] (node:internal/modules/run_main:83:12) {
  code: &apos;MODULE_NOT_FOUND&apos;,
  requireStack: [
    &apos;/Users/nitsancohen/.bvm/versions/0.2.29/bit-0.2.29/node_modules/@teambit/legacy/bin/bit.js&apos;
  ]
}

Node.js v20.3.1
" type="Error"><![CDATA[Error: Command failed: bit init
node:internal/modules/cjs/loader:1075
  throw err;
  ^

Error: Cannot find module '../node_modules/@teambit/bit/dist/app'
Require stack:
- /Users/nitsancohen/.bvm/versions/0.2.29/bit-0.2.29/node_modules/@teambit/legacy/bin/bit.js
    at Module._resolveFilename (node:internal/modules/cjs/loader:1072:15)
    at Module._load (node:internal/modules/cjs/loader:925:27)
    at Module.require (node:internal/modules/cjs/loader:1139:19)
    at require (node:internal/modules/helpers:121:18)
    at Object.<anonymous> (/Users/nitsancohen/.bvm/versions/0.2.29/bit-0.2.29/node_modules/@teambit/legacy/bin/bit.js:3:1)
    at Module._compile (node:internal/modules/cjs/loader:1257:14)
    at Module._extensions..js (node:internal/modules/cjs/loader:1311:10)
    at Module.load (node:internal/modules/cjs/loader:1115:32)
    at Module._load (node:internal/modules/cjs/loader:962:12)
    at Function.executeUserEntryPoint [as runMain] (node:internal/modules/run_main:83:12) {
  code: 'MODULE_NOT_FOUND',
  requireStack: [
    '/Users/nitsancohen/.bvm/versions/0.2.29/bit-0.2.29/node_modules/@teambit/legacy/bin/bit.js'
  ]
}

Node.js v20.3.1

    at checkExecSyncError (node:child_process:885:11)
    at Object.execSync (node:child_process:957:15)
    at CommandHelper.runCmd (src/e2e-helper/e2e-command-helper.ts:64:22)
    at ScopeHelper.initWorkspace (src/e2e-helper/e2e-scope-helper.ts:126:25)
    at ScopeHelper.reInitLocalScope (src/e2e-helper/e2e-scope-helper.ts:87:10)
    at Context.<anonymous> (e2e/harmony/status-harmony.e2e.ts:68:26)
    at processImmediate (node:internal/timers:478:21)]]></failure>
    </testcase>
  </testsuite>
  <testsuite name="components that imports itself" timestamp="2023-08-21T21:40:52" tests="1" file="/Users/nitsancohen/coding/my-bit/bit/e2e/harmony/status-harmony.e2e.ts" time="0.0600" failures="1">
    <testcase name="status command on Harmony components that imports itself &quot;before all&quot; hook for &quot;should not add itself as a dependency&quot;" time="0.0600" classname="&quot;before all&quot; hook for &quot;should not add itself as a dependency&quot;">
      <failure message="Command failed: bit init
node:internal/modules/cjs/loader:1075
  throw err;
  ^

Error: Cannot find module &apos;../node_modules/@teambit/bit/dist/app&apos;
Require stack:
- /Users/nitsancohen/.bvm/versions/0.2.29/bit-0.2.29/node_modules/@teambit/legacy/bin/bit.js
    at Module._resolveFilename (node:internal/modules/cjs/loader:1072:15)
    at Module._load (node:internal/modules/cjs/loader:925:27)
    at Module.require (node:internal/modules/cjs/loader:1139:19)
    at require (node:internal/modules/helpers:121:18)
    at Object.&lt;anonymous&gt; (/Users/nitsancohen/.bvm/versions/0.2.29/bit-0.2.29/node_modules/@teambit/legacy/bin/bit.js:3:1)
    at Module._compile (node:internal/modules/cjs/loader:1257:14)
    at Module._extensions..js (node:internal/modules/cjs/loader:1311:10)
    at Module.load (node:internal/modules/cjs/loader:1115:32)
    at Module._load (node:internal/modules/cjs/loader:962:12)
    at Function.executeUserEntryPoint [as runMain] (node:internal/modules/run_main:83:12) {
  code: &apos;MODULE_NOT_FOUND&apos;,
  requireStack: [
    &apos;/Users/nitsancohen/.bvm/versions/0.2.29/bit-0.2.29/node_modules/@teambit/legacy/bin/bit.js&apos;
  ]
}

Node.js v20.3.1
" type="Error"><![CDATA[Error: Command failed: bit init
node:internal/modules/cjs/loader:1075
  throw err;
  ^

Error: Cannot find module '../node_modules/@teambit/bit/dist/app'
Require stack:
- /Users/nitsancohen/.bvm/versions/0.2.29/bit-0.2.29/node_modules/@teambit/legacy/bin/bit.js
    at Module._resolveFilename (node:internal/modules/cjs/loader:1072:15)
    at Module._load (node:internal/modules/cjs/loader:925:27)
    at Module.require (node:internal/modules/cjs/loader:1139:19)
    at require (node:internal/modules/helpers:121:18)
    at Object.<anonymous> (/Users/nitsancohen/.bvm/versions/0.2.29/bit-0.2.29/node_modules/@teambit/legacy/bin/bit.js:3:1)
    at Module._compile (node:internal/modules/cjs/loader:1257:14)
    at Module._extensions..js (node:internal/modules/cjs/loader:1311:10)
    at Module.load (node:internal/modules/cjs/loader:1115:32)
    at Module._load (node:internal/modules/cjs/loader:962:12)
    at Function.executeUserEntryPoint [as runMain] (node:internal/modules/run_main:83:12) {
  code: 'MODULE_NOT_FOUND',
  requireStack: [
    '/Users/nitsancohen/.bvm/versions/0.2.29/bit-0.2.29/node_modules/@teambit/legacy/bin/bit.js'
  ]
}

Node.js v20.3.1

    at checkExecSyncError (node:child_process:885:11)
    at Object.execSync (node:child_process:957:15)
    at CommandHelper.runCmd (src/e2e-helper/e2e-command-helper.ts:64:22)
    at ScopeHelper.initWorkspace (src/e2e-helper/e2e-scope-helper.ts:126:25)
    at ScopeHelper.reInitLocalScope (src/e2e-helper/e2e-scope-helper.ts:87:10)
    at ScopeHelper.setNewLocalAndRemoteScopes (src/e2e-helper/e2e-scope-helper.ts:141:10)
    at Context.<anonymous> (e2e/harmony/status-harmony.e2e.ts:81:26)
    at processImmediate (node:internal/timers:478:21)]]></failure>
    </testcase>
  </testsuite>
  <testsuite name="deleting a dependency from the filesystem when the record is still in bitmap" timestamp="2023-08-21T21:40:52" tests="1" file="/Users/nitsancohen/coding/my-bit/bit/e2e/harmony/status-harmony.e2e.ts" time="0.0600" failures="1">
    <testcase name="status command on Harmony deleting a dependency from the filesystem when the record is still in bitmap &quot;before all&quot; hook for &quot;bit status should not throw&quot;" time="0.0600" classname="&quot;before all&quot; hook for &quot;bit status should not throw&quot;">
      <failure message="Command failed: bit init
node:internal/modules/cjs/loader:1075
  throw err;
  ^

Error: Cannot find module &apos;../node_modules/@teambit/bit/dist/app&apos;
Require stack:
- /Users/nitsancohen/.bvm/versions/0.2.29/bit-0.2.29/node_modules/@teambit/legacy/bin/bit.js
    at Module._resolveFilename (node:internal/modules/cjs/loader:1072:15)
    at Module._load (node:internal/modules/cjs/loader:925:27)
    at Module.require (node:internal/modules/cjs/loader:1139:19)
    at require (node:internal/modules/helpers:121:18)
    at Object.&lt;anonymous&gt; (/Users/nitsancohen/.bvm/versions/0.2.29/bit-0.2.29/node_modules/@teambit/legacy/bin/bit.js:3:1)
    at Module._compile (node:internal/modules/cjs/loader:1257:14)
    at Module._extensions..js (node:internal/modules/cjs/loader:1311:10)
    at Module.load (node:internal/modules/cjs/loader:1115:32)
    at Module._load (node:internal/modules/cjs/loader:962:12)
    at Function.executeUserEntryPoint [as runMain] (node:internal/modules/run_main:83:12) {
  code: &apos;MODULE_NOT_FOUND&apos;,
  requireStack: [
    &apos;/Users/nitsancohen/.bvm/versions/0.2.29/bit-0.2.29/node_modules/@teambit/legacy/bin/bit.js&apos;
  ]
}

Node.js v20.3.1
" type="Error"><![CDATA[Error: Command failed: bit init
node:internal/modules/cjs/loader:1075
  throw err;
  ^

Error: Cannot find module '../node_modules/@teambit/bit/dist/app'
Require stack:
- /Users/nitsancohen/.bvm/versions/0.2.29/bit-0.2.29/node_modules/@teambit/legacy/bin/bit.js
    at Module._resolveFilename (node:internal/modules/cjs/loader:1072:15)
    at Module._load (node:internal/modules/cjs/loader:925:27)
    at Module.require (node:internal/modules/cjs/loader:1139:19)
    at require (node:internal/modules/helpers:121:18)
    at Object.<anonymous> (/Users/nitsancohen/.bvm/versions/0.2.29/bit-0.2.29/node_modules/@teambit/legacy/bin/bit.js:3:1)
    at Module._compile (node:internal/modules/cjs/loader:1257:14)
    at Module._extensions..js (node:internal/modules/cjs/loader:1311:10)
    at Module.load (node:internal/modules/cjs/loader:1115:32)
    at Module._load (node:internal/modules/cjs/loader:962:12)
    at Function.executeUserEntryPoint [as runMain] (node:internal/modules/run_main:83:12) {
  code: 'MODULE_NOT_FOUND',
  requireStack: [
    '/Users/nitsancohen/.bvm/versions/0.2.29/bit-0.2.29/node_modules/@teambit/legacy/bin/bit.js'
  ]
}

Node.js v20.3.1

    at checkExecSyncError (node:child_process:885:11)
    at Object.execSync (node:child_process:957:15)
    at CommandHelper.runCmd (src/e2e-helper/e2e-command-helper.ts:64:22)
    at ScopeHelper.initWorkspace (src/e2e-helper/e2e-scope-helper.ts:126:25)
    at ScopeHelper.reInitLocalScope (src/e2e-helper/e2e-scope-helper.ts:87:10)
    at ScopeHelper.setNewLocalAndRemoteScopes (src/e2e-helper/e2e-scope-helper.ts:141:10)
    at Context.<anonymous> (e2e/harmony/status-harmony.e2e.ts:95:26)
    at processImmediate (node:internal/timers:478:21)]]></failure>
    </testcase>
  </testsuite>
  <testsuite name="tag components on Harmony" timestamp="2023-08-21T21:40:52" tests="0" file="/Users/nitsancohen/coding/my-bit/bit/e2e/harmony/tag-from-scope.e2e.ts" time="0.0000" failures="0">
  </testsuite>
  <testsuite name="tag from scope" timestamp="2023-08-21T21:40:52" tests="0" file="/Users/nitsancohen/coding/my-bit/bit/e2e/harmony/tag-from-scope.e2e.ts" time="0.0600" failures="2">
    <testcase name="tag components on Harmony tag from scope &quot;before all&quot; hook in &quot;tag from scope&quot;" time="0.0600" classname="&quot;before all&quot; hook in &quot;tag from scope&quot;">
      <failure message="Command failed: bit init
node:internal/modules/cjs/loader:1075
  throw err;
  ^

Error: Cannot find module &apos;../node_modules/@teambit/bit/dist/app&apos;
Require stack:
- /Users/nitsancohen/.bvm/versions/0.2.29/bit-0.2.29/node_modules/@teambit/legacy/bin/bit.js
    at Module._resolveFilename (node:internal/modules/cjs/loader:1072:15)
    at Module._load (node:internal/modules/cjs/loader:925:27)
    at Module.require (node:internal/modules/cjs/loader:1139:19)
    at require (node:internal/modules/helpers:121:18)
    at Object.&lt;anonymous&gt; (/Users/nitsancohen/.bvm/versions/0.2.29/bit-0.2.29/node_modules/@teambit/legacy/bin/bit.js:3:1)
    at Module._compile (node:internal/modules/cjs/loader:1257:14)
    at Module._extensions..js (node:internal/modules/cjs/loader:1311:10)
    at Module.load (node:internal/modules/cjs/loader:1115:32)
    at Module._load (node:internal/modules/cjs/loader:962:12)
    at Function.executeUserEntryPoint [as runMain] (node:internal/modules/run_main:83:12) {
  code: &apos;MODULE_NOT_FOUND&apos;,
  requireStack: [
    &apos;/Users/nitsancohen/.bvm/versions/0.2.29/bit-0.2.29/node_modules/@teambit/legacy/bin/bit.js&apos;
  ]
}

Node.js v20.3.1
" type="Error"><![CDATA[Error: Command failed: bit init
node:internal/modules/cjs/loader:1075
  throw err;
  ^

Error: Cannot find module '../node_modules/@teambit/bit/dist/app'
Require stack:
- /Users/nitsancohen/.bvm/versions/0.2.29/bit-0.2.29/node_modules/@teambit/legacy/bin/bit.js
    at Module._resolveFilename (node:internal/modules/cjs/loader:1072:15)
    at Module._load (node:internal/modules/cjs/loader:925:27)
    at Module.require (node:internal/modules/cjs/loader:1139:19)
    at require (node:internal/modules/helpers:121:18)
    at Object.<anonymous> (/Users/nitsancohen/.bvm/versions/0.2.29/bit-0.2.29/node_modules/@teambit/legacy/bin/bit.js:3:1)
    at Module._compile (node:internal/modules/cjs/loader:1257:14)
    at Module._extensions..js (node:internal/modules/cjs/loader:1311:10)
    at Module.load (node:internal/modules/cjs/loader:1115:32)
    at Module._load (node:internal/modules/cjs/loader:962:12)
    at Function.executeUserEntryPoint [as runMain] (node:internal/modules/run_main:83:12) {
  code: 'MODULE_NOT_FOUND',
  requireStack: [
    '/Users/nitsancohen/.bvm/versions/0.2.29/bit-0.2.29/node_modules/@teambit/legacy/bin/bit.js'
  ]
}

Node.js v20.3.1

    at checkExecSyncError (node:child_process:885:11)
    at Object.execSync (node:child_process:957:15)
    at CommandHelper.runCmd (src/e2e-helper/e2e-command-helper.ts:64:22)
    at ScopeHelper.initWorkspace (src/e2e-helper/e2e-scope-helper.ts:126:25)
    at ScopeHelper.reInitLocalScope (src/e2e-helper/e2e-scope-helper.ts:87:10)
    at ScopeHelper.setNewLocalAndRemoteScopes (src/e2e-helper/e2e-scope-helper.ts:141:10)
    at Context.<anonymous> (e2e/harmony/tag-from-scope.e2e.ts:25:26)
    at processImmediate (node:internal/timers:478:21)]]></failure>
    </testcase>
    <testcase name="tag components on Harmony tag from scope &quot;after all&quot; hook in &quot;tag from scope&quot;" time="0.0000" classname="&quot;after all&quot; hook in &quot;tag from scope&quot;">
      <failure message="Cannot read properties of undefined (reading &apos;destroy&apos;)" type="TypeError"><![CDATA[TypeError: Cannot read properties of undefined (reading 'destroy')
    at Context.<anonymous> (e2e/harmony/tag-from-scope.e2e.ts:39:21)
    at processImmediate (node:internal/timers:478:21)]]></failure>
    </testcase>
  </testsuite>
  <testsuite name="tagging them one by one with semver" timestamp="2023-08-21T21:40:52" tests="1" file="/Users/nitsancohen/coding/my-bit/bit/e2e/harmony/tag-from-scope.e2e.ts" time="0.0600" failures="2">
    <testcase name="tag components on Harmony tagging them one by one with semver &quot;before all&quot; hook for &quot;should save the dependency version according to the version provided in the json&quot;" time="0.0600" classname="&quot;before all&quot; hook for &quot;should save the dependency version according to the version provided in the json&quot;">
      <failure message="Command failed: bit init
node:internal/modules/cjs/loader:1075
  throw err;
  ^

Error: Cannot find module &apos;../node_modules/@teambit/bit/dist/app&apos;
Require stack:
- /Users/nitsancohen/.bvm/versions/0.2.29/bit-0.2.29/node_modules/@teambit/legacy/bin/bit.js
    at Module._resolveFilename (node:internal/modules/cjs/loader:1072:15)
    at Module._load (node:internal/modules/cjs/loader:925:27)
    at Module.require (node:internal/modules/cjs/loader:1139:19)
    at require (node:internal/modules/helpers:121:18)
    at Object.&lt;anonymous&gt; (/Users/nitsancohen/.bvm/versions/0.2.29/bit-0.2.29/node_modules/@teambit/legacy/bin/bit.js:3:1)
    at Module._compile (node:internal/modules/cjs/loader:1257:14)
    at Module._extensions..js (node:internal/modules/cjs/loader:1311:10)
    at Module.load (node:internal/modules/cjs/loader:1115:32)
    at Module._load (node:internal/modules/cjs/loader:962:12)
    at Function.executeUserEntryPoint [as runMain] (node:internal/modules/run_main:83:12) {
  code: &apos;MODULE_NOT_FOUND&apos;,
  requireStack: [
    &apos;/Users/nitsancohen/.bvm/versions/0.2.29/bit-0.2.29/node_modules/@teambit/legacy/bin/bit.js&apos;
  ]
}

Node.js v20.3.1
" type="Error"><![CDATA[Error: Command failed: bit init
node:internal/modules/cjs/loader:1075
  throw err;
  ^

Error: Cannot find module '../node_modules/@teambit/bit/dist/app'
Require stack:
- /Users/nitsancohen/.bvm/versions/0.2.29/bit-0.2.29/node_modules/@teambit/legacy/bin/bit.js
    at Module._resolveFilename (node:internal/modules/cjs/loader:1072:15)
    at Module._load (node:internal/modules/cjs/loader:925:27)
    at Module.require (node:internal/modules/cjs/loader:1139:19)
    at require (node:internal/modules/helpers:121:18)
    at Object.<anonymous> (/Users/nitsancohen/.bvm/versions/0.2.29/bit-0.2.29/node_modules/@teambit/legacy/bin/bit.js:3:1)
    at Module._compile (node:internal/modules/cjs/loader:1257:14)
    at Module._extensions..js (node:internal/modules/cjs/loader:1311:10)
    at Module.load (node:internal/modules/cjs/loader:1115:32)
    at Module._load (node:internal/modules/cjs/loader:962:12)
    at Function.executeUserEntryPoint [as runMain] (node:internal/modules/run_main:83:12) {
  code: 'MODULE_NOT_FOUND',
  requireStack: [
    '/Users/nitsancohen/.bvm/versions/0.2.29/bit-0.2.29/node_modules/@teambit/legacy/bin/bit.js'
  ]
}

Node.js v20.3.1

    at checkExecSyncError (node:child_process:885:11)
    at Object.execSync (node:child_process:957:15)
    at CommandHelper.runCmd (src/e2e-helper/e2e-command-helper.ts:64:22)
    at ScopeHelper.initWorkspace (src/e2e-helper/e2e-scope-helper.ts:126:25)
    at ScopeHelper.reInitLocalScope (src/e2e-helper/e2e-scope-helper.ts:87:10)
    at ScopeHelper.setNewLocalAndRemoteScopes (src/e2e-helper/e2e-scope-helper.ts:141:10)
    at Context.<anonymous> (e2e/harmony/tag-from-scope.e2e.ts:185:26)
    at processImmediate (node:internal/timers:478:21)]]></failure>
    </testcase>
    <testcase name="tag components on Harmony tagging them one by one with semver &quot;after all&quot; hook for &quot;should save the dependency version according to the version provided in the json&quot;" time="0.0000" classname="&quot;after all&quot; hook for &quot;should save the dependency version according to the version provided in the json&quot;">
      <failure message="Cannot read properties of undefined (reading &apos;destroy&apos;)" type="TypeError"><![CDATA[TypeError: Cannot read properties of undefined (reading 'destroy')
    at Context.<anonymous> (e2e/harmony/tag-from-scope.e2e.ts:220:21)
    at processImmediate (node:internal/timers:478:21)]]></failure>
    </testcase>
  </testsuite>
  <testsuite name="tagging from non-head version" timestamp="2023-08-21T21:40:52" tests="2" file="/Users/nitsancohen/coding/my-bit/bit/e2e/harmony/tag-from-scope.e2e.ts" time="0.0600" failures="1">
    <testcase name="tag components on Harmony tagging from non-head version &quot;before all&quot; hook for &quot;should tag and export with no errors and should set the parent to the previous head&quot;" time="0.0600" classname="&quot;before all&quot; hook for &quot;should tag and export with no errors and should set the parent to the previous head&quot;">
      <failure message="Command failed: bit init
node:internal/modules/cjs/loader:1075
  throw err;
  ^

Error: Cannot find module &apos;../node_modules/@teambit/bit/dist/app&apos;
Require stack:
- /Users/nitsancohen/.bvm/versions/0.2.29/bit-0.2.29/node_modules/@teambit/legacy/bin/bit.js
    at Module._resolveFilename (node:internal/modules/cjs/loader:1072:15)
    at Module._load (node:internal/modules/cjs/loader:925:27)
    at Module.require (node:internal/modules/cjs/loader:1139:19)
    at require (node:internal/modules/helpers:121:18)
    at Object.&lt;anonymous&gt; (/Users/nitsancohen/.bvm/versions/0.2.29/bit-0.2.29/node_modules/@teambit/legacy/bin/bit.js:3:1)
    at Module._compile (node:internal/modules/cjs/loader:1257:14)
    at Module._extensions..js (node:internal/modules/cjs/loader:1311:10)
    at Module.load (node:internal/modules/cjs/loader:1115:32)
    at Module._load (node:internal/modules/cjs/loader:962:12)
    at Function.executeUserEntryPoint [as runMain] (node:internal/modules/run_main:83:12) {
  code: &apos;MODULE_NOT_FOUND&apos;,
  requireStack: [
    &apos;/Users/nitsancohen/.bvm/versions/0.2.29/bit-0.2.29/node_modules/@teambit/legacy/bin/bit.js&apos;
  ]
}

Node.js v20.3.1
" type="Error"><![CDATA[Error: Command failed: bit init
node:internal/modules/cjs/loader:1075
  throw err;
  ^

Error: Cannot find module '../node_modules/@teambit/bit/dist/app'
Require stack:
- /Users/nitsancohen/.bvm/versions/0.2.29/bit-0.2.29/node_modules/@teambit/legacy/bin/bit.js
    at Module._resolveFilename (node:internal/modules/cjs/loader:1072:15)
    at Module._load (node:internal/modules/cjs/loader:925:27)
    at Module.require (node:internal/modules/cjs/loader:1139:19)
    at require (node:internal/modules/helpers:121:18)
    at Object.<anonymous> (/Users/nitsancohen/.bvm/versions/0.2.29/bit-0.2.29/node_modules/@teambit/legacy/bin/bit.js:3:1)
    at Module._compile (node:internal/modules/cjs/loader:1257:14)
    at Module._extensions..js (node:internal/modules/cjs/loader:1311:10)
    at Module.load (node:internal/modules/cjs/loader:1115:32)
    at Module._load (node:internal/modules/cjs/loader:962:12)
    at Function.executeUserEntryPoint [as runMain] (node:internal/modules/run_main:83:12) {
  code: 'MODULE_NOT_FOUND',
  requireStack: [
    '/Users/nitsancohen/.bvm/versions/0.2.29/bit-0.2.29/node_modules/@teambit/legacy/bin/bit.js'
  ]
}

Node.js v20.3.1

    at checkExecSyncError (node:child_process:885:11)
    at Object.execSync (node:child_process:957:15)
    at CommandHelper.runCmd (src/e2e-helper/e2e-command-helper.ts:64:22)
    at ScopeHelper.initWorkspace (src/e2e-helper/e2e-scope-helper.ts:126:25)
    at ScopeHelper.reInitLocalScope (src/e2e-helper/e2e-scope-helper.ts:87:10)
    at ScopeHelper.setNewLocalAndRemoteScopes (src/e2e-helper/e2e-scope-helper.ts:141:10)
    at Context.<anonymous> (e2e/harmony/tag-from-scope.e2e.ts:241:26)
    at processImmediate (node:internal/timers:478:21)]]></failure>
    </testcase>
  </testsuite>
  <testsuite name="tag components on Harmony" timestamp="2023-08-21T21:40:52" tests="0" file="/Users/nitsancohen/coding/my-bit/bit/e2e/harmony/tag-harmony.e2e.ts" time="0.0000" failures="0">
  </testsuite>
  <testsuite name="workspace with standard components" timestamp="2023-08-21T21:40:52" tests="2" file="/Users/nitsancohen/coding/my-bit/bit/e2e/harmony/tag-harmony.e2e.ts" time="0.0610" failures="1">
    <testcase name="tag components on Harmony workspace with standard components &quot;before all&quot; hook for &quot;should import successfully with the schema prop&quot;" time="0.0610" classname="&quot;before all&quot; hook for &quot;should import successfully with the schema prop&quot;">
      <failure message="Command failed: bit init
node:internal/modules/cjs/loader:1075
  throw err;
  ^

Error: Cannot find module &apos;../node_modules/@teambit/bit/dist/app&apos;
Require stack:
- /Users/nitsancohen/.bvm/versions/0.2.29/bit-0.2.29/node_modules/@teambit/legacy/bin/bit.js
    at Module._resolveFilename (node:internal/modules/cjs/loader:1072:15)
    at Module._load (node:internal/modules/cjs/loader:925:27)
    at Module.require (node:internal/modules/cjs/loader:1139:19)
    at require (node:internal/modules/helpers:121:18)
    at Object.&lt;anonymous&gt; (/Users/nitsancohen/.bvm/versions/0.2.29/bit-0.2.29/node_modules/@teambit/legacy/bin/bit.js:3:1)
    at Module._compile (node:internal/modules/cjs/loader:1257:14)
    at Module._extensions..js (node:internal/modules/cjs/loader:1311:10)
    at Module.load (node:internal/modules/cjs/loader:1115:32)
    at Module._load (node:internal/modules/cjs/loader:962:12)
    at Function.executeUserEntryPoint [as runMain] (node:internal/modules/run_main:83:12) {
  code: &apos;MODULE_NOT_FOUND&apos;,
  requireStack: [
    &apos;/Users/nitsancohen/.bvm/versions/0.2.29/bit-0.2.29/node_modules/@teambit/legacy/bin/bit.js&apos;
  ]
}

Node.js v20.3.1
" type="Error"><![CDATA[Error: Command failed: bit init
node:internal/modules/cjs/loader:1075
  throw err;
  ^

Error: Cannot find module '../node_modules/@teambit/bit/dist/app'
Require stack:
- /Users/nitsancohen/.bvm/versions/0.2.29/bit-0.2.29/node_modules/@teambit/legacy/bin/bit.js
    at Module._resolveFilename (node:internal/modules/cjs/loader:1072:15)
    at Module._load (node:internal/modules/cjs/loader:925:27)
    at Module.require (node:internal/modules/cjs/loader:1139:19)
    at require (node:internal/modules/helpers:121:18)
    at Object.<anonymous> (/Users/nitsancohen/.bvm/versions/0.2.29/bit-0.2.29/node_modules/@teambit/legacy/bin/bit.js:3:1)
    at Module._compile (node:internal/modules/cjs/loader:1257:14)
    at Module._extensions..js (node:internal/modules/cjs/loader:1311:10)
    at Module.load (node:internal/modules/cjs/loader:1115:32)
    at Module._load (node:internal/modules/cjs/loader:962:12)
    at Function.executeUserEntryPoint [as runMain] (node:internal/modules/run_main:83:12) {
  code: 'MODULE_NOT_FOUND',
  requireStack: [
    '/Users/nitsancohen/.bvm/versions/0.2.29/bit-0.2.29/node_modules/@teambit/legacy/bin/bit.js'
  ]
}

Node.js v20.3.1

    at checkExecSyncError (node:child_process:885:11)
    at Object.execSync (node:child_process:957:15)
    at CommandHelper.runCmd (src/e2e-helper/e2e-command-helper.ts:64:22)
    at ScopeHelper.initWorkspace (src/e2e-helper/e2e-scope-helper.ts:126:25)
    at ScopeHelper.reInitLocalScope (src/e2e-helper/e2e-scope-helper.ts:87:10)
    at ScopeHelper.setNewLocalAndRemoteScopes (src/e2e-helper/e2e-scope-helper.ts:141:10)
    at Context.<anonymous> (e2e/harmony/tag-harmony.e2e.ts:22:26)
    at processImmediate (node:internal/timers:478:21)]]></failure>
    </testcase>
  </testsuite>
  <testsuite name="tag on Harmony" timestamp="2023-08-21T21:40:52" tests="2" file="/Users/nitsancohen/coding/my-bit/bit/e2e/harmony/tag-harmony.e2e.ts" time="0.0600" failures="1">
    <testcase name="tag components on Harmony tag on Harmony &quot;before all&quot; hook for &quot;should not show the component as modified&quot;" time="0.0600" classname="&quot;before all&quot; hook for &quot;should not show the component as modified&quot;">
      <failure message="Command failed: bit init
node:internal/modules/cjs/loader:1075
  throw err;
  ^

Error: Cannot find module &apos;../node_modules/@teambit/bit/dist/app&apos;
Require stack:
- /Users/nitsancohen/.bvm/versions/0.2.29/bit-0.2.29/node_modules/@teambit/legacy/bin/bit.js
    at Module._resolveFilename (node:internal/modules/cjs/loader:1072:15)
    at Module._load (node:internal/modules/cjs/loader:925:27)
    at Module.require (node:internal/modules/cjs/loader:1139:19)
    at require (node:internal/modules/helpers:121:18)
    at Object.&lt;anonymous&gt; (/Users/nitsancohen/.bvm/versions/0.2.29/bit-0.2.29/node_modules/@teambit/legacy/bin/bit.js:3:1)
    at Module._compile (node:internal/modules/cjs/loader:1257:14)
    at Module._extensions..js (node:internal/modules/cjs/loader:1311:10)
    at Module.load (node:internal/modules/cjs/loader:1115:32)
    at Module._load (node:internal/modules/cjs/loader:962:12)
    at Function.executeUserEntryPoint [as runMain] (node:internal/modules/run_main:83:12) {
  code: &apos;MODULE_NOT_FOUND&apos;,
  requireStack: [
    &apos;/Users/nitsancohen/.bvm/versions/0.2.29/bit-0.2.29/node_modules/@teambit/legacy/bin/bit.js&apos;
  ]
}

Node.js v20.3.1
" type="Error"><![CDATA[Error: Command failed: bit init
node:internal/modules/cjs/loader:1075
  throw err;
  ^

Error: Cannot find module '../node_modules/@teambit/bit/dist/app'
Require stack:
- /Users/nitsancohen/.bvm/versions/0.2.29/bit-0.2.29/node_modules/@teambit/legacy/bin/bit.js
    at Module._resolveFilename (node:internal/modules/cjs/loader:1072:15)
    at Module._load (node:internal/modules/cjs/loader:925:27)
    at Module.require (node:internal/modules/cjs/loader:1139:19)
    at require (node:internal/modules/helpers:121:18)
    at Object.<anonymous> (/Users/nitsancohen/.bvm/versions/0.2.29/bit-0.2.29/node_modules/@teambit/legacy/bin/bit.js:3:1)
    at Module._compile (node:internal/modules/cjs/loader:1257:14)
    at Module._extensions..js (node:internal/modules/cjs/loader:1311:10)
    at Module.load (node:internal/modules/cjs/loader:1115:32)
    at Module._load (node:internal/modules/cjs/loader:962:12)
    at Function.executeUserEntryPoint [as runMain] (node:internal/modules/run_main:83:12) {
  code: 'MODULE_NOT_FOUND',
  requireStack: [
    '/Users/nitsancohen/.bvm/versions/0.2.29/bit-0.2.29/node_modules/@teambit/legacy/bin/bit.js'
  ]
}

Node.js v20.3.1

    at checkExecSyncError (node:child_process:885:11)
    at Object.execSync (node:child_process:957:15)
    at CommandHelper.runCmd (src/e2e-helper/e2e-command-helper.ts:64:22)
    at ScopeHelper.initWorkspace (src/e2e-helper/e2e-scope-helper.ts:126:25)
    at ScopeHelper.reInitLocalScope (src/e2e-helper/e2e-scope-helper.ts:87:10)
    at ScopeHelper.setNewLocalAndRemoteScopes (src/e2e-helper/e2e-scope-helper.ts:141:10)
    at Context.<anonymous> (e2e/harmony/tag-harmony.e2e.ts:56:26)
    at processImmediate (node:internal/timers:478:21)]]></failure>
    </testcase>
  </testsuite>
  <testsuite name="soft tag" timestamp="2023-08-21T21:40:52" tests="2" file="/Users/nitsancohen/coding/my-bit/bit/e2e/harmony/tag-harmony.e2e.ts" time="0.0600" failures="1">
    <testcase name="tag components on Harmony soft tag &quot;before all&quot; hook for &quot;should add a property of nextVersion in .bitmap file&quot;" time="0.0600" classname="&quot;before all&quot; hook for &quot;should add a property of nextVersion in .bitmap file&quot;">
      <failure message="Command failed: bit init
node:internal/modules/cjs/loader:1075
  throw err;
  ^

Error: Cannot find module &apos;../node_modules/@teambit/bit/dist/app&apos;
Require stack:
- /Users/nitsancohen/.bvm/versions/0.2.29/bit-0.2.29/node_modules/@teambit/legacy/bin/bit.js
    at Module._resolveFilename (node:internal/modules/cjs/loader:1072:15)
    at Module._load (node:internal/modules/cjs/loader:925:27)
    at Module.require (node:internal/modules/cjs/loader:1139:19)
    at require (node:internal/modules/helpers:121:18)
    at Object.&lt;anonymous&gt; (/Users/nitsancohen/.bvm/versions/0.2.29/bit-0.2.29/node_modules/@teambit/legacy/bin/bit.js:3:1)
    at Module._compile (node:internal/modules/cjs/loader:1257:14)
    at Module._extensions..js (node:internal/modules/cjs/loader:1311:10)
    at Module.load (node:internal/modules/cjs/loader:1115:32)
    at Module._load (node:internal/modules/cjs/loader:962:12)
    at Function.executeUserEntryPoint [as runMain] (node:internal/modules/run_main:83:12) {
  code: &apos;MODULE_NOT_FOUND&apos;,
  requireStack: [
    &apos;/Users/nitsancohen/.bvm/versions/0.2.29/bit-0.2.29/node_modules/@teambit/legacy/bin/bit.js&apos;
  ]
}

Node.js v20.3.1
" type="Error"><![CDATA[Error: Command failed: bit init
node:internal/modules/cjs/loader:1075
  throw err;
  ^

Error: Cannot find module '../node_modules/@teambit/bit/dist/app'
Require stack:
- /Users/nitsancohen/.bvm/versions/0.2.29/bit-0.2.29/node_modules/@teambit/legacy/bin/bit.js
    at Module._resolveFilename (node:internal/modules/cjs/loader:1072:15)
    at Module._load (node:internal/modules/cjs/loader:925:27)
    at Module.require (node:internal/modules/cjs/loader:1139:19)
    at require (node:internal/modules/helpers:121:18)
    at Object.<anonymous> (/Users/nitsancohen/.bvm/versions/0.2.29/bit-0.2.29/node_modules/@teambit/legacy/bin/bit.js:3:1)
    at Module._compile (node:internal/modules/cjs/loader:1257:14)
    at Module._extensions..js (node:internal/modules/cjs/loader:1311:10)
    at Module.load (node:internal/modules/cjs/loader:1115:32)
    at Module._load (node:internal/modules/cjs/loader:962:12)
    at Function.executeUserEntryPoint [as runMain] (node:internal/modules/run_main:83:12) {
  code: 'MODULE_NOT_FOUND',
  requireStack: [
    '/Users/nitsancohen/.bvm/versions/0.2.29/bit-0.2.29/node_modules/@teambit/legacy/bin/bit.js'
  ]
}

Node.js v20.3.1

    at checkExecSyncError (node:child_process:885:11)
    at Object.execSync (node:child_process:957:15)
    at CommandHelper.runCmd (src/e2e-helper/e2e-command-helper.ts:64:22)
    at ScopeHelper.initWorkspace (src/e2e-helper/e2e-scope-helper.ts:126:25)
    at ScopeHelper.reInitLocalScope (src/e2e-helper/e2e-scope-helper.ts:87:10)
    at ScopeHelper.setNewLocalAndRemoteScopes (src/e2e-helper/e2e-scope-helper.ts:141:10)
    at Context.<anonymous> (e2e/harmony/tag-harmony.e2e.ts:87:26)
    at processImmediate (node:internal/timers:478:21)]]></failure>
    </testcase>
  </testsuite>
  <testsuite name="tag scope" timestamp="2023-08-21T21:40:52" tests="0" file="/Users/nitsancohen/coding/my-bit/bit/e2e/harmony/tag-harmony.e2e.ts" time="0.0590" failures="1">
    <testcase name="tag components on Harmony tag scope &quot;before all&quot; hook in &quot;tag scope&quot;" time="0.0590" classname="&quot;before all&quot; hook in &quot;tag scope&quot;">
      <failure message="Command failed: bit init
node:internal/modules/cjs/loader:1075
  throw err;
  ^

Error: Cannot find module &apos;../node_modules/@teambit/bit/dist/app&apos;
Require stack:
- /Users/nitsancohen/.bvm/versions/0.2.29/bit-0.2.29/node_modules/@teambit/legacy/bin/bit.js
    at Module._resolveFilename (node:internal/modules/cjs/loader:1072:15)
    at Module._load (node:internal/modules/cjs/loader:925:27)
    at Module.require (node:internal/modules/cjs/loader:1139:19)
    at require (node:internal/modules/helpers:121:18)
    at Object.&lt;anonymous&gt; (/Users/nitsancohen/.bvm/versions/0.2.29/bit-0.2.29/node_modules/@teambit/legacy/bin/bit.js:3:1)
    at Module._compile (node:internal/modules/cjs/loader:1257:14)
    at Module._extensions..js (node:internal/modules/cjs/loader:1311:10)
    at Module.load (node:internal/modules/cjs/loader:1115:32)
    at Module._load (node:internal/modules/cjs/loader:962:12)
    at Function.executeUserEntryPoint [as runMain] (node:internal/modules/run_main:83:12) {
  code: &apos;MODULE_NOT_FOUND&apos;,
  requireStack: [
    &apos;/Users/nitsancohen/.bvm/versions/0.2.29/bit-0.2.29/node_modules/@teambit/legacy/bin/bit.js&apos;
  ]
}

Node.js v20.3.1
" type="Error"><![CDATA[Error: Command failed: bit init
node:internal/modules/cjs/loader:1075
  throw err;
  ^

Error: Cannot find module '../node_modules/@teambit/bit/dist/app'
Require stack:
- /Users/nitsancohen/.bvm/versions/0.2.29/bit-0.2.29/node_modules/@teambit/legacy/bin/bit.js
    at Module._resolveFilename (node:internal/modules/cjs/loader:1072:15)
    at Module._load (node:internal/modules/cjs/loader:925:27)
    at Module.require (node:internal/modules/cjs/loader:1139:19)
    at require (node:internal/modules/helpers:121:18)
    at Object.<anonymous> (/Users/nitsancohen/.bvm/versions/0.2.29/bit-0.2.29/node_modules/@teambit/legacy/bin/bit.js:3:1)
    at Module._compile (node:internal/modules/cjs/loader:1257:14)
    at Module._extensions..js (node:internal/modules/cjs/loader:1311:10)
    at Module.load (node:internal/modules/cjs/loader:1115:32)
    at Module._load (node:internal/modules/cjs/loader:962:12)
    at Function.executeUserEntryPoint [as runMain] (node:internal/modules/run_main:83:12) {
  code: 'MODULE_NOT_FOUND',
  requireStack: [
    '/Users/nitsancohen/.bvm/versions/0.2.29/bit-0.2.29/node_modules/@teambit/legacy/bin/bit.js'
  ]
}

Node.js v20.3.1

    at checkExecSyncError (node:child_process:885:11)
    at Object.execSync (node:child_process:957:15)
    at CommandHelper.runCmd (src/e2e-helper/e2e-command-helper.ts:64:22)
    at ScopeHelper.initWorkspace (src/e2e-helper/e2e-scope-helper.ts:126:25)
    at ScopeHelper.reInitLocalScope (src/e2e-helper/e2e-scope-helper.ts:87:10)
    at ScopeHelper.setNewLocalAndRemoteScopes (src/e2e-helper/e2e-scope-helper.ts:141:10)
    at Context.<anonymous> (e2e/harmony/tag-harmony.e2e.ts:194:26)
    at processImmediate (node:internal/timers:478:21)]]></failure>
    </testcase>
  </testsuite>
  <testsuite name="with failing tests" timestamp="2023-08-21T21:40:53" tests="3" file="/Users/nitsancohen/coding/my-bit/bit/e2e/harmony/tag-harmony.e2e.ts" time="0.0590" failures="1">
    <testcase name="tag components on Harmony with failing tests &quot;before all&quot; hook for &quot;should fail without --skip-tests&quot;" time="0.0590" classname="&quot;before all&quot; hook for &quot;should fail without --skip-tests&quot;">
      <failure message="Command failed: bit init
node:internal/modules/cjs/loader:1075
  throw err;
  ^

Error: Cannot find module &apos;../node_modules/@teambit/bit/dist/app&apos;
Require stack:
- /Users/nitsancohen/.bvm/versions/0.2.29/bit-0.2.29/node_modules/@teambit/legacy/bin/bit.js
    at Module._resolveFilename (node:internal/modules/cjs/loader:1072:15)
    at Module._load (node:internal/modules/cjs/loader:925:27)
    at Module.require (node:internal/modules/cjs/loader:1139:19)
    at require (node:internal/modules/helpers:121:18)
    at Object.&lt;anonymous&gt; (/Users/nitsancohen/.bvm/versions/0.2.29/bit-0.2.29/node_modules/@teambit/legacy/bin/bit.js:3:1)
    at Module._compile (node:internal/modules/cjs/loader:1257:14)
    at Module._extensions..js (node:internal/modules/cjs/loader:1311:10)
    at Module.load (node:internal/modules/cjs/loader:1115:32)
    at Module._load (node:internal/modules/cjs/loader:962:12)
    at Function.executeUserEntryPoint [as runMain] (node:internal/modules/run_main:83:12) {
  code: &apos;MODULE_NOT_FOUND&apos;,
  requireStack: [
    &apos;/Users/nitsancohen/.bvm/versions/0.2.29/bit-0.2.29/node_modules/@teambit/legacy/bin/bit.js&apos;
  ]
}

Node.js v20.3.1
" type="Error"><![CDATA[Error: Command failed: bit init
node:internal/modules/cjs/loader:1075
  throw err;
  ^

Error: Cannot find module '../node_modules/@teambit/bit/dist/app'
Require stack:
- /Users/nitsancohen/.bvm/versions/0.2.29/bit-0.2.29/node_modules/@teambit/legacy/bin/bit.js
    at Module._resolveFilename (node:internal/modules/cjs/loader:1072:15)
    at Module._load (node:internal/modules/cjs/loader:925:27)
    at Module.require (node:internal/modules/cjs/loader:1139:19)
    at require (node:internal/modules/helpers:121:18)
    at Object.<anonymous> (/Users/nitsancohen/.bvm/versions/0.2.29/bit-0.2.29/node_modules/@teambit/legacy/bin/bit.js:3:1)
    at Module._compile (node:internal/modules/cjs/loader:1257:14)
    at Module._extensions..js (node:internal/modules/cjs/loader:1311:10)
    at Module.load (node:internal/modules/cjs/loader:1115:32)
    at Module._load (node:internal/modules/cjs/loader:962:12)
    at Function.executeUserEntryPoint [as runMain] (node:internal/modules/run_main:83:12) {
  code: 'MODULE_NOT_FOUND',
  requireStack: [
    '/Users/nitsancohen/.bvm/versions/0.2.29/bit-0.2.29/node_modules/@teambit/legacy/bin/bit.js'
  ]
}

Node.js v20.3.1

    at checkExecSyncError (node:child_process:885:11)
    at Object.execSync (node:child_process:957:15)
    at CommandHelper.runCmd (src/e2e-helper/e2e-command-helper.ts:64:22)
    at ScopeHelper.initWorkspace (src/e2e-helper/e2e-scope-helper.ts:126:25)
    at ScopeHelper.reInitLocalScope (src/e2e-helper/e2e-scope-helper.ts:87:10)
    at ScopeHelper.setNewLocalAndRemoteScopes (src/e2e-helper/e2e-scope-helper.ts:141:10)
    at Context.<anonymous> (e2e/harmony/tag-harmony.e2e.ts:228:26)
    at processImmediate (node:internal/timers:478:21)]]></failure>
    </testcase>
  </testsuite>
  <testsuite name="modified one component, the rest are auto-tag pending" timestamp="2023-08-21T21:40:53" tests="0" file="/Users/nitsancohen/coding/my-bit/bit/e2e/harmony/tag-harmony.e2e.ts" time="0.0590" failures="1">
    <testcase name="tag components on Harmony modified one component, the rest are auto-tag pending &quot;before all&quot; hook in &quot;modified one component, the rest are auto-tag pending&quot;" time="0.0590" classname="&quot;before all&quot; hook in &quot;modified one component, the rest are auto-tag pending&quot;">
      <failure message="Command failed: bit init
node:internal/modules/cjs/loader:1075
  throw err;
  ^

Error: Cannot find module &apos;../node_modules/@teambit/bit/dist/app&apos;
Require stack:
- /Users/nitsancohen/.bvm/versions/0.2.29/bit-0.2.29/node_modules/@teambit/legacy/bin/bit.js
    at Module._resolveFilename (node:internal/modules/cjs/loader:1072:15)
    at Module._load (node:internal/modules/cjs/loader:925:27)
    at Module.require (node:internal/modules/cjs/loader:1139:19)
    at require (node:internal/modules/helpers:121:18)
    at Object.&lt;anonymous&gt; (/Users/nitsancohen/.bvm/versions/0.2.29/bit-0.2.29/node_modules/@teambit/legacy/bin/bit.js:3:1)
    at Module._compile (node:internal/modules/cjs/loader:1257:14)
    at Module._extensions..js (node:internal/modules/cjs/loader:1311:10)
    at Module.load (node:internal/modules/cjs/loader:1115:32)
    at Module._load (node:internal/modules/cjs/loader:962:12)
    at Function.executeUserEntryPoint [as runMain] (node:internal/modules/run_main:83:12) {
  code: &apos;MODULE_NOT_FOUND&apos;,
  requireStack: [
    &apos;/Users/nitsancohen/.bvm/versions/0.2.29/bit-0.2.29/node_modules/@teambit/legacy/bin/bit.js&apos;
  ]
}

Node.js v20.3.1
" type="Error"><![CDATA[Error: Command failed: bit init
node:internal/modules/cjs/loader:1075
  throw err;
  ^

Error: Cannot find module '../node_modules/@teambit/bit/dist/app'
Require stack:
- /Users/nitsancohen/.bvm/versions/0.2.29/bit-0.2.29/node_modules/@teambit/legacy/bin/bit.js
    at Module._resolveFilename (node:internal/modules/cjs/loader:1072:15)
    at Module._load (node:internal/modules/cjs/loader:925:27)
    at Module.require (node:internal/modules/cjs/loader:1139:19)
    at require (node:internal/modules/helpers:121:18)
    at Object.<anonymous> (/Users/nitsancohen/.bvm/versions/0.2.29/bit-0.2.29/node_modules/@teambit/legacy/bin/bit.js:3:1)
    at Module._compile (node:internal/modules/cjs/loader:1257:14)
    at Module._extensions..js (node:internal/modules/cjs/loader:1311:10)
    at Module.load (node:internal/modules/cjs/loader:1115:32)
    at Module._load (node:internal/modules/cjs/loader:962:12)
    at Function.executeUserEntryPoint [as runMain] (node:internal/modules/run_main:83:12) {
  code: 'MODULE_NOT_FOUND',
  requireStack: [
    '/Users/nitsancohen/.bvm/versions/0.2.29/bit-0.2.29/node_modules/@teambit/legacy/bin/bit.js'
  ]
}

Node.js v20.3.1

    at checkExecSyncError (node:child_process:885:11)
    at Object.execSync (node:child_process:957:15)
    at CommandHelper.runCmd (src/e2e-helper/e2e-command-helper.ts:64:22)
    at ScopeHelper.initWorkspace (src/e2e-helper/e2e-scope-helper.ts:126:25)
    at ScopeHelper.reInitLocalScope (src/e2e-helper/e2e-scope-helper.ts:87:10)
    at ScopeHelper.setNewLocalAndRemoteScopes (src/e2e-helper/e2e-scope-helper.ts:141:10)
    at Context.<anonymous> (e2e/harmony/tag-harmony.e2e.ts:252:26)
    at processImmediate (node:internal/timers:478:21)]]></failure>
    </testcase>
  </testsuite>
  <testsuite name="using --incremented-by flag" timestamp="2023-08-21T21:40:53" tests="0" file="/Users/nitsancohen/coding/my-bit/bit/e2e/harmony/tag-harmony.e2e.ts" time="0.0600" failures="1">
    <testcase name="tag components on Harmony using --incremented-by flag &quot;before all&quot; hook in &quot;using --incremented-by flag&quot;" time="0.0600" classname="&quot;before all&quot; hook in &quot;using --incremented-by flag&quot;">
      <failure message="Command failed: bit init
node:internal/modules/cjs/loader:1075
  throw err;
  ^

Error: Cannot find module &apos;../node_modules/@teambit/bit/dist/app&apos;
Require stack:
- /Users/nitsancohen/.bvm/versions/0.2.29/bit-0.2.29/node_modules/@teambit/legacy/bin/bit.js
    at Module._resolveFilename (node:internal/modules/cjs/loader:1072:15)
    at Module._load (node:internal/modules/cjs/loader:925:27)
    at Module.require (node:internal/modules/cjs/loader:1139:19)
    at require (node:internal/modules/helpers:121:18)
    at Object.&lt;anonymous&gt; (/Users/nitsancohen/.bvm/versions/0.2.29/bit-0.2.29/node_modules/@teambit/legacy/bin/bit.js:3:1)
    at Module._compile (node:internal/modules/cjs/loader:1257:14)
    at Module._extensions..js (node:internal/modules/cjs/loader:1311:10)
    at Module.load (node:internal/modules/cjs/loader:1115:32)
    at Module._load (node:internal/modules/cjs/loader:962:12)
    at Function.executeUserEntryPoint [as runMain] (node:internal/modules/run_main:83:12) {
  code: &apos;MODULE_NOT_FOUND&apos;,
  requireStack: [
    &apos;/Users/nitsancohen/.bvm/versions/0.2.29/bit-0.2.29/node_modules/@teambit/legacy/bin/bit.js&apos;
  ]
}

Node.js v20.3.1
" type="Error"><![CDATA[Error: Command failed: bit init
node:internal/modules/cjs/loader:1075
  throw err;
  ^

Error: Cannot find module '../node_modules/@teambit/bit/dist/app'
Require stack:
- /Users/nitsancohen/.bvm/versions/0.2.29/bit-0.2.29/node_modules/@teambit/legacy/bin/bit.js
    at Module._resolveFilename (node:internal/modules/cjs/loader:1072:15)
    at Module._load (node:internal/modules/cjs/loader:925:27)
    at Module.require (node:internal/modules/cjs/loader:1139:19)
    at require (node:internal/modules/helpers:121:18)
    at Object.<anonymous> (/Users/nitsancohen/.bvm/versions/0.2.29/bit-0.2.29/node_modules/@teambit/legacy/bin/bit.js:3:1)
    at Module._compile (node:internal/modules/cjs/loader:1257:14)
    at Module._extensions..js (node:internal/modules/cjs/loader:1311:10)
    at Module.load (node:internal/modules/cjs/loader:1115:32)
    at Module._load (node:internal/modules/cjs/loader:962:12)
    at Function.executeUserEntryPoint [as runMain] (node:internal/modules/run_main:83:12) {
  code: 'MODULE_NOT_FOUND',
  requireStack: [
    '/Users/nitsancohen/.bvm/versions/0.2.29/bit-0.2.29/node_modules/@teambit/legacy/bin/bit.js'
  ]
}

Node.js v20.3.1

    at checkExecSyncError (node:child_process:885:11)
    at Object.execSync (node:child_process:957:15)
    at CommandHelper.runCmd (src/e2e-helper/e2e-command-helper.ts:64:22)
    at ScopeHelper.initWorkspace (src/e2e-helper/e2e-scope-helper.ts:126:25)
    at ScopeHelper.reInitLocalScope (src/e2e-helper/e2e-scope-helper.ts:87:10)
    at ScopeHelper.setNewLocalAndRemoteScopes (src/e2e-helper/e2e-scope-helper.ts:141:10)
    at Context.<anonymous> (e2e/harmony/tag-harmony.e2e.ts:285:26)
    at processImmediate (node:internal/timers:478:21)]]></failure>
    </testcase>
  </testsuite>
  <testsuite name="tag pre-release" timestamp="2023-08-21T21:40:53" tests="1" file="/Users/nitsancohen/coding/my-bit/bit/e2e/harmony/tag-harmony.e2e.ts" time="0.0600" failures="1">
    <testcase name="tag components on Harmony tag pre-release &quot;before all&quot; hook for &quot;should tag all components according to the pre-release version&quot;" time="0.0600" classname="&quot;before all&quot; hook for &quot;should tag all components according to the pre-release version&quot;">
      <failure message="Command failed: bit init
node:internal/modules/cjs/loader:1075
  throw err;
  ^

Error: Cannot find module &apos;../node_modules/@teambit/bit/dist/app&apos;
Require stack:
- /Users/nitsancohen/.bvm/versions/0.2.29/bit-0.2.29/node_modules/@teambit/legacy/bin/bit.js
    at Module._resolveFilename (node:internal/modules/cjs/loader:1072:15)
    at Module._load (node:internal/modules/cjs/loader:925:27)
    at Module.require (node:internal/modules/cjs/loader:1139:19)
    at require (node:internal/modules/helpers:121:18)
    at Object.&lt;anonymous&gt; (/Users/nitsancohen/.bvm/versions/0.2.29/bit-0.2.29/node_modules/@teambit/legacy/bin/bit.js:3:1)
    at Module._compile (node:internal/modules/cjs/loader:1257:14)
    at Module._extensions..js (node:internal/modules/cjs/loader:1311:10)
    at Module.load (node:internal/modules/cjs/loader:1115:32)
    at Module._load (node:internal/modules/cjs/loader:962:12)
    at Function.executeUserEntryPoint [as runMain] (node:internal/modules/run_main:83:12) {
  code: &apos;MODULE_NOT_FOUND&apos;,
  requireStack: [
    &apos;/Users/nitsancohen/.bvm/versions/0.2.29/bit-0.2.29/node_modules/@teambit/legacy/bin/bit.js&apos;
  ]
}

Node.js v20.3.1
" type="Error"><![CDATA[Error: Command failed: bit init
node:internal/modules/cjs/loader:1075
  throw err;
  ^

Error: Cannot find module '../node_modules/@teambit/bit/dist/app'
Require stack:
- /Users/nitsancohen/.bvm/versions/0.2.29/bit-0.2.29/node_modules/@teambit/legacy/bin/bit.js
    at Module._resolveFilename (node:internal/modules/cjs/loader:1072:15)
    at Module._load (node:internal/modules/cjs/loader:925:27)
    at Module.require (node:internal/modules/cjs/loader:1139:19)
    at require (node:internal/modules/helpers:121:18)
    at Object.<anonymous> (/Users/nitsancohen/.bvm/versions/0.2.29/bit-0.2.29/node_modules/@teambit/legacy/bin/bit.js:3:1)
    at Module._compile (node:internal/modules/cjs/loader:1257:14)
    at Module._extensions..js (node:internal/modules/cjs/loader:1311:10)
    at Module.load (node:internal/modules/cjs/loader:1115:32)
    at Module._load (node:internal/modules/cjs/loader:962:12)
    at Function.executeUserEntryPoint [as runMain] (node:internal/modules/run_main:83:12) {
  code: 'MODULE_NOT_FOUND',
  requireStack: [
    '/Users/nitsancohen/.bvm/versions/0.2.29/bit-0.2.29/node_modules/@teambit/legacy/bin/bit.js'
  ]
}

Node.js v20.3.1

    at checkExecSyncError (node:child_process:885:11)
    at Object.execSync (node:child_process:957:15)
    at CommandHelper.runCmd (src/e2e-helper/e2e-command-helper.ts:64:22)
    at ScopeHelper.initWorkspace (src/e2e-helper/e2e-scope-helper.ts:126:25)
    at ScopeHelper.reInitLocalScope (src/e2e-helper/e2e-scope-helper.ts:87:10)
    at ScopeHelper.setNewLocalAndRemoteScopes (src/e2e-helper/e2e-scope-helper.ts:141:10)
    at Context.<anonymous> (e2e/harmony/tag-harmony.e2e.ts:334:26)
    at processImmediate (node:internal/timers:478:21)]]></failure>
    </testcase>
  </testsuite>
  <testsuite name="auto-tag with pre-release" timestamp="2023-08-21T21:40:53" tests="1" file="/Users/nitsancohen/coding/my-bit/bit/e2e/harmony/tag-harmony.e2e.ts" time="0.0610" failures="1">
    <testcase name="tag components on Harmony auto-tag with pre-release &quot;before all&quot; hook for &quot;should auto-tag dependents according to the pre-release version&quot;" time="0.0610" classname="&quot;before all&quot; hook for &quot;should auto-tag dependents according to the pre-release version&quot;">
      <failure message="Command failed: bit init
node:internal/modules/cjs/loader:1075
  throw err;
  ^

Error: Cannot find module &apos;../node_modules/@teambit/bit/dist/app&apos;
Require stack:
- /Users/nitsancohen/.bvm/versions/0.2.29/bit-0.2.29/node_modules/@teambit/legacy/bin/bit.js
    at Module._resolveFilename (node:internal/modules/cjs/loader:1072:15)
    at Module._load (node:internal/modules/cjs/loader:925:27)
    at Module.require (node:internal/modules/cjs/loader:1139:19)
    at require (node:internal/modules/helpers:121:18)
    at Object.&lt;anonymous&gt; (/Users/nitsancohen/.bvm/versions/0.2.29/bit-0.2.29/node_modules/@teambit/legacy/bin/bit.js:3:1)
    at Module._compile (node:internal/modules/cjs/loader:1257:14)
    at Module._extensions..js (node:internal/modules/cjs/loader:1311:10)
    at Module.load (node:internal/modules/cjs/loader:1115:32)
    at Module._load (node:internal/modules/cjs/loader:962:12)
    at Function.executeUserEntryPoint [as runMain] (node:internal/modules/run_main:83:12) {
  code: &apos;MODULE_NOT_FOUND&apos;,
  requireStack: [
    &apos;/Users/nitsancohen/.bvm/versions/0.2.29/bit-0.2.29/node_modules/@teambit/legacy/bin/bit.js&apos;
  ]
}

Node.js v20.3.1
" type="Error"><![CDATA[Error: Command failed: bit init
node:internal/modules/cjs/loader:1075
  throw err;
  ^

Error: Cannot find module '../node_modules/@teambit/bit/dist/app'
Require stack:
- /Users/nitsancohen/.bvm/versions/0.2.29/bit-0.2.29/node_modules/@teambit/legacy/bin/bit.js
    at Module._resolveFilename (node:internal/modules/cjs/loader:1072:15)
    at Module._load (node:internal/modules/cjs/loader:925:27)
    at Module.require (node:internal/modules/cjs/loader:1139:19)
    at require (node:internal/modules/helpers:121:18)
    at Object.<anonymous> (/Users/nitsancohen/.bvm/versions/0.2.29/bit-0.2.29/node_modules/@teambit/legacy/bin/bit.js:3:1)
    at Module._compile (node:internal/modules/cjs/loader:1257:14)
    at Module._extensions..js (node:internal/modules/cjs/loader:1311:10)
    at Module.load (node:internal/modules/cjs/loader:1115:32)
    at Module._load (node:internal/modules/cjs/loader:962:12)
    at Function.executeUserEntryPoint [as runMain] (node:internal/modules/run_main:83:12) {
  code: 'MODULE_NOT_FOUND',
  requireStack: [
    '/Users/nitsancohen/.bvm/versions/0.2.29/bit-0.2.29/node_modules/@teambit/legacy/bin/bit.js'
  ]
}

Node.js v20.3.1

    at checkExecSyncError (node:child_process:885:11)
    at Object.execSync (node:child_process:957:15)
    at CommandHelper.runCmd (src/e2e-helper/e2e-command-helper.ts:64:22)
    at ScopeHelper.initWorkspace (src/e2e-helper/e2e-scope-helper.ts:126:25)
    at ScopeHelper.reInitLocalScope (src/e2e-helper/e2e-scope-helper.ts:87:10)
    at ScopeHelper.setNewLocalAndRemoteScopes (src/e2e-helper/e2e-scope-helper.ts:141:10)
    at Context.<anonymous> (e2e/harmony/tag-harmony.e2e.ts:355:26)
    at processImmediate (node:internal/timers:478:21)]]></failure>
    </testcase>
  </testsuite>
  <testsuite name="soft-tag pre-release" timestamp="2023-08-21T21:40:53" tests="1" file="/Users/nitsancohen/coding/my-bit/bit/e2e/harmony/tag-harmony.e2e.ts" time="0.0600" failures="1">
    <testcase name="tag components on Harmony soft-tag pre-release &quot;before all&quot; hook for &quot;should save the pre-release name in the .bitmap file&quot;" time="0.0600" classname="&quot;before all&quot; hook for &quot;should save the pre-release name in the .bitmap file&quot;">
      <failure message="Command failed: bit init
node:internal/modules/cjs/loader:1075
  throw err;
  ^

Error: Cannot find module &apos;../node_modules/@teambit/bit/dist/app&apos;
Require stack:
- /Users/nitsancohen/.bvm/versions/0.2.29/bit-0.2.29/node_modules/@teambit/legacy/bin/bit.js
    at Module._resolveFilename (node:internal/modules/cjs/loader:1072:15)
    at Module._load (node:internal/modules/cjs/loader:925:27)
    at Module.require (node:internal/modules/cjs/loader:1139:19)
    at require (node:internal/modules/helpers:121:18)
    at Object.&lt;anonymous&gt; (/Users/nitsancohen/.bvm/versions/0.2.29/bit-0.2.29/node_modules/@teambit/legacy/bin/bit.js:3:1)
    at Module._compile (node:internal/modules/cjs/loader:1257:14)
    at Module._extensions..js (node:internal/modules/cjs/loader:1311:10)
    at Module.load (node:internal/modules/cjs/loader:1115:32)
    at Module._load (node:internal/modules/cjs/loader:962:12)
    at Function.executeUserEntryPoint [as runMain] (node:internal/modules/run_main:83:12) {
  code: &apos;MODULE_NOT_FOUND&apos;,
  requireStack: [
    &apos;/Users/nitsancohen/.bvm/versions/0.2.29/bit-0.2.29/node_modules/@teambit/legacy/bin/bit.js&apos;
  ]
}

Node.js v20.3.1
" type="Error"><![CDATA[Error: Command failed: bit init
node:internal/modules/cjs/loader:1075
  throw err;
  ^

Error: Cannot find module '../node_modules/@teambit/bit/dist/app'
Require stack:
- /Users/nitsancohen/.bvm/versions/0.2.29/bit-0.2.29/node_modules/@teambit/legacy/bin/bit.js
    at Module._resolveFilename (node:internal/modules/cjs/loader:1072:15)
    at Module._load (node:internal/modules/cjs/loader:925:27)
    at Module.require (node:internal/modules/cjs/loader:1139:19)
    at require (node:internal/modules/helpers:121:18)
    at Object.<anonymous> (/Users/nitsancohen/.bvm/versions/0.2.29/bit-0.2.29/node_modules/@teambit/legacy/bin/bit.js:3:1)
    at Module._compile (node:internal/modules/cjs/loader:1257:14)
    at Module._extensions..js (node:internal/modules/cjs/loader:1311:10)
    at Module.load (node:internal/modules/cjs/loader:1115:32)
    at Module._load (node:internal/modules/cjs/loader:962:12)
    at Function.executeUserEntryPoint [as runMain] (node:internal/modules/run_main:83:12) {
  code: 'MODULE_NOT_FOUND',
  requireStack: [
    '/Users/nitsancohen/.bvm/versions/0.2.29/bit-0.2.29/node_modules/@teambit/legacy/bin/bit.js'
  ]
}

Node.js v20.3.1

    at checkExecSyncError (node:child_process:885:11)
    at Object.execSync (node:child_process:957:15)
    at CommandHelper.runCmd (src/e2e-helper/e2e-command-helper.ts:64:22)
    at ScopeHelper.initWorkspace (src/e2e-helper/e2e-scope-helper.ts:126:25)
    at ScopeHelper.reInitLocalScope (src/e2e-helper/e2e-scope-helper.ts:87:10)
    at ScopeHelper.setNewLocalAndRemoteScopes (src/e2e-helper/e2e-scope-helper.ts:141:10)
    at Context.<anonymous> (e2e/harmony/tag-harmony.e2e.ts:367:26)
    at processImmediate (node:internal/timers:478:21)]]></failure>
    </testcase>
  </testsuite>
  <testsuite name="builder data saved in the model" timestamp="2023-08-21T21:40:53" tests="1" file="/Users/nitsancohen/coding/my-bit/bit/e2e/harmony/tag-harmony.e2e.ts" time="0.0600" failures="1">
    <testcase name="tag components on Harmony builder data saved in the model &quot;before all&quot; hook for &quot;should not save the build data twice&quot;" time="0.0600" classname="&quot;before all&quot; hook for &quot;should not save the build data twice&quot;">
      <failure message="Command failed: bit init
node:internal/modules/cjs/loader:1075
  throw err;
  ^

Error: Cannot find module &apos;../node_modules/@teambit/bit/dist/app&apos;
Require stack:
- /Users/nitsancohen/.bvm/versions/0.2.29/bit-0.2.29/node_modules/@teambit/legacy/bin/bit.js
    at Module._resolveFilename (node:internal/modules/cjs/loader:1072:15)
    at Module._load (node:internal/modules/cjs/loader:925:27)
    at Module.require (node:internal/modules/cjs/loader:1139:19)
    at require (node:internal/modules/helpers:121:18)
    at Object.&lt;anonymous&gt; (/Users/nitsancohen/.bvm/versions/0.2.29/bit-0.2.29/node_modules/@teambit/legacy/bin/bit.js:3:1)
    at Module._compile (node:internal/modules/cjs/loader:1257:14)
    at Module._extensions..js (node:internal/modules/cjs/loader:1311:10)
    at Module.load (node:internal/modules/cjs/loader:1115:32)
    at Module._load (node:internal/modules/cjs/loader:962:12)
    at Function.executeUserEntryPoint [as runMain] (node:internal/modules/run_main:83:12) {
  code: &apos;MODULE_NOT_FOUND&apos;,
  requireStack: [
    &apos;/Users/nitsancohen/.bvm/versions/0.2.29/bit-0.2.29/node_modules/@teambit/legacy/bin/bit.js&apos;
  ]
}

Node.js v20.3.1
" type="Error"><![CDATA[Error: Command failed: bit init
node:internal/modules/cjs/loader:1075
  throw err;
  ^

Error: Cannot find module '../node_modules/@teambit/bit/dist/app'
Require stack:
- /Users/nitsancohen/.bvm/versions/0.2.29/bit-0.2.29/node_modules/@teambit/legacy/bin/bit.js
    at Module._resolveFilename (node:internal/modules/cjs/loader:1072:15)
    at Module._load (node:internal/modules/cjs/loader:925:27)
    at Module.require (node:internal/modules/cjs/loader:1139:19)
    at require (node:internal/modules/helpers:121:18)
    at Object.<anonymous> (/Users/nitsancohen/.bvm/versions/0.2.29/bit-0.2.29/node_modules/@teambit/legacy/bin/bit.js:3:1)
    at Module._compile (node:internal/modules/cjs/loader:1257:14)
    at Module._extensions..js (node:internal/modules/cjs/loader:1311:10)
    at Module.load (node:internal/modules/cjs/loader:1115:32)
    at Module._load (node:internal/modules/cjs/loader:962:12)
    at Function.executeUserEntryPoint [as runMain] (node:internal/modules/run_main:83:12) {
  code: 'MODULE_NOT_FOUND',
  requireStack: [
    '/Users/nitsancohen/.bvm/versions/0.2.29/bit-0.2.29/node_modules/@teambit/legacy/bin/bit.js'
  ]
}

Node.js v20.3.1

    at checkExecSyncError (node:child_process:885:11)
    at Object.execSync (node:child_process:957:15)
    at CommandHelper.runCmd (src/e2e-helper/e2e-command-helper.ts:64:22)
    at ScopeHelper.initWorkspace (src/e2e-helper/e2e-scope-helper.ts:126:25)
    at ScopeHelper.reInitLocalScope (src/e2e-helper/e2e-scope-helper.ts:87:10)
    at ScopeHelper.setNewLocalAndRemoteScopes (src/e2e-helper/e2e-scope-helper.ts:141:10)
    at Context.<anonymous> (e2e/harmony/tag-harmony.e2e.ts:389:26)
    at processImmediate (node:internal/timers:478:21)]]></failure>
    </testcase>
  </testsuite>
  <testsuite name="soft tag --minor with auto-tag" timestamp="2023-08-21T21:40:53" tests="1" file="/Users/nitsancohen/coding/my-bit/bit/e2e/harmony/tag-harmony.e2e.ts" time="0.0600" failures="1">
    <testcase name="tag components on Harmony soft tag --minor with auto-tag &quot;before all&quot; hook for &quot;should not bump the auto-tagged with minor but with patch&quot;" time="0.0600" classname="&quot;before all&quot; hook for &quot;should not bump the auto-tagged with minor but with patch&quot;">
      <failure message="Command failed: bit init
node:internal/modules/cjs/loader:1075
  throw err;
  ^

Error: Cannot find module &apos;../node_modules/@teambit/bit/dist/app&apos;
Require stack:
- /Users/nitsancohen/.bvm/versions/0.2.29/bit-0.2.29/node_modules/@teambit/legacy/bin/bit.js
    at Module._resolveFilename (node:internal/modules/cjs/loader:1072:15)
    at Module._load (node:internal/modules/cjs/loader:925:27)
    at Module.require (node:internal/modules/cjs/loader:1139:19)
    at require (node:internal/modules/helpers:121:18)
    at Object.&lt;anonymous&gt; (/Users/nitsancohen/.bvm/versions/0.2.29/bit-0.2.29/node_modules/@teambit/legacy/bin/bit.js:3:1)
    at Module._compile (node:internal/modules/cjs/loader:1257:14)
    at Module._extensions..js (node:internal/modules/cjs/loader:1311:10)
    at Module.load (node:internal/modules/cjs/loader:1115:32)
    at Module._load (node:internal/modules/cjs/loader:962:12)
    at Function.executeUserEntryPoint [as runMain] (node:internal/modules/run_main:83:12) {
  code: &apos;MODULE_NOT_FOUND&apos;,
  requireStack: [
    &apos;/Users/nitsancohen/.bvm/versions/0.2.29/bit-0.2.29/node_modules/@teambit/legacy/bin/bit.js&apos;
  ]
}

Node.js v20.3.1
" type="Error"><![CDATA[Error: Command failed: bit init
node:internal/modules/cjs/loader:1075
  throw err;
  ^

Error: Cannot find module '../node_modules/@teambit/bit/dist/app'
Require stack:
- /Users/nitsancohen/.bvm/versions/0.2.29/bit-0.2.29/node_modules/@teambit/legacy/bin/bit.js
    at Module._resolveFilename (node:internal/modules/cjs/loader:1072:15)
    at Module._load (node:internal/modules/cjs/loader:925:27)
    at Module.require (node:internal/modules/cjs/loader:1139:19)
    at require (node:internal/modules/helpers:121:18)
    at Object.<anonymous> (/Users/nitsancohen/.bvm/versions/0.2.29/bit-0.2.29/node_modules/@teambit/legacy/bin/bit.js:3:1)
    at Module._compile (node:internal/modules/cjs/loader:1257:14)
    at Module._extensions..js (node:internal/modules/cjs/loader:1311:10)
    at Module.load (node:internal/modules/cjs/loader:1115:32)
    at Module._load (node:internal/modules/cjs/loader:962:12)
    at Function.executeUserEntryPoint [as runMain] (node:internal/modules/run_main:83:12) {
  code: 'MODULE_NOT_FOUND',
  requireStack: [
    '/Users/nitsancohen/.bvm/versions/0.2.29/bit-0.2.29/node_modules/@teambit/legacy/bin/bit.js'
  ]
}

Node.js v20.3.1

    at checkExecSyncError (node:child_process:885:11)
    at Object.execSync (node:child_process:957:15)
    at CommandHelper.runCmd (src/e2e-helper/e2e-command-helper.ts:64:22)
    at ScopeHelper.initWorkspace (src/e2e-helper/e2e-scope-helper.ts:126:25)
    at ScopeHelper.reInitLocalScope (src/e2e-helper/e2e-scope-helper.ts:87:10)
    at ScopeHelper.setNewLocalAndRemoteScopes (src/e2e-helper/e2e-scope-helper.ts:141:10)
    at Context.<anonymous> (e2e/harmony/tag-harmony.e2e.ts:403:26)
    at processImmediate (node:internal/timers:478:21)]]></failure>
    </testcase>
  </testsuite>
  <testsuite name="with tiny cache" timestamp="2023-08-21T21:40:53" tests="1" file="/Users/nitsancohen/coding/my-bit/bit/e2e/harmony/tag-harmony.e2e.ts" time="0.1190" failures="2">
    <testcase name="tag components on Harmony with tiny cache &quot;before all&quot; hook for &quot;should not throw&quot;" time="0.0590" classname="&quot;before all&quot; hook for &quot;should not throw&quot;">
      <failure message="Command failed: bit init
node:internal/modules/cjs/loader:1075
  throw err;
  ^

Error: Cannot find module &apos;../node_modules/@teambit/bit/dist/app&apos;
Require stack:
- /Users/nitsancohen/.bvm/versions/0.2.29/bit-0.2.29/node_modules/@teambit/legacy/bin/bit.js
    at Module._resolveFilename (node:internal/modules/cjs/loader:1072:15)
    at Module._load (node:internal/modules/cjs/loader:925:27)
    at Module.require (node:internal/modules/cjs/loader:1139:19)
    at require (node:internal/modules/helpers:121:18)
    at Object.&lt;anonymous&gt; (/Users/nitsancohen/.bvm/versions/0.2.29/bit-0.2.29/node_modules/@teambit/legacy/bin/bit.js:3:1)
    at Module._compile (node:internal/modules/cjs/loader:1257:14)
    at Module._extensions..js (node:internal/modules/cjs/loader:1311:10)
    at Module.load (node:internal/modules/cjs/loader:1115:32)
    at Module._load (node:internal/modules/cjs/loader:962:12)
    at Function.executeUserEntryPoint [as runMain] (node:internal/modules/run_main:83:12) {
  code: &apos;MODULE_NOT_FOUND&apos;,
  requireStack: [
    &apos;/Users/nitsancohen/.bvm/versions/0.2.29/bit-0.2.29/node_modules/@teambit/legacy/bin/bit.js&apos;
  ]
}

Node.js v20.3.1
" type="Error"><![CDATA[Error: Command failed: bit init
node:internal/modules/cjs/loader:1075
  throw err;
  ^

Error: Cannot find module '../node_modules/@teambit/bit/dist/app'
Require stack:
- /Users/nitsancohen/.bvm/versions/0.2.29/bit-0.2.29/node_modules/@teambit/legacy/bin/bit.js
    at Module._resolveFilename (node:internal/modules/cjs/loader:1072:15)
    at Module._load (node:internal/modules/cjs/loader:925:27)
    at Module.require (node:internal/modules/cjs/loader:1139:19)
    at require (node:internal/modules/helpers:121:18)
    at Object.<anonymous> (/Users/nitsancohen/.bvm/versions/0.2.29/bit-0.2.29/node_modules/@teambit/legacy/bin/bit.js:3:1)
    at Module._compile (node:internal/modules/cjs/loader:1257:14)
    at Module._extensions..js (node:internal/modules/cjs/loader:1311:10)
    at Module.load (node:internal/modules/cjs/loader:1115:32)
    at Module._load (node:internal/modules/cjs/loader:962:12)
    at Function.executeUserEntryPoint [as runMain] (node:internal/modules/run_main:83:12) {
  code: 'MODULE_NOT_FOUND',
  requireStack: [
    '/Users/nitsancohen/.bvm/versions/0.2.29/bit-0.2.29/node_modules/@teambit/legacy/bin/bit.js'
  ]
}

Node.js v20.3.1

    at checkExecSyncError (node:child_process:885:11)
    at Object.execSync (node:child_process:957:15)
    at CommandHelper.runCmd (src/e2e-helper/e2e-command-helper.ts:64:22)
    at ScopeHelper.initWorkspace (src/e2e-helper/e2e-scope-helper.ts:126:25)
    at ScopeHelper.reInitLocalScope (src/e2e-helper/e2e-scope-helper.ts:87:10)
    at ScopeHelper.setNewLocalAndRemoteScopes (src/e2e-helper/e2e-scope-helper.ts:141:10)
    at Context.<anonymous> (e2e/harmony/tag-harmony.e2e.ts:417:26)
    at processImmediate (node:internal/timers:478:21)]]></failure>
    </testcase>
    <testcase name="tag components on Harmony with tiny cache &quot;after all&quot; hook for &quot;should not throw&quot;" time="0.0600" classname="&quot;after all&quot; hook for &quot;should not throw&quot;">
      <failure message="Command failed: bit config del cache.max.objects
node:internal/modules/cjs/loader:1075
  throw err;
  ^

Error: Cannot find module &apos;../node_modules/@teambit/bit/dist/app&apos;
Require stack:
- /Users/nitsancohen/.bvm/versions/0.2.29/bit-0.2.29/node_modules/@teambit/legacy/bin/bit.js
    at Module._resolveFilename (node:internal/modules/cjs/loader:1072:15)
    at Module._load (node:internal/modules/cjs/loader:925:27)
    at Module.require (node:internal/modules/cjs/loader:1139:19)
    at require (node:internal/modules/helpers:121:18)
    at Object.&lt;anonymous&gt; (/Users/nitsancohen/.bvm/versions/0.2.29/bit-0.2.29/node_modules/@teambit/legacy/bin/bit.js:3:1)
    at Module._compile (node:internal/modules/cjs/loader:1257:14)
    at Module._extensions..js (node:internal/modules/cjs/loader:1311:10)
    at Module.load (node:internal/modules/cjs/loader:1115:32)
    at Module._load (node:internal/modules/cjs/loader:962:12)
    at Function.executeUserEntryPoint [as runMain] (node:internal/modules/run_main:83:12) {
  code: &apos;MODULE_NOT_FOUND&apos;,
  requireStack: [
    &apos;/Users/nitsancohen/.bvm/versions/0.2.29/bit-0.2.29/node_modules/@teambit/legacy/bin/bit.js&apos;
  ]
}

Node.js v20.3.1
" type="Error"><![CDATA[Error: Command failed: bit config del cache.max.objects
node:internal/modules/cjs/loader:1075
  throw err;
  ^

Error: Cannot find module '../node_modules/@teambit/bit/dist/app'
Require stack:
- /Users/nitsancohen/.bvm/versions/0.2.29/bit-0.2.29/node_modules/@teambit/legacy/bin/bit.js
    at Module._resolveFilename (node:internal/modules/cjs/loader:1072:15)
    at Module._load (node:internal/modules/cjs/loader:925:27)
    at Module.require (node:internal/modules/cjs/loader:1139:19)
    at require (node:internal/modules/helpers:121:18)
    at Object.<anonymous> (/Users/nitsancohen/.bvm/versions/0.2.29/bit-0.2.29/node_modules/@teambit/legacy/bin/bit.js:3:1)
    at Module._compile (node:internal/modules/cjs/loader:1257:14)
    at Module._extensions..js (node:internal/modules/cjs/loader:1311:10)
    at Module.load (node:internal/modules/cjs/loader:1115:32)
    at Module._load (node:internal/modules/cjs/loader:962:12)
    at Function.executeUserEntryPoint [as runMain] (node:internal/modules/run_main:83:12) {
  code: 'MODULE_NOT_FOUND',
  requireStack: [
    '/Users/nitsancohen/.bvm/versions/0.2.29/bit-0.2.29/node_modules/@teambit/legacy/bin/bit.js'
  ]
}

Node.js v20.3.1

    at checkExecSyncError (node:child_process:885:11)
    at Object.execSync (node:child_process:957:15)
    at CommandHelper.runCmd (src/e2e-helper/e2e-command-helper.ts:64:22)
    at Context.<anonymous> (e2e/harmony/tag-harmony.e2e.ts:424:22)
    at processImmediate (node:internal/timers:478:21)]]></failure>
    </testcase>
  </testsuite>
  <testsuite name="package.json update" timestamp="2023-08-21T21:40:53" tests="1" file="/Users/nitsancohen/coding/my-bit/bit/e2e/harmony/tag-harmony.e2e.ts" time="0.0600" failures="1">
    <testcase name="tag components on Harmony package.json update &quot;before all&quot; hook for &quot;should update package.json on the workspace with the new tag&quot;" time="0.0600" classname="&quot;before all&quot; hook for &quot;should update package.json on the workspace with the new tag&quot;">
      <failure message="Command failed: bit init
node:internal/modules/cjs/loader:1075
  throw err;
  ^

Error: Cannot find module &apos;../node_modules/@teambit/bit/dist/app&apos;
Require stack:
- /Users/nitsancohen/.bvm/versions/0.2.29/bit-0.2.29/node_modules/@teambit/legacy/bin/bit.js
    at Module._resolveFilename (node:internal/modules/cjs/loader:1072:15)
    at Module._load (node:internal/modules/cjs/loader:925:27)
    at Module.require (node:internal/modules/cjs/loader:1139:19)
    at require (node:internal/modules/helpers:121:18)
    at Object.&lt;anonymous&gt; (/Users/nitsancohen/.bvm/versions/0.2.29/bit-0.2.29/node_modules/@teambit/legacy/bin/bit.js:3:1)
    at Module._compile (node:internal/modules/cjs/loader:1257:14)
    at Module._extensions..js (node:internal/modules/cjs/loader:1311:10)
    at Module.load (node:internal/modules/cjs/loader:1115:32)
    at Module._load (node:internal/modules/cjs/loader:962:12)
    at Function.executeUserEntryPoint [as runMain] (node:internal/modules/run_main:83:12) {
  code: &apos;MODULE_NOT_FOUND&apos;,
  requireStack: [
    &apos;/Users/nitsancohen/.bvm/versions/0.2.29/bit-0.2.29/node_modules/@teambit/legacy/bin/bit.js&apos;
  ]
}

Node.js v20.3.1
" type="Error"><![CDATA[Error: Command failed: bit init
node:internal/modules/cjs/loader:1075
  throw err;
  ^

Error: Cannot find module '../node_modules/@teambit/bit/dist/app'
Require stack:
- /Users/nitsancohen/.bvm/versions/0.2.29/bit-0.2.29/node_modules/@teambit/legacy/bin/bit.js
    at Module._resolveFilename (node:internal/modules/cjs/loader:1072:15)
    at Module._load (node:internal/modules/cjs/loader:925:27)
    at Module.require (node:internal/modules/cjs/loader:1139:19)
    at require (node:internal/modules/helpers:121:18)
    at Object.<anonymous> (/Users/nitsancohen/.bvm/versions/0.2.29/bit-0.2.29/node_modules/@teambit/legacy/bin/bit.js:3:1)
    at Module._compile (node:internal/modules/cjs/loader:1257:14)
    at Module._extensions..js (node:internal/modules/cjs/loader:1311:10)
    at Module.load (node:internal/modules/cjs/loader:1115:32)
    at Module._load (node:internal/modules/cjs/loader:962:12)
    at Function.executeUserEntryPoint [as runMain] (node:internal/modules/run_main:83:12) {
  code: 'MODULE_NOT_FOUND',
  requireStack: [
    '/Users/nitsancohen/.bvm/versions/0.2.29/bit-0.2.29/node_modules/@teambit/legacy/bin/bit.js'
  ]
}

Node.js v20.3.1

    at checkExecSyncError (node:child_process:885:11)
    at Object.execSync (node:child_process:957:15)
    at CommandHelper.runCmd (src/e2e-helper/e2e-command-helper.ts:64:22)
    at ScopeHelper.initWorkspace (src/e2e-helper/e2e-scope-helper.ts:126:25)
    at ScopeHelper.reInitLocalScope (src/e2e-helper/e2e-scope-helper.ts:87:10)
    at ScopeHelper.setNewLocalAndRemoteScopes (src/e2e-helper/e2e-scope-helper.ts:141:10)
    at Context.<anonymous> (e2e/harmony/tag-harmony.e2e.ts:434:26)
    at processImmediate (node:internal/timers:478:21)]]></failure>
    </testcase>
  </testsuite>
  <testsuite name="test command on Harmony" timestamp="2023-08-21T21:40:53" tests="0" file="/Users/nitsancohen/coding/my-bit/bit/e2e/harmony/test-harmony.e2e.ts" time="0.0000" failures="0">
  </testsuite>
  <testsuite name="component with an empty test file" timestamp="2023-08-21T21:40:53" tests="1" file="/Users/nitsancohen/coding/my-bit/bit/e2e/harmony/test-harmony.e2e.ts" time="0.0590" failures="1">
    <testcase name="test command on Harmony component with an empty test file &quot;before all&quot; hook for &quot;--junit should show the error&quot;" time="0.0590" classname="&quot;before all&quot; hook for &quot;--junit should show the error&quot;">
      <failure message="Command failed: bit init
node:internal/modules/cjs/loader:1075
  throw err;
  ^

Error: Cannot find module &apos;../node_modules/@teambit/bit/dist/app&apos;
Require stack:
- /Users/nitsancohen/.bvm/versions/0.2.29/bit-0.2.29/node_modules/@teambit/legacy/bin/bit.js
    at Module._resolveFilename (node:internal/modules/cjs/loader:1072:15)
    at Module._load (node:internal/modules/cjs/loader:925:27)
    at Module.require (node:internal/modules/cjs/loader:1139:19)
    at require (node:internal/modules/helpers:121:18)
    at Object.&lt;anonymous&gt; (/Users/nitsancohen/.bvm/versions/0.2.29/bit-0.2.29/node_modules/@teambit/legacy/bin/bit.js:3:1)
    at Module._compile (node:internal/modules/cjs/loader:1257:14)
    at Module._extensions..js (node:internal/modules/cjs/loader:1311:10)
    at Module.load (node:internal/modules/cjs/loader:1115:32)
    at Module._load (node:internal/modules/cjs/loader:962:12)
    at Function.executeUserEntryPoint [as runMain] (node:internal/modules/run_main:83:12) {
  code: &apos;MODULE_NOT_FOUND&apos;,
  requireStack: [
    &apos;/Users/nitsancohen/.bvm/versions/0.2.29/bit-0.2.29/node_modules/@teambit/legacy/bin/bit.js&apos;
  ]
}

Node.js v20.3.1
" type="Error"><![CDATA[Error: Command failed: bit init
node:internal/modules/cjs/loader:1075
  throw err;
  ^

Error: Cannot find module '../node_modules/@teambit/bit/dist/app'
Require stack:
- /Users/nitsancohen/.bvm/versions/0.2.29/bit-0.2.29/node_modules/@teambit/legacy/bin/bit.js
    at Module._resolveFilename (node:internal/modules/cjs/loader:1072:15)
    at Module._load (node:internal/modules/cjs/loader:925:27)
    at Module.require (node:internal/modules/cjs/loader:1139:19)
    at require (node:internal/modules/helpers:121:18)
    at Object.<anonymous> (/Users/nitsancohen/.bvm/versions/0.2.29/bit-0.2.29/node_modules/@teambit/legacy/bin/bit.js:3:1)
    at Module._compile (node:internal/modules/cjs/loader:1257:14)
    at Module._extensions..js (node:internal/modules/cjs/loader:1311:10)
    at Module.load (node:internal/modules/cjs/loader:1115:32)
    at Module._load (node:internal/modules/cjs/loader:962:12)
    at Function.executeUserEntryPoint [as runMain] (node:internal/modules/run_main:83:12) {
  code: 'MODULE_NOT_FOUND',
  requireStack: [
    '/Users/nitsancohen/.bvm/versions/0.2.29/bit-0.2.29/node_modules/@teambit/legacy/bin/bit.js'
  ]
}

Node.js v20.3.1

    at checkExecSyncError (node:child_process:885:11)
    at Object.execSync (node:child_process:957:15)
    at CommandHelper.runCmd (src/e2e-helper/e2e-command-helper.ts:64:22)
    at ScopeHelper.initWorkspace (src/e2e-helper/e2e-scope-helper.ts:126:25)
    at ScopeHelper.reInitLocalScope (src/e2e-helper/e2e-scope-helper.ts:87:10)
    at Context.<anonymous> (e2e/harmony/test-harmony.e2e.ts:17:26)
    at processImmediate (node:internal/timers:478:21)]]></failure>
    </testcase>
  </testsuite>
  <testsuite name="track directories functionality" timestamp="2023-08-21T21:40:53" tests="0" file="/Users/nitsancohen/coding/my-bit/bit/e2e/harmony/track-directories-harmony.e2e.ts" time="0.0000" failures="0">
  </testsuite>
  <testsuite name="add a directory as authored" timestamp="2023-08-21T21:40:53" tests="1" file="/Users/nitsancohen/coding/my-bit/bit/e2e/harmony/track-directories-harmony.e2e.ts" time="0.0590" failures="1">
    <testcase name="track directories functionality add a directory as authored &quot;before all&quot; hook for &quot;should add the directory as rootDir in bitmap file&quot;" time="0.0590" classname="&quot;before all&quot; hook for &quot;should add the directory as rootDir in bitmap file&quot;">
      <failure message="Command failed: bit init
node:internal/modules/cjs/loader:1075
  throw err;
  ^

Error: Cannot find module &apos;../node_modules/@teambit/bit/dist/app&apos;
Require stack:
- /Users/nitsancohen/.bvm/versions/0.2.29/bit-0.2.29/node_modules/@teambit/legacy/bin/bit.js
    at Module._resolveFilename (node:internal/modules/cjs/loader:1072:15)
    at Module._load (node:internal/modules/cjs/loader:925:27)
    at Module.require (node:internal/modules/cjs/loader:1139:19)
    at require (node:internal/modules/helpers:121:18)
    at Object.&lt;anonymous&gt; (/Users/nitsancohen/.bvm/versions/0.2.29/bit-0.2.29/node_modules/@teambit/legacy/bin/bit.js:3:1)
    at Module._compile (node:internal/modules/cjs/loader:1257:14)
    at Module._extensions..js (node:internal/modules/cjs/loader:1311:10)
    at Module.load (node:internal/modules/cjs/loader:1115:32)
    at Module._load (node:internal/modules/cjs/loader:962:12)
    at Function.executeUserEntryPoint [as runMain] (node:internal/modules/run_main:83:12) {
  code: &apos;MODULE_NOT_FOUND&apos;,
  requireStack: [
    &apos;/Users/nitsancohen/.bvm/versions/0.2.29/bit-0.2.29/node_modules/@teambit/legacy/bin/bit.js&apos;
  ]
}

Node.js v20.3.1
" type="Error"><![CDATA[Error: Command failed: bit init
node:internal/modules/cjs/loader:1075
  throw err;
  ^

Error: Cannot find module '../node_modules/@teambit/bit/dist/app'
Require stack:
- /Users/nitsancohen/.bvm/versions/0.2.29/bit-0.2.29/node_modules/@teambit/legacy/bin/bit.js
    at Module._resolveFilename (node:internal/modules/cjs/loader:1072:15)
    at Module._load (node:internal/modules/cjs/loader:925:27)
    at Module.require (node:internal/modules/cjs/loader:1139:19)
    at require (node:internal/modules/helpers:121:18)
    at Object.<anonymous> (/Users/nitsancohen/.bvm/versions/0.2.29/bit-0.2.29/node_modules/@teambit/legacy/bin/bit.js:3:1)
    at Module._compile (node:internal/modules/cjs/loader:1257:14)
    at Module._extensions..js (node:internal/modules/cjs/loader:1311:10)
    at Module.load (node:internal/modules/cjs/loader:1115:32)
    at Module._load (node:internal/modules/cjs/loader:962:12)
    at Function.executeUserEntryPoint [as runMain] (node:internal/modules/run_main:83:12) {
  code: 'MODULE_NOT_FOUND',
  requireStack: [
    '/Users/nitsancohen/.bvm/versions/0.2.29/bit-0.2.29/node_modules/@teambit/legacy/bin/bit.js'
  ]
}

Node.js v20.3.1

    at checkExecSyncError (node:child_process:885:11)
    at Object.execSync (node:child_process:957:15)
    at CommandHelper.runCmd (src/e2e-helper/e2e-command-helper.ts:64:22)
    at ScopeHelper.initWorkspace (src/e2e-helper/e2e-scope-helper.ts:126:25)
    at ScopeHelper.reInitLocalScope (src/e2e-helper/e2e-scope-helper.ts:87:10)
    at ScopeHelper.setNewLocalAndRemoteScopes (src/e2e-helper/e2e-scope-helper.ts:141:10)
    at Context.<anonymous> (e2e/harmony/track-directories-harmony.e2e.ts:20:26)
    at processImmediate (node:internal/timers:478:21)]]></failure>
    </testcase>
  </testsuite>
  <testsuite name="add multiple directories" timestamp="2023-08-21T21:40:53" tests="1" file="/Users/nitsancohen/coding/my-bit/bit/e2e/harmony/track-directories-harmony.e2e.ts" time="0.0610" failures="1">
    <testcase name="track directories functionality add multiple directories &quot;before all&quot; hook for &quot;should add rootDir property for each one of the directories&quot;" time="0.0610" classname="&quot;before all&quot; hook for &quot;should add rootDir property for each one of the directories&quot;">
      <failure message="Command failed: bit init
node:internal/modules/cjs/loader:1075
  throw err;
  ^

Error: Cannot find module &apos;../node_modules/@teambit/bit/dist/app&apos;
Require stack:
- /Users/nitsancohen/.bvm/versions/0.2.29/bit-0.2.29/node_modules/@teambit/legacy/bin/bit.js
    at Module._resolveFilename (node:internal/modules/cjs/loader:1072:15)
    at Module._load (node:internal/modules/cjs/loader:925:27)
    at Module.require (node:internal/modules/cjs/loader:1139:19)
    at require (node:internal/modules/helpers:121:18)
    at Object.&lt;anonymous&gt; (/Users/nitsancohen/.bvm/versions/0.2.29/bit-0.2.29/node_modules/@teambit/legacy/bin/bit.js:3:1)
    at Module._compile (node:internal/modules/cjs/loader:1257:14)
    at Module._extensions..js (node:internal/modules/cjs/loader:1311:10)
    at Module.load (node:internal/modules/cjs/loader:1115:32)
    at Module._load (node:internal/modules/cjs/loader:962:12)
    at Function.executeUserEntryPoint [as runMain] (node:internal/modules/run_main:83:12) {
  code: &apos;MODULE_NOT_FOUND&apos;,
  requireStack: [
    &apos;/Users/nitsancohen/.bvm/versions/0.2.29/bit-0.2.29/node_modules/@teambit/legacy/bin/bit.js&apos;
  ]
}

Node.js v20.3.1
" type="Error"><![CDATA[Error: Command failed: bit init
node:internal/modules/cjs/loader:1075
  throw err;
  ^

Error: Cannot find module '../node_modules/@teambit/bit/dist/app'
Require stack:
- /Users/nitsancohen/.bvm/versions/0.2.29/bit-0.2.29/node_modules/@teambit/legacy/bin/bit.js
    at Module._resolveFilename (node:internal/modules/cjs/loader:1072:15)
    at Module._load (node:internal/modules/cjs/loader:925:27)
    at Module.require (node:internal/modules/cjs/loader:1139:19)
    at require (node:internal/modules/helpers:121:18)
    at Object.<anonymous> (/Users/nitsancohen/.bvm/versions/0.2.29/bit-0.2.29/node_modules/@teambit/legacy/bin/bit.js:3:1)
    at Module._compile (node:internal/modules/cjs/loader:1257:14)
    at Module._extensions..js (node:internal/modules/cjs/loader:1311:10)
    at Module.load (node:internal/modules/cjs/loader:1115:32)
    at Module._load (node:internal/modules/cjs/loader:962:12)
    at Function.executeUserEntryPoint [as runMain] (node:internal/modules/run_main:83:12) {
  code: 'MODULE_NOT_FOUND',
  requireStack: [
    '/Users/nitsancohen/.bvm/versions/0.2.29/bit-0.2.29/node_modules/@teambit/legacy/bin/bit.js'
  ]
}

Node.js v20.3.1

    at checkExecSyncError (node:child_process:885:11)
    at Object.execSync (node:child_process:957:15)
    at CommandHelper.runCmd (src/e2e-helper/e2e-command-helper.ts:64:22)
    at ScopeHelper.initWorkspace (src/e2e-helper/e2e-scope-helper.ts:126:25)
    at ScopeHelper.reInitLocalScope (src/e2e-helper/e2e-scope-helper.ts:87:10)
    at Context.<anonymous> (e2e/harmony/track-directories-harmony.e2e.ts:170:26)
    at processImmediate (node:internal/timers:478:21)]]></failure>
    </testcase>
  </testsuite>
  <testsuite name="adding files to sub-directories" timestamp="2023-08-21T21:40:53" tests="1" file="/Users/nitsancohen/coding/my-bit/bit/e2e/harmony/track-directories-harmony.e2e.ts" time="0.0600" failures="1">
    <testcase name="track directories functionality adding files to sub-directories &quot;before all&quot; hook for &quot;the files on the sub-dir should be auto-tracked&quot;" time="0.0600" classname="&quot;before all&quot; hook for &quot;the files on the sub-dir should be auto-tracked&quot;">
      <failure message="Command failed: bit init
node:internal/modules/cjs/loader:1075
  throw err;
  ^

Error: Cannot find module &apos;../node_modules/@teambit/bit/dist/app&apos;
Require stack:
- /Users/nitsancohen/.bvm/versions/0.2.29/bit-0.2.29/node_modules/@teambit/legacy/bin/bit.js
    at Module._resolveFilename (node:internal/modules/cjs/loader:1072:15)
    at Module._load (node:internal/modules/cjs/loader:925:27)
    at Module.require (node:internal/modules/cjs/loader:1139:19)
    at require (node:internal/modules/helpers:121:18)
    at Object.&lt;anonymous&gt; (/Users/nitsancohen/.bvm/versions/0.2.29/bit-0.2.29/node_modules/@teambit/legacy/bin/bit.js:3:1)
    at Module._compile (node:internal/modules/cjs/loader:1257:14)
    at Module._extensions..js (node:internal/modules/cjs/loader:1311:10)
    at Module.load (node:internal/modules/cjs/loader:1115:32)
    at Module._load (node:internal/modules/cjs/loader:962:12)
    at Function.executeUserEntryPoint [as runMain] (node:internal/modules/run_main:83:12) {
  code: &apos;MODULE_NOT_FOUND&apos;,
  requireStack: [
    &apos;/Users/nitsancohen/.bvm/versions/0.2.29/bit-0.2.29/node_modules/@teambit/legacy/bin/bit.js&apos;
  ]
}

Node.js v20.3.1
" type="Error"><![CDATA[Error: Command failed: bit init
node:internal/modules/cjs/loader:1075
  throw err;
  ^

Error: Cannot find module '../node_modules/@teambit/bit/dist/app'
Require stack:
- /Users/nitsancohen/.bvm/versions/0.2.29/bit-0.2.29/node_modules/@teambit/legacy/bin/bit.js
    at Module._resolveFilename (node:internal/modules/cjs/loader:1072:15)
    at Module._load (node:internal/modules/cjs/loader:925:27)
    at Module.require (node:internal/modules/cjs/loader:1139:19)
    at require (node:internal/modules/helpers:121:18)
    at Object.<anonymous> (/Users/nitsancohen/.bvm/versions/0.2.29/bit-0.2.29/node_modules/@teambit/legacy/bin/bit.js:3:1)
    at Module._compile (node:internal/modules/cjs/loader:1257:14)
    at Module._extensions..js (node:internal/modules/cjs/loader:1311:10)
    at Module.load (node:internal/modules/cjs/loader:1115:32)
    at Module._load (node:internal/modules/cjs/loader:962:12)
    at Function.executeUserEntryPoint [as runMain] (node:internal/modules/run_main:83:12) {
  code: 'MODULE_NOT_FOUND',
  requireStack: [
    '/Users/nitsancohen/.bvm/versions/0.2.29/bit-0.2.29/node_modules/@teambit/legacy/bin/bit.js'
  ]
}

Node.js v20.3.1

    at checkExecSyncError (node:child_process:885:11)
    at Object.execSync (node:child_process:957:15)
    at CommandHelper.runCmd (src/e2e-helper/e2e-command-helper.ts:64:22)
    at ScopeHelper.initWorkspace (src/e2e-helper/e2e-scope-helper.ts:126:25)
    at ScopeHelper.reInitLocalScope (src/e2e-helper/e2e-scope-helper.ts:87:10)
    at Context.<anonymous> (e2e/harmony/track-directories-harmony.e2e.ts:190:26)
    at processImmediate (node:internal/timers:478:21)]]></failure>
    </testcase>
  </testsuite>
  <testsuite name="TsServer component" timestamp="2023-08-21T21:40:53" tests="0" file="/Users/nitsancohen/coding/my-bit/bit/e2e/harmony/typescript-tsserver.e2e.ts" time="0.0000" failures="0">
  </testsuite>
  <testsuite name="tsserver" timestamp="2023-08-21T21:40:53" tests="3" file="/Users/nitsancohen/coding/my-bit/bit/e2e/harmony/typescript-tsserver.e2e.ts" time="0.0610" failures="2">
    <testcase name="TsServer component tsserver &quot;before all&quot; hook for &quot;should provide an API for quickInfo&quot;" time="0.0610" classname="&quot;before all&quot; hook for &quot;should provide an API for quickInfo&quot;">
      <failure message="Command failed: bit init
node:internal/modules/cjs/loader:1075
  throw err;
  ^

Error: Cannot find module &apos;../node_modules/@teambit/bit/dist/app&apos;
Require stack:
- /Users/nitsancohen/.bvm/versions/0.2.29/bit-0.2.29/node_modules/@teambit/legacy/bin/bit.js
    at Module._resolveFilename (node:internal/modules/cjs/loader:1072:15)
    at Module._load (node:internal/modules/cjs/loader:925:27)
    at Module.require (node:internal/modules/cjs/loader:1139:19)
    at require (node:internal/modules/helpers:121:18)
    at Object.&lt;anonymous&gt; (/Users/nitsancohen/.bvm/versions/0.2.29/bit-0.2.29/node_modules/@teambit/legacy/bin/bit.js:3:1)
    at Module._compile (node:internal/modules/cjs/loader:1257:14)
    at Module._extensions..js (node:internal/modules/cjs/loader:1311:10)
    at Module.load (node:internal/modules/cjs/loader:1115:32)
    at Module._load (node:internal/modules/cjs/loader:962:12)
    at Function.executeUserEntryPoint [as runMain] (node:internal/modules/run_main:83:12) {
  code: &apos;MODULE_NOT_FOUND&apos;,
  requireStack: [
    &apos;/Users/nitsancohen/.bvm/versions/0.2.29/bit-0.2.29/node_modules/@teambit/legacy/bin/bit.js&apos;
  ]
}

Node.js v20.3.1
" type="Error"><![CDATA[Error: Command failed: bit init
node:internal/modules/cjs/loader:1075
  throw err;
  ^

Error: Cannot find module '../node_modules/@teambit/bit/dist/app'
Require stack:
- /Users/nitsancohen/.bvm/versions/0.2.29/bit-0.2.29/node_modules/@teambit/legacy/bin/bit.js
    at Module._resolveFilename (node:internal/modules/cjs/loader:1072:15)
    at Module._load (node:internal/modules/cjs/loader:925:27)
    at Module.require (node:internal/modules/cjs/loader:1139:19)
    at require (node:internal/modules/helpers:121:18)
    at Object.<anonymous> (/Users/nitsancohen/.bvm/versions/0.2.29/bit-0.2.29/node_modules/@teambit/legacy/bin/bit.js:3:1)
    at Module._compile (node:internal/modules/cjs/loader:1257:14)
    at Module._extensions..js (node:internal/modules/cjs/loader:1311:10)
    at Module.load (node:internal/modules/cjs/loader:1115:32)
    at Module._load (node:internal/modules/cjs/loader:962:12)
    at Function.executeUserEntryPoint [as runMain] (node:internal/modules/run_main:83:12) {
  code: 'MODULE_NOT_FOUND',
  requireStack: [
    '/Users/nitsancohen/.bvm/versions/0.2.29/bit-0.2.29/node_modules/@teambit/legacy/bin/bit.js'
  ]
}

Node.js v20.3.1

    at checkExecSyncError (node:child_process:885:11)
    at Object.execSync (node:child_process:957:15)
    at CommandHelper.runCmd (src/e2e-helper/e2e-command-helper.ts:64:22)
    at ScopeHelper.initWorkspace (src/e2e-helper/e2e-scope-helper.ts:126:25)
    at ScopeHelper.reInitLocalScope (src/e2e-helper/e2e-scope-helper.ts:87:10)
    at Context.<anonymous> (e2e/harmony/typescript-tsserver.e2e.ts:21:26)
    at processImmediate (node:internal/timers:478:21)]]></failure>
    </testcase>
    <testcase name="TsServer component tsserver &quot;after all&quot; hook for &quot;should provide an API for References&quot;" time="0.0000" classname="&quot;after all&quot; hook for &quot;should provide an API for References&quot;">
      <failure message="Cannot read properties of undefined (reading &apos;killTsServer&apos;)" type="TypeError"><![CDATA[TypeError: Cannot read properties of undefined (reading 'killTsServer')
    at Context.<anonymous> (e2e/harmony/typescript-tsserver.e2e.ts:37:16)
    at processImmediate (node:internal/timers:478:21)]]></failure>
    </testcase>
  </testsuite>
  <testsuite name="uninstall command" timestamp="2023-08-21T21:40:54" tests="0" file="/Users/nitsancohen/coding/my-bit/bit/e2e/harmony/uninstall-cmd.e2e.ts" time="0.0000" failures="0">
  </testsuite>
  <testsuite name="root policies removed" timestamp="2023-08-21T21:40:54" tests="2" file="/Users/nitsancohen/coding/my-bit/bit/e2e/harmony/uninstall-cmd.e2e.ts" time="0.0590" failures="1">
    <testcase name="uninstall command root policies removed &quot;before all&quot; hook for &quot;should remove packages from node_modules that were uninstalled&quot;" time="0.0590" classname="&quot;before all&quot; hook for &quot;should remove packages from node_modules that were uninstalled&quot;">
      <failure message="Command failed: bit init
node:internal/modules/cjs/loader:1075
  throw err;
  ^

Error: Cannot find module &apos;../node_modules/@teambit/bit/dist/app&apos;
Require stack:
- /Users/nitsancohen/.bvm/versions/0.2.29/bit-0.2.29/node_modules/@teambit/legacy/bin/bit.js
    at Module._resolveFilename (node:internal/modules/cjs/loader:1072:15)
    at Module._load (node:internal/modules/cjs/loader:925:27)
    at Module.require (node:internal/modules/cjs/loader:1139:19)
    at require (node:internal/modules/helpers:121:18)
    at Object.&lt;anonymous&gt; (/Users/nitsancohen/.bvm/versions/0.2.29/bit-0.2.29/node_modules/@teambit/legacy/bin/bit.js:3:1)
    at Module._compile (node:internal/modules/cjs/loader:1257:14)
    at Module._extensions..js (node:internal/modules/cjs/loader:1311:10)
    at Module.load (node:internal/modules/cjs/loader:1115:32)
    at Module._load (node:internal/modules/cjs/loader:962:12)
    at Function.executeUserEntryPoint [as runMain] (node:internal/modules/run_main:83:12) {
  code: &apos;MODULE_NOT_FOUND&apos;,
  requireStack: [
    &apos;/Users/nitsancohen/.bvm/versions/0.2.29/bit-0.2.29/node_modules/@teambit/legacy/bin/bit.js&apos;
  ]
}

Node.js v20.3.1
" type="Error"><![CDATA[Error: Command failed: bit init
node:internal/modules/cjs/loader:1075
  throw err;
  ^

Error: Cannot find module '../node_modules/@teambit/bit/dist/app'
Require stack:
- /Users/nitsancohen/.bvm/versions/0.2.29/bit-0.2.29/node_modules/@teambit/legacy/bin/bit.js
    at Module._resolveFilename (node:internal/modules/cjs/loader:1072:15)
    at Module._load (node:internal/modules/cjs/loader:925:27)
    at Module.require (node:internal/modules/cjs/loader:1139:19)
    at require (node:internal/modules/helpers:121:18)
    at Object.<anonymous> (/Users/nitsancohen/.bvm/versions/0.2.29/bit-0.2.29/node_modules/@teambit/legacy/bin/bit.js:3:1)
    at Module._compile (node:internal/modules/cjs/loader:1257:14)
    at Module._extensions..js (node:internal/modules/cjs/loader:1311:10)
    at Module.load (node:internal/modules/cjs/loader:1115:32)
    at Module._load (node:internal/modules/cjs/loader:962:12)
    at Function.executeUserEntryPoint [as runMain] (node:internal/modules/run_main:83:12) {
  code: 'MODULE_NOT_FOUND',
  requireStack: [
    '/Users/nitsancohen/.bvm/versions/0.2.29/bit-0.2.29/node_modules/@teambit/legacy/bin/bit.js'
  ]
}

Node.js v20.3.1

    at checkExecSyncError (node:child_process:885:11)
    at Object.execSync (node:child_process:957:15)
    at CommandHelper.runCmd (src/e2e-helper/e2e-command-helper.ts:64:22)
    at ScopeHelper.initWorkspace (src/e2e-helper/e2e-scope-helper.ts:126:25)
    at ScopeHelper.reInitLocalScope (src/e2e-helper/e2e-scope-helper.ts:87:10)
    at Context.<anonymous> (e2e/harmony/uninstall-cmd.e2e.ts:18:26)
    at processImmediate (node:internal/timers:478:21)]]></failure>
    </testcase>
  </testsuite>
  <testsuite name="untag components on Harmony" timestamp="2023-08-21T21:40:54" tests="0" file="/Users/nitsancohen/coding/my-bit/bit/e2e/harmony/untag-harmony.e2e.ts" time="0.0000" failures="0">
  </testsuite>
  <testsuite name="when an old version is missing from the scope" timestamp="2023-08-21T21:40:54" tests="1" file="/Users/nitsancohen/coding/my-bit/bit/e2e/harmony/untag-harmony.e2e.ts" time="0.0590" failures="1">
    <testcase name="untag components on Harmony when an old version is missing from the scope &quot;before all&quot; hook for &quot;should untag successfully with no errors&quot;" time="0.0590" classname="&quot;before all&quot; hook for &quot;should untag successfully with no errors&quot;">
      <failure message="Command failed: bit init
node:internal/modules/cjs/loader:1075
  throw err;
  ^

Error: Cannot find module &apos;../node_modules/@teambit/bit/dist/app&apos;
Require stack:
- /Users/nitsancohen/.bvm/versions/0.2.29/bit-0.2.29/node_modules/@teambit/legacy/bin/bit.js
    at Module._resolveFilename (node:internal/modules/cjs/loader:1072:15)
    at Module._load (node:internal/modules/cjs/loader:925:27)
    at Module.require (node:internal/modules/cjs/loader:1139:19)
    at require (node:internal/modules/helpers:121:18)
    at Object.&lt;anonymous&gt; (/Users/nitsancohen/.bvm/versions/0.2.29/bit-0.2.29/node_modules/@teambit/legacy/bin/bit.js:3:1)
    at Module._compile (node:internal/modules/cjs/loader:1257:14)
    at Module._extensions..js (node:internal/modules/cjs/loader:1311:10)
    at Module.load (node:internal/modules/cjs/loader:1115:32)
    at Module._load (node:internal/modules/cjs/loader:962:12)
    at Function.executeUserEntryPoint [as runMain] (node:internal/modules/run_main:83:12) {
  code: &apos;MODULE_NOT_FOUND&apos;,
  requireStack: [
    &apos;/Users/nitsancohen/.bvm/versions/0.2.29/bit-0.2.29/node_modules/@teambit/legacy/bin/bit.js&apos;
  ]
}

Node.js v20.3.1
" type="Error"><![CDATA[Error: Command failed: bit init
node:internal/modules/cjs/loader:1075
  throw err;
  ^

Error: Cannot find module '../node_modules/@teambit/bit/dist/app'
Require stack:
- /Users/nitsancohen/.bvm/versions/0.2.29/bit-0.2.29/node_modules/@teambit/legacy/bin/bit.js
    at Module._resolveFilename (node:internal/modules/cjs/loader:1072:15)
    at Module._load (node:internal/modules/cjs/loader:925:27)
    at Module.require (node:internal/modules/cjs/loader:1139:19)
    at require (node:internal/modules/helpers:121:18)
    at Object.<anonymous> (/Users/nitsancohen/.bvm/versions/0.2.29/bit-0.2.29/node_modules/@teambit/legacy/bin/bit.js:3:1)
    at Module._compile (node:internal/modules/cjs/loader:1257:14)
    at Module._extensions..js (node:internal/modules/cjs/loader:1311:10)
    at Module.load (node:internal/modules/cjs/loader:1115:32)
    at Module._load (node:internal/modules/cjs/loader:962:12)
    at Function.executeUserEntryPoint [as runMain] (node:internal/modules/run_main:83:12) {
  code: 'MODULE_NOT_FOUND',
  requireStack: [
    '/Users/nitsancohen/.bvm/versions/0.2.29/bit-0.2.29/node_modules/@teambit/legacy/bin/bit.js'
  ]
}

Node.js v20.3.1

    at checkExecSyncError (node:child_process:885:11)
    at Object.execSync (node:child_process:957:15)
    at CommandHelper.runCmd (src/e2e-helper/e2e-command-helper.ts:64:22)
    at ScopeHelper.initWorkspace (src/e2e-helper/e2e-scope-helper.ts:126:25)
    at ScopeHelper.reInitLocalScope (src/e2e-helper/e2e-scope-helper.ts:87:10)
    at ScopeHelper.setNewLocalAndRemoteScopes (src/e2e-helper/e2e-scope-helper.ts:141:10)
    at Context.<anonymous> (e2e/harmony/untag-harmony.e2e.ts:17:26)
    at processImmediate (node:internal/timers:478:21)]]></failure>
    </testcase>
  </testsuite>
  <testsuite name="untagging multiple versions" timestamp="2023-08-21T21:40:54" tests="1" file="/Users/nitsancohen/coding/my-bit/bit/e2e/harmony/untag-harmony.e2e.ts" time="0.0590" failures="1">
    <testcase name="untag components on Harmony untagging multiple versions &quot;before all&quot; hook for &quot;should show the component as new only, not as staged nor snapped&quot;" time="0.0590" classname="&quot;before all&quot; hook for &quot;should show the component as new only, not as staged nor snapped&quot;">
      <failure message="Command failed: bit init
node:internal/modules/cjs/loader:1075
  throw err;
  ^

Error: Cannot find module &apos;../node_modules/@teambit/bit/dist/app&apos;
Require stack:
- /Users/nitsancohen/.bvm/versions/0.2.29/bit-0.2.29/node_modules/@teambit/legacy/bin/bit.js
    at Module._resolveFilename (node:internal/modules/cjs/loader:1072:15)
    at Module._load (node:internal/modules/cjs/loader:925:27)
    at Module.require (node:internal/modules/cjs/loader:1139:19)
    at require (node:internal/modules/helpers:121:18)
    at Object.&lt;anonymous&gt; (/Users/nitsancohen/.bvm/versions/0.2.29/bit-0.2.29/node_modules/@teambit/legacy/bin/bit.js:3:1)
    at Module._compile (node:internal/modules/cjs/loader:1257:14)
    at Module._extensions..js (node:internal/modules/cjs/loader:1311:10)
    at Module.load (node:internal/modules/cjs/loader:1115:32)
    at Module._load (node:internal/modules/cjs/loader:962:12)
    at Function.executeUserEntryPoint [as runMain] (node:internal/modules/run_main:83:12) {
  code: &apos;MODULE_NOT_FOUND&apos;,
  requireStack: [
    &apos;/Users/nitsancohen/.bvm/versions/0.2.29/bit-0.2.29/node_modules/@teambit/legacy/bin/bit.js&apos;
  ]
}

Node.js v20.3.1
" type="Error"><![CDATA[Error: Command failed: bit init
node:internal/modules/cjs/loader:1075
  throw err;
  ^

Error: Cannot find module '../node_modules/@teambit/bit/dist/app'
Require stack:
- /Users/nitsancohen/.bvm/versions/0.2.29/bit-0.2.29/node_modules/@teambit/legacy/bin/bit.js
    at Module._resolveFilename (node:internal/modules/cjs/loader:1072:15)
    at Module._load (node:internal/modules/cjs/loader:925:27)
    at Module.require (node:internal/modules/cjs/loader:1139:19)
    at require (node:internal/modules/helpers:121:18)
    at Object.<anonymous> (/Users/nitsancohen/.bvm/versions/0.2.29/bit-0.2.29/node_modules/@teambit/legacy/bin/bit.js:3:1)
    at Module._compile (node:internal/modules/cjs/loader:1257:14)
    at Module._extensions..js (node:internal/modules/cjs/loader:1311:10)
    at Module.load (node:internal/modules/cjs/loader:1115:32)
    at Module._load (node:internal/modules/cjs/loader:962:12)
    at Function.executeUserEntryPoint [as runMain] (node:internal/modules/run_main:83:12) {
  code: 'MODULE_NOT_FOUND',
  requireStack: [
    '/Users/nitsancohen/.bvm/versions/0.2.29/bit-0.2.29/node_modules/@teambit/legacy/bin/bit.js'
  ]
}

Node.js v20.3.1

    at checkExecSyncError (node:child_process:885:11)
    at Object.execSync (node:child_process:957:15)
    at CommandHelper.runCmd (src/e2e-helper/e2e-command-helper.ts:64:22)
    at ScopeHelper.initWorkspace (src/e2e-helper/e2e-scope-helper.ts:126:25)
    at ScopeHelper.reInitLocalScope (src/e2e-helper/e2e-scope-helper.ts:87:10)
    at ScopeHelper.setNewLocalAndRemoteScopes (src/e2e-helper/e2e-scope-helper.ts:141:10)
    at Context.<anonymous> (e2e/harmony/untag-harmony.e2e.ts:37:26)
    at processImmediate (node:internal/timers:478:21)]]></failure>
    </testcase>
  </testsuite>
  <testsuite name="untagging multiple versions when the new head is exported" timestamp="2023-08-21T21:40:54" tests="2" file="/Users/nitsancohen/coding/my-bit/bit/e2e/harmony/untag-harmony.e2e.ts" time="0.0590" failures="1">
    <testcase name="untag components on Harmony untagging multiple versions when the new head is exported &quot;before all&quot; hook for &quot;bit status should be clean&quot;" time="0.0590" classname="&quot;before all&quot; hook for &quot;bit status should be clean&quot;">
      <failure message="Command failed: bit init
node:internal/modules/cjs/loader:1075
  throw err;
  ^

Error: Cannot find module &apos;../node_modules/@teambit/bit/dist/app&apos;
Require stack:
- /Users/nitsancohen/.bvm/versions/0.2.29/bit-0.2.29/node_modules/@teambit/legacy/bin/bit.js
    at Module._resolveFilename (node:internal/modules/cjs/loader:1072:15)
    at Module._load (node:internal/modules/cjs/loader:925:27)
    at Module.require (node:internal/modules/cjs/loader:1139:19)
    at require (node:internal/modules/helpers:121:18)
    at Object.&lt;anonymous&gt; (/Users/nitsancohen/.bvm/versions/0.2.29/bit-0.2.29/node_modules/@teambit/legacy/bin/bit.js:3:1)
    at Module._compile (node:internal/modules/cjs/loader:1257:14)
    at Module._extensions..js (node:internal/modules/cjs/loader:1311:10)
    at Module.load (node:internal/modules/cjs/loader:1115:32)
    at Module._load (node:internal/modules/cjs/loader:962:12)
    at Function.executeUserEntryPoint [as runMain] (node:internal/modules/run_main:83:12) {
  code: &apos;MODULE_NOT_FOUND&apos;,
  requireStack: [
    &apos;/Users/nitsancohen/.bvm/versions/0.2.29/bit-0.2.29/node_modules/@teambit/legacy/bin/bit.js&apos;
  ]
}

Node.js v20.3.1
" type="Error"><![CDATA[Error: Command failed: bit init
node:internal/modules/cjs/loader:1075
  throw err;
  ^

Error: Cannot find module '../node_modules/@teambit/bit/dist/app'
Require stack:
- /Users/nitsancohen/.bvm/versions/0.2.29/bit-0.2.29/node_modules/@teambit/legacy/bin/bit.js
    at Module._resolveFilename (node:internal/modules/cjs/loader:1072:15)
    at Module._load (node:internal/modules/cjs/loader:925:27)
    at Module.require (node:internal/modules/cjs/loader:1139:19)
    at require (node:internal/modules/helpers:121:18)
    at Object.<anonymous> (/Users/nitsancohen/.bvm/versions/0.2.29/bit-0.2.29/node_modules/@teambit/legacy/bin/bit.js:3:1)
    at Module._compile (node:internal/modules/cjs/loader:1257:14)
    at Module._extensions..js (node:internal/modules/cjs/loader:1311:10)
    at Module.load (node:internal/modules/cjs/loader:1115:32)
    at Module._load (node:internal/modules/cjs/loader:962:12)
    at Function.executeUserEntryPoint [as runMain] (node:internal/modules/run_main:83:12) {
  code: 'MODULE_NOT_FOUND',
  requireStack: [
    '/Users/nitsancohen/.bvm/versions/0.2.29/bit-0.2.29/node_modules/@teambit/legacy/bin/bit.js'
  ]
}

Node.js v20.3.1

    at checkExecSyncError (node:child_process:885:11)
    at Object.execSync (node:child_process:957:15)
    at CommandHelper.runCmd (src/e2e-helper/e2e-command-helper.ts:64:22)
    at ScopeHelper.initWorkspace (src/e2e-helper/e2e-scope-helper.ts:126:25)
    at ScopeHelper.reInitLocalScope (src/e2e-helper/e2e-scope-helper.ts:87:10)
    at ScopeHelper.setNewLocalAndRemoteScopes (src/e2e-helper/e2e-scope-helper.ts:141:10)
    at Context.<anonymous> (e2e/harmony/untag-harmony.e2e.ts:50:26)
    at processImmediate (node:internal/timers:478:21)]]></failure>
    </testcase>
  </testsuite>
  <testsuite name="update command" timestamp="2023-08-21T21:40:54" tests="0" file="/Users/nitsancohen/coding/my-bit/bit/e2e/harmony/update-cmd.e2e.ts" time="0.0000" failures="0">
  </testsuite>
  <testsuite name="updates policies" timestamp="2023-08-21T21:40:54" tests="0" file="/Users/nitsancohen/coding/my-bit/bit/e2e/harmony/update-cmd.e2e.ts" time="0.0000" failures="0">
  </testsuite>
  <testsuite name="policies added by the user" timestamp="2023-08-21T21:40:54" tests="6" file="/Users/nitsancohen/coding/my-bit/bit/e2e/harmony/update-cmd.e2e.ts" time="0.0590" failures="1">
    <testcase name="update command updates policies policies added by the user &quot;before all&quot; hook for &quot;should update the version range&quot;" time="0.0590" classname="&quot;before all&quot; hook for &quot;should update the version range&quot;">
      <failure message="Command failed: bit init
node:internal/modules/cjs/loader:1075
  throw err;
  ^

Error: Cannot find module &apos;../node_modules/@teambit/bit/dist/app&apos;
Require stack:
- /Users/nitsancohen/.bvm/versions/0.2.29/bit-0.2.29/node_modules/@teambit/legacy/bin/bit.js
    at Module._resolveFilename (node:internal/modules/cjs/loader:1072:15)
    at Module._load (node:internal/modules/cjs/loader:925:27)
    at Module.require (node:internal/modules/cjs/loader:1139:19)
    at require (node:internal/modules/helpers:121:18)
    at Object.&lt;anonymous&gt; (/Users/nitsancohen/.bvm/versions/0.2.29/bit-0.2.29/node_modules/@teambit/legacy/bin/bit.js:3:1)
    at Module._compile (node:internal/modules/cjs/loader:1257:14)
    at Module._extensions..js (node:internal/modules/cjs/loader:1311:10)
    at Module.load (node:internal/modules/cjs/loader:1115:32)
    at Module._load (node:internal/modules/cjs/loader:962:12)
    at Function.executeUserEntryPoint [as runMain] (node:internal/modules/run_main:83:12) {
  code: &apos;MODULE_NOT_FOUND&apos;,
  requireStack: [
    &apos;/Users/nitsancohen/.bvm/versions/0.2.29/bit-0.2.29/node_modules/@teambit/legacy/bin/bit.js&apos;
  ]
}

Node.js v20.3.1
" type="Error"><![CDATA[Error: Command failed: bit init
node:internal/modules/cjs/loader:1075
  throw err;
  ^

Error: Cannot find module '../node_modules/@teambit/bit/dist/app'
Require stack:
- /Users/nitsancohen/.bvm/versions/0.2.29/bit-0.2.29/node_modules/@teambit/legacy/bin/bit.js
    at Module._resolveFilename (node:internal/modules/cjs/loader:1072:15)
    at Module._load (node:internal/modules/cjs/loader:925:27)
    at Module.require (node:internal/modules/cjs/loader:1139:19)
    at require (node:internal/modules/helpers:121:18)
    at Object.<anonymous> (/Users/nitsancohen/.bvm/versions/0.2.29/bit-0.2.29/node_modules/@teambit/legacy/bin/bit.js:3:1)
    at Module._compile (node:internal/modules/cjs/loader:1257:14)
    at Module._extensions..js (node:internal/modules/cjs/loader:1311:10)
    at Module.load (node:internal/modules/cjs/loader:1115:32)
    at Module._load (node:internal/modules/cjs/loader:962:12)
    at Function.executeUserEntryPoint [as runMain] (node:internal/modules/run_main:83:12) {
  code: 'MODULE_NOT_FOUND',
  requireStack: [
    '/Users/nitsancohen/.bvm/versions/0.2.29/bit-0.2.29/node_modules/@teambit/legacy/bin/bit.js'
  ]
}

Node.js v20.3.1

    at checkExecSyncError (node:child_process:885:11)
    at Object.execSync (node:child_process:957:15)
    at CommandHelper.runCmd (src/e2e-helper/e2e-command-helper.ts:64:22)
    at ScopeHelper.initWorkspace (src/e2e-helper/e2e-scope-helper.ts:126:25)
    at ScopeHelper.reInitLocalScope (src/e2e-helper/e2e-scope-helper.ts:87:10)
    at Context.<anonymous> (e2e/harmony/update-cmd.e2e.ts:19:28)
    at processImmediate (node:internal/timers:478:21)]]></failure>
    </testcase>
  </testsuite>
  <testsuite name="select by patterns" timestamp="2023-08-21T21:40:54" tests="2" file="/Users/nitsancohen/coding/my-bit/bit/e2e/harmony/update-cmd.e2e.ts" time="0.0600" failures="1">
    <testcase name="update command updates policies select by patterns &quot;before all&quot; hook for &quot;should update the version range of the selected package&quot;" time="0.0600" classname="&quot;before all&quot; hook for &quot;should update the version range of the selected package&quot;">
      <failure message="Command failed: bit init
node:internal/modules/cjs/loader:1075
  throw err;
  ^

Error: Cannot find module &apos;../node_modules/@teambit/bit/dist/app&apos;
Require stack:
- /Users/nitsancohen/.bvm/versions/0.2.29/bit-0.2.29/node_modules/@teambit/legacy/bin/bit.js
    at Module._resolveFilename (node:internal/modules/cjs/loader:1072:15)
    at Module._load (node:internal/modules/cjs/loader:925:27)
    at Module.require (node:internal/modules/cjs/loader:1139:19)
    at require (node:internal/modules/helpers:121:18)
    at Object.&lt;anonymous&gt; (/Users/nitsancohen/.bvm/versions/0.2.29/bit-0.2.29/node_modules/@teambit/legacy/bin/bit.js:3:1)
    at Module._compile (node:internal/modules/cjs/loader:1257:14)
    at Module._extensions..js (node:internal/modules/cjs/loader:1311:10)
    at Module.load (node:internal/modules/cjs/loader:1115:32)
    at Module._load (node:internal/modules/cjs/loader:962:12)
    at Function.executeUserEntryPoint [as runMain] (node:internal/modules/run_main:83:12) {
  code: &apos;MODULE_NOT_FOUND&apos;,
  requireStack: [
    &apos;/Users/nitsancohen/.bvm/versions/0.2.29/bit-0.2.29/node_modules/@teambit/legacy/bin/bit.js&apos;
  ]
}

Node.js v20.3.1
" type="Error"><![CDATA[Error: Command failed: bit init
node:internal/modules/cjs/loader:1075
  throw err;
  ^

Error: Cannot find module '../node_modules/@teambit/bit/dist/app'
Require stack:
- /Users/nitsancohen/.bvm/versions/0.2.29/bit-0.2.29/node_modules/@teambit/legacy/bin/bit.js
    at Module._resolveFilename (node:internal/modules/cjs/loader:1072:15)
    at Module._load (node:internal/modules/cjs/loader:925:27)
    at Module.require (node:internal/modules/cjs/loader:1139:19)
    at require (node:internal/modules/helpers:121:18)
    at Object.<anonymous> (/Users/nitsancohen/.bvm/versions/0.2.29/bit-0.2.29/node_modules/@teambit/legacy/bin/bit.js:3:1)
    at Module._compile (node:internal/modules/cjs/loader:1257:14)
    at Module._extensions..js (node:internal/modules/cjs/loader:1311:10)
    at Module.load (node:internal/modules/cjs/loader:1115:32)
    at Module._load (node:internal/modules/cjs/loader:962:12)
    at Function.executeUserEntryPoint [as runMain] (node:internal/modules/run_main:83:12) {
  code: 'MODULE_NOT_FOUND',
  requireStack: [
    '/Users/nitsancohen/.bvm/versions/0.2.29/bit-0.2.29/node_modules/@teambit/legacy/bin/bit.js'
  ]
}

Node.js v20.3.1

    at checkExecSyncError (node:child_process:885:11)
    at Object.execSync (node:child_process:957:15)
    at CommandHelper.runCmd (src/e2e-helper/e2e-command-helper.ts:64:22)
    at ScopeHelper.initWorkspace (src/e2e-helper/e2e-scope-helper.ts:126:25)
    at ScopeHelper.reInitLocalScope (src/e2e-helper/e2e-scope-helper.ts:87:10)
    at Context.<anonymous> (e2e/harmony/update-cmd.e2e.ts:76:28)
    at processImmediate (node:internal/timers:478:21)]]></failure>
    </testcase>
  </testsuite>
  <testsuite name="policies added by deps set" timestamp="2023-08-21T21:40:54" tests="1" file="/Users/nitsancohen/coding/my-bit/bit/e2e/harmony/update-cmd.e2e.ts" time="0.0600" failures="1">
    <testcase name="update command updates policies policies added by deps set &quot;before all&quot; hook for &quot;should update the version range&quot;" time="0.0600" classname="&quot;before all&quot; hook for &quot;should update the version range&quot;">
      <failure message="Command failed: bit init
node:internal/modules/cjs/loader:1075
  throw err;
  ^

Error: Cannot find module &apos;../node_modules/@teambit/bit/dist/app&apos;
Require stack:
- /Users/nitsancohen/.bvm/versions/0.2.29/bit-0.2.29/node_modules/@teambit/legacy/bin/bit.js
    at Module._resolveFilename (node:internal/modules/cjs/loader:1072:15)
    at Module._load (node:internal/modules/cjs/loader:925:27)
    at Module.require (node:internal/modules/cjs/loader:1139:19)
    at require (node:internal/modules/helpers:121:18)
    at Object.&lt;anonymous&gt; (/Users/nitsancohen/.bvm/versions/0.2.29/bit-0.2.29/node_modules/@teambit/legacy/bin/bit.js:3:1)
    at Module._compile (node:internal/modules/cjs/loader:1257:14)
    at Module._extensions..js (node:internal/modules/cjs/loader:1311:10)
    at Module.load (node:internal/modules/cjs/loader:1115:32)
    at Module._load (node:internal/modules/cjs/loader:962:12)
    at Function.executeUserEntryPoint [as runMain] (node:internal/modules/run_main:83:12) {
  code: &apos;MODULE_NOT_FOUND&apos;,
  requireStack: [
    &apos;/Users/nitsancohen/.bvm/versions/0.2.29/bit-0.2.29/node_modules/@teambit/legacy/bin/bit.js&apos;
  ]
}

Node.js v20.3.1
" type="Error"><![CDATA[Error: Command failed: bit init
node:internal/modules/cjs/loader:1075
  throw err;
  ^

Error: Cannot find module '../node_modules/@teambit/bit/dist/app'
Require stack:
- /Users/nitsancohen/.bvm/versions/0.2.29/bit-0.2.29/node_modules/@teambit/legacy/bin/bit.js
    at Module._resolveFilename (node:internal/modules/cjs/loader:1072:15)
    at Module._load (node:internal/modules/cjs/loader:925:27)
    at Module.require (node:internal/modules/cjs/loader:1139:19)
    at require (node:internal/modules/helpers:121:18)
    at Object.<anonymous> (/Users/nitsancohen/.bvm/versions/0.2.29/bit-0.2.29/node_modules/@teambit/legacy/bin/bit.js:3:1)
    at Module._compile (node:internal/modules/cjs/loader:1257:14)
    at Module._extensions..js (node:internal/modules/cjs/loader:1311:10)
    at Module.load (node:internal/modules/cjs/loader:1115:32)
    at Module._load (node:internal/modules/cjs/loader:962:12)
    at Function.executeUserEntryPoint [as runMain] (node:internal/modules/run_main:83:12) {
  code: 'MODULE_NOT_FOUND',
  requireStack: [
    '/Users/nitsancohen/.bvm/versions/0.2.29/bit-0.2.29/node_modules/@teambit/legacy/bin/bit.js'
  ]
}

Node.js v20.3.1

    at checkExecSyncError (node:child_process:885:11)
    at Object.execSync (node:child_process:957:15)
    at CommandHelper.runCmd (src/e2e-helper/e2e-command-helper.ts:64:22)
    at ScopeHelper.initWorkspace (src/e2e-helper/e2e-scope-helper.ts:126:25)
    at ScopeHelper.reInitLocalScope (src/e2e-helper/e2e-scope-helper.ts:87:10)
    at Context.<anonymous> (e2e/harmony/update-cmd.e2e.ts:102:28)
    at processImmediate (node:internal/timers:478:21)]]></failure>
    </testcase>
  </testsuite>
  <testsuite name="updates dependencies from the model" timestamp="2023-08-21T21:40:54" tests="0" file="/Users/nitsancohen/coding/my-bit/bit/e2e/harmony/update-cmd.e2e.ts" time="0.0600" failures="2">
    <testcase name="update command updates dependencies from the model &quot;before all&quot; hook in &quot;updates dependencies from the model&quot;" time="0.0600" classname="&quot;before all&quot; hook in &quot;updates dependencies from the model&quot;">
      <failure message="Command failed: bit init
node:internal/modules/cjs/loader:1075
  throw err;
  ^

Error: Cannot find module &apos;../node_modules/@teambit/bit/dist/app&apos;
Require stack:
- /Users/nitsancohen/.bvm/versions/0.2.29/bit-0.2.29/node_modules/@teambit/legacy/bin/bit.js
    at Module._resolveFilename (node:internal/modules/cjs/loader:1072:15)
    at Module._load (node:internal/modules/cjs/loader:925:27)
    at Module.require (node:internal/modules/cjs/loader:1139:19)
    at require (node:internal/modules/helpers:121:18)
    at Object.&lt;anonymous&gt; (/Users/nitsancohen/.bvm/versions/0.2.29/bit-0.2.29/node_modules/@teambit/legacy/bin/bit.js:3:1)
    at Module._compile (node:internal/modules/cjs/loader:1257:14)
    at Module._extensions..js (node:internal/modules/cjs/loader:1311:10)
    at Module.load (node:internal/modules/cjs/loader:1115:32)
    at Module._load (node:internal/modules/cjs/loader:962:12)
    at Function.executeUserEntryPoint [as runMain] (node:internal/modules/run_main:83:12) {
  code: &apos;MODULE_NOT_FOUND&apos;,
  requireStack: [
    &apos;/Users/nitsancohen/.bvm/versions/0.2.29/bit-0.2.29/node_modules/@teambit/legacy/bin/bit.js&apos;
  ]
}

Node.js v20.3.1
" type="Error"><![CDATA[Error: Command failed: bit init
node:internal/modules/cjs/loader:1075
  throw err;
  ^

Error: Cannot find module '../node_modules/@teambit/bit/dist/app'
Require stack:
- /Users/nitsancohen/.bvm/versions/0.2.29/bit-0.2.29/node_modules/@teambit/legacy/bin/bit.js
    at Module._resolveFilename (node:internal/modules/cjs/loader:1072:15)
    at Module._load (node:internal/modules/cjs/loader:925:27)
    at Module.require (node:internal/modules/cjs/loader:1139:19)
    at require (node:internal/modules/helpers:121:18)
    at Object.<anonymous> (/Users/nitsancohen/.bvm/versions/0.2.29/bit-0.2.29/node_modules/@teambit/legacy/bin/bit.js:3:1)
    at Module._compile (node:internal/modules/cjs/loader:1257:14)
    at Module._extensions..js (node:internal/modules/cjs/loader:1311:10)
    at Module.load (node:internal/modules/cjs/loader:1115:32)
    at Module._load (node:internal/modules/cjs/loader:962:12)
    at Function.executeUserEntryPoint [as runMain] (node:internal/modules/run_main:83:12) {
  code: 'MODULE_NOT_FOUND',
  requireStack: [
    '/Users/nitsancohen/.bvm/versions/0.2.29/bit-0.2.29/node_modules/@teambit/legacy/bin/bit.js'
  ]
}

Node.js v20.3.1

    at checkExecSyncError (node:child_process:885:11)
    at Object.execSync (node:child_process:957:15)
    at CommandHelper.runCmd (src/e2e-helper/e2e-command-helper.ts:64:22)
    at ScopeHelper.initWorkspace (src/e2e-helper/e2e-scope-helper.ts:126:25)
    at ScopeHelper.reInitLocalScope (src/e2e-helper/e2e-scope-helper.ts:87:10)
    at ScopeHelper.setNewLocalAndRemoteScopes (src/e2e-helper/e2e-scope-helper.ts:141:10)
    at Context.<anonymous> (e2e/harmony/update-cmd.e2e.ts:118:26)
    at processImmediate (node:internal/timers:478:21)]]></failure>
    </testcase>
    <testcase name="update command updates dependencies from the model &quot;after all&quot; hook in &quot;updates dependencies from the model&quot;" time="0.0000" classname="&quot;after all&quot; hook in &quot;updates dependencies from the model&quot;">
      <failure message="Cannot read properties of undefined (reading &apos;destroy&apos;)" type="TypeError"><![CDATA[TypeError: Cannot read properties of undefined (reading 'destroy')
    at Context.<anonymous> (e2e/harmony/update-cmd.e2e.ts:159:21)
    at processImmediate (node:internal/timers:478:21)]]></failure>
    </testcase>
  </testsuite>
  <testsuite name="dependency in the model is also a local component" timestamp="2023-08-21T21:40:54" tests="1" file="/Users/nitsancohen/coding/my-bit/bit/e2e/harmony/update-cmd.e2e.ts" time="0.0590" failures="2">
    <testcase name="update command dependency in the model is also a local component &quot;before all&quot; hook for &quot;should not update component that is available locally in the workspace&quot;" time="0.0590" classname="&quot;before all&quot; hook for &quot;should not update component that is available locally in the workspace&quot;">
      <failure message="Command failed: bit init
node:internal/modules/cjs/loader:1075
  throw err;
  ^

Error: Cannot find module &apos;../node_modules/@teambit/bit/dist/app&apos;
Require stack:
- /Users/nitsancohen/.bvm/versions/0.2.29/bit-0.2.29/node_modules/@teambit/legacy/bin/bit.js
    at Module._resolveFilename (node:internal/modules/cjs/loader:1072:15)
    at Module._load (node:internal/modules/cjs/loader:925:27)
    at Module.require (node:internal/modules/cjs/loader:1139:19)
    at require (node:internal/modules/helpers:121:18)
    at Object.&lt;anonymous&gt; (/Users/nitsancohen/.bvm/versions/0.2.29/bit-0.2.29/node_modules/@teambit/legacy/bin/bit.js:3:1)
    at Module._compile (node:internal/modules/cjs/loader:1257:14)
    at Module._extensions..js (node:internal/modules/cjs/loader:1311:10)
    at Module.load (node:internal/modules/cjs/loader:1115:32)
    at Module._load (node:internal/modules/cjs/loader:962:12)
    at Function.executeUserEntryPoint [as runMain] (node:internal/modules/run_main:83:12) {
  code: &apos;MODULE_NOT_FOUND&apos;,
  requireStack: [
    &apos;/Users/nitsancohen/.bvm/versions/0.2.29/bit-0.2.29/node_modules/@teambit/legacy/bin/bit.js&apos;
  ]
}

Node.js v20.3.1
" type="Error"><![CDATA[Error: Command failed: bit init
node:internal/modules/cjs/loader:1075
  throw err;
  ^

Error: Cannot find module '../node_modules/@teambit/bit/dist/app'
Require stack:
- /Users/nitsancohen/.bvm/versions/0.2.29/bit-0.2.29/node_modules/@teambit/legacy/bin/bit.js
    at Module._resolveFilename (node:internal/modules/cjs/loader:1072:15)
    at Module._load (node:internal/modules/cjs/loader:925:27)
    at Module.require (node:internal/modules/cjs/loader:1139:19)
    at require (node:internal/modules/helpers:121:18)
    at Object.<anonymous> (/Users/nitsancohen/.bvm/versions/0.2.29/bit-0.2.29/node_modules/@teambit/legacy/bin/bit.js:3:1)
    at Module._compile (node:internal/modules/cjs/loader:1257:14)
    at Module._extensions..js (node:internal/modules/cjs/loader:1311:10)
    at Module.load (node:internal/modules/cjs/loader:1115:32)
    at Module._load (node:internal/modules/cjs/loader:962:12)
    at Function.executeUserEntryPoint [as runMain] (node:internal/modules/run_main:83:12) {
  code: 'MODULE_NOT_FOUND',
  requireStack: [
    '/Users/nitsancohen/.bvm/versions/0.2.29/bit-0.2.29/node_modules/@teambit/legacy/bin/bit.js'
  ]
}

Node.js v20.3.1

    at checkExecSyncError (node:child_process:885:11)
    at Object.execSync (node:child_process:957:15)
    at CommandHelper.runCmd (src/e2e-helper/e2e-command-helper.ts:64:22)
    at ScopeHelper.initWorkspace (src/e2e-helper/e2e-scope-helper.ts:126:25)
    at ScopeHelper.reInitLocalScope (src/e2e-helper/e2e-scope-helper.ts:87:10)
    at ScopeHelper.setNewLocalAndRemoteScopes (src/e2e-helper/e2e-scope-helper.ts:141:10)
    at Context.<anonymous> (e2e/harmony/update-cmd.e2e.ts:233:26)
    at processImmediate (node:internal/timers:478:21)]]></failure>
    </testcase>
    <testcase name="update command dependency in the model is also a local component &quot;after all&quot; hook for &quot;should not update component that is available locally in the workspace&quot;" time="0.0000" classname="&quot;after all&quot; hook for &quot;should not update component that is available locally in the workspace&quot;">
      <failure message="Cannot read properties of undefined (reading &apos;destroy&apos;)" type="TypeError"><![CDATA[TypeError: Cannot read properties of undefined (reading 'destroy')
    at Context.<anonymous> (e2e/harmony/update-cmd.e2e.ts:272:21)
    at processImmediate (node:internal/timers:478:21)]]></failure>
    </testcase>
  </testsuite>
  <testsuite name="update-dependencies command" timestamp="2023-08-21T21:40:54" tests="0" file="/Users/nitsancohen/coding/my-bit/bit/e2e/harmony/update-dependencies.e2e.ts" time="0.0000" failures="0">
  </testsuite>
  <testsuite name="workspace with TS components" timestamp="2023-08-21T21:40:54" tests="0" file="/Users/nitsancohen/coding/my-bit/bit/e2e/harmony/update-dependencies.e2e.ts" time="0.0590" failures="2">
    <testcase name="update-dependencies command workspace with TS components &quot;before all&quot; hook in &quot;workspace with TS components&quot;" time="0.0590" classname="&quot;before all&quot; hook in &quot;workspace with TS components&quot;">
      <failure message="Command failed: bit init
node:internal/modules/cjs/loader:1075
  throw err;
  ^

Error: Cannot find module &apos;../node_modules/@teambit/bit/dist/app&apos;
Require stack:
- /Users/nitsancohen/.bvm/versions/0.2.29/bit-0.2.29/node_modules/@teambit/legacy/bin/bit.js
    at Module._resolveFilename (node:internal/modules/cjs/loader:1072:15)
    at Module._load (node:internal/modules/cjs/loader:925:27)
    at Module.require (node:internal/modules/cjs/loader:1139:19)
    at require (node:internal/modules/helpers:121:18)
    at Object.&lt;anonymous&gt; (/Users/nitsancohen/.bvm/versions/0.2.29/bit-0.2.29/node_modules/@teambit/legacy/bin/bit.js:3:1)
    at Module._compile (node:internal/modules/cjs/loader:1257:14)
    at Module._extensions..js (node:internal/modules/cjs/loader:1311:10)
    at Module.load (node:internal/modules/cjs/loader:1115:32)
    at Module._load (node:internal/modules/cjs/loader:962:12)
    at Function.executeUserEntryPoint [as runMain] (node:internal/modules/run_main:83:12) {
  code: &apos;MODULE_NOT_FOUND&apos;,
  requireStack: [
    &apos;/Users/nitsancohen/.bvm/versions/0.2.29/bit-0.2.29/node_modules/@teambit/legacy/bin/bit.js&apos;
  ]
}

Node.js v20.3.1
" type="Error"><![CDATA[Error: Command failed: bit init
node:internal/modules/cjs/loader:1075
  throw err;
  ^

Error: Cannot find module '../node_modules/@teambit/bit/dist/app'
Require stack:
- /Users/nitsancohen/.bvm/versions/0.2.29/bit-0.2.29/node_modules/@teambit/legacy/bin/bit.js
    at Module._resolveFilename (node:internal/modules/cjs/loader:1072:15)
    at Module._load (node:internal/modules/cjs/loader:925:27)
    at Module.require (node:internal/modules/cjs/loader:1139:19)
    at require (node:internal/modules/helpers:121:18)
    at Object.<anonymous> (/Users/nitsancohen/.bvm/versions/0.2.29/bit-0.2.29/node_modules/@teambit/legacy/bin/bit.js:3:1)
    at Module._compile (node:internal/modules/cjs/loader:1257:14)
    at Module._extensions..js (node:internal/modules/cjs/loader:1311:10)
    at Module.load (node:internal/modules/cjs/loader:1115:32)
    at Module._load (node:internal/modules/cjs/loader:962:12)
    at Function.executeUserEntryPoint [as runMain] (node:internal/modules/run_main:83:12) {
  code: 'MODULE_NOT_FOUND',
  requireStack: [
    '/Users/nitsancohen/.bvm/versions/0.2.29/bit-0.2.29/node_modules/@teambit/legacy/bin/bit.js'
  ]
}

Node.js v20.3.1

    at checkExecSyncError (node:child_process:885:11)
    at Object.execSync (node:child_process:957:15)
    at CommandHelper.runCmd (src/e2e-helper/e2e-command-helper.ts:64:22)
    at ScopeHelper.initWorkspace (src/e2e-helper/e2e-scope-helper.ts:126:25)
    at ScopeHelper.reInitLocalScope (src/e2e-helper/e2e-scope-helper.ts:87:10)
    at ScopeHelper.setNewLocalAndRemoteScopes (src/e2e-helper/e2e-scope-helper.ts:141:10)
    at Context.<anonymous> (e2e/harmony/update-dependencies.e2e.ts:25:26)
    at processImmediate (node:internal/timers:478:21)]]></failure>
    </testcase>
    <testcase name="update-dependencies command workspace with TS components &quot;after all&quot; hook in &quot;workspace with TS components&quot;" time="0.0000" classname="&quot;after all&quot; hook in &quot;workspace with TS components&quot;">
      <failure message="Cannot read properties of undefined (reading &apos;destroy&apos;)" type="TypeError"><![CDATA[TypeError: Cannot read properties of undefined (reading 'destroy')
    at Context.<anonymous> (e2e/harmony/update-dependencies.e2e.ts:50:21)
    at processImmediate (node:internal/timers:478:21)]]></failure>
    </testcase>
  </testsuite>
  <testsuite name="updating dependencies from a lane" timestamp="2023-08-21T21:40:54" tests="0" file="/Users/nitsancohen/coding/my-bit/bit/e2e/harmony/update-dependencies.e2e.ts" time="0.0600" failures="2">
    <testcase name="update-dependencies command updating dependencies from a lane &quot;before all&quot; hook in &quot;updating dependencies from a lane&quot;" time="0.0590" classname="&quot;before all&quot; hook in &quot;updating dependencies from a lane&quot;">
      <failure message="Command failed: bit init
node:internal/modules/cjs/loader:1075
  throw err;
  ^

Error: Cannot find module &apos;../node_modules/@teambit/bit/dist/app&apos;
Require stack:
- /Users/nitsancohen/.bvm/versions/0.2.29/bit-0.2.29/node_modules/@teambit/legacy/bin/bit.js
    at Module._resolveFilename (node:internal/modules/cjs/loader:1072:15)
    at Module._load (node:internal/modules/cjs/loader:925:27)
    at Module.require (node:internal/modules/cjs/loader:1139:19)
    at require (node:internal/modules/helpers:121:18)
    at Object.&lt;anonymous&gt; (/Users/nitsancohen/.bvm/versions/0.2.29/bit-0.2.29/node_modules/@teambit/legacy/bin/bit.js:3:1)
    at Module._compile (node:internal/modules/cjs/loader:1257:14)
    at Module._extensions..js (node:internal/modules/cjs/loader:1311:10)
    at Module.load (node:internal/modules/cjs/loader:1115:32)
    at Module._load (node:internal/modules/cjs/loader:962:12)
    at Function.executeUserEntryPoint [as runMain] (node:internal/modules/run_main:83:12) {
  code: &apos;MODULE_NOT_FOUND&apos;,
  requireStack: [
    &apos;/Users/nitsancohen/.bvm/versions/0.2.29/bit-0.2.29/node_modules/@teambit/legacy/bin/bit.js&apos;
  ]
}

Node.js v20.3.1
" type="Error"><![CDATA[Error: Command failed: bit init
node:internal/modules/cjs/loader:1075
  throw err;
  ^

Error: Cannot find module '../node_modules/@teambit/bit/dist/app'
Require stack:
- /Users/nitsancohen/.bvm/versions/0.2.29/bit-0.2.29/node_modules/@teambit/legacy/bin/bit.js
    at Module._resolveFilename (node:internal/modules/cjs/loader:1072:15)
    at Module._load (node:internal/modules/cjs/loader:925:27)
    at Module.require (node:internal/modules/cjs/loader:1139:19)
    at require (node:internal/modules/helpers:121:18)
    at Object.<anonymous> (/Users/nitsancohen/.bvm/versions/0.2.29/bit-0.2.29/node_modules/@teambit/legacy/bin/bit.js:3:1)
    at Module._compile (node:internal/modules/cjs/loader:1257:14)
    at Module._extensions..js (node:internal/modules/cjs/loader:1311:10)
    at Module.load (node:internal/modules/cjs/loader:1115:32)
    at Module._load (node:internal/modules/cjs/loader:962:12)
    at Function.executeUserEntryPoint [as runMain] (node:internal/modules/run_main:83:12) {
  code: 'MODULE_NOT_FOUND',
  requireStack: [
    '/Users/nitsancohen/.bvm/versions/0.2.29/bit-0.2.29/node_modules/@teambit/legacy/bin/bit.js'
  ]
}

Node.js v20.3.1

    at checkExecSyncError (node:child_process:885:11)
    at Object.execSync (node:child_process:957:15)
    at CommandHelper.runCmd (src/e2e-helper/e2e-command-helper.ts:64:22)
    at ScopeHelper.initWorkspace (src/e2e-helper/e2e-scope-helper.ts:126:25)
    at ScopeHelper.reInitLocalScope (src/e2e-helper/e2e-scope-helper.ts:87:10)
    at ScopeHelper.setNewLocalAndRemoteScopes (src/e2e-helper/e2e-scope-helper.ts:141:10)
    at Context.<anonymous> (e2e/harmony/update-dependencies.e2e.ts:163:26)
    at processImmediate (node:internal/timers:478:21)]]></failure>
    </testcase>
    <testcase name="update-dependencies command updating dependencies from a lane &quot;after all&quot; hook in &quot;updating dependencies from a lane&quot;" time="0.0010" classname="&quot;after all&quot; hook in &quot;updating dependencies from a lane&quot;">
      <failure message="Cannot read properties of undefined (reading &apos;destroy&apos;)" type="TypeError"><![CDATA[TypeError: Cannot read properties of undefined (reading 'destroy')
    at Context.<anonymous> (e2e/harmony/update-dependencies.e2e.ts:194:21)
    at processImmediate (node:internal/timers:478:21)]]></failure>
    </testcase>
  </testsuite>
  <testsuite name="updates from main and lane" timestamp="2023-08-21T21:40:54" tests="0" file="/Users/nitsancohen/coding/my-bit/bit/e2e/harmony/updates-from-main-and-lane.e2e.ts" time="0.0000" failures="0">
  </testsuite>
  <testsuite name="updates are available from both main and lane" timestamp="2023-08-21T21:40:54" tests="3" file="/Users/nitsancohen/coding/my-bit/bit/e2e/harmony/updates-from-main-and-lane.e2e.ts" time="0.0600" failures="1">
    <testcase name="updates from main and lane updates are available from both main and lane &quot;before all&quot; hook for &quot;by default should only show updates from the current lane&quot;" time="0.0600" classname="&quot;before all&quot; hook for &quot;by default should only show updates from the current lane&quot;">
      <failure message="Command failed: bit init
node:internal/modules/cjs/loader:1075
  throw err;
  ^

Error: Cannot find module &apos;../node_modules/@teambit/bit/dist/app&apos;
Require stack:
- /Users/nitsancohen/.bvm/versions/0.2.29/bit-0.2.29/node_modules/@teambit/legacy/bin/bit.js
    at Module._resolveFilename (node:internal/modules/cjs/loader:1072:15)
    at Module._load (node:internal/modules/cjs/loader:925:27)
    at Module.require (node:internal/modules/cjs/loader:1139:19)
    at require (node:internal/modules/helpers:121:18)
    at Object.&lt;anonymous&gt; (/Users/nitsancohen/.bvm/versions/0.2.29/bit-0.2.29/node_modules/@teambit/legacy/bin/bit.js:3:1)
    at Module._compile (node:internal/modules/cjs/loader:1257:14)
    at Module._extensions..js (node:internal/modules/cjs/loader:1311:10)
    at Module.load (node:internal/modules/cjs/loader:1115:32)
    at Module._load (node:internal/modules/cjs/loader:962:12)
    at Function.executeUserEntryPoint [as runMain] (node:internal/modules/run_main:83:12) {
  code: &apos;MODULE_NOT_FOUND&apos;,
  requireStack: [
    &apos;/Users/nitsancohen/.bvm/versions/0.2.29/bit-0.2.29/node_modules/@teambit/legacy/bin/bit.js&apos;
  ]
}

Node.js v20.3.1
" type="Error"><![CDATA[Error: Command failed: bit init
node:internal/modules/cjs/loader:1075
  throw err;
  ^

Error: Cannot find module '../node_modules/@teambit/bit/dist/app'
Require stack:
- /Users/nitsancohen/.bvm/versions/0.2.29/bit-0.2.29/node_modules/@teambit/legacy/bin/bit.js
    at Module._resolveFilename (node:internal/modules/cjs/loader:1072:15)
    at Module._load (node:internal/modules/cjs/loader:925:27)
    at Module.require (node:internal/modules/cjs/loader:1139:19)
    at require (node:internal/modules/helpers:121:18)
    at Object.<anonymous> (/Users/nitsancohen/.bvm/versions/0.2.29/bit-0.2.29/node_modules/@teambit/legacy/bin/bit.js:3:1)
    at Module._compile (node:internal/modules/cjs/loader:1257:14)
    at Module._extensions..js (node:internal/modules/cjs/loader:1311:10)
    at Module.load (node:internal/modules/cjs/loader:1115:32)
    at Module._load (node:internal/modules/cjs/loader:962:12)
    at Function.executeUserEntryPoint [as runMain] (node:internal/modules/run_main:83:12) {
  code: 'MODULE_NOT_FOUND',
  requireStack: [
    '/Users/nitsancohen/.bvm/versions/0.2.29/bit-0.2.29/node_modules/@teambit/legacy/bin/bit.js'
  ]
}

Node.js v20.3.1

    at checkExecSyncError (node:child_process:885:11)
    at Object.execSync (node:child_process:957:15)
    at CommandHelper.runCmd (src/e2e-helper/e2e-command-helper.ts:64:22)
    at ScopeHelper.initWorkspace (src/e2e-helper/e2e-scope-helper.ts:126:25)
    at ScopeHelper.reInitLocalScope (src/e2e-helper/e2e-scope-helper.ts:87:10)
    at ScopeHelper.setNewLocalAndRemoteScopes (src/e2e-helper/e2e-scope-helper.ts:141:10)
    at Context.<anonymous> (e2e/harmony/updates-from-main-and-lane.e2e.ts:19:26)
    at processImmediate (node:internal/timers:478:21)]]></failure>
    </testcase>
  </testsuite>
  <testsuite name="bit use command" timestamp="2023-08-21T21:40:54" tests="0" file="/Users/nitsancohen/coding/my-bit/bit/e2e/harmony/use.e2e.ts" time="0.0000" failures="0">
  </testsuite>
  <testsuite name="when the aspect is new" timestamp="2023-08-21T21:40:54" tests="1" file="/Users/nitsancohen/coding/my-bit/bit/e2e/harmony/use.e2e.ts" time="0.0590" failures="1">
    <testcase name="bit use command when the aspect is new &quot;before all&quot; hook for &quot;should not throw an error&quot;" time="0.0590" classname="&quot;before all&quot; hook for &quot;should not throw an error&quot;">
      <failure message="Command failed: bit init
node:internal/modules/cjs/loader:1075
  throw err;
  ^

Error: Cannot find module &apos;../node_modules/@teambit/bit/dist/app&apos;
Require stack:
- /Users/nitsancohen/.bvm/versions/0.2.29/bit-0.2.29/node_modules/@teambit/legacy/bin/bit.js
    at Module._resolveFilename (node:internal/modules/cjs/loader:1072:15)
    at Module._load (node:internal/modules/cjs/loader:925:27)
    at Module.require (node:internal/modules/cjs/loader:1139:19)
    at require (node:internal/modules/helpers:121:18)
    at Object.&lt;anonymous&gt; (/Users/nitsancohen/.bvm/versions/0.2.29/bit-0.2.29/node_modules/@teambit/legacy/bin/bit.js:3:1)
    at Module._compile (node:internal/modules/cjs/loader:1257:14)
    at Module._extensions..js (node:internal/modules/cjs/loader:1311:10)
    at Module.load (node:internal/modules/cjs/loader:1115:32)
    at Module._load (node:internal/modules/cjs/loader:962:12)
    at Function.executeUserEntryPoint [as runMain] (node:internal/modules/run_main:83:12) {
  code: &apos;MODULE_NOT_FOUND&apos;,
  requireStack: [
    &apos;/Users/nitsancohen/.bvm/versions/0.2.29/bit-0.2.29/node_modules/@teambit/legacy/bin/bit.js&apos;
  ]
}

Node.js v20.3.1
" type="Error"><![CDATA[Error: Command failed: bit init
node:internal/modules/cjs/loader:1075
  throw err;
  ^

Error: Cannot find module '../node_modules/@teambit/bit/dist/app'
Require stack:
- /Users/nitsancohen/.bvm/versions/0.2.29/bit-0.2.29/node_modules/@teambit/legacy/bin/bit.js
    at Module._resolveFilename (node:internal/modules/cjs/loader:1072:15)
    at Module._load (node:internal/modules/cjs/loader:925:27)
    at Module.require (node:internal/modules/cjs/loader:1139:19)
    at require (node:internal/modules/helpers:121:18)
    at Object.<anonymous> (/Users/nitsancohen/.bvm/versions/0.2.29/bit-0.2.29/node_modules/@teambit/legacy/bin/bit.js:3:1)
    at Module._compile (node:internal/modules/cjs/loader:1257:14)
    at Module._extensions..js (node:internal/modules/cjs/loader:1311:10)
    at Module.load (node:internal/modules/cjs/loader:1115:32)
    at Module._load (node:internal/modules/cjs/loader:962:12)
    at Function.executeUserEntryPoint [as runMain] (node:internal/modules/run_main:83:12) {
  code: 'MODULE_NOT_FOUND',
  requireStack: [
    '/Users/nitsancohen/.bvm/versions/0.2.29/bit-0.2.29/node_modules/@teambit/legacy/bin/bit.js'
  ]
}

Node.js v20.3.1

    at checkExecSyncError (node:child_process:885:11)
    at Object.execSync (node:child_process:957:15)
    at CommandHelper.runCmd (src/e2e-helper/e2e-command-helper.ts:64:22)
    at ScopeHelper.initWorkspace (src/e2e-helper/e2e-scope-helper.ts:126:25)
    at ScopeHelper.reInitLocalScope (src/e2e-helper/e2e-scope-helper.ts:87:10)
    at ScopeHelper.setNewLocalAndRemoteScopes (src/e2e-helper/e2e-scope-helper.ts:141:10)
    at Context.<anonymous> (e2e/harmony/use.e2e.ts:18:26)
    at processImmediate (node:internal/timers:478:21)]]></failure>
    </testcase>
  </testsuite>
  <testsuite name="workspace config (workspace.jsonc)" timestamp="2023-08-21T21:40:54" tests="0" file="/Users/nitsancohen/coding/my-bit/bit/e2e/harmony/workspace-config.e2e.ts" time="0.0000" failures="0">
  </testsuite>
  <testsuite name="adding a non-component key" timestamp="2023-08-21T21:40:54" tests="1" file="/Users/nitsancohen/coding/my-bit/bit/e2e/harmony/workspace-config.e2e.ts" time="0.0590" failures="1">
    <testcase name="workspace config (workspace.jsonc) adding a non-component key &quot;before all&quot; hook for &quot;any command should throw a descriptive error&quot;" time="0.0590" classname="&quot;before all&quot; hook for &quot;any command should throw a descriptive error&quot;">
      <failure message="Command failed: bit init
node:internal/modules/cjs/loader:1075
  throw err;
  ^

Error: Cannot find module &apos;../node_modules/@teambit/bit/dist/app&apos;
Require stack:
- /Users/nitsancohen/.bvm/versions/0.2.29/bit-0.2.29/node_modules/@teambit/legacy/bin/bit.js
    at Module._resolveFilename (node:internal/modules/cjs/loader:1072:15)
    at Module._load (node:internal/modules/cjs/loader:925:27)
    at Module.require (node:internal/modules/cjs/loader:1139:19)
    at require (node:internal/modules/helpers:121:18)
    at Object.&lt;anonymous&gt; (/Users/nitsancohen/.bvm/versions/0.2.29/bit-0.2.29/node_modules/@teambit/legacy/bin/bit.js:3:1)
    at Module._compile (node:internal/modules/cjs/loader:1257:14)
    at Module._extensions..js (node:internal/modules/cjs/loader:1311:10)
    at Module.load (node:internal/modules/cjs/loader:1115:32)
    at Module._load (node:internal/modules/cjs/loader:962:12)
    at Function.executeUserEntryPoint [as runMain] (node:internal/modules/run_main:83:12) {
  code: &apos;MODULE_NOT_FOUND&apos;,
  requireStack: [
    &apos;/Users/nitsancohen/.bvm/versions/0.2.29/bit-0.2.29/node_modules/@teambit/legacy/bin/bit.js&apos;
  ]
}

Node.js v20.3.1
" type="Error"><![CDATA[Error: Command failed: bit init
node:internal/modules/cjs/loader:1075
  throw err;
  ^

Error: Cannot find module '../node_modules/@teambit/bit/dist/app'
Require stack:
- /Users/nitsancohen/.bvm/versions/0.2.29/bit-0.2.29/node_modules/@teambit/legacy/bin/bit.js
    at Module._resolveFilename (node:internal/modules/cjs/loader:1072:15)
    at Module._load (node:internal/modules/cjs/loader:925:27)
    at Module.require (node:internal/modules/cjs/loader:1139:19)
    at require (node:internal/modules/helpers:121:18)
    at Object.<anonymous> (/Users/nitsancohen/.bvm/versions/0.2.29/bit-0.2.29/node_modules/@teambit/legacy/bin/bit.js:3:1)
    at Module._compile (node:internal/modules/cjs/loader:1257:14)
    at Module._extensions..js (node:internal/modules/cjs/loader:1311:10)
    at Module.load (node:internal/modules/cjs/loader:1115:32)
    at Module._load (node:internal/modules/cjs/loader:962:12)
    at Function.executeUserEntryPoint [as runMain] (node:internal/modules/run_main:83:12) {
  code: 'MODULE_NOT_FOUND',
  requireStack: [
    '/Users/nitsancohen/.bvm/versions/0.2.29/bit-0.2.29/node_modules/@teambit/legacy/bin/bit.js'
  ]
}

Node.js v20.3.1

    at checkExecSyncError (node:child_process:885:11)
    at Object.execSync (node:child_process:957:15)
    at CommandHelper.runCmd (src/e2e-helper/e2e-command-helper.ts:64:22)
    at ScopeHelper.initWorkspace (src/e2e-helper/e2e-scope-helper.ts:126:25)
    at ScopeHelper.reInitLocalScope (src/e2e-helper/e2e-scope-helper.ts:87:10)
    at ScopeHelper.setNewLocalAndRemoteScopes (src/e2e-helper/e2e-scope-helper.ts:141:10)
    at Context.<anonymous> (e2e/harmony/workspace-config.e2e.ts:15:26)
    at processImmediate (node:internal/timers:478:21)]]></failure>
    </testcase>
  </testsuite>
  <testsuite name="adding a non-existing component to a variant" timestamp="2023-08-21T21:40:54" tests="1" file="/Users/nitsancohen/coding/my-bit/bit/e2e/harmony/workspace-config.e2e.ts" time="0.0600" failures="1">
    <testcase name="workspace config (workspace.jsonc) adding a non-existing component to a variant &quot;before all&quot; hook for &quot;any command should throw a ComponentNotFound error with specific suggestions for the workspace.jsonc file&quot;" time="0.0600" classname="&quot;before all&quot; hook for &quot;any command should throw a ComponentNotFound error with specific suggestions for the workspace.jsonc file&quot;">
      <failure message="Command failed: bit init
node:internal/modules/cjs/loader:1075
  throw err;
  ^

Error: Cannot find module &apos;../node_modules/@teambit/bit/dist/app&apos;
Require stack:
- /Users/nitsancohen/.bvm/versions/0.2.29/bit-0.2.29/node_modules/@teambit/legacy/bin/bit.js
    at Module._resolveFilename (node:internal/modules/cjs/loader:1072:15)
    at Module._load (node:internal/modules/cjs/loader:925:27)
    at Module.require (node:internal/modules/cjs/loader:1139:19)
    at require (node:internal/modules/helpers:121:18)
    at Object.&lt;anonymous&gt; (/Users/nitsancohen/.bvm/versions/0.2.29/bit-0.2.29/node_modules/@teambit/legacy/bin/bit.js:3:1)
    at Module._compile (node:internal/modules/cjs/loader:1257:14)
    at Module._extensions..js (node:internal/modules/cjs/loader:1311:10)
    at Module.load (node:internal/modules/cjs/loader:1115:32)
    at Module._load (node:internal/modules/cjs/loader:962:12)
    at Function.executeUserEntryPoint [as runMain] (node:internal/modules/run_main:83:12) {
  code: &apos;MODULE_NOT_FOUND&apos;,
  requireStack: [
    &apos;/Users/nitsancohen/.bvm/versions/0.2.29/bit-0.2.29/node_modules/@teambit/legacy/bin/bit.js&apos;
  ]
}

Node.js v20.3.1
" type="Error"><![CDATA[Error: Command failed: bit init
node:internal/modules/cjs/loader:1075
  throw err;
  ^

Error: Cannot find module '../node_modules/@teambit/bit/dist/app'
Require stack:
- /Users/nitsancohen/.bvm/versions/0.2.29/bit-0.2.29/node_modules/@teambit/legacy/bin/bit.js
    at Module._resolveFilename (node:internal/modules/cjs/loader:1072:15)
    at Module._load (node:internal/modules/cjs/loader:925:27)
    at Module.require (node:internal/modules/cjs/loader:1139:19)
    at require (node:internal/modules/helpers:121:18)
    at Object.<anonymous> (/Users/nitsancohen/.bvm/versions/0.2.29/bit-0.2.29/node_modules/@teambit/legacy/bin/bit.js:3:1)
    at Module._compile (node:internal/modules/cjs/loader:1257:14)
    at Module._extensions..js (node:internal/modules/cjs/loader:1311:10)
    at Module.load (node:internal/modules/cjs/loader:1115:32)
    at Module._load (node:internal/modules/cjs/loader:962:12)
    at Function.executeUserEntryPoint [as runMain] (node:internal/modules/run_main:83:12) {
  code: 'MODULE_NOT_FOUND',
  requireStack: [
    '/Users/nitsancohen/.bvm/versions/0.2.29/bit-0.2.29/node_modules/@teambit/legacy/bin/bit.js'
  ]
}

Node.js v20.3.1

    at checkExecSyncError (node:child_process:885:11)
    at Object.execSync (node:child_process:957:15)
    at CommandHelper.runCmd (src/e2e-helper/e2e-command-helper.ts:64:22)
    at ScopeHelper.initWorkspace (src/e2e-helper/e2e-scope-helper.ts:126:25)
    at ScopeHelper.reInitLocalScope (src/e2e-helper/e2e-scope-helper.ts:87:10)
    at Context.<anonymous> (e2e/harmony/workspace-config.e2e.ts:26:26)
    at processImmediate (node:internal/timers:478:21)]]></failure>
    </testcase>
  </testsuite>
  <testsuite name="typescript" timestamp="2023-08-21T21:40:54" tests="0" file="/Users/nitsancohen/coding/my-bit/bit/e2e/typescript/typescript.e2e.3.ts" time="0.0000" failures="0">
  </testsuite>
  <testsuite name="react style =&gt; .tsx extension" timestamp="2023-08-21T21:40:54" tests="1" file="/Users/nitsancohen/coding/my-bit/bit/e2e/typescript/typescript.e2e.3.ts" time="0.0590" failures="1">
    <testcase name="typescript react style =&gt; .tsx extension &quot;before all&quot; hook for &quot;should be able to parse .tsx syntax successfully and recognize the dependencies&quot;" time="0.0590" classname="&quot;before all&quot; hook for &quot;should be able to parse .tsx syntax successfully and recognize the dependencies&quot;">
      <failure message="Command failed: bit init
node:internal/modules/cjs/loader:1075
  throw err;
  ^

Error: Cannot find module &apos;../node_modules/@teambit/bit/dist/app&apos;
Require stack:
- /Users/nitsancohen/.bvm/versions/0.2.29/bit-0.2.29/node_modules/@teambit/legacy/bin/bit.js
    at Module._resolveFilename (node:internal/modules/cjs/loader:1072:15)
    at Module._load (node:internal/modules/cjs/loader:925:27)
    at Module.require (node:internal/modules/cjs/loader:1139:19)
    at require (node:internal/modules/helpers:121:18)
    at Object.&lt;anonymous&gt; (/Users/nitsancohen/.bvm/versions/0.2.29/bit-0.2.29/node_modules/@teambit/legacy/bin/bit.js:3:1)
    at Module._compile (node:internal/modules/cjs/loader:1257:14)
    at Module._extensions..js (node:internal/modules/cjs/loader:1311:10)
    at Module.load (node:internal/modules/cjs/loader:1115:32)
    at Module._load (node:internal/modules/cjs/loader:962:12)
    at Function.executeUserEntryPoint [as runMain] (node:internal/modules/run_main:83:12) {
  code: &apos;MODULE_NOT_FOUND&apos;,
  requireStack: [
    &apos;/Users/nitsancohen/.bvm/versions/0.2.29/bit-0.2.29/node_modules/@teambit/legacy/bin/bit.js&apos;
  ]
}

Node.js v20.3.1
" type="Error"><![CDATA[Error: Command failed: bit init
node:internal/modules/cjs/loader:1075
  throw err;
  ^

Error: Cannot find module '../node_modules/@teambit/bit/dist/app'
Require stack:
- /Users/nitsancohen/.bvm/versions/0.2.29/bit-0.2.29/node_modules/@teambit/legacy/bin/bit.js
    at Module._resolveFilename (node:internal/modules/cjs/loader:1072:15)
    at Module._load (node:internal/modules/cjs/loader:925:27)
    at Module.require (node:internal/modules/cjs/loader:1139:19)
    at require (node:internal/modules/helpers:121:18)
    at Object.<anonymous> (/Users/nitsancohen/.bvm/versions/0.2.29/bit-0.2.29/node_modules/@teambit/legacy/bin/bit.js:3:1)
    at Module._compile (node:internal/modules/cjs/loader:1257:14)
    at Module._extensions..js (node:internal/modules/cjs/loader:1311:10)
    at Module.load (node:internal/modules/cjs/loader:1115:32)
    at Module._load (node:internal/modules/cjs/loader:962:12)
    at Function.executeUserEntryPoint [as runMain] (node:internal/modules/run_main:83:12) {
  code: 'MODULE_NOT_FOUND',
  requireStack: [
    '/Users/nitsancohen/.bvm/versions/0.2.29/bit-0.2.29/node_modules/@teambit/legacy/bin/bit.js'
  ]
}

Node.js v20.3.1

    at checkExecSyncError (node:child_process:885:11)
    at Object.execSync (node:child_process:957:15)
    at CommandHelper.runCmd (src/e2e-helper/e2e-command-helper.ts:64:22)
    at ScopeHelper.initWorkspace (src/e2e-helper/e2e-scope-helper.ts:126:25)
    at ScopeHelper.reInitLocalScope (src/e2e-helper/e2e-scope-helper.ts:87:10)
    at Context.<anonymous> (e2e/typescript/typescript.e2e.3.ts:23:28)
    at processImmediate (node:internal/timers:478:21)]]></failure>
    </testcase>
  </testsuite>
  <testsuite name="auto recognizing @types packages" timestamp="2023-08-21T21:40:54" tests="1" file="/Users/nitsancohen/coding/my-bit/bit/e2e/typescript/typescript.e2e.3.ts" time="0.0600" failures="1">
    <testcase name="typescript auto recognizing @types packages &quot;before all&quot; hook for &quot;should find the @types in the package.json file and automatically add it to the dependencies&quot;" time="0.0600" classname="&quot;before all&quot; hook for &quot;should find the @types in the package.json file and automatically add it to the dependencies&quot;">
      <failure message="Command failed: bit init
node:internal/modules/cjs/loader:1075
  throw err;
  ^

Error: Cannot find module &apos;../node_modules/@teambit/bit/dist/app&apos;
Require stack:
- /Users/nitsancohen/.bvm/versions/0.2.29/bit-0.2.29/node_modules/@teambit/legacy/bin/bit.js
    at Module._resolveFilename (node:internal/modules/cjs/loader:1072:15)
    at Module._load (node:internal/modules/cjs/loader:925:27)
    at Module.require (node:internal/modules/cjs/loader:1139:19)
    at require (node:internal/modules/helpers:121:18)
    at Object.&lt;anonymous&gt; (/Users/nitsancohen/.bvm/versions/0.2.29/bit-0.2.29/node_modules/@teambit/legacy/bin/bit.js:3:1)
    at Module._compile (node:internal/modules/cjs/loader:1257:14)
    at Module._extensions..js (node:internal/modules/cjs/loader:1311:10)
    at Module.load (node:internal/modules/cjs/loader:1115:32)
    at Module._load (node:internal/modules/cjs/loader:962:12)
    at Function.executeUserEntryPoint [as runMain] (node:internal/modules/run_main:83:12) {
  code: &apos;MODULE_NOT_FOUND&apos;,
  requireStack: [
    &apos;/Users/nitsancohen/.bvm/versions/0.2.29/bit-0.2.29/node_modules/@teambit/legacy/bin/bit.js&apos;
  ]
}

Node.js v20.3.1
" type="Error"><![CDATA[Error: Command failed: bit init
node:internal/modules/cjs/loader:1075
  throw err;
  ^

Error: Cannot find module '../node_modules/@teambit/bit/dist/app'
Require stack:
- /Users/nitsancohen/.bvm/versions/0.2.29/bit-0.2.29/node_modules/@teambit/legacy/bin/bit.js
    at Module._resolveFilename (node:internal/modules/cjs/loader:1072:15)
    at Module._load (node:internal/modules/cjs/loader:925:27)
    at Module.require (node:internal/modules/cjs/loader:1139:19)
    at require (node:internal/modules/helpers:121:18)
    at Object.<anonymous> (/Users/nitsancohen/.bvm/versions/0.2.29/bit-0.2.29/node_modules/@teambit/legacy/bin/bit.js:3:1)
    at Module._compile (node:internal/modules/cjs/loader:1257:14)
    at Module._extensions..js (node:internal/modules/cjs/loader:1311:10)
    at Module.load (node:internal/modules/cjs/loader:1115:32)
    at Module._load (node:internal/modules/cjs/loader:962:12)
    at Function.executeUserEntryPoint [as runMain] (node:internal/modules/run_main:83:12) {
  code: 'MODULE_NOT_FOUND',
  requireStack: [
    '/Users/nitsancohen/.bvm/versions/0.2.29/bit-0.2.29/node_modules/@teambit/legacy/bin/bit.js'
  ]
}

Node.js v20.3.1

    at checkExecSyncError (node:child_process:885:11)
    at Object.execSync (node:child_process:957:15)
    at CommandHelper.runCmd (src/e2e-helper/e2e-command-helper.ts:64:22)
    at ScopeHelper.initWorkspace (src/e2e-helper/e2e-scope-helper.ts:126:25)
    at ScopeHelper.reInitLocalScope (src/e2e-helper/e2e-scope-helper.ts:87:10)
    at Context.<anonymous> (e2e/typescript/typescript.e2e.3.ts:55:26)
    at processImmediate (node:internal/timers:478:21)]]></failure>
    </testcase>
  </testsuite>
  <testsuite name="write-tsconfig command" timestamp="2023-08-21T21:40:55" tests="0" file="/Users/nitsancohen/coding/my-bit/bit/e2e/typescript/write-tsconfig.e2e.ts" time="0.0000" failures="0">
  </testsuite>
  <testsuite name="multiple components, most using one env" timestamp="2023-08-21T21:40:55" tests="2" file="/Users/nitsancohen/coding/my-bit/bit/e2e/typescript/write-tsconfig.e2e.ts" time="0.0600" failures="1">
    <testcase name="write-tsconfig command multiple components, most using one env &quot;before all&quot; hook for &quot;should generate tsconfig.json file in the root-dir, and in the specific comp with the special env&quot;" time="0.0600" classname="&quot;before all&quot; hook for &quot;should generate tsconfig.json file in the root-dir, and in the specific comp with the special env&quot;">
      <failure message="Command failed: bit init
node:internal/modules/cjs/loader:1075
  throw err;
  ^

Error: Cannot find module &apos;../node_modules/@teambit/bit/dist/app&apos;
Require stack:
- /Users/nitsancohen/.bvm/versions/0.2.29/bit-0.2.29/node_modules/@teambit/legacy/bin/bit.js
    at Module._resolveFilename (node:internal/modules/cjs/loader:1072:15)
    at Module._load (node:internal/modules/cjs/loader:925:27)
    at Module.require (node:internal/modules/cjs/loader:1139:19)
    at require (node:internal/modules/helpers:121:18)
    at Object.&lt;anonymous&gt; (/Users/nitsancohen/.bvm/versions/0.2.29/bit-0.2.29/node_modules/@teambit/legacy/bin/bit.js:3:1)
    at Module._compile (node:internal/modules/cjs/loader:1257:14)
    at Module._extensions..js (node:internal/modules/cjs/loader:1311:10)
    at Module.load (node:internal/modules/cjs/loader:1115:32)
    at Module._load (node:internal/modules/cjs/loader:962:12)
    at Function.executeUserEntryPoint [as runMain] (node:internal/modules/run_main:83:12) {
  code: &apos;MODULE_NOT_FOUND&apos;,
  requireStack: [
    &apos;/Users/nitsancohen/.bvm/versions/0.2.29/bit-0.2.29/node_modules/@teambit/legacy/bin/bit.js&apos;
  ]
}

Node.js v20.3.1
" type="Error"><![CDATA[Error: Command failed: bit init
node:internal/modules/cjs/loader:1075
  throw err;
  ^

Error: Cannot find module '../node_modules/@teambit/bit/dist/app'
Require stack:
- /Users/nitsancohen/.bvm/versions/0.2.29/bit-0.2.29/node_modules/@teambit/legacy/bin/bit.js
    at Module._resolveFilename (node:internal/modules/cjs/loader:1072:15)
    at Module._load (node:internal/modules/cjs/loader:925:27)
    at Module.require (node:internal/modules/cjs/loader:1139:19)
    at require (node:internal/modules/helpers:121:18)
    at Object.<anonymous> (/Users/nitsancohen/.bvm/versions/0.2.29/bit-0.2.29/node_modules/@teambit/legacy/bin/bit.js:3:1)
    at Module._compile (node:internal/modules/cjs/loader:1257:14)
    at Module._extensions..js (node:internal/modules/cjs/loader:1311:10)
    at Module.load (node:internal/modules/cjs/loader:1115:32)
    at Module._load (node:internal/modules/cjs/loader:962:12)
    at Function.executeUserEntryPoint [as runMain] (node:internal/modules/run_main:83:12) {
  code: 'MODULE_NOT_FOUND',
  requireStack: [
    '/Users/nitsancohen/.bvm/versions/0.2.29/bit-0.2.29/node_modules/@teambit/legacy/bin/bit.js'
  ]
}

Node.js v20.3.1

    at checkExecSyncError (node:child_process:885:11)
    at Object.execSync (node:child_process:957:15)
    at CommandHelper.runCmd (src/e2e-helper/e2e-command-helper.ts:64:22)
    at ScopeHelper.initWorkspace (src/e2e-helper/e2e-scope-helper.ts:126:25)
    at ScopeHelper.reInitLocalScope (src/e2e-helper/e2e-scope-helper.ts:87:10)
    at ScopeHelper.setNewLocalAndRemoteScopes (src/e2e-helper/e2e-scope-helper.ts:141:10)
    at Context.<anonymous> (e2e/typescript/write-tsconfig.e2e.ts:18:26)
    at processImmediate (node:internal/timers:478:21)]]></failure>
    </testcase>
  </testsuite>
  <testsuite name="various components with various envs when multiple envs are using the same tsconfig.json file" timestamp="2023-08-21T21:40:55" tests="1" file="/Users/nitsancohen/coding/my-bit/bit/e2e/typescript/write-tsconfig.e2e.ts" time="0.0590" failures="1">
    <testcase name="write-tsconfig command various components with various envs when multiple envs are using the same tsconfig.json file &quot;before all&quot; hook for &quot;should group the envs with the same tsconfig&quot;" time="0.0590" classname="&quot;before all&quot; hook for &quot;should group the envs with the same tsconfig&quot;">
      <failure message="Command failed: bit init
node:internal/modules/cjs/loader:1075
  throw err;
  ^

Error: Cannot find module &apos;../node_modules/@teambit/bit/dist/app&apos;
Require stack:
- /Users/nitsancohen/.bvm/versions/0.2.29/bit-0.2.29/node_modules/@teambit/legacy/bin/bit.js
    at Module._resolveFilename (node:internal/modules/cjs/loader:1072:15)
    at Module._load (node:internal/modules/cjs/loader:925:27)
    at Module.require (node:internal/modules/cjs/loader:1139:19)
    at require (node:internal/modules/helpers:121:18)
    at Object.&lt;anonymous&gt; (/Users/nitsancohen/.bvm/versions/0.2.29/bit-0.2.29/node_modules/@teambit/legacy/bin/bit.js:3:1)
    at Module._compile (node:internal/modules/cjs/loader:1257:14)
    at Module._extensions..js (node:internal/modules/cjs/loader:1311:10)
    at Module.load (node:internal/modules/cjs/loader:1115:32)
    at Module._load (node:internal/modules/cjs/loader:962:12)
    at Function.executeUserEntryPoint [as runMain] (node:internal/modules/run_main:83:12) {
  code: &apos;MODULE_NOT_FOUND&apos;,
  requireStack: [
    &apos;/Users/nitsancohen/.bvm/versions/0.2.29/bit-0.2.29/node_modules/@teambit/legacy/bin/bit.js&apos;
  ]
}

Node.js v20.3.1
" type="Error"><![CDATA[Error: Command failed: bit init
node:internal/modules/cjs/loader:1075
  throw err;
  ^

Error: Cannot find module '../node_modules/@teambit/bit/dist/app'
Require stack:
- /Users/nitsancohen/.bvm/versions/0.2.29/bit-0.2.29/node_modules/@teambit/legacy/bin/bit.js
    at Module._resolveFilename (node:internal/modules/cjs/loader:1072:15)
    at Module._load (node:internal/modules/cjs/loader:925:27)
    at Module.require (node:internal/modules/cjs/loader:1139:19)
    at require (node:internal/modules/helpers:121:18)
    at Object.<anonymous> (/Users/nitsancohen/.bvm/versions/0.2.29/bit-0.2.29/node_modules/@teambit/legacy/bin/bit.js:3:1)
    at Module._compile (node:internal/modules/cjs/loader:1257:14)
    at Module._extensions..js (node:internal/modules/cjs/loader:1311:10)
    at Module.load (node:internal/modules/cjs/loader:1115:32)
    at Module._load (node:internal/modules/cjs/loader:962:12)
    at Function.executeUserEntryPoint [as runMain] (node:internal/modules/run_main:83:12) {
  code: 'MODULE_NOT_FOUND',
  requireStack: [
    '/Users/nitsancohen/.bvm/versions/0.2.29/bit-0.2.29/node_modules/@teambit/legacy/bin/bit.js'
  ]
}

Node.js v20.3.1

    at checkExecSyncError (node:child_process:885:11)
    at Object.execSync (node:child_process:957:15)
    at CommandHelper.runCmd (src/e2e-helper/e2e-command-helper.ts:64:22)
    at ScopeHelper.initWorkspace (src/e2e-helper/e2e-scope-helper.ts:126:25)
    at ScopeHelper.reInitLocalScope (src/e2e-helper/e2e-scope-helper.ts:87:10)
    at ScopeHelper.setNewLocalAndRemoteScopes (src/e2e-helper/e2e-scope-helper.ts:141:10)
    at Context.<anonymous> (e2e/typescript/write-tsconfig.e2e.ts:36:26)
    at processImmediate (node:internal/timers:478:21)]]></failure>
    </testcase>
  </testsuite>
  <testsuite name="adding tsconfig.json manually in an inner directory" timestamp="2023-08-21T21:40:55" tests="1" file="/Users/nitsancohen/coding/my-bit/bit/e2e/typescript/write-tsconfig.e2e.ts" time="0.0600" failures="1">
    <testcase name="write-tsconfig command adding tsconfig.json manually in an inner directory &quot;before all&quot; hook for &quot;should not be ignored&quot;" time="0.0600" classname="&quot;before all&quot; hook for &quot;should not be ignored&quot;">
      <failure message="Command failed: bit init
node:internal/modules/cjs/loader:1075
  throw err;
  ^

Error: Cannot find module &apos;../node_modules/@teambit/bit/dist/app&apos;
Require stack:
- /Users/nitsancohen/.bvm/versions/0.2.29/bit-0.2.29/node_modules/@teambit/legacy/bin/bit.js
    at Module._resolveFilename (node:internal/modules/cjs/loader:1072:15)
    at Module._load (node:internal/modules/cjs/loader:925:27)
    at Module.require (node:internal/modules/cjs/loader:1139:19)
    at require (node:internal/modules/helpers:121:18)
    at Object.&lt;anonymous&gt; (/Users/nitsancohen/.bvm/versions/0.2.29/bit-0.2.29/node_modules/@teambit/legacy/bin/bit.js:3:1)
    at Module._compile (node:internal/modules/cjs/loader:1257:14)
    at Module._extensions..js (node:internal/modules/cjs/loader:1311:10)
    at Module.load (node:internal/modules/cjs/loader:1115:32)
    at Module._load (node:internal/modules/cjs/loader:962:12)
    at Function.executeUserEntryPoint [as runMain] (node:internal/modules/run_main:83:12) {
  code: &apos;MODULE_NOT_FOUND&apos;,
  requireStack: [
    &apos;/Users/nitsancohen/.bvm/versions/0.2.29/bit-0.2.29/node_modules/@teambit/legacy/bin/bit.js&apos;
  ]
}

Node.js v20.3.1
" type="Error"><![CDATA[Error: Command failed: bit init
node:internal/modules/cjs/loader:1075
  throw err;
  ^

Error: Cannot find module '../node_modules/@teambit/bit/dist/app'
Require stack:
- /Users/nitsancohen/.bvm/versions/0.2.29/bit-0.2.29/node_modules/@teambit/legacy/bin/bit.js
    at Module._resolveFilename (node:internal/modules/cjs/loader:1072:15)
    at Module._load (node:internal/modules/cjs/loader:925:27)
    at Module.require (node:internal/modules/cjs/loader:1139:19)
    at require (node:internal/modules/helpers:121:18)
    at Object.<anonymous> (/Users/nitsancohen/.bvm/versions/0.2.29/bit-0.2.29/node_modules/@teambit/legacy/bin/bit.js:3:1)
    at Module._compile (node:internal/modules/cjs/loader:1257:14)
    at Module._extensions..js (node:internal/modules/cjs/loader:1311:10)
    at Module.load (node:internal/modules/cjs/loader:1115:32)
    at Module._load (node:internal/modules/cjs/loader:962:12)
    at Function.executeUserEntryPoint [as runMain] (node:internal/modules/run_main:83:12) {
  code: 'MODULE_NOT_FOUND',
  requireStack: [
    '/Users/nitsancohen/.bvm/versions/0.2.29/bit-0.2.29/node_modules/@teambit/legacy/bin/bit.js'
  ]
}

Node.js v20.3.1

    at checkExecSyncError (node:child_process:885:11)
    at Object.execSync (node:child_process:957:15)
    at CommandHelper.runCmd (src/e2e-helper/e2e-command-helper.ts:64:22)
    at ScopeHelper.initWorkspace (src/e2e-helper/e2e-scope-helper.ts:126:25)
    at ScopeHelper.reInitLocalScope (src/e2e-helper/e2e-scope-helper.ts:87:10)
    at Context.<anonymous> (e2e/typescript/write-tsconfig.e2e.ts:56:26)
    at processImmediate (node:internal/timers:478:21)]]></failure>
    </testcase>
  </testsuite>
</testsuites>